presolving:
(round 1, fast)       0 del vars, 1 del conss, 0 add conss, 0 chg bounds, 0 chg sides, 0 chg coeffs, 0 upgd conss, 0 impls, 188 clqs
   (0.0s) running MILP presolver
   (0.0s) MILP presolver (2 rounds): 0 aggregations, 21 fixings, 0 bound changes
(round 2, medium)     21 del vars, 1 del conss, 0 add conss, 0 chg bounds, 0 chg sides, 0 chg coeffs, 0 upgd conss, 0 impls, 188 clqs
(round 3, exhaustive) 21 del vars, 3 del conss, 0 add conss, 0 chg bounds, 2 chg sides, 0 chg coeffs, 0 upgd conss, 0 impls, 188 clqs
(round 4, exhaustive) 21 del vars, 3 del conss, 0 add conss, 0 chg bounds, 2 chg sides, 0 chg coeffs, 186 upgd conss, 0 impls, 188 clqs
(round 5, medium)     59 del vars, 3 del conss, 0 add conss, 0 chg bounds, 2 chg sides, 38 chg coeffs, 186 upgd conss, 0 impls, 188 clqs
(round 6, fast)       74 del vars, 5 del conss, 0 add conss, 0 chg bounds, 2 chg sides, 38 chg coeffs, 186 upgd conss, 0 impls, 186 clqs
(round 7, exhaustive) 74 del vars, 9 del conss, 0 add conss, 0 chg bounds, 2 chg sides, 38 chg coeffs, 186 upgd conss, 0 impls, 186 clqs
   (0.0s) probing: 51/426 (12.0%) - 0 fixings, 0 aggregations, 0 implications, 0 bound changes
   (0.0s) probing aborted: 50/50 successive totally useless probings
   (0.0s) symmetry computation started: requiring (bin +, int +, cont +), (fixed: bin -, int -, cont -)
   (0.0s) no symmetry present (symcode time: 0.00)
presolving (8 rounds: 8 fast, 6 medium, 4 exhaustive):
 74 deleted vars, 9 deleted constraints, 0 added constraints, 0 tightened bounds, 0 added holes, 2 changed sides, 38 changed coefficients
 0 implications, 186 cliques
presolved problem has 426 variables (426 bin, 0 int, 0 impl, 0 cont) and 180 constraints
    180 constraints of type <setppc>
Presolving Time: 0.01

 time | node  | left  |LP iter|LP it/n|mem/heur|mdpt |vars |cons |rows |cuts |sepa|confs|strbr|  dualbound   | primalbound  |  gap   | compl. 
  0.1s|     1 |     0 |  1744 |     - |  5460k |   0 | 426 | 180 | 180 |   0 |  0 |   0 |   0 | 8.226657e+03 |      --      |    Inf | unknown
  0.1s|     1 |     0 |  1779 |     - |    19M |   0 | 426 | 180 | 182 |   2 |  1 |   0 |   0 | 8.189517e+03 |      --      |    Inf | unknown
  0.2s|     1 |     0 |  1793 |     - |    26M |   0 | 426 | 180 | 183 |   3 |  2 |   0 |   0 | 8.187630e+03 |      --      |    Inf | unknown
  0.2s|     1 |     0 |  1813 |     - |    33M |   0 | 426 | 180 | 186 |   6 |  3 |   0 |   0 | 8.180513e+03 |      --      |    Inf | unknown
  0.2s|     1 |     0 |  1849 |     - |    38M |   0 | 426 | 180 | 189 |   9 |  4 |   0 |   0 | 8.173693e+03 |      --      |    Inf | unknown
  0.3s|     1 |     0 |  1875 |     - |    41M |   0 | 426 | 180 | 191 |  11 |  5 |   0 |   0 | 8.171246e+03 |      --      |    Inf | unknown
  0.3s|     1 |     0 |  1900 |     - |    46M |   0 | 426 | 180 | 194 |  14 |  6 |   0 |   0 | 8.168927e+03 |      --      |    Inf | unknown
  0.3s|     1 |     0 |  1925 |     - |    54M |   0 | 426 | 180 | 195 |  15 |  7 |   0 |   0 | 8.166639e+03 |      --      |    Inf | unknown
  0.4s|     1 |     0 |  1962 |     - |    56M |   0 | 426 | 180 | 198 |  18 |  8 |   0 |   0 | 8.161242e+03 |      --      |    Inf | unknown
  0.4s|     1 |     0 |  2020 |     - |    64M |   0 | 426 | 180 | 202 |  22 |  9 |   0 |   0 | 8.145356e+03 |      --      |    Inf | unknown
  0.5s|     1 |     0 |  2037 |     - |    69M |   0 | 426 | 180 | 204 |  24 | 10 |   0 |   0 | 8.143056e+03 |      --      |    Inf | unknown
  0.5s|     1 |     0 |  2074 |     - |    69M |   0 | 426 | 180 | 209 |  29 | 11 |   0 |   0 | 8.139766e+03 |      --      |    Inf | unknown
  0.5s|     1 |     0 |  2086 |     - |    69M |   0 | 426 | 180 | 210 |  30 | 12 |   0 |   0 | 8.138925e+03 |      --      |    Inf | unknown
  0.5s|     1 |     0 |  2108 |     - |    69M |   0 | 426 | 180 | 212 |  32 | 13 |   0 |   0 | 8.137157e+03 |      --      |    Inf | unknown
  0.5s|     1 |     0 |  2133 |     - |    70M |   0 | 426 | 180 | 215 |  35 | 14 |   0 |   0 | 8.136271e+03 |      --      |    Inf | unknown
 time | node  | left  |LP iter|LP it/n|mem/heur|mdpt |vars |cons |rows |cuts |sepa|confs|strbr|  dualbound   | primalbound  |  gap   | compl. 
  0.6s|     1 |     0 |  2157 |     - |    70M |   0 | 426 | 180 | 219 |  39 | 15 |   0 |   0 | 8.135307e+03 |      --      |    Inf | unknown
  0.6s|     1 |     0 |  2189 |     - |    70M |   0 | 426 | 180 | 222 |  42 | 16 |   0 |   0 | 8.134652e+03 |      --      |    Inf | unknown
  0.6s|     1 |     0 |  2210 |     - |    70M |   0 | 426 | 180 | 223 |  44 | 17 |   0 |   0 | 8.133903e+03 |      --      |    Inf | unknown
  0.6s|     1 |     0 |  2233 |     - |    72M |   0 | 426 | 180 | 226 |  47 | 18 |   0 |   0 | 8.133111e+03 |      --      |    Inf | unknown
  0.6s|     1 |     0 |  2260 |     - |    71M |   0 | 426 | 180 | 227 |  48 | 19 |   0 |   0 | 8.132608e+03 |      --      |    Inf | unknown
  0.7s|     1 |     0 |  2317 |     - |    71M |   0 | 426 | 180 | 231 |  52 | 20 |   0 |   0 | 8.129709e+03 |      --      |    Inf | unknown
  0.7s|     1 |     0 |  2321 |     - |    71M |   0 | 426 | 180 | 232 |  53 | 21 |   0 |   0 | 8.129670e+03 |      --      |    Inf | unknown
  0.7s|     1 |     0 |  2340 |     - |    71M |   0 | 426 | 180 | 235 |  56 | 22 |   0 |   0 | 8.128930e+03 |      --      |    Inf | unknown
  0.7s|     1 |     0 |  2348 |     - |    71M |   0 | 426 | 180 | 231 |  58 | 23 |   0 |   0 | 8.128780e+03 |      --      |    Inf | unknown
  0.7s|     1 |     0 |  2375 |     - |    71M |   0 | 426 | 180 | 234 |  61 | 24 |   0 |   0 | 8.127863e+03 |      --      |    Inf | unknown
  0.8s|     1 |     0 |  2382 |     - |    71M |   0 | 426 | 180 | 237 |  64 | 25 |   0 |   0 | 8.127755e+03 |      --      |    Inf | unknown
  0.8s|     1 |     0 |  2387 |     - |    71M |   0 | 426 | 180 | 238 |  65 | 26 |   0 |   0 | 8.127740e+03 |      --      |    Inf | unknown
  0.8s|     1 |     0 |  2390 |     - |    71M |   0 | 426 | 180 | 239 |  66 | 27 |   0 |   0 | 8.127739e+03 |      --      |    Inf | unknown
  0.8s|     1 |     0 |  2398 |     - |    71M |   0 | 426 | 180 | 244 |  71 | 28 |   0 |   0 | 8.127722e+03 |      --      |    Inf | unknown
  0.8s|     1 |     0 |  2401 |     - |    71M |   0 | 426 | 180 | 238 |  72 | 29 |   0 |   0 | 8.127708e+03 |      --      |    Inf | unknown
 time | node  | left  |LP iter|LP it/n|mem/heur|mdpt |vars |cons |rows |cuts |sepa|confs|strbr|  dualbound   | primalbound  |  gap   | compl. 
  0.8s|     1 |     0 |  2404 |     - |    71M |   0 | 426 | 180 | 240 |  74 | 30 |   0 |   0 | 8.127692e+03 |      --      |    Inf | unknown
d 0.9s|     1 |     0 |  2404 |     - |coefdivi|   0 | 426 | 180 | 240 |   0 | 31 |   0 |   0 | 8.127692e+03 | 3.234399e+03 | 151.29%| unknown
d 0.9s|     1 |     0 |  2612 |     - |coefdivi|   0 | 426 | 180 | 240 |   0 | 31 |   0 |   0 | 8.127692e+03 | 4.363391e+03 |  86.27%| unknown
d 0.9s|     1 |     0 |  2670 |     - |coefdivi|   0 | 426 | 180 | 240 |   0 | 31 |   0 |   0 | 8.127692e+03 | 5.501981e+03 |  47.72%| unknown
d 0.9s|     1 |     0 |  2683 |     - |coefdivi|   0 | 426 | 180 | 240 |   0 | 31 |   0 |   0 | 8.127692e+03 | 7.912320e+03 |   2.72%| unknown
  0.9s|     1 |     0 |  2683 |     - |    72M |   0 | 426 | 180 | 240 |  74 | 31 |   0 |   0 | 8.127692e+03 | 7.912320e+03 |   2.72%| unknown
  0.9s|     1 |     0 |  2683 |     - |    72M |   0 | 426 | 180 | 240 |  74 | 31 |   0 |   0 | 8.127692e+03 | 7.912320e+03 |   2.72%| unknown
  1.1s|     1 |     2 |  2683 |     - |    72M |   0 | 426 | 180 | 240 |  74 | 32 |   0 |  27 | 8.107248e+03 | 7.912320e+03 |   2.46%| unknown
(run 1, node 1) restarting after 38 global fixings of integer variables

(restart) converted 60 cuts from the global cut pool into linear constraints

presolving:
(round 1, fast)       38 del vars, 0 del conss, 0 add conss, 0 chg bounds, 0 chg sides, 0 chg coeffs, 0 upgd conss, 0 impls, 221 clqs
   (1.2s) running MILP presolver
   (1.2s) MILP presolver found nothing
(round 2, exhaustive) 38 del vars, 4 del conss, 0 add conss, 0 chg bounds, 0 chg sides, 0 chg coeffs, 0 upgd conss, 0 impls, 221 clqs
(round 3, exhaustive) 38 del vars, 4 del conss, 0 add conss, 0 chg bounds, 0 chg sides, 0 chg coeffs, 47 upgd conss, 0 impls, 221 clqs
(round 4, exhaustive) 38 del vars, 4 del conss, 0 add conss, 0 chg bounds, 0 chg sides, 1 chg coeffs, 47 upgd conss, 0 impls, 221 clqs
(round 5, exhaustive) 38 del vars, 5 del conss, 0 add conss, 0 chg bounds, 0 chg sides, 1 chg coeffs, 47 upgd conss, 0 impls, 221 clqs
presolving (6 rounds: 6 fast, 5 medium, 5 exhaustive):
 38 deleted vars, 5 deleted constraints, 0 added constraints, 0 tightened bounds, 0 added holes, 0 changed sides, 1 changed coefficients
 0 implications, 221 cliques
presolved problem has 388 variables (388 bin, 0 int, 0 impl, 0 cont) and 235 constraints
     12 constraints of type <knapsack>
    210 constraints of type <setppc>
     13 constraints of type <linear>
Presolving Time: 0.03
transformed 31/31 original solutions to the transformed problem space

 time | node  | left  |LP iter|LP it/n|mem/heur|mdpt |vars |cons |rows |cuts |sepa|confs|strbr|  dualbound   | primalbound  |  gap   | compl. 
  1.2s|     1 |     0 |  4127 |     - |    65M |   0 | 388 | 235 | 235 |   0 |  0 |   0 |  27 | 8.107248e+03 | 7.912320e+03 |   2.46%| unknown
  1.3s|     1 |     0 |  4216 |     - |    65M |   0 | 388 | 235 | 236 |   1 |  1 |   0 |  27 | 8.107248e+03 | 7.912320e+03 |   2.46%| unknown
  1.4s|     1 |     0 |  4392 |     - |    68M |   0 | 388 | 235 | 237 |   2 |  2 |   0 |  27 | 8.107248e+03 | 7.912320e+03 |   2.46%| unknown
  1.4s|     1 |     0 |  4426 |     - |    69M |   0 | 388 | 235 | 238 |   3 |  3 |   0 |  27 | 8.107248e+03 | 7.912320e+03 |   2.46%| unknown
  1.5s|     1 |     0 |  4475 |     - |    70M |   0 | 388 | 235 | 240 |   5 |  4 |   0 |  27 | 8.107248e+03 | 7.912320e+03 |   2.46%| unknown
  1.5s|     1 |     0 |  4475 |     - |    70M |   0 | 388 | 235 | 240 |   5 |  4 |   0 |  27 | 8.107248e+03 | 7.912320e+03 |   2.46%| unknown
  1.5s|     1 |     0 |  4519 |     - |    70M |   0 | 388 | 235 | 242 |   7 |  5 |   0 |  27 | 8.107248e+03 | 7.912320e+03 |   2.46%| unknown
  1.6s|     1 |     0 |  4555 |     - |    71M |   0 | 388 | 235 | 243 |   8 |  6 |   0 |  27 | 8.107248e+03 | 7.912320e+03 |   2.46%| unknown
  1.7s|     1 |     0 |  4569 |     - |    75M |   0 | 388 | 235 | 244 |   9 |  7 |   0 |  27 | 8.107248e+03 | 7.912320e+03 |   2.46%| unknown
  1.7s|     1 |     0 |  4623 |     - |    76M |   0 | 388 | 235 | 245 |  10 |  8 |   0 |  27 | 8.107248e+03 | 7.912320e+03 |   2.46%| unknown
  1.8s|     1 |     0 |  4674 |     - |    84M |   0 | 388 | 235 | 247 |  12 |  9 |   0 |  27 | 8.107248e+03 | 7.912320e+03 |   2.46%| unknown
  1.9s|     1 |     0 |  4702 |     - |    92M |   0 | 388 | 235 | 248 |  13 | 10 |   0 |  27 | 8.107248e+03 | 7.912320e+03 |   2.46%| unknown
  1.9s|     1 |     0 |  4702 |     - |    92M |   0 | 388 | 235 | 248 |  13 | 10 |   0 |  27 | 8.107248e+03 | 7.912320e+03 |   2.46%| unknown
  1.9s|     1 |     0 |  4725 |     - |    92M |   0 | 388 | 235 | 250 |  15 | 11 |   0 |  27 | 8.107248e+03 | 7.912320e+03 |   2.46%| unknown
  1.9s|     1 |     0 |  4744 |     - |    92M |   0 | 388 | 235 | 252 |  17 | 12 |   0 |  27 | 8.107248e+03 | 7.912320e+03 |   2.46%| unknown
 time | node  | left  |LP iter|LP it/n|mem/heur|mdpt |vars |cons |rows |cuts |sepa|confs|strbr|  dualbound   | primalbound  |  gap   | compl. 
  2.0s|     1 |     0 |  4759 |     - |    93M |   0 | 388 | 235 | 234 |  18 | 13 |   0 |  27 | 8.107248e+03 | 7.912320e+03 |   2.46%| unknown
  2.0s|     1 |     0 |  4767 |     - |    93M |   0 | 388 | 235 | 235 |  19 | 14 |   0 |  27 | 8.107248e+03 | 7.912320e+03 |   2.46%| unknown
  2.0s|     1 |     0 |  4795 |     - |    94M |   0 | 388 | 235 | 237 |  21 | 15 |   0 |  27 | 8.107248e+03 | 7.912320e+03 |   2.46%| unknown
  2.0s|     1 |     0 |  4816 |     - |    94M |   0 | 388 | 235 | 239 |  23 | 16 |   0 |  27 | 8.107248e+03 | 7.912320e+03 |   2.46%| unknown
  2.0s|     1 |     0 |  4829 |     - |    94M |   0 | 388 | 235 | 240 |  24 | 17 |   0 |  27 | 8.107248e+03 | 7.912320e+03 |   2.46%| unknown
  2.1s|     1 |     0 |  4841 |     - |    94M |   0 | 388 | 235 | 241 |  25 | 18 |   0 |  27 | 8.107248e+03 | 7.912320e+03 |   2.46%| unknown
  2.1s|     1 |     0 |  4854 |     - |    94M |   0 | 388 | 235 | 231 |  26 | 19 |   0 |  27 | 8.107248e+03 | 7.912320e+03 |   2.46%| unknown
  2.4s|     1 |     2 |  5161 |     - |    94M |   0 | 388 | 235 | 231 |  26 | 19 |   0 |  48 | 8.101147e+03 | 7.912320e+03 |   2.39%| unknown
* 2.6s|     6 |     5 |  5462 | 147.8 |    LP  |   5 | 388 | 240 | 210 |  26 |  3 |   5 | 140 | 8.098624e+03 | 7.922007e+03 |   2.23%| unknown
* 2.8s|     8 |     3 |  5641 | 133.2 |strongbr|   5 | 388 | 244 | 210 |  26 |  2 |   9 | 185 | 8.098624e+03 | 7.967845e+03 |   1.64%|  12.69%

SCIP Status        : problem is solved [optimal solution found]
Solving Time (sec) : 3.64
Solving Nodes      : 17 (total of 18 nodes in 2 runs)
Primal Bound       : +7.96784511434699e+03 (182 solutions)
Dual Bound         : +7.96784511434699e+03
Gap                : 0.00 %
