presolving:
   (0.0s) running MILP presolver
   (0.0s) MILP presolver (2 rounds): 0 aggregations, 10 fixings, 0 bound changes
(round 1, medium)     10 del vars, 0 del conss, 0 add conss, 0 chg bounds, 0 chg sides, 0 chg coeffs, 0 upgd conss, 0 impls, 192 clqs
(round 2, exhaustive) 10 del vars, 2 del conss, 0 add conss, 0 chg bounds, 2 chg sides, 0 chg coeffs, 0 upgd conss, 0 impls, 192 clqs
(round 3, exhaustive) 10 del vars, 2 del conss, 0 add conss, 0 chg bounds, 2 chg sides, 0 chg coeffs, 190 upgd conss, 0 impls, 192 clqs
(round 4, medium)     48 del vars, 2 del conss, 0 add conss, 0 chg bounds, 2 chg sides, 38 chg coeffs, 190 upgd conss, 0 impls, 192 clqs
(round 5, fast)       61 del vars, 3 del conss, 0 add conss, 0 chg bounds, 2 chg sides, 38 chg coeffs, 190 upgd conss, 0 impls, 191 clqs
(round 6, exhaustive) 61 del vars, 4 del conss, 0 add conss, 0 chg bounds, 2 chg sides, 38 chg coeffs, 190 upgd conss, 0 impls, 191 clqs
(round 7, exhaustive) 62 del vars, 4 del conss, 0 add conss, 0 chg bounds, 2 chg sides, 38 chg coeffs, 190 upgd conss, 0 impls, 190 clqs
   (0.0s) probing: 51/438 (11.6%) - 0 fixings, 0 aggregations, 0 implications, 0 bound changes
   (0.0s) probing aborted: 50/50 successive totally useless probings
   (0.0s) symmetry computation started: requiring (bin +, int +, cont +), (fixed: bin -, int -, cont -)
   (0.0s) no symmetry present (symcode time: 0.00)
presolving (8 rounds: 8 fast, 7 medium, 5 exhaustive):
 62 deleted vars, 4 deleted constraints, 0 added constraints, 0 tightened bounds, 0 added holes, 2 changed sides, 38 changed coefficients
 0 implications, 190 cliques
presolved problem has 438 variables (438 bin, 0 int, 0 impl, 0 cont) and 188 constraints
    188 constraints of type <setppc>
Presolving Time: 0.01

 time | node  | left  |LP iter|LP it/n|mem/heur|mdpt |vars |cons |rows |cuts |sepa|confs|strbr|  dualbound   | primalbound  |  gap   | compl. 
  0.1s|     1 |     0 |  1304 |     - |  5450k |   0 | 438 | 188 | 188 |   0 |  0 |   0 |   0 | 7.860569e+03 |      --      |    Inf | unknown
  0.1s|     1 |     0 |  1342 |     - |    13M |   0 | 438 | 188 | 190 |   2 |  1 |   0 |   0 | 7.848021e+03 |      --      |    Inf | unknown
  0.2s|     1 |     0 |  1372 |     - |    19M |   0 | 438 | 188 | 191 |   3 |  2 |   0 |   0 | 7.835963e+03 |      --      |    Inf | unknown
  0.2s|     1 |     0 |  1397 |     - |    27M |   0 | 438 | 188 | 193 |   5 |  3 |   0 |   0 | 7.831711e+03 |      --      |    Inf | unknown
  0.2s|     1 |     0 |  1437 |     - |    31M |   0 | 438 | 188 | 196 |   8 |  4 |   0 |   0 | 7.828336e+03 |      --      |    Inf | unknown
  0.3s|     1 |     0 |  1484 |     - |    35M |   0 | 438 | 188 | 200 |  12 |  5 |   0 |   0 | 7.824944e+03 |      --      |    Inf | unknown
  0.3s|     1 |     0 |  1522 |     - |    39M |   0 | 438 | 188 | 204 |  16 |  6 |   0 |   0 | 7.820361e+03 |      --      |    Inf | unknown
  0.4s|     1 |     0 |  1549 |     - |    43M |   0 | 438 | 188 | 205 |  17 |  7 |   0 |   0 | 7.819382e+03 |      --      |    Inf | unknown
  0.4s|     1 |     0 |  1568 |     - |    47M |   0 | 438 | 188 | 208 |  20 |  8 |   0 |   0 | 7.818897e+03 |      --      |    Inf | unknown
  0.4s|     1 |     0 |  1597 |     - |    55M |   0 | 438 | 188 | 210 |  22 |  9 |   0 |   0 | 7.818176e+03 |      --      |    Inf | unknown
  0.5s|     1 |     0 |  1627 |     - |    57M |   0 | 438 | 188 | 211 |  23 | 10 |   0 |   0 | 7.817577e+03 |      --      |    Inf | unknown
  0.5s|     1 |     0 |  1676 |     - |    57M |   0 | 438 | 188 | 213 |  25 | 11 |   0 |   0 | 7.816766e+03 |      --      |    Inf | unknown
  0.5s|     1 |     0 |  1711 |     - |    57M |   0 | 438 | 188 | 215 |  27 | 12 |   0 |   0 | 7.815556e+03 |      --      |    Inf | unknown
  0.5s|     1 |     0 |  1731 |     - |    57M |   0 | 438 | 188 | 216 |  28 | 13 |   0 |   0 | 7.814949e+03 |      --      |    Inf | unknown
  0.6s|     1 |     0 |  1755 |     - |    57M |   0 | 438 | 188 | 218 |  30 | 14 |   0 |   0 | 7.814517e+03 |      --      |    Inf | unknown
 time | node  | left  |LP iter|LP it/n|mem/heur|mdpt |vars |cons |rows |cuts |sepa|confs|strbr|  dualbound   | primalbound  |  gap   | compl. 
  0.6s|     1 |     0 |  1775 |     - |    57M |   0 | 438 | 188 | 219 |  31 | 15 |   0 |   0 | 7.813999e+03 |      --      |    Inf | unknown
  0.6s|     1 |     0 |  1829 |     - |    57M |   0 | 438 | 188 | 220 |  32 | 16 |   0 |   0 | 7.813498e+03 |      --      |    Inf | unknown
  0.6s|     1 |     0 |  1849 |     - |    57M |   0 | 438 | 188 | 222 |  34 | 17 |   0 |   0 | 7.813200e+03 |      --      |    Inf | unknown
  0.6s|     1 |     0 |  1852 |     - |    57M |   0 | 438 | 188 | 223 |  35 | 18 |   0 |   0 | 7.813198e+03 |      --      |    Inf | unknown
  0.6s|     1 |     0 |  1855 |     - |    57M |   0 | 438 | 188 | 224 |  36 | 19 |   0 |   0 | 7.813197e+03 |      --      |    Inf | unknown
  0.7s|     1 |     0 |  1872 |     - |    57M |   0 | 438 | 188 | 225 |  37 | 20 |   0 |   0 | 7.812943e+03 |      --      |    Inf | unknown
  0.7s|     1 |     0 |  1884 |     - |    57M |   0 | 438 | 188 | 226 |  38 | 21 |   0 |   0 | 7.812903e+03 |      --      |    Inf | unknown
  0.7s|     1 |     0 |  1888 |     - |    57M |   0 | 438 | 188 | 227 |  39 | 22 |   0 |   0 | 7.812854e+03 |      --      |    Inf | unknown
  0.7s|     1 |     0 |  1898 |     - |    57M |   0 | 438 | 188 | 224 |  40 | 23 |   0 |   0 | 7.812786e+03 |      --      |    Inf | unknown
  0.7s|     1 |     0 |  1926 |     - |    57M |   0 | 438 | 188 | 227 |  43 | 24 |   0 |   0 | 7.812287e+03 |      --      |    Inf | unknown
  0.7s|     1 |     0 |  1927 |     - |    57M |   0 | 438 | 188 | 228 |  44 | 25 |   0 |   0 | 7.812285e+03 |      --      |    Inf | unknown
  0.8s|     1 |     0 |  1930 |     - |    57M |   0 | 438 | 188 | 229 |  45 | 26 |   0 |   0 | 7.812279e+03 |      --      |    Inf | unknown
  0.8s|     1 |     0 |  1932 |     - |    57M |   0 | 438 | 188 | 230 |  46 | 27 |   0 |   0 | 7.812273e+03 |      --      |    Inf | unknown
  0.8s|     1 |     0 |  1935 |     - |    57M |   0 | 438 | 188 | 231 |  47 | 28 |   0 |   0 | 7.812270e+03 |      --      |    Inf | unknown
  0.8s|     1 |     0 |  1939 |     - |    57M |   0 | 438 | 188 | 224 |  48 | 29 |   0 |   0 | 7.812268e+03 |      --      |    Inf | unknown
 time | node  | left  |LP iter|LP it/n|mem/heur|mdpt |vars |cons |rows |cuts |sepa|confs|strbr|  dualbound   | primalbound  |  gap   | compl. 
  0.9s|     1 |     0 |  1942 |     - |    57M |   0 | 438 | 188 | 225 |  49 | 30 |   0 |   0 | 7.812257e+03 |      --      |    Inf | unknown
  0.9s|     1 |     0 |  1944 |     - |    57M |   0 | 438 | 188 | 226 |  50 | 31 |   0 |   0 | 7.812256e+03 |      --      |    Inf | unknown
  0.9s|     1 |     0 |  1987 |     - |    57M |   0 | 438 | 188 | 232 |  56 | 32 |   0 |   0 | 7.811651e+03 |      --      |    Inf | unknown
  0.9s|     1 |     0 |  1988 |     - |    57M |   0 | 438 | 188 | 233 |  57 | 33 |   0 |   0 | 7.811651e+03 |      --      |    Inf | unknown
  0.9s|     1 |     0 |  2005 |     - |    57M |   0 | 438 | 188 | 238 |  62 | 34 |   0 |   0 | 7.811463e+03 |      --      |    Inf | unknown
  1.0s|     1 |     0 |  2007 |     - |    57M |   0 | 438 | 188 | 236 |  63 | 35 |   0 |   0 | 7.811462e+03 |      --      |    Inf | unknown
  1.0s|     1 |     0 |  2039 |     - |    57M |   0 | 438 | 188 | 243 |  70 | 36 |   0 |   0 | 7.811307e+03 |      --      |    Inf | unknown
  1.0s|     1 |     0 |  2044 |     - |    57M |   0 | 438 | 188 | 245 |  72 | 37 |   0 |   0 | 7.811301e+03 |      --      |    Inf | unknown
  1.0s|     1 |     0 |  2048 |     - |    57M |   0 | 438 | 188 | 246 |  73 | 38 |   0 |   0 | 7.811298e+03 |      --      |    Inf | unknown
d 1.1s|     1 |     0 |  2048 |     - |coefdivi|   0 | 438 | 188 | 246 |   0 | 39 |   0 |   0 | 7.811298e+03 | 2.874344e+03 | 171.76%| unknown
d 1.1s|     1 |     0 |  2170 |     - |coefdivi|   0 | 438 | 188 | 246 |   0 | 39 |   0 |   0 | 7.811298e+03 | 7.754008e+03 |   0.74%| unknown
  1.1s|     1 |     0 |  2170 |     - |    57M |   0 | 438 | 188 | 246 |  73 | 39 |   0 |   0 | 7.811298e+03 | 7.754008e+03 |   0.74%| unknown
  1.1s|     1 |     0 |  2170 |     - |    57M |   0 | 438 | 188 | 217 |  73 | 39 |   0 |   0 | 7.811298e+03 | 7.754008e+03 |   0.74%| unknown
(run 1, node 1) restarting after 196 global fixings of integer variables

(restart) converted 58 cuts from the global cut pool into linear constraints

presolving:
(round 1, fast)       196 del vars, 0 del conss, 0 add conss, 0 chg bounds, 0 chg sides, 0 chg coeffs, 0 upgd conss, 0 impls, 190 clqs
   (1.1s) running MILP presolver
   (1.1s) MILP presolver found nothing
(round 2, medium)     197 del vars, 0 del conss, 0 add conss, 0 chg bounds, 0 chg sides, 1 chg coeffs, 0 upgd conss, 0 impls, 190 clqs
(round 3, exhaustive) 197 del vars, 13 del conss, 0 add conss, 0 chg bounds, 0 chg sides, 1 chg coeffs, 0 upgd conss, 0 impls, 190 clqs
(round 4, exhaustive) 197 del vars, 14 del conss, 0 add conss, 0 chg bounds, 1 chg sides, 1 chg coeffs, 0 upgd conss, 0 impls, 190 clqs
(round 5, exhaustive) 197 del vars, 14 del conss, 0 add conss, 0 chg bounds, 1 chg sides, 1 chg coeffs, 38 upgd conss, 0 impls, 190 clqs
(round 6, exhaustive) 197 del vars, 15 del conss, 0 add conss, 0 chg bounds, 1 chg sides, 1 chg coeffs, 38 upgd conss, 0 impls, 190 clqs
presolving (7 rounds: 7 fast, 6 medium, 5 exhaustive):
 197 deleted vars, 15 deleted constraints, 0 added constraints, 0 tightened bounds, 0 added holes, 1 changed sides, 1 changed coefficients
 0 implications, 190 cliques
presolved problem has 241 variables (241 bin, 0 int, 0 impl, 0 cont) and 202 constraints
     10 constraints of type <knapsack>
    173 constraints of type <setppc>
     19 constraints of type <linear>
Presolving Time: 0.02
transformed 2/2 original solutions to the transformed problem space

 time | node  | left  |LP iter|LP it/n|mem/heur|mdpt |vars |cons |rows |cuts |sepa|confs|strbr|  dualbound   | primalbound  |  gap   | compl. 
  1.2s|     1 |     0 |  3788 |     - |    52M |   0 | 241 | 202 | 202 |   0 |  0 |   0 |   0 | 7.811298e+03 | 7.754008e+03 |   0.74%| unknown
  1.2s|     1 |     0 |  3870 |     - |    52M |   0 | 241 | 202 | 203 |   1 |  1 |   0 |   0 | 7.809418e+03 | 7.754008e+03 |   0.71%| unknown
  1.2s|     1 |     0 |  3870 |     - |    52M |   0 | 241 | 202 | 203 |   1 |  1 |   0 |   0 | 7.809418e+03 | 7.754008e+03 |   0.71%| unknown
  1.2s|     1 |     0 |  3919 |     - |    54M |   0 | 241 | 202 | 205 |   3 |  2 |   0 |   0 | 7.808830e+03 | 7.754008e+03 |   0.71%| unknown
  1.3s|     1 |     0 |  3957 |     - |    54M |   0 | 241 | 202 | 207 |   5 |  3 |   0 |   0 | 7.808274e+03 | 7.754008e+03 |   0.70%| unknown
  1.3s|     1 |     0 |  4006 |     - |    54M |   0 | 241 | 202 | 208 |   6 |  4 |   0 |   0 | 7.808085e+03 | 7.754008e+03 |   0.70%| unknown
  1.4s|     1 |     0 |  4047 |     - |    56M |   0 | 241 | 202 | 209 |   7 |  5 |   0 |   0 | 7.807841e+03 | 7.754008e+03 |   0.69%| unknown
  1.4s|     1 |     0 |  4102 |     - |    56M |   0 | 241 | 202 | 211 |   9 |  6 |   0 |   0 | 7.807552e+03 | 7.754008e+03 |   0.69%| unknown
  1.4s|     1 |     0 |  4166 |     - |    57M |   0 | 241 | 202 | 212 |  10 |  7 |   0 |   0 | 7.807332e+03 | 7.754008e+03 |   0.69%| unknown
  1.5s|     1 |     0 |  4234 |     - |    57M |   0 | 241 | 202 | 213 |  11 |  8 |   0 |   0 | 7.807154e+03 | 7.754008e+03 |   0.69%| unknown
  1.5s|     1 |     0 |  4305 |     - |    59M |   0 | 241 | 202 | 216 |  14 |  9 |   0 |   0 | 7.806954e+03 | 7.754008e+03 |   0.68%| unknown
  1.5s|     1 |     0 |  4305 |     - |    59M |   0 | 241 | 202 | 216 |  14 |  9 |   0 |   0 | 7.806954e+03 | 7.754008e+03 |   0.68%| unknown
  1.6s|     1 |     0 |  4346 |     - |    66M |   0 | 241 | 202 | 218 |  16 | 10 |   0 |   0 | 7.806676e+03 | 7.754008e+03 |   0.68%| unknown
  1.6s|     1 |     0 |  4388 |     - |    66M |   0 | 241 | 202 | 219 |  17 | 11 |   0 |   0 | 7.806619e+03 | 7.754008e+03 |   0.68%| unknown
  1.6s|     1 |     0 |  4426 |     - |    66M |   0 | 241 | 202 | 221 |  19 | 12 |   0 |   0 | 7.806566e+03 | 7.754008e+03 |   0.68%| unknown
 time | node  | left  |LP iter|LP it/n|mem/heur|mdpt |vars |cons |rows |cuts |sepa|confs|strbr|  dualbound   | primalbound  |  gap   | compl. 
  1.6s|     1 |     0 |  4449 |     - |    66M |   0 | 241 | 202 | 206 |  20 | 13 |   0 |   0 | 7.806529e+03 | 7.754008e+03 |   0.68%| unknown
  2.0s|     1 |     0 |  4699 |     - |    66M |   0 | 241 | 202 | 206 |  20 | 13 |   1 |  38 | 7.801776e+03 | 7.754008e+03 |   0.62%| unknown
  2.0s|     1 |     0 |  4699 |     - |    66M |   0 | 241 | 202 | 206 |  20 | 13 |   1 |  38 | 7.801776e+03 | 7.754008e+03 |   0.62%| unknown
  2.0s|     1 |     0 |  4735 |     - |    66M |   0 | 241 | 202 | 211 |  25 | 14 |   1 |  38 | 7.801776e+03 | 7.754008e+03 |   0.62%| unknown
  2.0s|     1 |     0 |  4735 |     - |    66M |   0 | 241 | 202 | 211 |  25 | 14 |   1 |  38 | 7.801776e+03 | 7.754008e+03 |   0.62%| unknown
  2.0s|     1 |     0 |  4741 |     - |    66M |   0 | 241 | 202 | 214 |  28 | 15 |   1 |  38 | 7.801776e+03 | 7.754008e+03 |   0.62%| unknown
  2.0s|     1 |     0 |  4741 |     - |    66M |   0 | 241 | 202 | 214 |  28 | 15 |   1 |  38 | 7.801776e+03 | 7.754008e+03 |   0.62%| unknown
  2.1s|     1 |     0 |  4850 |     - |    66M |   0 | 241 | 202 | 214 |  28 | 15 |   5 |  52 | 7.785148e+03 | 7.754008e+03 |   0.40%| unknown
(run 2, node 1) restarting after 29 global fixings of integer variables

(restart) converted 28 cuts from the global cut pool into linear constraints

presolving:
(round 1, fast)       29 del vars, 1 del conss, 0 add conss, 0 chg bounds, 0 chg sides, 0 chg coeffs, 0 upgd conss, 0 impls, 193 clqs
(round 2, exhaustive) 29 del vars, 1 del conss, 0 add conss, 0 chg bounds, 0 chg sides, 1 chg coeffs, 0 upgd conss, 0 impls, 193 clqs
(round 3, exhaustive) 29 del vars, 10 del conss, 0 add conss, 0 chg bounds, 0 chg sides, 1 chg coeffs, 0 upgd conss, 0 impls, 193 clqs
(round 4, exhaustive) 29 del vars, 10 del conss, 0 add conss, 0 chg bounds, 0 chg sides, 1 chg coeffs, 16 upgd conss, 0 impls, 193 clqs
(round 5, exhaustive) 29 del vars, 10 del conss, 0 add conss, 0 chg bounds, 0 chg sides, 5 chg coeffs, 16 upgd conss, 0 impls, 193 clqs
(round 6, exhaustive) 29 del vars, 10 del conss, 0 add conss, 0 chg bounds, 0 chg sides, 8 chg coeffs, 16 upgd conss, 0 impls, 210 clqs
(round 7, exhaustive) 29 del vars, 12 del conss, 0 add conss, 0 chg bounds, 0 chg sides, 8 chg coeffs, 16 upgd conss, 0 impls, 210 clqs
presolving (8 rounds: 8 fast, 7 medium, 7 exhaustive):
 29 deleted vars, 12 deleted constraints, 0 added constraints, 0 tightened bounds, 0 added holes, 0 changed sides, 8 changed coefficients
 0 implications, 210 cliques
presolved problem has 212 variables (212 bin, 0 int, 0 impl, 0 cont) and 218 constraints
     15 constraints of type <knapsack>
    172 constraints of type <setppc>
     31 constraints of type <linear>
Presolving Time: 0.03
transformed 49/51 original solutions to the transformed problem space

 time | node  | left  |LP iter|LP it/n|mem/heur|mdpt |vars |cons |rows |cuts |sepa|confs|strbr|  dualbound   | primalbound  |  gap   | compl. 
  2.1s|     1 |     0 |  5992 |     - |    62M |   0 | 212 | 218 | 218 |   0 |  0 |   5 |  52 | 7.785148e+03 | 7.754008e+03 |   0.40%| unknown
  2.1s|     1 |     0 |  5992 |     - |    62M |   0 | 212 | 218 | 208 |   0 |  0 |   5 |  52 | 7.785148e+03 | 7.754008e+03 |   0.40%| unknown
  2.2s|     1 |     0 |  6028 |     - |    62M |   0 | 212 | 208 | 212 |   4 |  1 |   5 |  52 | 7.785148e+03 | 7.754008e+03 |   0.40%| unknown
  2.2s|     1 |     0 |  6028 |     - |    62M |   0 | 212 | 208 | 210 |   4 |  1 |   5 |  52 | 7.785148e+03 | 7.754008e+03 |   0.40%| unknown
  2.2s|     1 |     0 |  6082 |     - |    62M |   0 | 212 | 206 | 213 |   7 |  2 |   5 |  52 | 7.776784e+03 | 7.754008e+03 |   0.29%| unknown
  2.2s|     1 |     0 |  6082 |     - |    62M |   0 | 212 | 206 | 211 |   7 |  2 |   5 |  52 | 7.776784e+03 | 7.754008e+03 |   0.29%| unknown
  2.2s|     1 |     0 |  6110 |     - |    63M |   0 | 212 | 204 | 212 |   8 |  3 |   5 |  52 | 7.774074e+03 | 7.754008e+03 |   0.26%| unknown
  2.2s|     1 |     0 |  6110 |     - |    63M |   0 | 212 | 204 | 211 |   8 |  3 |   5 |  52 | 7.774074e+03 | 7.754008e+03 |   0.26%| unknown
  2.3s|     1 |     0 |  6146 |     - |    64M |   0 | 212 | 203 | 212 |   9 |  4 |   5 |  52 | 7.773214e+03 | 7.754008e+03 |   0.25%| unknown
  2.3s|     1 |     0 |  6146 |     - |    64M |   0 | 212 | 203 | 211 |   9 |  4 |   5 |  52 | 7.773214e+03 | 7.754008e+03 |   0.25%| unknown
  2.3s|     1 |     0 |  6165 |     - |    64M |   0 | 212 | 202 | 212 |  10 |  5 |   5 |  52 | 7.772977e+03 | 7.754008e+03 |   0.24%| unknown
  2.3s|     1 |     0 |  6165 |     - |    64M |   0 | 212 | 202 | 212 |  10 |  5 |   5 |  52 | 7.772977e+03 | 7.754008e+03 |   0.24%| unknown
  2.3s|     1 |     0 |  6187 |     - |    66M |   0 | 212 | 202 | 214 |  12 |  6 |   5 |  52 | 7.772832e+03 | 7.754008e+03 |   0.24%| unknown
  2.3s|     1 |     0 |  6187 |     - |    66M |   0 | 212 | 202 | 213 |  12 |  6 |   5 |  52 | 7.772832e+03 | 7.754008e+03 |   0.24%| unknown
  2.4s|     1 |     0 |  6194 |     - |    66M |   0 | 212 | 201 | 214 |  13 |  7 |   5 |  52 | 7.772660e+03 | 7.754008e+03 |   0.24%| unknown
 time | node  | left  |LP iter|LP it/n|mem/heur|mdpt |vars |cons |rows |cuts |sepa|confs|strbr|  dualbound   | primalbound  |  gap   | compl. 
  2.4s|     1 |     0 |  6228 |     - |    66M |   0 | 212 | 201 | 216 |  15 |  8 |   5 |  52 | 7.771637e+03 | 7.754008e+03 |   0.23%| unknown
  2.4s|     1 |     0 |  6228 |     - |    66M |   0 | 212 | 201 | 216 |  15 |  8 |   5 |  52 | 7.771637e+03 | 7.754008e+03 |   0.23%| unknown
  2.4s|     1 |     0 |  6242 |     - |    66M |   0 | 212 | 201 | 218 |  17 |  9 |   5 |  52 | 7.771428e+03 | 7.754008e+03 |   0.22%| unknown
  2.5s|     1 |     0 |  6300 |     - |    67M |   0 | 212 | 201 | 219 |  18 | 10 |   5 |  52 | 7.770563e+03 | 7.754008e+03 |   0.21%| unknown
  2.5s|     1 |     0 |  6340 |     - |    67M |   0 | 212 | 201 | 167 |  19 | 11 |   5 |  52 | 7.770393e+03 | 7.754008e+03 |   0.21%| unknown
  2.5s|     1 |     0 |  6371 |     - |    67M |   0 | 212 | 201 | 168 |  20 | 12 |   5 |  52 | 7.770289e+03 | 7.754008e+03 |   0.21%| unknown
  2.5s|     1 |     0 |  6384 |     - |    67M |   0 | 212 | 201 | 170 |  22 | 13 |   5 |  52 | 7.770256e+03 | 7.754008e+03 |   0.21%| unknown
  2.5s|     1 |     0 |  6399 |     - |    67M |   0 | 212 | 201 | 171 |  23 | 14 |   5 |  52 | 7.770184e+03 | 7.754008e+03 |   0.21%| unknown
  2.5s|     1 |     0 |  6409 |     - |    67M |   0 | 212 | 201 | 173 |  25 | 15 |   5 |  52 | 7.770152e+03 | 7.754008e+03 |   0.21%| unknown
  2.5s|     1 |     0 |  6420 |     - |    67M |   0 | 212 | 201 | 176 |  28 | 16 |   5 |  52 | 7.770129e+03 | 7.754008e+03 |   0.21%| unknown
  2.5s|     1 |     0 |  6440 |     - |    67M |   0 | 212 | 201 | 172 |  30 | 17 |   5 |  52 | 7.770075e+03 | 7.754008e+03 |   0.21%| unknown
  2.5s|     1 |     0 |  6452 |     - |    67M |   0 | 212 | 201 | 173 |  31 | 18 |   5 |  52 | 7.770013e+03 | 7.754008e+03 |   0.21%| unknown
  2.5s|     1 |     0 |  6461 |     - |    67M |   0 | 212 | 201 | 174 |  32 | 19 |   5 |  52 | 7.769989e+03 | 7.754008e+03 |   0.21%| unknown
  2.5s|     1 |     0 |  6471 |     - |    67M |   0 | 212 | 201 | 175 |  33 | 20 |   5 |  52 | 7.769969e+03 | 7.754008e+03 |   0.21%| unknown
(run 3, node 1) restarting after 65 global fixings of integer variables

(restart) converted 31 cuts from the global cut pool into linear constraints

presolving:
(round 1, fast)       65 del vars, 2 del conss, 0 add conss, 0 chg bounds, 0 chg sides, 0 chg coeffs, 0 upgd conss, 0 impls, 176 clqs
   (2.6s) running MILP presolver
   (2.6s) MILP presolver (2 rounds): 0 aggregations, 1 fixings, 0 bound changes
(round 2, medium)     66 del vars, 3 del conss, 0 add conss, 0 chg bounds, 0 chg sides, 0 chg coeffs, 0 upgd conss, 0 impls, 175 clqs
(round 3, exhaustive) 66 del vars, 3 del conss, 0 add conss, 0 chg bounds, 0 chg sides, 2 chg coeffs, 0 upgd conss, 0 impls, 175 clqs
(round 4, exhaustive) 66 del vars, 3 del conss, 0 add conss, 0 chg bounds, 0 chg sides, 3 chg coeffs, 0 upgd conss, 0 impls, 175 clqs
(round 5, exhaustive) 66 del vars, 13 del conss, 0 add conss, 0 chg bounds, 0 chg sides, 3 chg coeffs, 0 upgd conss, 0 impls, 175 clqs
(round 6, exhaustive) 66 del vars, 13 del conss, 0 add conss, 0 chg bounds, 0 chg sides, 3 chg coeffs, 23 upgd conss, 0 impls, 175 clqs
(round 7, exhaustive) 66 del vars, 17 del conss, 0 add conss, 0 chg bounds, 0 chg sides, 3 chg coeffs, 23 upgd conss, 0 impls, 175 clqs
presolving (8 rounds: 8 fast, 7 medium, 6 exhaustive):
 66 deleted vars, 17 deleted constraints, 0 added constraints, 0 tightened bounds, 0 added holes, 0 changed sides, 3 changed coefficients
 0 implications, 175 cliques
presolved problem has 146 variables (146 bin, 0 int, 0 impl, 0 cont) and 215 constraints
     28 constraints of type <knapsack>
    148 constraints of type <setppc>
     39 constraints of type <linear>
Presolving Time: 0.04
transformed 49/51 original solutions to the transformed problem space

 time | node  | left  |LP iter|LP it/n|mem/heur|mdpt |vars |cons |rows |cuts |sepa|confs|strbr|  dualbound   | primalbound  |  gap   | compl. 
  2.6s|     1 |     0 |  7203 |     - |    67M |   0 | 146 | 215 | 215 |   0 |  0 |   6 |  52 | 7.769950e+03 | 7.754008e+03 |   0.21%| unknown
  2.6s|     1 |     0 |  7203 |     - |    67M |   0 | 146 | 215 | 215 |   0 |  0 |   6 |  52 | 7.769950e+03 | 7.754008e+03 |   0.21%| unknown
  2.6s|     1 |     0 |  7225 |     - |    67M |   0 | 146 | 215 | 216 |   1 |  1 |   6 |  52 | 7.769631e+03 | 7.754008e+03 |   0.20%| unknown
  2.7s|     1 |     0 |  7266 |     - |    67M |   0 | 146 | 215 | 217 |   2 |  2 |   6 |  52 | 7.769282e+03 | 7.754008e+03 |   0.20%| unknown
  2.7s|     1 |     0 |  7308 |     - |    67M |   0 | 146 | 215 | 218 |   3 |  3 |   6 |  52 | 7.768771e+03 | 7.754008e+03 |   0.19%| unknown
  2.7s|     1 |     0 |  7335 |     - |    67M |   0 | 146 | 215 | 219 |   4 |  4 |   6 |  52 | 7.768524e+03 | 7.754008e+03 |   0.19%| unknown
  2.7s|     1 |     0 |  7345 |     - |    67M |   0 | 146 | 215 | 220 |   5 |  5 |   6 |  52 | 7.768505e+03 | 7.754008e+03 |   0.19%| unknown
  2.8s|     1 |     0 |  7367 |     - |    68M |   0 | 146 | 215 | 221 |   6 |  6 |   6 |  52 | 7.768373e+03 | 7.754008e+03 |   0.19%| unknown
  2.8s|     1 |     0 |  7383 |     - |    68M |   0 | 146 | 215 | 223 |   8 |  7 |   6 |  52 | 7.768343e+03 | 7.754008e+03 |   0.18%| unknown
  2.8s|     1 |     0 |  7436 |     - |    68M |   0 | 146 | 215 | 224 |   9 |  8 |   6 |  52 | 7.768187e+03 | 7.754008e+03 |   0.18%| unknown
  2.9s|     1 |     0 |  7470 |     - |    68M |   0 | 146 | 215 | 226 |  11 |  9 |   6 |  52 | 7.768148e+03 | 7.754008e+03 |   0.18%| unknown
  2.9s|     1 |     0 |  7491 |     - |    73M |   0 | 146 | 215 | 227 |  12 | 10 |   6 |  52 | 7.768121e+03 | 7.754008e+03 |   0.18%| unknown
  2.9s|     1 |     0 |  7500 |     - |    73M |   0 | 146 | 215 | 169 |  13 | 11 |   6 |  52 | 7.768111e+03 | 7.754008e+03 |   0.18%| unknown
  2.9s|     1 |     0 |  7503 |     - |    73M |   0 | 146 | 215 | 170 |  14 | 12 |   6 |  52 | 7.768111e+03 | 7.754008e+03 |   0.18%| unknown
  3.0s|     1 |     0 |  7513 |     - |    73M |   0 | 146 | 215 | 171 |  15 | 13 |   6 |  52 | 7.768104e+03 | 7.754008e+03 |   0.18%| unknown
 time | node  | left  |LP iter|LP it/n|mem/heur|mdpt |vars |cons |rows |cuts |sepa|confs|strbr|  dualbound   | primalbound  |  gap   | compl. 
* 3.0s|     1 |     0 |  7585 |     - |strongbr|   0 | 146 | 215 | 171 |  15 | 13 |   8 |  54 | 7.768103e+03 | 7.766757e+03 |   0.02%| unknown
  3.0s|     1 |     0 |  7662 |     - |    73M |   0 | 146 | 215 | 171 |  15 | 13 |  40 |  57 | 7.766757e+03 | 7.766757e+03 |   0.00%| unknown

SCIP Status        : problem is solved [optimal solution found]
Solving Time (sec) : 2.98
Solving Nodes      : 1 (total of 4 nodes in 4 runs)
Primal Bound       : +7.76675742708696e+03 (53 solutions)
Dual Bound         : +7.76675742708696e+03
Gap                : 0.00 %
