presolving:
(round 1, fast)       0 del vars, 2 del conss, 0 add conss, 0 chg bounds, 0 chg sides, 0 chg coeffs, 0 upgd conss, 0 impls, 189 clqs
   (0.0s) running MILP presolver
   (0.0s) MILP presolver (2 rounds): 0 aggregations, 22 fixings, 0 bound changes
(round 2, medium)     22 del vars, 2 del conss, 0 add conss, 0 chg bounds, 0 chg sides, 0 chg coeffs, 0 upgd conss, 0 impls, 187 clqs
(round 3, fast)       23 del vars, 5 del conss, 0 add conss, 0 chg bounds, 0 chg sides, 0 chg coeffs, 0 upgd conss, 0 impls, 186 clqs
(round 4, exhaustive) 23 del vars, 6 del conss, 0 add conss, 0 chg bounds, 1 chg sides, 0 chg coeffs, 0 upgd conss, 0 impls, 186 clqs
(round 5, exhaustive) 23 del vars, 6 del conss, 0 add conss, 0 chg bounds, 1 chg sides, 0 chg coeffs, 185 upgd conss, 0 impls, 186 clqs
(round 6, medium)     58 del vars, 6 del conss, 0 add conss, 0 chg bounds, 1 chg sides, 35 chg coeffs, 185 upgd conss, 0 impls, 186 clqs
(round 7, fast)       78 del vars, 7 del conss, 0 add conss, 0 chg bounds, 1 chg sides, 35 chg coeffs, 185 upgd conss, 0 impls, 185 clqs
(round 8, exhaustive) 78 del vars, 8 del conss, 0 add conss, 0 chg bounds, 1 chg sides, 35 chg coeffs, 185 upgd conss, 0 impls, 185 clqs
   (0.0s) probing: 51/422 (12.1%) - 0 fixings, 0 aggregations, 0 implications, 0 bound changes
   (0.0s) probing aborted: 50/50 successive totally useless probings
   (0.0s) symmetry computation started: requiring (bin +, int +, cont +), (fixed: bin -, int -, cont -)
   (0.0s) no symmetry present (symcode time: 0.00)
presolving (9 rounds: 9 fast, 6 medium, 4 exhaustive):
 78 deleted vars, 8 deleted constraints, 0 added constraints, 0 tightened bounds, 0 added holes, 1 changed sides, 35 changed coefficients
 0 implications, 185 cliques
presolved problem has 422 variables (422 bin, 0 int, 0 impl, 0 cont) and 183 constraints
    183 constraints of type <setppc>
Presolving Time: 0.01

 time | node  | left  |LP iter|LP it/n|mem/heur|mdpt |vars |cons |rows |cuts |sepa|confs|strbr|  dualbound   | primalbound  |  gap   | compl. 
  0.0s|     1 |     0 |  1269 |     - |  5439k |   0 | 422 | 183 | 183 |   0 |  0 |   0 |   0 | 7.931409e+03 |      --      |    Inf | unknown
  0.1s|     1 |     0 |  1312 |     - |    19M |   0 | 422 | 183 | 186 |   3 |  1 |   0 |   0 | 7.902643e+03 |      --      |    Inf | unknown
  0.1s|     1 |     0 |  1403 |     - |    27M |   0 | 422 | 183 | 188 |   5 |  2 |   0 |   0 | 7.887344e+03 |      --      |    Inf | unknown
  0.2s|     1 |     0 |  1466 |     - |    33M |   0 | 422 | 183 | 191 |   8 |  3 |   0 |   0 | 7.867991e+03 |      --      |    Inf | unknown
  0.2s|     1 |     0 |  1496 |     - |    45M |   0 | 422 | 183 | 195 |  12 |  4 |   0 |   0 | 7.858649e+03 |      --      |    Inf | unknown
  0.3s|     1 |     0 |  1528 |     - |    52M |   0 | 422 | 183 | 196 |  13 |  5 |   0 |   0 | 7.853853e+03 |      --      |    Inf | unknown
  0.3s|     1 |     0 |  1547 |     - |    58M |   0 | 422 | 183 | 197 |  14 |  6 |   0 |   0 | 7.852325e+03 |      --      |    Inf | unknown
  0.4s|     1 |     0 |  1590 |     - |    64M |   0 | 422 | 183 | 199 |  16 |  7 |   0 |   0 | 7.848050e+03 |      --      |    Inf | unknown
  0.4s|     1 |     0 |  1616 |     - |    71M |   0 | 422 | 183 | 200 |  17 |  8 |   0 |   0 | 7.846496e+03 |      --      |    Inf | unknown
  0.5s|     1 |     0 |  1662 |     - |    75M |   0 | 422 | 183 | 202 |  19 |  9 |   0 |   0 | 7.844106e+03 |      --      |    Inf | unknown
  0.5s|     1 |     0 |  1691 |     - |    79M |   0 | 422 | 183 | 205 |  22 | 10 |   0 |   0 | 7.843068e+03 |      --      |    Inf | unknown
  0.5s|     1 |     0 |  1713 |     - |    80M |   0 | 422 | 183 | 207 |  24 | 11 |   0 |   0 | 7.842816e+03 |      --      |    Inf | unknown
  0.5s|     1 |     0 |  1743 |     - |    80M |   0 | 422 | 183 | 210 |  27 | 12 |   0 |   0 | 7.842346e+03 |      --      |    Inf | unknown
  0.5s|     1 |     0 |  1763 |     - |    83M |   0 | 422 | 183 | 211 |  28 | 13 |   0 |   0 | 7.841537e+03 |      --      |    Inf | unknown
  0.6s|     1 |     0 |  1783 |     - |    83M |   0 | 422 | 183 | 212 |  29 | 14 |   0 |   0 | 7.841023e+03 |      --      |    Inf | unknown
 time | node  | left  |LP iter|LP it/n|mem/heur|mdpt |vars |cons |rows |cuts |sepa|confs|strbr|  dualbound   | primalbound  |  gap   | compl. 
  0.6s|     1 |     0 |  1800 |     - |    83M |   0 | 422 | 183 | 213 |  30 | 15 |   0 |   0 | 7.840805e+03 |      --      |    Inf | unknown
  0.6s|     1 |     0 |  1813 |     - |    83M |   0 | 422 | 183 | 214 |  31 | 16 |   0 |   0 | 7.840660e+03 |      --      |    Inf | unknown
  0.6s|     1 |     0 |  1832 |     - |    83M |   0 | 422 | 183 | 214 |  33 | 17 |   0 |   0 | 7.840459e+03 |      --      |    Inf | unknown
  0.6s|     1 |     0 |  1854 |     - |    83M |   0 | 422 | 183 | 217 |  36 | 18 |   0 |   0 | 7.840111e+03 |      --      |    Inf | unknown
  0.7s|     1 |     0 |  1873 |     - |    83M |   0 | 422 | 183 | 219 |  38 | 19 |   0 |   0 | 7.839922e+03 |      --      |    Inf | unknown
  0.7s|     1 |     0 |  1897 |     - |    83M |   0 | 422 | 183 | 220 |  39 | 20 |   0 |   0 | 7.839403e+03 |      --      |    Inf | unknown
  0.7s|     1 |     0 |  1915 |     - |    83M |   0 | 422 | 183 | 221 |  40 | 21 |   0 |   0 | 7.839152e+03 |      --      |    Inf | unknown
  0.7s|     1 |     0 |  1925 |     - |    83M |   0 | 422 | 183 | 222 |  41 | 22 |   0 |   0 | 7.838994e+03 |      --      |    Inf | unknown
  0.7s|     1 |     0 |  1932 |     - |    83M |   0 | 422 | 183 | 223 |  43 | 23 |   0 |   0 | 7.838918e+03 |      --      |    Inf | unknown
  0.7s|     1 |     0 |  1941 |     - |    83M |   0 | 422 | 183 | 224 |  44 | 24 |   0 |   0 | 7.838825e+03 |      --      |    Inf | unknown
  0.8s|     1 |     0 |  1943 |     - |    83M |   0 | 422 | 183 | 225 |  45 | 25 |   0 |   0 | 7.838814e+03 |      --      |    Inf | unknown
  0.8s|     1 |     0 |  1952 |     - |    83M |   0 | 422 | 183 | 227 |  47 | 26 |   0 |   0 | 7.838767e+03 |      --      |    Inf | unknown
  0.8s|     1 |     0 |  1959 |     - |    83M |   0 | 422 | 183 | 228 |  48 | 27 |   0 |   0 | 7.838693e+03 |      --      |    Inf | unknown
  0.8s|     1 |     0 |  1962 |     - |    83M |   0 | 422 | 183 | 229 |  49 | 28 |   0 |   0 | 7.838684e+03 |      --      |    Inf | unknown
  0.9s|     1 |     0 |  1966 |     - |    83M |   0 | 422 | 183 | 226 |  50 | 29 |   0 |   0 | 7.838671e+03 |      --      |    Inf | unknown
 time | node  | left  |LP iter|LP it/n|mem/heur|mdpt |vars |cons |rows |cuts |sepa|confs|strbr|  dualbound   | primalbound  |  gap   | compl. 
  0.9s|     1 |     0 |  1971 |     - |    83M |   0 | 422 | 183 | 227 |  51 | 30 |   0 |   0 | 7.838645e+03 |      --      |    Inf | unknown
d 0.9s|     1 |     0 |  1971 |     - |linesear|   0 | 422 | 183 | 227 |   0 | 30 |   0 |   0 | 7.838645e+03 | 2.822115e+03 | 177.76%| unknown
d 0.9s|     1 |     0 |  2074 |     - |linesear|   0 | 422 | 183 | 227 |   0 | 30 |   0 |   0 | 7.838645e+03 | 3.522810e+03 | 122.51%| unknown
d 0.9s|     1 |     0 |  2145 |     - |linesear|   0 | 422 | 183 | 227 |   0 | 30 |   0 |   0 | 7.838645e+03 | 4.218221e+03 |  85.83%| unknown
d 0.9s|     1 |     0 |  2183 |     - |linesear|   0 | 422 | 183 | 227 |   0 | 30 |   0 |   0 | 7.838645e+03 | 5.068052e+03 |  54.67%| unknown
d 0.9s|     1 |     0 |  2205 |     - |linesear|   0 | 422 | 183 | 227 |   0 | 30 |   0 |   0 | 7.838645e+03 | 6.498466e+03 |  20.62%| unknown
d 0.9s|     1 |     0 |  2207 |     - |linesear|   0 | 422 | 183 | 227 |   0 | 30 |   0 |   0 | 7.838645e+03 | 7.648959e+03 |   2.48%| unknown
  0.9s|     1 |     0 |  2207 |     - |    83M |   0 | 422 | 183 | 227 |  51 | 30 |   0 |   0 | 7.838645e+03 | 7.648959e+03 |   2.48%| unknown
  0.9s|     1 |     0 |  2207 |     - |    83M |   0 | 422 | 183 | 226 |  51 | 30 |   0 |   0 | 7.838645e+03 | 7.648959e+03 |   2.48%| unknown
  0.9s|     1 |     0 |  2232 |     - |    83M |   0 | 422 | 182 | 228 |  53 | 31 |   0 |   0 | 7.838483e+03 | 7.648959e+03 |   2.48%| unknown
  0.9s|     1 |     0 |  2250 |     - |    83M |   0 | 422 | 182 | 230 |  55 | 32 |   0 |   0 | 7.838348e+03 | 7.648959e+03 |   2.48%| unknown
(run 1, node 1) restarting after 48 global fixings of integer variables

(restart) converted 48 cuts from the global cut pool into linear constraints

presolving:
(round 1, fast)       48 del vars, 0 del conss, 0 add conss, 0 chg bounds, 0 chg sides, 0 chg coeffs, 0 upgd conss, 0 impls, 205 clqs
   (1.0s) running MILP presolver
   (1.0s) MILP presolver found nothing
(round 2, exhaustive) 48 del vars, 9 del conss, 0 add conss, 0 chg bounds, 0 chg sides, 0 chg coeffs, 0 upgd conss, 0 impls, 205 clqs
(round 3, exhaustive) 48 del vars, 9 del conss, 0 add conss, 0 chg bounds, 0 chg sides, 0 chg coeffs, 24 upgd conss, 0 impls, 205 clqs
presolving (4 rounds: 4 fast, 3 medium, 3 exhaustive):
 48 deleted vars, 9 deleted constraints, 0 added constraints, 0 tightened bounds, 0 added holes, 0 changed sides, 0 changed coefficients
 0 implications, 205 cliques
presolved problem has 374 variables (374 bin, 0 int, 0 impl, 0 cont) and 221 constraints
      3 constraints of type <knapsack>
    194 constraints of type <setppc>
     24 constraints of type <linear>
Presolving Time: 0.02
transformed 6/6 original solutions to the transformed problem space

 time | node  | left  |LP iter|LP it/n|mem/heur|mdpt |vars |cons |rows |cuts |sepa|confs|strbr|  dualbound   | primalbound  |  gap   | compl. 
  1.0s|     1 |     0 |  3776 |     - |    73M |   0 | 374 | 221 | 221 |   0 |  0 |   0 |   0 | 7.838348e+03 | 7.648959e+03 |   2.48%| unknown
  1.1s|     1 |     0 |  3843 |     - |    73M |   0 | 374 | 221 | 222 |   1 |  1 |   0 |   0 | 7.837780e+03 | 7.648959e+03 |   2.47%| unknown
  1.2s|     1 |     0 |  3895 |     - |    73M |   0 | 374 | 221 | 223 |   2 |  2 |   0 |   0 | 7.836566e+03 | 7.648959e+03 |   2.45%| unknown
  1.2s|     1 |     0 |  3936 |     - |    75M |   0 | 374 | 221 | 225 |   4 |  3 |   0 |   0 | 7.835645e+03 | 7.648959e+03 |   2.44%| unknown
  1.3s|     1 |     0 |  3958 |     - |    75M |   0 | 374 | 221 | 227 |   6 |  4 |   0 |   0 | 7.835503e+03 | 7.648959e+03 |   2.44%| unknown
  1.4s|     1 |     0 |  4017 |     - |    78M |   0 | 374 | 221 | 228 |   7 |  5 |   0 |   0 | 7.834838e+03 | 7.648959e+03 |   2.43%| unknown
  1.4s|     1 |     0 |  4068 |     - |    77M |   0 | 374 | 221 | 229 |   8 |  6 |   0 |   0 | 7.834385e+03 | 7.648959e+03 |   2.42%| unknown
  1.5s|     1 |     0 |  4086 |     - |    78M |   0 | 374 | 221 | 230 |   9 |  7 |   0 |   0 | 7.834302e+03 | 7.648959e+03 |   2.42%| unknown
  1.6s|     1 |     0 |  4106 |     - |    77M |   0 | 374 | 221 | 231 |  10 |  8 |   0 |   0 | 7.834152e+03 | 7.648959e+03 |   2.42%| unknown
  1.6s|     1 |     0 |  4169 |     - |    78M |   0 | 374 | 221 | 233 |  12 |  9 |   0 |   0 | 7.833889e+03 | 7.648959e+03 |   2.42%| unknown
  1.7s|     1 |     0 |  4223 |     - |    78M |   0 | 374 | 221 | 235 |  14 | 10 |   0 |   0 | 7.833722e+03 | 7.648959e+03 |   2.42%| unknown
  1.7s|     1 |     0 |  4256 |     - |    78M |   0 | 374 | 221 | 237 |  16 | 11 |   0 |   0 | 7.833600e+03 | 7.648959e+03 |   2.41%| unknown
  1.8s|     1 |     0 |  4274 |     - |    78M |   0 | 374 | 221 | 239 |  18 | 12 |   0 |   0 | 7.833336e+03 | 7.648959e+03 |   2.41%| unknown
  1.8s|     1 |     0 |  4293 |     - |    78M |   0 | 374 | 221 | 240 |  19 | 13 |   0 |   0 | 7.833230e+03 | 7.648959e+03 |   2.41%| unknown
  1.8s|     1 |     0 |  4312 |     - |    78M |   0 | 374 | 221 | 241 |  20 | 14 |   0 |   0 | 7.833193e+03 | 7.648959e+03 |   2.41%| unknown
 time | node  | left  |LP iter|LP it/n|mem/heur|mdpt |vars |cons |rows |cuts |sepa|confs|strbr|  dualbound   | primalbound  |  gap   | compl. 
  1.9s|     1 |     0 |  4333 |     - |    78M |   0 | 374 | 221 | 224 |  21 | 15 |   0 |   0 | 7.833133e+03 | 7.648959e+03 |   2.41%| unknown
  2.2s|     1 |     2 |  4822 |     - |    78M |   0 | 374 | 225 | 224 |  21 | 15 |   4 |  27 | 7.824353e+03 | 7.648959e+03 |   2.29%| unknown
* 2.8s|     9 |     2 |  5880 | 198.1 |strongbr|   4 | 374 | 259 | 207 |  21 |  4 |  38 | 188 | 7.807836e+03 | 7.653646e+03 |   2.01%|  17.14%
* 3.3s|    12 |     1 |  6535 | 203.2 |strongbr|   4 | 374 | 294 | 207 |  21 |  1 |  76 | 335 | 7.770914e+03 | 7.667251e+03 |   1.35%|  65.28%

SCIP Status        : problem is solved [optimal solution found]
Solving Time (sec) : 3.40
Solving Nodes      : 13 (total of 14 nodes in 2 runs)
Primal Bound       : +7.66725110097685e+03 (184 solutions)
Dual Bound         : +7.66725110097685e+03
Gap                : 0.00 %
