presolving:
(round 1, fast)       0 del vars, 1 del conss, 0 add conss, 0 chg bounds, 0 chg sides, 0 chg coeffs, 0 upgd conss, 0 impls, 193 clqs
   (0.0s) running MILP presolver
   (0.0s) MILP presolver (2 rounds): 0 aggregations, 25 fixings, 0 bound changes
(round 2, medium)     25 del vars, 1 del conss, 0 add conss, 0 chg bounds, 0 chg sides, 0 chg coeffs, 0 upgd conss, 0 impls, 190 clqs
(round 3, fast)       25 del vars, 4 del conss, 0 add conss, 0 chg bounds, 0 chg sides, 0 chg coeffs, 0 upgd conss, 0 impls, 190 clqs
(round 4, exhaustive) 25 del vars, 9 del conss, 0 add conss, 0 chg bounds, 5 chg sides, 0 chg coeffs, 0 upgd conss, 0 impls, 190 clqs
(round 5, exhaustive) 25 del vars, 9 del conss, 0 add conss, 0 chg bounds, 5 chg sides, 0 chg coeffs, 185 upgd conss, 0 impls, 190 clqs
(round 6, medium)     66 del vars, 9 del conss, 0 add conss, 0 chg bounds, 5 chg sides, 41 chg coeffs, 185 upgd conss, 0 impls, 190 clqs
(round 7, fast)       93 del vars, 12 del conss, 0 add conss, 0 chg bounds, 5 chg sides, 41 chg coeffs, 185 upgd conss, 0 impls, 186 clqs
(round 8, exhaustive) 93 del vars, 19 del conss, 0 add conss, 0 chg bounds, 5 chg sides, 41 chg coeffs, 185 upgd conss, 0 impls, 186 clqs
   (0.0s) probing: 51/407 (12.5%) - 0 fixings, 0 aggregations, 0 implications, 0 bound changes
   (0.0s) probing aborted: 50/50 successive totally useless probings
   (0.0s) symmetry computation started: requiring (bin +, int +, cont +), (fixed: bin -, int -, cont -)
   (0.0s) no symmetry present (symcode time: 0.00)
presolving (9 rounds: 9 fast, 6 medium, 4 exhaustive):
 93 deleted vars, 19 deleted constraints, 0 added constraints, 0 tightened bounds, 0 added holes, 5 changed sides, 41 changed coefficients
 0 implications, 186 cliques
presolved problem has 407 variables (407 bin, 0 int, 0 impl, 0 cont) and 175 constraints
    175 constraints of type <setppc>
Presolving Time: 0.01

 time | node  | left  |LP iter|LP it/n|mem/heur|mdpt |vars |cons |rows |cuts |sepa|confs|strbr|  dualbound   | primalbound  |  gap   | compl. 
  0.0s|     1 |     0 |  1318 |     - |  5363k |   0 | 407 | 175 | 175 |   0 |  0 |   0 |   0 | 7.493654e+03 |      --      |    Inf | unknown
  0.1s|     1 |     0 |  1362 |     - |    20M |   0 | 407 | 175 | 178 |   3 |  1 |   0 |   0 | 7.477440e+03 |      --      |    Inf | unknown
  0.2s|     1 |     0 |  1406 |     - |    29M |   0 | 407 | 175 | 180 |   5 |  2 |   0 |   0 | 7.471484e+03 |      --      |    Inf | unknown
  0.2s|     1 |     0 |  1438 |     - |    35M |   0 | 407 | 175 | 182 |   7 |  3 |   0 |   0 | 7.466374e+03 |      --      |    Inf | unknown
  0.2s|     1 |     0 |  1470 |     - |    40M |   0 | 407 | 175 | 185 |  10 |  4 |   0 |   0 | 7.464575e+03 |      --      |    Inf | unknown
  0.3s|     1 |     0 |  1502 |     - |    46M |   0 | 407 | 175 | 190 |  15 |  5 |   0 |   0 | 7.461284e+03 |      --      |    Inf | unknown
  0.3s|     1 |     0 |  1534 |     - |    55M |   0 | 407 | 175 | 191 |  16 |  6 |   0 |   0 | 7.459047e+03 |      --      |    Inf | unknown
  0.4s|     1 |     0 |  1557 |     - |    59M |   0 | 407 | 175 | 192 |  17 |  7 |   0 |   0 | 7.456954e+03 |      --      |    Inf | unknown
  0.4s|     1 |     0 |  1593 |     - |    64M |   0 | 407 | 175 | 194 |  19 |  8 |   0 |   0 | 7.454436e+03 |      --      |    Inf | unknown
  0.4s|     1 |     0 |  1609 |     - |    75M |   0 | 407 | 175 | 195 |  20 |  9 |   0 |   0 | 7.452404e+03 |      --      |    Inf | unknown
  0.5s|     1 |     0 |  1656 |     - |    78M |   0 | 407 | 175 | 199 |  24 | 10 |   0 |   0 | 7.450861e+03 |      --      |    Inf | unknown
  0.5s|     1 |     0 |  1689 |     - |    78M |   0 | 407 | 175 | 202 |  27 | 11 |   0 |   0 | 7.449917e+03 |      --      |    Inf | unknown
  0.5s|     1 |     0 |  1738 |     - |    78M |   0 | 407 | 175 | 205 |  30 | 12 |   0 |   0 | 7.448771e+03 |      --      |    Inf | unknown
  0.5s|     1 |     0 |  1763 |     - |    78M |   0 | 407 | 175 | 206 |  31 | 13 |   0 |   0 | 7.448006e+03 |      --      |    Inf | unknown
  0.6s|     1 |     0 |  1775 |     - |    78M |   0 | 407 | 175 | 207 |  32 | 14 |   0 |   0 | 7.447751e+03 |      --      |    Inf | unknown
 time | node  | left  |LP iter|LP it/n|mem/heur|mdpt |vars |cons |rows |cuts |sepa|confs|strbr|  dualbound   | primalbound  |  gap   | compl. 
  0.6s|     1 |     0 |  1795 |     - |    78M |   0 | 407 | 175 | 209 |  34 | 15 |   0 |   0 | 7.447308e+03 |      --      |    Inf | unknown
  0.6s|     1 |     0 |  1803 |     - |    78M |   0 | 407 | 175 | 210 |  35 | 16 |   0 |   0 | 7.447170e+03 |      --      |    Inf | unknown
  0.6s|     1 |     0 |  1807 |     - |    78M |   0 | 407 | 175 | 211 |  36 | 17 |   0 |   0 | 7.447146e+03 |      --      |    Inf | unknown
  0.6s|     1 |     0 |  1831 |     - |    78M |   0 | 407 | 175 | 213 |  38 | 18 |   0 |   0 | 7.446378e+03 |      --      |    Inf | unknown
  0.7s|     1 |     0 |  1855 |     - |    78M |   0 | 407 | 175 | 214 |  39 | 19 |   0 |   0 | 7.446073e+03 |      --      |    Inf | unknown
  0.7s|     1 |     0 |  1869 |     - |    78M |   0 | 407 | 175 | 215 |  40 | 20 |   0 |   0 | 7.445932e+03 |      --      |    Inf | unknown
  0.7s|     1 |     0 |  1876 |     - |    78M |   0 | 407 | 175 | 216 |  41 | 21 |   0 |   0 | 7.445888e+03 |      --      |    Inf | unknown
  0.7s|     1 |     0 |  1883 |     - |    78M |   0 | 407 | 175 | 217 |  42 | 22 |   0 |   0 | 7.445814e+03 |      --      |    Inf | unknown
  0.7s|     1 |     0 |  1915 |     - |    78M |   0 | 407 | 175 | 214 |  44 | 23 |   0 |   0 | 7.445435e+03 |      --      |    Inf | unknown
  0.8s|     1 |     0 |  1928 |     - |    78M |   0 | 407 | 175 | 215 |  45 | 24 |   0 |   0 | 7.445311e+03 |      --      |    Inf | unknown
  0.8s|     1 |     0 |  1935 |     - |    78M |   0 | 407 | 175 | 216 |  46 | 25 |   0 |   0 | 7.445230e+03 |      --      |    Inf | unknown
  0.8s|     1 |     0 |  1940 |     - |    78M |   0 | 407 | 175 | 217 |  47 | 26 |   0 |   0 | 7.445203e+03 |      --      |    Inf | unknown
  0.8s|     1 |     0 |  1943 |     - |    78M |   0 | 407 | 175 | 218 |  48 | 27 |   0 |   0 | 7.445166e+03 |      --      |    Inf | unknown
  0.8s|     1 |     0 |  1949 |     - |    78M |   0 | 407 | 175 | 219 |  49 | 28 |   0 |   0 | 7.445107e+03 |      --      |    Inf | unknown
d 0.8s|     1 |     0 |  1949 |     - |linesear|   0 | 407 | 175 | 219 |   0 | 28 |   0 |   0 | 7.445107e+03 | 3.169952e+03 | 134.86%| unknown
 time | node  | left  |LP iter|LP it/n|mem/heur|mdpt |vars |cons |rows |cuts |sepa|confs|strbr|  dualbound   | primalbound  |  gap   | compl. 
d 0.8s|     1 |     0 |  2029 |     - |linesear|   0 | 407 | 175 | 219 |   0 | 28 |   0 |   0 | 7.445107e+03 | 3.388790e+03 | 119.70%| unknown
d 0.9s|     1 |     0 |  2098 |     - |linesear|   0 | 407 | 175 | 219 |   0 | 28 |   0 |   0 | 7.445107e+03 | 3.634136e+03 | 104.87%| unknown
d 0.9s|     1 |     0 |  2127 |     - |linesear|   0 | 407 | 175 | 219 |   0 | 28 |   0 |   0 | 7.445107e+03 | 4.035695e+03 |  84.48%| unknown
d 0.9s|     1 |     0 |  2169 |     - |linesear|   0 | 407 | 175 | 219 |   0 | 28 |   0 |   0 | 7.445107e+03 | 4.743168e+03 |  56.96%| unknown
d 0.9s|     1 |     0 |  2212 |     - |linesear|   0 | 407 | 175 | 219 |   0 | 28 |   0 |   0 | 7.445107e+03 | 5.574145e+03 |  33.56%| unknown
d 0.9s|     1 |     0 |  2223 |     - |linesear|   0 | 407 | 175 | 219 |   0 | 28 |   0 |   0 | 7.445107e+03 | 7.047237e+03 |   5.65%| unknown
  0.9s|     1 |     0 |  2223 |     - |    78M |   0 | 407 | 175 | 219 |  49 | 28 |   0 |   0 | 7.445107e+03 | 7.047237e+03 |   5.65%| unknown
  0.9s|     1 |     0 |  2223 |     - |    78M |   0 | 407 | 175 | 219 |  49 | 28 |   0 |   0 | 7.445107e+03 | 7.047237e+03 |   5.65%| unknown
  0.9s|     1 |     0 |  2224 |     - |    78M |   0 | 407 | 175 | 213 |  50 | 29 |   0 |   0 | 7.445107e+03 | 7.047237e+03 |   5.65%| unknown
  0.9s|     1 |     0 |  2227 |     - |    78M |   0 | 407 | 175 | 214 |  51 | 30 |   0 |   0 | 7.445094e+03 | 7.047237e+03 |   5.65%| unknown
  1.2s|     1 |     2 |  2227 |     - |    78M |   0 | 407 | 175 | 214 |  51 | 30 |   0 |  39 | 7.433831e+03 | 7.047237e+03 |   5.49%| unknown
* 1.4s|     6 |     3 |  2557 | 120.8 |strongbr|   4 | 407 | 178 | 204 |  51 |  1 |   3 | 120 | 7.433831e+03 | 7.158378e+03 |   3.85%|   5.07%
* 1.5s|     6 |     3 |  2590 | 127.4 |strongbr|   4 | 407 | 179 | 204 |  51 |  3 |   4 | 159 | 7.433831e+03 | 7.171247e+03 |   3.66%|   5.07%
* 1.5s|     6 |     3 |  2606 | 130.6 |strongbr|   4 | 407 | 187 | 204 |  51 |  5 |  12 | 166 | 7.433831e+03 | 7.172674e+03 |   3.64%|   5.07%
* 1.5s|     7 |     4 |  2621 | 111.3 |strongbr|   5 | 407 | 187 | 204 |  51 |  1 |  12 | 172 | 7.433831e+03 | 7.180863e+03 |   3.52%|   5.07%
 time | node  | left  |LP iter|LP it/n|mem/heur|mdpt |vars |cons |rows |cuts |sepa|confs|strbr|  dualbound   | primalbound  |  gap   | compl. 
* 1.8s|    11 |     4 |  3028 | 107.5 |strongbr|   5 | 407 | 187 | 204 |  51 |  1 |  12 | 251 | 7.419659e+03 | 7.191785e+03 |   3.17%|  10.85%
* 2.0s|    15 |     4 |  3300 |  96.2 |strongbr|   5 | 407 | 198 | 204 |  51 |  3 |  23 | 346 | 7.419659e+03 | 7.208585e+03 |   2.93%|  18.20%
* 2.3s|    18 |     3 |  3590 |  96.3 |strongbr|   5 | 407 | 210 | 204 |  51 |  3 |  38 | 445 | 7.419659e+03 | 7.243651e+03 |   2.43%|  25.68%
* 2.6s|    30 |     3 |  4165 |  76.3 |strongbr|   7 | 407 | 245 | 204 |  51 |  3 |  73 | 585 | 7.386669e+03 | 7.263987e+03 |   1.69%|  48.37%

SCIP Status        : problem is solved [optimal solution found]
Solving Time (sec) : 3.11
Solving Nodes      : 63
Primal Bound       : +7.26398672897435e+03 (242 solutions)
Dual Bound         : +7.26398672897435e+03
Gap                : 0.00 %
