presolving:
(round 1, fast)       1 del vars, 1 del conss, 0 add conss, 0 chg bounds, 0 chg sides, 0 chg coeffs, 0 upgd conss, 0 impls, 188 clqs
   (0.0s) running MILP presolver
   (0.0s) MILP presolver (2 rounds): 0 aggregations, 18 fixings, 0 bound changes
(round 2, medium)     19 del vars, 1 del conss, 0 add conss, 0 chg bounds, 0 chg sides, 0 chg coeffs, 0 upgd conss, 0 impls, 188 clqs
(round 3, exhaustive) 19 del vars, 4 del conss, 0 add conss, 0 chg bounds, 3 chg sides, 0 chg coeffs, 0 upgd conss, 0 impls, 188 clqs
(round 4, exhaustive) 19 del vars, 4 del conss, 0 add conss, 0 chg bounds, 3 chg sides, 0 chg coeffs, 185 upgd conss, 0 impls, 188 clqs
(round 5, medium)     57 del vars, 4 del conss, 0 add conss, 0 chg bounds, 3 chg sides, 38 chg coeffs, 185 upgd conss, 0 impls, 188 clqs
(round 6, fast)       78 del vars, 4 del conss, 0 add conss, 0 chg bounds, 3 chg sides, 38 chg coeffs, 185 upgd conss, 0 impls, 187 clqs
(round 7, exhaustive) 78 del vars, 12 del conss, 0 add conss, 0 chg bounds, 3 chg sides, 38 chg coeffs, 185 upgd conss, 0 impls, 187 clqs
   (0.0s) probing: 51/422 (12.1%) - 0 fixings, 0 aggregations, 0 implications, 0 bound changes
   (0.0s) probing aborted: 50/50 successive totally useless probings
   (0.0s) symmetry computation started: requiring (bin +, int +, cont +), (fixed: bin -, int -, cont -)
   (0.0s) no symmetry present (symcode time: 0.00)
presolving (8 rounds: 8 fast, 6 medium, 4 exhaustive):
 78 deleted vars, 12 deleted constraints, 0 added constraints, 0 tightened bounds, 0 added holes, 3 changed sides, 38 changed coefficients
 0 implications, 187 cliques
presolved problem has 422 variables (422 bin, 0 int, 0 impl, 0 cont) and 177 constraints
    177 constraints of type <setppc>
Presolving Time: 0.01

 time | node  | left  |LP iter|LP it/n|mem/heur|mdpt |vars |cons |rows |cuts |sepa|confs|strbr|  dualbound   | primalbound  |  gap   | compl. 
  0.0s|     1 |     0 |  1052 |     - |  5239k |   0 | 422 | 177 | 177 |   0 |  0 |   0 |   0 | 7.417118e+03 |      --      |    Inf | unknown
  0.1s|     1 |     0 |  1066 |     - |  7087k |   0 | 422 | 177 | 180 |   3 |  1 |   0 |   0 | 7.413437e+03 |      --      |    Inf | unknown
  0.1s|     1 |     0 |  1086 |     - |    10M |   0 | 422 | 177 | 183 |   6 |  2 |   0 |   0 | 7.403373e+03 |      --      |    Inf | unknown
  0.2s|     1 |     0 |  1112 |     - |    14M |   0 | 422 | 177 | 185 |   8 |  3 |   0 |   0 | 7.395691e+03 |      --      |    Inf | unknown
  0.2s|     1 |     0 |  1137 |     - |    19M |   0 | 422 | 177 | 188 |  11 |  4 |   0 |   0 | 7.391418e+03 |      --      |    Inf | unknown
  0.2s|     1 |     0 |  1154 |     - |    23M |   0 | 422 | 177 | 189 |  12 |  5 |   0 |   0 | 7.386794e+03 |      --      |    Inf | unknown
  0.3s|     1 |     0 |  1182 |     - |    27M |   0 | 422 | 177 | 191 |  14 |  6 |   0 |   0 | 7.384702e+03 |      --      |    Inf | unknown
  0.3s|     1 |     0 |  1206 |     - |    29M |   0 | 422 | 177 | 192 |  15 |  7 |   0 |   0 | 7.382348e+03 |      --      |    Inf | unknown
  0.3s|     1 |     0 |  1230 |     - |    32M |   0 | 422 | 177 | 196 |  19 |  8 |   0 |   0 | 7.380709e+03 |      --      |    Inf | unknown
  0.4s|     1 |     0 |  1283 |     - |    34M |   0 | 422 | 177 | 198 |  21 |  9 |   0 |   0 | 7.378693e+03 |      --      |    Inf | unknown
  0.4s|     1 |     0 |  1302 |     - |    38M |   0 | 422 | 177 | 199 |  22 | 10 |   0 |   0 | 7.377464e+03 |      --      |    Inf | unknown
  0.4s|     1 |     0 |  1308 |     - |    38M |   0 | 422 | 177 | 200 |  23 | 11 |   0 |   0 | 7.377422e+03 |      --      |    Inf | unknown
  0.4s|     1 |     0 |  1314 |     - |    38M |   0 | 422 | 177 | 201 |  24 | 12 |   0 |   0 | 7.377279e+03 |      --      |    Inf | unknown
  0.4s|     1 |     0 |  1328 |     - |    38M |   0 | 422 | 177 | 203 |  26 | 13 |   0 |   0 | 7.377107e+03 |      --      |    Inf | unknown
  0.4s|     1 |     0 |  1335 |     - |    38M |   0 | 422 | 177 | 205 |  28 | 14 |   0 |   0 | 7.377016e+03 |      --      |    Inf | unknown
 time | node  | left  |LP iter|LP it/n|mem/heur|mdpt |vars |cons |rows |cuts |sepa|confs|strbr|  dualbound   | primalbound  |  gap   | compl. 
  0.4s|     1 |     0 |  1352 |     - |    38M |   0 | 422 | 177 | 208 |  31 | 15 |   0 |   0 | 7.376460e+03 |      --      |    Inf | unknown
  0.4s|     1 |     0 |  1369 |     - |    38M |   0 | 422 | 177 | 209 |  32 | 16 |   0 |   0 | 7.376146e+03 |      --      |    Inf | unknown
  0.5s|     1 |     0 |  1399 |     - |    38M |   0 | 422 | 177 | 210 |  34 | 17 |   0 |   0 | 7.375932e+03 |      --      |    Inf | unknown
  0.5s|     1 |     0 |  1434 |     - |    38M |   0 | 422 | 177 | 212 |  36 | 18 |   0 |   0 | 7.375417e+03 |      --      |    Inf | unknown
  0.5s|     1 |     0 |  1449 |     - |    38M |   0 | 422 | 177 | 214 |  38 | 19 |   0 |   0 | 7.375202e+03 |      --      |    Inf | unknown
  0.5s|     1 |     0 |  1461 |     - |    38M |   0 | 422 | 177 | 216 |  40 | 20 |   0 |   0 | 7.374922e+03 |      --      |    Inf | unknown
  0.5s|     1 |     0 |  1477 |     - |    38M |   0 | 422 | 177 | 218 |  42 | 21 |   0 |   0 | 7.374837e+03 |      --      |    Inf | unknown
  0.5s|     1 |     0 |  1479 |     - |    38M |   0 | 422 | 177 | 219 |  43 | 22 |   0 |   0 | 7.374830e+03 |      --      |    Inf | unknown
  0.5s|     1 |     0 |  1484 |     - |    38M |   0 | 422 | 177 | 213 |  44 | 23 |   0 |   0 | 7.374794e+03 |      --      |    Inf | unknown
  0.5s|     1 |     0 |  1488 |     - |    38M |   0 | 422 | 177 | 214 |  45 | 24 |   0 |   0 | 7.374779e+03 |      --      |    Inf | unknown
  0.6s|     1 |     0 |  1490 |     - |    38M |   0 | 422 | 177 | 215 |  46 | 25 |   0 |   0 | 7.374777e+03 |      --      |    Inf | unknown
  0.6s|     1 |     0 |  1493 |     - |    38M |   0 | 422 | 177 | 216 |  47 | 26 |   0 |   0 | 7.374757e+03 |      --      |    Inf | unknown
  0.6s|     1 |     0 |  1496 |     - |    38M |   0 | 422 | 177 | 217 |  48 | 27 |   0 |   0 | 7.374756e+03 |      --      |    Inf | unknown
  0.6s|     1 |     0 |  1501 |     - |    38M |   0 | 422 | 177 | 218 |  49 | 28 |   0 |   0 | 7.374718e+03 |      --      |    Inf | unknown
d 0.6s|     1 |     0 |  1501 |     - |linesear|   0 | 422 | 177 | 218 |   0 | 28 |   0 |   0 | 7.374718e+03 | 2.796329e+03 | 163.73%| unknown
 time | node  | left  |LP iter|LP it/n|mem/heur|mdpt |vars |cons |rows |cuts |sepa|confs|strbr|  dualbound   | primalbound  |  gap   | compl. 
d 0.6s|     1 |     0 |  1514 |     - |linesear|   0 | 422 | 177 | 218 |   0 | 28 |   0 |   0 | 7.374718e+03 | 3.078742e+03 | 139.54%| unknown
d 0.6s|     1 |     0 |  1537 |     - |linesear|   0 | 422 | 177 | 218 |   0 | 28 |   0 |   0 | 7.374718e+03 | 3.512266e+03 | 109.97%| unknown
d 0.6s|     1 |     0 |  1567 |     - |linesear|   0 | 422 | 177 | 218 |   0 | 28 |   0 |   0 | 7.374718e+03 | 3.922358e+03 |  88.02%| unknown
d 0.6s|     1 |     0 |  1576 |     - |linesear|   0 | 422 | 177 | 218 |   0 | 28 |   0 |   0 | 7.374718e+03 | 4.478815e+03 |  64.66%| unknown
d 0.6s|     1 |     0 |  1607 |     - |linesear|   0 | 422 | 177 | 218 |   0 | 28 |   0 |   0 | 7.374718e+03 | 5.594945e+03 |  31.81%| unknown
d 0.6s|     1 |     0 |  1616 |     - |linesear|   0 | 422 | 177 | 218 |   0 | 28 |   0 |   0 | 7.374718e+03 | 7.176439e+03 |   2.76%| unknown
  0.6s|     1 |     0 |  1616 |     - |    38M |   0 | 422 | 177 | 218 |  49 | 28 |   0 |   0 | 7.374718e+03 | 7.176439e+03 |   2.76%| unknown
  0.6s|     1 |     0 |  1616 |     - |    38M |   0 | 422 | 177 | 218 |  49 | 28 |   0 |   0 | 7.374718e+03 | 7.176439e+03 |   2.76%| unknown
  0.6s|     1 |     0 |  1617 |     - |    38M |   0 | 422 | 177 | 214 |  50 | 29 |   0 |   0 | 7.374718e+03 | 7.176439e+03 |   2.76%| unknown
  0.6s|     1 |     0 |  1618 |     - |    38M |   0 | 422 | 177 | 215 |  51 | 30 |   0 |   0 | 7.374718e+03 | 7.176439e+03 |   2.76%| unknown
  0.8s|     1 |     2 |  1618 |     - |    39M |   0 | 422 | 177 | 215 |  51 | 30 |   0 |  39 | 7.371914e+03 | 7.176439e+03 |   2.72%| unknown
(run 1, node 1) restarting after 30 global fixings of integer variables

(restart) converted 38 cuts from the global cut pool into linear constraints

presolving:
(round 1, fast)       30 del vars, 0 del conss, 0 add conss, 0 chg bounds, 0 chg sides, 0 chg coeffs, 0 upgd conss, 0 impls, 199 clqs
   (0.9s) running MILP presolver
   (0.9s) MILP presolver found nothing
(round 2, exhaustive) 30 del vars, 5 del conss, 0 add conss, 0 chg bounds, 0 chg sides, 0 chg coeffs, 0 upgd conss, 0 impls, 199 clqs
(round 3, exhaustive) 30 del vars, 5 del conss, 0 add conss, 0 chg bounds, 0 chg sides, 0 chg coeffs, 19 upgd conss, 0 impls, 199 clqs
(round 4, exhaustive) 30 del vars, 5 del conss, 0 add conss, 0 chg bounds, 0 chg sides, 1 chg coeffs, 19 upgd conss, 0 impls, 199 clqs
presolving (5 rounds: 5 fast, 4 medium, 4 exhaustive):
 30 deleted vars, 5 deleted constraints, 0 added constraints, 0 tightened bounds, 0 added holes, 0 changed sides, 1 changed coefficients
 0 implications, 199 cliques
presolved problem has 392 variables (392 bin, 0 int, 0 impl, 0 cont) and 210 constraints
      7 constraints of type <knapsack>
    184 constraints of type <setppc>
     19 constraints of type <linear>
Presolving Time: 0.03
transformed 50/50 original solutions to the transformed problem space

 time | node  | left  |LP iter|LP it/n|mem/heur|mdpt |vars |cons |rows |cuts |sepa|confs|strbr|  dualbound   | primalbound  |  gap   | compl. 
  0.9s|     1 |     0 |  3170 |     - |    39M |   0 | 392 | 210 | 210 |   0 |  0 |   0 |  39 | 7.371914e+03 | 7.176439e+03 |   2.72%| unknown
  1.0s|     1 |     0 |  3206 |     - |    41M |   0 | 392 | 210 | 211 |   1 |  1 |   0 |  39 | 7.371914e+03 | 7.176439e+03 |   2.72%| unknown
  1.0s|     1 |     0 |  3226 |     - |    43M |   0 | 392 | 210 | 213 |   3 |  2 |   0 |  39 | 7.371914e+03 | 7.176439e+03 |   2.72%| unknown
  1.1s|     1 |     0 |  3251 |     - |    45M |   0 | 392 | 210 | 214 |   4 |  3 |   0 |  39 | 7.371914e+03 | 7.176439e+03 |   2.72%| unknown
  1.1s|     1 |     0 |  3269 |     - |    49M |   0 | 392 | 210 | 216 |   6 |  4 |   0 |  39 | 7.371914e+03 | 7.176439e+03 |   2.72%| unknown
  1.2s|     1 |     0 |  3328 |     - |    49M |   0 | 392 | 210 | 218 |   8 |  5 |   0 |  39 | 7.371914e+03 | 7.176439e+03 |   2.72%| unknown
  1.2s|     1 |     0 |  3357 |     - |    49M |   0 | 392 | 210 | 220 |  10 |  6 |   0 |  39 | 7.371914e+03 | 7.176439e+03 |   2.72%| unknown
  1.3s|     1 |     0 |  3382 |     - |    50M |   0 | 392 | 210 | 221 |  11 |  7 |   0 |  39 | 7.371914e+03 | 7.176439e+03 |   2.72%| unknown
  1.3s|     1 |     0 |  3401 |     - |    51M |   0 | 392 | 210 | 222 |  12 |  8 |   0 |  39 | 7.371914e+03 | 7.176439e+03 |   2.72%| unknown
  1.4s|     1 |     0 |  3435 |     - |    51M |   0 | 392 | 210 | 223 |  13 |  9 |   0 |  39 | 7.371914e+03 | 7.176439e+03 |   2.72%| unknown
  1.5s|     1 |     0 |  3470 |     - |    56M |   0 | 392 | 210 | 218 |  15 | 10 |   0 |  39 | 7.371914e+03 | 7.176439e+03 |   2.72%| unknown
  1.5s|     1 |     0 |  3496 |     - |    56M |   0 | 392 | 210 | 221 |  18 | 11 |   0 |  39 | 7.371914e+03 | 7.176439e+03 |   2.72%| unknown
  1.5s|     1 |     0 |  3511 |     - |    56M |   0 | 392 | 210 | 222 |  19 | 12 |   0 |  39 | 7.371914e+03 | 7.176439e+03 |   2.72%| unknown
  1.5s|     1 |     0 |  3522 |     - |    56M |   0 | 392 | 210 | 223 |  20 | 13 |   0 |  39 | 7.371914e+03 | 7.176439e+03 |   2.72%| unknown
  1.5s|     1 |     0 |  3538 |     - |    56M |   0 | 392 | 210 | 225 |  22 | 14 |   0 |  39 | 7.371890e+03 | 7.176439e+03 |   2.72%| unknown
 time | node  | left  |LP iter|LP it/n|mem/heur|mdpt |vars |cons |rows |cuts |sepa|confs|strbr|  dualbound   | primalbound  |  gap   | compl. 
  1.6s|     1 |     0 |  3555 |     - |    56M |   0 | 392 | 210 | 227 |  24 | 15 |   0 |  39 | 7.371789e+03 | 7.176439e+03 |   2.72%| unknown
  1.8s|     1 |     2 |  3735 |     - |    56M |   0 | 392 | 210 | 227 |  24 | 15 |   0 |  65 | 7.369196e+03 | 7.176439e+03 |   2.69%| unknown
* 1.8s|     2 |     1 |  3849 | 204.5 |strongbr|   1 | 392 | 210 | 197 |  24 |  1 |   0 |  65 | 7.369196e+03 | 7.337686e+03 |   0.43%| unknown
* 1.8s|     2 |     1 |  3859 | 209.5 |strongbr|   1 | 392 | 210 | 197 |  24 |  2 |   0 |  66 | 7.369196e+03 | 7.343432e+03 |   0.35%| unknown
* 1.8s|     3 |     0 |  3977 | 179.0 |strongbr|   1 | 392 | 154 | 197 |  24 |  3 |   9 |  76 | 7.364064e+03 | 7.352019e+03 |   0.16%|  81.44%

SCIP Status        : problem is solved [optimal solution found]
Solving Time (sec) : 1.80
Solving Nodes      : 3 (total of 4 nodes in 2 runs)
Primal Bound       : +7.35201887788280e+03 (85 solutions)
Dual Bound         : +7.35201887788280e+03
Gap                : 0.00 %
