presolving:
   (0.0s) running MILP presolver
   (0.0s) MILP presolver (2 rounds): 0 aggregations, 23 fixings, 0 bound changes
(round 1, medium)     23 del vars, 0 del conss, 0 add conss, 0 chg bounds, 0 chg sides, 0 chg coeffs, 0 upgd conss, 0 impls, 192 clqs
(round 2, exhaustive) 23 del vars, 3 del conss, 0 add conss, 0 chg bounds, 3 chg sides, 0 chg coeffs, 0 upgd conss, 0 impls, 192 clqs
(round 3, exhaustive) 23 del vars, 3 del conss, 0 add conss, 0 chg bounds, 3 chg sides, 0 chg coeffs, 189 upgd conss, 0 impls, 192 clqs
(round 4, medium)     60 del vars, 3 del conss, 0 add conss, 0 chg bounds, 3 chg sides, 37 chg coeffs, 189 upgd conss, 0 impls, 192 clqs
(round 5, fast)       75 del vars, 4 del conss, 0 add conss, 0 chg bounds, 3 chg sides, 37 chg coeffs, 189 upgd conss, 0 impls, 191 clqs
(round 6, exhaustive) 75 del vars, 6 del conss, 0 add conss, 0 chg bounds, 3 chg sides, 37 chg coeffs, 189 upgd conss, 0 impls, 191 clqs
   (0.0s) probing: 51/425 (12.0%) - 0 fixings, 0 aggregations, 0 implications, 0 bound changes
   (0.0s) probing aborted: 50/50 successive totally useless probings
   (0.0s) symmetry computation started: requiring (bin +, int +, cont +), (fixed: bin -, int -, cont -)
   (0.0s) no symmetry present (symcode time: 0.00)
presolving (7 rounds: 7 fast, 6 medium, 4 exhaustive):
 75 deleted vars, 6 deleted constraints, 0 added constraints, 0 tightened bounds, 0 added holes, 3 changed sides, 37 changed coefficients
 0 implications, 191 cliques
presolved problem has 425 variables (425 bin, 0 int, 0 impl, 0 cont) and 186 constraints
    186 constraints of type <setppc>
Presolving Time: 0.01

 time | node  | left  |LP iter|LP it/n|mem/heur|mdpt |vars |cons |rows |cuts |sepa|confs|strbr|  dualbound   | primalbound  |  gap   | compl. 
  0.1s|     1 |     0 |  1406 |     - |  5389k |   0 | 425 | 186 | 186 |   0 |  0 |   0 |   0 | 7.625128e+03 |      --      |    Inf | unknown
  0.1s|     1 |     0 |  1462 |     - |    18M |   0 | 425 | 186 | 190 |   4 |  1 |   0 |   0 | 7.603566e+03 |      --      |    Inf | unknown
  0.2s|     1 |     0 |  1517 |     - |    27M |   0 | 425 | 186 | 192 |   6 |  2 |   0 |   0 | 7.588875e+03 |      --      |    Inf | unknown
  0.2s|     1 |     0 |  1548 |     - |    35M |   0 | 425 | 186 | 193 |   7 |  3 |   0 |   0 | 7.584271e+03 |      --      |    Inf | unknown
  0.2s|     1 |     0 |  1587 |     - |    40M |   0 | 425 | 186 | 196 |  10 |  4 |   0 |   0 | 7.581444e+03 |      --      |    Inf | unknown
  0.3s|     1 |     0 |  1632 |     - |    47M |   0 | 425 | 186 | 200 |  14 |  5 |   0 |   0 | 7.578059e+03 |      --      |    Inf | unknown
  0.3s|     1 |     0 |  1671 |     - |    55M |   0 | 425 | 186 | 204 |  18 |  6 |   0 |   0 | 7.575981e+03 |      --      |    Inf | unknown
  0.4s|     1 |     0 |  1692 |     - |    58M |   0 | 425 | 186 | 208 |  22 |  7 |   0 |   0 | 7.574959e+03 |      --      |    Inf | unknown
  0.4s|     1 |     0 |  1751 |     - |    65M |   0 | 425 | 186 | 209 |  23 |  8 |   0 |   0 | 7.573561e+03 |      --      |    Inf | unknown
  0.5s|     1 |     0 |  1823 |     - |    74M |   0 | 425 | 186 | 211 |  25 |  9 |   0 |   0 | 7.571323e+03 |      --      |    Inf | unknown
  0.5s|     1 |     0 |  1857 |     - |    80M |   0 | 425 | 186 | 212 |  26 | 10 |   0 |   0 | 7.570375e+03 |      --      |    Inf | unknown
  0.5s|     1 |     0 |  1925 |     - |    80M |   0 | 425 | 186 | 215 |  29 | 11 |   0 |   0 | 7.568576e+03 |      --      |    Inf | unknown
  0.6s|     1 |     0 |  1964 |     - |    80M |   0 | 425 | 186 | 218 |  32 | 12 |   0 |   0 | 7.567283e+03 |      --      |    Inf | unknown
  0.6s|     1 |     0 |  1994 |     - |    80M |   0 | 425 | 186 | 220 |  34 | 13 |   0 |   0 | 7.566643e+03 |      --      |    Inf | unknown
  0.6s|     1 |     0 |  2026 |     - |    80M |   0 | 425 | 186 | 223 |  37 | 14 |   0 |   0 | 7.566182e+03 |      --      |    Inf | unknown
 time | node  | left  |LP iter|LP it/n|mem/heur|mdpt |vars |cons |rows |cuts |sepa|confs|strbr|  dualbound   | primalbound  |  gap   | compl. 
  0.6s|     1 |     0 |  2057 |     - |    80M |   0 | 425 | 186 | 227 |  41 | 15 |   0 |   0 | 7.565382e+03 |      --      |    Inf | unknown
  0.6s|     1 |     0 |  2085 |     - |    80M |   0 | 425 | 186 | 228 |  42 | 16 |   0 |   0 | 7.564877e+03 |      --      |    Inf | unknown
  0.7s|     1 |     0 |  2128 |     - |    80M |   0 | 425 | 186 | 229 |  44 | 17 |   0 |   0 | 7.564478e+03 |      --      |    Inf | unknown
  0.7s|     1 |     0 |  2136 |     - |    80M |   0 | 425 | 186 | 230 |  45 | 18 |   0 |   0 | 7.564451e+03 |      --      |    Inf | unknown
  0.7s|     1 |     0 |  2165 |     - |    80M |   0 | 425 | 186 | 231 |  46 | 19 |   0 |   0 | 7.564138e+03 |      --      |    Inf | unknown
  0.7s|     1 |     0 |  2189 |     - |    80M |   0 | 425 | 186 | 233 |  48 | 20 |   0 |   0 | 7.563798e+03 |      --      |    Inf | unknown
  0.7s|     1 |     0 |  2204 |     - |    80M |   0 | 425 | 186 | 234 |  49 | 21 |   0 |   0 | 7.563677e+03 |      --      |    Inf | unknown
  0.8s|     1 |     0 |  2208 |     - |    80M |   0 | 425 | 186 | 235 |  50 | 22 |   0 |   0 | 7.563675e+03 |      --      |    Inf | unknown
  0.8s|     1 |     0 |  2215 |     - |    80M |   0 | 425 | 186 | 231 |  51 | 23 |   0 |   0 | 7.563664e+03 |      --      |    Inf | unknown
  0.8s|     1 |     0 |  2240 |     - |    80M |   0 | 425 | 186 | 234 |  54 | 24 |   0 |   0 | 7.563381e+03 |      --      |    Inf | unknown
  0.8s|     1 |     0 |  2243 |     - |    80M |   0 | 425 | 186 | 235 |  55 | 25 |   0 |   0 | 7.563378e+03 |      --      |    Inf | unknown
  0.8s|     1 |     0 |  2252 |     - |    80M |   0 | 425 | 186 | 236 |  56 | 26 |   0 |   0 | 7.563360e+03 |      --      |    Inf | unknown
d 0.8s|     1 |     0 |  2252 |     - |linesear|   0 | 425 | 186 | 236 |   0 | 26 |   0 |   0 | 7.563360e+03 | 2.827180e+03 | 167.52%| unknown
d 0.8s|     1 |     0 |  2265 |     - |linesear|   0 | 425 | 186 | 236 |   0 | 26 |   0 |   0 | 7.563360e+03 | 3.235992e+03 | 133.73%| unknown
d 0.8s|     1 |     0 |  2345 |     - |linesear|   0 | 425 | 186 | 236 |   0 | 26 |   0 |   0 | 7.563360e+03 | 3.518062e+03 | 114.99%| unknown
 time | node  | left  |LP iter|LP it/n|mem/heur|mdpt |vars |cons |rows |cuts |sepa|confs|strbr|  dualbound   | primalbound  |  gap   | compl. 
d 0.8s|     1 |     0 |  2380 |     - |linesear|   0 | 425 | 186 | 236 |   0 | 26 |   0 |   0 | 7.563360e+03 | 4.051364e+03 |  86.69%| unknown
d 0.9s|     1 |     0 |  2420 |     - |linesear|   0 | 425 | 186 | 236 |   0 | 26 |   0 |   0 | 7.563360e+03 | 5.245759e+03 |  44.18%| unknown
d 0.9s|     1 |     0 |  2439 |     - |linesear|   0 | 425 | 186 | 236 |   0 | 26 |   0 |   0 | 7.563360e+03 | 6.555015e+03 |  15.38%| unknown
d 0.9s|     1 |     0 |  2452 |     - |linesear|   0 | 425 | 186 | 236 |   0 | 26 |   0 |   0 | 7.563360e+03 | 7.280741e+03 |   3.88%| unknown
  0.9s|     1 |     0 |  2452 |     - |    80M |   0 | 425 | 186 | 236 |  56 | 26 |   0 |   0 | 7.563360e+03 | 7.280741e+03 |   3.88%| unknown
  0.9s|     1 |     0 |  2452 |     - |    80M |   0 | 425 | 186 | 236 |  56 | 26 |   0 |   0 | 7.563360e+03 | 7.280741e+03 |   3.88%| unknown
  0.9s|     1 |     0 |  2458 |     - |    80M |   0 | 425 | 186 | 237 |  57 | 27 |   0 |   0 | 7.563357e+03 | 7.280741e+03 |   3.88%| unknown
  0.9s|     1 |     0 |  2465 |     - |    80M |   0 | 425 | 186 | 238 |  58 | 28 |   0 |   0 | 7.563351e+03 | 7.280741e+03 |   3.88%| unknown
  1.1s|     1 |     2 |  2465 |     - |    80M |   0 | 425 | 186 | 238 |  58 | 28 |   0 |  20 | 7.535942e+03 | 7.280741e+03 |   3.51%| unknown
(run 1, node 1) restarting after 12 global fixings of integer variables

(restart) converted 52 cuts from the global cut pool into linear constraints

presolving:
(round 1, fast)       12 del vars, 0 del conss, 0 add conss, 0 chg bounds, 0 chg sides, 0 chg coeffs, 0 upgd conss, 0 impls, 218 clqs
(round 2, exhaustive) 12 del vars, 2 del conss, 0 add conss, 0 chg bounds, 0 chg sides, 0 chg coeffs, 0 upgd conss, 0 impls, 218 clqs
(round 3, exhaustive) 12 del vars, 2 del conss, 0 add conss, 0 chg bounds, 0 chg sides, 0 chg coeffs, 32 upgd conss, 0 impls, 218 clqs
presolving (4 rounds: 4 fast, 3 medium, 3 exhaustive):
 12 deleted vars, 2 deleted constraints, 0 added constraints, 0 tightened bounds, 0 added holes, 0 changed sides, 0 changed coefficients
 0 implications, 218 cliques
presolved problem has 413 variables (413 bin, 0 int, 0 impl, 0 cont) and 236 constraints
      5 constraints of type <knapsack>
    211 constraints of type <setppc>
     20 constraints of type <linear>
Presolving Time: 0.02
transformed 27/27 original solutions to the transformed problem space

 time | node  | left  |LP iter|LP it/n|mem/heur|mdpt |vars |cons |rows |cuts |sepa|confs|strbr|  dualbound   | primalbound  |  gap   | compl. 
  1.2s|     1 |     0 |  3735 |     - |    76M |   0 | 413 | 236 | 236 |   0 |  0 |   0 |  20 | 7.535942e+03 | 7.280741e+03 |   3.51%| unknown
  1.3s|     1 |     0 |  3785 |     - |    76M |   0 | 413 | 236 | 237 |   1 |  1 |   0 |  20 | 7.535942e+03 | 7.280741e+03 |   3.51%| unknown
  1.4s|     1 |     0 |  3845 |     - |    76M |   0 | 413 | 236 | 238 |   2 |  2 |   0 |  20 | 7.535942e+03 | 7.280741e+03 |   3.51%| unknown
  1.5s|     1 |     0 |  3896 |     - |    78M |   0 | 413 | 236 | 239 |   3 |  3 |   0 |  20 | 7.535942e+03 | 7.280741e+03 |   3.51%| unknown
  1.5s|     1 |     0 |  3896 |     - |    78M |   0 | 413 | 236 | 239 |   3 |  3 |   0 |  20 | 7.535942e+03 | 7.280741e+03 |   3.51%| unknown
  1.5s|     1 |     0 |  3981 |     - |    78M |   0 | 413 | 236 | 240 |   4 |  4 |   0 |  20 | 7.535942e+03 | 7.280741e+03 |   3.51%| unknown
  1.6s|     1 |     0 |  4025 |     - |    78M |   0 | 413 | 236 | 241 |   5 |  5 |   0 |  20 | 7.535942e+03 | 7.280741e+03 |   3.51%| unknown
  1.7s|     1 |     0 |  4070 |     - |    80M |   0 | 413 | 236 | 242 |   6 |  6 |   0 |  20 | 7.535942e+03 | 7.280741e+03 |   3.51%| unknown
  1.7s|     1 |     0 |  4122 |     - |    81M |   0 | 413 | 236 | 244 |   8 |  7 |   0 |  20 | 7.535942e+03 | 7.280741e+03 |   3.51%| unknown
  1.8s|     1 |     0 |  4141 |     - |    83M |   0 | 413 | 236 | 245 |   9 |  8 |   0 |  20 | 7.535942e+03 | 7.280741e+03 |   3.51%| unknown
  1.9s|     1 |     0 |  4180 |     - |    83M |   0 | 413 | 236 | 247 |  11 |  9 |   0 |  20 | 7.535942e+03 | 7.280741e+03 |   3.51%| unknown
  2.0s|     1 |     0 |  4242 |     - |    91M |   0 | 413 | 236 | 248 |  12 | 10 |   0 |  20 | 7.535942e+03 | 7.280741e+03 |   3.51%| unknown
  2.0s|     1 |     0 |  4296 |     - |    93M |   0 | 413 | 236 | 249 |  13 | 11 |   0 |  20 | 7.535942e+03 | 7.280741e+03 |   3.51%| unknown
  2.0s|     1 |     0 |  4364 |     - |    93M |   0 | 413 | 236 | 235 |  15 | 12 |   0 |  20 | 7.535942e+03 | 7.280741e+03 |   3.51%| unknown
  2.1s|     1 |     0 |  4402 |     - |    93M |   0 | 413 | 236 | 238 |  18 | 13 |   0 |  20 | 7.535942e+03 | 7.280741e+03 |   3.51%| unknown
 time | node  | left  |LP iter|LP it/n|mem/heur|mdpt |vars |cons |rows |cuts |sepa|confs|strbr|  dualbound   | primalbound  |  gap   | compl. 
  2.1s|     1 |     0 |  4423 |     - |    93M |   0 | 413 | 236 | 239 |  19 | 14 |   0 |  20 | 7.535942e+03 | 7.280741e+03 |   3.51%| unknown
  2.1s|     1 |     0 |  4480 |     - |    93M |   0 | 413 | 236 | 243 |  23 | 15 |   0 |  20 | 7.535942e+03 | 7.280741e+03 |   3.51%| unknown
  2.2s|     1 |     0 |  4488 |     - |    93M |   0 | 413 | 236 | 244 |  24 | 16 |   0 |  20 | 7.535942e+03 | 7.280741e+03 |   3.51%| unknown
  2.2s|     1 |     0 |  4519 |     - |    94M |   0 | 413 | 236 | 246 |  26 | 17 |   0 |  20 | 7.535942e+03 | 7.280741e+03 |   3.51%| unknown
  2.2s|     1 |     0 |  4535 |     - |    94M |   0 | 413 | 236 | 240 |  28 | 18 |   0 |  20 | 7.535942e+03 | 7.280741e+03 |   3.51%| unknown
  2.2s|     1 |     0 |  4562 |     - |    94M |   0 | 413 | 236 | 242 |  30 | 19 |   0 |  20 | 7.535942e+03 | 7.280741e+03 |   3.51%| unknown
  2.3s|     1 |     0 |  4590 |     - |    94M |   0 | 413 | 236 | 244 |  32 | 20 |   0 |  20 | 7.535942e+03 | 7.280741e+03 |   3.51%| unknown
  2.3s|     1 |     0 |  4595 |     - |    94M |   0 | 413 | 236 | 245 |  33 | 21 |   0 |  20 | 7.535942e+03 | 7.280741e+03 |   3.51%| unknown
  2.3s|     1 |     0 |  4596 |     - |    94M |   0 | 413 | 236 | 246 |  34 | 22 |   0 |  20 | 7.535942e+03 | 7.280741e+03 |   3.51%| unknown
  2.6s|     1 |     2 |  5096 |     - |    94M |   0 | 413 | 236 | 246 |  34 | 22 |   0 |  39 | 7.527898e+03 | 7.280741e+03 |   3.39%| unknown
* 3.1s|     7 |     2 |  5771 | 196.4 |strongbr|   4 | 413 | 250 | 214 |  34 |  2 |  14 | 192 | 7.509478e+03 | 7.375667e+03 |   1.81%|  20.85%
* 3.1s|     7 |     2 |  5796 | 200.0 |strongbr|   4 | 413 | 251 | 214 |  34 |  3 |  15 | 200 | 7.509478e+03 | 7.378949e+03 |   1.77%|  20.85%

SCIP Status        : problem is solved [optimal solution found]
Solving Time (sec) : 3.35
Solving Nodes      : 11 (total of 12 nodes in 2 runs)
Primal Bound       : +7.37894886021210e+03 (182 solutions)
Dual Bound         : +7.37894886021210e+03
Gap                : 0.00 %
