presolving:
(round 1, fast)       1 del vars, 1 del conss, 0 add conss, 0 chg bounds, 0 chg sides, 0 chg coeffs, 0 upgd conss, 0 impls, 190 clqs
   (0.0s) running MILP presolver
   (0.0s) MILP presolver (2 rounds): 0 aggregations, 21 fixings, 0 bound changes
(round 2, medium)     22 del vars, 1 del conss, 0 add conss, 0 chg bounds, 0 chg sides, 0 chg coeffs, 0 upgd conss, 0 impls, 190 clqs
(round 3, fast)       23 del vars, 2 del conss, 0 add conss, 0 chg bounds, 0 chg sides, 0 chg coeffs, 0 upgd conss, 0 impls, 189 clqs
(round 4, exhaustive) 23 del vars, 4 del conss, 0 add conss, 0 chg bounds, 2 chg sides, 0 chg coeffs, 0 upgd conss, 0 impls, 189 clqs
(round 5, exhaustive) 23 del vars, 4 del conss, 0 add conss, 0 chg bounds, 2 chg sides, 0 chg coeffs, 187 upgd conss, 0 impls, 189 clqs
(round 6, medium)     58 del vars, 4 del conss, 0 add conss, 0 chg bounds, 2 chg sides, 35 chg coeffs, 187 upgd conss, 0 impls, 189 clqs
(round 7, fast)       78 del vars, 5 del conss, 0 add conss, 0 chg bounds, 2 chg sides, 35 chg coeffs, 187 upgd conss, 0 impls, 188 clqs
(round 8, exhaustive) 78 del vars, 10 del conss, 0 add conss, 0 chg bounds, 2 chg sides, 35 chg coeffs, 187 upgd conss, 0 impls, 188 clqs
   (0.0s) probing: 51/422 (12.1%) - 0 fixings, 0 aggregations, 0 implications, 0 bound changes
   (0.0s) probing aborted: 50/50 successive totally useless probings
   (0.0s) symmetry computation started: requiring (bin +, int +, cont +), (fixed: bin -, int -, cont -)
   (0.0s) no symmetry present (symcode time: 0.00)
presolving (9 rounds: 9 fast, 6 medium, 4 exhaustive):
 78 deleted vars, 10 deleted constraints, 0 added constraints, 0 tightened bounds, 0 added holes, 2 changed sides, 35 changed coefficients
 0 implications, 188 cliques
presolved problem has 422 variables (422 bin, 0 int, 0 impl, 0 cont) and 181 constraints
    181 constraints of type <setppc>
Presolving Time: 0.01

 time | node  | left  |LP iter|LP it/n|mem/heur|mdpt |vars |cons |rows |cuts |sepa|confs|strbr|  dualbound   | primalbound  |  gap   | compl. 
  0.0s|     1 |     0 |  1326 |     - |  5105k |   0 | 422 | 181 | 181 |   0 |  0 |   0 |   0 | 8.195841e+03 |      --      |    Inf | unknown
  0.1s|     1 |     0 |  1363 |     - |    16M |   0 | 422 | 181 | 184 |   3 |  1 |   0 |   0 | 8.170119e+03 |      --      |    Inf | unknown
  0.2s|     1 |     0 |  1395 |     - |    26M |   0 | 422 | 181 | 185 |   4 |  2 |   0 |   0 | 8.162462e+03 |      --      |    Inf | unknown
  0.2s|     1 |     0 |  1429 |     - |    33M |   0 | 422 | 181 | 186 |   5 |  3 |   0 |   0 | 8.155893e+03 |      --      |    Inf | unknown
  0.2s|     1 |     0 |  1489 |     - |    38M |   0 | 422 | 181 | 188 |   7 |  4 |   0 |   0 | 8.151814e+03 |      --      |    Inf | unknown
  0.3s|     1 |     0 |  1530 |     - |    40M |   0 | 422 | 181 | 189 |   8 |  5 |   0 |   0 | 8.147096e+03 |      --      |    Inf | unknown
  0.3s|     1 |     0 |  1582 |     - |    45M |   0 | 422 | 181 | 190 |   9 |  6 |   0 |   0 | 8.145571e+03 |      --      |    Inf | unknown
  0.4s|     1 |     0 |  1637 |     - |    52M |   0 | 422 | 181 | 191 |  10 |  7 |   0 |   0 | 8.143644e+03 |      --      |    Inf | unknown
  0.4s|     1 |     0 |  1671 |     - |    55M |   0 | 422 | 181 | 195 |  14 |  8 |   0 |   0 | 8.142701e+03 |      --      |    Inf | unknown
  0.4s|     1 |     0 |  1714 |     - |    61M |   0 | 422 | 181 | 196 |  15 |  9 |   0 |   0 | 8.141312e+03 |      --      |    Inf | unknown
  0.5s|     1 |     0 |  1751 |     - |    64M |   0 | 422 | 181 | 197 |  16 | 10 |   0 |   0 | 8.140600e+03 |      --      |    Inf | unknown
  0.5s|     1 |     0 |  1765 |     - |    64M |   0 | 422 | 181 | 198 |  17 | 11 |   0 |   0 | 8.140218e+03 |      --      |    Inf | unknown
  0.5s|     1 |     0 |  1782 |     - |    64M |   0 | 422 | 181 | 200 |  19 | 12 |   0 |   0 | 8.140017e+03 |      --      |    Inf | unknown
  0.5s|     1 |     0 |  1800 |     - |    64M |   0 | 422 | 181 | 202 |  21 | 13 |   0 |   0 | 8.139693e+03 |      --      |    Inf | unknown
  0.5s|     1 |     0 |  1832 |     - |    64M |   0 | 422 | 181 | 205 |  24 | 14 |   0 |   0 | 8.138278e+03 |      --      |    Inf | unknown
 time | node  | left  |LP iter|LP it/n|mem/heur|mdpt |vars |cons |rows |cuts |sepa|confs|strbr|  dualbound   | primalbound  |  gap   | compl. 
  0.6s|     1 |     0 |  1857 |     - |    64M |   0 | 422 | 181 | 206 |  25 | 15 |   0 |   0 | 8.137523e+03 |      --      |    Inf | unknown
  0.6s|     1 |     0 |  1867 |     - |    64M |   0 | 422 | 181 | 207 |  26 | 16 |   0 |   0 | 8.137323e+03 |      --      |    Inf | unknown
  0.6s|     1 |     0 |  1894 |     - |    64M |   0 | 422 | 181 | 209 |  28 | 17 |   0 |   0 | 8.135623e+03 |      --      |    Inf | unknown
  0.6s|     1 |     0 |  1906 |     - |    64M |   0 | 422 | 181 | 210 |  29 | 18 |   0 |   0 | 8.135238e+03 |      --      |    Inf | unknown
  0.6s|     1 |     0 |  1923 |     - |    64M |   0 | 422 | 181 | 211 |  30 | 19 |   0 |   0 | 8.135103e+03 |      --      |    Inf | unknown
  0.6s|     1 |     0 |  1962 |     - |    64M |   0 | 422 | 181 | 213 |  32 | 20 |   0 |   0 | 8.133158e+03 |      --      |    Inf | unknown
  0.6s|     1 |     0 |  1969 |     - |    64M |   0 | 422 | 181 | 214 |  33 | 21 |   0 |   0 | 8.133072e+03 |      --      |    Inf | unknown
  0.7s|     1 |     0 |  1980 |     - |    64M |   0 | 422 | 181 | 215 |  34 | 22 |   0 |   0 | 8.132956e+03 |      --      |    Inf | unknown
  0.7s|     1 |     0 |  1981 |     - |    64M |   0 | 422 | 181 | 215 |  35 | 23 |   0 |   0 | 8.132954e+03 |      --      |    Inf | unknown
  0.7s|     1 |     0 |  1989 |     - |    64M |   0 | 422 | 181 | 216 |  36 | 24 |   0 |   0 | 8.132824e+03 |      --      |    Inf | unknown
  0.7s|     1 |     0 |  1990 |     - |    64M |   0 | 422 | 181 | 217 |  37 | 25 |   0 |   0 | 8.132822e+03 |      --      |    Inf | unknown
  0.7s|     1 |     0 |  1996 |     - |    64M |   0 | 422 | 181 | 218 |  38 | 26 |   0 |   0 | 8.132711e+03 |      --      |    Inf | unknown
  0.8s|     1 |     0 |  2003 |     - |    64M |   0 | 422 | 181 | 219 |  39 | 27 |   0 |   0 | 8.132635e+03 |      --      |    Inf | unknown
  0.8s|     1 |     0 |  2010 |     - |    64M |   0 | 422 | 181 | 220 |  40 | 28 |   0 |   0 | 8.132623e+03 |      --      |    Inf | unknown
  0.8s|     1 |     0 |  2013 |     - |    64M |   0 | 422 | 181 | 213 |  41 | 29 |   0 |   0 | 8.132620e+03 |      --      |    Inf | unknown
 time | node  | left  |LP iter|LP it/n|mem/heur|mdpt |vars |cons |rows |cuts |sepa|confs|strbr|  dualbound   | primalbound  |  gap   | compl. 
  0.8s|     1 |     0 |  2015 |     - |    64M |   0 | 422 | 181 | 214 |  42 | 30 |   0 |   0 | 8.132619e+03 |      --      |    Inf | unknown
d 0.8s|     1 |     0 |  2015 |     - |linesear|   0 | 422 | 181 | 214 |   0 | 30 |   0 |   0 | 8.132619e+03 | 3.029248e+03 | 168.47%| unknown
d 0.8s|     1 |     0 |  2056 |     - |linesear|   0 | 422 | 181 | 214 |   0 | 30 |   0 |   0 | 8.132619e+03 | 3.158985e+03 | 157.44%| unknown
d 0.8s|     1 |     0 |  2095 |     - |linesear|   0 | 422 | 181 | 214 |   0 | 30 |   0 |   0 | 8.132619e+03 | 3.518645e+03 | 131.13%| unknown
d 0.8s|     1 |     0 |  2121 |     - |linesear|   0 | 422 | 181 | 214 |   0 | 30 |   0 |   0 | 8.132619e+03 | 3.996322e+03 | 103.50%| unknown
d 0.8s|     1 |     0 |  2153 |     - |linesear|   0 | 422 | 181 | 214 |   0 | 30 |   0 |   0 | 8.132619e+03 | 4.828267e+03 |  68.44%| unknown
d 0.8s|     1 |     0 |  2165 |     - |linesear|   0 | 422 | 181 | 214 |   0 | 30 |   0 |   0 | 8.132619e+03 | 6.487405e+03 |  25.36%| unknown
d 0.8s|     1 |     0 |  2179 |     - |linesear|   0 | 422 | 181 | 214 |   0 | 30 |   0 |   0 | 8.132619e+03 | 8.007708e+03 |   1.56%| unknown
  0.8s|     1 |     0 |  2179 |     - |    64M |   0 | 422 | 181 | 214 |  42 | 30 |   0 |   0 | 8.132619e+03 | 8.007708e+03 |   1.56%| unknown
  0.8s|     1 |     0 |  2179 |     - |    64M |   0 | 422 | 181 | 209 |  42 | 30 |   0 |   0 | 8.132619e+03 | 8.007708e+03 |   1.56%| unknown
  0.8s|     1 |     0 |  2186 |     - |    64M |   0 | 422 | 176 | 210 |  43 | 31 |   0 |   0 | 8.132611e+03 | 8.007708e+03 |   1.56%| unknown
  0.8s|     1 |     0 |  2201 |     - |    64M |   0 | 422 | 176 | 211 |  44 | 32 |   0 |   0 | 8.132541e+03 | 8.007708e+03 |   1.56%| unknown
(run 1, node 1) restarting after 79 global fixings of integer variables

(restart) converted 35 cuts from the global cut pool into linear constraints

presolving:
(round 1, fast)       79 del vars, 0 del conss, 0 add conss, 0 chg bounds, 0 chg sides, 0 chg coeffs, 0 upgd conss, 0 impls, 193 clqs
   (0.9s) running MILP presolver
   (0.9s) MILP presolver found nothing
(round 2, exhaustive) 79 del vars, 7 del conss, 0 add conss, 0 chg bounds, 0 chg sides, 0 chg coeffs, 0 upgd conss, 0 impls, 193 clqs
(round 3, exhaustive) 79 del vars, 7 del conss, 0 add conss, 0 chg bounds, 0 chg sides, 0 chg coeffs, 20 upgd conss, 0 impls, 193 clqs
presolving (4 rounds: 4 fast, 3 medium, 3 exhaustive):
 79 deleted vars, 7 deleted constraints, 0 added constraints, 0 tightened bounds, 0 added holes, 0 changed sides, 0 changed coefficients
 0 implications, 193 cliques
presolved problem has 343 variables (343 bin, 0 int, 0 impl, 0 cont) and 204 constraints
     10 constraints of type <knapsack>
    179 constraints of type <setppc>
     15 constraints of type <linear>
Presolving Time: 0.02
transformed 7/7 original solutions to the transformed problem space

 time | node  | left  |LP iter|LP it/n|mem/heur|mdpt |vars |cons |rows |cuts |sepa|confs|strbr|  dualbound   | primalbound  |  gap   | compl. 
  0.9s|     1 |     0 |  3647 |     - |    59M |   0 | 343 | 204 | 204 |   0 |  0 |   0 |   0 | 8.132541e+03 | 8.007708e+03 |   1.56%| unknown
  1.0s|     1 |     0 |  3740 |     - |    59M |   0 | 343 | 204 | 206 |   2 |  1 |   0 |   0 | 8.129503e+03 | 8.007708e+03 |   1.52%| unknown
  1.0s|     1 |     0 |  3740 |     - |    59M |   0 | 343 | 204 | 206 |   2 |  1 |   0 |   0 | 8.129503e+03 | 8.007708e+03 |   1.52%| unknown
  1.0s|     1 |     0 |  3760 |     - |    59M |   0 | 343 | 204 | 207 |   3 |  2 |   0 |   0 | 8.128697e+03 | 8.007708e+03 |   1.51%| unknown
  1.1s|     1 |     0 |  3786 |     - |    60M |   0 | 343 | 204 | 208 |   4 |  3 |   0 |   0 | 8.128018e+03 | 8.007708e+03 |   1.50%| unknown
  1.1s|     1 |     0 |  3786 |     - |    60M |   0 | 343 | 204 | 208 |   4 |  3 |   0 |   0 | 8.128018e+03 | 8.007708e+03 |   1.50%| unknown
  1.1s|     1 |     0 |  3848 |     - |    61M |   0 | 343 | 204 | 209 |   5 |  4 |   0 |   0 | 8.126741e+03 | 8.007708e+03 |   1.49%| unknown
  1.2s|     1 |     0 |  3902 |     - |    62M |   0 | 343 | 204 | 210 |   6 |  5 |   0 |   0 | 8.125758e+03 | 8.007708e+03 |   1.47%| unknown
  1.2s|     1 |     0 |  3902 |     - |    62M |   0 | 343 | 204 | 210 |   6 |  5 |   0 |   0 | 8.125758e+03 | 8.007708e+03 |   1.47%| unknown
  1.2s|     1 |     0 |  3955 |     - |    63M |   0 | 343 | 204 | 213 |   9 |  6 |   0 |   0 | 8.124466e+03 | 8.007708e+03 |   1.46%| unknown
  1.2s|     1 |     0 |  3955 |     - |    63M |   0 | 343 | 204 | 213 |   9 |  6 |   0 |   0 | 8.124466e+03 | 8.007708e+03 |   1.46%| unknown
  1.3s|     1 |     0 |  3999 |     - |    65M |   0 | 343 | 204 | 214 |  10 |  7 |   0 |   0 | 8.123663e+03 | 8.007708e+03 |   1.45%| unknown
  1.3s|     1 |     0 |  3999 |     - |    65M |   0 | 343 | 204 | 214 |  10 |  7 |   0 |   0 | 8.123663e+03 | 8.007708e+03 |   1.45%| unknown
  1.3s|     1 |     0 |  4019 |     - |    67M |   0 | 343 | 204 | 215 |  11 |  8 |   0 |   0 | 8.123370e+03 | 8.007708e+03 |   1.44%| unknown
  1.4s|     1 |     0 |  4067 |     - |    68M |   0 | 343 | 204 | 217 |  13 |  9 |   0 |   0 | 8.122479e+03 | 8.007708e+03 |   1.43%| unknown
 time | node  | left  |LP iter|LP it/n|mem/heur|mdpt |vars |cons |rows |cuts |sepa|confs|strbr|  dualbound   | primalbound  |  gap   | compl. 
  1.4s|     1 |     0 |  4096 |     - |    70M |   0 | 343 | 204 | 218 |  14 | 10 |   0 |   0 | 8.122162e+03 | 8.007708e+03 |   1.43%| unknown
  1.5s|     1 |     0 |  4152 |     - |    72M |   0 | 343 | 204 | 219 |  15 | 11 |   0 |   0 | 8.121739e+03 | 8.007708e+03 |   1.42%| unknown
  1.5s|     1 |     0 |  4174 |     - |    72M |   0 | 343 | 204 | 221 |  17 | 12 |   0 |   0 | 8.121475e+03 | 8.007708e+03 |   1.42%| unknown
  1.5s|     1 |     0 |  4195 |     - |    72M |   0 | 343 | 204 | 222 |  18 | 13 |   0 |   0 | 8.121204e+03 | 8.007708e+03 |   1.42%| unknown
  1.5s|     1 |     0 |  4233 |     - |    72M |   0 | 343 | 204 | 217 |  21 | 14 |   0 |   0 | 8.120811e+03 | 8.007708e+03 |   1.41%| unknown
  1.6s|     1 |     0 |  4252 |     - |    73M |   0 | 343 | 204 | 218 |  22 | 15 |   0 |   0 | 8.120498e+03 | 8.007708e+03 |   1.41%| unknown
  1.6s|     1 |     0 |  4257 |     - |    73M |   0 | 343 | 204 | 219 |  23 | 16 |   0 |   0 | 8.120486e+03 | 8.007708e+03 |   1.41%| unknown
  1.6s|     1 |     0 |  4260 |     - |    73M |   0 | 343 | 204 | 220 |  24 | 17 |   0 |   0 | 8.120477e+03 | 8.007708e+03 |   1.41%| unknown
  1.6s|     1 |     0 |  4301 |     - |    74M |   0 | 343 | 204 | 222 |  26 | 18 |   0 |   0 | 8.120173e+03 | 8.007708e+03 |   1.40%| unknown
  1.7s|     1 |     0 |  4318 |     - |    74M |   0 | 343 | 204 | 223 |  27 | 19 |   0 |   0 | 8.119993e+03 | 8.007708e+03 |   1.40%| unknown
  2.1s|     1 |     2 |  4620 |     - |    74M |   0 | 343 | 204 | 223 |  27 | 19 |   0 |  36 | 8.116027e+03 | 8.007708e+03 |   1.35%| unknown
(run 2, node 1) restarting after 9 global fixings of integer variables

(restart) converted 27 cuts from the global cut pool into linear constraints

presolving:
(round 1, fast)       9 del vars, 0 del conss, 0 add conss, 0 chg bounds, 0 chg sides, 0 chg coeffs, 0 upgd conss, 0 impls, 196 clqs
(round 2, exhaustive) 9 del vars, 0 del conss, 0 add conss, 0 chg bounds, 0 chg sides, 0 chg coeffs, 16 upgd conss, 0 impls, 196 clqs
(round 3, exhaustive) 9 del vars, 0 del conss, 0 add conss, 0 chg bounds, 0 chg sides, 2 chg coeffs, 16 upgd conss, 0 impls, 196 clqs
presolving (4 rounds: 4 fast, 3 medium, 3 exhaustive):
 9 deleted vars, 0 deleted constraints, 0 added constraints, 0 tightened bounds, 0 added holes, 0 changed sides, 2 changed coefficients
 0 implications, 197 cliques
presolved problem has 334 variables (334 bin, 0 int, 0 impl, 0 cont) and 231 constraints
     21 constraints of type <knapsack>
    184 constraints of type <setppc>
     26 constraints of type <linear>
Presolving Time: 0.04
transformed 47/47 original solutions to the transformed problem space

 time | node  | left  |LP iter|LP it/n|mem/heur|mdpt |vars |cons |rows |cuts |sepa|confs|strbr|  dualbound   | primalbound  |  gap   | compl. 
  2.1s|     1 |     0 |  6074 |     - |    72M |   0 | 334 | 231 | 231 |   0 |  0 |   0 |  36 | 8.116027e+03 | 8.007708e+03 |   1.35%| unknown
  2.2s|     1 |     0 |  6144 |     - |    72M |   0 | 334 | 231 | 233 |   2 |  1 |   0 |  36 | 8.116027e+03 | 8.007708e+03 |   1.35%| unknown
  2.3s|     1 |     0 |  6203 |     - |    72M |   0 | 334 | 231 | 234 |   3 |  2 |   0 |  36 | 8.116027e+03 | 8.007708e+03 |   1.35%| unknown
  2.3s|     1 |     0 |  6253 |     - |    74M |   0 | 334 | 231 | 235 |   4 |  3 |   0 |  36 | 8.116027e+03 | 8.007708e+03 |   1.35%| unknown
  2.4s|     1 |     0 |  6300 |     - |    74M |   0 | 334 | 231 | 236 |   5 |  4 |   0 |  36 | 8.116027e+03 | 8.007708e+03 |   1.35%| unknown
  2.5s|     1 |     0 |  6333 |     - |    74M |   0 | 334 | 231 | 239 |   8 |  5 |   0 |  36 | 8.116027e+03 | 8.007708e+03 |   1.35%| unknown
  2.5s|     1 |     0 |  6362 |     - |    75M |   0 | 334 | 231 | 241 |  10 |  6 |   0 |  36 | 8.116027e+03 | 8.007708e+03 |   1.35%| unknown
  2.6s|     1 |     0 |  6408 |     - |    75M |   0 | 334 | 231 | 242 |  11 |  7 |   0 |  36 | 8.116027e+03 | 8.007708e+03 |   1.35%| unknown
  2.7s|     1 |     0 |  6485 |     - |    75M |   0 | 334 | 231 | 243 |  12 |  8 |   0 |  36 | 8.116027e+03 | 8.007708e+03 |   1.35%| unknown
  2.7s|     1 |     0 |  6509 |     - |    77M |   0 | 334 | 231 | 244 |  13 |  9 |   0 |  36 | 8.116027e+03 | 8.007708e+03 |   1.35%| unknown
  2.8s|     1 |     0 |  6567 |     - |    83M |   0 | 334 | 231 | 246 |  15 | 10 |   0 |  36 | 8.116027e+03 | 8.007708e+03 |   1.35%| unknown
  2.8s|     1 |     0 |  6567 |     - |    83M |   0 | 334 | 231 | 246 |  15 | 10 |   0 |  36 | 8.116027e+03 | 8.007708e+03 |   1.35%| unknown
  2.9s|     1 |     0 |  6589 |     - |    83M |   0 | 334 | 231 | 247 |  16 | 11 |   0 |  36 | 8.116027e+03 | 8.007708e+03 |   1.35%| unknown
  2.9s|     1 |     0 |  6614 |     - |    83M |   0 | 334 | 231 | 249 |  18 | 12 |   0 |  36 | 8.116027e+03 | 8.007708e+03 |   1.35%| unknown
d 2.9s|     1 |     0 |  6730 |     - |linesear|   0 | 334 | 231 | 249 |   0 | 12 |   0 |  36 | 8.116027e+03 | 8.105409e+03 |   0.13%| unknown
 time | node  | left  |LP iter|LP it/n|mem/heur|mdpt |vars |cons |rows |cuts |sepa|confs|strbr|  dualbound   | primalbound  |  gap   | compl. 
  2.9s|     1 |     0 |  6730 |     - |    83M |   0 | 334 | 231 | 249 |  18 | 12 |   0 |  36 | 8.116027e+03 | 8.105409e+03 |   0.13%| unknown
  2.9s|     1 |     0 |  6730 |     - |    83M |   0 | 334 | 231 | 212 |  18 | 12 |   0 |  36 | 8.116027e+03 | 8.105409e+03 |   0.13%| unknown
  2.9s|     1 |     0 |  6790 |     - |    83M |   0 | 334 | 194 | 213 |  19 | 13 |   0 |  36 | 8.116027e+03 | 8.105409e+03 |   0.13%| unknown
  2.9s|     1 |     0 |  6821 |     - |    83M |   0 | 334 | 194 | 215 |  21 | 14 |   0 |  36 | 8.116027e+03 | 8.105409e+03 |   0.13%| unknown
  3.0s|     1 |     0 |  6894 |     - |    83M |   0 | 334 | 181 | 215 |  21 | 14 |   2 |  37 | 8.116027e+03 | 8.105409e+03 |   0.13%| unknown
  3.0s|     1 |     0 |  6894 |     - |    83M |   0 | 334 | 181 | 208 |  21 | 14 |   2 |  37 | 8.116027e+03 | 8.105409e+03 |   0.13%| unknown
  3.0s|     1 |     0 |  6937 |     - |    83M |   0 | 334 | 181 | 209 |  22 | 15 |   2 |  37 | 8.116027e+03 | 8.105409e+03 |   0.13%| unknown
  3.0s|     1 |     0 |  6937 |     - |    83M |   0 | 334 | 181 | 207 |  22 | 15 |   2 |  37 | 8.116027e+03 | 8.105409e+03 |   0.13%| unknown
  3.0s|     1 |     0 |  6965 |     - |    83M |   0 | 334 | 181 | 180 |  23 | 16 |   2 |  37 | 8.116004e+03 | 8.105409e+03 |   0.13%| unknown
  3.0s|     1 |     0 |  6965 |     - |    83M |   0 | 334 | 181 | 178 |  23 | 16 |   2 |  37 | 8.116004e+03 | 8.105409e+03 |   0.13%| unknown
  3.0s|     1 |     0 |  7045 |     - |    83M |   0 | 334 | 147 | 178 |  23 | 16 |   4 |  38 | 8.114070e+03 | 8.105409e+03 |   0.11%| unknown
  3.0s|     1 |     0 |  7045 |     - |    83M |   0 | 334 | 147 | 156 |  23 | 16 |   4 |  38 | 8.114070e+03 | 8.105409e+03 |   0.11%| unknown
  3.0s|     1 |     0 |  7073 |     - |    83M |   0 | 334 | 144 | 157 |  24 | 17 |   4 |  38 | 8.111577e+03 | 8.105409e+03 |   0.08%| unknown
  3.0s|     1 |     0 |  7073 |     - |    83M |   0 | 334 | 144 | 153 |  24 | 17 |   4 |  38 | 8.111577e+03 | 8.105409e+03 |   0.08%| unknown
  3.0s|     1 |     0 |  7086 |     - |    83M |   0 | 334 | 144 | 155 |  26 | 18 |   4 |  38 | 8.110511e+03 | 8.105409e+03 |   0.06%| unknown
 time | node  | left  |LP iter|LP it/n|mem/heur|mdpt |vars |cons |rows |cuts |sepa|confs|strbr|  dualbound   | primalbound  |  gap   | compl. 
  3.0s|     1 |     0 |  7086 |     - |    83M |   0 | 334 | 144 | 151 |  26 | 18 |   4 |  38 | 8.110511e+03 | 8.105409e+03 |   0.06%| unknown
  3.0s|     1 |     0 |  7119 |     - |    83M |   0 | 334 | 141 | 151 |  26 | 18 |   7 |  43 | 8.105409e+03 | 8.105409e+03 |   0.00%| unknown

SCIP Status        : problem is solved [optimal solution found]
Solving Time (sec) : 3.03
Solving Nodes      : 1 (total of 3 nodes in 3 runs)
Primal Bound       : +8.10540928947265e+03 (51 solutions)
Dual Bound         : +8.10540928947265e+03
Gap                : 0.00 %
