presolving:
   (0.0s) running MILP presolver
   (0.0s) MILP presolver (2 rounds): 0 aggregations, 17 fixings, 0 bound changes
(round 1, medium)     17 del vars, 0 del conss, 0 add conss, 0 chg bounds, 0 chg sides, 0 chg coeffs, 0 upgd conss, 0 impls, 194 clqs
(round 2, exhaustive) 17 del vars, 5 del conss, 0 add conss, 0 chg bounds, 5 chg sides, 0 chg coeffs, 0 upgd conss, 0 impls, 194 clqs
(round 3, exhaustive) 17 del vars, 5 del conss, 0 add conss, 0 chg bounds, 5 chg sides, 0 chg coeffs, 189 upgd conss, 0 impls, 194 clqs
(round 4, medium)     55 del vars, 5 del conss, 0 add conss, 0 chg bounds, 5 chg sides, 38 chg coeffs, 189 upgd conss, 0 impls, 194 clqs
(round 5, fast)       76 del vars, 6 del conss, 0 add conss, 0 chg bounds, 5 chg sides, 38 chg coeffs, 189 upgd conss, 0 impls, 192 clqs
(round 6, exhaustive) 76 del vars, 8 del conss, 0 add conss, 0 chg bounds, 5 chg sides, 38 chg coeffs, 189 upgd conss, 0 impls, 192 clqs
   (0.0s) probing: 51/424 (12.0%) - 0 fixings, 0 aggregations, 0 implications, 0 bound changes
   (0.0s) probing aborted: 50/50 successive totally useless probings
   (0.0s) symmetry computation started: requiring (bin +, int +, cont +), (fixed: bin -, int -, cont -)
   (0.0s) no symmetry present (symcode time: 0.00)
presolving (7 rounds: 7 fast, 6 medium, 4 exhaustive):
 76 deleted vars, 8 deleted constraints, 0 added constraints, 0 tightened bounds, 0 added holes, 5 changed sides, 38 changed coefficients
 0 implications, 192 cliques
presolved problem has 424 variables (424 bin, 0 int, 0 impl, 0 cont) and 186 constraints
    186 constraints of type <setppc>
Presolving Time: 0.01

 time | node  | left  |LP iter|LP it/n|mem/heur|mdpt |vars |cons |rows |cuts |sepa|confs|strbr|  dualbound   | primalbound  |  gap   | compl. 
  0.1s|     1 |     0 |  1507 |     - |  5436k |   0 | 424 | 186 | 186 |   0 |  0 |   0 |   0 | 7.721436e+03 |      --      |    Inf | unknown
  0.1s|     1 |     0 |  1544 |     - |    18M |   0 | 424 | 186 | 188 |   2 |  1 |   0 |   0 | 7.700361e+03 |      --      |    Inf | unknown
  0.2s|     1 |     0 |  1586 |     - |    31M |   0 | 424 | 186 | 191 |   5 |  2 |   0 |   0 | 7.688851e+03 |      --      |    Inf | unknown
  0.2s|     1 |     0 |  1612 |     - |    35M |   0 | 424 | 186 | 194 |   8 |  3 |   0 |   0 | 7.679951e+03 |      --      |    Inf | unknown
  0.3s|     1 |     0 |  1652 |     - |    45M |   0 | 424 | 186 | 196 |  10 |  4 |   0 |   0 | 7.672595e+03 |      --      |    Inf | unknown
  0.3s|     1 |     0 |  1683 |     - |    52M |   0 | 424 | 186 | 197 |  11 |  5 |   0 |   0 | 7.670005e+03 |      --      |    Inf | unknown
  0.3s|     1 |     0 |  1706 |     - |    56M |   0 | 424 | 186 | 199 |  13 |  6 |   0 |   0 | 7.668356e+03 |      --      |    Inf | unknown
  0.4s|     1 |     0 |  1722 |     - |    64M |   0 | 424 | 186 | 201 |  15 |  7 |   0 |   0 | 7.667329e+03 |      --      |    Inf | unknown
  0.4s|     1 |     0 |  1771 |     - |    67M |   0 | 424 | 186 | 203 |  17 |  8 |   0 |   0 | 7.664705e+03 |      --      |    Inf | unknown
  0.5s|     1 |     0 |  1797 |     - |    77M |   0 | 424 | 186 | 205 |  19 |  9 |   0 |   0 | 7.663277e+03 |      --      |    Inf | unknown
  0.5s|     1 |     0 |  1817 |     - |    79M |   0 | 424 | 186 | 207 |  21 | 10 |   0 |   0 | 7.662234e+03 |      --      |    Inf | unknown
  0.6s|     1 |     0 |  1851 |     - |    79M |   0 | 424 | 186 | 211 |  25 | 11 |   0 |   0 | 7.660891e+03 |      --      |    Inf | unknown
  0.6s|     1 |     0 |  1973 |     - |    79M |   0 | 424 | 186 | 214 |  28 | 12 |   0 |   0 | 7.654369e+03 |      --      |    Inf | unknown
  0.6s|     1 |     0 |  1990 |     - |    79M |   0 | 424 | 186 | 215 |  29 | 13 |   0 |   0 | 7.654212e+03 |      --      |    Inf | unknown
  0.6s|     1 |     0 |  1997 |     - |    79M |   0 | 424 | 186 | 216 |  30 | 14 |   0 |   0 | 7.653990e+03 |      --      |    Inf | unknown
 time | node  | left  |LP iter|LP it/n|mem/heur|mdpt |vars |cons |rows |cuts |sepa|confs|strbr|  dualbound   | primalbound  |  gap   | compl. 
  0.6s|     1 |     0 |  2010 |     - |    79M |   0 | 424 | 186 | 218 |  32 | 15 |   0 |   0 | 7.652640e+03 |      --      |    Inf | unknown
  0.6s|     1 |     0 |  2026 |     - |    79M |   0 | 424 | 186 | 220 |  34 | 16 |   0 |   0 | 7.652395e+03 |      --      |    Inf | unknown
  0.7s|     1 |     0 |  2059 |     - |    79M |   0 | 424 | 186 | 221 |  36 | 17 |   0 |   0 | 7.651412e+03 |      --      |    Inf | unknown
  0.7s|     1 |     0 |  2092 |     - |    79M |   0 | 424 | 186 | 224 |  39 | 18 |   0 |   0 | 7.649964e+03 |      --      |    Inf | unknown
  0.7s|     1 |     0 |  2109 |     - |    79M |   0 | 424 | 186 | 226 |  41 | 19 |   0 |   0 | 7.647952e+03 |      --      |    Inf | unknown
  0.7s|     1 |     0 |  2112 |     - |    79M |   0 | 424 | 186 | 227 |  42 | 20 |   0 |   0 | 7.647898e+03 |      --      |    Inf | unknown
  0.8s|     1 |     0 |  2139 |     - |    79M |   0 | 424 | 186 | 230 |  45 | 21 |   0 |   0 | 7.645940e+03 |      --      |    Inf | unknown
  0.8s|     1 |     0 |  2143 |     - |    79M |   0 | 424 | 186 | 231 |  46 | 22 |   0 |   0 | 7.645930e+03 |      --      |    Inf | unknown
  0.8s|     1 |     0 |  2162 |     - |    79M |   0 | 424 | 186 | 227 |  48 | 23 |   0 |   0 | 7.645352e+03 |      --      |    Inf | unknown
  0.8s|     1 |     0 |  2166 |     - |    79M |   0 | 424 | 186 | 228 |  49 | 24 |   0 |   0 | 7.645222e+03 |      --      |    Inf | unknown
  0.8s|     1 |     0 |  2172 |     - |    79M |   0 | 424 | 186 | 229 |  50 | 25 |   0 |   0 | 7.644989e+03 |      --      |    Inf | unknown
  0.9s|     1 |     0 |  2204 |     - |    79M |   0 | 424 | 186 | 234 |  55 | 26 |   0 |   0 | 7.643989e+03 |      --      |    Inf | unknown
  0.9s|     1 |     0 |  2208 |     - |    79M |   0 | 424 | 186 | 236 |  57 | 27 |   0 |   0 | 7.643981e+03 |      --      |    Inf | unknown
  0.9s|     1 |     0 |  2213 |     - |    79M |   0 | 424 | 186 | 237 |  58 | 28 |   0 |   0 | 7.643969e+03 |      --      |    Inf | unknown
  0.9s|     1 |     0 |  2241 |     - |    79M |   0 | 424 | 186 | 239 |  66 | 29 |   0 |   0 | 7.643122e+03 |      --      |    Inf | unknown
 time | node  | left  |LP iter|LP it/n|mem/heur|mdpt |vars |cons |rows |cuts |sepa|confs|strbr|  dualbound   | primalbound  |  gap   | compl. 
  0.9s|     1 |     0 |  2243 |     - |    79M |   0 | 424 | 186 | 240 |  67 | 30 |   0 |   0 | 7.643115e+03 |      --      |    Inf | unknown
  1.0s|     1 |     0 |  2262 |     - |    79M |   0 | 424 | 186 | 243 |  70 | 31 |   0 |   0 | 7.642585e+03 |      --      |    Inf | unknown
  1.0s|     1 |     0 |  2264 |     - |    79M |   0 | 424 | 186 | 244 |  71 | 32 |   0 |   0 | 7.642580e+03 |      --      |    Inf | unknown
  1.0s|     1 |     0 |  2294 |     - |    79M |   0 | 424 | 186 | 250 |  77 | 33 |   0 |   0 | 7.641320e+03 |      --      |    Inf | unknown
  1.0s|     1 |     0 |  2307 |     - |    79M |   0 | 424 | 186 | 254 |  81 | 34 |   0 |   0 | 7.640909e+03 |      --      |    Inf | unknown
  1.0s|     1 |     0 |  2309 |     - |    79M |   0 | 424 | 186 | 251 |  82 | 35 |   0 |   0 | 7.640907e+03 |      --      |    Inf | unknown
  1.1s|     1 |     0 |  2324 |     - |    79M |   0 | 424 | 186 | 256 |  87 | 36 |   0 |   0 | 7.640745e+03 |      --      |    Inf | unknown
  1.1s|     1 |     0 |  2328 |     - |    79M |   0 | 424 | 186 | 257 |  88 | 37 |   0 |   0 | 7.640742e+03 |      --      |    Inf | unknown
d 1.1s|     1 |     0 |  2328 |     - |linesear|   0 | 424 | 186 | 257 |   0 | 38 |   0 |   0 | 7.640742e+03 | 2.907222e+03 | 162.82%| unknown
d 1.1s|     1 |     0 |  2381 |     - |linesear|   0 | 424 | 186 | 257 |   0 | 38 |   0 |   0 | 7.640742e+03 | 3.067231e+03 | 149.11%| unknown
d 1.1s|     1 |     0 |  2451 |     - |linesear|   0 | 424 | 186 | 257 |   0 | 38 |   0 |   0 | 7.640742e+03 | 3.384030e+03 | 125.79%| unknown
d 1.1s|     1 |     0 |  2500 |     - |linesear|   0 | 424 | 186 | 257 |   0 | 38 |   0 |   0 | 7.640742e+03 | 4.194565e+03 |  82.16%| unknown
d 1.1s|     1 |     0 |  2551 |     - |linesear|   0 | 424 | 186 | 257 |   0 | 38 |   0 |   0 | 7.640742e+03 | 4.547466e+03 |  68.02%| unknown
d 1.1s|     1 |     0 |  2607 |     - |linesear|   0 | 424 | 186 | 257 |   0 | 38 |   0 |   0 | 7.640742e+03 | 7.335346e+03 |   4.16%| unknown
  1.1s|     1 |     0 |  2607 |     - |    79M |   0 | 424 | 186 | 257 |  88 | 38 |   0 |   0 | 7.640742e+03 | 7.335346e+03 |   4.16%| unknown
 time | node  | left  |LP iter|LP it/n|mem/heur|mdpt |vars |cons |rows |cuts |sepa|confs|strbr|  dualbound   | primalbound  |  gap   | compl. 
  1.1s|     1 |     0 |  2607 |     - |    79M |   0 | 424 | 186 | 257 |  88 | 38 |   0 |   0 | 7.640742e+03 | 7.335346e+03 |   4.16%| unknown
  1.7s|     1 |     2 |  2607 |     - |    79M |   0 | 424 | 186 | 257 |  88 | 39 |   0 |  43 | 7.621179e+03 | 7.335346e+03 |   3.90%| unknown
(run 1, node 1) restarting after 15 global fixings of integer variables

(restart) converted 71 cuts from the global cut pool into linear constraints

presolving:
(round 1, fast)       15 del vars, 0 del conss, 0 add conss, 0 chg bounds, 0 chg sides, 0 chg coeffs, 0 upgd conss, 0 impls, 240 clqs
   (1.7s) running MILP presolver
   (1.7s) MILP presolver found nothing
(round 2, exhaustive) 15 del vars, 2 del conss, 0 add conss, 0 chg bounds, 0 chg sides, 0 chg coeffs, 0 upgd conss, 0 impls, 240 clqs
(round 3, exhaustive) 15 del vars, 2 del conss, 0 add conss, 0 chg bounds, 0 chg sides, 0 chg coeffs, 60 upgd conss, 0 impls, 240 clqs
(round 4, exhaustive) 15 del vars, 3 del conss, 0 add conss, 0 chg bounds, 0 chg sides, 0 chg coeffs, 60 upgd conss, 0 impls, 240 clqs
presolving (5 rounds: 5 fast, 4 medium, 4 exhaustive):
 15 deleted vars, 3 deleted constraints, 0 added constraints, 0 tightened bounds, 0 added holes, 0 changed sides, 0 changed coefficients
 0 implications, 240 cliques
presolved problem has 409 variables (409 bin, 0 int, 0 impl, 0 cont) and 254 constraints
     12 constraints of type <knapsack>
    231 constraints of type <setppc>
     11 constraints of type <linear>
Presolving Time: 0.03
transformed 49/49 original solutions to the transformed problem space

 time | node  | left  |LP iter|LP it/n|mem/heur|mdpt |vars |cons |rows |cuts |sepa|confs|strbr|  dualbound   | primalbound  |  gap   | compl. 
  1.8s|     1 |     0 |  4730 |     - |    72M |   0 | 409 | 254 | 254 |   0 |  0 |   0 |  43 | 7.621179e+03 | 7.335346e+03 |   3.90%| unknown
  1.9s|     1 |     0 |  4797 |     - |    73M |   0 | 409 | 254 | 255 |   1 |  1 |   0 |  43 | 7.621179e+03 | 7.335346e+03 |   3.90%| unknown
  2.0s|     1 |     0 |  4854 |     - |    76M |   0 | 409 | 254 | 256 |   2 |  2 |   0 |  43 | 7.621179e+03 | 7.335346e+03 |   3.90%| unknown
  2.0s|     1 |     0 |  4894 |     - |    77M |   0 | 409 | 254 | 257 |   3 |  3 |   0 |  43 | 7.621179e+03 | 7.335346e+03 |   3.90%| unknown
  2.1s|     1 |     0 |  4953 |     - |    80M |   0 | 409 | 254 | 258 |   4 |  4 |   0 |  43 | 7.621179e+03 | 7.335346e+03 |   3.90%| unknown
  2.2s|     1 |     0 |  5008 |     - |    81M |   0 | 409 | 254 | 259 |   5 |  5 |   0 |  43 | 7.621179e+03 | 7.335346e+03 |   3.90%| unknown
  2.2s|     1 |     0 |  5064 |     - |    84M |   0 | 409 | 254 | 260 |   6 |  6 |   0 |  43 | 7.621179e+03 | 7.335346e+03 |   3.90%| unknown
  2.3s|     1 |     0 |  5120 |     - |    85M |   0 | 409 | 254 | 261 |   7 |  7 |   0 |  43 | 7.621179e+03 | 7.335346e+03 |   3.90%| unknown
  2.4s|     1 |     0 |  5164 |     - |    89M |   0 | 409 | 254 | 262 |   8 |  8 |   0 |  43 | 7.621179e+03 | 7.335346e+03 |   3.90%| unknown
  2.5s|     1 |     0 |  5221 |     - |   103M |   0 | 409 | 254 | 263 |   9 |  9 |   0 |  43 | 7.621179e+03 | 7.335346e+03 |   3.90%| unknown
  2.5s|     1 |     0 |  5242 |     - |    99M |   0 | 409 | 254 | 248 |  10 | 10 |   0 |  43 | 7.621179e+03 | 7.335346e+03 |   3.90%| unknown
  2.6s|     1 |     0 |  5259 |     - |    99M |   0 | 409 | 254 | 249 |  11 | 11 |   0 |  43 | 7.621179e+03 | 7.335346e+03 |   3.90%| unknown
  2.6s|     1 |     0 |  5281 |     - |    99M |   0 | 409 | 254 | 250 |  12 | 12 |   0 |  43 | 7.621179e+03 | 7.335346e+03 |   3.90%| unknown
  2.6s|     1 |     0 |  5311 |     - |    99M |   0 | 409 | 254 | 251 |  13 | 13 |   0 |  43 | 7.621179e+03 | 7.335346e+03 |   3.90%| unknown
  2.6s|     1 |     0 |  5340 |     - |    99M |   0 | 409 | 254 | 252 |  14 | 14 |   0 |  43 | 7.621179e+03 | 7.335346e+03 |   3.90%| unknown
 time | node  | left  |LP iter|LP it/n|mem/heur|mdpt |vars |cons |rows |cuts |sepa|confs|strbr|  dualbound   | primalbound  |  gap   | compl. 
  2.7s|     1 |     0 |  5387 |     - |    99M |   0 | 409 | 254 | 253 |  15 | 15 |   0 |  43 | 7.621179e+03 | 7.335346e+03 |   3.90%| unknown
  2.7s|     1 |     0 |  5392 |     - |    99M |   0 | 409 | 254 | 246 |  16 | 16 |   0 |  43 | 7.621179e+03 | 7.335346e+03 |   3.90%| unknown
  2.7s|     1 |     0 |  5396 |     - |    99M |   0 | 409 | 254 | 247 |  17 | 17 |   0 |  43 | 7.621179e+03 | 7.335346e+03 |   3.90%| unknown
  2.7s|     1 |     0 |  5417 |     - |    99M |   0 | 409 | 254 | 248 |  18 | 18 |   0 |  43 | 7.621179e+03 | 7.335346e+03 |   3.90%| unknown
  3.2s|     1 |     2 |  5851 |     - |    99M |   0 | 409 | 254 | 248 |  18 | 18 |   0 |  67 | 7.620953e+03 | 7.335346e+03 |   3.89%| unknown
* 3.7s|     4 |     3 |  6291 | 288.2 |strongbr|   3 | 409 | 262 | 224 |  18 |  5 |   8 | 158 | 7.612518e+03 | 7.345972e+03 |   3.63%| unknown
* 3.8s|     6 |     3 |  6467 | 221.5 |strongbr|   4 | 409 | 268 | 224 |  18 |  1 |  14 | 208 | 7.612518e+03 | 7.383938e+03 |   3.10%|   7.99%
* 3.9s|     8 |     3 |  6668 | 191.2 |strongbr|   5 | 409 | 272 | 224 |  18 |  1 |  18 | 256 | 7.612518e+03 | 7.409805e+03 |   2.74%|  12.05%
* 4.0s|    10 |     3 |  6751 | 161.3 |strongbr|   6 | 409 | 272 | 224 |  18 |  1 |  18 | 281 | 7.612518e+03 | 7.434131e+03 |   2.40%|  14.37%

SCIP Status        : problem is solved [optimal solution found]
Solving Time (sec) : 6.14
Solving Nodes      : 45 (total of 46 nodes in 2 runs)
Primal Bound       : +7.43413101138779e+03 (245 solutions)
Dual Bound         : +7.43413101138779e+03
Gap                : 0.00 %
