presolving:
(round 1, fast)       0 del vars, 1 del conss, 0 add conss, 0 chg bounds, 0 chg sides, 0 chg coeffs, 0 upgd conss, 0 impls, 188 clqs
(round 2, fast)       1 del vars, 1 del conss, 0 add conss, 0 chg bounds, 0 chg sides, 0 chg coeffs, 0 upgd conss, 0 impls, 188 clqs
   (0.0s) running MILP presolver
   (0.0s) MILP presolver (2 rounds): 0 aggregations, 22 fixings, 0 bound changes
(round 3, medium)     23 del vars, 1 del conss, 0 add conss, 0 chg bounds, 0 chg sides, 0 chg coeffs, 0 upgd conss, 0 impls, 188 clqs
(round 4, exhaustive) 23 del vars, 3 del conss, 0 add conss, 0 chg bounds, 2 chg sides, 0 chg coeffs, 0 upgd conss, 0 impls, 188 clqs
(round 5, exhaustive) 23 del vars, 3 del conss, 0 add conss, 0 chg bounds, 2 chg sides, 0 chg coeffs, 186 upgd conss, 0 impls, 188 clqs
(round 6, medium)     58 del vars, 3 del conss, 0 add conss, 0 chg bounds, 2 chg sides, 35 chg coeffs, 186 upgd conss, 0 impls, 188 clqs
(round 7, fast)       71 del vars, 5 del conss, 0 add conss, 0 chg bounds, 2 chg sides, 35 chg coeffs, 186 upgd conss, 0 impls, 185 clqs
(round 8, exhaustive) 71 del vars, 6 del conss, 0 add conss, 0 chg bounds, 2 chg sides, 35 chg coeffs, 186 upgd conss, 0 impls, 185 clqs
   (0.0s) probing: 51/429 (11.9%) - 0 fixings, 0 aggregations, 0 implications, 0 bound changes
   (0.0s) probing aborted: 50/50 successive totally useless probings
   (0.0s) symmetry computation started: requiring (bin +, int +, cont +), (fixed: bin -, int -, cont -)
   (0.0s) no symmetry present (symcode time: 0.00)
presolving (9 rounds: 9 fast, 6 medium, 4 exhaustive):
 71 deleted vars, 6 deleted constraints, 0 added constraints, 0 tightened bounds, 0 added holes, 2 changed sides, 35 changed coefficients
 0 implications, 185 cliques
presolved problem has 429 variables (429 bin, 0 int, 0 impl, 0 cont) and 183 constraints
    183 constraints of type <setppc>
Presolving Time: 0.01

 time | node  | left  |LP iter|LP it/n|mem/heur|mdpt |vars |cons |rows |cuts |sepa|confs|strbr|  dualbound   | primalbound  |  gap   | compl. 
  0.1s|     1 |     0 |  1842 |     - |  5525k |   0 | 429 | 183 | 183 |   0 |  0 |   0 |   0 | 7.261049e+03 |      --      |    Inf | unknown
  0.1s|     1 |     0 |  1860 |     - |    19M |   0 | 429 | 183 | 184 |   1 |  1 |   0 |   0 | 7.246356e+03 |      --      |    Inf | unknown
  0.2s|     1 |     0 |  1899 |     - |    27M |   0 | 429 | 183 | 188 |   5 |  2 |   0 |   0 | 7.227462e+03 |      --      |    Inf | unknown
  0.2s|     1 |     0 |  1929 |     - |    36M |   0 | 429 | 183 | 191 |   8 |  3 |   0 |   0 | 7.213927e+03 |      --      |    Inf | unknown
  0.2s|     1 |     0 |  1979 |     - |    41M |   0 | 429 | 183 | 193 |  10 |  4 |   0 |   0 | 7.201982e+03 |      --      |    Inf | unknown
  0.3s|     1 |     0 |  2028 |     - |    49M |   0 | 429 | 183 | 195 |  12 |  5 |   0 |   0 | 7.196400e+03 |      --      |    Inf | unknown
  0.3s|     1 |     0 |  2082 |     - |    54M |   0 | 429 | 183 | 196 |  13 |  6 |   0 |   0 | 7.192857e+03 |      --      |    Inf | unknown
  0.4s|     1 |     0 |  2112 |     - |    59M |   0 | 429 | 183 | 197 |  14 |  7 |   0 |   0 | 7.190990e+03 |      --      |    Inf | unknown
  0.4s|     1 |     0 |  2169 |     - |    67M |   0 | 429 | 183 | 198 |  15 |  8 |   0 |   0 | 7.189790e+03 |      --      |    Inf | unknown
  0.5s|     1 |     0 |  2199 |     - |    73M |   0 | 429 | 183 | 199 |  16 |  9 |   0 |   0 | 7.188759e+03 |      --      |    Inf | unknown
  0.5s|     1 |     0 |  2230 |     - |    80M |   0 | 429 | 183 | 202 |  19 | 10 |   0 |   0 | 7.187341e+03 |      --      |    Inf | unknown
  0.5s|     1 |     0 |  2261 |     - |    80M |   0 | 429 | 183 | 205 |  22 | 11 |   0 |   0 | 7.186481e+03 |      --      |    Inf | unknown
  0.5s|     1 |     0 |  2271 |     - |    80M |   0 | 429 | 183 | 206 |  23 | 12 |   0 |   0 | 7.186342e+03 |      --      |    Inf | unknown
  0.6s|     1 |     0 |  2301 |     - |    80M |   0 | 429 | 183 | 208 |  25 | 13 |   0 |   0 | 7.185709e+03 |      --      |    Inf | unknown
  0.6s|     1 |     0 |  2334 |     - |    80M |   0 | 429 | 183 | 211 |  28 | 14 |   0 |   0 | 7.185231e+03 |      --      |    Inf | unknown
 time | node  | left  |LP iter|LP it/n|mem/heur|mdpt |vars |cons |rows |cuts |sepa|confs|strbr|  dualbound   | primalbound  |  gap   | compl. 
  0.6s|     1 |     0 |  2345 |     - |    80M |   0 | 429 | 183 | 212 |  29 | 15 |   0 |   0 | 7.185112e+03 |      --      |    Inf | unknown
  0.6s|     1 |     0 |  2352 |     - |    80M |   0 | 429 | 183 | 213 |  30 | 16 |   0 |   0 | 7.185084e+03 |      --      |    Inf | unknown
  0.6s|     1 |     0 |  2362 |     - |    80M |   0 | 429 | 183 | 212 |  31 | 17 |   0 |   0 | 7.184979e+03 |      --      |    Inf | unknown
  0.7s|     1 |     0 |  2363 |     - |    80M |   0 | 429 | 183 | 213 |  32 | 18 |   0 |   0 | 7.184977e+03 |      --      |    Inf | unknown
  0.7s|     1 |     0 |  2382 |     - |    80M |   0 | 429 | 183 | 214 |  33 | 19 |   0 |   0 | 7.184571e+03 |      --      |    Inf | unknown
  0.7s|     1 |     0 |  2392 |     - |    80M |   0 | 429 | 183 | 215 |  34 | 20 |   0 |   0 | 7.184455e+03 |      --      |    Inf | unknown
  0.7s|     1 |     0 |  2393 |     - |    80M |   0 | 429 | 183 | 216 |  35 | 21 |   0 |   0 | 7.184454e+03 |      --      |    Inf | unknown
  0.7s|     1 |     0 |  2400 |     - |    80M |   0 | 429 | 183 | 217 |  36 | 22 |   0 |   0 | 7.184423e+03 |      --      |    Inf | unknown
  0.8s|     1 |     0 |  2404 |     - |    80M |   0 | 429 | 183 | 217 |  37 | 23 |   0 |   0 | 7.184420e+03 |      --      |    Inf | unknown
  0.8s|     1 |     0 |  2406 |     - |    80M |   0 | 429 | 183 | 218 |  38 | 24 |   0 |   0 | 7.184418e+03 |      --      |    Inf | unknown
d 0.8s|     1 |     0 |  2406 |     - |linesear|   0 | 429 | 183 | 218 |   0 | 24 |   0 |   0 | 7.184418e+03 | 2.915854e+03 | 146.39%| unknown
d 0.8s|     1 |     0 |  2438 |     - |linesear|   0 | 429 | 183 | 218 |   0 | 24 |   0 |   0 | 7.184418e+03 | 3.104134e+03 | 131.45%| unknown
d 0.8s|     1 |     0 |  2524 |     - |linesear|   0 | 429 | 183 | 218 |   0 | 24 |   0 |   0 | 7.184418e+03 | 3.589141e+03 | 100.17%| unknown
d 0.8s|     1 |     0 |  2550 |     - |linesear|   0 | 429 | 183 | 218 |   0 | 24 |   0 |   0 | 7.184418e+03 | 4.062350e+03 |  76.85%| unknown
d 0.8s|     1 |     0 |  2579 |     - |linesear|   0 | 429 | 183 | 218 |   0 | 24 |   0 |   0 | 7.184418e+03 | 4.934468e+03 |  45.60%| unknown
 time | node  | left  |LP iter|LP it/n|mem/heur|mdpt |vars |cons |rows |cuts |sepa|confs|strbr|  dualbound   | primalbound  |  gap   | compl. 
d 0.8s|     1 |     0 |  2590 |     - |linesear|   0 | 429 | 183 | 218 |   0 | 24 |   0 |   0 | 7.184418e+03 | 6.876722e+03 |   4.47%| unknown
  0.8s|     1 |     0 |  2590 |     - |    80M |   0 | 429 | 183 | 218 |  38 | 24 |   0 |   0 | 7.184418e+03 | 6.876722e+03 |   4.47%| unknown
  0.8s|     1 |     0 |  2590 |     - |    80M |   0 | 429 | 183 | 218 |  38 | 24 |   0 |   0 | 7.184418e+03 | 6.876722e+03 |   4.47%| unknown
  0.8s|     1 |     0 |  2592 |     - |    80M |   0 | 429 | 183 | 219 |  39 | 25 |   0 |   0 | 7.184415e+03 | 6.876722e+03 |   4.47%| unknown
  0.8s|     1 |     0 |  2593 |     - |    80M |   0 | 429 | 183 | 220 |  40 | 26 |   0 |   0 | 7.184415e+03 | 6.876722e+03 |   4.47%| unknown
  1.0s|     1 |     2 |  2593 |     - |    80M |   0 | 429 | 183 | 220 |  40 | 26 |   0 |  22 | 7.165669e+03 | 6.876722e+03 |   4.20%| unknown
(run 1, node 1) restarting after 11 global fixings of integer variables

(restart) converted 37 cuts from the global cut pool into linear constraints

presolving:
(round 1, fast)       11 del vars, 0 del conss, 0 add conss, 0 chg bounds, 0 chg sides, 0 chg coeffs, 0 upgd conss, 0 impls, 199 clqs
(round 2, exhaustive) 11 del vars, 0 del conss, 0 add conss, 0 chg bounds, 0 chg sides, 0 chg coeffs, 16 upgd conss, 0 impls, 199 clqs
(round 3, exhaustive) 11 del vars, 1 del conss, 0 add conss, 0 chg bounds, 0 chg sides, 0 chg coeffs, 16 upgd conss, 0 impls, 199 clqs
presolving (4 rounds: 4 fast, 3 medium, 3 exhaustive):
 11 deleted vars, 1 deleted constraints, 0 added constraints, 0 tightened bounds, 0 added holes, 0 changed sides, 0 changed coefficients
 0 implications, 199 cliques
presolved problem has 418 variables (418 bin, 0 int, 0 impl, 0 cont) and 219 constraints
      2 constraints of type <knapsack>
    196 constraints of type <setppc>
     21 constraints of type <linear>
Presolving Time: 0.02
transformed 28/28 original solutions to the transformed problem space

 time | node  | left  |LP iter|LP it/n|mem/heur|mdpt |vars |cons |rows |cuts |sepa|confs|strbr|  dualbound   | primalbound  |  gap   | compl. 
  1.2s|     1 |     0 |  5107 |     - |    76M |   0 | 418 | 219 | 219 |   0 |  0 |   0 |  22 | 7.165669e+03 | 6.876722e+03 |   4.20%| unknown
  1.3s|     1 |     0 |  5176 |     - |    76M |   0 | 418 | 219 | 220 |   1 |  1 |   0 |  22 | 7.165669e+03 | 6.876722e+03 |   4.20%| unknown
  1.3s|     1 |     0 |  5211 |     - |    76M |   0 | 418 | 219 | 222 |   3 |  2 |   0 |  22 | 7.165669e+03 | 6.876722e+03 |   4.20%| unknown
  1.4s|     1 |     0 |  5259 |     - |    80M |   0 | 418 | 219 | 223 |   4 |  3 |   0 |  22 | 7.165669e+03 | 6.876722e+03 |   4.20%| unknown
  1.5s|     1 |     0 |  5304 |     - |    81M |   0 | 418 | 219 | 225 |   6 |  4 |   0 |  22 | 7.165669e+03 | 6.876722e+03 |   4.20%| unknown
  1.5s|     1 |     0 |  5343 |     - |    81M |   0 | 418 | 219 | 228 |   9 |  5 |   0 |  22 | 7.165669e+03 | 6.876722e+03 |   4.20%| unknown
  1.6s|     1 |     0 |  5382 |     - |    83M |   0 | 418 | 219 | 230 |  11 |  6 |   0 |  22 | 7.165669e+03 | 6.876722e+03 |   4.20%| unknown
  1.7s|     1 |     0 |  5443 |     - |    86M |   0 | 418 | 219 | 231 |  12 |  7 |   0 |  22 | 7.165669e+03 | 6.876722e+03 |   4.20%| unknown
  1.7s|     1 |     0 |  5515 |     - |    82M |   0 | 418 | 219 | 232 |  13 |  8 |   0 |  22 | 7.165669e+03 | 6.876722e+03 |   4.20%| unknown
  1.8s|     1 |     0 |  5546 |     - |    84M |   0 | 418 | 219 | 233 |  14 |  9 |   0 |  22 | 7.165669e+03 | 6.876722e+03 |   4.20%| unknown
  1.9s|     1 |     0 |  5587 |     - |    83M |   0 | 418 | 219 | 234 |  15 | 10 |   0 |  22 | 7.165669e+03 | 6.876722e+03 |   4.20%| unknown
  1.9s|     1 |     0 |  5636 |     - |    83M |   0 | 418 | 219 | 237 |  18 | 11 |   0 |  22 | 7.165669e+03 | 6.876722e+03 |   4.20%| unknown
  2.0s|     1 |     0 |  5667 |     - |    83M |   0 | 418 | 219 | 239 |  20 | 12 |   0 |  22 | 7.165669e+03 | 6.876722e+03 |   4.20%| unknown
  2.0s|     1 |     0 |  5692 |     - |    83M |   0 | 418 | 219 | 240 |  21 | 13 |   0 |  22 | 7.165669e+03 | 6.876722e+03 |   4.20%| unknown
  2.0s|     1 |     0 |  5717 |     - |    83M |   0 | 418 | 219 | 242 |  23 | 14 |   0 |  22 | 7.165669e+03 | 6.876722e+03 |   4.20%| unknown
 time | node  | left  |LP iter|LP it/n|mem/heur|mdpt |vars |cons |rows |cuts |sepa|confs|strbr|  dualbound   | primalbound  |  gap   | compl. 
  2.1s|     1 |     0 |  5730 |     - |    83M |   0 | 418 | 219 | 229 |  24 | 15 |   0 |  22 | 7.165669e+03 | 6.876722e+03 |   4.20%| unknown
  2.1s|     1 |     0 |  5761 |     - |    84M |   0 | 418 | 219 | 231 |  26 | 16 |   0 |  22 | 7.165669e+03 | 6.876722e+03 |   4.20%| unknown
  2.1s|     1 |     0 |  5785 |     - |    84M |   0 | 418 | 219 | 233 |  28 | 17 |   0 |  22 | 7.165669e+03 | 6.876722e+03 |   4.20%| unknown
  2.2s|     1 |     0 |  5791 |     - |    84M |   0 | 418 | 219 | 234 |  29 | 18 |   0 |  22 | 7.165669e+03 | 6.876722e+03 |   4.20%| unknown
  2.2s|     1 |     0 |  5794 |     - |    84M |   0 | 418 | 219 | 235 |  30 | 19 |   0 |  22 | 7.165669e+03 | 6.876722e+03 |   4.20%| unknown
  2.2s|     1 |     0 |  5824 |     - |    84M |   0 | 418 | 219 | 239 |  34 | 20 |   0 |  22 | 7.165669e+03 | 6.876722e+03 |   4.20%| unknown
  2.3s|     1 |     0 |  5904 |     - |    84M |   0 | 418 | 219 | 238 |  42 | 21 |   0 |  22 | 7.165669e+03 | 6.876722e+03 |   4.20%| unknown
  2.3s|     1 |     0 |  5904 |     - |    84M |   0 | 418 | 219 | 238 |  42 | 21 |   0 |  22 | 7.165669e+03 | 6.876722e+03 |   4.20%| unknown
  2.3s|     1 |     0 |  5907 |     - |    84M |   0 | 418 | 219 | 239 |  43 | 22 |   0 |  22 | 7.165669e+03 | 6.876722e+03 |   4.20%| unknown
  2.3s|     1 |     0 |  5974 |     - |    84M |   0 | 418 | 219 | 245 |  49 | 23 |   0 |  22 | 7.165669e+03 | 6.876722e+03 |   4.20%| unknown
  2.3s|     1 |     0 |  5974 |     - |    84M |   0 | 418 | 219 | 245 |  49 | 23 |   0 |  22 | 7.165669e+03 | 6.876722e+03 |   4.20%| unknown
  2.4s|     1 |     0 |  6009 |     - |    84M |   0 | 418 | 219 | 250 |  54 | 24 |   0 |  22 | 7.165669e+03 | 6.876722e+03 |   4.20%| unknown
  2.4s|     1 |     0 |  6033 |     - |    84M |   0 | 418 | 219 | 253 |  57 | 25 |   0 |  22 | 7.165669e+03 | 6.876722e+03 |   4.20%| unknown
  2.4s|     1 |     0 |  6043 |     - |    84M |   0 | 418 | 219 | 254 |  58 | 26 |   0 |  22 | 7.165669e+03 | 6.876722e+03 |   4.20%| unknown
  2.4s|     1 |     0 |  6050 |     - |    84M |   0 | 418 | 219 | 248 |  59 | 27 |   0 |  22 | 7.165669e+03 | 6.876722e+03 |   4.20%| unknown
 time | node  | left  |LP iter|LP it/n|mem/heur|mdpt |vars |cons |rows |cuts |sepa|confs|strbr|  dualbound   | primalbound  |  gap   | compl. 
  2.5s|     1 |     0 |  6056 |     - |    84M |   0 | 418 | 219 | 249 |  60 | 28 |   0 |  22 | 7.165669e+03 | 6.876722e+03 |   4.20%| unknown
  2.5s|     1 |     0 |  6083 |     - |    84M |   0 | 418 | 219 | 256 |  67 | 29 |   0 |  22 | 7.165669e+03 | 6.876722e+03 |   4.20%| unknown
  2.5s|     1 |     0 |  6095 |     - |    84M |   0 | 418 | 219 | 260 |  71 | 30 |   0 |  22 | 7.165669e+03 | 6.876722e+03 |   4.20%| unknown
  2.5s|     1 |     0 |  6099 |     - |    84M |   0 | 418 | 219 | 262 |  73 | 31 |   0 |  22 | 7.165669e+03 | 6.876722e+03 |   4.20%| unknown
  2.6s|     1 |     0 |  6101 |     - |    84M |   0 | 418 | 219 | 263 |  74 | 32 |   0 |  22 | 7.165669e+03 | 6.876722e+03 |   4.20%| unknown
  2.9s|     1 |     2 |  6465 |     - |    84M |   0 | 418 | 219 | 263 |  74 | 33 |   0 |  42 | 7.143632e+03 | 6.876722e+03 |   3.88%| unknown
* 3.0s|     4 |     3 |  6729 | 203.0 |strongbr|   2 | 418 | 219 | 223 |  74 |  1 |   0 |  81 | 7.131845e+03 | 7.032709e+03 |   1.41%| unknown

SCIP Status        : problem is solved [optimal solution found]
Solving Time (sec) : 3.25
Solving Nodes      : 7 (total of 8 nodes in 2 runs)
Primal Bound       : +7.03270865863646e+03 (106 solutions)
Dual Bound         : +7.03270865863646e+03
Gap                : 0.00 %
