presolving:
(round 1, fast)       0 del vars, 1 del conss, 0 add conss, 0 chg bounds, 0 chg sides, 0 chg coeffs, 0 upgd conss, 0 impls, 192 clqs
(round 2, fast)       1 del vars, 1 del conss, 0 add conss, 0 chg bounds, 0 chg sides, 0 chg coeffs, 0 upgd conss, 0 impls, 192 clqs
   (0.0s) running MILP presolver
   (0.0s) MILP presolver (2 rounds): 0 aggregations, 16 fixings, 0 bound changes
(round 3, medium)     17 del vars, 1 del conss, 0 add conss, 0 chg bounds, 0 chg sides, 0 chg coeffs, 0 upgd conss, 0 impls, 192 clqs
(round 4, exhaustive) 17 del vars, 5 del conss, 0 add conss, 0 chg bounds, 4 chg sides, 0 chg coeffs, 0 upgd conss, 0 impls, 192 clqs
(round 5, exhaustive) 17 del vars, 5 del conss, 0 add conss, 0 chg bounds, 4 chg sides, 0 chg coeffs, 188 upgd conss, 0 impls, 192 clqs
(round 6, medium)     55 del vars, 5 del conss, 0 add conss, 0 chg bounds, 4 chg sides, 38 chg coeffs, 188 upgd conss, 0 impls, 192 clqs
(round 7, fast)       71 del vars, 7 del conss, 0 add conss, 0 chg bounds, 4 chg sides, 38 chg coeffs, 188 upgd conss, 0 impls, 190 clqs
(round 8, exhaustive) 71 del vars, 9 del conss, 0 add conss, 0 chg bounds, 4 chg sides, 38 chg coeffs, 188 upgd conss, 0 impls, 190 clqs
   (0.0s) probing: 51/429 (11.9%) - 0 fixings, 0 aggregations, 0 implications, 0 bound changes
   (0.0s) probing aborted: 50/50 successive totally useless probings
   (0.0s) symmetry computation started: requiring (bin +, int +, cont +), (fixed: bin -, int -, cont -)
   (0.0s) no symmetry present (symcode time: 0.00)
presolving (9 rounds: 9 fast, 6 medium, 4 exhaustive):
 71 deleted vars, 9 deleted constraints, 0 added constraints, 0 tightened bounds, 0 added holes, 4 changed sides, 38 changed coefficients
 0 implications, 190 cliques
presolved problem has 429 variables (429 bin, 0 int, 0 impl, 0 cont) and 184 constraints
    184 constraints of type <setppc>
Presolving Time: 0.01

 time | node  | left  |LP iter|LP it/n|mem/heur|mdpt |vars |cons |rows |cuts |sepa|confs|strbr|  dualbound   | primalbound  |  gap   | compl. 
  0.1s|     1 |     0 |  1403 |     - |  5398k |   0 | 429 | 184 | 184 |   0 |  0 |   0 |   0 | 7.395105e+03 |      --      |    Inf | unknown
  0.1s|     1 |     0 |  1462 |     - |    10M |   0 | 429 | 184 | 186 |   2 |  1 |   0 |   0 | 7.377007e+03 |      --      |    Inf | unknown
  0.2s|     1 |     0 |  1481 |     - |    17M |   0 | 429 | 184 | 188 |   4 |  2 |   0 |   0 | 7.373094e+03 |      --      |    Inf | unknown
  0.2s|     1 |     0 |  1508 |     - |    22M |   0 | 429 | 184 | 190 |   6 |  3 |   0 |   0 | 7.368033e+03 |      --      |    Inf | unknown
  0.3s|     1 |     0 |  1529 |     - |    28M |   0 | 429 | 184 | 192 |   8 |  4 |   0 |   0 | 7.366483e+03 |      --      |    Inf | unknown
  0.3s|     1 |     0 |  1555 |     - |    33M |   0 | 429 | 184 | 194 |  10 |  5 |   0 |   0 | 7.364921e+03 |      --      |    Inf | unknown
  0.3s|     1 |     0 |  1594 |     - |    40M |   0 | 429 | 184 | 196 |  12 |  6 |   0 |   0 | 7.362467e+03 |      --      |    Inf | unknown
  0.4s|     1 |     0 |  1635 |     - |    46M |   0 | 429 | 184 | 199 |  15 |  7 |   0 |   0 | 7.360491e+03 |      --      |    Inf | unknown
  0.4s|     1 |     0 |  1674 |     - |    49M |   0 | 429 | 184 | 201 |  17 |  8 |   0 |   0 | 7.358895e+03 |      --      |    Inf | unknown
  0.5s|     1 |     0 |  1704 |     - |    54M |   0 | 429 | 184 | 203 |  19 |  9 |   0 |   0 | 7.357263e+03 |      --      |    Inf | unknown
  0.5s|     1 |     0 |  1741 |     - |    57M |   0 | 429 | 184 | 205 |  21 | 10 |   0 |   0 | 7.356285e+03 |      --      |    Inf | unknown
  0.5s|     1 |     0 |  1760 |     - |    57M |   0 | 429 | 184 | 208 |  24 | 11 |   0 |   0 | 7.355892e+03 |      --      |    Inf | unknown
  0.5s|     1 |     0 |  1796 |     - |    57M |   0 | 429 | 184 | 210 |  26 | 12 |   0 |   0 | 7.354840e+03 |      --      |    Inf | unknown
  0.5s|     1 |     0 |  1813 |     - |    57M |   0 | 429 | 184 | 212 |  28 | 13 |   0 |   0 | 7.354394e+03 |      --      |    Inf | unknown
  0.5s|     1 |     0 |  1840 |     - |    57M |   0 | 429 | 184 | 213 |  29 | 14 |   0 |   0 | 7.353436e+03 |      --      |    Inf | unknown
 time | node  | left  |LP iter|LP it/n|mem/heur|mdpt |vars |cons |rows |cuts |sepa|confs|strbr|  dualbound   | primalbound  |  gap   | compl. 
  0.6s|     1 |     0 |  1880 |     - |    57M |   0 | 429 | 184 | 216 |  32 | 15 |   0 |   0 | 7.351778e+03 |      --      |    Inf | unknown
  0.6s|     1 |     0 |  1907 |     - |    57M |   0 | 429 | 184 | 218 |  34 | 16 |   0 |   0 | 7.349439e+03 |      --      |    Inf | unknown
  0.6s|     1 |     0 |  1935 |     - |    57M |   0 | 429 | 184 | 219 |  36 | 17 |   0 |   0 | 7.347189e+03 |      --      |    Inf | unknown
  0.6s|     1 |     0 |  1987 |     - |    57M |   0 | 429 | 184 | 221 |  38 | 18 |   0 |   0 | 7.345415e+03 |      --      |    Inf | unknown
  0.6s|     1 |     0 |  2014 |     - |    57M |   0 | 429 | 184 | 223 |  40 | 19 |   0 |   0 | 7.344319e+03 |      --      |    Inf | unknown
  0.6s|     1 |     0 |  2036 |     - |    57M |   0 | 429 | 184 | 224 |  41 | 20 |   0 |   0 | 7.343726e+03 |      --      |    Inf | unknown
  0.6s|     1 |     0 |  2045 |     - |    57M |   0 | 429 | 184 | 226 |  43 | 21 |   0 |   0 | 7.343496e+03 |      --      |    Inf | unknown
  0.7s|     1 |     0 |  2062 |     - |    57M |   0 | 429 | 184 | 233 |  50 | 22 |   0 |   0 | 7.343079e+03 |      --      |    Inf | unknown
  0.7s|     1 |     0 |  2074 |     - |    57M |   0 | 429 | 184 | 235 |  57 | 23 |   0 |   0 | 7.342788e+03 |      --      |    Inf | unknown
  0.7s|     1 |     0 |  2078 |     - |    57M |   0 | 429 | 184 | 238 |  60 | 24 |   0 |   0 | 7.342781e+03 |      --      |    Inf | unknown
d 0.7s|     1 |     0 |  2078 |     - |linesear|   0 | 429 | 184 | 238 |   0 | 25 |   0 |   0 | 7.342781e+03 | 2.912944e+03 | 152.07%| unknown
d 0.7s|     1 |     0 |  2122 |     - |linesear|   0 | 429 | 184 | 238 |   0 | 25 |   0 |   0 | 7.342781e+03 | 2.986322e+03 | 145.88%| unknown
d 0.7s|     1 |     0 |  2151 |     - |linesear|   0 | 429 | 184 | 238 |   0 | 25 |   0 |   0 | 7.342781e+03 | 3.434374e+03 | 113.80%| unknown
d 0.7s|     1 |     0 |  2179 |     - |linesear|   0 | 429 | 184 | 238 |   0 | 25 |   0 |   0 | 7.342781e+03 | 4.244589e+03 |  72.99%| unknown
d 0.7s|     1 |     0 |  2191 |     - |linesear|   0 | 429 | 184 | 238 |   0 | 25 |   0 |   0 | 7.342781e+03 | 6.918422e+03 |   6.13%| unknown
 time | node  | left  |LP iter|LP it/n|mem/heur|mdpt |vars |cons |rows |cuts |sepa|confs|strbr|  dualbound   | primalbound  |  gap   | compl. 
d 0.7s|     1 |     0 |  2205 |     - |linesear|   0 | 429 | 184 | 238 |   0 | 25 |   0 |   0 | 7.342781e+03 | 7.259630e+03 |   1.15%| unknown
  0.7s|     1 |     0 |  2205 |     - |    57M |   0 | 429 | 184 | 238 |  60 | 25 |   0 |   0 | 7.342781e+03 | 7.259630e+03 |   1.15%| unknown
  0.7s|     1 |     0 |  2205 |     - |    57M |   0 | 429 | 184 | 219 |  60 | 25 |   0 |   0 | 7.342781e+03 | 7.259630e+03 |   1.15%| unknown
(run 1, node 1) restarting after 167 global fixings of integer variables

(restart) converted 54 cuts from the global cut pool into linear constraints

presolving:
(round 1, fast)       167 del vars, 0 del conss, 0 add conss, 0 chg bounds, 0 chg sides, 0 chg coeffs, 0 upgd conss, 0 impls, 205 clqs
   (0.7s) running MILP presolver
   (0.7s) MILP presolver found nothing
(round 2, medium)     168 del vars, 0 del conss, 0 add conss, 0 chg bounds, 0 chg sides, 1 chg coeffs, 0 upgd conss, 0 impls, 205 clqs
(round 3, exhaustive) 168 del vars, 27 del conss, 0 add conss, 0 chg bounds, 0 chg sides, 1 chg coeffs, 0 upgd conss, 0 impls, 205 clqs
(round 4, exhaustive) 168 del vars, 28 del conss, 0 add conss, 0 chg bounds, 1 chg sides, 1 chg coeffs, 0 upgd conss, 0 impls, 205 clqs
(round 5, exhaustive) 168 del vars, 28 del conss, 0 add conss, 0 chg bounds, 1 chg sides, 1 chg coeffs, 45 upgd conss, 0 impls, 205 clqs
(round 6, exhaustive) 168 del vars, 30 del conss, 0 add conss, 0 chg bounds, 1 chg sides, 1 chg coeffs, 45 upgd conss, 0 impls, 205 clqs
(round 7, exhaustive) 169 del vars, 30 del conss, 0 add conss, 0 chg bounds, 1 chg sides, 1 chg coeffs, 45 upgd conss, 0 impls, 205 clqs
(round 8, exhaustive) 169 del vars, 31 del conss, 0 add conss, 0 chg bounds, 1 chg sides, 1 chg coeffs, 45 upgd conss, 0 impls, 205 clqs
presolving (9 rounds: 9 fast, 8 medium, 7 exhaustive):
 169 deleted vars, 31 deleted constraints, 0 added constraints, 0 tightened bounds, 0 added holes, 1 changed sides, 1 changed coefficients
 0 implications, 205 cliques
presolved problem has 260 variables (260 bin, 0 int, 0 impl, 0 cont) and 188 constraints
     12 constraints of type <knapsack>
    168 constraints of type <setppc>
      8 constraints of type <linear>
Presolving Time: 0.02
transformed 6/6 original solutions to the transformed problem space

 time | node  | left  |LP iter|LP it/n|mem/heur|mdpt |vars |cons |rows |cuts |sepa|confs|strbr|  dualbound   | primalbound  |  gap   | compl. 
  0.8s|     1 |     0 |  3681 |     - |    53M |   0 | 260 | 188 | 188 |   0 |  0 |   0 |   0 | 7.342781e+03 | 7.259630e+03 |   1.15%| unknown
  0.8s|     1 |     0 |  3681 |     - |    53M |   0 | 260 | 188 | 188 |   0 |  0 |   0 |   0 | 7.342781e+03 | 7.259630e+03 |   1.15%| unknown
  0.8s|     1 |     0 |  3755 |     - |    54M |   0 | 260 | 188 | 189 |   1 |  1 |   0 |   0 | 7.339526e+03 | 7.259630e+03 |   1.10%| unknown
  0.8s|     1 |     0 |  3755 |     - |    54M |   0 | 260 | 188 | 189 |   1 |  1 |   0 |   0 | 7.339526e+03 | 7.259630e+03 |   1.10%| unknown
  0.9s|     1 |     0 |  3789 |     - |    55M |   0 | 260 | 188 | 190 |   2 |  2 |   0 |   0 | 7.338705e+03 | 7.259630e+03 |   1.09%| unknown
  0.9s|     1 |     0 |  3836 |     - |    55M |   0 | 260 | 188 | 191 |   3 |  3 |   0 |   0 | 7.337154e+03 | 7.259630e+03 |   1.07%| unknown
  0.9s|     1 |     0 |  3836 |     - |    55M |   0 | 260 | 188 | 191 |   3 |  3 |   0 |   0 | 7.337154e+03 | 7.259630e+03 |   1.07%| unknown
  0.9s|     1 |     0 |  3861 |     - |    56M |   0 | 260 | 188 | 192 |   4 |  4 |   0 |   0 | 7.335908e+03 | 7.259630e+03 |   1.05%| unknown
  1.0s|     1 |     0 |  3899 |     - |    56M |   0 | 260 | 188 | 194 |   6 |  5 |   0 |   0 | 7.334642e+03 | 7.259630e+03 |   1.03%| unknown
  1.0s|     1 |     0 |  3899 |     - |    56M |   0 | 260 | 188 | 194 |   6 |  5 |   0 |   0 | 7.334642e+03 | 7.259630e+03 |   1.03%| unknown
  1.0s|     1 |     0 |  3923 |     - |    56M |   0 | 260 | 188 | 196 |   8 |  6 |   0 |   0 | 7.334420e+03 | 7.259630e+03 |   1.03%| unknown
  1.0s|     1 |     0 |  3954 |     - |    58M |   0 | 260 | 188 | 197 |   9 |  7 |   0 |   0 | 7.334181e+03 | 7.259630e+03 |   1.03%| unknown
  1.1s|     1 |     0 |  3995 |     - |    58M |   0 | 260 | 188 | 198 |  10 |  8 |   0 |   0 | 7.333603e+03 | 7.259630e+03 |   1.02%| unknown
  1.1s|     1 |     0 |  4031 |     - |    59M |   0 | 260 | 188 | 199 |  11 |  9 |   0 |   0 | 7.333354e+03 | 7.259630e+03 |   1.02%| unknown
  1.1s|     1 |     0 |  4031 |     - |    59M |   0 | 260 | 188 | 199 |  11 |  9 |   0 |   0 | 7.333354e+03 | 7.259630e+03 |   1.02%| unknown
 time | node  | left  |LP iter|LP it/n|mem/heur|mdpt |vars |cons |rows |cuts |sepa|confs|strbr|  dualbound   | primalbound  |  gap   | compl. 
  1.1s|     1 |     0 |  4056 |     - |    65M |   0 | 260 | 188 | 200 |  12 | 10 |   0 |   0 | 7.333218e+03 | 7.259630e+03 |   1.01%| unknown
  1.1s|     1 |     0 |  4088 |     - |    65M |   0 | 260 | 188 | 184 |  15 | 11 |   0 |   0 | 7.333153e+03 | 7.259630e+03 |   1.01%| unknown
  1.2s|     1 |     0 |  4104 |     - |    65M |   0 | 260 | 188 | 185 |  16 | 12 |   0 |   0 | 7.333107e+03 | 7.259630e+03 |   1.01%| unknown
  1.2s|     1 |     0 |  4111 |     - |    65M |   0 | 260 | 188 | 186 |  17 | 13 |   0 |   0 | 7.333085e+03 | 7.259630e+03 |   1.01%| unknown
  1.2s|     1 |     0 |  4126 |     - |    65M |   0 | 260 | 188 | 187 |  18 | 14 |   0 |   0 | 7.333047e+03 | 7.259630e+03 |   1.01%| unknown
  1.2s|     1 |     0 |  4143 |     - |    65M |   0 | 260 | 188 | 188 |  19 | 15 |   0 |   0 | 7.332980e+03 | 7.259630e+03 |   1.01%| unknown
  1.2s|     1 |     0 |  4165 |     - |    65M |   0 | 260 | 188 | 190 |  21 | 16 |   0 |   0 | 7.332950e+03 | 7.259630e+03 |   1.01%| unknown
  1.2s|     1 |     0 |  4179 |     - |    65M |   0 | 260 | 188 | 184 |  22 | 17 |   0 |   0 | 7.332926e+03 | 7.259630e+03 |   1.01%| unknown
  1.2s|     1 |     0 |  4196 |     - |    65M |   0 | 260 | 188 | 185 |  23 | 18 |   0 |   0 | 7.332875e+03 | 7.259630e+03 |   1.01%| unknown
  1.4s|     1 |     2 |  4505 |     - |    66M |   0 | 260 | 197 | 185 |  23 | 18 |   9 |  22 | 7.329186e+03 | 7.259630e+03 |   0.96%| unknown
(run 2, node 1) restarting after 9 global fixings of integer variables

(restart) converted 21 cuts from the global cut pool into linear constraints

presolving:
(round 1, fast)       9 del vars, 0 del conss, 0 add conss, 0 chg bounds, 0 chg sides, 0 chg coeffs, 0 upgd conss, 0 impls, 205 clqs
(round 2, exhaustive) 9 del vars, 1 del conss, 0 add conss, 0 chg bounds, 0 chg sides, 0 chg coeffs, 0 upgd conss, 0 impls, 205 clqs
(round 3, exhaustive) 9 del vars, 1 del conss, 0 add conss, 0 chg bounds, 0 chg sides, 0 chg coeffs, 12 upgd conss, 0 impls, 205 clqs
(round 4, exhaustive) 9 del vars, 1 del conss, 0 add conss, 0 chg bounds, 0 chg sides, 1 chg coeffs, 12 upgd conss, 0 impls, 205 clqs
(round 5, exhaustive) 9 del vars, 1 del conss, 0 add conss, 0 chg bounds, 0 chg sides, 2 chg coeffs, 12 upgd conss, 0 impls, 205 clqs
(round 6, exhaustive) 9 del vars, 1 del conss, 0 add conss, 0 chg bounds, 0 chg sides, 3 chg coeffs, 12 upgd conss, 0 impls, 205 clqs
(round 7, exhaustive) 9 del vars, 1 del conss, 0 add conss, 0 chg bounds, 0 chg sides, 4 chg coeffs, 12 upgd conss, 0 impls, 205 clqs
presolving (8 rounds: 8 fast, 7 medium, 7 exhaustive):
 9 deleted vars, 1 deleted constraints, 0 added constraints, 0 tightened bounds, 0 added holes, 0 changed sides, 4 changed coefficients
 0 implications, 205 cliques
presolved problem has 251 variables (251 bin, 0 int, 0 impl, 0 cont) and 217 constraints
     21 constraints of type <knapsack>
    170 constraints of type <setppc>
     17 constraints of type <linear>
      9 constraints of type <logicor>
Presolving Time: 0.03
transformed 35/35 original solutions to the transformed problem space

 time | node  | left  |LP iter|LP it/n|mem/heur|mdpt |vars |cons |rows |cuts |sepa|confs|strbr|  dualbound   | primalbound  |  gap   | compl. 
  1.4s|     1 |     0 |  5969 |     - |    65M |   0 | 251 | 217 | 208 |   0 |  0 |   9 |  22 | 7.329186e+03 | 7.259630e+03 |   0.96%| unknown
  1.5s|     1 |     0 |  5994 |     - |    65M |   0 | 251 | 217 | 209 |   1 |  1 |   9 |  22 | 7.329186e+03 | 7.259630e+03 |   0.96%| unknown
  1.5s|     1 |     0 |  6029 |     - |    65M |   0 | 251 | 217 | 210 |   2 |  2 |   9 |  22 | 7.329186e+03 | 7.259630e+03 |   0.96%| unknown
  1.5s|     1 |     0 |  6042 |     - |    65M |   0 | 251 | 217 | 212 |   4 |  3 |   9 |  22 | 7.329186e+03 | 7.259630e+03 |   0.96%| unknown
  1.6s|     1 |     0 |  6086 |     - |    65M |   0 | 251 | 217 | 213 |   5 |  4 |   9 |  22 | 7.329186e+03 | 7.259630e+03 |   0.96%| unknown
  1.6s|     1 |     0 |  6147 |     - |    65M |   0 | 251 | 217 | 214 |   6 |  5 |   9 |  22 | 7.329186e+03 | 7.259630e+03 |   0.96%| unknown
  1.7s|     1 |     0 |  6162 |     - |    66M |   0 | 251 | 217 | 215 |   7 |  6 |   9 |  22 | 7.329186e+03 | 7.259630e+03 |   0.96%| unknown
  1.7s|     1 |     0 |  6198 |     - |    68M |   0 | 251 | 217 | 217 |   9 |  7 |   9 |  22 | 7.329186e+03 | 7.259630e+03 |   0.96%| unknown
  1.7s|     1 |     0 |  6258 |     - |    68M |   0 | 251 | 217 | 218 |  10 |  8 |   9 |  22 | 7.329186e+03 | 7.259630e+03 |   0.96%| unknown
  1.8s|     1 |     0 |  6288 |     - |    70M |   0 | 251 | 217 | 221 |  13 |  9 |   9 |  22 | 7.329186e+03 | 7.259630e+03 |   0.96%| unknown
  1.8s|     1 |     0 |  6363 |     - |    71M |   0 | 251 | 217 | 223 |  15 | 10 |   9 |  22 | 7.329186e+03 | 7.259630e+03 |   0.96%| unknown
  1.8s|     1 |     0 |  6363 |     - |    71M |   0 | 251 | 217 | 223 |  15 | 10 |   9 |  22 | 7.329186e+03 | 7.259630e+03 |   0.96%| unknown
  1.9s|     1 |     0 |  6411 |     - |    72M |   0 | 251 | 217 | 224 |  16 | 11 |   9 |  22 | 7.329186e+03 | 7.259630e+03 |   0.96%| unknown
d 1.9s|     1 |     0 |  6710 |     - |linesear|   0 | 251 | 217 | 224 |   0 | 11 |   9 |  22 | 7.329186e+03 | 7.300769e+03 |   0.39%| unknown
  1.9s|     1 |     0 |  6710 |     - |    72M |   0 | 251 | 217 | 224 |  16 | 11 |   9 |  22 | 7.329186e+03 | 7.300769e+03 |   0.39%| unknown
 time | node  | left  |LP iter|LP it/n|mem/heur|mdpt |vars |cons |rows |cuts |sepa|confs|strbr|  dualbound   | primalbound  |  gap   | compl. 
  1.9s|     1 |     0 |  6710 |     - |    72M |   0 | 251 | 217 | 219 |  16 | 11 |   9 |  22 | 7.329186e+03 | 7.300769e+03 |   0.39%| unknown
  1.9s|     1 |     0 |  6724 |     - |    72M |   0 | 251 | 212 | 220 |  17 | 12 |   9 |  22 | 7.329186e+03 | 7.300769e+03 |   0.39%| unknown
  1.9s|     1 |     0 |  6751 |     - |    72M |   0 | 251 | 212 | 221 |  18 | 13 |   9 |  22 | 7.329186e+03 | 7.300769e+03 |   0.39%| unknown
  2.1s|     1 |     2 |  6751 |     - |    72M |   0 | 251 | 212 | 221 |  18 | 13 |   9 |  41 | 7.328088e+03 | 7.300769e+03 |   0.37%| unknown

SCIP Status        : problem is solved [optimal solution found]
Solving Time (sec) : 2.19
Solving Nodes      : 3 (total of 5 nodes in 3 runs)
Primal Bound       : +7.30076921036357e+03 (79 solutions)
Dual Bound         : +7.30076921036357e+03
Gap                : 0.00 %
