presolving:
   (0.0s) running MILP presolver
   (0.0s) MILP presolver (2 rounds): 0 aggregations, 24 fixings, 0 bound changes
(round 1, medium)     24 del vars, 0 del conss, 0 add conss, 0 chg bounds, 0 chg sides, 0 chg coeffs, 0 upgd conss, 0 impls, 192 clqs
(round 2, fast)       24 del vars, 1 del conss, 0 add conss, 0 chg bounds, 0 chg sides, 0 chg coeffs, 0 upgd conss, 0 impls, 192 clqs
(round 3, exhaustive) 24 del vars, 5 del conss, 0 add conss, 0 chg bounds, 4 chg sides, 0 chg coeffs, 0 upgd conss, 0 impls, 192 clqs
(round 4, exhaustive) 24 del vars, 5 del conss, 0 add conss, 0 chg bounds, 4 chg sides, 0 chg coeffs, 188 upgd conss, 0 impls, 192 clqs
(round 5, medium)     70 del vars, 5 del conss, 0 add conss, 0 chg bounds, 4 chg sides, 46 chg coeffs, 188 upgd conss, 0 impls, 192 clqs
(round 6, fast)       105 del vars, 7 del conss, 0 add conss, 0 chg bounds, 4 chg sides, 46 chg coeffs, 188 upgd conss, 0 impls, 190 clqs
   (0.0s) running MILP presolver
   (0.0s) MILP presolver (2 rounds): 0 aggregations, 1 fixings, 0 bound changes
(round 7, medium)     106 del vars, 7 del conss, 0 add conss, 0 chg bounds, 4 chg sides, 46 chg coeffs, 188 upgd conss, 0 impls, 190 clqs
(round 8, exhaustive) 106 del vars, 12 del conss, 0 add conss, 0 chg bounds, 4 chg sides, 46 chg coeffs, 188 upgd conss, 0 impls, 190 clqs
   (0.0s) probing: 51/394 (12.9%) - 0 fixings, 0 aggregations, 0 implications, 0 bound changes
   (0.0s) probing aborted: 50/50 successive totally useless probings
   (0.0s) symmetry computation started: requiring (bin +, int +, cont +), (fixed: bin -, int -, cont -)
   (0.0s) no symmetry present (symcode time: 0.00)
presolving (9 rounds: 9 fast, 7 medium, 4 exhaustive):
 106 deleted vars, 12 deleted constraints, 0 added constraints, 0 tightened bounds, 0 added holes, 4 changed sides, 46 changed coefficients
 0 implications, 190 cliques
presolved problem has 394 variables (394 bin, 0 int, 0 impl, 0 cont) and 181 constraints
    181 constraints of type <setppc>
Presolving Time: 0.01

 time | node  | left  |LP iter|LP it/n|mem/heur|mdpt |vars |cons |rows |cuts |sepa|confs|strbr|  dualbound   | primalbound  |  gap   | compl. 
  0.1s|     1 |     0 |  1661 |     - |  4884k |   0 | 394 | 181 | 181 |   0 |  0 |   0 |   0 | 8.160338e+03 |      --      |    Inf | unknown
  0.1s|     1 |     0 |  1743 |     - |    13M |   0 | 394 | 181 | 184 |   3 |  1 |   0 |   0 | 8.129386e+03 |      --      |    Inf | unknown
  0.1s|     1 |     0 |  1767 |     - |    18M |   0 | 394 | 181 | 186 |   5 |  2 |   0 |   0 | 8.121955e+03 |      --      |    Inf | unknown
  0.2s|     1 |     0 |  1795 |     - |    22M |   0 | 394 | 181 | 188 |   7 |  3 |   0 |   0 | 8.117305e+03 |      --      |    Inf | unknown
  0.2s|     1 |     0 |  1815 |     - |    24M |   0 | 394 | 181 | 189 |   8 |  4 |   0 |   0 | 8.116386e+03 |      --      |    Inf | unknown
  0.3s|     1 |     0 |  1843 |     - |    29M |   0 | 394 | 181 | 191 |  10 |  5 |   0 |   0 | 8.114792e+03 |      --      |    Inf | unknown
  0.3s|     1 |     0 |  1880 |     - |    35M |   0 | 394 | 181 | 194 |  13 |  6 |   0 |   0 | 8.113174e+03 |      --      |    Inf | unknown
  0.3s|     1 |     0 |  1906 |     - |    41M |   0 | 394 | 181 | 195 |  14 |  7 |   0 |   0 | 8.111943e+03 |      --      |    Inf | unknown
  0.4s|     1 |     0 |  1929 |     - |    43M |   0 | 394 | 181 | 196 |  15 |  8 |   0 |   0 | 8.111558e+03 |      --      |    Inf | unknown
  0.4s|     1 |     0 |  1947 |     - |    50M |   0 | 394 | 181 | 199 |  18 |  9 |   0 |   0 | 8.110933e+03 |      --      |    Inf | unknown
  0.5s|     1 |     0 |  1988 |     - |    55M |   0 | 394 | 181 | 200 |  19 | 10 |   0 |   0 | 8.109441e+03 |      --      |    Inf | unknown
  0.5s|     1 |     0 |  2012 |     - |    55M |   0 | 394 | 181 | 202 |  21 | 11 |   0 |   0 | 8.108792e+03 |      --      |    Inf | unknown
  0.5s|     1 |     0 |  2028 |     - |    55M |   0 | 394 | 181 | 204 |  23 | 12 |   0 |   0 | 8.108470e+03 |      --      |    Inf | unknown
  0.5s|     1 |     0 |  2051 |     - |    55M |   0 | 394 | 181 | 207 |  26 | 13 |   0 |   0 | 8.108085e+03 |      --      |    Inf | unknown
  0.5s|     1 |     0 |  2070 |     - |    55M |   0 | 394 | 181 | 209 |  28 | 14 |   0 |   0 | 8.107420e+03 |      --      |    Inf | unknown
 time | node  | left  |LP iter|LP it/n|mem/heur|mdpt |vars |cons |rows |cuts |sepa|confs|strbr|  dualbound   | primalbound  |  gap   | compl. 
  0.5s|     1 |     0 |  2102 |     - |    55M |   0 | 394 | 181 | 211 |  30 | 15 |   0 |   0 | 8.106803e+03 |      --      |    Inf | unknown
  0.5s|     1 |     0 |  2132 |     - |    55M |   0 | 394 | 181 | 214 |  33 | 16 |   0 |   0 | 8.105446e+03 |      --      |    Inf | unknown
  0.6s|     1 |     0 |  2153 |     - |    55M |   0 | 394 | 181 | 215 |  35 | 17 |   0 |   0 | 8.103913e+03 |      --      |    Inf | unknown
  0.6s|     1 |     0 |  2155 |     - |    55M |   0 | 394 | 181 | 216 |  36 | 18 |   0 |   0 | 8.103855e+03 |      --      |    Inf | unknown
  0.6s|     1 |     0 |  2179 |     - |    55M |   0 | 394 | 181 | 219 |  39 | 19 |   0 |   0 | 8.103381e+03 |      --      |    Inf | unknown
  0.6s|     1 |     0 |  2205 |     - |    55M |   0 | 394 | 181 | 221 |  41 | 20 |   0 |   0 | 8.102575e+03 |      --      |    Inf | unknown
  0.6s|     1 |     0 |  2215 |     - |    55M |   0 | 394 | 181 | 223 |  43 | 21 |   0 |   0 | 8.102278e+03 |      --      |    Inf | unknown
  0.6s|     1 |     0 |  2230 |     - |    55M |   0 | 394 | 181 | 226 |  46 | 22 |   0 |   0 | 8.102076e+03 |      --      |    Inf | unknown
  0.6s|     1 |     0 |  2235 |     - |    55M |   0 | 394 | 181 | 222 |  47 | 23 |   0 |   0 | 8.102021e+03 |      --      |    Inf | unknown
  0.7s|     1 |     0 |  2238 |     - |    55M |   0 | 394 | 181 | 223 |  48 | 24 |   0 |   0 | 8.102009e+03 |      --      |    Inf | unknown
  0.7s|     1 |     0 |  2246 |     - |    55M |   0 | 394 | 181 | 225 |  50 | 25 |   0 |   0 | 8.101825e+03 |      --      |    Inf | unknown
  0.7s|     1 |     0 |  2250 |     - |    55M |   0 | 394 | 181 | 226 |  51 | 26 |   0 |   0 | 8.101820e+03 |      --      |    Inf | unknown
  0.7s|     1 |     0 |  2260 |     - |    55M |   0 | 394 | 181 | 229 |  54 | 27 |   0 |   0 | 8.101598e+03 |      --      |    Inf | unknown
  0.7s|     1 |     0 |  2263 |     - |    55M |   0 | 394 | 181 | 230 |  55 | 28 |   0 |   0 | 8.101588e+03 |      --      |    Inf | unknown
  0.7s|     1 |     0 |  2276 |     - |    55M |   0 | 394 | 181 | 225 |  58 | 29 |   0 |   0 | 8.101199e+03 |      --      |    Inf | unknown
 time | node  | left  |LP iter|LP it/n|mem/heur|mdpt |vars |cons |rows |cuts |sepa|confs|strbr|  dualbound   | primalbound  |  gap   | compl. 
  0.7s|     1 |     0 |  2279 |     - |    55M |   0 | 394 | 181 | 227 |  60 | 30 |   0 |   0 | 8.101193e+03 |      --      |    Inf | unknown
d 0.7s|     1 |     0 |  2279 |     - |linesear|   0 | 394 | 181 | 227 |   0 | 30 |   0 |   0 | 8.101193e+03 | 3.533390e+03 | 129.28%| unknown
d 0.7s|     1 |     0 |  2319 |     - |linesear|   0 | 394 | 181 | 227 |   0 | 30 |   0 |   0 | 8.101193e+03 | 3.867455e+03 | 109.47%| unknown
d 0.7s|     1 |     0 |  2358 |     - |linesear|   0 | 394 | 181 | 227 |   0 | 30 |   0 |   0 | 8.101193e+03 | 4.326144e+03 |  87.26%| unknown
d 0.7s|     1 |     0 |  2383 |     - |linesear|   0 | 394 | 181 | 227 |   0 | 30 |   0 |   0 | 8.101193e+03 | 5.182443e+03 |  56.32%| unknown
d 0.7s|     1 |     0 |  2399 |     - |linesear|   0 | 394 | 181 | 227 |   0 | 30 |   0 |   0 | 8.101193e+03 | 6.104971e+03 |  32.70%| unknown
d 0.7s|     1 |     0 |  2412 |     - |linesear|   0 | 394 | 181 | 227 |   0 | 30 |   0 |   0 | 8.101193e+03 | 8.023505e+03 |   0.97%| unknown
  0.7s|     1 |     0 |  2412 |     - |    55M |   0 | 394 | 181 | 227 |  60 | 30 |   0 |   0 | 8.101193e+03 | 8.023505e+03 |   0.97%| unknown
  0.7s|     1 |     0 |  2412 |     - |    55M |   0 | 394 | 181 | 211 |  60 | 30 |   0 |   0 | 8.101193e+03 | 8.023505e+03 |   0.97%| unknown
  0.8s|     1 |     0 |  2414 |     - |    55M |   0 | 394 | 165 | 212 |  61 | 31 |   0 |   0 | 8.101191e+03 | 8.023505e+03 |   0.97%| unknown
  0.8s|     1 |     0 |  2414 |     - |    55M |   0 | 394 | 165 | 212 |  61 | 31 |   0 |   0 | 8.101191e+03 | 8.023505e+03 |   0.97%| unknown
(run 1, node 1) restarting after 125 global fixings of integer variables

(restart) converted 47 cuts from the global cut pool into linear constraints

presolving:
(round 1, fast)       125 del vars, 1 del conss, 0 add conss, 0 chg bounds, 0 chg sides, 0 chg coeffs, 0 upgd conss, 0 impls, 198 clqs
   (0.8s) running MILP presolver
   (0.8s) MILP presolver found nothing
(round 2, exhaustive) 125 del vars, 13 del conss, 0 add conss, 0 chg bounds, 0 chg sides, 0 chg coeffs, 0 upgd conss, 0 impls, 198 clqs
(round 3, exhaustive) 125 del vars, 13 del conss, 0 add conss, 0 chg bounds, 0 chg sides, 0 chg coeffs, 39 upgd conss, 0 impls, 198 clqs
(round 4, exhaustive) 125 del vars, 13 del conss, 0 add conss, 0 chg bounds, 0 chg sides, 2 chg coeffs, 39 upgd conss, 0 impls, 198 clqs
(round 5, exhaustive) 125 del vars, 13 del conss, 0 add conss, 0 chg bounds, 0 chg sides, 3 chg coeffs, 39 upgd conss, 0 impls, 198 clqs
(round 6, exhaustive) 125 del vars, 14 del conss, 0 add conss, 0 chg bounds, 0 chg sides, 3 chg coeffs, 39 upgd conss, 0 impls, 198 clqs
presolving (7 rounds: 7 fast, 6 medium, 6 exhaustive):
 125 deleted vars, 14 deleted constraints, 0 added constraints, 0 tightened bounds, 0 added holes, 0 changed sides, 3 changed coefficients
 0 implications, 198 cliques
presolved problem has 269 variables (269 bin, 0 int, 0 impl, 0 cont) and 198 constraints
     13 constraints of type <knapsack>
    177 constraints of type <setppc>
      8 constraints of type <linear>
Presolving Time: 0.02
transformed 6/6 original solutions to the transformed problem space

 time | node  | left  |LP iter|LP it/n|mem/heur|mdpt |vars |cons |rows |cuts |sepa|confs|strbr|  dualbound   | primalbound  |  gap   | compl. 
  0.8s|     1 |     0 |  3948 |     - |    48M |   0 | 269 | 198 | 198 |   0 |  0 |   0 |   0 | 8.101191e+03 | 8.023505e+03 |   0.97%| unknown
  0.8s|     1 |     0 |  3948 |     - |    48M |   0 | 269 | 198 | 198 |   0 |  0 |   0 |   0 | 8.101191e+03 | 8.023505e+03 |   0.97%| unknown
  0.9s|     1 |     0 |  4007 |     - |    48M |   0 | 269 | 198 | 199 |   1 |  1 |   0 |   0 | 8.097465e+03 | 8.023505e+03 |   0.92%| unknown
  0.9s|     1 |     0 |  4007 |     - |    48M |   0 | 269 | 198 | 198 |   1 |  1 |   0 |   0 | 8.097465e+03 | 8.023505e+03 |   0.92%| unknown
  0.9s|     1 |     0 |  4048 |     - |    50M |   0 | 269 | 197 | 199 |   2 |  2 |   0 |   0 | 8.095545e+03 | 8.023505e+03 |   0.90%| unknown
  0.9s|     1 |     0 |  4048 |     - |    50M |   0 | 269 | 197 | 199 |   2 |  2 |   0 |   0 | 8.095545e+03 | 8.023505e+03 |   0.90%| unknown
  1.0s|     1 |     0 |  4062 |     - |    50M |   0 | 269 | 197 | 201 |   4 |  3 |   0 |   0 | 8.095416e+03 | 8.023505e+03 |   0.90%| unknown
  1.0s|     1 |     0 |  4099 |     - |    52M |   0 | 269 | 197 | 203 |   6 |  4 |   0 |   0 | 8.094592e+03 | 8.023505e+03 |   0.89%| unknown
  1.1s|     1 |     0 |  4139 |     - |    52M |   0 | 269 | 197 | 204 |   7 |  5 |   0 |   0 | 8.094141e+03 | 8.023505e+03 |   0.88%| unknown
  1.1s|     1 |     0 |  4169 |     - |    53M |   0 | 269 | 197 | 205 |   8 |  6 |   0 |   0 | 8.093897e+03 | 8.023505e+03 |   0.88%| unknown
  1.2s|     1 |     0 |  4210 |     - |    53M |   0 | 269 | 197 | 206 |   9 |  7 |   0 |   0 | 8.093576e+03 | 8.023505e+03 |   0.87%| unknown
  1.2s|     1 |     0 |  4222 |     - |    56M |   0 | 269 | 197 | 208 |  11 |  8 |   0 |   0 | 8.093517e+03 | 8.023505e+03 |   0.87%| unknown
  1.3s|     1 |     0 |  4274 |     - |    64M |   0 | 269 | 197 | 209 |  12 |  9 |   0 |   0 | 8.093305e+03 | 8.023505e+03 |   0.87%| unknown
  1.3s|     1 |     0 |  4298 |     - |    65M |   0 | 269 | 197 | 201 |  13 | 10 |   0 |   0 | 8.093133e+03 | 8.023505e+03 |   0.87%| unknown
  1.3s|     1 |     0 |  4327 |     - |    65M |   0 | 269 | 197 | 202 |  14 | 11 |   0 |   0 | 8.092859e+03 | 8.023505e+03 |   0.86%| unknown
 time | node  | left  |LP iter|LP it/n|mem/heur|mdpt |vars |cons |rows |cuts |sepa|confs|strbr|  dualbound   | primalbound  |  gap   | compl. 
  1.3s|     1 |     0 |  4342 |     - |    65M |   0 | 269 | 197 | 204 |  16 | 12 |   0 |   0 | 8.092674e+03 | 8.023505e+03 |   0.86%| unknown
  1.3s|     1 |     0 |  4342 |     - |    65M |   0 | 269 | 197 | 204 |  16 | 12 |   0 |   0 | 8.092674e+03 | 8.023505e+03 |   0.86%| unknown
  1.3s|     1 |     0 |  4366 |     - |    65M |   0 | 269 | 197 | 205 |  17 | 13 |   0 |   0 | 8.092466e+03 | 8.023505e+03 |   0.86%| unknown
  1.4s|     1 |     0 |  4391 |     - |    65M |   0 | 269 | 197 | 207 |  19 | 14 |   0 |   0 | 8.092308e+03 | 8.023505e+03 |   0.86%| unknown
  1.5s|     1 |     2 |  4680 |     - |    65M |   0 | 269 | 204 | 207 |  19 | 14 |   7 |  19 | 8.081497e+03 | 8.023505e+03 |   0.72%| unknown
* 1.9s|     6 |     1 |  5147 | 148.2 |strongbr|   3 | 269 | 205 | 180 |  19 |  2 |  25 | 160 | 8.052323e+03 | 8.025711e+03 |   0.33%|  61.47%
* 1.9s|     7 |     0 |  5263 | 143.6 |strongbr|   3 | 269 | 111 | 180 |  19 |  2 |  34 | 174 | 8.033618e+03 | 8.026194e+03 |   0.09%|  90.70%

SCIP Status        : problem is solved [optimal solution found]
Solving Time (sec) : 1.88
Solving Nodes      : 7 (total of 8 nodes in 2 runs)
Primal Bound       : +8.02619386407622e+03 (151 solutions)
Dual Bound         : +8.02619386407622e+03
Gap                : 0.00 %
