presolving:
   (0.0s) running MILP presolver
   (0.0s) MILP presolver (2 rounds): 0 aggregations, 25 fixings, 0 bound changes
(round 1, medium)     25 del vars, 0 del conss, 0 add conss, 0 chg bounds, 0 chg sides, 0 chg coeffs, 0 upgd conss, 0 impls, 193 clqs
(round 2, fast)       25 del vars, 2 del conss, 0 add conss, 0 chg bounds, 0 chg sides, 0 chg coeffs, 0 upgd conss, 0 impls, 193 clqs
(round 3, exhaustive) 25 del vars, 7 del conss, 0 add conss, 0 chg bounds, 5 chg sides, 0 chg coeffs, 0 upgd conss, 0 impls, 193 clqs
(round 4, exhaustive) 25 del vars, 7 del conss, 0 add conss, 0 chg bounds, 5 chg sides, 0 chg coeffs, 188 upgd conss, 0 impls, 193 clqs
(round 5, medium)     67 del vars, 7 del conss, 0 add conss, 0 chg bounds, 5 chg sides, 42 chg coeffs, 188 upgd conss, 0 impls, 193 clqs
(round 6, fast)       106 del vars, 11 del conss, 0 add conss, 0 chg bounds, 5 chg sides, 42 chg coeffs, 188 upgd conss, 0 impls, 188 clqs
   (0.0s) running MILP presolver
   (0.0s) MILP presolver (2 rounds): 0 aggregations, 1 fixings, 0 bound changes
(round 7, medium)     107 del vars, 11 del conss, 0 add conss, 0 chg bounds, 5 chg sides, 42 chg coeffs, 188 upgd conss, 0 impls, 188 clqs
(round 8, exhaustive) 107 del vars, 15 del conss, 0 add conss, 0 chg bounds, 5 chg sides, 42 chg coeffs, 188 upgd conss, 0 impls, 188 clqs
   (0.0s) probing: 51/393 (13.0%) - 0 fixings, 0 aggregations, 0 implications, 0 bound changes
   (0.0s) probing aborted: 50/50 successive totally useless probings
   (0.0s) symmetry computation started: requiring (bin +, int +, cont +), (fixed: bin -, int -, cont -)
   (0.0s) no symmetry present (symcode time: 0.00)
presolving (9 rounds: 9 fast, 7 medium, 4 exhaustive):
 107 deleted vars, 15 deleted constraints, 0 added constraints, 0 tightened bounds, 0 added holes, 5 changed sides, 42 changed coefficients
 0 implications, 188 cliques
presolved problem has 393 variables (393 bin, 0 int, 0 impl, 0 cont) and 180 constraints
    180 constraints of type <setppc>
Presolving Time: 0.01

 time | node  | left  |LP iter|LP it/n|mem/heur|mdpt |vars |cons |rows |cuts |sepa|confs|strbr|  dualbound   | primalbound  |  gap   | compl. 
  0.0s|     1 |     0 |  1450 |     - |  4861k |   0 | 393 | 180 | 180 |   0 |  0 |   0 |   0 | 8.020848e+03 |      --      |    Inf | unknown
  0.1s|     1 |     0 |  1477 |     - |    10M |   0 | 393 | 180 | 183 |   3 |  1 |   0 |   0 | 7.989238e+03 |      --      |    Inf | unknown
  0.1s|     1 |     0 |  1494 |     - |    16M |   0 | 393 | 180 | 184 |   4 |  2 |   0 |   0 | 7.985480e+03 |      --      |    Inf | unknown
  0.2s|     1 |     0 |  1515 |     - |    23M |   0 | 393 | 180 | 186 |   6 |  3 |   0 |   0 | 7.980215e+03 |      --      |    Inf | unknown
  0.2s|     1 |     0 |  1538 |     - |    27M |   0 | 393 | 180 | 187 |   7 |  4 |   0 |   0 | 7.977663e+03 |      --      |    Inf | unknown
  0.2s|     1 |     0 |  1554 |     - |    29M |   0 | 393 | 180 | 190 |  10 |  5 |   0 |   0 | 7.975497e+03 |      --      |    Inf | unknown
  0.3s|     1 |     0 |  1596 |     - |    32M |   0 | 393 | 180 | 192 |  12 |  6 |   0 |   0 | 7.972721e+03 |      --      |    Inf | unknown
  0.3s|     1 |     0 |  1622 |     - |    38M |   0 | 393 | 180 | 193 |  13 |  7 |   0 |   0 | 7.970614e+03 |      --      |    Inf | unknown
  0.3s|     1 |     0 |  1650 |     - |    40M |   0 | 393 | 180 | 194 |  14 |  8 |   0 |   0 | 7.970135e+03 |      --      |    Inf | unknown
  0.4s|     1 |     0 |  1662 |     - |    44M |   0 | 393 | 180 | 196 |  16 |  9 |   0 |   0 | 7.969682e+03 |      --      |    Inf | unknown
  0.4s|     1 |     0 |  1683 |     - |    47M |   0 | 393 | 180 | 197 |  17 | 10 |   0 |   0 | 7.968252e+03 |      --      |    Inf | unknown
  0.4s|     1 |     0 |  1705 |     - |    47M |   0 | 393 | 180 | 199 |  19 | 11 |   0 |   0 | 7.967426e+03 |      --      |    Inf | unknown
  0.4s|     1 |     0 |  1722 |     - |    47M |   0 | 393 | 180 | 202 |  22 | 12 |   0 |   0 | 7.966331e+03 |      --      |    Inf | unknown
  0.4s|     1 |     0 |  1736 |     - |    47M |   0 | 393 | 180 | 203 |  23 | 13 |   0 |   0 | 7.966003e+03 |      --      |    Inf | unknown
  0.5s|     1 |     0 |  1743 |     - |    47M |   0 | 393 | 180 | 205 |  25 | 14 |   0 |   0 | 7.965949e+03 |      --      |    Inf | unknown
 time | node  | left  |LP iter|LP it/n|mem/heur|mdpt |vars |cons |rows |cuts |sepa|confs|strbr|  dualbound   | primalbound  |  gap   | compl. 
  0.5s|     1 |     0 |  1752 |     - |    47M |   0 | 393 | 180 | 206 |  26 | 15 |   0 |   0 | 7.965719e+03 |      --      |    Inf | unknown
  0.5s|     1 |     0 |  1760 |     - |    47M |   0 | 393 | 180 | 207 |  27 | 16 |   0 |   0 | 7.965519e+03 |      --      |    Inf | unknown
  0.5s|     1 |     0 |  1770 |     - |    47M |   0 | 393 | 180 | 209 |  29 | 17 |   0 |   0 | 7.965256e+03 |      --      |    Inf | unknown
  0.5s|     1 |     0 |  1780 |     - |    47M |   0 | 393 | 180 | 210 |  30 | 18 |   0 |   0 | 7.965038e+03 |      --      |    Inf | unknown
  0.5s|     1 |     0 |  1784 |     - |    47M |   0 | 393 | 180 | 211 |  31 | 19 |   0 |   0 | 7.965003e+03 |      --      |    Inf | unknown
  0.5s|     1 |     0 |  1813 |     - |    47M |   0 | 393 | 180 | 213 |  33 | 20 |   0 |   0 | 7.964101e+03 |      --      |    Inf | unknown
  0.5s|     1 |     0 |  1820 |     - |    47M |   0 | 393 | 180 | 214 |  34 | 21 |   0 |   0 | 7.963983e+03 |      --      |    Inf | unknown
  0.6s|     1 |     0 |  1826 |     - |    47M |   0 | 393 | 180 | 215 |  35 | 22 |   0 |   0 | 7.963951e+03 |      --      |    Inf | unknown
  0.6s|     1 |     0 |  1836 |     - |    47M |   0 | 393 | 180 | 213 |  37 | 23 |   0 |   0 | 7.963845e+03 |      --      |    Inf | unknown
  0.6s|     1 |     0 |  1846 |     - |    47M |   0 | 393 | 180 | 215 |  39 | 24 |   0 |   0 | 7.963720e+03 |      --      |    Inf | unknown
  0.6s|     1 |     0 |  1855 |     - |    47M |   0 | 393 | 180 | 216 |  40 | 25 |   0 |   0 | 7.963411e+03 |      --      |    Inf | unknown
  0.6s|     1 |     0 |  1861 |     - |    47M |   0 | 393 | 180 | 217 |  41 | 26 |   0 |   0 | 7.963377e+03 |      --      |    Inf | unknown
  0.6s|     1 |     0 |  1865 |     - |    47M |   0 | 393 | 180 | 218 |  42 | 27 |   0 |   0 | 7.963371e+03 |      --      |    Inf | unknown
  0.6s|     1 |     0 |  1867 |     - |    47M |   0 | 393 | 180 | 219 |  43 | 28 |   0 |   0 | 7.963368e+03 |      --      |    Inf | unknown
  0.7s|     1 |     0 |  1871 |     - |    47M |   0 | 393 | 180 | 217 |  44 | 29 |   0 |   0 | 7.963326e+03 |      --      |    Inf | unknown
 time | node  | left  |LP iter|LP it/n|mem/heur|mdpt |vars |cons |rows |cuts |sepa|confs|strbr|  dualbound   | primalbound  |  gap   | compl. 
  0.7s|     1 |     0 |  1872 |     - |    47M |   0 | 393 | 180 | 218 |  45 | 30 |   0 |   0 | 7.963316e+03 |      --      |    Inf | unknown
d 0.7s|     1 |     0 |  1872 |     - |pscostdi|   0 | 393 | 180 | 218 |   0 | 30 |   0 |   0 | 7.963316e+03 | 3.561919e+03 | 123.57%| unknown
d 0.7s|     1 |     0 |  1890 |     - |pscostdi|   0 | 393 | 180 | 218 |   0 | 30 |   0 |   0 | 7.963316e+03 | 3.810985e+03 | 108.96%| unknown
d 0.7s|     1 |     0 |  1941 |     - |pscostdi|   0 | 393 | 180 | 218 |   0 | 30 |   0 |   0 | 7.963316e+03 | 4.192771e+03 |  89.93%| unknown
d 0.7s|     1 |     0 |  1976 |     - |pscostdi|   0 | 393 | 180 | 218 |   0 | 30 |   0 |   0 | 7.963316e+03 | 4.623734e+03 |  72.23%| unknown
d 0.7s|     1 |     0 |  1988 |     - |pscostdi|   0 | 393 | 180 | 218 |   0 | 30 |   0 |   0 | 7.963316e+03 | 7.956179e+03 |   0.09%| unknown
  0.7s|     1 |     0 |  1988 |     - |    47M |   0 | 393 | 180 | 218 |  45 | 30 |   0 |   0 | 7.963316e+03 | 7.956179e+03 |   0.09%| unknown
  0.7s|     1 |     0 |  1988 |     - |    47M |   0 | 393 | 180 | 155 |  45 | 30 |   0 |   0 | 7.963316e+03 | 7.956179e+03 |   0.09%| unknown
  0.7s|     1 |     0 |  1992 |     - |    47M |   0 | 393 | 117 | 156 |  46 | 31 |   0 |   0 | 7.963272e+03 | 7.956179e+03 |   0.09%| unknown
  0.7s|     1 |     0 |  1994 |     - |    47M |   0 | 393 | 117 | 157 |  47 | 32 |   0 |   0 | 7.963267e+03 | 7.956179e+03 |   0.09%| unknown
(run 1, node 1) restarting after 275 global fixings of integer variables

(restart) converted 40 cuts from the global cut pool into linear constraints

presolving:
(round 1, fast)       275 del vars, 1 del conss, 0 add conss, 0 chg bounds, 0 chg sides, 0 chg coeffs, 0 upgd conss, 0 impls, 130 clqs
   (0.7s) running MILP presolver
   (0.7s) MILP presolver found nothing
(round 2, medium)     276 del vars, 1 del conss, 0 add conss, 0 chg bounds, 0 chg sides, 1 chg coeffs, 0 upgd conss, 0 impls, 130 clqs
(round 3, exhaustive) 276 del vars, 18 del conss, 0 add conss, 0 chg bounds, 0 chg sides, 1 chg coeffs, 0 upgd conss, 0 impls, 130 clqs
(round 4, medium)     277 del vars, 18 del conss, 0 add conss, 0 chg bounds, 0 chg sides, 2 chg coeffs, 0 upgd conss, 0 impls, 129 clqs
(round 5, exhaustive) 277 del vars, 19 del conss, 0 add conss, 0 chg bounds, 1 chg sides, 2 chg coeffs, 0 upgd conss, 0 impls, 129 clqs
(round 6, exhaustive) 277 del vars, 19 del conss, 0 add conss, 0 chg bounds, 1 chg sides, 2 chg coeffs, 21 upgd conss, 0 impls, 129 clqs
(round 7, exhaustive) 277 del vars, 19 del conss, 0 add conss, 0 chg bounds, 1 chg sides, 4 chg coeffs, 21 upgd conss, 0 impls, 129 clqs
(round 8, exhaustive) 277 del vars, 22 del conss, 0 add conss, 0 chg bounds, 1 chg sides, 4 chg coeffs, 21 upgd conss, 0 impls, 129 clqs
presolving (9 rounds: 9 fast, 8 medium, 6 exhaustive):
 277 deleted vars, 22 deleted constraints, 0 added constraints, 0 tightened bounds, 0 added holes, 1 changed sides, 4 changed coefficients
 0 implications, 129 cliques
presolved problem has 116 variables (116 bin, 0 int, 0 impl, 0 cont) and 135 constraints
      9 constraints of type <knapsack>
    108 constraints of type <setppc>
     18 constraints of type <linear>
Presolving Time: 0.02
transformed 5/5 original solutions to the transformed problem space

 time | node  | left  |LP iter|LP it/n|mem/heur|mdpt |vars |cons |rows |cuts |sepa|confs|strbr|  dualbound   | primalbound  |  gap   | compl. 
  0.7s|     1 |     0 |  2666 |     - |    43M |   0 | 116 | 135 | 135 |   0 |  0 |   0 |   0 | 7.963267e+03 | 7.956179e+03 |   0.09%| unknown
  0.7s|     1 |     0 |  2666 |     - |    43M |   0 | 116 | 135 | 134 |   0 |  0 |   0 |   0 | 7.963267e+03 | 7.956179e+03 |   0.09%| unknown
  0.8s|     1 |     0 |  2687 |     - |    43M |   0 | 116 | 134 | 136 |   2 |  1 |   0 |   0 | 7.962309e+03 | 7.956179e+03 |   0.08%| unknown
  0.8s|     1 |     0 |  2687 |     - |    43M |   0 | 116 | 134 | 136 |   2 |  1 |   0 |   0 | 7.962309e+03 | 7.956179e+03 |   0.08%| unknown
  0.8s|     1 |     0 |  2729 |     - |    43M |   0 | 116 | 134 | 137 |   3 |  2 |   0 |   0 | 7.960856e+03 | 7.956179e+03 |   0.06%| unknown
  0.8s|     1 |     0 |  2729 |     - |    43M |   0 | 116 | 134 | 137 |   3 |  2 |   0 |   0 | 7.960856e+03 | 7.956179e+03 |   0.06%| unknown
  0.8s|     1 |     0 |  2744 |     - |    44M |   0 | 116 | 134 | 139 |   5 |  3 |   0 |   0 | 7.959910e+03 | 7.956179e+03 |   0.05%| unknown
  0.8s|     1 |     0 |  2744 |     - |    44M |   0 | 116 | 134 | 139 |   5 |  3 |   0 |   0 | 7.959910e+03 | 7.956179e+03 |   0.05%| unknown
  0.8s|     1 |     0 |  2754 |     - |    44M |   0 | 116 | 134 | 141 |   7 |  4 |   0 |   0 | 7.959524e+03 | 7.956179e+03 |   0.04%| unknown
  0.8s|     1 |     0 |  2754 |     - |    44M |   0 | 116 | 134 | 140 |   7 |  4 |   0 |   0 | 7.959524e+03 | 7.956179e+03 |   0.04%| unknown
  0.8s|     1 |     0 |  2781 |     - |    44M |   0 | 116 | 133 | 142 |   9 |  5 |   0 |   0 | 7.958788e+03 | 7.956179e+03 |   0.03%| unknown
  0.8s|     1 |     0 |  2781 |     - |    44M |   0 | 116 | 133 | 140 |   9 |  5 |   0 |   0 | 7.958788e+03 | 7.956179e+03 |   0.03%| unknown
  0.8s|     1 |     0 |  2819 |     - |    44M |   0 | 116 | 131 | 141 |  10 |  6 |   0 |   0 | 7.958176e+03 | 7.956179e+03 |   0.03%| unknown
  0.8s|     1 |     0 |  2819 |     - |    44M |   0 | 116 | 131 | 140 |  10 |  6 |   0 |   0 | 7.958176e+03 | 7.956179e+03 |   0.03%| unknown
  0.8s|     1 |     0 |  2838 |     - |    44M |   0 | 116 | 130 | 143 |  13 |  7 |   0 |   0 | 7.957943e+03 | 7.956179e+03 |   0.02%| unknown
 time | node  | left  |LP iter|LP it/n|mem/heur|mdpt |vars |cons |rows |cuts |sepa|confs|strbr|  dualbound   | primalbound  |  gap   | compl. 
  0.8s|     1 |     0 |  2838 |     - |    44M |   0 | 116 | 130 | 143 |  13 |  7 |   0 |   0 | 7.957943e+03 | 7.956179e+03 |   0.02%| unknown
  0.9s|     1 |     0 |  2869 |     - |    44M |   0 | 116 | 130 | 146 |  16 |  8 |   0 |   0 | 7.957483e+03 | 7.956179e+03 |   0.02%| unknown
  0.9s|     1 |     0 |  2869 |     - |    44M |   0 | 116 | 130 | 146 |  16 |  8 |   0 |   0 | 7.957483e+03 | 7.956179e+03 |   0.02%| unknown
  0.9s|     1 |     0 |  2885 |     - |    44M |   0 | 116 | 130 | 148 |  18 |  9 |   0 |   0 | 7.957400e+03 | 7.956179e+03 |   0.02%| unknown
  0.9s|     1 |     0 |  2900 |     - |    44M |   0 | 116 | 130 | 143 |  20 | 10 |   0 |   0 | 7.957195e+03 | 7.956179e+03 |   0.01%| unknown
  0.9s|     1 |     0 |  2900 |     - |    44M |   0 | 116 | 130 | 142 |  20 | 10 |   0 |   0 | 7.957195e+03 | 7.956179e+03 |   0.01%| unknown
  0.9s|     1 |     0 |  2910 |     - |    44M |   0 | 116 | 129 | 144 |  22 | 11 |   0 |   0 | 7.956934e+03 | 7.956179e+03 |   0.01%| unknown
  0.9s|     1 |     0 |  2910 |     - |    44M |   0 | 116 | 129 | 144 |  22 | 11 |   0 |   0 | 7.956934e+03 | 7.956179e+03 |   0.01%| unknown
  0.9s|     1 |     0 |  2940 |     - |    44M |   0 | 116 | 129 | 147 |  25 | 12 |   0 |   0 | 7.956348e+03 | 7.956179e+03 |   0.00%| unknown
  0.9s|     1 |     0 |  2940 |     - |    44M |   0 | 116 | 129 | 143 |  25 | 12 |   0 |   0 | 7.956348e+03 | 7.956179e+03 |   0.00%| unknown
  0.9s|     1 |     0 |  2943 |     - |    44M |   0 | 116 | 125 | 144 |  26 | 13 |   0 |   0 | 7.956179e+03 | 7.956179e+03 |   0.00%| unknown
  0.9s|     1 |     0 |  2943 |     - |    44M |   0 | 116 | 125 | 144 |  26 | 13 |   0 |   0 | 7.956179e+03 | 7.956179e+03 |   0.00%| unknown

SCIP Status        : problem is solved [optimal solution found]
Solving Time (sec) : 0.91
Solving Nodes      : 1 (total of 2 nodes in 2 runs)
Primal Bound       : +7.95617903744441e+03 (9 solutions)
Dual Bound         : +7.95617903744441e+03
Gap                : 0.00 %
