presolving:
(round 1, fast)       2 del vars, 3 del conss, 0 add conss, 0 chg bounds, 0 chg sides, 0 chg coeffs, 0 upgd conss, 0 impls, 186 clqs
   (0.0s) running MILP presolver
   (0.0s) MILP presolver (2 rounds): 0 aggregations, 19 fixings, 0 bound changes
(round 2, medium)     21 del vars, 3 del conss, 0 add conss, 0 chg bounds, 0 chg sides, 0 chg coeffs, 0 upgd conss, 0 impls, 186 clqs
(round 3, exhaustive) 21 del vars, 7 del conss, 0 add conss, 0 chg bounds, 4 chg sides, 0 chg coeffs, 0 upgd conss, 0 impls, 186 clqs
(round 4, exhaustive) 21 del vars, 7 del conss, 0 add conss, 0 chg bounds, 4 chg sides, 0 chg coeffs, 182 upgd conss, 0 impls, 186 clqs
(round 5, medium)     60 del vars, 7 del conss, 0 add conss, 0 chg bounds, 4 chg sides, 39 chg coeffs, 182 upgd conss, 0 impls, 186 clqs
(round 6, fast)       78 del vars, 9 del conss, 0 add conss, 0 chg bounds, 4 chg sides, 39 chg coeffs, 182 upgd conss, 0 impls, 184 clqs
(round 7, exhaustive) 78 del vars, 16 del conss, 0 add conss, 0 chg bounds, 4 chg sides, 39 chg coeffs, 182 upgd conss, 0 impls, 184 clqs
   (0.0s) probing: 51/422 (12.1%) - 0 fixings, 0 aggregations, 0 implications, 0 bound changes
   (0.0s) probing aborted: 50/50 successive totally useless probings
   (0.0s) symmetry computation started: requiring (bin +, int +, cont +), (fixed: bin -, int -, cont -)
   (0.0s) no symmetry present (symcode time: 0.00)
presolving (8 rounds: 8 fast, 6 medium, 4 exhaustive):
 78 deleted vars, 16 deleted constraints, 0 added constraints, 0 tightened bounds, 0 added holes, 4 changed sides, 39 changed coefficients
 0 implications, 184 cliques
presolved problem has 422 variables (422 bin, 0 int, 0 impl, 0 cont) and 173 constraints
    173 constraints of type <setppc>
Presolving Time: 0.01

 time | node  | left  |LP iter|LP it/n|mem/heur|mdpt |vars |cons |rows |cuts |sepa|confs|strbr|  dualbound   | primalbound  |  gap   | compl. 
  0.0s|     1 |     0 |  1341 |     - |  5207k |   0 | 422 | 173 | 173 |   0 |  0 |   0 |   0 | 7.697675e+03 |      --      |    Inf | unknown
  0.1s|     1 |     0 |  1374 |     - |    12M |   0 | 422 | 173 | 175 |   2 |  1 |   0 |   0 | 7.672424e+03 |      --      |    Inf | unknown
  0.1s|     1 |     0 |  1403 |     - |    17M |   0 | 422 | 173 | 178 |   5 |  2 |   0 |   0 | 7.658863e+03 |      --      |    Inf | unknown
  0.2s|     1 |     0 |  1455 |     - |    25M |   0 | 422 | 173 | 181 |   8 |  3 |   0 |   0 | 7.646708e+03 |      --      |    Inf | unknown
  0.2s|     1 |     0 |  1480 |     - |    30M |   0 | 422 | 173 | 182 |   9 |  4 |   0 |   0 | 7.643551e+03 |      --      |    Inf | unknown
  0.3s|     1 |     0 |  1537 |     - |    36M |   0 | 422 | 173 | 185 |  12 |  5 |   0 |   0 | 7.641057e+03 |      --      |    Inf | unknown
  0.3s|     1 |     0 |  1561 |     - |    43M |   0 | 422 | 173 | 186 |  13 |  6 |   0 |   0 | 7.640752e+03 |      --      |    Inf | unknown
  0.3s|     1 |     0 |  1577 |     - |    48M |   0 | 422 | 173 | 188 |  15 |  7 |   0 |   0 | 7.640328e+03 |      --      |    Inf | unknown
  0.4s|     1 |     0 |  1608 |     - |    52M |   0 | 422 | 173 | 191 |  18 |  8 |   0 |   0 | 7.639620e+03 |      --      |    Inf | unknown
  0.4s|     1 |     0 |  1640 |     - |    59M |   0 | 422 | 173 | 192 |  19 |  9 |   0 |   0 | 7.638712e+03 |      --      |    Inf | unknown
  0.5s|     1 |     0 |  1683 |     - |    62M |   0 | 422 | 173 | 193 |  20 | 10 |   0 |   0 | 7.637461e+03 |      --      |    Inf | unknown
  0.5s|     1 |     0 |  1710 |     - |    62M |   0 | 422 | 173 | 195 |  22 | 11 |   0 |   0 | 7.637183e+03 |      --      |    Inf | unknown
  0.5s|     1 |     0 |  1729 |     - |    62M |   0 | 422 | 173 | 196 |  23 | 12 |   0 |   0 | 7.637004e+03 |      --      |    Inf | unknown
  0.5s|     1 |     0 |  1748 |     - |    62M |   0 | 422 | 173 | 198 |  25 | 13 |   0 |   0 | 7.636725e+03 |      --      |    Inf | unknown
  0.5s|     1 |     0 |  1769 |     - |    62M |   0 | 422 | 173 | 199 |  26 | 14 |   0 |   0 | 7.635763e+03 |      --      |    Inf | unknown
 time | node  | left  |LP iter|LP it/n|mem/heur|mdpt |vars |cons |rows |cuts |sepa|confs|strbr|  dualbound   | primalbound  |  gap   | compl. 
  0.5s|     1 |     0 |  1799 |     - |    62M |   0 | 422 | 173 | 202 |  29 | 15 |   0 |   0 | 7.635169e+03 |      --      |    Inf | unknown
  0.5s|     1 |     0 |  1817 |     - |    62M |   0 | 422 | 173 | 203 |  30 | 16 |   0 |   0 | 7.634964e+03 |      --      |    Inf | unknown
  0.6s|     1 |     0 |  1829 |     - |    64M |   0 | 422 | 173 | 204 |  31 | 17 |   0 |   0 | 7.634800e+03 |      --      |    Inf | unknown
  0.6s|     1 |     0 |  1848 |     - |    64M |   0 | 422 | 173 | 205 |  32 | 18 |   0 |   0 | 7.634432e+03 |      --      |    Inf | unknown
  0.6s|     1 |     0 |  1861 |     - |    64M |   0 | 422 | 173 | 206 |  33 | 19 |   0 |   0 | 7.634236e+03 |      --      |    Inf | unknown
  0.6s|     1 |     0 |  1886 |     - |    64M |   0 | 422 | 173 | 207 |  34 | 20 |   0 |   0 | 7.633194e+03 |      --      |    Inf | unknown
  0.6s|     1 |     0 |  1899 |     - |    64M |   0 | 422 | 173 | 209 |  36 | 21 |   0 |   0 | 7.632735e+03 |      --      |    Inf | unknown
  0.6s|     1 |     0 |  1918 |     - |    64M |   0 | 422 | 173 | 211 |  38 | 22 |   0 |   0 | 7.632184e+03 |      --      |    Inf | unknown
  0.6s|     1 |     0 |  1919 |     - |    64M |   0 | 422 | 173 | 209 |  39 | 23 |   0 |   0 | 7.632184e+03 |      --      |    Inf | unknown
  0.6s|     1 |     0 |  1920 |     - |    64M |   0 | 422 | 173 | 210 |  40 | 24 |   0 |   0 | 7.632181e+03 |      --      |    Inf | unknown
  0.7s|     1 |     0 |  1922 |     - |    64M |   0 | 422 | 173 | 211 |  41 | 25 |   0 |   0 | 7.632176e+03 |      --      |    Inf | unknown
  0.7s|     1 |     0 |  1930 |     - |    64M |   0 | 422 | 173 | 213 |  43 | 26 |   0 |   0 | 7.632038e+03 |      --      |    Inf | unknown
  0.7s|     1 |     0 |  1936 |     - |    64M |   0 | 422 | 173 | 214 |  44 | 27 |   0 |   0 | 7.631980e+03 |      --      |    Inf | unknown
  0.7s|     1 |     0 |  1939 |     - |    64M |   0 | 422 | 173 | 215 |  45 | 28 |   0 |   0 | 7.631976e+03 |      --      |    Inf | unknown
  0.7s|     1 |     0 |  1942 |     - |    64M |   0 | 422 | 173 | 209 |  46 | 29 |   0 |   0 | 7.631905e+03 |      --      |    Inf | unknown
 time | node  | left  |LP iter|LP it/n|mem/heur|mdpt |vars |cons |rows |cuts |sepa|confs|strbr|  dualbound   | primalbound  |  gap   | compl. 
  0.7s|     1 |     0 |  1945 |     - |    64M |   0 | 422 | 173 | 210 |  47 | 30 |   0 |   0 | 7.631895e+03 |      --      |    Inf | unknown
  0.8s|     1 |     0 |  1949 |     - |    64M |   0 | 422 | 173 | 211 |  48 | 31 |   0 |   0 | 7.631866e+03 |      --      |    Inf | unknown
  0.8s|     1 |     0 |  1951 |     - |    64M |   0 | 422 | 173 | 212 |  49 | 32 |   0 |   0 | 7.631863e+03 |      --      |    Inf | unknown
d 0.8s|     1 |     0 |  1951 |     - |pscostdi|   0 | 422 | 173 | 212 |   0 | 32 |   0 |   0 | 7.631863e+03 | 3.019662e+03 | 152.74%| unknown
d 0.8s|     1 |     0 |  1984 |     - |pscostdi|   0 | 422 | 173 | 212 |   0 | 32 |   0 |   0 | 7.631863e+03 | 3.298944e+03 | 131.34%| unknown
d 0.8s|     1 |     0 |  2041 |     - |pscostdi|   0 | 422 | 173 | 212 |   0 | 32 |   0 |   0 | 7.631863e+03 | 3.918150e+03 |  94.78%| unknown
d 0.8s|     1 |     0 |  2057 |     - |pscostdi|   0 | 422 | 173 | 212 |   0 | 32 |   0 |   0 | 7.631863e+03 | 7.612025e+03 |   0.26%| unknown
  0.8s|     1 |     0 |  2057 |     - |    64M |   0 | 422 | 173 | 212 |  49 | 32 |   0 |   0 | 7.631863e+03 | 7.612025e+03 |   0.26%| unknown
  0.8s|     1 |     0 |  2057 |     - |    64M |   0 | 422 | 173 | 160 |  49 | 32 |   0 |   0 | 7.631863e+03 | 7.612025e+03 |   0.26%| unknown
  0.8s|     1 |     0 |  2061 |     - |    64M |   0 | 422 | 121 | 161 |  50 | 33 |   0 |   0 | 7.631819e+03 | 7.612025e+03 |   0.26%| unknown
  0.8s|     1 |     0 |  2062 |     - |    64M |   0 | 422 | 121 | 162 |  51 | 34 |   0 |   0 | 7.631817e+03 | 7.612025e+03 |   0.26%| unknown
(run 1, node 1) restarting after 291 global fixings of integer variables

(restart) converted 41 cuts from the global cut pool into linear constraints

presolving:
(round 1, fast)       291 del vars, 1 del conss, 0 add conss, 0 chg bounds, 0 chg sides, 0 chg coeffs, 0 upgd conss, 0 impls, 137 clqs
   (0.8s) running MILP presolver
   (0.8s) MILP presolver found nothing
(round 2, exhaustive) 291 del vars, 19 del conss, 0 add conss, 0 chg bounds, 0 chg sides, 0 chg coeffs, 0 upgd conss, 0 impls, 137 clqs
(round 3, medium)     292 del vars, 19 del conss, 0 add conss, 0 chg bounds, 0 chg sides, 1 chg coeffs, 0 upgd conss, 0 impls, 136 clqs
(round 4, exhaustive) 292 del vars, 21 del conss, 0 add conss, 0 chg bounds, 2 chg sides, 1 chg coeffs, 0 upgd conss, 0 impls, 136 clqs
(round 5, exhaustive) 292 del vars, 21 del conss, 0 add conss, 0 chg bounds, 2 chg sides, 1 chg coeffs, 22 upgd conss, 0 impls, 136 clqs
(round 6, exhaustive) 292 del vars, 21 del conss, 0 add conss, 0 chg bounds, 2 chg sides, 2 chg coeffs, 22 upgd conss, 0 impls, 136 clqs
(round 7, exhaustive) 292 del vars, 21 del conss, 0 add conss, 0 chg bounds, 2 chg sides, 3 chg coeffs, 22 upgd conss, 0 impls, 136 clqs
(round 8, exhaustive) 292 del vars, 21 del conss, 0 add conss, 0 chg bounds, 2 chg sides, 4 chg coeffs, 22 upgd conss, 0 impls, 136 clqs
(round 9, exhaustive) 292 del vars, 24 del conss, 0 add conss, 0 chg bounds, 2 chg sides, 4 chg coeffs, 22 upgd conss, 0 impls, 136 clqs
(round 10, exhaustive) 293 del vars, 24 del conss, 0 add conss, 0 chg bounds, 2 chg sides, 4 chg coeffs, 22 upgd conss, 0 impls, 136 clqs
presolving (11 rounds: 11 fast, 10 medium, 9 exhaustive):
 293 deleted vars, 24 deleted constraints, 0 added constraints, 0 tightened bounds, 0 added holes, 2 changed sides, 4 changed coefficients
 0 implications, 136 cliques
presolved problem has 129 variables (129 bin, 0 int, 0 impl, 0 cont) and 138 constraints
     11 constraints of type <knapsack>
    110 constraints of type <setppc>
     17 constraints of type <linear>
Presolving Time: 0.02
transformed 4/4 original solutions to the transformed problem space

 time | node  | left  |LP iter|LP it/n|mem/heur|mdpt |vars |cons |rows |cuts |sepa|confs|strbr|  dualbound   | primalbound  |  gap   | compl. 
  0.9s|     1 |     0 |  2845 |     - |    61M |   0 | 129 | 138 | 138 |   0 |  0 |   0 |   0 | 7.631269e+03 | 7.612025e+03 |   0.25%| unknown
  0.9s|     1 |     0 |  2845 |     - |    61M |   0 | 129 | 138 | 137 |   0 |  0 |   0 |   0 | 7.631269e+03 | 7.612025e+03 |   0.25%| unknown
  0.9s|     1 |     0 |  2860 |     - |    61M |   0 | 129 | 137 | 139 |   2 |  1 |   0 |   0 | 7.630850e+03 | 7.612025e+03 |   0.25%| unknown
  0.9s|     1 |     0 |  2879 |     - |    61M |   0 | 129 | 137 | 141 |   4 |  2 |   0 |   0 | 7.630352e+03 | 7.612025e+03 |   0.24%| unknown
  0.9s|     1 |     0 |  2879 |     - |    61M |   0 | 129 | 137 | 141 |   4 |  2 |   0 |   0 | 7.630352e+03 | 7.612025e+03 |   0.24%| unknown
  0.9s|     1 |     0 |  2887 |     - |    62M |   0 | 129 | 137 | 142 |   5 |  3 |   0 |   0 | 7.630222e+03 | 7.612025e+03 |   0.24%| unknown
  0.9s|     1 |     0 |  2920 |     - |    62M |   0 | 129 | 137 | 143 |   6 |  4 |   0 |   0 | 7.629755e+03 | 7.612025e+03 |   0.23%| unknown
  0.9s|     1 |     0 |  3006 |     - |    64M |   0 | 129 | 137 | 145 |   8 |  5 |   0 |   0 | 7.628523e+03 | 7.612025e+03 |   0.22%| unknown
  0.9s|     1 |     0 |  3006 |     - |    64M |   0 | 129 | 137 | 145 |   8 |  5 |   0 |   0 | 7.628523e+03 | 7.612025e+03 |   0.22%| unknown
  1.0s|     1 |     0 |  3051 |     - |    64M |   0 | 129 | 137 | 146 |   9 |  6 |   0 |   0 | 7.627840e+03 | 7.612025e+03 |   0.21%| unknown
  1.0s|     1 |     0 |  3051 |     - |    64M |   0 | 129 | 137 | 146 |   9 |  6 |   0 |   0 | 7.627840e+03 | 7.612025e+03 |   0.21%| unknown
  1.0s|     1 |     0 |  3081 |     - |    64M |   0 | 129 | 137 | 148 |  11 |  7 |   0 |   0 | 7.627527e+03 | 7.612025e+03 |   0.20%| unknown
  1.0s|     1 |     0 |  3112 |     - |    64M |   0 | 129 | 137 | 149 |  12 |  8 |   0 |   0 | 7.626265e+03 | 7.612025e+03 |   0.19%| unknown
  1.0s|     1 |     0 |  3112 |     - |    64M |   0 | 129 | 137 | 148 |  12 |  8 |   0 |   0 | 7.626265e+03 | 7.612025e+03 |   0.19%| unknown
  1.0s|     1 |     0 |  3157 |     - |    64M |   0 | 129 | 136 | 151 |  15 |  9 |   0 |   0 | 7.625537e+03 | 7.612025e+03 |   0.18%| unknown
 time | node  | left  |LP iter|LP it/n|mem/heur|mdpt |vars |cons |rows |cuts |sepa|confs|strbr|  dualbound   | primalbound  |  gap   | compl. 
  1.0s|     1 |     0 |  3157 |     - |    64M |   0 | 129 | 136 | 150 |  15 |  9 |   0 |   0 | 7.625537e+03 | 7.612025e+03 |   0.18%| unknown
  1.0s|     1 |     0 |  3178 |     - |    66M |   0 | 129 | 135 | 153 |  18 | 10 |   0 |   0 | 7.625404e+03 | 7.612025e+03 |   0.18%| unknown
  1.1s|     1 |     0 |  3193 |     - |    66M |   0 | 129 | 135 | 155 |  20 | 11 |   0 |   0 | 7.625320e+03 | 7.612025e+03 |   0.17%| unknown
  1.1s|     1 |     0 |  3209 |     - |    66M |   0 | 129 | 135 | 156 |  21 | 12 |   0 |   0 | 7.625122e+03 | 7.612025e+03 |   0.17%| unknown
  1.1s|     1 |     0 |  3226 |     - |    66M |   0 | 129 | 135 | 157 |  22 | 13 |   0 |   0 | 7.624972e+03 | 7.612025e+03 |   0.17%| unknown
  1.1s|     1 |     0 |  3232 |     - |    66M |   0 | 129 | 135 | 158 |  23 | 14 |   0 |   0 | 7.624961e+03 | 7.612025e+03 |   0.17%| unknown
  1.1s|     1 |     0 |  3247 |     - |    66M |   0 | 129 | 135 | 147 |  24 | 15 |   0 |   0 | 7.624902e+03 | 7.612025e+03 |   0.17%| unknown
  1.1s|     1 |     0 |  3273 |     - |    66M |   0 | 129 | 135 | 148 |  25 | 16 |   0 |   0 | 7.624773e+03 | 7.612025e+03 |   0.17%| unknown
  1.1s|     1 |     0 |  3307 |     - |    66M |   0 | 129 | 135 | 152 |  29 | 17 |   0 |   0 | 7.624516e+03 | 7.612025e+03 |   0.16%| unknown
  1.1s|     1 |     0 |  3328 |     - |    66M |   0 | 129 | 135 | 153 |  30 | 18 |   0 |   0 | 7.624420e+03 | 7.612025e+03 |   0.16%| unknown
  1.1s|     1 |     0 |  3345 |     - |    66M |   0 | 129 | 135 | 154 |  31 | 19 |   0 |   0 | 7.624325e+03 | 7.612025e+03 |   0.16%| unknown
  1.1s|     1 |     0 |  3495 |     - |    66M |   0 | 129 | 135 | 154 |  31 | 19 |   2 |   1 | 7.619451e+03 | 7.612025e+03 |   0.10%| unknown
(run 2, node 1) restarting after 30 global fixings of integer variables

(restart) converted 31 cuts from the global cut pool into linear constraints

presolving:
(round 1, fast)       31 del vars, 13 del conss, 0 add conss, 0 chg bounds, 0 chg sides, 0 chg coeffs, 0 upgd conss, 0 impls, 122 clqs
(round 2, fast)       32 del vars, 13 del conss, 0 add conss, 0 chg bounds, 0 chg sides, 0 chg coeffs, 0 upgd conss, 0 impls, 122 clqs
   (1.1s) running MILP presolver
   (1.1s) MILP presolver found nothing
(round 3, exhaustive) 32 del vars, 13 del conss, 0 add conss, 0 chg bounds, 0 chg sides, 1 chg coeffs, 0 upgd conss, 0 impls, 122 clqs
(round 4, exhaustive) 32 del vars, 16 del conss, 0 add conss, 0 chg bounds, 0 chg sides, 1 chg coeffs, 0 upgd conss, 0 impls, 122 clqs
(round 5, exhaustive) 32 del vars, 16 del conss, 0 add conss, 0 chg bounds, 0 chg sides, 1 chg coeffs, 25 upgd conss, 0 impls, 122 clqs
(round 6, exhaustive) 32 del vars, 16 del conss, 0 add conss, 0 chg bounds, 0 chg sides, 6 chg coeffs, 25 upgd conss, 0 impls, 122 clqs
(round 7, exhaustive) 32 del vars, 17 del conss, 0 add conss, 0 chg bounds, 0 chg sides, 6 chg coeffs, 25 upgd conss, 0 impls, 122 clqs
presolving (8 rounds: 8 fast, 6 medium, 6 exhaustive):
 32 deleted vars, 17 deleted constraints, 0 added constraints, 0 tightened bounds, 0 added holes, 0 changed sides, 6 changed coefficients
 0 implications, 122 cliques
presolved problem has 97 variables (97 bin, 0 int, 0 impl, 0 cont) and 149 constraints
     25 constraints of type <knapsack>
    102 constraints of type <setppc>
     22 constraints of type <linear>
Presolving Time: 0.02
transformed 2/9 original solutions to the transformed problem space

 time | node  | left  |LP iter|LP it/n|mem/heur|mdpt |vars |cons |rows |cuts |sepa|confs|strbr|  dualbound   | primalbound  |  gap   | compl. 
  1.2s|     1 |     0 |  3848 |     - |    64M |   0 |  97 | 149 | 149 |   0 |  0 |   2 |   1 | 7.619282e+03 | 7.612025e+03 |   0.10%| unknown
  1.2s|     1 |     0 |  3848 |     - |    64M |   0 |  97 | 149 | 145 |   0 |  0 |   2 |   1 | 7.619282e+03 | 7.612025e+03 |   0.10%| unknown
  1.2s|     1 |     0 |  3867 |     - |    64M |   0 |  97 | 145 | 147 |   2 |  1 |   2 |   1 | 7.612025e+03 | 7.612025e+03 |   0.00%| unknown
  1.2s|     1 |     0 |  3867 |     - |    64M |   0 |  97 | 145 | 147 |   2 |  1 |   2 |   1 | 7.612025e+03 | 7.612025e+03 |   0.00%| unknown

SCIP Status        : problem is solved [optimal solution found]
Solving Time (sec) : 1.17
Solving Nodes      : 1 (total of 3 nodes in 3 runs)
Primal Bound       : +7.61202519506235e+03 (9 solutions)
Dual Bound         : +7.61202519506235e+03
Gap                : 0.00 %
