presolving:
   (0.0s) running MILP presolver
   (0.0s) MILP presolver (2 rounds): 0 aggregations, 12 fixings, 0 bound changes
(round 1, medium)     12 del vars, 0 del conss, 0 add conss, 0 chg bounds, 0 chg sides, 0 chg coeffs, 0 upgd conss, 0 impls, 193 clqs
(round 2, fast)       13 del vars, 1 del conss, 0 add conss, 0 chg bounds, 0 chg sides, 0 chg coeffs, 0 upgd conss, 0 impls, 192 clqs
(round 3, exhaustive) 13 del vars, 4 del conss, 0 add conss, 0 chg bounds, 3 chg sides, 0 chg coeffs, 0 upgd conss, 0 impls, 192 clqs
(round 4, exhaustive) 13 del vars, 4 del conss, 0 add conss, 0 chg bounds, 3 chg sides, 0 chg coeffs, 189 upgd conss, 0 impls, 192 clqs
(round 5, medium)     53 del vars, 4 del conss, 0 add conss, 0 chg bounds, 3 chg sides, 40 chg coeffs, 189 upgd conss, 0 impls, 192 clqs
(round 6, fast)       74 del vars, 5 del conss, 0 add conss, 0 chg bounds, 3 chg sides, 40 chg coeffs, 189 upgd conss, 0 impls, 189 clqs
(round 7, exhaustive) 74 del vars, 8 del conss, 0 add conss, 0 chg bounds, 3 chg sides, 40 chg coeffs, 189 upgd conss, 0 impls, 189 clqs
   (0.0s) probing: 51/426 (12.0%) - 0 fixings, 0 aggregations, 0 implications, 0 bound changes
   (0.0s) probing aborted: 50/50 successive totally useless probings
   (0.0s) symmetry computation started: requiring (bin +, int +, cont +), (fixed: bin -, int -, cont -)
   (0.0s) no symmetry present (symcode time: 0.00)
presolving (8 rounds: 8 fast, 6 medium, 4 exhaustive):
 74 deleted vars, 8 deleted constraints, 0 added constraints, 0 tightened bounds, 0 added holes, 3 changed sides, 40 changed coefficients
 0 implications, 189 cliques
presolved problem has 426 variables (426 bin, 0 int, 0 impl, 0 cont) and 185 constraints
    185 constraints of type <setppc>
Presolving Time: 0.01

 time | node  | left  |LP iter|LP it/n|mem/heur|mdpt |vars |cons |rows |cuts |sepa|confs|strbr|  dualbound   | primalbound  |  gap   | compl. 
  0.0s|     1 |     0 |  1108 |     - |  5539k |   0 | 426 | 185 | 185 |   0 |  0 |   0 |   0 | 7.472591e+03 |      --      |    Inf | unknown
  0.1s|     1 |     0 |  1141 |     - |    18M |   0 | 426 | 185 | 187 |   2 |  1 |   0 |   0 | 7.450722e+03 |      --      |    Inf | unknown
  0.1s|     1 |     0 |  1164 |     - |    27M |   0 | 426 | 185 | 189 |   4 |  2 |   0 |   0 | 7.445805e+03 |      --      |    Inf | unknown
  0.2s|     1 |     0 |  1187 |     - |    34M |   0 | 426 | 185 | 191 |   6 |  3 |   0 |   0 | 7.443739e+03 |      --      |    Inf | unknown
  0.2s|     1 |     0 |  1213 |     - |    41M |   0 | 426 | 185 | 194 |   9 |  4 |   0 |   0 | 7.436453e+03 |      --      |    Inf | unknown
  0.3s|     1 |     0 |  1240 |     - |    49M |   0 | 426 | 185 | 196 |  11 |  5 |   0 |   0 | 7.432944e+03 |      --      |    Inf | unknown
  0.3s|     1 |     0 |  1264 |     - |    54M |   0 | 426 | 185 | 198 |  13 |  6 |   0 |   0 | 7.431169e+03 |      --      |    Inf | unknown
  0.4s|     1 |     0 |  1298 |     - |    65M |   0 | 426 | 185 | 199 |  14 |  7 |   0 |   0 | 7.428745e+03 |      --      |    Inf | unknown
  0.4s|     1 |     0 |  1324 |     - |    64M |   0 | 426 | 185 | 201 |  16 |  8 |   0 |   0 | 7.426808e+03 |      --      |    Inf | unknown
  0.4s|     1 |     0 |  1357 |     - |    74M |   0 | 426 | 185 | 202 |  17 |  9 |   0 |   0 | 7.425426e+03 |      --      |    Inf | unknown
  0.5s|     1 |     0 |  1379 |     - |    78M |   0 | 426 | 185 | 203 |  18 | 10 |   0 |   0 | 7.424606e+03 |      --      |    Inf | unknown
  0.5s|     1 |     0 |  1410 |     - |    78M |   0 | 426 | 185 | 205 |  20 | 11 |   0 |   0 | 7.423963e+03 |      --      |    Inf | unknown
  0.5s|     1 |     0 |  1427 |     - |    78M |   0 | 426 | 185 | 207 |  22 | 12 |   0 |   0 | 7.423206e+03 |      --      |    Inf | unknown
  0.5s|     1 |     0 |  1438 |     - |    78M |   0 | 426 | 185 | 208 |  23 | 13 |   0 |   0 | 7.423089e+03 |      --      |    Inf | unknown
  0.6s|     1 |     0 |  1444 |     - |    78M |   0 | 426 | 185 | 209 |  24 | 14 |   0 |   0 | 7.423003e+03 |      --      |    Inf | unknown
 time | node  | left  |LP iter|LP it/n|mem/heur|mdpt |vars |cons |rows |cuts |sepa|confs|strbr|  dualbound   | primalbound  |  gap   | compl. 
  0.6s|     1 |     0 |  1453 |     - |    78M |   0 | 426 | 185 | 210 |  25 | 15 |   0 |   0 | 7.422830e+03 |      --      |    Inf | unknown
  0.6s|     1 |     0 |  1463 |     - |    78M |   0 | 426 | 185 | 212 |  27 | 16 |   0 |   0 | 7.422664e+03 |      --      |    Inf | unknown
  0.6s|     1 |     0 |  1467 |     - |    78M |   0 | 426 | 185 | 209 |  28 | 17 |   0 |   0 | 7.422644e+03 |      --      |    Inf | unknown
  0.6s|     1 |     0 |  1471 |     - |    78M |   0 | 426 | 185 | 210 |  29 | 18 |   0 |   0 | 7.422586e+03 |      --      |    Inf | unknown
  0.7s|     1 |     0 |  1489 |     - |    78M |   0 | 426 | 185 | 211 |  30 | 19 |   0 |   0 | 7.422457e+03 |      --      |    Inf | unknown
  0.7s|     1 |     0 |  1495 |     - |    78M |   0 | 426 | 185 | 212 |  31 | 20 |   0 |   0 | 7.422448e+03 |      --      |    Inf | unknown
  0.7s|     1 |     0 |  1504 |     - |    78M |   0 | 426 | 185 | 213 |  32 | 21 |   0 |   0 | 7.422378e+03 |      --      |    Inf | unknown
  0.7s|     1 |     0 |  1507 |     - |    78M |   0 | 426 | 185 | 214 |  33 | 22 |   0 |   0 | 7.422346e+03 |      --      |    Inf | unknown
d 0.7s|     1 |     0 |  1507 |     - |pscostdi|   0 | 426 | 185 | 214 |   0 | 22 |   0 |   0 | 7.422346e+03 | 3.028944e+03 | 145.05%| unknown
d 0.7s|     1 |     0 |  1533 |     - |pscostdi|   0 | 426 | 185 | 214 |   0 | 22 |   0 |   0 | 7.422346e+03 | 3.294545e+03 | 125.29%| unknown
d 0.7s|     1 |     0 |  1556 |     - |pscostdi|   0 | 426 | 185 | 214 |   0 | 22 |   0 |   0 | 7.422346e+03 | 3.662905e+03 | 102.64%| unknown
d 0.7s|     1 |     0 |  1599 |     - |pscostdi|   0 | 426 | 185 | 214 |   0 | 22 |   0 |   0 | 7.422346e+03 | 4.219744e+03 |  75.90%| unknown
d 0.7s|     1 |     0 |  1636 |     - |pscostdi|   0 | 426 | 185 | 214 |   0 | 22 |   0 |   0 | 7.422346e+03 | 4.576008e+03 |  62.20%| unknown
d 0.7s|     1 |     0 |  1653 |     - |pscostdi|   0 | 426 | 185 | 214 |   0 | 22 |   0 |   0 | 7.422346e+03 | 4.903252e+03 |  51.38%| unknown
d 0.7s|     1 |     0 |  1677 |     - |pscostdi|   0 | 426 | 185 | 214 |   0 | 22 |   0 |   0 | 7.422346e+03 | 6.971960e+03 |   6.46%| unknown
 time | node  | left  |LP iter|LP it/n|mem/heur|mdpt |vars |cons |rows |cuts |sepa|confs|strbr|  dualbound   | primalbound  |  gap   | compl. 
  0.7s|     1 |     0 |  1677 |     - |    78M |   0 | 426 | 185 | 214 |  33 | 22 |   0 |   0 | 7.422346e+03 | 6.971960e+03 |   6.46%| unknown
  0.7s|     1 |     0 |  1677 |     - |    78M |   0 | 426 | 185 | 214 |  33 | 22 |   0 |   0 | 7.422346e+03 | 6.971960e+03 |   6.46%| unknown
  0.8s|     1 |     0 |  1684 |     - |    78M |   0 | 426 | 185 | 212 |  34 | 23 |   0 |   0 | 7.422257e+03 | 6.971960e+03 |   6.46%| unknown
  0.8s|     1 |     0 |  1685 |     - |    78M |   0 | 426 | 185 | 213 |  35 | 24 |   0 |   0 | 7.422247e+03 | 6.971960e+03 |   6.46%| unknown
  1.1s|     1 |     2 |  1685 |     - |    78M |   0 | 426 | 185 | 213 |  35 | 24 |   0 |  43 | 7.418761e+03 | 6.971960e+03 |   6.41%| unknown
* 1.2s|     3 |     2 |  1877 | 181.0 |strongbr|   2 | 426 | 185 | 207 |  35 |  1 |   0 |  86 | 7.418761e+03 | 7.290644e+03 |   1.76%| unknown

SCIP Status        : problem is solved [optimal solution found]
Solving Time (sec) : 2.52
Solving Nodes      : 25
Primal Bound       : +7.29064424649967e+03 (233 solutions)
Dual Bound         : +7.29064424649967e+03
Gap                : 0.00 %
