presolving:
(round 1, fast)       1 del vars, 1 del conss, 0 add conss, 0 chg bounds, 0 chg sides, 0 chg coeffs, 0 upgd conss, 0 impls, 193 clqs
   (0.0s) running MILP presolver
   (0.0s) MILP presolver (2 rounds): 0 aggregations, 19 fixings, 0 bound changes
(round 2, medium)     20 del vars, 1 del conss, 0 add conss, 0 chg bounds, 0 chg sides, 0 chg coeffs, 0 upgd conss, 0 impls, 192 clqs
(round 3, fast)       20 del vars, 2 del conss, 0 add conss, 0 chg bounds, 0 chg sides, 0 chg coeffs, 0 upgd conss, 0 impls, 192 clqs
(round 4, exhaustive) 20 del vars, 5 del conss, 0 add conss, 0 chg bounds, 3 chg sides, 0 chg coeffs, 0 upgd conss, 0 impls, 192 clqs
(round 5, exhaustive) 20 del vars, 5 del conss, 0 add conss, 0 chg bounds, 3 chg sides, 0 chg coeffs, 189 upgd conss, 0 impls, 192 clqs
(round 6, medium)     54 del vars, 5 del conss, 0 add conss, 0 chg bounds, 3 chg sides, 34 chg coeffs, 189 upgd conss, 0 impls, 192 clqs
(round 7, fast)       71 del vars, 7 del conss, 0 add conss, 0 chg bounds, 3 chg sides, 34 chg coeffs, 189 upgd conss, 0 impls, 190 clqs
(round 8, exhaustive) 71 del vars, 11 del conss, 0 add conss, 0 chg bounds, 3 chg sides, 34 chg coeffs, 189 upgd conss, 0 impls, 190 clqs
(round 9, exhaustive) 72 del vars, 11 del conss, 0 add conss, 0 chg bounds, 3 chg sides, 34 chg coeffs, 189 upgd conss, 0 impls, 190 clqs
   (0.0s) probing: 51/428 (11.9%) - 0 fixings, 0 aggregations, 0 implications, 0 bound changes
   (0.0s) probing aborted: 50/50 successive totally useless probings
   (0.0s) symmetry computation started: requiring (bin +, int +, cont +), (fixed: bin -, int -, cont -)
   (0.0s) no symmetry present (symcode time: 0.00)
presolving (10 rounds: 10 fast, 7 medium, 5 exhaustive):
 72 deleted vars, 11 deleted constraints, 0 added constraints, 0 tightened bounds, 0 added holes, 3 changed sides, 34 changed coefficients
 0 implications, 190 cliques
presolved problem has 428 variables (428 bin, 0 int, 0 impl, 0 cont) and 183 constraints
    183 constraints of type <setppc>
Presolving Time: 0.01

 time | node  | left  |LP iter|LP it/n|mem/heur|mdpt |vars |cons |rows |cuts |sepa|confs|strbr|  dualbound   | primalbound  |  gap   | compl. 
  0.0s|     1 |     0 |  1023 |     - |  5240k |   0 | 428 | 183 | 183 |   0 |  0 |   0 |   0 | 7.538332e+03 |      --      |    Inf | unknown
  0.1s|     1 |     0 |  1069 |     - |    16M |   0 | 428 | 183 | 185 |   3 |  1 |   0 |   0 | 7.500306e+03 |      --      |    Inf | unknown
  0.1s|     1 |     0 |  1105 |     - |    25M |   0 | 428 | 182 | 187 |   5 |  2 |   0 |   0 | 7.493218e+03 |      --      |    Inf | unknown
  0.2s|     1 |     0 |  1134 |     - |    30M |   0 | 428 | 182 | 192 |  10 |  3 |   0 |   0 | 7.486020e+03 |      --      |    Inf | unknown
  0.2s|     1 |     0 |  1150 |     - |    33M |   0 | 428 | 182 | 195 |  13 |  4 |   0 |   0 | 7.477974e+03 |      --      |    Inf | unknown
  0.2s|     1 |     0 |  1173 |     - |    38M |   0 | 428 | 182 | 196 |  14 |  5 |   0 |   0 | 7.473333e+03 |      --      |    Inf | unknown
  0.3s|     1 |     0 |  1200 |     - |    41M |   0 | 428 | 182 | 198 |  16 |  6 |   0 |   0 | 7.470738e+03 |      --      |    Inf | unknown
  0.3s|     1 |     0 |  1259 |     - |    46M |   0 | 428 | 182 | 200 |  18 |  7 |   0 |   0 | 7.463879e+03 |      --      |    Inf | unknown
  0.4s|     1 |     0 |  1302 |     - |    50M |   0 | 428 | 182 | 203 |  21 |  8 |   0 |   0 | 7.462197e+03 |      --      |    Inf | unknown
  0.4s|     1 |     0 |  1347 |     - |    55M |   0 | 428 | 182 | 205 |  23 |  9 |   0 |   0 | 7.458822e+03 |      --      |    Inf | unknown
  0.4s|     1 |     0 |  1378 |     - |    62M |   0 | 428 | 182 | 206 |  24 | 10 |   0 |   0 | 7.455799e+03 |      --      |    Inf | unknown
  0.5s|     1 |     0 |  1419 |     - |    62M |   0 | 428 | 182 | 209 |  27 | 11 |   0 |   0 | 7.454690e+03 |      --      |    Inf | unknown
  0.5s|     1 |     0 |  1440 |     - |    62M |   0 | 428 | 182 | 213 |  31 | 12 |   0 |   0 | 7.454042e+03 |      --      |    Inf | unknown
  0.5s|     1 |     0 |  1450 |     - |    63M |   0 | 428 | 182 | 215 |  33 | 13 |   0 |   0 | 7.453825e+03 |      --      |    Inf | unknown
  0.5s|     1 |     0 |  1473 |     - |    63M |   0 | 428 | 182 | 217 |  35 | 14 |   0 |   0 | 7.453502e+03 |      --      |    Inf | unknown
 time | node  | left  |LP iter|LP it/n|mem/heur|mdpt |vars |cons |rows |cuts |sepa|confs|strbr|  dualbound   | primalbound  |  gap   | compl. 
  0.5s|     1 |     0 |  1493 |     - |    63M |   0 | 428 | 182 | 218 |  36 | 15 |   0 |   0 | 7.453234e+03 |      --      |    Inf | unknown
  0.5s|     1 |     0 |  1521 |     - |    63M |   0 | 428 | 182 | 220 |  38 | 16 |   0 |   0 | 7.452974e+03 |      --      |    Inf | unknown
  0.6s|     1 |     0 |  1532 |     - |    64M |   0 | 428 | 182 | 219 |  40 | 17 |   0 |   0 | 7.452922e+03 |      --      |    Inf | unknown
  0.6s|     1 |     0 |  1534 |     - |    64M |   0 | 428 | 182 | 220 |  41 | 18 |   0 |   0 | 7.452922e+03 |      --      |    Inf | unknown
  0.6s|     1 |     0 |  1536 |     - |    64M |   0 | 428 | 182 | 221 |  42 | 19 |   0 |   0 | 7.452920e+03 |      --      |    Inf | unknown
  0.6s|     1 |     0 |  1540 |     - |    64M |   0 | 428 | 182 | 222 |  43 | 20 |   0 |   0 | 7.452901e+03 |      --      |    Inf | unknown
  0.6s|     1 |     0 |  1543 |     - |    64M |   0 | 428 | 182 | 223 |  44 | 21 |   0 |   0 | 7.452892e+03 |      --      |    Inf | unknown
  0.6s|     1 |     0 |  1602 |     - |    64M |   0 | 428 | 182 | 226 |  47 | 22 |   0 |   0 | 7.451458e+03 |      --      |    Inf | unknown
  0.7s|     1 |     0 |  1614 |     - |    64M |   0 | 428 | 182 | 224 |  49 | 23 |   0 |   0 | 7.451230e+03 |      --      |    Inf | unknown
  0.7s|     1 |     0 |  1637 |     - |    64M |   0 | 428 | 182 | 228 |  53 | 24 |   0 |   0 | 7.450288e+03 |      --      |    Inf | unknown
  0.7s|     1 |     0 |  1658 |     - |    64M |   0 | 428 | 182 | 232 |  57 | 25 |   0 |   0 | 7.449116e+03 |      --      |    Inf | unknown
  0.7s|     1 |     0 |  1668 |     - |    64M |   0 | 428 | 182 | 235 |  60 | 26 |   0 |   0 | 7.449038e+03 |      --      |    Inf | unknown
  0.7s|     1 |     0 |  1681 |     - |    64M |   0 | 428 | 182 | 238 |  63 | 27 |   0 |   0 | 7.448949e+03 |      --      |    Inf | unknown
  0.7s|     1 |     0 |  1691 |     - |    64M |   0 | 428 | 182 | 241 |  66 | 28 |   0 |   0 | 7.448893e+03 |      --      |    Inf | unknown
  0.8s|     1 |     0 |  1698 |     - |    64M |   0 | 428 | 182 | 237 |  67 | 29 |   0 |   0 | 7.448871e+03 |      --      |    Inf | unknown
 time | node  | left  |LP iter|LP it/n|mem/heur|mdpt |vars |cons |rows |cuts |sepa|confs|strbr|  dualbound   | primalbound  |  gap   | compl. 
  0.8s|     1 |     0 |  1703 |     - |    64M |   0 | 428 | 182 | 239 |  69 | 30 |   0 |   0 | 7.448866e+03 |      --      |    Inf | unknown
  0.8s|     1 |     0 |  1705 |     - |    64M |   0 | 428 | 182 | 240 |  70 | 31 |   0 |   0 | 7.448864e+03 |      --      |    Inf | unknown
d 0.8s|     1 |     0 |  1705 |     - |pscostdi|   0 | 428 | 182 | 240 |   0 | 32 |   0 |   0 | 7.448864e+03 | 2.622156e+03 | 184.07%| unknown
d 0.8s|     1 |     0 |  1754 |     - |pscostdi|   0 | 428 | 182 | 240 |   0 | 32 |   0 |   0 | 7.448864e+03 | 2.832783e+03 | 162.95%| unknown
d 0.8s|     1 |     0 |  1844 |     - |pscostdi|   0 | 428 | 182 | 240 |   0 | 32 |   0 |   0 | 7.448864e+03 | 3.600892e+03 | 106.86%| unknown
d 0.8s|     1 |     0 |  1899 |     - |pscostdi|   0 | 428 | 182 | 240 |   0 | 32 |   0 |   0 | 7.448864e+03 | 3.956323e+03 |  88.28%| unknown
d 0.8s|     1 |     0 |  1929 |     - |pscostdi|   0 | 428 | 182 | 240 |   0 | 32 |   0 |   0 | 7.448864e+03 | 4.298585e+03 |  73.29%| unknown
d 0.8s|     1 |     0 |  1949 |     - |pscostdi|   0 | 428 | 182 | 240 |   0 | 32 |   0 |   0 | 7.448864e+03 | 4.907895e+03 |  51.77%| unknown
d 0.8s|     1 |     0 |  1971 |     - |pscostdi|   0 | 428 | 182 | 240 |   0 | 32 |   0 |   0 | 7.448864e+03 | 5.937199e+03 |  25.46%| unknown
d 0.8s|     1 |     0 |  1976 |     - |pscostdi|   0 | 428 | 182 | 240 |   0 | 32 |   0 |   0 | 7.448864e+03 | 7.003721e+03 |   6.36%| unknown
  0.8s|     1 |     0 |  1976 |     - |    64M |   0 | 428 | 182 | 240 |  70 | 32 |   0 |   0 | 7.448864e+03 | 7.003721e+03 |   6.36%| unknown
  0.8s|     1 |     0 |  1976 |     - |    64M |   0 | 428 | 182 | 240 |  70 | 32 |   0 |   0 | 7.448864e+03 | 7.003721e+03 |   6.36%| unknown
  1.0s|     1 |     2 |  1976 |     - |    64M |   0 | 428 | 182 | 240 |  70 | 33 |   0 |  22 | 7.435031e+03 | 7.003721e+03 |   6.16%| unknown
* 1.2s|     5 |     4 |  2180 | 118.8 |strongbr|   4 | 428 | 183 | 219 |  70 |  1 |   1 | 100 | 7.435031e+03 | 7.027775e+03 |   5.79%| unknown
* 1.2s|     6 |     3 |  2215 | 102.0 |strongbr|   4 | 428 | 184 | 219 |  70 |  1 |   2 | 110 | 7.435031e+03 | 7.067177e+03 |   5.21%|   3.29%
 time | node  | left  |LP iter|LP it/n|mem/heur|mdpt |vars |cons |rows |cuts |sepa|confs|strbr|  dualbound   | primalbound  |  gap   | compl. 
* 1.3s|     6 |     3 |  2215 | 102.0 |strongbr|   4 | 428 | 184 | 219 |  70 |  1 |   2 | 120 | 7.435031e+03 | 7.106685e+03 |   4.62%|   3.29%
* 1.4s|     8 |     2 |  2446 | 105.9 |strongbr|   4 | 428 | 184 | 219 |  70 |  1 |   4 | 155 | 7.417488e+03 | 7.322612e+03 |   1.30%|  11.91%
* 1.7s|    12 |     0 |  3101 | 126.9 |strongbr|   4 | 428 | 214 | 219 |  70 |  4 |  54 | 289 | 7.385709e+03 | 7.344447e+03 |   0.56%|  65.70%

SCIP Status        : problem is solved [optimal solution found]
Solving Time (sec) : 1.76
Solving Nodes      : 12
Primal Bound       : +7.34444740746864e+03 (175 solutions)
Dual Bound         : +7.34444740746864e+03
Gap                : 0.00 %
