presolving:
   (0.0s) running MILP presolver
   (0.0s) MILP presolver (2 rounds): 0 aggregations, 16 fixings, 0 bound changes
(round 1, medium)     16 del vars, 0 del conss, 0 add conss, 0 chg bounds, 0 chg sides, 0 chg coeffs, 0 upgd conss, 0 impls, 197 clqs
(round 2, exhaustive) 16 del vars, 7 del conss, 0 add conss, 0 chg bounds, 7 chg sides, 0 chg coeffs, 0 upgd conss, 0 impls, 197 clqs
(round 3, exhaustive) 16 del vars, 7 del conss, 0 add conss, 0 chg bounds, 7 chg sides, 0 chg coeffs, 190 upgd conss, 0 impls, 197 clqs
(round 4, medium)     57 del vars, 7 del conss, 0 add conss, 0 chg bounds, 7 chg sides, 41 chg coeffs, 190 upgd conss, 0 impls, 197 clqs
(round 5, fast)       91 del vars, 10 del conss, 0 add conss, 0 chg bounds, 7 chg sides, 41 chg coeffs, 190 upgd conss, 0 impls, 193 clqs
   (0.0s) running MILP presolver
   (0.0s) MILP presolver (2 rounds): 0 aggregations, 5 fixings, 0 bound changes
(round 6, medium)     96 del vars, 11 del conss, 0 add conss, 0 chg bounds, 7 chg sides, 41 chg coeffs, 190 upgd conss, 0 impls, 192 clqs
(round 7, exhaustive) 96 del vars, 16 del conss, 0 add conss, 0 chg bounds, 7 chg sides, 41 chg coeffs, 190 upgd conss, 0 impls, 192 clqs
   (0.0s) probing: 51/404 (12.6%) - 0 fixings, 0 aggregations, 0 implications, 0 bound changes
   (0.0s) probing aborted: 50/50 successive totally useless probings
   (0.0s) symmetry computation started: requiring (bin +, int +, cont +), (fixed: bin -, int -, cont -)
   (0.0s) no symmetry present (symcode time: 0.00)
presolving (8 rounds: 8 fast, 7 medium, 4 exhaustive):
 96 deleted vars, 16 deleted constraints, 0 added constraints, 0 tightened bounds, 0 added holes, 7 changed sides, 41 changed coefficients
 0 implications, 192 cliques
presolved problem has 404 variables (404 bin, 0 int, 0 impl, 0 cont) and 181 constraints
    181 constraints of type <setppc>
Presolving Time: 0.01

 time | node  | left  |LP iter|LP it/n|mem/heur|mdpt |vars |cons |rows |cuts |sepa|confs|strbr|  dualbound   | primalbound  |  gap   | compl. 
  0.1s|     1 |     0 |  1402 |     - |  5286k |   0 | 404 | 181 | 181 |   0 |  0 |   0 |   0 | 7.651467e+03 |      --      |    Inf | unknown
  0.1s|     1 |     0 |  1425 |     - |    18M |   0 | 404 | 181 | 183 |   2 |  1 |   0 |   0 | 7.645528e+03 |      --      |    Inf | unknown
  0.2s|     1 |     0 |  1451 |     - |    29M |   0 | 404 | 181 | 185 |   4 |  2 |   0 |   0 | 7.638091e+03 |      --      |    Inf | unknown
  0.2s|     1 |     0 |  1501 |     - |    33M |   0 | 404 | 181 | 187 |   6 |  3 |   0 |   0 | 7.633723e+03 |      --      |    Inf | unknown
  0.2s|     1 |     0 |  1540 |     - |    40M |   0 | 404 | 181 | 190 |   9 |  4 |   0 |   0 | 7.626970e+03 |      --      |    Inf | unknown
  0.3s|     1 |     0 |  1565 |     - |    45M |   0 | 404 | 181 | 192 |  11 |  5 |   0 |   0 | 7.626054e+03 |      --      |    Inf | unknown
  0.3s|     1 |     0 |  1584 |     - |    52M |   0 | 404 | 181 | 194 |  13 |  6 |   0 |   0 | 7.624918e+03 |      --      |    Inf | unknown
  0.4s|     1 |     0 |  1646 |     - |    55M |   0 | 404 | 181 | 197 |  16 |  7 |   0 |   0 | 7.621724e+03 |      --      |    Inf | unknown
  0.4s|     1 |     0 |  1694 |     - |    64M |   0 | 404 | 181 | 200 |  19 |  8 |   0 |   0 | 7.620315e+03 |      --      |    Inf | unknown
  0.4s|     1 |     0 |  1727 |     - |    67M |   0 | 404 | 181 | 203 |  22 |  9 |   0 |   0 | 7.619028e+03 |      --      |    Inf | unknown
  0.5s|     1 |     0 |  1768 |     - |    79M |   0 | 404 | 181 | 204 |  23 | 10 |   0 |   0 | 7.616878e+03 |      --      |    Inf | unknown
  0.5s|     1 |     0 |  1799 |     - |    79M |   0 | 404 | 181 | 206 |  25 | 11 |   0 |   0 | 7.615116e+03 |      --      |    Inf | unknown
  0.5s|     1 |     0 |  1814 |     - |    79M |   0 | 404 | 181 | 208 |  27 | 12 |   0 |   0 | 7.614807e+03 |      --      |    Inf | unknown
  0.5s|     1 |     0 |  1827 |     - |    79M |   0 | 404 | 181 | 210 |  29 | 13 |   0 |   0 | 7.614621e+03 |      --      |    Inf | unknown
  0.6s|     1 |     0 |  1877 |     - |    79M |   0 | 404 | 181 | 214 |  33 | 14 |   0 |   0 | 7.613238e+03 |      --      |    Inf | unknown
 time | node  | left  |LP iter|LP it/n|mem/heur|mdpt |vars |cons |rows |cuts |sepa|confs|strbr|  dualbound   | primalbound  |  gap   | compl. 
  0.6s|     1 |     0 |  1884 |     - |    79M |   0 | 404 | 181 | 215 |  34 | 15 |   0 |   0 | 7.613184e+03 |      --      |    Inf | unknown
  0.6s|     1 |     0 |  1897 |     - |    79M |   0 | 404 | 181 | 216 |  35 | 16 |   0 |   0 | 7.612691e+03 |      --      |    Inf | unknown
  0.6s|     1 |     0 |  1914 |     - |    79M |   0 | 404 | 181 | 215 |  37 | 17 |   0 |   0 | 7.612329e+03 |      --      |    Inf | unknown
  0.6s|     1 |     0 |  1936 |     - |    80M |   0 | 404 | 181 | 219 |  41 | 18 |   0 |   0 | 7.611781e+03 |      --      |    Inf | unknown
  0.7s|     1 |     0 |  1967 |     - |    80M |   0 | 404 | 181 | 220 |  42 | 19 |   0 |   0 | 7.611201e+03 |      --      |    Inf | unknown
  0.7s|     1 |     0 |  1995 |     - |    80M |   0 | 404 | 181 | 223 |  45 | 20 |   0 |   0 | 7.610440e+03 |      --      |    Inf | unknown
  0.7s|     1 |     0 |  2011 |     - |    80M |   0 | 404 | 181 | 225 |  47 | 21 |   0 |   0 | 7.610114e+03 |      --      |    Inf | unknown
  0.7s|     1 |     0 |  2015 |     - |    80M |   0 | 404 | 181 | 226 |  48 | 22 |   0 |   0 | 7.610098e+03 |      --      |    Inf | unknown
  0.7s|     1 |     0 |  2051 |     - |    80M |   0 | 404 | 181 | 231 |  58 | 23 |   0 |   0 | 7.608502e+03 |      --      |    Inf | unknown
  0.7s|     1 |     0 |  2069 |     - |    80M |   0 | 404 | 181 | 235 |  62 | 24 |   0 |   0 | 7.607772e+03 |      --      |    Inf | unknown
  0.7s|     1 |     0 |  2078 |     - |    80M |   0 | 404 | 181 | 239 |  66 | 25 |   0 |   0 | 7.607580e+03 |      --      |    Inf | unknown
  0.8s|     1 |     0 |  2084 |     - |    80M |   0 | 404 | 181 | 243 |  70 | 26 |   0 |   0 | 7.607528e+03 |      --      |    Inf | unknown
  0.8s|     1 |     0 |  2087 |     - |    80M |   0 | 404 | 181 | 244 |  71 | 27 |   0 |   0 | 7.607499e+03 |      --      |    Inf | unknown
d 0.8s|     1 |     0 |  2087 |     - |pscostdi|   0 | 404 | 181 | 244 |   0 | 28 |   0 |   0 | 7.607499e+03 | 3.134921e+03 | 142.67%| unknown
d 0.8s|     1 |     0 |  2126 |     - |pscostdi|   0 | 404 | 181 | 244 |   0 | 28 |   0 |   0 | 7.607499e+03 | 3.397645e+03 | 123.91%| unknown
 time | node  | left  |LP iter|LP it/n|mem/heur|mdpt |vars |cons |rows |cuts |sepa|confs|strbr|  dualbound   | primalbound  |  gap   | compl. 
d 0.8s|     1 |     0 |  2196 |     - |pscostdi|   0 | 404 | 181 | 244 |   0 | 28 |   0 |   0 | 7.607499e+03 | 3.865853e+03 |  96.79%| unknown
d 0.8s|     1 |     0 |  2251 |     - |pscostdi|   0 | 404 | 181 | 244 |   0 | 28 |   0 |   0 | 7.607499e+03 | 4.237244e+03 |  79.54%| unknown
d 0.8s|     1 |     0 |  2350 |     - |pscostdi|   0 | 404 | 181 | 244 |   0 | 28 |   0 |   0 | 7.607499e+03 | 4.534097e+03 |  67.78%| unknown
d 0.8s|     1 |     0 |  2380 |     - |pscostdi|   0 | 404 | 181 | 244 |   0 | 28 |   0 |   0 | 7.607499e+03 | 5.625973e+03 |  35.22%| unknown
d 0.8s|     1 |     0 |  2392 |     - |pscostdi|   0 | 404 | 181 | 244 |   0 | 28 |   0 |   0 | 7.607499e+03 | 7.310594e+03 |   4.06%| unknown
  0.8s|     1 |     0 |  2392 |     - |    80M |   0 | 404 | 181 | 244 |  71 | 28 |   0 |   0 | 7.607499e+03 | 7.310594e+03 |   4.06%| unknown
  0.8s|     1 |     0 |  2392 |     - |    80M |   0 | 404 | 181 | 244 |  71 | 28 |   0 |   0 | 7.607499e+03 | 7.310594e+03 |   4.06%| unknown
  1.1s|     1 |     2 |  2392 |     - |    80M |   0 | 404 | 181 | 244 |  71 | 29 |   0 |  40 | 7.587189e+03 | 7.310594e+03 |   3.78%| unknown
* 1.4s|     8 |     3 |  2982 | 127.9 |    LP  |   5 | 404 | 189 | 214 |  71 |  5 |   8 | 156 | 7.587189e+03 | 7.329813e+03 |   3.51%|   8.28%
* 1.5s|    10 |     3 |  3213 | 125.1 |strongbr|   5 | 404 | 189 | 214 |  71 |  1 |   8 | 187 | 7.567699e+03 | 7.377943e+03 |   2.57%|  11.48%
* 2.1s|    17 |     4 |  4105 | 126.1 |strongbr|   6 | 404 | 229 | 214 |  71 |  3 |  49 | 383 | 7.553363e+03 | 7.439635e+03 |   1.53%|  28.47%
* 2.2s|    18 |     2 |  4326 | 131.7 |strongbr|   6 | 404 | 242 | 214 |  71 |  5 |  62 | 415 | 7.553363e+03 | 7.448135e+03 |   1.41%|  31.33%

SCIP Status        : problem is solved [optimal solution found]
Solving Time (sec) : 2.29
Solving Nodes      : 20
Primal Bound       : +7.44813533258876e+03 (195 solutions)
Dual Bound         : +7.44813533258876e+03
Gap                : 0.00 %
