presolving:
(round 1, fast)       1 del vars, 2 del conss, 0 add conss, 0 chg bounds, 0 chg sides, 0 chg coeffs, 0 upgd conss, 0 impls, 185 clqs
   (0.0s) running MILP presolver
   (0.0s) MILP presolver (2 rounds): 0 aggregations, 12 fixings, 0 bound changes
(round 2, medium)     13 del vars, 2 del conss, 0 add conss, 0 chg bounds, 0 chg sides, 0 chg coeffs, 0 upgd conss, 0 impls, 185 clqs
(round 3, exhaustive) 13 del vars, 3 del conss, 0 add conss, 0 chg bounds, 1 chg sides, 0 chg coeffs, 0 upgd conss, 0 impls, 185 clqs
(round 4, exhaustive) 13 del vars, 3 del conss, 0 add conss, 0 chg bounds, 1 chg sides, 0 chg coeffs, 184 upgd conss, 0 impls, 185 clqs
(round 5, medium)     57 del vars, 3 del conss, 0 add conss, 0 chg bounds, 1 chg sides, 44 chg coeffs, 184 upgd conss, 0 impls, 185 clqs
(round 6, fast)       69 del vars, 3 del conss, 0 add conss, 0 chg bounds, 1 chg sides, 44 chg coeffs, 184 upgd conss, 0 impls, 185 clqs
(round 7, exhaustive) 69 del vars, 6 del conss, 0 add conss, 0 chg bounds, 1 chg sides, 44 chg coeffs, 184 upgd conss, 0 impls, 185 clqs
   (0.0s) probing: 51/431 (11.8%) - 0 fixings, 0 aggregations, 0 implications, 0 bound changes
   (0.0s) probing aborted: 50/50 successive totally useless probings
   (0.0s) symmetry computation started: requiring (bin +, int +, cont +), (fixed: bin -, int -, cont -)
   (0.0s) no symmetry present (symcode time: 0.00)
presolving (8 rounds: 8 fast, 6 medium, 4 exhaustive):
 69 deleted vars, 6 deleted constraints, 0 added constraints, 0 tightened bounds, 0 added holes, 1 changed sides, 44 changed coefficients
 0 implications, 185 cliques
presolved problem has 431 variables (431 bin, 0 int, 0 impl, 0 cont) and 181 constraints
    181 constraints of type <setppc>
Presolving Time: 0.01

 time | node  | left  |LP iter|LP it/n|mem/heur|mdpt |vars |cons |rows |cuts |sepa|confs|strbr|  dualbound   | primalbound  |  gap   | compl. 
  0.0s|     1 |     0 |  1129 |     - |  5564k |   0 | 431 | 181 | 181 |   0 |  0 |   0 |   0 | 7.841877e+03 |      --      |    Inf | unknown
  0.1s|     1 |     0 |  1170 |     - |    18M |   0 | 431 | 181 | 182 |   1 |  1 |   0 |   0 | 7.821823e+03 |      --      |    Inf | unknown
  0.2s|     1 |     0 |  1203 |     - |    30M |   0 | 431 | 181 | 185 |   4 |  2 |   0 |   0 | 7.808042e+03 |      --      |    Inf | unknown
  0.2s|     1 |     0 |  1247 |     - |    38M |   0 | 431 | 181 | 187 |   6 |  3 |   0 |   0 | 7.781703e+03 |      --      |    Inf | unknown
  0.2s|     1 |     0 |  1275 |     - |    44M |   0 | 431 | 181 | 188 |   7 |  4 |   0 |   0 | 7.772977e+03 |      --      |    Inf | unknown
  0.3s|     1 |     0 |  1296 |     - |    53M |   0 | 431 | 181 | 190 |   9 |  5 |   0 |   0 | 7.770088e+03 |      --      |    Inf | unknown
  0.3s|     1 |     0 |  1333 |     - |    57M |   0 | 431 | 181 | 191 |  10 |  6 |   0 |   0 | 7.767497e+03 |      --      |    Inf | unknown
  0.4s|     1 |     0 |  1378 |     - |    64M |   0 | 431 | 181 | 194 |  13 |  7 |   0 |   0 | 7.764411e+03 |      --      |    Inf | unknown
  0.4s|     1 |     0 |  1472 |     - |    70M |   0 | 431 | 181 | 200 |  19 |  8 |   0 |   0 | 7.754295e+03 |      --      |    Inf | unknown
  0.4s|     1 |     0 |  1530 |     - |    77M |   0 | 431 | 181 | 201 |  20 |  9 |   0 |   0 | 7.752439e+03 |      --      |    Inf | unknown
  0.5s|     1 |     0 |  1581 |     - |    79M |   0 | 431 | 181 | 203 |  22 | 10 |   0 |   0 | 7.747539e+03 |      --      |    Inf | unknown
  0.5s|     1 |     0 |  1601 |     - |    79M |   0 | 431 | 181 | 205 |  24 | 11 |   0 |   0 | 7.746086e+03 |      --      |    Inf | unknown
  0.5s|     1 |     0 |  1611 |     - |    79M |   0 | 431 | 181 | 207 |  26 | 12 |   0 |   0 | 7.745788e+03 |      --      |    Inf | unknown
  0.5s|     1 |     0 |  1628 |     - |    80M |   0 | 431 | 181 | 208 |  27 | 13 |   0 |   0 | 7.744682e+03 |      --      |    Inf | unknown
  0.5s|     1 |     0 |  1642 |     - |    80M |   0 | 431 | 181 | 209 |  28 | 14 |   0 |   0 | 7.744019e+03 |      --      |    Inf | unknown
 time | node  | left  |LP iter|LP it/n|mem/heur|mdpt |vars |cons |rows |cuts |sepa|confs|strbr|  dualbound   | primalbound  |  gap   | compl. 
  0.6s|     1 |     0 |  1673 |     - |    80M |   0 | 431 | 181 | 211 |  30 | 15 |   0 |   0 | 7.743575e+03 |      --      |    Inf | unknown
  0.6s|     1 |     0 |  1686 |     - |    80M |   0 | 431 | 181 | 213 |  32 | 16 |   0 |   0 | 7.743435e+03 |      --      |    Inf | unknown
  0.6s|     1 |     0 |  1704 |     - |    80M |   0 | 431 | 181 | 215 |  35 | 17 |   0 |   0 | 7.742984e+03 |      --      |    Inf | unknown
  0.6s|     1 |     0 |  1718 |     - |    81M |   0 | 431 | 181 | 216 |  36 | 18 |   0 |   0 | 7.742635e+03 |      --      |    Inf | unknown
  0.6s|     1 |     0 |  1738 |     - |    81M |   0 | 431 | 181 | 218 |  38 | 19 |   0 |   0 | 7.742117e+03 |      --      |    Inf | unknown
  0.6s|     1 |     0 |  1768 |     - |    81M |   0 | 431 | 181 | 220 |  40 | 20 |   0 |   0 | 7.741658e+03 |      --      |    Inf | unknown
  0.6s|     1 |     0 |  1772 |     - |    81M |   0 | 431 | 181 | 221 |  41 | 21 |   0 |   0 | 7.741642e+03 |      --      |    Inf | unknown
  0.7s|     1 |     0 |  1814 |     - |    81M |   0 | 431 | 181 | 226 |  46 | 22 |   0 |   0 | 7.740798e+03 |      --      |    Inf | unknown
  0.7s|     1 |     0 |  1825 |     - |    81M |   0 | 431 | 181 | 223 |  48 | 23 |   0 |   0 | 7.740529e+03 |      --      |    Inf | unknown
  0.7s|     1 |     0 |  1844 |     - |    81M |   0 | 431 | 181 | 225 |  50 | 24 |   0 |   0 | 7.740264e+03 |      --      |    Inf | unknown
  0.7s|     1 |     0 |  1847 |     - |    81M |   0 | 431 | 181 | 226 |  51 | 25 |   0 |   0 | 7.740255e+03 |      --      |    Inf | unknown
  0.7s|     1 |     0 |  1853 |     - |    81M |   0 | 431 | 181 | 227 |  52 | 26 |   0 |   0 | 7.740202e+03 |      --      |    Inf | unknown
  0.7s|     1 |     0 |  1884 |     - |    81M |   0 | 431 | 181 | 236 |  61 | 27 |   0 |   0 | 7.739929e+03 |      --      |    Inf | unknown
  0.7s|     1 |     0 |  1906 |     - |    81M |   0 | 431 | 181 | 240 |  65 | 28 |   0 |   0 | 7.739408e+03 |      --      |    Inf | unknown
  0.8s|     1 |     0 |  1914 |     - |    81M |   0 | 431 | 181 | 241 |  70 | 29 |   0 |   0 | 7.739132e+03 |      --      |    Inf | unknown
 time | node  | left  |LP iter|LP it/n|mem/heur|mdpt |vars |cons |rows |cuts |sepa|confs|strbr|  dualbound   | primalbound  |  gap   | compl. 
  0.8s|     1 |     0 |  1935 |     - |    81M |   0 | 431 | 181 | 247 |  76 | 30 |   0 |   0 | 7.738541e+03 |      --      |    Inf | unknown
  0.8s|     1 |     0 |  1968 |     - |    81M |   0 | 431 | 181 | 254 |  83 | 31 |   0 |   0 | 7.737885e+03 |      --      |    Inf | unknown
  0.8s|     1 |     0 |  1991 |     - |    81M |   0 | 431 | 181 | 259 |  88 | 32 |   0 |   0 | 7.737575e+03 |      --      |    Inf | unknown
  0.8s|     1 |     0 |  2007 |     - |    81M |   0 | 431 | 181 | 264 |  93 | 33 |   0 |   0 | 7.737463e+03 |      --      |    Inf | unknown
  0.8s|     1 |     0 |  2018 |     - |    81M |   0 | 431 | 181 | 268 |  97 | 34 |   0 |   0 | 7.737316e+03 |      --      |    Inf | unknown
  0.8s|     1 |     0 |  2029 |     - |    81M |   0 | 431 | 181 | 265 | 101 | 35 |   0 |   0 | 7.737269e+03 |      --      |    Inf | unknown
  0.9s|     1 |     0 |  2037 |     - |    81M |   0 | 431 | 181 | 266 | 102 | 36 |   0 |   0 | 7.737221e+03 |      --      |    Inf | unknown
  0.9s|     1 |     0 |  2038 |     - |    81M |   0 | 431 | 181 | 268 | 104 | 37 |   0 |   0 | 7.737214e+03 |      --      |    Inf | unknown
  0.9s|     1 |     0 |  2042 |     - |    81M |   0 | 431 | 181 | 271 | 107 | 38 |   0 |   0 | 7.737209e+03 |      --      |    Inf | unknown
d 0.9s|     1 |     0 |  2042 |     - |pscostdi|   0 | 431 | 181 | 271 |   0 | 39 |   0 |   0 | 7.737209e+03 | 3.346223e+03 | 131.22%| unknown
d 0.9s|     1 |     0 |  2095 |     - |pscostdi|   0 | 431 | 181 | 271 |   0 | 39 |   0 |   0 | 7.737209e+03 | 3.777536e+03 | 104.82%| unknown
d 0.9s|     1 |     0 |  2144 |     - |pscostdi|   0 | 431 | 181 | 271 |   0 | 39 |   0 |   0 | 7.737209e+03 | 3.938348e+03 |  96.46%| unknown
d 0.9s|     1 |     0 |  2221 |     - |pscostdi|   0 | 431 | 181 | 271 |   0 | 39 |   0 |   0 | 7.737209e+03 | 4.376065e+03 |  76.81%| unknown
d 0.9s|     1 |     0 |  2297 |     - |pscostdi|   0 | 431 | 181 | 271 |   0 | 39 |   0 |   0 | 7.737209e+03 | 4.994198e+03 |  54.92%| unknown
d 0.9s|     1 |     0 |  2319 |     - |pscostdi|   0 | 431 | 181 | 271 |   0 | 39 |   0 |   0 | 7.737209e+03 | 5.305365e+03 |  45.84%| unknown
 time | node  | left  |LP iter|LP it/n|mem/heur|mdpt |vars |cons |rows |cuts |sepa|confs|strbr|  dualbound   | primalbound  |  gap   | compl. 
d 0.9s|     1 |     0 |  2332 |     - |pscostdi|   0 | 431 | 181 | 271 |   0 | 39 |   0 |   0 | 7.737209e+03 | 7.526139e+03 |   2.80%| unknown
  0.9s|     1 |     0 |  2332 |     - |    81M |   0 | 431 | 181 | 271 | 107 | 39 |   0 |   0 | 7.737209e+03 | 7.526139e+03 |   2.80%| unknown
  0.9s|     1 |     0 |  2332 |     - |    81M |   0 | 431 | 181 | 271 | 107 | 39 |   0 |   0 | 7.737209e+03 | 7.526139e+03 |   2.80%| unknown
  1.2s|     1 |     2 |  2332 |     - |    81M |   0 | 431 | 181 | 271 | 107 | 40 |   0 |  20 | 7.714065e+03 | 7.526139e+03 |   2.50%| unknown
(run 1, node 1) restarting after 21 global fixings of integer variables

(restart) converted 90 cuts from the global cut pool into linear constraints

presolving:
(round 1, fast)       21 del vars, 0 del conss, 0 add conss, 0 chg bounds, 0 chg sides, 0 chg coeffs, 0 upgd conss, 0 impls, 259 clqs
   (1.2s) running MILP presolver
   (1.2s) MILP presolver found nothing
(round 2, exhaustive) 21 del vars, 5 del conss, 0 add conss, 0 chg bounds, 0 chg sides, 0 chg coeffs, 0 upgd conss, 0 impls, 259 clqs
(round 3, exhaustive) 21 del vars, 5 del conss, 0 add conss, 0 chg bounds, 0 chg sides, 0 chg coeffs, 83 upgd conss, 0 impls, 259 clqs
(round 4, exhaustive) 21 del vars, 7 del conss, 0 add conss, 0 chg bounds, 0 chg sides, 0 chg coeffs, 83 upgd conss, 0 impls, 259 clqs
presolving (5 rounds: 5 fast, 4 medium, 4 exhaustive):
 21 deleted vars, 7 deleted constraints, 0 added constraints, 0 tightened bounds, 0 added holes, 0 changed sides, 0 changed coefficients
 0 implications, 259 cliques
presolved problem has 410 variables (410 bin, 0 int, 0 impl, 0 cont) and 264 constraints
      9 constraints of type <knapsack>
    248 constraints of type <setppc>
      7 constraints of type <linear>
Presolving Time: 0.02
transformed 27/27 original solutions to the transformed problem space

 time | node  | left  |LP iter|LP it/n|mem/heur|mdpt |vars |cons |rows |cuts |sepa|confs|strbr|  dualbound   | primalbound  |  gap   | compl. 
  1.3s|     1 |     0 |  4450 |     - |    73M |   0 | 410 | 264 | 264 |   0 |  0 |   0 |  20 | 7.714065e+03 | 7.526139e+03 |   2.50%| unknown
  1.3s|     1 |     0 |  4450 |     - |    73M |   0 | 410 | 264 | 264 |   0 |  0 |   0 |  20 | 7.714065e+03 | 7.526139e+03 |   2.50%| unknown
  1.4s|     1 |     0 |  4527 |     - |    73M |   0 | 410 | 264 | 265 |   1 |  1 |   0 |  20 | 7.714065e+03 | 7.526139e+03 |   2.50%| unknown
  1.4s|     1 |     0 |  4608 |     - |    75M |   0 | 410 | 264 | 266 |   2 |  2 |   0 |  20 | 7.714065e+03 | 7.526139e+03 |   2.50%| unknown
  1.4s|     1 |     0 |  4608 |     - |    75M |   0 | 410 | 264 | 266 |   2 |  2 |   0 |  20 | 7.714065e+03 | 7.526139e+03 |   2.50%| unknown
  1.5s|     1 |     0 |  4647 |     - |    81M |   0 | 410 | 264 | 267 |   3 |  3 |   0 |  20 | 7.714065e+03 | 7.526139e+03 |   2.50%| unknown
  1.5s|     1 |     0 |  4680 |     - |    81M |   0 | 410 | 264 | 268 |   4 |  4 |   0 |  20 | 7.714065e+03 | 7.526139e+03 |   2.50%| unknown
  1.6s|     1 |     0 |  4729 |     - |    80M |   0 | 410 | 264 | 269 |   5 |  5 |   0 |  20 | 7.714065e+03 | 7.526139e+03 |   2.50%| unknown
  1.7s|     1 |     0 |  4753 |     - |    85M |   0 | 410 | 264 | 270 |   6 |  6 |   0 |  20 | 7.714065e+03 | 7.526139e+03 |   2.50%| unknown
  1.7s|     1 |     0 |  4771 |     - |    87M |   0 | 410 | 264 | 271 |   7 |  7 |   0 |  20 | 7.714065e+03 | 7.526139e+03 |   2.50%| unknown
  1.8s|     1 |     0 |  4832 |     - |    88M |   0 | 410 | 264 | 272 |   8 |  8 |   0 |  20 | 7.714065e+03 | 7.526139e+03 |   2.50%| unknown
  1.9s|     1 |     0 |  4865 |     - |    87M |   0 | 410 | 264 | 273 |   9 |  9 |   0 |  20 | 7.714065e+03 | 7.526139e+03 |   2.50%| unknown
  1.9s|     1 |     0 |  4908 |     - |    99M |   0 | 410 | 264 | 274 |  10 | 10 |   0 |  20 | 7.714065e+03 | 7.526139e+03 |   2.50%| unknown
  2.0s|     1 |     0 |  4931 |     - |   100M |   0 | 410 | 264 | 275 |  11 | 11 |   0 |  20 | 7.714065e+03 | 7.526139e+03 |   2.50%| unknown
  2.0s|     1 |     0 |  4978 |     - |   100M |   0 | 410 | 264 | 276 |  12 | 12 |   0 |  20 | 7.714065e+03 | 7.526139e+03 |   2.50%| unknown
 time | node  | left  |LP iter|LP it/n|mem/heur|mdpt |vars |cons |rows |cuts |sepa|confs|strbr|  dualbound   | primalbound  |  gap   | compl. 
  2.0s|     1 |     0 |  5002 |     - |   100M |   0 | 410 | 264 | 277 |  13 | 13 |   0 |  20 | 7.714065e+03 | 7.526139e+03 |   2.50%| unknown
  2.0s|     1 |     0 |  5018 |     - |   100M |   0 | 410 | 264 | 249 |  14 | 14 |   0 |  20 | 7.714065e+03 | 7.526139e+03 |   2.50%| unknown
  2.1s|     1 |     0 |  5038 |     - |   100M |   0 | 410 | 264 | 250 |  15 | 15 |   0 |  20 | 7.714065e+03 | 7.526139e+03 |   2.50%| unknown
  2.3s|     1 |     2 |  5383 |     - |   100M |   0 | 410 | 264 | 250 |  15 | 15 |   0 |  39 | 7.714065e+03 | 7.526139e+03 |   2.50%| unknown
* 2.4s|     3 |     2 |  5621 | 291.0 |strongbr|   2 | 410 | 269 | 212 |  15 |  4 |   5 |  91 | 7.713561e+03 | 7.539452e+03 |   2.31%| unknown
* 2.5s|     6 |     3 |  5753 | 167.5 |strongbr|   4 | 410 | 270 | 212 |  15 |  1 |   6 | 140 | 7.713561e+03 | 7.601626e+03 |   1.47%|  15.92%
* 2.6s|     6 |     3 |  5763 | 169.2 |strongbr|   4 | 410 | 273 | 212 |  15 |  2 |   9 | 167 | 7.713561e+03 | 7.626817e+03 |   1.14%|  15.92%

SCIP Status        : problem is solved [optimal solution found]
Solving Time (sec) : 2.87
Solving Nodes      : 9 (total of 10 nodes in 2 runs)
Primal Bound       : +7.62681650519361e+03 (163 solutions)
Dual Bound         : +7.62681650519361e+03
Gap                : 0.00 %
