presolving:
(round 1, fast)       0 del vars, 1 del conss, 0 add conss, 0 chg bounds, 0 chg sides, 0 chg coeffs, 0 upgd conss, 0 impls, 189 clqs
   (0.0s) running MILP presolver
   (0.0s) MILP presolver (2 rounds): 0 aggregations, 6 fixings, 0 bound changes
(round 2, medium)     6 del vars, 1 del conss, 0 add conss, 0 chg bounds, 0 chg sides, 0 chg coeffs, 0 upgd conss, 0 impls, 189 clqs
(round 3, exhaustive) 6 del vars, 3 del conss, 0 add conss, 0 chg bounds, 2 chg sides, 0 chg coeffs, 0 upgd conss, 0 impls, 189 clqs
(round 4, exhaustive) 6 del vars, 3 del conss, 0 add conss, 0 chg bounds, 2 chg sides, 0 chg coeffs, 187 upgd conss, 0 impls, 189 clqs
(round 5, medium)     37 del vars, 3 del conss, 0 add conss, 0 chg bounds, 2 chg sides, 31 chg coeffs, 187 upgd conss, 0 impls, 189 clqs
(round 6, fast)       53 del vars, 4 del conss, 0 add conss, 0 chg bounds, 2 chg sides, 31 chg coeffs, 187 upgd conss, 0 impls, 188 clqs
(round 7, exhaustive) 53 del vars, 8 del conss, 0 add conss, 0 chg bounds, 2 chg sides, 31 chg coeffs, 187 upgd conss, 0 impls, 188 clqs
   (0.0s) probing: 51/447 (11.4%) - 0 fixings, 0 aggregations, 0 implications, 0 bound changes
   (0.0s) probing aborted: 50/50 successive totally useless probings
   (0.0s) symmetry computation started: requiring (bin +, int +, cont +), (fixed: bin -, int -, cont -)
   (0.0s) no symmetry present (symcode time: 0.00)
presolving (8 rounds: 8 fast, 6 medium, 4 exhaustive):
 53 deleted vars, 8 deleted constraints, 0 added constraints, 0 tightened bounds, 0 added holes, 2 changed sides, 31 changed coefficients
 0 implications, 188 cliques
presolved problem has 447 variables (447 bin, 0 int, 0 impl, 0 cont) and 182 constraints
    182 constraints of type <setppc>
Presolving Time: 0.01

 time | node  | left  |LP iter|LP it/n|mem/heur|mdpt |vars |cons |rows |cuts |sepa|confs|strbr|  dualbound   | primalbound  |  gap   | compl. 
  0.1s|     1 |     0 |  1428 |     - |  5713k |   0 | 447 | 182 | 182 |   0 |  0 |   0 |   0 | 7.028991e+03 |      --      |    Inf | unknown
  0.1s|     1 |     0 |  1452 |     - |    20M |   0 | 447 | 182 | 186 |   4 |  1 |   0 |   0 | 7.010937e+03 |      --      |    Inf | unknown
  0.2s|     1 |     0 |  1483 |     - |    33M |   0 | 447 | 182 | 189 |   7 |  2 |   0 |   0 | 6.994903e+03 |      --      |    Inf | unknown
  0.2s|     1 |     0 |  1505 |     - |    42M |   0 | 447 | 182 | 190 |   8 |  3 |   0 |   0 | 6.989418e+03 |      --      |    Inf | unknown
  0.3s|     1 |     0 |  1534 |     - |    50M |   0 | 447 | 182 | 191 |   9 |  4 |   0 |   0 | 6.985803e+03 |      --      |    Inf | unknown
  0.3s|     1 |     0 |  1564 |     - |    55M |   0 | 447 | 182 | 194 |  12 |  5 |   0 |   0 | 6.983055e+03 |      --      |    Inf | unknown
  0.4s|     1 |     0 |  1593 |     - |    58M |   0 | 447 | 182 | 196 |  14 |  6 |   0 |   0 | 6.978327e+03 |      --      |    Inf | unknown
  0.4s|     1 |     0 |  1629 |     - |    67M |   0 | 447 | 182 | 198 |  16 |  7 |   0 |   0 | 6.973551e+03 |      --      |    Inf | unknown
  0.5s|     1 |     0 |  1648 |     - |    71M |   0 | 447 | 182 | 200 |  18 |  8 |   0 |   0 | 6.972401e+03 |      --      |    Inf | unknown
  0.5s|     1 |     0 |  1681 |     - |    80M |   0 | 447 | 182 | 201 |  19 |  9 |   0 |   0 | 6.970074e+03 |      --      |    Inf | unknown
  0.6s|     1 |     0 |  1717 |     - |    83M |   0 | 447 | 182 | 202 |  20 | 10 |   0 |   0 | 6.968299e+03 |      --      |    Inf | unknown
  0.6s|     1 |     0 |  1737 |     - |    83M |   0 | 447 | 182 | 205 |  23 | 11 |   0 |   0 | 6.967773e+03 |      --      |    Inf | unknown
  0.6s|     1 |     0 |  1752 |     - |    83M |   0 | 447 | 182 | 207 |  25 | 12 |   0 |   0 | 6.967377e+03 |      --      |    Inf | unknown
  0.6s|     1 |     0 |  1774 |     - |    83M |   0 | 447 | 182 | 208 |  26 | 13 |   0 |   0 | 6.966323e+03 |      --      |    Inf | unknown
  0.6s|     1 |     0 |  1788 |     - |    83M |   0 | 447 | 182 | 210 |  28 | 14 |   0 |   0 | 6.966007e+03 |      --      |    Inf | unknown
 time | node  | left  |LP iter|LP it/n|mem/heur|mdpt |vars |cons |rows |cuts |sepa|confs|strbr|  dualbound   | primalbound  |  gap   | compl. 
  0.6s|     1 |     0 |  1800 |     - |    83M |   0 | 447 | 182 | 212 |  30 | 15 |   0 |   0 | 6.965742e+03 |      --      |    Inf | unknown
  0.7s|     1 |     0 |  1817 |     - |    83M |   0 | 447 | 182 | 214 |  32 | 16 |   0 |   0 | 6.965351e+03 |      --      |    Inf | unknown
  0.7s|     1 |     0 |  1822 |     - |    83M |   0 | 447 | 182 | 214 |  33 | 17 |   0 |   0 | 6.965260e+03 |      --      |    Inf | unknown
  0.7s|     1 |     0 |  1862 |     - |    83M |   0 | 447 | 182 | 216 |  35 | 18 |   0 |   0 | 6.964437e+03 |      --      |    Inf | unknown
  0.7s|     1 |     0 |  1891 |     - |    83M |   0 | 447 | 182 | 218 |  37 | 19 |   0 |   0 | 6.963453e+03 |      --      |    Inf | unknown
  0.7s|     1 |     0 |  1905 |     - |    84M |   0 | 447 | 182 | 219 |  38 | 20 |   0 |   0 | 6.963084e+03 |      --      |    Inf | unknown
  0.8s|     1 |     0 |  1916 |     - |    84M |   0 | 447 | 182 | 220 |  39 | 21 |   0 |   0 | 6.962925e+03 |      --      |    Inf | unknown
  0.8s|     1 |     0 |  1919 |     - |    84M |   0 | 447 | 182 | 221 |  40 | 22 |   0 |   0 | 6.962912e+03 |      --      |    Inf | unknown
  0.8s|     1 |     0 |  1920 |     - |    84M |   0 | 447 | 182 | 218 |  41 | 23 |   0 |   0 | 6.962911e+03 |      --      |    Inf | unknown
  0.8s|     1 |     0 |  1922 |     - |    84M |   0 | 447 | 182 | 219 |  42 | 24 |   0 |   0 | 6.962903e+03 |      --      |    Inf | unknown
  0.9s|     1 |     0 |  1924 |     - |    84M |   0 | 447 | 182 | 220 |  43 | 25 |   0 |   0 | 6.962896e+03 |      --      |    Inf | unknown
  0.9s|     1 |     0 |  1926 |     - |    84M |   0 | 447 | 182 | 221 |  44 | 26 |   0 |   0 | 6.962887e+03 |      --      |    Inf | unknown
  0.9s|     1 |     0 |  1933 |     - |    84M |   0 | 447 | 182 | 222 |  45 | 27 |   0 |   0 | 6.962875e+03 |      --      |    Inf | unknown
  0.9s|     1 |     0 |  1952 |     - |    84M |   0 | 447 | 182 | 224 |  47 | 28 |   0 |   0 | 6.962701e+03 |      --      |    Inf | unknown
  1.0s|     1 |     0 |  1956 |     - |    84M |   0 | 447 | 182 | 219 |  48 | 29 |   0 |   0 | 6.962692e+03 |      --      |    Inf | unknown
 time | node  | left  |LP iter|LP it/n|mem/heur|mdpt |vars |cons |rows |cuts |sepa|confs|strbr|  dualbound   | primalbound  |  gap   | compl. 
d 1.0s|     1 |     0 |  1956 |     - |pscostdi|   0 | 447 | 182 | 219 |   0 | 29 |   0 |   0 | 6.962692e+03 | 2.254716e+03 | 208.81%| unknown
d 1.0s|     1 |     0 |  2025 |     - |pscostdi|   0 | 447 | 182 | 219 |   0 | 29 |   0 |   0 | 6.962692e+03 | 2.671773e+03 | 160.60%| unknown
d 1.0s|     1 |     0 |  2095 |     - |pscostdi|   0 | 447 | 182 | 219 |   0 | 29 |   0 |   0 | 6.962692e+03 | 3.166383e+03 | 119.89%| unknown
d 1.0s|     1 |     0 |  2126 |     - |pscostdi|   0 | 447 | 182 | 219 |   0 | 29 |   0 |   0 | 6.962692e+03 | 3.973553e+03 |  75.23%| unknown
d 1.0s|     1 |     0 |  2157 |     - |pscostdi|   0 | 447 | 182 | 219 |   0 | 29 |   0 |   0 | 6.962692e+03 | 4.527986e+03 |  53.77%| unknown
d 1.0s|     1 |     0 |  2167 |     - |pscostdi|   0 | 447 | 182 | 219 |   0 | 29 |   0 |   0 | 6.962692e+03 | 5.969234e+03 |  16.64%| unknown
d 1.0s|     1 |     0 |  2168 |     - |pscostdi|   0 | 447 | 182 | 219 |   0 | 29 |   0 |   0 | 6.962692e+03 | 6.696519e+03 |   3.97%| unknown
  1.0s|     1 |     0 |  2168 |     - |    84M |   0 | 447 | 182 | 219 |  48 | 29 |   0 |   0 | 6.962692e+03 | 6.696519e+03 |   3.97%| unknown
  1.0s|     1 |     0 |  2168 |     - |    84M |   0 | 447 | 182 | 219 |  48 | 29 |   0 |   0 | 6.962692e+03 | 6.696519e+03 |   3.97%| unknown
  1.0s|     1 |     0 |  2186 |     - |    84M |   0 | 447 | 182 | 225 |  54 | 30 |   0 |   0 | 6.962078e+03 | 6.696519e+03 |   3.97%| unknown
  1.0s|     1 |     0 |  2187 |     - |    84M |   0 | 447 | 182 | 226 |  55 | 31 |   0 |   0 | 6.962078e+03 | 6.696519e+03 |   3.97%| unknown
  1.3s|     1 |     2 |  2187 |     - |    84M |   0 | 447 | 182 | 226 |  55 | 31 |   0 |  36 | 6.952475e+03 | 6.696519e+03 |   3.82%| unknown
(run 1, node 1) restarting after 16 global fixings of integer variables

(restart) converted 44 cuts from the global cut pool into linear constraints

presolving:
(round 1, fast)       16 del vars, 0 del conss, 0 add conss, 0 chg bounds, 0 chg sides, 0 chg coeffs, 0 upgd conss, 0 impls, 208 clqs
(round 2, exhaustive) 16 del vars, 1 del conss, 0 add conss, 0 chg bounds, 0 chg sides, 0 chg coeffs, 0 upgd conss, 0 impls, 208 clqs
(round 3, exhaustive) 16 del vars, 1 del conss, 0 add conss, 0 chg bounds, 0 chg sides, 0 chg coeffs, 28 upgd conss, 0 impls, 208 clqs
(round 4, exhaustive) 16 del vars, 2 del conss, 0 add conss, 0 chg bounds, 0 chg sides, 0 chg coeffs, 28 upgd conss, 0 impls, 208 clqs
presolving (5 rounds: 5 fast, 4 medium, 4 exhaustive):
 16 deleted vars, 2 deleted constraints, 0 added constraints, 0 tightened bounds, 0 added holes, 0 changed sides, 0 changed coefficients
 0 implications, 208 cliques
presolved problem has 431 variables (431 bin, 0 int, 0 impl, 0 cont) and 224 constraints
      8 constraints of type <knapsack>
    200 constraints of type <setppc>
     16 constraints of type <linear>
Presolving Time: 0.03
transformed 43/43 original solutions to the transformed problem space

 time | node  | left  |LP iter|LP it/n|mem/heur|mdpt |vars |cons |rows |cuts |sepa|confs|strbr|  dualbound   | primalbound  |  gap   | compl. 
  1.4s|     1 |     0 |  3246 |     - |    80M |   0 | 431 | 224 | 224 |   0 |  0 |   0 |  36 | 6.952475e+03 | 6.696519e+03 |   3.82%| unknown
  1.5s|     1 |     0 |  3302 |     - |    80M |   0 | 431 | 224 | 225 |   1 |  1 |   0 |  36 | 6.952475e+03 | 6.696519e+03 |   3.82%| unknown
  1.6s|     1 |     0 |  3326 |     - |    80M |   0 | 431 | 224 | 226 |   2 |  2 |   0 |  36 | 6.952475e+03 | 6.696519e+03 |   3.82%| unknown
  1.6s|     1 |     0 |  3361 |     - |    80M |   0 | 431 | 224 | 227 |   3 |  3 |   0 |  36 | 6.952475e+03 | 6.696519e+03 |   3.82%| unknown
  1.7s|     1 |     0 |  3397 |     - |    81M |   0 | 431 | 224 | 228 |   4 |  4 |   0 |  36 | 6.952475e+03 | 6.696519e+03 |   3.82%| unknown
  1.8s|     1 |     0 |  3433 |     - |    82M |   0 | 431 | 224 | 229 |   5 |  5 |   0 |  36 | 6.952475e+03 | 6.696519e+03 |   3.82%| unknown
  1.8s|     1 |     0 |  3456 |     - |    83M |   0 | 431 | 224 | 232 |   8 |  6 |   0 |  36 | 6.952475e+03 | 6.696519e+03 |   3.82%| unknown
  1.9s|     1 |     0 |  3504 |     - |    87M |   0 | 431 | 224 | 233 |   9 |  7 |   0 |  36 | 6.952475e+03 | 6.696519e+03 |   3.82%| unknown
  2.0s|     1 |     0 |  3558 |     - |    89M |   0 | 431 | 224 | 234 |  10 |  8 |   0 |  36 | 6.952475e+03 | 6.696519e+03 |   3.82%| unknown
  2.1s|     1 |     0 |  3623 |     - |    93M |   0 | 431 | 224 | 236 |  12 |  9 |   0 |  36 | 6.952475e+03 | 6.696519e+03 |   3.82%| unknown
  2.2s|     1 |     0 |  3693 |     - |    95M |   0 | 431 | 224 | 237 |  13 | 10 |   0 |  36 | 6.952475e+03 | 6.696519e+03 |   3.82%| unknown
  2.2s|     1 |     0 |  3721 |     - |    95M |   0 | 431 | 224 | 238 |  14 | 11 |   0 |  36 | 6.952475e+03 | 6.696519e+03 |   3.82%| unknown
  2.2s|     1 |     0 |  3728 |     - |    95M |   0 | 431 | 224 | 239 |  15 | 12 |   0 |  36 | 6.952475e+03 | 6.696519e+03 |   3.82%| unknown
  2.3s|     1 |     0 |  3746 |     - |    95M |   0 | 431 | 224 | 241 |  17 | 13 |   0 |  36 | 6.952475e+03 | 6.696519e+03 |   3.82%| unknown
  2.3s|     1 |     0 |  3759 |     - |    95M |   0 | 431 | 224 | 242 |  18 | 14 |   0 |  36 | 6.952475e+03 | 6.696519e+03 |   3.82%| unknown
 time | node  | left  |LP iter|LP it/n|mem/heur|mdpt |vars |cons |rows |cuts |sepa|confs|strbr|  dualbound   | primalbound  |  gap   | compl. 
  2.3s|     1 |     0 |  3771 |     - |    95M |   0 | 431 | 224 | 230 |  20 | 15 |   0 |  36 | 6.952475e+03 | 6.696519e+03 |   3.82%| unknown
  2.4s|     1 |     0 |  3785 |     - |    95M |   0 | 431 | 224 | 231 |  21 | 16 |   0 |  36 | 6.952475e+03 | 6.696519e+03 |   3.82%| unknown
  2.4s|     1 |     0 |  3789 |     - |    95M |   0 | 431 | 224 | 232 |  22 | 17 |   0 |  36 | 6.952475e+03 | 6.696519e+03 |   3.82%| unknown
  2.4s|     1 |     0 |  3799 |     - |    95M |   0 | 431 | 224 | 233 |  23 | 18 |   0 |  36 | 6.952475e+03 | 6.696519e+03 |   3.82%| unknown
  2.5s|     1 |     0 |  3812 |     - |    95M |   0 | 431 | 224 | 234 |  24 | 19 |   0 |  36 | 6.952475e+03 | 6.696519e+03 |   3.82%| unknown
  2.5s|     1 |     0 |  3816 |     - |    95M |   0 | 431 | 224 | 235 |  25 | 20 |   0 |  36 | 6.952475e+03 | 6.696519e+03 |   3.82%| unknown
  2.8s|     1 |     2 |  4219 |     - |    95M |   0 | 431 | 228 | 235 |  25 | 20 |   4 |  55 | 6.950615e+03 | 6.696519e+03 |   3.79%| unknown
* 3.0s|     5 |     2 |  4563 | 191.8 |strongbr|   3 | 431 | 229 | 212 |  25 |  1 |   5 | 131 | 6.950615e+03 | 6.717831e+03 |   3.47%|  12.43%
* 3.3s|     7 |     2 |  4931 | 189.6 |strongbr|   4 | 431 | 261 | 212 |  25 |  5 |  37 | 229 | 6.950615e+03 | 6.752186e+03 |   2.94%|  17.82%
* 3.7s|    15 |     2 |  5455 | 123.4 |strongbr|   8 | 431 | 303 | 212 |  25 |  2 |  79 | 405 | 6.950615e+03 | 6.778036e+03 |   2.55%|  23.12%

SCIP Status        : problem is solved [optimal solution found]
Solving Time (sec) : 4.82
Solving Nodes      : 35 (total of 36 nodes in 2 runs)
Primal Bound       : +6.77803566921077e+03 (230 solutions)
Dual Bound         : +6.77803566921077e+03
Gap                : 0.00 %
