presolving:
(round 1, fast)       1 del vars, 1 del conss, 0 add conss, 0 chg bounds, 0 chg sides, 0 chg coeffs, 0 upgd conss, 0 impls, 198 clqs
(round 2, fast)       2 del vars, 1 del conss, 0 add conss, 0 chg bounds, 0 chg sides, 0 chg coeffs, 0 upgd conss, 0 impls, 198 clqs
   (0.0s) running MILP presolver
   (0.0s) MILP presolver (2 rounds): 0 aggregations, 19 fixings, 0 bound changes
(round 3, medium)     21 del vars, 1 del conss, 0 add conss, 0 chg bounds, 0 chg sides, 0 chg coeffs, 0 upgd conss, 0 impls, 197 clqs
(round 4, fast)       21 del vars, 2 del conss, 0 add conss, 0 chg bounds, 0 chg sides, 0 chg coeffs, 0 upgd conss, 0 impls, 197 clqs
(round 5, exhaustive) 21 del vars, 7 del conss, 0 add conss, 0 chg bounds, 5 chg sides, 0 chg coeffs, 0 upgd conss, 0 impls, 197 clqs
(round 6, exhaustive) 21 del vars, 7 del conss, 0 add conss, 0 chg bounds, 5 chg sides, 0 chg coeffs, 192 upgd conss, 0 impls, 197 clqs
(round 7, medium)     55 del vars, 7 del conss, 0 add conss, 0 chg bounds, 5 chg sides, 34 chg coeffs, 192 upgd conss, 0 impls, 197 clqs
(round 8, fast)       73 del vars, 7 del conss, 0 add conss, 0 chg bounds, 5 chg sides, 34 chg coeffs, 192 upgd conss, 0 impls, 197 clqs
(round 9, exhaustive) 73 del vars, 10 del conss, 0 add conss, 0 chg bounds, 5 chg sides, 34 chg coeffs, 192 upgd conss, 0 impls, 197 clqs
   (0.0s) probing: 51/427 (11.9%) - 0 fixings, 0 aggregations, 0 implications, 0 bound changes
   (0.0s) probing aborted: 50/50 successive totally useless probings
   (0.0s) symmetry computation started: requiring (bin +, int +, cont +), (fixed: bin -, int -, cont -)
   (0.0s) no symmetry present (symcode time: 0.00)
presolving (10 rounds: 10 fast, 6 medium, 4 exhaustive):
 73 deleted vars, 10 deleted constraints, 0 added constraints, 0 tightened bounds, 0 added holes, 5 changed sides, 34 changed coefficients
 0 implications, 197 cliques
presolved problem has 427 variables (427 bin, 0 int, 0 impl, 0 cont) and 189 constraints
    189 constraints of type <setppc>
Presolving Time: 0.01

 time | node  | left  |LP iter|LP it/n|mem/heur|mdpt |vars |cons |rows |cuts |sepa|confs|strbr|  dualbound   | primalbound  |  gap   | compl. 
  0.0s|     1 |     0 |  1292 |     - |  5141k |   0 | 427 | 189 | 189 |   0 |  0 |   0 |   0 | 7.880946e+03 |      --      |    Inf | unknown
  0.1s|     1 |     0 |  1329 |     - |    18M |   0 | 427 | 189 | 192 |   3 |  1 |   0 |   0 | 7.862087e+03 |      --      |    Inf | unknown
  0.2s|     1 |     0 |  1361 |     - |    25M |   0 | 427 | 189 | 195 |   6 |  2 |   0 |   0 | 7.851777e+03 |      --      |    Inf | unknown
  0.2s|     1 |     0 |  1401 |     - |    31M |   0 | 427 | 189 | 199 |  10 |  3 |   0 |   0 | 7.840808e+03 |      --      |    Inf | unknown
  0.2s|     1 |     0 |  1440 |     - |    37M |   0 | 427 | 189 | 200 |  11 |  4 |   0 |   0 | 7.832712e+03 |      --      |    Inf | unknown
  0.3s|     1 |     0 |  1474 |     - |    39M |   0 | 427 | 189 | 203 |  14 |  5 |   0 |   0 | 7.829420e+03 |      --      |    Inf | unknown
  0.3s|     1 |     0 |  1489 |     - |    44M |   0 | 427 | 189 | 204 |  15 |  6 |   0 |   0 | 7.827728e+03 |      --      |    Inf | unknown
  0.4s|     1 |     0 |  1520 |     - |    51M |   0 | 427 | 189 | 205 |  16 |  7 |   0 |   0 | 7.827245e+03 |      --      |    Inf | unknown
  0.4s|     1 |     0 |  1558 |     - |    55M |   0 | 427 | 189 | 206 |  17 |  8 |   0 |   0 | 7.826689e+03 |      --      |    Inf | unknown
  0.5s|     1 |     0 |  1570 |     - |    61M |   0 | 427 | 189 | 207 |  18 |  9 |   0 |   0 | 7.826194e+03 |      --      |    Inf | unknown
  0.5s|     1 |     0 |  1583 |     - |    67M |   0 | 427 | 189 | 208 |  19 | 10 |   0 |   0 | 7.825835e+03 |      --      |    Inf | unknown
  0.5s|     1 |     0 |  1612 |     - |    67M |   0 | 427 | 189 | 210 |  21 | 11 |   0 |   0 | 7.824034e+03 |      --      |    Inf | unknown
  0.5s|     1 |     0 |  1629 |     - |    67M |   0 | 427 | 189 | 214 |  25 | 12 |   0 |   0 | 7.823747e+03 |      --      |    Inf | unknown
  0.5s|     1 |     0 |  1659 |     - |    67M |   0 | 427 | 189 | 216 |  27 | 13 |   0 |   0 | 7.822457e+03 |      --      |    Inf | unknown
  0.6s|     1 |     0 |  1698 |     - |    67M |   0 | 427 | 189 | 219 |  30 | 14 |   0 |   0 | 7.820629e+03 |      --      |    Inf | unknown
 time | node  | left  |LP iter|LP it/n|mem/heur|mdpt |vars |cons |rows |cuts |sepa|confs|strbr|  dualbound   | primalbound  |  gap   | compl. 
  0.6s|     1 |     0 |  1728 |     - |    67M |   0 | 427 | 189 | 222 |  33 | 15 |   0 |   0 | 7.819635e+03 |      --      |    Inf | unknown
  0.6s|     1 |     0 |  1734 |     - |    67M |   0 | 427 | 189 | 223 |  34 | 16 |   0 |   0 | 7.819605e+03 |      --      |    Inf | unknown
  0.6s|     1 |     0 |  1764 |     - |    67M |   0 | 427 | 189 | 223 |  35 | 17 |   0 |   0 | 7.819004e+03 |      --      |    Inf | unknown
  0.6s|     1 |     0 |  1771 |     - |    67M |   0 | 427 | 189 | 224 |  36 | 18 |   0 |   0 | 7.818920e+03 |      --      |    Inf | unknown
  0.6s|     1 |     0 |  1801 |     - |    68M |   0 | 427 | 189 | 225 |  37 | 19 |   0 |   0 | 7.818239e+03 |      --      |    Inf | unknown
  0.7s|     1 |     0 |  1807 |     - |    68M |   0 | 427 | 189 | 226 |  38 | 20 |   0 |   0 | 7.818218e+03 |      --      |    Inf | unknown
  0.7s|     1 |     0 |  1811 |     - |    68M |   0 | 427 | 189 | 227 |  39 | 21 |   0 |   0 | 7.818205e+03 |      --      |    Inf | unknown
  0.7s|     1 |     0 |  1814 |     - |    68M |   0 | 427 | 189 | 228 |  40 | 22 |   0 |   0 | 7.818203e+03 |      --      |    Inf | unknown
  0.7s|     1 |     0 |  1817 |     - |    68M |   0 | 427 | 189 | 225 |  41 | 23 |   0 |   0 | 7.818191e+03 |      --      |    Inf | unknown
  0.7s|     1 |     0 |  1821 |     - |    68M |   0 | 427 | 189 | 226 |  42 | 24 |   0 |   0 | 7.818190e+03 |      --      |    Inf | unknown
  0.7s|     1 |     0 |  1824 |     - |    68M |   0 | 427 | 189 | 227 |  43 | 25 |   0 |   0 | 7.818187e+03 |      --      |    Inf | unknown
  0.8s|     1 |     0 |  1840 |     - |    68M |   0 | 427 | 189 | 228 |  44 | 26 |   0 |   0 | 7.817979e+03 |      --      |    Inf | unknown
  0.8s|     1 |     0 |  1841 |     - |    68M |   0 | 427 | 189 | 229 |  45 | 27 |   0 |   0 | 7.817978e+03 |      --      |    Inf | unknown
  0.8s|     1 |     0 |  1855 |     - |    68M |   0 | 427 | 189 | 232 |  48 | 28 |   0 |   0 | 7.817823e+03 |      --      |    Inf | unknown
  0.8s|     1 |     0 |  1886 |     - |    68M |   0 | 427 | 189 | 227 |  51 | 29 |   0 |   0 | 7.817377e+03 |      --      |    Inf | unknown
 time | node  | left  |LP iter|LP it/n|mem/heur|mdpt |vars |cons |rows |cuts |sepa|confs|strbr|  dualbound   | primalbound  |  gap   | compl. 
d 0.8s|     1 |     0 |  1886 |     - |pscostdi|   0 | 427 | 189 | 227 |   0 | 29 |   0 |   0 | 7.817377e+03 | 2.906728e+03 | 168.94%| unknown
d 0.8s|     1 |     0 |  1974 |     - |pscostdi|   0 | 427 | 189 | 227 |   0 | 29 |   0 |   0 | 7.817377e+03 | 3.249978e+03 | 140.54%| unknown
d 0.8s|     1 |     0 |  2037 |     - |pscostdi|   0 | 427 | 189 | 227 |   0 | 29 |   0 |   0 | 7.817377e+03 | 3.755604e+03 | 108.15%| unknown
d 0.8s|     1 |     0 |  2058 |     - |pscostdi|   0 | 427 | 189 | 227 |   0 | 29 |   0 |   0 | 7.817377e+03 | 4.044079e+03 |  93.30%| unknown
d 0.8s|     1 |     0 |  2088 |     - |pscostdi|   0 | 427 | 189 | 227 |   0 | 29 |   0 |   0 | 7.817377e+03 | 4.640800e+03 |  68.45%| unknown
d 0.8s|     1 |     0 |  2100 |     - |pscostdi|   0 | 427 | 189 | 227 |   0 | 29 |   0 |   0 | 7.817377e+03 | 5.013367e+03 |  55.93%| unknown
d 0.8s|     1 |     0 |  2116 |     - |pscostdi|   0 | 427 | 189 | 227 |   0 | 29 |   0 |   0 | 7.817377e+03 | 5.952870e+03 |  31.32%| unknown
d 0.8s|     1 |     0 |  2118 |     - |pscostdi|   0 | 427 | 189 | 227 |   0 | 29 |   0 |   0 | 7.817377e+03 | 7.615147e+03 |   2.66%| unknown
  0.8s|     1 |     0 |  2118 |     - |    68M |   0 | 427 | 189 | 227 |  51 | 29 |   0 |   0 | 7.817377e+03 | 7.615147e+03 |   2.66%| unknown
  0.8s|     1 |     0 |  2118 |     - |    68M |   0 | 427 | 189 | 227 |  51 | 29 |   0 |   0 | 7.817377e+03 | 7.615147e+03 |   2.66%| unknown
  0.8s|     1 |     0 |  2119 |     - |    68M |   0 | 427 | 189 | 228 |  52 | 30 |   0 |   0 | 7.817376e+03 | 7.615147e+03 |   2.66%| unknown
  0.8s|     1 |     0 |  2123 |     - |    68M |   0 | 427 | 189 | 229 |  53 | 31 |   0 |   0 | 7.817363e+03 | 7.615147e+03 |   2.66%| unknown
  1.2s|     1 |     2 |  2123 |     - |    68M |   0 | 427 | 189 | 229 |  53 | 31 |   0 |  48 | 7.808931e+03 | 7.615147e+03 |   2.54%| unknown
(run 1, node 1) restarting after 22 global fixings of integer variables

(restart) converted 40 cuts from the global cut pool into linear constraints

presolving:
(round 1, fast)       22 del vars, 0 del conss, 0 add conss, 0 chg bounds, 0 chg sides, 0 chg coeffs, 0 upgd conss, 0 impls, 214 clqs
   (1.2s) running MILP presolver
   (1.2s) MILP presolver found nothing
(round 2, exhaustive) 22 del vars, 1 del conss, 0 add conss, 0 chg bounds, 0 chg sides, 0 chg coeffs, 0 upgd conss, 0 impls, 214 clqs
(round 3, exhaustive) 22 del vars, 1 del conss, 0 add conss, 0 chg bounds, 0 chg sides, 0 chg coeffs, 28 upgd conss, 0 impls, 214 clqs
(round 4, exhaustive) 22 del vars, 2 del conss, 0 add conss, 0 chg bounds, 0 chg sides, 0 chg coeffs, 28 upgd conss, 0 impls, 214 clqs
presolving (5 rounds: 5 fast, 4 medium, 4 exhaustive):
 22 deleted vars, 2 deleted constraints, 0 added constraints, 0 tightened bounds, 0 added holes, 0 changed sides, 0 changed coefficients
 0 implications, 214 cliques
presolved problem has 405 variables (405 bin, 0 int, 0 impl, 0 cont) and 227 constraints
     11 constraints of type <knapsack>
    204 constraints of type <setppc>
     12 constraints of type <linear>
Presolving Time: 0.03
transformed 56/56 original solutions to the transformed problem space

 time | node  | left  |LP iter|LP it/n|mem/heur|mdpt |vars |cons |rows |cuts |sepa|confs|strbr|  dualbound   | primalbound  |  gap   | compl. 
  1.3s|     1 |     0 |  3536 |     - |    63M |   0 | 405 | 227 | 227 |   0 |  0 |   0 |  48 | 7.808931e+03 | 7.615147e+03 |   2.54%| unknown
  1.3s|     1 |     0 |  3536 |     - |    63M |   0 | 405 | 227 | 227 |   0 |  0 |   0 |  48 | 7.808931e+03 | 7.615147e+03 |   2.54%| unknown
  1.3s|     1 |     0 |  3580 |     - |    64M |   0 | 405 | 227 | 228 |   1 |  1 |   0 |  48 | 7.808931e+03 | 7.615147e+03 |   2.54%| unknown
  1.4s|     1 |     0 |  3633 |     - |    65M |   0 | 405 | 227 | 229 |   2 |  2 |   0 |  48 | 7.808931e+03 | 7.615147e+03 |   2.54%| unknown
  1.5s|     1 |     0 |  3647 |     - |    67M |   0 | 405 | 227 | 231 |   4 |  3 |   0 |  48 | 7.808931e+03 | 7.615147e+03 |   2.54%| unknown
  1.5s|     1 |     0 |  3671 |     - |    72M |   0 | 405 | 227 | 233 |   6 |  4 |   0 |  48 | 7.808931e+03 | 7.615147e+03 |   2.54%| unknown
  1.6s|     1 |     0 |  3703 |     - |    73M |   0 | 405 | 227 | 234 |   7 |  5 |   0 |  48 | 7.808931e+03 | 7.615147e+03 |   2.54%| unknown
  1.6s|     1 |     0 |  3758 |     - |    71M |   0 | 405 | 227 | 235 |   8 |  6 |   0 |  48 | 7.808931e+03 | 7.615147e+03 |   2.54%| unknown
  1.7s|     1 |     0 |  3794 |     - |    70M |   0 | 405 | 227 | 236 |   9 |  7 |   0 |  48 | 7.808931e+03 | 7.615147e+03 |   2.54%| unknown
  1.7s|     1 |     0 |  3848 |     - |    72M |   0 | 405 | 227 | 239 |  12 |  8 |   0 |  48 | 7.808931e+03 | 7.615147e+03 |   2.54%| unknown
  1.8s|     1 |     0 |  3885 |     - |    71M |   0 | 405 | 227 | 242 |  15 |  9 |   0 |  48 | 7.808931e+03 | 7.615147e+03 |   2.54%| unknown
  1.9s|     1 |     0 |  3934 |     - |    76M |   0 | 405 | 227 | 243 |  16 | 10 |   0 |  48 | 7.808931e+03 | 7.615147e+03 |   2.54%| unknown
  1.9s|     1 |     0 |  3945 |     - |    76M |   0 | 405 | 227 | 244 |  17 | 11 |   0 |  48 | 7.808931e+03 | 7.615147e+03 |   2.54%| unknown
  1.9s|     1 |     0 |  3970 |     - |    76M |   0 | 405 | 227 | 246 |  19 | 12 |   0 |  48 | 7.808931e+03 | 7.615147e+03 |   2.54%| unknown
  2.0s|     1 |     0 |  3973 |     - |    76M |   0 | 405 | 227 | 247 |  20 | 13 |   0 |  48 | 7.808931e+03 | 7.615147e+03 |   2.54%| unknown
 time | node  | left  |LP iter|LP it/n|mem/heur|mdpt |vars |cons |rows |cuts |sepa|confs|strbr|  dualbound   | primalbound  |  gap   | compl. 
  2.0s|     1 |     0 |  3986 |     - |    76M |   0 | 405 | 227 | 239 |  22 | 14 |   0 |  48 | 7.808931e+03 | 7.615147e+03 |   2.54%| unknown
  2.0s|     1 |     0 |  4000 |     - |    76M |   0 | 405 | 227 | 240 |  23 | 15 |   0 |  48 | 7.808931e+03 | 7.615147e+03 |   2.54%| unknown
  2.0s|     1 |     0 |  4004 |     - |    76M |   0 | 405 | 227 | 241 |  24 | 16 |   0 |  48 | 7.808931e+03 | 7.615147e+03 |   2.54%| unknown
  2.0s|     1 |     0 |  4052 |     - |    76M |   0 | 405 | 227 | 242 |  25 | 17 |   0 |  48 | 7.808931e+03 | 7.615147e+03 |   2.54%| unknown
  2.1s|     1 |     0 |  4055 |     - |    76M |   0 | 405 | 227 | 243 |  26 | 18 |   0 |  48 | 7.808931e+03 | 7.615147e+03 |   2.54%| unknown
  2.4s|     1 |     2 |  4419 |     - |    76M |   0 | 405 | 227 | 243 |  26 | 18 |   0 |  70 | 7.802826e+03 | 7.615147e+03 |   2.46%| unknown
* 2.5s|     2 |     1 |  4631 | 404.0 |strongbr|   1 | 405 | 228 | 218 |  26 |  1 |   1 |  80 | 7.802826e+03 | 7.689645e+03 |   1.47%| unknown
* 3.2s|    11 |     0 |  5565 | 158.4 |strongbr|   5 | 405 | 193 | 218 |  26 |  2 |  55 | 313 | 7.726678e+03 | 7.721338e+03 |   0.07%|  97.94%

SCIP Status        : problem is solved [optimal solution found]
Solving Time (sec) : 3.24
Solving Nodes      : 11 (total of 12 nodes in 2 runs)
Primal Bound       : +7.72133806002669e+03 (188 solutions)
Dual Bound         : +7.72133806002669e+03
Gap                : 0.00 %
