presolving:
(round 1, fast)       0 del vars, 1 del conss, 0 add conss, 0 chg bounds, 0 chg sides, 0 chg coeffs, 0 upgd conss, 0 impls, 192 clqs
(round 2, fast)       1 del vars, 1 del conss, 0 add conss, 0 chg bounds, 0 chg sides, 0 chg coeffs, 0 upgd conss, 0 impls, 192 clqs
   (0.0s) running MILP presolver
   (0.0s) MILP presolver (2 rounds): 0 aggregations, 13 fixings, 0 bound changes
(round 3, medium)     14 del vars, 1 del conss, 0 add conss, 0 chg bounds, 0 chg sides, 0 chg coeffs, 0 upgd conss, 0 impls, 192 clqs
(round 4, exhaustive) 14 del vars, 2 del conss, 0 add conss, 0 chg bounds, 1 chg sides, 0 chg coeffs, 0 upgd conss, 0 impls, 192 clqs
(round 5, exhaustive) 14 del vars, 2 del conss, 0 add conss, 0 chg bounds, 1 chg sides, 0 chg coeffs, 191 upgd conss, 0 impls, 192 clqs
(round 6, medium)     48 del vars, 2 del conss, 0 add conss, 0 chg bounds, 1 chg sides, 34 chg coeffs, 191 upgd conss, 0 impls, 192 clqs
(round 7, fast)       65 del vars, 3 del conss, 0 add conss, 0 chg bounds, 1 chg sides, 34 chg coeffs, 191 upgd conss, 0 impls, 191 clqs
(round 8, exhaustive) 65 del vars, 10 del conss, 0 add conss, 0 chg bounds, 1 chg sides, 34 chg coeffs, 191 upgd conss, 0 impls, 191 clqs
   (0.0s) probing: 51/435 (11.7%) - 0 fixings, 0 aggregations, 0 implications, 0 bound changes
   (0.0s) probing aborted: 50/50 successive totally useless probings
   (0.0s) symmetry computation started: requiring (bin +, int +, cont +), (fixed: bin -, int -, cont -)
   (0.0s) no symmetry present (symcode time: 0.00)
presolving (9 rounds: 9 fast, 6 medium, 4 exhaustive):
 65 deleted vars, 10 deleted constraints, 0 added constraints, 0 tightened bounds, 0 added holes, 1 changed sides, 34 changed coefficients
 0 implications, 191 cliques
presolved problem has 435 variables (435 bin, 0 int, 0 impl, 0 cont) and 183 constraints
    183 constraints of type <setppc>
Presolving Time: 0.01

 time | node  | left  |LP iter|LP it/n|mem/heur|mdpt |vars |cons |rows |cuts |sepa|confs|strbr|  dualbound   | primalbound  |  gap   | compl. 
  0.0s|     1 |     0 |  1268 |     - |  5448k |   0 | 435 | 183 | 183 |   0 |  0 |   0 |   0 | 7.713109e+03 |      --      |    Inf | unknown
  0.1s|     1 |     0 |  1337 |     - |    18M |   0 | 435 | 183 | 186 |   3 |  1 |   0 |   0 | 7.700801e+03 |      --      |    Inf | unknown
  0.2s|     1 |     0 |  1367 |     - |    27M |   0 | 435 | 183 | 189 |   6 |  2 |   0 |   0 | 7.693739e+03 |      --      |    Inf | unknown
  0.2s|     1 |     0 |  1419 |     - |    35M |   0 | 435 | 183 | 192 |   9 |  3 |   0 |   0 | 7.683789e+03 |      --      |    Inf | unknown
  0.2s|     1 |     0 |  1454 |     - |    42M |   0 | 435 | 183 | 193 |  10 |  4 |   0 |   0 | 7.680413e+03 |      --      |    Inf | unknown
  0.3s|     1 |     0 |  1485 |     - |    45M |   0 | 435 | 183 | 194 |  11 |  5 |   0 |   0 | 7.679114e+03 |      --      |    Inf | unknown
  0.3s|     1 |     0 |  1510 |     - |    51M |   0 | 435 | 183 | 195 |  12 |  6 |   0 |   0 | 7.677372e+03 |      --      |    Inf | unknown
  0.4s|     1 |     0 |  1534 |     - |    59M |   0 | 435 | 183 | 196 |  13 |  7 |   0 |   0 | 7.675066e+03 |      --      |    Inf | unknown
  0.4s|     1 |     0 |  1554 |     - |    60M |   0 | 435 | 183 | 199 |  16 |  8 |   0 |   0 | 7.674326e+03 |      --      |    Inf | unknown
  0.4s|     1 |     0 |  1600 |     - |    70M |   0 | 435 | 183 | 200 |  17 |  9 |   0 |   0 | 7.672845e+03 |      --      |    Inf | unknown
  0.5s|     1 |     0 |  1637 |     - |    72M |   0 | 435 | 183 | 202 |  19 | 10 |   0 |   0 | 7.671783e+03 |      --      |    Inf | unknown
  0.5s|     1 |     0 |  1654 |     - |    72M |   0 | 435 | 183 | 204 |  21 | 11 |   0 |   0 | 7.671230e+03 |      --      |    Inf | unknown
  0.5s|     1 |     0 |  1664 |     - |    72M |   0 | 435 | 183 | 205 |  22 | 12 |   0 |   0 | 7.670966e+03 |      --      |    Inf | unknown
  0.5s|     1 |     0 |  1684 |     - |    72M |   0 | 435 | 183 | 208 |  25 | 13 |   0 |   0 | 7.670128e+03 |      --      |    Inf | unknown
  0.5s|     1 |     0 |  1699 |     - |    72M |   0 | 435 | 183 | 209 |  26 | 14 |   0 |   0 | 7.669843e+03 |      --      |    Inf | unknown
 time | node  | left  |LP iter|LP it/n|mem/heur|mdpt |vars |cons |rows |cuts |sepa|confs|strbr|  dualbound   | primalbound  |  gap   | compl. 
  0.6s|     1 |     0 |  1710 |     - |    73M |   0 | 435 | 183 | 210 |  27 | 15 |   0 |   0 | 7.669598e+03 |      --      |    Inf | unknown
  0.6s|     1 |     0 |  1720 |     - |    73M |   0 | 435 | 183 | 211 |  28 | 16 |   0 |   0 | 7.669522e+03 |      --      |    Inf | unknown
  0.6s|     1 |     0 |  1724 |     - |    73M |   0 | 435 | 183 | 210 |  29 | 17 |   0 |   0 | 7.669490e+03 |      --      |    Inf | unknown
  0.6s|     1 |     0 |  1733 |     - |    73M |   0 | 435 | 183 | 211 |  30 | 18 |   0 |   0 | 7.669438e+03 |      --      |    Inf | unknown
  0.6s|     1 |     0 |  1746 |     - |    73M |   0 | 435 | 183 | 212 |  31 | 19 |   0 |   0 | 7.669310e+03 |      --      |    Inf | unknown
  0.7s|     1 |     0 |  1756 |     - |    73M |   0 | 435 | 183 | 213 |  32 | 20 |   0 |   0 | 7.669101e+03 |      --      |    Inf | unknown
  0.7s|     1 |     0 |  1766 |     - |    73M |   0 | 435 | 183 | 214 |  33 | 21 |   0 |   0 | 7.669054e+03 |      --      |    Inf | unknown
  0.7s|     1 |     0 |  1774 |     - |    73M |   0 | 435 | 183 | 215 |  34 | 22 |   0 |   0 | 7.668996e+03 |      --      |    Inf | unknown
  0.7s|     1 |     0 |  1787 |     - |    73M |   0 | 435 | 183 | 211 |  35 | 23 |   0 |   0 | 7.668948e+03 |      --      |    Inf | unknown
d 0.7s|     1 |     0 |  1787 |     - |pscostdi|   0 | 435 | 183 | 211 |   0 | 23 |   0 |   0 | 7.668948e+03 | 2.590030e+03 | 196.09%| unknown
d 0.7s|     1 |     0 |  1797 |     - |pscostdi|   0 | 435 | 183 | 211 |   0 | 23 |   0 |   0 | 7.668948e+03 | 2.912811e+03 | 163.28%| unknown
d 0.7s|     1 |     0 |  1811 |     - |pscostdi|   0 | 435 | 183 | 211 |   0 | 23 |   0 |   0 | 7.668948e+03 | 3.367563e+03 | 127.73%| unknown
d 0.7s|     1 |     0 |  1837 |     - |pscostdi|   0 | 435 | 183 | 211 |   0 | 23 |   0 |   0 | 7.668948e+03 | 3.645674e+03 | 110.36%| unknown
d 0.7s|     1 |     0 |  1882 |     - |pscostdi|   0 | 435 | 183 | 211 |   0 | 23 |   0 |   0 | 7.668948e+03 | 4.596192e+03 |  66.85%| unknown
d 0.7s|     1 |     0 |  1904 |     - |pscostdi|   0 | 435 | 183 | 211 |   0 | 23 |   0 |   0 | 7.668948e+03 | 4.986935e+03 |  53.78%| unknown
 time | node  | left  |LP iter|LP it/n|mem/heur|mdpt |vars |cons |rows |cuts |sepa|confs|strbr|  dualbound   | primalbound  |  gap   | compl. 
d 0.7s|     1 |     0 |  1931 |     - |pscostdi|   0 | 435 | 183 | 211 |   0 | 23 |   0 |   0 | 7.668948e+03 | 5.754468e+03 |  33.27%| unknown
d 0.7s|     1 |     0 |  1935 |     - |pscostdi|   0 | 435 | 183 | 211 |   0 | 23 |   0 |   0 | 7.668948e+03 | 7.569068e+03 |   1.32%| unknown
  0.7s|     1 |     0 |  1935 |     - |    73M |   0 | 435 | 183 | 211 |  35 | 23 |   0 |   0 | 7.668948e+03 | 7.569068e+03 |   1.32%| unknown
  0.7s|     1 |     0 |  1935 |     - |    73M |   0 | 435 | 183 | 190 |  35 | 23 |   0 |   0 | 7.668948e+03 | 7.569068e+03 |   1.32%| unknown
  0.7s|     1 |     0 |  1937 |     - |    73M |   0 | 435 | 162 | 191 |  36 | 24 |   0 |   0 | 7.668937e+03 | 7.569068e+03 |   1.32%| unknown
  0.8s|     1 |     0 |  1938 |     - |    73M |   0 | 435 | 162 | 192 |  37 | 25 |   0 |   0 | 7.668936e+03 | 7.569068e+03 |   1.32%| unknown
(run 1, node 1) restarting after 182 global fixings of integer variables

(restart) converted 30 cuts from the global cut pool into linear constraints

presolving:
(round 1, fast)       182 del vars, 0 del conss, 0 add conss, 0 chg bounds, 0 chg sides, 0 chg coeffs, 0 upgd conss, 0 impls, 174 clqs
   (0.8s) running MILP presolver
   (0.8s) MILP presolver found nothing
(round 2, exhaustive) 182 del vars, 19 del conss, 0 add conss, 0 chg bounds, 0 chg sides, 0 chg coeffs, 0 upgd conss, 0 impls, 174 clqs
(round 3, exhaustive) 182 del vars, 19 del conss, 0 add conss, 0 chg bounds, 0 chg sides, 0 chg coeffs, 15 upgd conss, 0 impls, 174 clqs
(round 4, exhaustive) 182 del vars, 20 del conss, 0 add conss, 0 chg bounds, 0 chg sides, 0 chg coeffs, 15 upgd conss, 0 impls, 174 clqs
presolving (5 rounds: 5 fast, 4 medium, 4 exhaustive):
 182 deleted vars, 20 deleted constraints, 0 added constraints, 0 tightened bounds, 0 added holes, 0 changed sides, 0 changed coefficients
 0 implications, 174 cliques
presolved problem has 253 variables (253 bin, 0 int, 0 impl, 0 cont) and 172 constraints
      5 constraints of type <knapsack>
    152 constraints of type <setppc>
     15 constraints of type <linear>
Presolving Time: 0.02
transformed 8/8 original solutions to the transformed problem space

 time | node  | left  |LP iter|LP it/n|mem/heur|mdpt |vars |cons |rows |cuts |sepa|confs|strbr|  dualbound   | primalbound  |  gap   | compl. 
  0.8s|     1 |     0 |  3301 |     - |    70M |   0 | 253 | 172 | 172 |   0 |  0 |   0 |   0 | 7.668936e+03 | 7.569068e+03 |   1.32%| unknown
  0.9s|     1 |     0 |  3314 |     - |    70M |   0 | 253 | 172 | 173 |   1 |  1 |   0 |   0 | 7.668705e+03 | 7.569068e+03 |   1.32%| unknown
  0.9s|     1 |     0 |  3361 |     - |    70M |   0 | 253 | 172 | 175 |   3 |  2 |   0 |   0 | 7.667856e+03 | 7.569068e+03 |   1.31%| unknown
  0.9s|     1 |     0 |  3401 |     - |    71M |   0 | 253 | 172 | 176 |   4 |  3 |   0 |   0 | 7.667311e+03 | 7.569068e+03 |   1.30%| unknown
  1.0s|     1 |     0 |  3438 |     - |    71M |   0 | 253 | 172 | 177 |   5 |  4 |   0 |   0 | 7.667028e+03 | 7.569068e+03 |   1.29%| unknown
  1.0s|     1 |     0 |  3462 |     - |    73M |   0 | 253 | 172 | 180 |   8 |  5 |   0 |   0 | 7.666902e+03 | 7.569068e+03 |   1.29%| unknown
  1.0s|     1 |     0 |  3512 |     - |    73M |   0 | 253 | 172 | 181 |   9 |  6 |   0 |   0 | 7.666499e+03 | 7.569068e+03 |   1.29%| unknown
  1.1s|     1 |     0 |  3554 |     - |    74M |   0 | 253 | 172 | 186 |  14 |  7 |   0 |   0 | 7.666056e+03 | 7.569068e+03 |   1.28%| unknown
  1.1s|     1 |     0 |  3585 |     - |    74M |   0 | 253 | 172 | 187 |  15 |  8 |   0 |   0 | 7.665314e+03 | 7.569068e+03 |   1.27%| unknown
  1.1s|     1 |     0 |  3585 |     - |    74M |   0 | 253 | 172 | 187 |  15 |  8 |   0 |   0 | 7.665314e+03 | 7.569068e+03 |   1.27%| unknown
  1.2s|     1 |     0 |  3612 |     - |    74M |   0 | 253 | 172 | 188 |  16 |  9 |   0 |   0 | 7.664870e+03 | 7.569068e+03 |   1.27%| unknown
  1.2s|     1 |     0 |  3656 |     - |    76M |   0 | 253 | 172 | 189 |  17 | 10 |   0 |   0 | 7.664172e+03 | 7.569068e+03 |   1.26%| unknown
  1.2s|     1 |     0 |  3673 |     - |    76M |   0 | 253 | 172 | 191 |  19 | 11 |   0 |   0 | 7.664037e+03 | 7.569068e+03 |   1.25%| unknown
  1.2s|     1 |     0 |  3684 |     - |    76M |   0 | 253 | 172 | 193 |  21 | 12 |   0 |   0 | 7.663973e+03 | 7.569068e+03 |   1.25%| unknown
  1.2s|     1 |     0 |  3709 |     - |    76M |   0 | 253 | 172 | 195 |  23 | 13 |   0 |   0 | 7.663854e+03 | 7.569068e+03 |   1.25%| unknown
 time | node  | left  |LP iter|LP it/n|mem/heur|mdpt |vars |cons |rows |cuts |sepa|confs|strbr|  dualbound   | primalbound  |  gap   | compl. 
  1.3s|     1 |     0 |  3734 |     - |    76M |   0 | 253 | 172 | 188 |  24 | 14 |   0 |   0 | 7.663556e+03 | 7.569068e+03 |   1.25%| unknown
  1.3s|     1 |     0 |  3734 |     - |    76M |   0 | 253 | 172 | 188 |  24 | 14 |   0 |   0 | 7.663556e+03 | 7.569068e+03 |   1.25%| unknown
  1.3s|     1 |     0 |  3771 |     - |    76M |   0 | 253 | 172 | 190 |  26 | 15 |   0 |   0 | 7.663152e+03 | 7.569068e+03 |   1.24%| unknown
  1.3s|     1 |     0 |  3793 |     - |    76M |   0 | 253 | 172 | 192 |  28 | 16 |   0 |   0 | 7.662948e+03 | 7.569068e+03 |   1.24%| unknown
  1.3s|     1 |     0 |  3809 |     - |    76M |   0 | 253 | 172 | 193 |  29 | 17 |   0 |   0 | 7.662818e+03 | 7.569068e+03 |   1.24%| unknown
  1.3s|     1 |     0 |  3809 |     - |    76M |   0 | 253 | 172 | 193 |  29 | 17 |   0 |   0 | 7.662818e+03 | 7.569068e+03 |   1.24%| unknown
  1.3s|     1 |     0 |  3822 |     - |    76M |   0 | 253 | 172 | 195 |  31 | 18 |   0 |   0 | 7.662711e+03 | 7.569068e+03 |   1.24%| unknown
  1.3s|     1 |     0 |  3827 |     - |    76M |   0 | 253 | 172 | 196 |  32 | 19 |   0 |   0 | 7.662693e+03 | 7.569068e+03 |   1.24%| unknown
  1.3s|     1 |     0 |  3835 |     - |    76M |   0 | 253 | 172 | 188 |  33 | 20 |   0 |   0 | 7.662610e+03 | 7.569068e+03 |   1.24%| unknown
* 1.6s|     1 |     0 |  4078 |     - |strongbr|   0 | 253 | 172 | 188 |  33 | 20 |   0 |  28 | 7.662610e+03 | 7.588608e+03 |   0.98%| unknown
  1.6s|     1 |     0 |  4109 |     - |    76M |   0 | 253 | 172 | 187 |  33 | 20 |   0 |  31 | 7.650091e+03 | 7.588608e+03 |   0.81%| unknown
  1.6s|     1 |     0 |  4109 |     - |    76M |   0 | 253 | 172 | 186 |  33 | 20 |   0 |  31 | 7.650091e+03 | 7.588608e+03 |   0.81%| unknown
  1.6s|     1 |     0 |  4132 |     - |    76M |   0 | 253 | 171 | 187 |  34 | 21 |   0 |  31 | 7.650091e+03 | 7.588608e+03 |   0.81%| unknown
  1.6s|     1 |     0 |  4132 |     - |    76M |   0 | 253 | 171 | 187 |  34 | 21 |   0 |  31 | 7.650091e+03 | 7.588608e+03 |   0.81%| unknown
  1.6s|     1 |     0 |  4142 |     - |    76M |   0 | 253 | 171 | 188 |  35 | 22 |   0 |  31 | 7.650091e+03 | 7.588608e+03 |   0.81%| unknown
(run 2, node 1) restarting after 26 global fixings of integer variables

(restart) converted 31 cuts from the global cut pool into linear constraints

presolving:
(round 1, fast)       26 del vars, 0 del conss, 0 add conss, 0 chg bounds, 0 chg sides, 0 chg coeffs, 0 upgd conss, 0 impls, 176 clqs
(round 2, exhaustive) 26 del vars, 2 del conss, 0 add conss, 0 chg bounds, 0 chg sides, 0 chg coeffs, 0 upgd conss, 0 impls, 176 clqs
(round 3, exhaustive) 26 del vars, 2 del conss, 0 add conss, 0 chg bounds, 0 chg sides, 0 chg coeffs, 21 upgd conss, 0 impls, 176 clqs
(round 4, exhaustive) 26 del vars, 3 del conss, 0 add conss, 0 chg bounds, 0 chg sides, 0 chg coeffs, 21 upgd conss, 0 impls, 176 clqs
(round 5, exhaustive) 27 del vars, 3 del conss, 0 add conss, 0 chg bounds, 0 chg sides, 0 chg coeffs, 21 upgd conss, 0 impls, 176 clqs
presolving (6 rounds: 6 fast, 5 medium, 5 exhaustive):
 27 deleted vars, 3 deleted constraints, 0 added constraints, 0 tightened bounds, 0 added holes, 0 changed sides, 0 changed coefficients
 0 implications, 176 cliques
presolved problem has 226 variables (226 bin, 0 int, 0 impl, 0 cont) and 199 constraints
     15 constraints of type <knapsack>
    159 constraints of type <setppc>
     25 constraints of type <linear>
Presolving Time: 0.03
transformed 42/43 original solutions to the transformed problem space

 time | node  | left  |LP iter|LP it/n|mem/heur|mdpt |vars |cons |rows |cuts |sepa|confs|strbr|  dualbound   | primalbound  |  gap   | compl. 
  1.7s|     1 |     0 |  5712 |     - |    73M |   0 | 226 | 199 | 199 |   0 |  0 |   0 |  31 | 7.650091e+03 | 7.588608e+03 |   0.81%| unknown
  1.7s|     1 |     0 |  5764 |     - |    73M |   0 | 226 | 199 | 200 |   1 |  1 |   0 |  31 | 7.650091e+03 | 7.588608e+03 |   0.81%| unknown
  1.7s|     1 |     0 |  5764 |     - |    73M |   0 | 226 | 199 | 200 |   1 |  1 |   0 |  31 | 7.650091e+03 | 7.588608e+03 |   0.81%| unknown
  1.7s|     1 |     0 |  5795 |     - |    73M |   0 | 226 | 199 | 201 |   2 |  2 |   0 |  31 | 7.650091e+03 | 7.588608e+03 |   0.81%| unknown
  1.8s|     1 |     0 |  5814 |     - |    73M |   0 | 226 | 199 | 202 |   3 |  3 |   0 |  31 | 7.650091e+03 | 7.588608e+03 |   0.81%| unknown
  1.8s|     1 |     0 |  5893 |     - |    73M |   0 | 226 | 199 | 203 |   4 |  4 |   0 |  31 | 7.650091e+03 | 7.588608e+03 |   0.81%| unknown
  1.9s|     1 |     0 |  5915 |     - |    73M |   0 | 226 | 199 | 204 |   5 |  5 |   0 |  31 | 7.650091e+03 | 7.588608e+03 |   0.81%| unknown
  1.9s|     1 |     0 |  5944 |     - |    73M |   0 | 226 | 199 | 207 |   8 |  6 |   0 |  31 | 7.650091e+03 | 7.588608e+03 |   0.81%| unknown
  1.9s|     1 |     0 |  5966 |     - |    74M |   0 | 226 | 199 | 208 |   9 |  7 |   0 |  31 | 7.650091e+03 | 7.588608e+03 |   0.81%| unknown
  2.0s|     1 |     0 |  6023 |     - |    74M |   0 | 226 | 199 | 210 |  11 |  8 |   0 |  31 | 7.650091e+03 | 7.588608e+03 |   0.81%| unknown
  2.0s|     1 |     0 |  6063 |     - |    80M |   0 | 226 | 199 | 212 |  13 |  9 |   0 |  31 | 7.650091e+03 | 7.588608e+03 |   0.81%| unknown
  2.1s|     1 |     0 |  6102 |     - |    83M |   0 | 226 | 199 | 214 |  15 | 10 |   0 |  31 | 7.650091e+03 | 7.588608e+03 |   0.81%| unknown
  2.1s|     1 |     0 |  6112 |     - |    83M |   0 | 226 | 199 | 216 |  17 | 11 |   0 |  31 | 7.650091e+03 | 7.588608e+03 |   0.81%| unknown
  2.1s|     1 |     0 |  6141 |     - |    83M |   0 | 226 | 199 | 218 |  19 | 12 |   0 |  31 | 7.650091e+03 | 7.588608e+03 |   0.81%| unknown
  2.1s|     1 |     0 |  6141 |     - |    83M |   0 | 226 | 199 | 218 |  19 | 12 |   0 |  31 | 7.650091e+03 | 7.588608e+03 |   0.81%| unknown
 time | node  | left  |LP iter|LP it/n|mem/heur|mdpt |vars |cons |rows |cuts |sepa|confs|strbr|  dualbound   | primalbound  |  gap   | compl. 
  2.1s|     1 |     0 |  6153 |     - |    83M |   0 | 226 | 199 | 219 |  20 | 13 |   0 |  31 | 7.650091e+03 | 7.588608e+03 |   0.81%| unknown
  2.2s|     1 |     0 |  6169 |     - |    83M |   0 | 226 | 199 | 221 |  22 | 14 |   0 |  31 | 7.650091e+03 | 7.588608e+03 |   0.81%| unknown
  2.2s|     1 |     0 |  6200 |     - |    83M |   0 | 226 | 199 | 192 |  23 | 15 |   0 |  31 | 7.650091e+03 | 7.588608e+03 |   0.81%| unknown
  2.2s|     1 |     0 |  6234 |     - |    83M |   0 | 226 | 199 | 193 |  24 | 16 |   0 |  31 | 7.650091e+03 | 7.588608e+03 |   0.81%| unknown
  2.2s|     1 |     0 |  6255 |     - |    83M |   0 | 226 | 199 | 194 |  25 | 17 |   0 |  31 | 7.650091e+03 | 7.588608e+03 |   0.81%| unknown
  2.2s|     1 |     0 |  6267 |     - |    83M |   0 | 226 | 199 | 196 |  27 | 18 |   0 |  31 | 7.650091e+03 | 7.588608e+03 |   0.81%| unknown
  2.2s|     1 |     0 |  6277 |     - |    83M |   0 | 226 | 199 | 197 |  28 | 19 |   0 |  31 | 7.650091e+03 | 7.588608e+03 |   0.81%| unknown
  2.3s|     1 |     0 |  6289 |     - |    83M |   0 | 226 | 199 | 198 |  29 | 20 |   0 |  31 | 7.650091e+03 | 7.588608e+03 |   0.81%| unknown
  2.3s|     1 |     0 |  6301 |     - |    83M |   0 | 226 | 199 | 188 |  30 | 21 |   0 |  31 | 7.650091e+03 | 7.588608e+03 |   0.81%| unknown
  2.3s|     1 |     0 |  6309 |     - |    83M |   0 | 226 | 199 | 189 |  31 | 22 |   0 |  31 | 7.650091e+03 | 7.588608e+03 |   0.81%| unknown
  2.3s|     1 |     0 |  6316 |     - |    83M |   0 | 226 | 199 | 190 |  32 | 23 |   0 |  31 | 7.650091e+03 | 7.588608e+03 |   0.81%| unknown
  2.3s|     1 |     0 |  6321 |     - |    83M |   0 | 226 | 199 | 191 |  33 | 24 |   0 |  31 | 7.650091e+03 | 7.588608e+03 |   0.81%| unknown
  2.3s|     1 |     0 |  6324 |     - |    83M |   0 | 226 | 199 | 192 |  34 | 25 |   0 |  31 | 7.650091e+03 | 7.588608e+03 |   0.81%| unknown
  2.5s|     1 |     2 |  6516 |     - |    83M |   0 | 226 | 206 | 192 |  34 | 25 |   7 |  51 | 7.642714e+03 | 7.588608e+03 |   0.71%| unknown

SCIP Status        : problem is solved [optimal solution found]
Solving Time (sec) : 2.69
Solving Nodes      : 5 (total of 7 nodes in 3 runs)
Primal Bound       : +7.58860758681241e+03 (88 solutions)
Dual Bound         : +7.58860758681241e+03
Gap                : 0.00 %
