presolving:
(round 1, fast)       0 del vars, 1 del conss, 0 add conss, 0 chg bounds, 0 chg sides, 0 chg coeffs, 0 upgd conss, 0 impls, 191 clqs
   (0.0s) running MILP presolver
   (0.0s) MILP presolver (2 rounds): 0 aggregations, 12 fixings, 0 bound changes
(round 2, medium)     12 del vars, 1 del conss, 0 add conss, 0 chg bounds, 0 chg sides, 0 chg coeffs, 0 upgd conss, 0 impls, 191 clqs
(round 3, exhaustive) 12 del vars, 5 del conss, 0 add conss, 0 chg bounds, 4 chg sides, 0 chg coeffs, 0 upgd conss, 0 impls, 191 clqs
(round 4, exhaustive) 12 del vars, 5 del conss, 0 add conss, 0 chg bounds, 4 chg sides, 0 chg coeffs, 187 upgd conss, 0 impls, 191 clqs
(round 5, medium)     52 del vars, 5 del conss, 0 add conss, 0 chg bounds, 4 chg sides, 40 chg coeffs, 187 upgd conss, 0 impls, 191 clqs
(round 6, fast)       66 del vars, 6 del conss, 0 add conss, 0 chg bounds, 4 chg sides, 40 chg coeffs, 187 upgd conss, 0 impls, 189 clqs
(round 7, exhaustive) 66 del vars, 14 del conss, 0 add conss, 0 chg bounds, 4 chg sides, 40 chg coeffs, 187 upgd conss, 0 impls, 189 clqs
   (0.0s) probing: 51/434 (11.8%) - 0 fixings, 0 aggregations, 0 implications, 0 bound changes
   (0.0s) probing aborted: 50/50 successive totally useless probings
   (0.0s) symmetry computation started: requiring (bin +, int +, cont +), (fixed: bin -, int -, cont -)
   (0.0s) no symmetry present (symcode time: 0.00)
presolving (8 rounds: 8 fast, 6 medium, 4 exhaustive):
 66 deleted vars, 14 deleted constraints, 0 added constraints, 0 tightened bounds, 0 added holes, 4 changed sides, 40 changed coefficients
 0 implications, 189 cliques
presolved problem has 434 variables (434 bin, 0 int, 0 impl, 0 cont) and 178 constraints
    178 constraints of type <setppc>
Presolving Time: 0.01

 time | node  | left  |LP iter|LP it/n|mem/heur|mdpt |vars |cons |rows |cuts |sepa|confs|strbr|  dualbound   | primalbound  |  gap   | compl. 
  0.1s|     1 |     0 |  1719 |     - |  5577k |   0 | 434 | 178 | 178 |   0 |  0 |   0 |   0 | 7.853631e+03 |      --      |    Inf | unknown
  0.1s|     1 |     0 |  1747 |     - |    19M |   0 | 434 | 178 | 180 |   2 |  1 |   0 |   0 | 7.830640e+03 |      --      |    Inf | unknown
  0.2s|     1 |     0 |  1774 |     - |    27M |   0 | 434 | 178 | 184 |   6 |  2 |   0 |   0 | 7.817324e+03 |      --      |    Inf | unknown
  0.2s|     1 |     0 |  1802 |     - |    36M |   0 | 434 | 178 | 186 |   8 |  3 |   0 |   0 | 7.807593e+03 |      --      |    Inf | unknown
  0.3s|     1 |     0 |  1826 |     - |    41M |   0 | 434 | 178 | 188 |  10 |  4 |   0 |   0 | 7.803453e+03 |      --      |    Inf | unknown
  0.3s|     1 |     0 |  1846 |     - |    47M |   0 | 434 | 178 | 189 |  11 |  5 |   0 |   0 | 7.801017e+03 |      --      |    Inf | unknown
  0.3s|     1 |     0 |  1862 |     - |    51M |   0 | 434 | 178 | 191 |  13 |  6 |   0 |   0 | 7.798824e+03 |      --      |    Inf | unknown
  0.4s|     1 |     0 |  1886 |     - |    58M |   0 | 434 | 178 | 192 |  14 |  7 |   0 |   0 | 7.796619e+03 |      --      |    Inf | unknown
  0.4s|     1 |     0 |  1928 |     - |    65M |   0 | 434 | 178 | 194 |  16 |  8 |   0 |   0 | 7.795253e+03 |      --      |    Inf | unknown
  0.5s|     1 |     0 |  1961 |     - |    70M |   0 | 434 | 178 | 196 |  18 |  9 |   0 |   0 | 7.793436e+03 |      --      |    Inf | unknown
  0.5s|     1 |     0 |  2002 |     - |    79M |   0 | 434 | 178 | 198 |  20 | 10 |   0 |   0 | 7.792254e+03 |      --      |    Inf | unknown
  0.5s|     1 |     0 |  2036 |     - |    79M |   0 | 434 | 178 | 203 |  25 | 11 |   0 |   0 | 7.791604e+03 |      --      |    Inf | unknown
  0.6s|     1 |     0 |  2058 |     - |    79M |   0 | 434 | 178 | 204 |  26 | 12 |   0 |   0 | 7.791463e+03 |      --      |    Inf | unknown
  0.6s|     1 |     0 |  2077 |     - |    79M |   0 | 434 | 178 | 206 |  28 | 13 |   0 |   0 | 7.791269e+03 |      --      |    Inf | unknown
  0.6s|     1 |     0 |  2086 |     - |    79M |   0 | 434 | 178 | 208 |  30 | 14 |   0 |   0 | 7.791250e+03 |      --      |    Inf | unknown
 time | node  | left  |LP iter|LP it/n|mem/heur|mdpt |vars |cons |rows |cuts |sepa|confs|strbr|  dualbound   | primalbound  |  gap   | compl. 
  0.6s|     1 |     0 |  2098 |     - |    79M |   0 | 434 | 178 | 209 |  31 | 15 |   0 |   0 | 7.790879e+03 |      --      |    Inf | unknown
  0.6s|     1 |     0 |  2111 |     - |    79M |   0 | 434 | 178 | 210 |  32 | 16 |   0 |   0 | 7.790767e+03 |      --      |    Inf | unknown
  0.6s|     1 |     0 |  2133 |     - |    79M |   0 | 434 | 178 | 212 |  35 | 17 |   0 |   0 | 7.790620e+03 |      --      |    Inf | unknown
  0.7s|     1 |     0 |  2167 |     - |    79M |   0 | 434 | 178 | 213 |  36 | 18 |   0 |   0 | 7.790512e+03 |      --      |    Inf | unknown
  0.7s|     1 |     0 |  2177 |     - |    79M |   0 | 434 | 178 | 215 |  38 | 19 |   0 |   0 | 7.790491e+03 |      --      |    Inf | unknown
  0.7s|     1 |     0 |  2186 |     - |    79M |   0 | 434 | 178 | 217 |  40 | 20 |   0 |   0 | 7.790466e+03 |      --      |    Inf | unknown
  0.7s|     1 |     0 |  2194 |     - |    79M |   0 | 434 | 178 | 218 |  41 | 21 |   0 |   0 | 7.790455e+03 |      --      |    Inf | unknown
d 0.7s|     1 |     0 |  2194 |     - |distribu|   0 | 434 | 178 | 218 |   0 | 21 |   0 |   0 | 7.790455e+03 | 2.998587e+03 | 159.80%| unknown
  0.8s|     1 |     0 |  3059 |     - |    79M |   0 | 434 | 178 | 218 |  41 | 21 |   0 |   0 | 7.790455e+03 | 2.998587e+03 | 159.80%| unknown
  0.8s|     1 |     0 |  3070 |     - |    79M |   0 | 434 | 178 | 219 |  42 | 22 |   0 |   0 | 7.790438e+03 | 2.998587e+03 | 159.80%| unknown
  0.8s|     1 |     0 |  3110 |     - |    79M |   0 | 434 | 178 | 222 |  45 | 23 |   0 |   0 | 7.790010e+03 | 2.998587e+03 | 159.79%| unknown
* 0.8s|     1 |     0 |  3110 |     - |strongbr|   0 | 434 | 178 | 222 |  45 | 23 |   0 |   0 | 7.790010e+03 | 3.121868e+03 | 149.53%| unknown
* 0.8s|     1 |     0 |  3110 |     - |strongbr|   0 | 434 | 178 | 222 |  45 | 23 |   0 |   1 | 7.790010e+03 | 3.197795e+03 | 143.61%| unknown
* 0.8s|     1 |     0 |  3110 |     - |strongbr|   0 | 434 | 178 | 222 |  45 | 23 |   0 |   2 | 7.790010e+03 | 3.310247e+03 | 135.33%| unknown
* 0.9s|     1 |     0 |  3110 |     - |strongbr|   0 | 434 | 178 | 222 |  45 | 23 |   0 |   7 | 7.790010e+03 | 3.357032e+03 | 132.05%| unknown
 time | node  | left  |LP iter|LP it/n|mem/heur|mdpt |vars |cons |rows |cuts |sepa|confs|strbr|  dualbound   | primalbound  |  gap   | compl. 
* 0.9s|     1 |     0 |  3110 |     - |strongbr|   0 | 434 | 178 | 222 |  45 | 23 |   0 |   9 | 7.790010e+03 | 3.613884e+03 | 115.56%| unknown
  1.1s|     1 |     2 |  3110 |     - |    79M |   0 | 434 | 178 | 222 |  45 | 23 |   0 |  29 | 7.778759e+03 | 3.613884e+03 | 115.25%| unknown
* 1.1s|     2 |     1 |  3234 | 989.0 |strongbr|   1 | 434 | 178 | 203 |  45 |  1 |   0 |  30 | 7.778759e+03 | 3.836355e+03 | 102.76%| unknown
* 1.1s|     2 |     1 |  3234 | 989.0 |strongbr|   1 | 434 | 178 | 203 |  45 |  1 |   0 |  33 | 7.778759e+03 | 4.260896e+03 |  82.56%| unknown
* 1.2s|     3 |     2 |  3303 | 529.0 |strongbr|   2 | 434 | 178 | 203 |  45 |  1 |   0 |  48 | 7.778759e+03 | 5.949588e+03 |  30.74%| unknown
* 1.3s|     4 |     3 |  3424 | 393.0 |strongbr|   3 | 434 | 178 | 203 |  45 |  1 |   0 |  82 | 7.778759e+03 | 6.153968e+03 |  26.40%| unknown
* 1.3s|     5 |     4 |  3449 | 301.0 |strongbr|   4 | 434 | 178 | 203 |  45 |  1 |   0 | 100 | 7.778759e+03 | 6.550228e+03 |  18.76%| unknown
* 1.3s|     6 |     5 |  3479 | 246.8 |strongbr|   5 | 434 | 178 | 203 |  45 |  1 |   0 | 107 | 7.778759e+03 | 7.495584e+03 |   3.78%| unknown
* 1.3s|     7 |     4 |  3495 | 208.3 |strongbr|   5 | 434 | 179 | 203 |  45 |  1 |   1 | 109 | 7.778759e+03 | 7.537337e+03 |   3.20%|   1.15%
* 1.7s|    12 |     6 |  3804 | 141.7 |strongbr|   5 | 434 | 182 | 203 |  45 |  1 |   5 | 215 | 7.768145e+03 | 7.617948e+03 |   1.97%|   5.53%
* 2.0s|    18 |     6 |  4278 | 119.6 |    LP  |   5 | 434 | 215 | 203 |  45 |  1 |  38 | 337 | 7.768145e+03 | 7.646873e+03 |   1.59%|  21.07%
* 2.1s|    22 |     4 |  4484 | 106.6 |strongbr|   5 | 434 | 224 | 203 |  45 |  1 |  47 | 389 | 7.768145e+03 | 7.648170e+03 |   1.57%|  33.56%
* 2.1s|    22 |     4 |  4508 | 107.8 |strongbr|   5 | 434 | 224 | 203 |  45 |  2 |  47 | 394 | 7.768145e+03 | 7.650462e+03 |   1.54%|  33.56%

SCIP Status        : problem is solved [optimal solution found]
Solving Time (sec) : 2.40
Solving Nodes      : 30
Primal Bound       : +7.65046209077090e+03 (240 solutions)
Dual Bound         : +7.65046209077090e+03
Gap                : 0.00 %
