presolving:
   (0.0s) running MILP presolver
   (0.0s) MILP presolver (2 rounds): 0 aggregations, 12 fixings, 0 bound changes
(round 1, medium)     12 del vars, 0 del conss, 0 add conss, 0 chg bounds, 0 chg sides, 0 chg coeffs, 0 upgd conss, 0 impls, 192 clqs
(round 2, exhaustive) 12 del vars, 5 del conss, 0 add conss, 0 chg bounds, 5 chg sides, 0 chg coeffs, 0 upgd conss, 0 impls, 192 clqs
(round 3, exhaustive) 12 del vars, 5 del conss, 0 add conss, 0 chg bounds, 5 chg sides, 0 chg coeffs, 187 upgd conss, 0 impls, 192 clqs
(round 4, medium)     49 del vars, 5 del conss, 0 add conss, 0 chg bounds, 5 chg sides, 37 chg coeffs, 187 upgd conss, 0 impls, 192 clqs
(round 5, fast)       62 del vars, 5 del conss, 0 add conss, 0 chg bounds, 5 chg sides, 37 chg coeffs, 187 upgd conss, 0 impls, 192 clqs
(round 6, exhaustive) 62 del vars, 8 del conss, 0 add conss, 0 chg bounds, 5 chg sides, 37 chg coeffs, 187 upgd conss, 0 impls, 192 clqs
   (0.0s) probing: 51/438 (11.6%) - 0 fixings, 0 aggregations, 0 implications, 0 bound changes
   (0.0s) probing aborted: 50/50 successive totally useless probings
   (0.0s) symmetry computation started: requiring (bin +, int +, cont +), (fixed: bin -, int -, cont -)
   (0.0s) no symmetry present (symcode time: 0.00)
presolving (7 rounds: 7 fast, 6 medium, 4 exhaustive):
 62 deleted vars, 8 deleted constraints, 0 added constraints, 0 tightened bounds, 0 added holes, 5 changed sides, 37 changed coefficients
 0 implications, 192 cliques
presolved problem has 438 variables (438 bin, 0 int, 0 impl, 0 cont) and 184 constraints
    184 constraints of type <setppc>
Presolving Time: 0.01

 time | node  | left  |LP iter|LP it/n|mem/heur|mdpt |vars |cons |rows |cuts |sepa|confs|strbr|  dualbound   | primalbound  |  gap   | compl. 
  0.1s|     1 |     0 |  1581 |     - |  5354k |   0 | 438 | 184 | 184 |   0 |  0 |   0 |   0 | 7.709378e+03 |      --      |    Inf | unknown
  0.1s|     1 |     0 |  1621 |     - |    17M |   0 | 438 | 184 | 187 |   3 |  1 |   0 |   0 | 7.694975e+03 |      --      |    Inf | unknown
  0.2s|     1 |     0 |  1671 |     - |    27M |   0 | 438 | 184 | 191 |   7 |  2 |   0 |   0 | 7.680087e+03 |      --      |    Inf | unknown
  0.2s|     1 |     0 |  1693 |     - |    34M |   0 | 438 | 184 | 193 |   9 |  3 |   0 |   0 | 7.674132e+03 |      --      |    Inf | unknown
  0.2s|     1 |     0 |  1729 |     - |    42M |   0 | 438 | 184 | 195 |  11 |  4 |   0 |   0 | 7.669930e+03 |      --      |    Inf | unknown
  0.3s|     1 |     0 |  1762 |     - |    49M |   0 | 438 | 184 | 198 |  14 |  5 |   0 |   0 | 7.664813e+03 |      --      |    Inf | unknown
  0.3s|     1 |     0 |  1806 |     - |    52M |   0 | 438 | 184 | 200 |  16 |  6 |   0 |   0 | 7.659894e+03 |      --      |    Inf | unknown
  0.4s|     1 |     0 |  1856 |     - |    59M |   0 | 438 | 184 | 202 |  18 |  7 |   0 |   0 | 7.656219e+03 |      --      |    Inf | unknown
  0.4s|     1 |     0 |  1885 |     - |    69M |   0 | 438 | 184 | 205 |  21 |  8 |   0 |   0 | 7.654217e+03 |      --      |    Inf | unknown
  0.5s|     1 |     0 |  1955 |     - |    70M |   0 | 438 | 184 | 207 |  23 |  9 |   0 |   0 | 7.653211e+03 |      --      |    Inf | unknown
  0.5s|     1 |     0 |  2029 |     - |    81M |   0 | 438 | 184 | 208 |  24 | 10 |   0 |   0 | 7.651590e+03 |      --      |    Inf | unknown
  0.5s|     1 |     0 |  2054 |     - |    81M |   0 | 438 | 184 | 209 |  25 | 11 |   0 |   0 | 7.651178e+03 |      --      |    Inf | unknown
  0.6s|     1 |     0 |  2071 |     - |    81M |   0 | 438 | 184 | 211 |  27 | 12 |   0 |   0 | 7.651041e+03 |      --      |    Inf | unknown
  0.6s|     1 |     0 |  2088 |     - |    81M |   0 | 438 | 184 | 213 |  29 | 13 |   0 |   0 | 7.650933e+03 |      --      |    Inf | unknown
  0.6s|     1 |     0 |  2104 |     - |    81M |   0 | 438 | 184 | 214 |  30 | 14 |   0 |   0 | 7.650867e+03 |      --      |    Inf | unknown
 time | node  | left  |LP iter|LP it/n|mem/heur|mdpt |vars |cons |rows |cuts |sepa|confs|strbr|  dualbound   | primalbound  |  gap   | compl. 
  0.6s|     1 |     0 |  2111 |     - |    81M |   0 | 438 | 184 | 215 |  31 | 15 |   0 |   0 | 7.650856e+03 |      --      |    Inf | unknown
  0.6s|     1 |     0 |  2125 |     - |    81M |   0 | 438 | 184 | 219 |  35 | 16 |   0 |   0 | 7.650664e+03 |      --      |    Inf | unknown
  0.6s|     1 |     0 |  2140 |     - |    79M |   0 | 438 | 184 | 217 |  37 | 17 |   0 |   0 | 7.650572e+03 |      --      |    Inf | unknown
  0.7s|     1 |     0 |  2168 |     - |    79M |   0 | 438 | 184 | 218 |  38 | 18 |   0 |   0 | 7.650317e+03 |      --      |    Inf | unknown
  0.7s|     1 |     0 |  2171 |     - |    79M |   0 | 438 | 184 | 219 |  39 | 19 |   0 |   0 | 7.650293e+03 |      --      |    Inf | unknown
  0.7s|     1 |     0 |  2173 |     - |    79M |   0 | 438 | 184 | 220 |  40 | 20 |   0 |   0 | 7.650292e+03 |      --      |    Inf | unknown
d 0.7s|     1 |     0 |  2173 |     - |distribu|   0 | 438 | 184 | 220 |   0 | 20 |   0 |   0 | 7.650292e+03 | 2.992672e+03 | 155.63%| unknown
d 0.7s|     1 |     0 |  2791 |     - |distribu|   0 | 438 | 184 | 220 |   0 | 20 |   0 |   0 | 7.650292e+03 | 2.995440e+03 | 155.40%| unknown
  0.8s|     1 |     0 |  2914 |     - |    79M |   0 | 438 | 184 | 220 |  40 | 20 |   0 |   0 | 7.650292e+03 | 2.995440e+03 | 155.40%| unknown
  0.8s|     1 |     0 |  2917 |     - |    79M |   0 | 438 | 184 | 221 |  41 | 21 |   0 |   0 | 7.650284e+03 | 2.995440e+03 | 155.40%| unknown
  0.8s|     1 |     0 |  2921 |     - |    79M |   0 | 438 | 184 | 222 |  42 | 22 |   0 |   0 | 7.650278e+03 | 2.995440e+03 | 155.40%| unknown
* 0.8s|     1 |     0 |  2921 |     - |strongbr|   0 | 438 | 184 | 222 |  42 | 22 |   0 |   0 | 7.650278e+03 | 3.107740e+03 | 146.17%| unknown
* 0.8s|     1 |     0 |  2921 |     - |strongbr|   0 | 438 | 184 | 222 |  42 | 22 |   0 |   2 | 7.650278e+03 | 3.327325e+03 | 129.92%| unknown
* 0.8s|     1 |     0 |  2921 |     - |strongbr|   0 | 438 | 184 | 222 |  42 | 22 |   0 |   3 | 7.650278e+03 | 3.386172e+03 | 125.93%| unknown
* 0.8s|     1 |     0 |  2921 |     - |strongbr|   0 | 438 | 184 | 222 |  42 | 22 |   0 |   4 | 7.650278e+03 | 3.633571e+03 | 110.54%| unknown
 time | node  | left  |LP iter|LP it/n|mem/heur|mdpt |vars |cons |rows |cuts |sepa|confs|strbr|  dualbound   | primalbound  |  gap   | compl. 
  1.0s|     1 |     2 |  2921 |     - |    79M |   0 | 438 | 184 | 222 |  42 | 22 |   0 |  20 | 7.645405e+03 | 3.633571e+03 | 110.41%| unknown
* 1.0s|     2 |     1 |  3102 | 922.0 |strongbr|   1 | 438 | 184 | 214 |  42 |  1 |   0 |  20 | 7.645405e+03 | 4.050283e+03 |  88.76%| unknown
* 1.0s|     2 |     1 |  3102 | 922.0 |strongbr|   1 | 438 | 184 | 214 |  42 |  1 |   0 |  20 | 7.645405e+03 | 4.492090e+03 |  70.20%| unknown
* 1.0s|     2 |     1 |  3102 | 922.0 |strongbr|   1 | 438 | 184 | 214 |  42 |  1 |   0 |  22 | 7.645405e+03 | 4.724739e+03 |  61.82%| unknown
* 1.1s|     2 |     1 |  3102 | 922.0 |strongbr|   1 | 438 | 184 | 214 |  42 |  1 |   0 |  46 | 7.645405e+03 | 5.224334e+03 |  46.34%| unknown
* 1.1s|     3 |     2 |  3183 | 501.5 |strongbr|   2 | 438 | 184 | 214 |  42 |  1 |   0 |  54 | 7.645405e+03 | 5.540103e+03 |  38.00%| unknown
* 1.1s|     3 |     2 |  3183 | 501.5 |strongbr|   2 | 438 | 184 | 214 |  42 |  1 |   0 |  59 | 7.645405e+03 | 5.625981e+03 |  35.89%| unknown
* 1.1s|     3 |     2 |  3183 | 501.5 |strongbr|   2 | 438 | 184 | 214 |  42 |  1 |   0 |  61 | 7.645405e+03 | 6.089348e+03 |  25.55%| unknown
* 1.1s|     3 |     2 |  3183 | 501.5 |strongbr|   2 | 438 | 184 | 214 |  42 |  1 |   0 |  63 | 7.645405e+03 | 6.270741e+03 |  21.92%| unknown
* 1.1s|     4 |     3 |  3197 | 339.0 |strongbr|   3 | 438 | 184 | 214 |  42 |  1 |   0 |  73 | 7.645405e+03 | 6.361682e+03 |  20.18%| unknown
* 1.1s|     4 |     3 |  3197 | 339.0 |strongbr|   3 | 438 | 184 | 214 |  42 |  1 |   0 |  75 | 7.645405e+03 | 6.486719e+03 |  17.86%| unknown
* 1.1s|     4 |     3 |  3197 | 339.0 |strongbr|   3 | 438 | 184 | 214 |  42 |  1 |   0 |  76 | 7.645405e+03 | 7.370679e+03 |   3.73%| unknown
* 1.1s|     4 |     3 |  3197 | 339.0 |strongbr|   3 | 438 | 187 | 214 |  42 |  1 |   3 |  88 | 7.645405e+03 | 7.395788e+03 |   3.38%| unknown
* 1.4s|     9 |     4 |  3553 | 171.6 |    LP  |   4 | 438 | 193 | 214 |  42 |  1 |   9 | 170 | 7.638131e+03 | 7.443181e+03 |   2.62%|  14.96%
* 1.4s|    10 |     3 |  3570 | 154.4 |strongbr|   4 | 438 | 195 | 214 |  42 |  1 |  11 | 181 | 7.638131e+03 | 7.496091e+03 |   1.89%|  17.25%
 time | node  | left  |LP iter|LP it/n|mem/heur|mdpt |vars |cons |rows |cuts |sepa|confs|strbr|  dualbound   | primalbound  |  gap   | compl. 
* 2.0s|    17 |     2 |  4438 | 141.1 |strongbr|   5 | 438 | 244 | 214 |  42 |  1 |  60 | 380 | 7.605231e+03 | 7.542055e+03 |   0.84%|  33.64%
* 2.1s|    19 |     2 |  4628 | 136.0 |strongbr|   6 | 438 | 255 | 214 |  42 |  1 |  71 | 407 | 7.605231e+03 | 7.551715e+03 |   0.71%|  48.44%

SCIP Status        : problem is solved [optimal solution found]
Solving Time (sec) : 2.16
Solving Nodes      : 21
Primal Bound       : +7.55171453879425e+03 (223 solutions)
Dual Bound         : +7.55171453879425e+03
Gap                : 0.00 %
