presolving:
(round 1, fast)       0 del vars, 2 del conss, 0 add conss, 0 chg bounds, 0 chg sides, 0 chg coeffs, 0 upgd conss, 0 impls, 191 clqs
(round 2, fast)       1 del vars, 2 del conss, 0 add conss, 0 chg bounds, 0 chg sides, 0 chg coeffs, 0 upgd conss, 0 impls, 191 clqs
   (0.0s) running MILP presolver
   (0.0s) MILP presolver (2 rounds): 0 aggregations, 17 fixings, 0 bound changes
(round 3, medium)     18 del vars, 2 del conss, 0 add conss, 0 chg bounds, 0 chg sides, 0 chg coeffs, 0 upgd conss, 0 impls, 191 clqs
(round 4, exhaustive) 18 del vars, 7 del conss, 0 add conss, 0 chg bounds, 5 chg sides, 0 chg coeffs, 0 upgd conss, 0 impls, 191 clqs
(round 5, exhaustive) 18 del vars, 7 del conss, 0 add conss, 0 chg bounds, 5 chg sides, 0 chg coeffs, 186 upgd conss, 0 impls, 191 clqs
(round 6, medium)     51 del vars, 7 del conss, 0 add conss, 0 chg bounds, 5 chg sides, 33 chg coeffs, 186 upgd conss, 0 impls, 191 clqs
(round 7, fast)       62 del vars, 7 del conss, 0 add conss, 0 chg bounds, 5 chg sides, 33 chg coeffs, 186 upgd conss, 0 impls, 191 clqs
(round 8, exhaustive) 62 del vars, 13 del conss, 0 add conss, 0 chg bounds, 5 chg sides, 33 chg coeffs, 186 upgd conss, 0 impls, 191 clqs
   (0.0s) probing: 51/438 (11.6%) - 0 fixings, 0 aggregations, 0 implications, 0 bound changes
   (0.0s) probing aborted: 50/50 successive totally useless probings
   (0.0s) symmetry computation started: requiring (bin +, int +, cont +), (fixed: bin -, int -, cont -)
   (0.0s) no symmetry present (symcode time: 0.00)
presolving (9 rounds: 9 fast, 6 medium, 4 exhaustive):
 62 deleted vars, 13 deleted constraints, 0 added constraints, 0 tightened bounds, 0 added holes, 5 changed sides, 33 changed coefficients
 0 implications, 191 cliques
presolved problem has 438 variables (438 bin, 0 int, 0 impl, 0 cont) and 180 constraints
    180 constraints of type <setppc>
Presolving Time: 0.01

 time | node  | left  |LP iter|LP it/n|mem/heur|mdpt |vars |cons |rows |cuts |sepa|confs|strbr|  dualbound   | primalbound  |  gap   | compl. 
  0.1s|     1 |     0 |  1622 |     - |  5451k |   0 | 438 | 180 | 180 |   0 |  0 |   0 |   0 | 7.141000e+03 |      --      |    Inf | unknown
  0.1s|     1 |     0 |  1676 |     - |    17M |   0 | 438 | 180 | 182 |   2 |  1 |   0 |   0 | 7.116671e+03 |      --      |    Inf | unknown
  0.2s|     1 |     0 |  1744 |     - |    28M |   0 | 438 | 180 | 185 |   5 |  2 |   0 |   0 | 7.093741e+03 |      --      |    Inf | unknown
  0.2s|     1 |     0 |  1764 |     - |    34M |   0 | 438 | 180 | 187 |   7 |  3 |   0 |   0 | 7.089635e+03 |      --      |    Inf | unknown
  0.3s|     1 |     0 |  1798 |     - |    39M |   0 | 438 | 180 | 190 |  10 |  4 |   0 |   0 | 7.076632e+03 |      --      |    Inf | unknown
  0.3s|     1 |     0 |  1821 |     - |    45M |   0 | 438 | 180 | 192 |  12 |  5 |   0 |   0 | 7.072698e+03 |      --      |    Inf | unknown
  0.3s|     1 |     0 |  1844 |     - |    53M |   0 | 438 | 180 | 195 |  15 |  6 |   0 |   0 | 7.070054e+03 |      --      |    Inf | unknown
  0.4s|     1 |     0 |  1876 |     - |    56M |   0 | 438 | 180 | 198 |  18 |  7 |   0 |   0 | 7.068251e+03 |      --      |    Inf | unknown
  0.4s|     1 |     0 |  1903 |     - |    63M |   0 | 438 | 180 | 200 |  20 |  8 |   0 |   0 | 7.066611e+03 |      --      |    Inf | unknown
  0.5s|     1 |     0 |  1956 |     - |    67M |   0 | 438 | 180 | 206 |  26 |  9 |   0 |   0 | 7.056001e+03 |      --      |    Inf | unknown
  0.5s|     1 |     0 |  1994 |     - |    75M |   0 | 438 | 180 | 208 |  28 | 10 |   0 |   0 | 7.051367e+03 |      --      |    Inf | unknown
  0.5s|     1 |     0 |  2009 |     - |    75M |   0 | 438 | 180 | 211 |  31 | 11 |   0 |   0 | 7.049980e+03 |      --      |    Inf | unknown
  0.6s|     1 |     0 |  2027 |     - |    75M |   0 | 438 | 180 | 212 |  32 | 12 |   0 |   0 | 7.049510e+03 |      --      |    Inf | unknown
  0.6s|     1 |     0 |  2046 |     - |    75M |   0 | 438 | 180 | 215 |  35 | 13 |   0 |   0 | 7.048448e+03 |      --      |    Inf | unknown
  0.6s|     1 |     0 |  2051 |     - |    75M |   0 | 438 | 180 | 216 |  36 | 14 |   0 |   0 | 7.048383e+03 |      --      |    Inf | unknown
 time | node  | left  |LP iter|LP it/n|mem/heur|mdpt |vars |cons |rows |cuts |sepa|confs|strbr|  dualbound   | primalbound  |  gap   | compl. 
  0.6s|     1 |     0 |  2075 |     - |    75M |   0 | 438 | 180 | 217 |  37 | 15 |   0 |   0 | 7.047939e+03 |      --      |    Inf | unknown
  0.6s|     1 |     0 |  2107 |     - |    75M |   0 | 438 | 180 | 219 |  39 | 16 |   0 |   0 | 7.046979e+03 |      --      |    Inf | unknown
  0.6s|     1 |     0 |  2120 |     - |    75M |   0 | 438 | 180 | 219 |  42 | 17 |   0 |   0 | 7.046525e+03 |      --      |    Inf | unknown
  0.7s|     1 |     0 |  2142 |     - |    75M |   0 | 438 | 180 | 220 |  43 | 18 |   0 |   0 | 7.045809e+03 |      --      |    Inf | unknown
  0.7s|     1 |     0 |  2146 |     - |    75M |   0 | 438 | 180 | 221 |  44 | 19 |   0 |   0 | 7.045804e+03 |      --      |    Inf | unknown
  0.7s|     1 |     0 |  2150 |     - |    75M |   0 | 438 | 180 | 222 |  45 | 20 |   0 |   0 | 7.045755e+03 |      --      |    Inf | unknown
  0.7s|     1 |     0 |  2163 |     - |    75M |   0 | 438 | 180 | 223 |  46 | 21 |   0 |   0 | 7.045597e+03 |      --      |    Inf | unknown
  0.7s|     1 |     0 |  2166 |     - |    75M |   0 | 438 | 180 | 224 |  47 | 22 |   0 |   0 | 7.045586e+03 |      --      |    Inf | unknown
  0.7s|     1 |     0 |  2170 |     - |    75M |   0 | 438 | 180 | 221 |  48 | 23 |   0 |   0 | 7.045559e+03 |      --      |    Inf | unknown
  0.8s|     1 |     0 |  2173 |     - |    75M |   0 | 438 | 180 | 222 |  49 | 24 |   0 |   0 | 7.045551e+03 |      --      |    Inf | unknown
  0.8s|     1 |     0 |  2190 |     - |    75M |   0 | 438 | 180 | 223 |  50 | 25 |   0 |   0 | 7.045350e+03 |      --      |    Inf | unknown
  0.8s|     1 |     0 |  2201 |     - |    75M |   0 | 438 | 180 | 225 |  52 | 26 |   0 |   0 | 7.045233e+03 |      --      |    Inf | unknown
  0.8s|     1 |     0 |  2209 |     - |    75M |   0 | 438 | 180 | 226 |  53 | 27 |   0 |   0 | 7.045216e+03 |      --      |    Inf | unknown
  0.8s|     1 |     0 |  2211 |     - |    75M |   0 | 438 | 180 | 227 |  54 | 28 |   0 |   0 | 7.045214e+03 |      --      |    Inf | unknown
d 0.8s|     1 |     0 |  2211 |     - |distribu|   0 | 438 | 180 | 227 |   0 | 28 |   0 |   0 | 7.045214e+03 | 2.329393e+03 | 202.45%| unknown
 time | node  | left  |LP iter|LP it/n|mem/heur|mdpt |vars |cons |rows |cuts |sepa|confs|strbr|  dualbound   | primalbound  |  gap   | compl. 
d 0.8s|     1 |     0 |  2698 |     - |distribu|   0 | 438 | 180 | 227 |   0 | 28 |   0 |   0 | 7.045214e+03 | 2.587686e+03 | 172.26%| unknown
d 0.9s|     1 |     0 |  2948 |     - |distribu|   0 | 438 | 180 | 227 |   0 | 28 |   0 |   0 | 7.045214e+03 | 3.386419e+03 | 108.04%| unknown
d 0.9s|     1 |     0 |  3032 |     - |distribu|   0 | 438 | 180 | 227 |   0 | 28 |   0 |   0 | 7.045214e+03 | 6.239103e+03 |  12.92%| unknown
  0.9s|     1 |     0 |  3032 |     - |    75M |   0 | 438 | 180 | 227 |  54 | 28 |   0 |   0 | 7.045214e+03 | 6.239103e+03 |  12.92%| unknown
  0.9s|     1 |     0 |  3038 |     - |    75M |   0 | 438 | 180 | 229 |  56 | 29 |   0 |   0 | 7.045146e+03 | 6.239103e+03 |  12.92%| unknown
  0.9s|     1 |     0 |  3051 |     - |    75M |   0 | 438 | 180 | 229 |  59 | 30 |   0 |   0 | 7.044804e+03 | 6.239103e+03 |  12.91%| unknown
* 1.1s|     1 |     0 |  3051 |     - |strongbr|   0 | 438 | 180 | 229 |  59 | 30 |   0 |  24 | 7.044804e+03 | 7.020684e+03 |   0.34%| unknown
  1.1s|     1 |     0 |  3131 |     - |    75M |   0 | 438 | 180 | 229 |  59 | 30 | 257 |  30 | 7.023436e+03 | 7.020684e+03 |   0.04%| unknown
(run 1, node 1) restarting after 258 global fixings of integer variables

(restart) converted 49 cuts from the global cut pool into linear constraints

presolving:
(round 1, fast)       328 del vars, 91 del conss, 0 add conss, 0 chg bounds, 0 chg sides, 0 chg coeffs, 0 upgd conss, 0 impls, 117 clqs
(round 2, fast)       329 del vars, 96 del conss, 0 add conss, 0 chg bounds, 0 chg sides, 0 chg coeffs, 0 upgd conss, 0 impls, 117 clqs
   (1.2s) running MILP presolver
   (1.2s) MILP presolver found nothing
(round 3, medium)     331 del vars, 96 del conss, 0 add conss, 0 chg bounds, 0 chg sides, 2 chg coeffs, 0 upgd conss, 0 impls, 117 clqs
(round 4, fast)       332 del vars, 96 del conss, 0 add conss, 0 chg bounds, 0 chg sides, 2 chg coeffs, 0 upgd conss, 0 impls, 117 clqs
(round 5, exhaustive) 332 del vars, 108 del conss, 0 add conss, 0 chg bounds, 0 chg sides, 2 chg coeffs, 0 upgd conss, 0 impls, 117 clqs
(round 6, exhaustive) 332 del vars, 109 del conss, 0 add conss, 0 chg bounds, 1 chg sides, 2 chg coeffs, 0 upgd conss, 0 impls, 117 clqs
(round 7, exhaustive) 332 del vars, 109 del conss, 0 add conss, 0 chg bounds, 1 chg sides, 2 chg coeffs, 26 upgd conss, 0 impls, 117 clqs
(round 8, fast)       332 del vars, 110 del conss, 0 add conss, 0 chg bounds, 1 chg sides, 2 chg coeffs, 26 upgd conss, 0 impls, 117 clqs
(round 9, exhaustive) 332 del vars, 110 del conss, 0 add conss, 0 chg bounds, 1 chg sides, 4 chg coeffs, 26 upgd conss, 0 impls, 117 clqs
(round 10, exhaustive) 332 del vars, 120 del conss, 0 add conss, 0 chg bounds, 1 chg sides, 4 chg coeffs, 26 upgd conss, 0 impls, 117 clqs
   (1.2s) running MILP presolver
   (1.2s) MILP presolver found nothing
presolving (11 rounds: 11 fast, 7 medium, 6 exhaustive):
 332 deleted vars, 120 deleted constraints, 0 added constraints, 0 tightened bounds, 0 added holes, 1 changed sides, 4 changed coefficients
 0 implications, 117 cliques
presolved problem has 106 variables (106 bin, 0 int, 0 impl, 0 cont) and 109 constraints
     10 constraints of type <knapsack>
     89 constraints of type <setppc>
     10 constraints of type <linear>
Presolving Time: 0.02
transformed 1/32 original solutions to the transformed problem space

 time | node  | left  |LP iter|LP it/n|mem/heur|mdpt |vars |cons |rows |cuts |sepa|confs|strbr|  dualbound   | primalbound  |  gap   | compl. 
  1.2s|     1 |     0 |  3408 |     - |    67M |   0 | 106 | 109 | 109 |   0 |  0 | 257 |  30 | 7.020684e+03 | 7.020684e+03 |   0.00%| unknown

SCIP Status        : problem is solved [optimal solution found]
Solving Time (sec) : 1.18
Solving Nodes      : 1 (total of 2 nodes in 2 runs)
Primal Bound       : +7.02068382841170e+03 (33 solutions)
Dual Bound         : +7.02068382841170e+03
Gap                : 0.00 %
