presolving:
   (0.0s) running MILP presolver
   (0.0s) MILP presolver (2 rounds): 0 aggregations, 19 fixings, 0 bound changes
(round 1, medium)     19 del vars, 0 del conss, 0 add conss, 0 chg bounds, 0 chg sides, 0 chg coeffs, 0 upgd conss, 0 impls, 189 clqs
(round 2, exhaustive) 19 del vars, 3 del conss, 0 add conss, 0 chg bounds, 3 chg sides, 0 chg coeffs, 0 upgd conss, 0 impls, 189 clqs
(round 3, exhaustive) 19 del vars, 3 del conss, 0 add conss, 0 chg bounds, 3 chg sides, 0 chg coeffs, 186 upgd conss, 0 impls, 189 clqs
(round 4, medium)     61 del vars, 3 del conss, 0 add conss, 0 chg bounds, 3 chg sides, 42 chg coeffs, 186 upgd conss, 0 impls, 189 clqs
(round 5, fast)       75 del vars, 4 del conss, 0 add conss, 0 chg bounds, 3 chg sides, 42 chg coeffs, 186 upgd conss, 0 impls, 188 clqs
(round 6, exhaustive) 75 del vars, 7 del conss, 0 add conss, 0 chg bounds, 3 chg sides, 42 chg coeffs, 186 upgd conss, 0 impls, 188 clqs
   (0.0s) probing: 51/425 (12.0%) - 0 fixings, 0 aggregations, 0 implications, 0 bound changes
   (0.0s) probing aborted: 50/50 successive totally useless probings
   (0.0s) symmetry computation started: requiring (bin +, int +, cont +), (fixed: bin -, int -, cont -)
   (0.0s) no symmetry present (symcode time: 0.00)
presolving (7 rounds: 7 fast, 6 medium, 4 exhaustive):
 75 deleted vars, 7 deleted constraints, 0 added constraints, 0 tightened bounds, 0 added holes, 3 changed sides, 42 changed coefficients
 0 implications, 188 cliques
presolved problem has 425 variables (425 bin, 0 int, 0 impl, 0 cont) and 182 constraints
    182 constraints of type <setppc>
Presolving Time: 0.01

 time | node  | left  |LP iter|LP it/n|mem/heur|mdpt |vars |cons |rows |cuts |sepa|confs|strbr|  dualbound   | primalbound  |  gap   | compl. 
  0.0s|     1 |     0 |  1400 |     - |  5483k |   0 | 425 | 182 | 182 |   0 |  0 |   0 |   0 | 8.815107e+03 |      --      |    Inf | unknown
  0.1s|     1 |     0 |  1434 |     - |    19M |   0 | 425 | 182 | 185 |   3 |  1 |   0 |   0 | 8.799514e+03 |      --      |    Inf | unknown
  0.1s|     1 |     0 |  1471 |     - |    26M |   0 | 425 | 182 | 188 |   6 |  2 |   0 |   0 | 8.793963e+03 |      --      |    Inf | unknown
  0.2s|     1 |     0 |  1507 |     - |    36M |   0 | 425 | 182 | 190 |   8 |  3 |   0 |   0 | 8.787568e+03 |      --      |    Inf | unknown
  0.2s|     1 |     0 |  1541 |     - |    41M |   0 | 425 | 182 | 191 |   9 |  4 |   0 |   0 | 8.780948e+03 |      --      |    Inf | unknown
  0.3s|     1 |     0 |  1564 |     - |    48M |   0 | 425 | 182 | 193 |  11 |  5 |   0 |   0 | 8.778303e+03 |      --      |    Inf | unknown
  0.3s|     1 |     0 |  1611 |     - |    49M |   0 | 425 | 182 | 194 |  12 |  6 |   0 |   0 | 8.776475e+03 |      --      |    Inf | unknown
  0.3s|     1 |     0 |  1642 |     - |    55M |   0 | 425 | 182 | 197 |  15 |  7 |   0 |   0 | 8.774085e+03 |      --      |    Inf | unknown
  0.4s|     1 |     0 |  1679 |     - |    61M |   0 | 425 | 182 | 200 |  18 |  8 |   0 |   0 | 8.771513e+03 |      --      |    Inf | unknown
  0.4s|     1 |     0 |  1710 |     - |    67M |   0 | 425 | 182 | 204 |  22 |  9 |   0 |   0 | 8.769765e+03 |      --      |    Inf | unknown
  0.5s|     1 |     0 |  1774 |     - |    74M |   0 | 425 | 182 | 207 |  25 | 10 |   0 |   0 | 8.767610e+03 |      --      |    Inf | unknown
  0.5s|     1 |     0 |  1793 |     - |    74M |   0 | 425 | 182 | 209 |  27 | 11 |   0 |   0 | 8.766692e+03 |      --      |    Inf | unknown
  0.5s|     1 |     0 |  1803 |     - |    74M |   0 | 425 | 182 | 210 |  28 | 12 |   0 |   0 | 8.766205e+03 |      --      |    Inf | unknown
  0.5s|     1 |     0 |  1825 |     - |    74M |   0 | 425 | 182 | 214 |  32 | 13 |   0 |   0 | 8.764729e+03 |      --      |    Inf | unknown
  0.5s|     1 |     0 |  1853 |     - |    75M |   0 | 425 | 182 | 216 |  34 | 14 |   0 |   0 | 8.763116e+03 |      --      |    Inf | unknown
 time | node  | left  |LP iter|LP it/n|mem/heur|mdpt |vars |cons |rows |cuts |sepa|confs|strbr|  dualbound   | primalbound  |  gap   | compl. 
  0.5s|     1 |     0 |  1855 |     - |    75M |   0 | 425 | 182 | 217 |  35 | 15 |   0 |   0 | 8.763051e+03 |      --      |    Inf | unknown
  0.6s|     1 |     0 |  1880 |     - |    75M |   0 | 425 | 182 | 218 |  36 | 16 |   0 |   0 | 8.761722e+03 |      --      |    Inf | unknown
  0.6s|     1 |     0 |  1895 |     - |    75M |   0 | 425 | 182 | 217 |  39 | 17 |   0 |   0 | 8.761505e+03 |      --      |    Inf | unknown
  0.6s|     1 |     0 |  1912 |     - |    75M |   0 | 425 | 182 | 219 |  41 | 18 |   0 |   0 | 8.761178e+03 |      --      |    Inf | unknown
  0.6s|     1 |     0 |  1946 |     - |    75M |   0 | 425 | 182 | 221 |  43 | 19 |   0 |   0 | 8.759280e+03 |      --      |    Inf | unknown
  0.6s|     1 |     0 |  1967 |     - |    75M |   0 | 425 | 182 | 225 |  47 | 20 |   0 |   0 | 8.758165e+03 |      --      |    Inf | unknown
  0.6s|     1 |     0 |  1987 |     - |    75M |   0 | 425 | 182 | 230 |  52 | 21 |   0 |   0 | 8.757732e+03 |      --      |    Inf | unknown
  0.7s|     1 |     0 |  2004 |     - |    75M |   0 | 425 | 182 | 232 |  54 | 22 |   0 |   0 | 8.757274e+03 |      --      |    Inf | unknown
  0.7s|     1 |     0 |  2008 |     - |    75M |   0 | 425 | 182 | 228 |  55 | 23 |   0 |   0 | 8.757261e+03 |      --      |    Inf | unknown
  0.7s|     1 |     0 |  2009 |     - |    75M |   0 | 425 | 182 | 229 |  56 | 24 |   0 |   0 | 8.757258e+03 |      --      |    Inf | unknown
  0.7s|     1 |     0 |  2021 |     - |    75M |   0 | 425 | 182 | 232 |  59 | 25 |   0 |   0 | 8.757152e+03 |      --      |    Inf | unknown
  0.7s|     1 |     0 |  2041 |     - |    75M |   0 | 425 | 182 | 236 |  63 | 26 |   0 |   0 | 8.756740e+03 |      --      |    Inf | unknown
  0.7s|     1 |     0 |  2044 |     - |    75M |   0 | 425 | 182 | 237 |  64 | 27 |   0 |   0 | 8.756736e+03 |      --      |    Inf | unknown
  0.8s|     1 |     0 |  2052 |     - |    75M |   0 | 425 | 182 | 240 |  67 | 28 |   0 |   0 | 8.756711e+03 |      --      |    Inf | unknown
  0.8s|     1 |     0 |  2055 |     - |    75M |   0 | 425 | 182 | 235 |  68 | 29 |   0 |   0 | 8.756696e+03 |      --      |    Inf | unknown
 time | node  | left  |LP iter|LP it/n|mem/heur|mdpt |vars |cons |rows |cuts |sepa|confs|strbr|  dualbound   | primalbound  |  gap   | compl. 
d 0.8s|     1 |     0 |  2055 |     - |distribu|   0 | 425 | 182 | 235 |   0 | 30 |   0 |   0 | 8.756696e+03 | 4.043614e+03 | 116.56%| unknown
d 0.8s|     1 |     0 |  2327 |     - |distribu|   0 | 425 | 182 | 235 |   0 | 30 |   0 |   0 | 8.756696e+03 | 4.224470e+03 | 107.29%| unknown
d 0.8s|     1 |     0 |  3090 |     - |distribu|   0 | 425 | 182 | 235 |   0 | 30 |   0 |   0 | 8.756696e+03 | 4.299767e+03 | 103.66%| unknown
d 0.9s|     1 |     0 |  3262 |     - |distribu|   0 | 425 | 182 | 235 |   0 | 30 |   0 |   0 | 8.756696e+03 | 5.629199e+03 |  55.56%| unknown
d 0.9s|     1 |     0 |  3275 |     - |distribu|   0 | 425 | 182 | 235 |   0 | 30 |   0 |   0 | 8.756696e+03 | 5.692886e+03 |  53.82%| unknown
d 0.9s|     1 |     0 |  3280 |     - |distribu|   0 | 425 | 182 | 235 |   0 | 30 |   0 |   0 | 8.756696e+03 | 6.608313e+03 |  32.51%| unknown
  0.9s|     1 |     0 |  3280 |     - |    75M |   0 | 425 | 182 | 235 |  68 | 30 |   0 |   0 | 8.756696e+03 | 6.608313e+03 |  32.51%| unknown
  1.2s|     1 |     2 |  3280 |     - |    75M |   0 | 425 | 182 | 235 |  68 | 31 |   0 |  27 | 8.740114e+03 | 6.608313e+03 |  32.26%| unknown
* 1.3s|     3 |     2 |  3590 | 767.5 |strongbr|   2 | 425 | 182 | 213 |  68 |  1 |   0 |  52 | 8.740114e+03 | 8.505601e+03 |   2.76%| unknown
* 1.4s|     5 |     2 |  3741 | 421.5 |strongbr|   3 | 425 | 193 | 213 |  68 |  2 |  11 |  83 | 8.740114e+03 | 8.549970e+03 |   2.22%|  13.90%
* 1.4s|     6 |     1 |  3844 | 357.8 |strongbr|   3 | 425 | 195 | 213 |  68 |  1 |  13 |  96 | 8.740114e+03 | 8.579989e+03 |   1.87%|  18.49%
* 1.7s|     8 |     1 |  4345 | 327.1 |strongbr|   3 | 425 | 211 | 213 |  68 | 11 |  34 | 187 | 8.738048e+03 | 8.587774e+03 |   1.75%|  80.50%

SCIP Status        : problem is solved [optimal solution found]
Solving Time (sec) : 3.08
Solving Nodes      : 29
Primal Bound       : +8.58777358497647e+03 (186 solutions)
Dual Bound         : +8.58777358497647e+03
Gap                : 0.00 %
