presolving:
(round 1, fast)       0 del vars, 1 del conss, 0 add conss, 0 chg bounds, 0 chg sides, 0 chg coeffs, 0 upgd conss, 0 impls, 189 clqs
   (0.0s) running MILP presolver
   (0.0s) MILP presolver (2 rounds): 0 aggregations, 19 fixings, 0 bound changes
(round 2, medium)     19 del vars, 1 del conss, 0 add conss, 0 chg bounds, 0 chg sides, 0 chg coeffs, 0 upgd conss, 0 impls, 189 clqs
(round 3, exhaustive) 19 del vars, 5 del conss, 0 add conss, 0 chg bounds, 4 chg sides, 0 chg coeffs, 0 upgd conss, 0 impls, 189 clqs
(round 4, exhaustive) 19 del vars, 5 del conss, 0 add conss, 0 chg bounds, 4 chg sides, 0 chg coeffs, 185 upgd conss, 0 impls, 189 clqs
(round 5, medium)     51 del vars, 5 del conss, 0 add conss, 0 chg bounds, 4 chg sides, 32 chg coeffs, 185 upgd conss, 0 impls, 189 clqs
(round 6, fast)       65 del vars, 5 del conss, 0 add conss, 0 chg bounds, 4 chg sides, 32 chg coeffs, 185 upgd conss, 0 impls, 189 clqs
(round 7, exhaustive) 65 del vars, 6 del conss, 0 add conss, 0 chg bounds, 4 chg sides, 32 chg coeffs, 185 upgd conss, 0 impls, 189 clqs
(round 8, exhaustive) 66 del vars, 6 del conss, 0 add conss, 0 chg bounds, 4 chg sides, 32 chg coeffs, 185 upgd conss, 0 impls, 188 clqs
   (0.0s) probing: 51/434 (11.8%) - 0 fixings, 0 aggregations, 0 implications, 0 bound changes
   (0.0s) probing aborted: 50/50 successive totally useless probings
   (0.0s) symmetry computation started: requiring (bin +, int +, cont +), (fixed: bin -, int -, cont -)
   (0.0s) no symmetry present (symcode time: 0.00)
presolving (9 rounds: 9 fast, 7 medium, 5 exhaustive):
 66 deleted vars, 6 deleted constraints, 0 added constraints, 0 tightened bounds, 0 added holes, 4 changed sides, 32 changed coefficients
 0 implications, 188 cliques
presolved problem has 434 variables (434 bin, 0 int, 0 impl, 0 cont) and 184 constraints
    184 constraints of type <setppc>
Presolving Time: 0.01

 time | node  | left  |LP iter|LP it/n|mem/heur|mdpt |vars |cons |rows |cuts |sepa|confs|strbr|  dualbound   | primalbound  |  gap   | compl. 
  0.1s|     1 |     0 |  1488 |     - |  5368k |   0 | 434 | 184 | 184 |   0 |  0 |   0 |   0 | 8.223158e+03 |      --      |    Inf | unknown
  0.1s|     1 |     0 |  1528 |     - |    20M |   0 | 434 | 184 | 187 |   3 |  1 |   0 |   0 | 8.192443e+03 |      --      |    Inf | unknown
  0.2s|     1 |     0 |  1586 |     - |    30M |   0 | 434 | 184 | 190 |   6 |  2 |   0 |   0 | 8.176558e+03 |      --      |    Inf | unknown
  0.2s|     1 |     0 |  1625 |     - |    36M |   0 | 434 | 184 | 194 |  10 |  3 |   0 |   0 | 8.162094e+03 |      --      |    Inf | unknown
  0.3s|     1 |     0 |  1655 |     - |    46M |   0 | 434 | 184 | 196 |  12 |  4 |   0 |   0 | 8.157953e+03 |      --      |    Inf | unknown
  0.3s|     1 |     0 |  1675 |     - |    50M |   0 | 434 | 184 | 197 |  13 |  5 |   0 |   0 | 8.154665e+03 |      --      |    Inf | unknown
  0.3s|     1 |     0 |  1715 |     - |    55M |   0 | 434 | 184 | 200 |  16 |  6 |   0 |   0 | 8.150976e+03 |      --      |    Inf | unknown
  0.4s|     1 |     0 |  1754 |     - |    63M |   0 | 434 | 184 | 201 |  17 |  7 |   0 |   0 | 8.145388e+03 |      --      |    Inf | unknown
  0.4s|     1 |     0 |  1787 |     - |    67M |   0 | 434 | 184 | 203 |  19 |  8 |   0 |   0 | 8.143696e+03 |      --      |    Inf | unknown
  0.5s|     1 |     0 |  1813 |     - |    77M |   0 | 434 | 184 | 204 |  20 |  9 |   0 |   0 | 8.142589e+03 |      --      |    Inf | unknown
  0.5s|     1 |     0 |  1852 |     - |    79M |   0 | 434 | 184 | 207 |  23 | 10 |   0 |   0 | 8.141340e+03 |      --      |    Inf | unknown
  0.5s|     1 |     0 |  1870 |     - |    79M |   0 | 434 | 184 | 210 |  26 | 11 |   0 |   0 | 8.140630e+03 |      --      |    Inf | unknown
  0.6s|     1 |     0 |  1890 |     - |    80M |   0 | 434 | 184 | 212 |  28 | 12 |   0 |   0 | 8.140198e+03 |      --      |    Inf | unknown
  0.6s|     1 |     0 |  1908 |     - |    80M |   0 | 434 | 184 | 213 |  29 | 13 |   0 |   0 | 8.139944e+03 |      --      |    Inf | unknown
  0.6s|     1 |     0 |  1918 |     - |    80M |   0 | 434 | 184 | 214 |  30 | 14 |   0 |   0 | 8.139831e+03 |      --      |    Inf | unknown
 time | node  | left  |LP iter|LP it/n|mem/heur|mdpt |vars |cons |rows |cuts |sepa|confs|strbr|  dualbound   | primalbound  |  gap   | compl. 
  0.6s|     1 |     0 |  1945 |     - |    80M |   0 | 434 | 184 | 216 |  32 | 15 |   0 |   0 | 8.139488e+03 |      --      |    Inf | unknown
  0.6s|     1 |     0 |  1971 |     - |    80M |   0 | 434 | 184 | 218 |  34 | 16 |   0 |   0 | 8.139274e+03 |      --      |    Inf | unknown
  0.7s|     1 |     0 |  1984 |     - |    80M |   0 | 434 | 184 | 218 |  35 | 17 |   0 |   0 | 8.139107e+03 |      --      |    Inf | unknown
  0.7s|     1 |     0 |  1996 |     - |    82M |   0 | 434 | 184 | 219 |  36 | 18 |   0 |   0 | 8.138946e+03 |      --      |    Inf | unknown
  0.7s|     1 |     0 |  2028 |     - |    82M |   0 | 434 | 184 | 220 |  37 | 19 |   0 |   0 | 8.138674e+03 |      --      |    Inf | unknown
  0.7s|     1 |     0 |  2050 |     - |    82M |   0 | 434 | 184 | 221 |  38 | 20 |   0 |   0 | 8.138341e+03 |      --      |    Inf | unknown
  0.7s|     1 |     0 |  2056 |     - |    82M |   0 | 434 | 184 | 222 |  39 | 21 |   0 |   0 | 8.138325e+03 |      --      |    Inf | unknown
d 0.7s|     1 |     0 |  2056 |     - |distribu|   0 | 434 | 184 | 222 |   0 | 21 |   0 |   0 | 8.138325e+03 | 2.739534e+03 | 197.07%| unknown
  0.8s|     1 |     0 |  3082 |     - |    82M |   0 | 434 | 184 | 222 |  39 | 21 |   0 |   0 | 8.138325e+03 | 2.739534e+03 | 197.07%| unknown
  0.8s|     1 |     0 |  3085 |     - |    82M |   0 | 434 | 184 | 223 |  40 | 22 |   0 |   0 | 8.138316e+03 | 2.739534e+03 | 197.07%| unknown
  0.8s|     1 |     0 |  3092 |     - |    82M |   0 | 434 | 184 | 224 |  41 | 23 |   0 |   0 | 8.138303e+03 | 2.739534e+03 | 197.07%| unknown
* 0.8s|     1 |     0 |  3092 |     - |strongbr|   0 | 434 | 184 | 224 |  41 | 23 |   0 |   0 | 8.138303e+03 | 2.841501e+03 | 186.41%| unknown
* 0.9s|     1 |     0 |  3092 |     - |strongbr|   0 | 434 | 184 | 224 |  41 | 23 |   0 |   1 | 8.138303e+03 | 2.931174e+03 | 177.65%| unknown
* 0.9s|     1 |     0 |  3092 |     - |strongbr|   0 | 434 | 184 | 224 |  41 | 23 |   0 |   2 | 8.138303e+03 | 3.402583e+03 | 139.18%| unknown
* 0.9s|     1 |     0 |  3092 |     - |strongbr|   0 | 434 | 184 | 224 |  41 | 23 |   0 |   9 | 8.138303e+03 | 3.546517e+03 | 129.47%| unknown
 time | node  | left  |LP iter|LP it/n|mem/heur|mdpt |vars |cons |rows |cuts |sepa|confs|strbr|  dualbound   | primalbound  |  gap   | compl. 
  1.1s|     1 |     2 |  3092 |     - |    82M |   0 | 434 | 184 | 224 |  41 | 23 |   0 |  25 | 8.116321e+03 | 3.546517e+03 | 128.85%| unknown
* 1.1s|     2 |     1 |  3274 |1208.0 |strongbr|   1 | 434 | 184 | 212 |  41 |  1 |   0 |  25 | 8.116321e+03 | 4.037645e+03 | 101.02%| unknown
* 1.1s|     2 |     1 |  3274 |1208.0 |strongbr|   1 | 434 | 184 | 212 |  41 |  1 |   0 |  33 | 8.116321e+03 | 4.059299e+03 |  99.94%| unknown
* 1.2s|     3 |     2 |  3302 | 618.0 |strongbr|   2 | 434 | 184 | 212 |  41 |  1 |   0 |  46 | 8.116321e+03 | 5.054861e+03 |  60.56%| unknown
* 1.2s|     3 |     2 |  3302 | 618.0 |strongbr|   2 | 434 | 184 | 212 |  41 |  1 |   0 |  52 | 8.116321e+03 | 5.261160e+03 |  54.27%| unknown
* 1.2s|     4 |     3 |  3364 | 432.7 |strongbr|   3 | 434 | 184 | 212 |  41 |  1 |   0 |  61 | 8.116321e+03 | 6.018253e+03 |  34.86%| unknown
* 1.2s|     4 |     3 |  3364 | 432.7 |strongbr|   3 | 434 | 184 | 212 |  41 |  1 |   0 |  63 | 8.116321e+03 | 6.589322e+03 |  23.17%| unknown
* 1.2s|     4 |     3 |  3364 | 432.7 |strongbr|   3 | 434 | 184 | 212 |  41 |  1 |   0 |  66 | 8.116321e+03 | 7.883915e+03 |   2.95%| unknown
* 1.4s|     7 |     4 |  3501 | 239.2 |strongbr|   5 | 434 | 191 | 212 |  41 |  1 |   7 | 143 | 8.116321e+03 | 7.885112e+03 |   2.93%|   6.05%
* 2.8s|    34 |     5 |  5793 | 112.9 |strongbr|   8 | 434 | 311 | 212 |  41 |  1 | 129 | 626 | 8.089296e+03 | 7.915418e+03 |   2.20%|  48.34%
* 2.8s|    37 |     4 |  5913 | 106.9 |strongbr|   8 | 434 | 333 | 212 |  41 |  1 | 151 | 650 | 8.089296e+03 | 7.942185e+03 |   1.85%|  50.00%
* 2.9s|    38 |     5 |  5942 | 104.8 |    LP  |   8 | 434 | 339 | 212 |  41 |  2 | 157 | 661 | 8.089296e+03 | 7.950988e+03 |   1.74%|  50.00%

SCIP Status        : problem is solved [optimal solution found]
Solving Time (sec) : 4.31
Solving Nodes      : 93
Primal Bound       : +7.95098806088314e+03 (244 solutions)
Dual Bound         : +7.95098806088314e+03
Gap                : 0.00 %
