presolving:
(round 1, fast)       0 del vars, 1 del conss, 0 add conss, 0 chg bounds, 0 chg sides, 0 chg coeffs, 0 upgd conss, 0 impls, 197 clqs
   (0.0s) running MILP presolver
   (0.0s) MILP presolver (2 rounds): 0 aggregations, 8 fixings, 0 bound changes
(round 2, medium)     8 del vars, 1 del conss, 0 add conss, 0 chg bounds, 0 chg sides, 0 chg coeffs, 0 upgd conss, 0 impls, 197 clqs
(round 3, exhaustive) 8 del vars, 3 del conss, 0 add conss, 0 chg bounds, 2 chg sides, 0 chg coeffs, 0 upgd conss, 0 impls, 197 clqs
(round 4, exhaustive) 8 del vars, 3 del conss, 0 add conss, 0 chg bounds, 2 chg sides, 0 chg coeffs, 195 upgd conss, 0 impls, 197 clqs
(round 5, medium)     42 del vars, 3 del conss, 0 add conss, 0 chg bounds, 2 chg sides, 34 chg coeffs, 195 upgd conss, 0 impls, 197 clqs
(round 6, fast)       59 del vars, 4 del conss, 0 add conss, 0 chg bounds, 2 chg sides, 34 chg coeffs, 195 upgd conss, 0 impls, 195 clqs
(round 7, exhaustive) 59 del vars, 8 del conss, 0 add conss, 0 chg bounds, 2 chg sides, 34 chg coeffs, 195 upgd conss, 0 impls, 195 clqs
   (0.0s) probing: 51/441 (11.6%) - 0 fixings, 0 aggregations, 0 implications, 0 bound changes
   (0.0s) probing aborted: 50/50 successive totally useless probings
   (0.0s) symmetry computation started: requiring (bin +, int +, cont +), (fixed: bin -, int -, cont -)
   (0.0s) no symmetry present (symcode time: 0.00)
presolving (8 rounds: 8 fast, 6 medium, 4 exhaustive):
 59 deleted vars, 8 deleted constraints, 0 added constraints, 0 tightened bounds, 0 added holes, 2 changed sides, 34 changed coefficients
 0 implications, 195 cliques
presolved problem has 441 variables (441 bin, 0 int, 0 impl, 0 cont) and 190 constraints
    190 constraints of type <setppc>
Presolving Time: 0.01

 time | node  | left  |LP iter|LP it/n|mem/heur|mdpt |vars |cons |rows |cuts |sepa|confs|strbr|  dualbound   | primalbound  |  gap   | compl. 
  0.0s|     1 |     0 |  1175 |     - |  5484k |   0 | 441 | 190 | 190 |   0 |  0 |   0 |   0 | 8.171446e+03 |      --      |    Inf | unknown
  0.1s|     1 |     0 |  1214 |     - |    15M |   0 | 441 | 190 | 193 |   3 |  1 |   0 |   0 | 8.155501e+03 |      --      |    Inf | unknown
  0.2s|     1 |     0 |  1264 |     - |    27M |   0 | 441 | 190 | 194 |   4 |  2 |   0 |   0 | 8.143978e+03 |      --      |    Inf | unknown
  0.2s|     1 |     0 |  1290 |     - |    33M |   0 | 441 | 190 | 197 |   7 |  3 |   0 |   0 | 8.138846e+03 |      --      |    Inf | unknown
  0.2s|     1 |     0 |  1324 |     - |    45M |   0 | 441 | 190 | 199 |   9 |  4 |   0 |   0 | 8.134284e+03 |      --      |    Inf | unknown
  0.3s|     1 |     0 |  1351 |     - |    49M |   0 | 441 | 190 | 203 |  13 |  5 |   0 |   0 | 8.130157e+03 |      --      |    Inf | unknown
  0.3s|     1 |     0 |  1384 |     - |    53M |   0 | 441 | 190 | 204 |  14 |  6 |   0 |   0 | 8.125679e+03 |      --      |    Inf | unknown
  0.4s|     1 |     0 |  1439 |     - |    61M |   0 | 441 | 190 | 207 |  17 |  7 |   0 |   0 | 8.121655e+03 |      --      |    Inf | unknown
  0.4s|     1 |     0 |  1512 |     - |    64M |   0 | 441 | 190 | 209 |  19 |  8 |   0 |   0 | 8.118285e+03 |      --      |    Inf | unknown
  0.5s|     1 |     0 |  1549 |     - |    73M |   0 | 441 | 190 | 211 |  21 |  9 |   0 |   0 | 8.116536e+03 |      --      |    Inf | unknown
  0.5s|     1 |     0 |  1571 |     - |    76M |   0 | 441 | 190 | 214 |  24 | 10 |   0 |   0 | 8.115643e+03 |      --      |    Inf | unknown
  0.5s|     1 |     0 |  1595 |     - |    77M |   0 | 441 | 190 | 217 |  27 | 11 |   0 |   0 | 8.115258e+03 |      --      |    Inf | unknown
  0.5s|     1 |     0 |  1623 |     - |    79M |   0 | 441 | 190 | 221 |  31 | 12 |   0 |   0 | 8.114796e+03 |      --      |    Inf | unknown
  0.6s|     1 |     0 |  1638 |     - |    79M |   0 | 441 | 190 | 222 |  32 | 13 |   0 |   0 | 8.114610e+03 |      --      |    Inf | unknown
  0.6s|     1 |     0 |  1662 |     - |    79M |   0 | 441 | 190 | 225 |  35 | 14 |   0 |   0 | 8.114322e+03 |      --      |    Inf | unknown
 time | node  | left  |LP iter|LP it/n|mem/heur|mdpt |vars |cons |rows |cuts |sepa|confs|strbr|  dualbound   | primalbound  |  gap   | compl. 
  0.6s|     1 |     0 |  1731 |     - |    79M |   0 | 441 | 190 | 228 |  38 | 15 |   0 |   0 | 8.113407e+03 |      --      |    Inf | unknown
  0.6s|     1 |     0 |  1761 |     - |    79M |   0 | 441 | 190 | 230 |  40 | 16 |   0 |   0 | 8.113145e+03 |      --      |    Inf | unknown
  0.6s|     1 |     0 |  1775 |     - |    80M |   0 | 441 | 190 | 230 |  42 | 17 |   0 |   0 | 8.112947e+03 |      --      |    Inf | unknown
  0.6s|     1 |     0 |  1810 |     - |    80M |   0 | 441 | 190 | 233 |  45 | 18 |   0 |   0 | 8.111913e+03 |      --      |    Inf | unknown
  0.7s|     1 |     0 |  1813 |     - |    80M |   0 | 441 | 190 | 234 |  46 | 19 |   0 |   0 | 8.111908e+03 |      --      |    Inf | unknown
  0.7s|     1 |     0 |  1844 |     - |    80M |   0 | 441 | 190 | 237 |  49 | 20 |   0 |   0 | 8.110702e+03 |      --      |    Inf | unknown
  0.7s|     1 |     0 |  1867 |     - |    80M |   0 | 441 | 190 | 239 |  51 | 21 |   0 |   0 | 8.109684e+03 |      --      |    Inf | unknown
  0.7s|     1 |     0 |  1901 |     - |    80M |   0 | 441 | 190 | 242 |  54 | 22 |   0 |   0 | 8.106837e+03 |      --      |    Inf | unknown
  0.7s|     1 |     0 |  1908 |     - |    80M |   0 | 441 | 190 | 241 |  56 | 23 |   0 |   0 | 8.106805e+03 |      --      |    Inf | unknown
  0.8s|     1 |     0 |  1928 |     - |    80M |   0 | 441 | 190 | 245 |  60 | 24 |   0 |   0 | 8.106234e+03 |      --      |    Inf | unknown
  0.8s|     1 |     0 |  1934 |     - |    80M |   0 | 441 | 190 | 246 |  61 | 25 |   0 |   0 | 8.106190e+03 |      --      |    Inf | unknown
  0.8s|     1 |     0 |  1958 |     - |    80M |   0 | 441 | 190 | 253 |  68 | 26 |   0 |   0 | 8.105486e+03 |      --      |    Inf | unknown
  0.8s|     1 |     0 |  1997 |     - |    80M |   0 | 441 | 190 | 258 |  73 | 27 |   0 |   0 | 8.103334e+03 |      --      |    Inf | unknown
  0.8s|     1 |     0 |  2024 |     - |    80M |   0 | 441 | 190 | 262 |  77 | 28 |   0 |   0 | 8.100021e+03 |      --      |    Inf | unknown
  0.9s|     1 |     0 |  2039 |     - |    80M |   0 | 441 | 190 | 261 |  81 | 29 |   0 |   0 | 8.099358e+03 |      --      |    Inf | unknown
 time | node  | left  |LP iter|LP it/n|mem/heur|mdpt |vars |cons |rows |cuts |sepa|confs|strbr|  dualbound   | primalbound  |  gap   | compl. 
  0.9s|     1 |     0 |  2073 |     - |    80M |   0 | 441 | 190 | 264 |  84 | 30 |   0 |   0 | 8.096874e+03 |      --      |    Inf | unknown
  0.9s|     1 |     0 |  2098 |     - |    80M |   0 | 441 | 190 | 268 |  88 | 31 |   0 |   0 | 8.095914e+03 |      --      |    Inf | unknown
  0.9s|     1 |     0 |  2109 |     - |    80M |   0 | 441 | 190 | 271 |  91 | 32 |   0 |   0 | 8.095421e+03 |      --      |    Inf | unknown
  0.9s|     1 |     0 |  2124 |     - |    80M |   0 | 441 | 190 | 275 |  95 | 33 |   0 |   0 | 8.095195e+03 |      --      |    Inf | unknown
  0.9s|     1 |     0 |  2136 |     - |    80M |   0 | 441 | 190 | 282 | 102 | 34 |   0 |   0 | 8.094897e+03 |      --      |    Inf | unknown
  1.0s|     1 |     0 |  2139 |     - |    80M |   0 | 441 | 190 | 271 | 105 | 35 |   0 |   0 | 8.094839e+03 |      --      |    Inf | unknown
  1.0s|     1 |     0 |  2141 |     - |    80M |   0 | 441 | 190 | 273 | 107 | 36 |   0 |   0 | 8.094834e+03 |      --      |    Inf | unknown
d 1.0s|     1 |     0 |  2141 |     - |distribu|   0 | 441 | 190 | 273 |   0 | 37 |   0 |   0 | 8.094834e+03 | 2.687301e+03 | 201.23%| unknown
d 1.0s|     1 |     0 |  2863 |     - |distribu|   0 | 441 | 190 | 273 |   0 | 37 |   0 |   0 | 8.094834e+03 | 2.928799e+03 | 176.39%| unknown
  1.0s|     1 |     0 |  3343 |     - |    80M |   0 | 441 | 190 | 273 | 107 | 37 |   0 |   0 | 8.094834e+03 | 2.928799e+03 | 176.39%| unknown
* 1.1s|     1 |     0 |  3343 |     - |strongbr|   0 | 441 | 190 | 273 | 107 | 38 |   0 |   0 | 8.094834e+03 | 2.965260e+03 | 172.99%| unknown
* 1.1s|     1 |     0 |  3343 |     - |strongbr|   0 | 441 | 190 | 273 | 107 | 38 |   0 |   7 | 8.094834e+03 | 3.629162e+03 | 123.05%| unknown
* 1.3s|     1 |     0 |  3343 |     - |strongbr|   0 | 441 | 190 | 273 | 107 | 38 |   0 |  21 | 8.094834e+03 | 3.690537e+03 | 119.34%| unknown
* 1.3s|     1 |     0 |  3343 |     - |strongbr|   0 | 441 | 190 | 273 | 107 | 38 |   0 |  22 | 8.094834e+03 | 3.995121e+03 | 102.62%| unknown
  1.3s|     1 |     2 |  3343 |     - |    80M |   0 | 441 | 190 | 273 | 107 | 38 |   0 |  24 | 8.065465e+03 | 3.995121e+03 | 101.88%| unknown
 time | node  | left  |LP iter|LP it/n|mem/heur|mdpt |vars |cons |rows |cuts |sepa|confs|strbr|  dualbound   | primalbound  |  gap   | compl. 
* 1.3s|     2 |     1 |  3454 |1313.0 |strongbr|   1 | 441 | 190 | 241 | 107 |  1 |   0 |  25 | 8.065465e+03 | 4.548821e+03 |  77.31%| unknown
* 1.3s|     2 |     1 |  3454 |1313.0 |strongbr|   1 | 441 | 190 | 241 | 107 |  1 |   0 |  26 | 8.065465e+03 | 5.889467e+03 |  36.95%| unknown
* 1.4s|     3 |     2 |  3605 | 732.0 |strongbr|   2 | 441 | 190 | 241 | 107 |  1 |   0 |  39 | 8.065465e+03 | 6.834985e+03 |  18.00%| unknown
* 1.4s|     4 |     2 |  3627 | 495.3 |strongbr|   3 | 441 | 190 | 241 | 107 |  1 |   0 |  53 | 8.065465e+03 | 7.854839e+03 |   2.68%|   4.58%
* 1.6s|     7 |     3 |  3927 | 297.7 |strongbr|   3 | 441 | 195 | 241 | 107 |  1 |   5 | 101 | 8.040222e+03 | 7.926345e+03 |   1.44%|  13.58%
* 1.7s|     8 |     2 |  4132 | 284.4 |strongbr|   3 | 441 | 200 | 241 | 107 |  4 |  10 | 135 | 8.040222e+03 | 7.948490e+03 |   1.15%|  18.17%
* 1.8s|     9 |     1 |  4309 | 271.0 |strongbr|   3 | 441 | 211 | 241 | 107 |  5 |  21 | 183 | 8.039765e+03 | 7.953639e+03 |   1.08%|  22.75%
* 1.8s|     9 |     1 |  4309 | 271.0 |strongbr|   3 | 441 | 211 | 241 | 107 |  5 |  21 | 189 | 8.039765e+03 | 8.007239e+03 |   0.41%|  22.75%

SCIP Status        : problem is solved [optimal solution found]
Solving Time (sec) : 1.87
Solving Nodes      : 10
Primal Bound       : +8.00723945865135e+03 (171 solutions)
Dual Bound         : +8.00723945865135e+03
Gap                : 0.00 %
