presolving:
   (0.0s) running MILP presolver
   (0.0s) MILP presolver (2 rounds): 0 aggregations, 14 fixings, 0 bound changes
(round 1, medium)     14 del vars, 0 del conss, 0 add conss, 0 chg bounds, 0 chg sides, 0 chg coeffs, 0 upgd conss, 0 impls, 189 clqs
(round 2, exhaustive) 14 del vars, 6 del conss, 0 add conss, 0 chg bounds, 6 chg sides, 0 chg coeffs, 0 upgd conss, 0 impls, 189 clqs
(round 3, exhaustive) 14 del vars, 6 del conss, 0 add conss, 0 chg bounds, 6 chg sides, 0 chg coeffs, 183 upgd conss, 0 impls, 189 clqs
(round 4, medium)     47 del vars, 6 del conss, 0 add conss, 0 chg bounds, 6 chg sides, 33 chg coeffs, 183 upgd conss, 0 impls, 189 clqs
(round 5, fast)       60 del vars, 7 del conss, 0 add conss, 0 chg bounds, 6 chg sides, 33 chg coeffs, 183 upgd conss, 0 impls, 188 clqs
(round 6, exhaustive) 60 del vars, 8 del conss, 0 add conss, 0 chg bounds, 6 chg sides, 33 chg coeffs, 183 upgd conss, 0 impls, 188 clqs
   (0.0s) probing: 51/440 (11.6%) - 0 fixings, 0 aggregations, 0 implications, 0 bound changes
   (0.0s) probing aborted: 50/50 successive totally useless probings
   (0.0s) symmetry computation started: requiring (bin +, int +, cont +), (fixed: bin -, int -, cont -)
   (0.0s) no symmetry present (symcode time: 0.00)
presolving (7 rounds: 7 fast, 6 medium, 4 exhaustive):
 60 deleted vars, 8 deleted constraints, 0 added constraints, 0 tightened bounds, 0 added holes, 6 changed sides, 33 changed coefficients
 0 implications, 188 cliques
presolved problem has 440 variables (440 bin, 0 int, 0 impl, 0 cont) and 181 constraints
    181 constraints of type <setppc>
Presolving Time: 0.01

 time | node  | left  |LP iter|LP it/n|mem/heur|mdpt |vars |cons |rows |cuts |sepa|confs|strbr|  dualbound   | primalbound  |  gap   | compl. 
  0.1s|     1 |     0 |  1472 |     - |  5527k |   0 | 440 | 181 | 181 |   0 |  0 |   0 |   0 | 7.356659e+03 |      --      |    Inf | unknown
  0.1s|     1 |     0 |  1542 |     - |    21M |   0 | 440 | 181 | 186 |   5 |  1 |   0 |   0 | 7.326861e+03 |      --      |    Inf | unknown
  0.2s|     1 |     0 |  1571 |     - |    33M |   0 | 440 | 181 | 190 |   9 |  2 |   0 |   0 | 7.318805e+03 |      --      |    Inf | unknown
  0.2s|     1 |     0 |  1608 |     - |    45M |   0 | 440 | 181 | 191 |  10 |  3 |   0 |   0 | 7.310009e+03 |      --      |    Inf | unknown
  0.3s|     1 |     0 |  1649 |     - |    52M |   0 | 440 | 181 | 193 |  12 |  4 |   0 |   0 | 7.305510e+03 |      --      |    Inf | unknown
  0.3s|     1 |     0 |  1691 |     - |    58M |   0 | 440 | 181 | 195 |  14 |  5 |   0 |   0 | 7.302051e+03 |      --      |    Inf | unknown
  0.4s|     1 |     0 |  1739 |     - |    67M |   0 | 440 | 181 | 197 |  16 |  6 |   0 |   0 | 7.298034e+03 |      --      |    Inf | unknown
  0.4s|     1 |     0 |  1778 |     - |    75M |   0 | 440 | 181 | 199 |  18 |  7 |   0 |   0 | 7.296040e+03 |      --      |    Inf | unknown
  0.5s|     1 |     0 |  1827 |     - |    79M |   0 | 440 | 181 | 200 |  19 |  8 |   0 |   0 | 7.294424e+03 |      --      |    Inf | unknown
  0.5s|     1 |     0 |  1867 |     - |    83M |   0 | 440 | 181 | 202 |  21 |  9 |   0 |   0 | 7.292795e+03 |      --      |    Inf | unknown
  0.6s|     1 |     0 |  1909 |     - |    92M |   0 | 440 | 181 | 204 |  23 | 10 |   0 |   0 | 7.290238e+03 |      --      |    Inf | unknown
  0.6s|     1 |     0 |  1929 |     - |    92M |   0 | 440 | 181 | 207 |  26 | 11 |   0 |   0 | 7.289468e+03 |      --      |    Inf | unknown
  0.6s|     1 |     0 |  1940 |     - |    92M |   0 | 440 | 181 | 208 |  27 | 12 |   0 |   0 | 7.289253e+03 |      --      |    Inf | unknown
  0.7s|     1 |     0 |  1957 |     - |    92M |   0 | 440 | 181 | 209 |  28 | 13 |   0 |   0 | 7.288730e+03 |      --      |    Inf | unknown
  0.7s|     1 |     0 |  1974 |     - |    92M |   0 | 440 | 181 | 210 |  29 | 14 |   0 |   0 | 7.288149e+03 |      --      |    Inf | unknown
 time | node  | left  |LP iter|LP it/n|mem/heur|mdpt |vars |cons |rows |cuts |sepa|confs|strbr|  dualbound   | primalbound  |  gap   | compl. 
  0.7s|     1 |     0 |  1987 |     - |    92M |   0 | 440 | 181 | 212 |  31 | 15 |   0 |   0 | 7.287851e+03 |      --      |    Inf | unknown
  0.7s|     1 |     0 |  1995 |     - |    92M |   0 | 440 | 181 | 213 |  32 | 16 |   0 |   0 | 7.287807e+03 |      --      |    Inf | unknown
  0.8s|     1 |     0 |  2005 |     - |    92M |   0 | 440 | 181 | 212 |  33 | 17 |   0 |   0 | 7.287714e+03 |      --      |    Inf | unknown
  0.8s|     1 |     0 |  2012 |     - |    92M |   0 | 440 | 181 | 213 |  34 | 18 |   0 |   0 | 7.287669e+03 |      --      |    Inf | unknown
  0.8s|     1 |     0 |  2029 |     - |    92M |   0 | 440 | 181 | 215 |  36 | 19 |   0 |   0 | 7.287610e+03 |      --      |    Inf | unknown
  0.8s|     1 |     0 |  2059 |     - |    92M |   0 | 440 | 181 | 217 |  38 | 20 |   0 |   0 | 7.287232e+03 |      --      |    Inf | unknown
  0.9s|     1 |     0 |  2079 |     - |    92M |   0 | 440 | 181 | 218 |  39 | 21 |   0 |   0 | 7.286944e+03 |      --      |    Inf | unknown
  0.9s|     1 |     0 |  2085 |     - |    92M |   0 | 440 | 181 | 219 |  40 | 22 |   0 |   0 | 7.286872e+03 |      --      |    Inf | unknown
  0.9s|     1 |     0 |  2092 |     - |    92M |   0 | 440 | 181 | 217 |  41 | 23 |   0 |   0 | 7.286715e+03 |      --      |    Inf | unknown
  0.9s|     1 |     0 |  2096 |     - |    92M |   0 | 440 | 181 | 218 |  42 | 24 |   0 |   0 | 7.286652e+03 |      --      |    Inf | unknown
d 0.9s|     1 |     0 |  2096 |     - |veclendi|   0 | 440 | 181 | 218 |   0 | 24 |   0 |   0 | 7.286652e+03 | 2.096432e+03 | 247.57%| unknown
  1.0s|     1 |     0 |  3287 |     - |    92M |   0 | 440 | 181 | 218 |  42 | 24 |   0 |   0 | 7.286652e+03 | 2.096432e+03 | 247.57%| unknown
  1.0s|     1 |     0 |  3289 |     - |    92M |   0 | 440 | 181 | 219 |  43 | 25 |   0 |   0 | 7.286651e+03 | 2.096432e+03 | 247.57%| unknown
  1.0s|     1 |     0 |  3293 |     - |    92M |   0 | 440 | 181 | 220 |  44 | 26 |   0 |   0 | 7.286618e+03 | 2.096432e+03 | 247.57%| unknown
* 1.0s|     1 |     0 |  3293 |     - |strongbr|   0 | 440 | 181 | 220 |  44 | 26 |   0 |   0 | 7.286618e+03 | 2.460384e+03 | 196.16%| unknown
 time | node  | left  |LP iter|LP it/n|mem/heur|mdpt |vars |cons |rows |cuts |sepa|confs|strbr|  dualbound   | primalbound  |  gap   | compl. 
* 1.0s|     1 |     0 |  3293 |     - |strongbr|   0 | 440 | 181 | 220 |  44 | 26 |   0 |   2 | 7.286618e+03 | 2.509632e+03 | 190.35%| unknown
* 1.1s|     1 |     0 |  3293 |     - |strongbr|   0 | 440 | 181 | 220 |  44 | 26 |   0 |   3 | 7.286618e+03 | 2.525880e+03 | 188.48%| unknown
* 1.1s|     1 |     0 |  3293 |     - |strongbr|   0 | 440 | 181 | 220 |  44 | 26 |   0 |   6 | 7.286618e+03 | 2.647364e+03 | 175.24%| unknown
* 1.2s|     1 |     0 |  3293 |     - |strongbr|   0 | 440 | 181 | 220 |  44 | 26 |   0 |  11 | 7.286618e+03 | 2.778841e+03 | 162.22%| unknown
  1.3s|     1 |     2 |  3293 |     - |    92M |   0 | 440 | 181 | 220 |  44 | 26 |   0 |  21 | 7.273687e+03 | 2.778841e+03 | 161.75%| unknown
* 1.3s|     2 |     1 |  3440 |1338.0 |strongbr|   1 | 440 | 181 | 207 |  44 |  1 |   0 |  22 | 7.273687e+03 | 2.880980e+03 | 152.47%| unknown
* 1.4s|     2 |     1 |  3440 |1338.0 |strongbr|   1 | 440 | 181 | 207 |  44 |  1 |   0 |  29 | 7.273687e+03 | 2.888844e+03 | 151.79%| unknown
* 1.5s|     3 |     2 |  3628 | 763.0 |strongbr|   2 | 440 | 181 | 207 |  44 |  1 |   0 |  41 | 7.243803e+03 | 3.841103e+03 |  88.59%| unknown
* 1.6s|     4 |     3 |  3694 | 530.7 |strongbr|   3 | 440 | 181 | 207 |  44 |  1 |   0 |  54 | 7.243803e+03 | 5.128705e+03 |  41.24%| unknown
* 1.6s|     5 |     4 |  3752 | 412.5 |strongbr|   4 | 440 | 181 | 207 |  44 |  1 |   0 |  67 | 7.243803e+03 | 6.750646e+03 |   7.31%| unknown
* 1.7s|     7 |     4 |  3887 | 297.5 |strongbr|   5 | 440 | 193 | 207 |  44 |  1 |  12 | 140 | 7.243803e+03 | 6.780836e+03 |   6.83%|   3.09%
* 1.8s|     8 |     3 |  3930 | 261.1 |strongbr|   5 | 440 | 195 | 207 |  44 |  2 |  14 | 164 | 7.243803e+03 | 6.819249e+03 |   6.23%|   4.24%
* 2.6s|    20 |     5 |  5022 | 153.7 |strongbr|   6 | 440 | 231 | 207 |  44 |  2 |  50 | 395 | 7.237835e+03 | 6.851924e+03 |   5.63%|  20.16%
* 2.6s|    20 |     5 |  5051 | 155.2 |strongbr|   6 | 440 | 233 | 207 |  44 |  4 |  52 | 403 | 7.237835e+03 | 6.852259e+03 |   5.63%|  20.16%
* 2.6s|    20 |     5 |  5059 | 155.6 |    LP  |   6 | 440 | 233 | 207 |  44 |  5 |  52 | 406 | 7.237835e+03 | 6.902559e+03 |   4.86%|  20.16%
 time | node  | left  |LP iter|LP it/n|mem/heur|mdpt |vars |cons |rows |cuts |sepa|confs|strbr|  dualbound   | primalbound  |  gap   | compl. 
* 3.0s|    27 |     6 |  5453 | 128.9 |strongbr|   6 | 440 | 245 | 207 |  44 |  2 |  64 | 503 | 7.237835e+03 | 6.973639e+03 |   3.79%|  29.05%
  5.9s|   100 |     1 | 12440 | 104.4 |   145M |  14 | 440 | 461 | 208 |  99 |  0 | 280 |1095 | 7.071578e+03 | 6.973639e+03 |   1.40%|  93.44%

SCIP Status        : problem is solved [optimal solution found]
Solving Time (sec) : 5.99
Solving Nodes      : 109
Primal Bound       : +6.97363866361704e+03 (198 solutions)
Dual Bound         : +6.97363866361704e+03
Gap                : 0.00 %
