presolving:
(round 1, fast)       0 del vars, 1 del conss, 0 add conss, 0 chg bounds, 0 chg sides, 0 chg coeffs, 0 upgd conss, 0 impls, 190 clqs
(round 2, fast)       1 del vars, 1 del conss, 0 add conss, 0 chg bounds, 0 chg sides, 0 chg coeffs, 0 upgd conss, 0 impls, 190 clqs
   (0.0s) running MILP presolver
   (0.0s) MILP presolver (2 rounds): 0 aggregations, 24 fixings, 0 bound changes
(round 3, medium)     25 del vars, 1 del conss, 0 add conss, 0 chg bounds, 0 chg sides, 0 chg coeffs, 0 upgd conss, 0 impls, 189 clqs
(round 4, fast)       25 del vars, 2 del conss, 0 add conss, 0 chg bounds, 0 chg sides, 0 chg coeffs, 0 upgd conss, 0 impls, 189 clqs
(round 5, exhaustive) 25 del vars, 5 del conss, 0 add conss, 0 chg bounds, 3 chg sides, 0 chg coeffs, 0 upgd conss, 0 impls, 189 clqs
(round 6, exhaustive) 25 del vars, 5 del conss, 0 add conss, 0 chg bounds, 3 chg sides, 0 chg coeffs, 186 upgd conss, 0 impls, 189 clqs
(round 7, medium)     66 del vars, 5 del conss, 0 add conss, 0 chg bounds, 3 chg sides, 41 chg coeffs, 186 upgd conss, 0 impls, 189 clqs
(round 8, fast)       87 del vars, 7 del conss, 0 add conss, 0 chg bounds, 3 chg sides, 41 chg coeffs, 186 upgd conss, 0 impls, 187 clqs
(round 9, exhaustive) 87 del vars, 10 del conss, 0 add conss, 0 chg bounds, 3 chg sides, 41 chg coeffs, 186 upgd conss, 0 impls, 187 clqs
   (0.0s) probing: 51/413 (12.3%) - 0 fixings, 0 aggregations, 0 implications, 0 bound changes
   (0.0s) probing aborted: 50/50 successive totally useless probings
   (0.0s) symmetry computation started: requiring (bin +, int +, cont +), (fixed: bin -, int -, cont -)
   (0.0s) no symmetry present (symcode time: 0.00)
presolving (10 rounds: 10 fast, 6 medium, 4 exhaustive):
 87 deleted vars, 10 deleted constraints, 0 added constraints, 0 tightened bounds, 0 added holes, 3 changed sides, 41 changed coefficients
 0 implications, 187 cliques
presolved problem has 413 variables (413 bin, 0 int, 0 impl, 0 cont) and 181 constraints
    181 constraints of type <setppc>
Presolving Time: 0.01

 time | node  | left  |LP iter|LP it/n|mem/heur|mdpt |vars |cons |rows |cuts |sepa|confs|strbr|  dualbound   | primalbound  |  gap   | compl. 
  0.0s|     1 |     0 |  1080 |     - |  5277k |   0 | 413 | 181 | 181 |   0 |  0 |   0 |   0 | 7.812988e+03 |      --      |    Inf | unknown
  0.1s|     1 |     0 |  1146 |     - |    18M |   0 | 413 | 181 | 183 |   2 |  1 |   0 |   0 | 7.784371e+03 |      --      |    Inf | unknown
  0.1s|     1 |     0 |  1174 |     - |    25M |   0 | 413 | 181 | 185 |   4 |  2 |   0 |   0 | 7.775022e+03 |      --      |    Inf | unknown
  0.2s|     1 |     0 |  1203 |     - |    30M |   0 | 413 | 181 | 187 |   6 |  3 |   0 |   0 | 7.770097e+03 |      --      |    Inf | unknown
  0.2s|     1 |     0 |  1267 |     - |    34M |   0 | 413 | 181 | 192 |  11 |  4 |   0 |   0 | 7.762410e+03 |      --      |    Inf | unknown
  0.3s|     1 |     0 |  1307 |     - |    39M |   0 | 413 | 181 | 194 |  13 |  5 |   0 |   0 | 7.759208e+03 |      --      |    Inf | unknown
  0.3s|     1 |     0 |  1344 |     - |    46M |   0 | 413 | 181 | 196 |  15 |  6 |   0 |   0 | 7.757402e+03 |      --      |    Inf | unknown
  0.3s|     1 |     0 |  1364 |     - |    52M |   0 | 413 | 181 | 198 |  17 |  7 |   0 |   0 | 7.756306e+03 |      --      |    Inf | unknown
  0.4s|     1 |     0 |  1401 |     - |    56M |   0 | 413 | 181 | 200 |  19 |  8 |   0 |   0 | 7.755793e+03 |      --      |    Inf | unknown
  0.4s|     1 |     0 |  1449 |     - |    66M |   0 | 413 | 181 | 203 |  22 |  9 |   0 |   0 | 7.753754e+03 |      --      |    Inf | unknown
  0.5s|     1 |     0 |  1530 |     - |    67M |   0 | 413 | 181 | 205 |  24 | 10 |   0 |   0 | 7.751134e+03 |      --      |    Inf | unknown
  0.5s|     1 |     0 |  1563 |     - |    68M |   0 | 413 | 181 | 208 |  27 | 11 |   0 |   0 | 7.749991e+03 |      --      |    Inf | unknown
  0.5s|     1 |     0 |  1579 |     - |    68M |   0 | 413 | 181 | 210 |  29 | 12 |   0 |   0 | 7.748673e+03 |      --      |    Inf | unknown
  0.5s|     1 |     0 |  1588 |     - |    68M |   0 | 413 | 181 | 211 |  30 | 13 |   0 |   0 | 7.748535e+03 |      --      |    Inf | unknown
  0.5s|     1 |     0 |  1614 |     - |    68M |   0 | 413 | 181 | 215 |  34 | 14 |   0 |   0 | 7.748057e+03 |      --      |    Inf | unknown
 time | node  | left  |LP iter|LP it/n|mem/heur|mdpt |vars |cons |rows |cuts |sepa|confs|strbr|  dualbound   | primalbound  |  gap   | compl. 
  0.6s|     1 |     0 |  1617 |     - |    68M |   0 | 413 | 181 | 216 |  35 | 15 |   0 |   0 | 7.748046e+03 |      --      |    Inf | unknown
  0.6s|     1 |     0 |  1635 |     - |    68M |   0 | 413 | 181 | 217 |  36 | 16 |   0 |   0 | 7.747689e+03 |      --      |    Inf | unknown
  0.6s|     1 |     0 |  1651 |     - |    68M |   0 | 413 | 181 | 216 |  38 | 17 |   0 |   0 | 7.747285e+03 |      --      |    Inf | unknown
  0.6s|     1 |     0 |  1657 |     - |    68M |   0 | 413 | 181 | 217 |  39 | 18 |   0 |   0 | 7.747279e+03 |      --      |    Inf | unknown
  0.6s|     1 |     0 |  1703 |     - |    68M |   0 | 413 | 181 | 219 |  41 | 19 |   0 |   0 | 7.746072e+03 |      --      |    Inf | unknown
  0.7s|     1 |     0 |  1721 |     - |    68M |   0 | 413 | 181 | 221 |  43 | 20 |   0 |   0 | 7.745461e+03 |      --      |    Inf | unknown
  0.7s|     1 |     0 |  1723 |     - |    68M |   0 | 413 | 181 | 222 |  44 | 21 |   0 |   0 | 7.745457e+03 |      --      |    Inf | unknown
  0.7s|     1 |     0 |  1744 |     - |    68M |   0 | 413 | 181 | 224 |  46 | 22 |   0 |   0 | 7.745201e+03 |      --      |    Inf | unknown
  0.7s|     1 |     0 |  1746 |     - |    68M |   0 | 413 | 181 | 221 |  47 | 23 |   0 |   0 | 7.745197e+03 |      --      |    Inf | unknown
  0.7s|     1 |     0 |  1758 |     - |    68M |   0 | 413 | 181 | 223 |  49 | 24 |   0 |   0 | 7.745027e+03 |      --      |    Inf | unknown
  0.7s|     1 |     0 |  1761 |     - |    68M |   0 | 413 | 181 | 224 |  50 | 25 |   0 |   0 | 7.745026e+03 |      --      |    Inf | unknown
  0.8s|     1 |     0 |  1765 |     - |    68M |   0 | 413 | 181 | 225 |  51 | 26 |   0 |   0 | 7.745010e+03 |      --      |    Inf | unknown
  0.8s|     1 |     0 |  1783 |     - |    68M |   0 | 413 | 181 | 232 |  58 | 27 |   0 |   0 | 7.744724e+03 |      --      |    Inf | unknown
  0.8s|     1 |     0 |  1797 |     - |    68M |   0 | 413 | 181 | 237 |  63 | 28 |   0 |   0 | 7.744330e+03 |      --      |    Inf | unknown
  0.8s|     1 |     0 |  1800 |     - |    68M |   0 | 413 | 181 | 235 |  64 | 29 |   0 |   0 | 7.744324e+03 |      --      |    Inf | unknown
 time | node  | left  |LP iter|LP it/n|mem/heur|mdpt |vars |cons |rows |cuts |sepa|confs|strbr|  dualbound   | primalbound  |  gap   | compl. 
  0.8s|     1 |     0 |  1802 |     - |    68M |   0 | 413 | 181 | 236 |  65 | 30 |   0 |   0 | 7.744319e+03 |      --      |    Inf | unknown
d 0.8s|     1 |     0 |  1802 |     - |veclendi|   0 | 413 | 181 | 236 |   0 | 30 |   0 |   0 | 7.744319e+03 | 3.542795e+03 | 118.59%| unknown
d 0.8s|     1 |     0 |  2281 |     - |veclendi|   0 | 413 | 181 | 236 |   0 | 30 |   0 |   0 | 7.744319e+03 | 3.866997e+03 | 100.27%| unknown
  0.9s|     1 |     0 |  2883 |     - |    68M |   0 | 413 | 181 | 236 |  65 | 30 |   0 |   0 | 7.744319e+03 | 3.866997e+03 | 100.27%| unknown
  0.9s|     1 |     0 |  2931 |     - |    68M |   0 | 413 | 181 | 237 |  66 | 31 |   0 |   0 | 7.743914e+03 | 3.866997e+03 | 100.26%| unknown
  0.9s|     1 |     0 |  2939 |     - |    68M |   0 | 413 | 181 | 242 |  71 | 32 |   0 |   0 | 7.743835e+03 | 3.866997e+03 | 100.25%| unknown
* 0.9s|     1 |     0 |  2939 |     - |strongbr|   0 | 413 | 181 | 242 |  71 | 32 |   0 |   1 | 7.743835e+03 | 4.028625e+03 |  92.22%| unknown
* 0.9s|     1 |     0 |  2939 |     - |strongbr|   0 | 413 | 181 | 242 |  71 | 32 |   0 |   2 | 7.743835e+03 | 4.174530e+03 |  85.50%| unknown
* 1.0s|     1 |     0 |  2939 |     - |strongbr|   0 | 413 | 181 | 242 |  71 | 32 |   0 |   6 | 7.743835e+03 | 4.334485e+03 |  78.66%| unknown
* 1.0s|     1 |     0 |  2939 |     - |strongbr|   0 | 413 | 181 | 242 |  71 | 32 |   0 |   9 | 7.743835e+03 | 4.379764e+03 |  76.81%| unknown
* 1.1s|     1 |     0 |  2939 |     - |strongbr|   0 | 413 | 181 | 242 |  71 | 32 |   0 |  17 | 7.743835e+03 | 4.695043e+03 |  64.94%| unknown
  1.1s|     1 |     2 |  2939 |     - |    68M |   0 | 413 | 181 | 242 |  71 | 32 |   0 |  22 | 7.733715e+03 | 4.695043e+03 |  64.72%| unknown
* 1.1s|     2 |     1 |  3138 |1280.0 |strongbr|   1 | 413 | 181 | 220 |  71 |  1 |   0 |  22 | 7.733715e+03 | 4.971614e+03 |  55.56%| unknown
* 1.1s|     2 |     1 |  3138 |1280.0 |strongbr|   1 | 413 | 181 | 220 |  71 |  1 |   0 |  23 | 7.733715e+03 | 5.009563e+03 |  54.38%| unknown
* 1.1s|     2 |     1 |  3138 |1280.0 |strongbr|   1 | 413 | 181 | 220 |  71 |  1 |   0 |  26 | 7.733715e+03 | 5.190098e+03 |  49.01%| unknown
 time | node  | left  |LP iter|LP it/n|mem/heur|mdpt |vars |cons |rows |cuts |sepa|confs|strbr|  dualbound   | primalbound  |  gap   | compl. 
* 1.1s|     2 |     1 |  3138 |1280.0 |strongbr|   1 | 413 | 181 | 220 |  71 |  1 |   0 |  38 | 7.733715e+03 | 7.483340e+03 |   3.35%| unknown
* 1.3s|     4 |     1 |  3401 | 514.3 |strongbr|   2 | 413 | 180 | 220 |  71 |  1 |   3 |  70 | 7.721740e+03 | 7.621416e+03 |   1.32%|  79.61%

SCIP Status        : problem is solved [optimal solution found]
Solving Time (sec) : 1.59
Solving Nodes      : 7
Primal Bound       : +7.62141603919998e+03 (125 solutions)
Dual Bound         : +7.62141603919998e+03
Gap                : 0.00 %
