presolving:
(round 1, fast)       0 del vars, 1 del conss, 0 add conss, 0 chg bounds, 0 chg sides, 0 chg coeffs, 0 upgd conss, 0 impls, 197 clqs
(round 2, fast)       1 del vars, 1 del conss, 0 add conss, 0 chg bounds, 0 chg sides, 0 chg coeffs, 0 upgd conss, 0 impls, 197 clqs
   (0.0s) running MILP presolver
   (0.0s) MILP presolver (2 rounds): 0 aggregations, 4 fixings, 0 bound changes
(round 3, medium)     5 del vars, 1 del conss, 0 add conss, 0 chg bounds, 0 chg sides, 0 chg coeffs, 0 upgd conss, 0 impls, 197 clqs
(round 4, exhaustive) 5 del vars, 5 del conss, 0 add conss, 0 chg bounds, 4 chg sides, 0 chg coeffs, 0 upgd conss, 0 impls, 197 clqs
(round 5, exhaustive) 5 del vars, 5 del conss, 0 add conss, 0 chg bounds, 4 chg sides, 0 chg coeffs, 193 upgd conss, 0 impls, 197 clqs
(round 6, medium)     33 del vars, 5 del conss, 0 add conss, 0 chg bounds, 4 chg sides, 28 chg coeffs, 193 upgd conss, 0 impls, 197 clqs
(round 7, fast)       36 del vars, 5 del conss, 0 add conss, 0 chg bounds, 4 chg sides, 28 chg coeffs, 193 upgd conss, 0 impls, 197 clqs
(round 8, exhaustive) 36 del vars, 7 del conss, 0 add conss, 0 chg bounds, 4 chg sides, 28 chg coeffs, 193 upgd conss, 0 impls, 197 clqs
(round 9, exhaustive) 37 del vars, 7 del conss, 0 add conss, 0 chg bounds, 4 chg sides, 28 chg coeffs, 193 upgd conss, 0 impls, 196 clqs
   (0.0s) probing: 51/463 (11.0%) - 0 fixings, 0 aggregations, 0 implications, 0 bound changes
   (0.0s) probing aborted: 50/50 successive totally useless probings
   (0.0s) symmetry computation started: requiring (bin +, int +, cont +), (fixed: bin -, int -, cont -)
   (0.0s) no symmetry present (symcode time: 0.00)
presolving (10 rounds: 10 fast, 7 medium, 5 exhaustive):
 37 deleted vars, 7 deleted constraints, 0 added constraints, 0 tightened bounds, 0 added holes, 4 changed sides, 28 changed coefficients
 0 implications, 196 cliques
presolved problem has 463 variables (463 bin, 0 int, 0 impl, 0 cont) and 191 constraints
    191 constraints of type <setppc>
Presolving Time: 0.01

 time | node  | left  |LP iter|LP it/n|mem/heur|mdpt |vars |cons |rows |cuts |sepa|confs|strbr|  dualbound   | primalbound  |  gap   | compl. 
  0.1s|     1 |     0 |  2224 |     - |  5634k |   0 | 463 | 191 | 191 |   0 |  0 |   0 |   0 | 8.068056e+03 |      --      |    Inf | unknown
  0.1s|     1 |     0 |  2259 |     - |    18M |   0 | 463 | 191 | 193 |   2 |  1 |   0 |   0 | 8.046004e+03 |      --      |    Inf | unknown
  0.2s|     1 |     0 |  2300 |     - |    31M |   0 | 463 | 191 | 195 |   4 |  2 |   0 |   0 | 8.036166e+03 |      --      |    Inf | unknown
  0.2s|     1 |     0 |  2337 |     - |    37M |   0 | 463 | 191 | 196 |   5 |  3 |   0 |   0 | 8.032082e+03 |      --      |    Inf | unknown
  0.3s|     1 |     0 |  2373 |     - |    42M |   0 | 463 | 191 | 197 |   6 |  4 |   0 |   0 | 8.027626e+03 |      --      |    Inf | unknown
  0.3s|     1 |     0 |  2411 |     - |    50M |   0 | 463 | 191 | 198 |   7 |  5 |   0 |   0 | 8.025871e+03 |      --      |    Inf | unknown
  0.4s|     1 |     0 |  2431 |     - |    55M |   0 | 463 | 191 | 199 |   8 |  6 |   0 |   0 | 8.025254e+03 |      --      |    Inf | unknown
  0.4s|     1 |     0 |  2445 |     - |    59M |   0 | 463 | 191 | 200 |   9 |  7 |   0 |   0 | 8.024981e+03 |      --      |    Inf | unknown
  0.5s|     1 |     0 |  2481 |     - |    64M |   0 | 463 | 191 | 201 |  10 |  8 |   0 |   0 | 8.024084e+03 |      --      |    Inf | unknown
  0.5s|     1 |     0 |  2516 |     - |    69M |   0 | 463 | 191 | 204 |  13 |  9 |   0 |   0 | 8.022822e+03 |      --      |    Inf | unknown
  0.6s|     1 |     0 |  2545 |     - |    70M |   0 | 463 | 191 | 206 |  15 | 10 |   0 |   0 | 8.021045e+03 |      --      |    Inf | unknown
  0.6s|     1 |     0 |  2560 |     - |    70M |   0 | 463 | 191 | 208 |  17 | 11 |   0 |   0 | 8.020884e+03 |      --      |    Inf | unknown
  0.6s|     1 |     0 |  2568 |     - |    71M |   0 | 463 | 191 | 209 |  18 | 12 |   0 |   0 | 8.020812e+03 |      --      |    Inf | unknown
  0.6s|     1 |     0 |  2585 |     - |    71M |   0 | 463 | 191 | 212 |  21 | 13 |   0 |   0 | 8.020576e+03 |      --      |    Inf | unknown
  0.6s|     1 |     0 |  2612 |     - |    71M |   0 | 463 | 191 | 214 |  23 | 14 |   0 |   0 | 8.020035e+03 |      --      |    Inf | unknown
 time | node  | left  |LP iter|LP it/n|mem/heur|mdpt |vars |cons |rows |cuts |sepa|confs|strbr|  dualbound   | primalbound  |  gap   | compl. 
  0.6s|     1 |     0 |  2631 |     - |    71M |   0 | 463 | 191 | 216 |  25 | 15 |   0 |   0 | 8.019697e+03 |      --      |    Inf | unknown
  0.7s|     1 |     0 |  2637 |     - |    71M |   0 | 463 | 191 | 217 |  26 | 16 |   0 |   0 | 8.019669e+03 |      --      |    Inf | unknown
  0.7s|     1 |     0 |  2656 |     - |    71M |   0 | 463 | 191 | 219 |  28 | 17 |   0 |   0 | 8.019411e+03 |      --      |    Inf | unknown
  0.7s|     1 |     0 |  2657 |     - |    71M |   0 | 463 | 191 | 220 |  29 | 18 |   0 |   0 | 8.019410e+03 |      --      |    Inf | unknown
  0.7s|     1 |     0 |  2667 |     - |    71M |   0 | 463 | 191 | 221 |  30 | 19 |   0 |   0 | 8.019279e+03 |      --      |    Inf | unknown
  0.7s|     1 |     0 |  2674 |     - |    71M |   0 | 463 | 191 | 222 |  31 | 20 |   0 |   0 | 8.019270e+03 |      --      |    Inf | unknown
d 0.7s|     1 |     0 |  2674 |     - |veclendi|   0 | 463 | 191 | 222 |   0 | 20 |   0 |   0 | 8.019270e+03 | 2.595219e+03 | 209.00%| unknown
d 0.8s|     1 |     0 |  3409 |     - |veclendi|   0 | 463 | 191 | 222 |   0 | 20 |   0 |   0 | 8.019270e+03 | 2.789975e+03 | 187.43%| unknown
  0.8s|     1 |     0 |  3897 |     - |    71M |   0 | 463 | 191 | 222 |  31 | 20 |   0 |   0 | 8.019270e+03 | 2.789975e+03 | 187.43%| unknown
  0.8s|     1 |     0 |  3900 |     - |    71M |   0 | 463 | 191 | 222 |  32 | 21 |   0 |   0 | 8.019263e+03 | 2.789975e+03 | 187.43%| unknown
  0.8s|     1 |     0 |  3912 |     - |    71M |   0 | 463 | 191 | 223 |  33 | 22 |   0 |   0 | 8.019142e+03 | 2.789975e+03 | 187.43%| unknown
* 0.8s|     1 |     0 |  3912 |     - |strongbr|   0 | 463 | 191 | 223 |  33 | 22 |   0 |   0 | 8.019142e+03 | 2.830249e+03 | 183.34%| unknown
* 0.9s|     1 |     0 |  3912 |     - |strongbr|   0 | 463 | 191 | 223 |  33 | 22 |   0 |   4 | 8.019142e+03 | 2.873940e+03 | 179.03%| unknown
* 0.9s|     1 |     0 |  3912 |     - |strongbr|   0 | 463 | 191 | 223 |  33 | 22 |   0 |   6 | 8.019142e+03 | 2.978459e+03 | 169.24%| unknown
  1.0s|     1 |     2 |  3912 |     - |    71M |   0 | 463 | 191 | 223 |  33 | 22 |   0 |  20 | 8.014813e+03 | 2.978459e+03 | 169.09%| unknown
 time | node  | left  |LP iter|LP it/n|mem/heur|mdpt |vars |cons |rows |cuts |sepa|confs|strbr|  dualbound   | primalbound  |  gap   | compl. 
* 1.0s|     2 |     1 |  4093 |1404.0 |strongbr|   1 | 463 | 191 | 212 |  33 |  1 |   0 |  21 | 8.014813e+03 | 3.044068e+03 | 163.29%| unknown
* 1.0s|     2 |     1 |  4093 |1404.0 |strongbr|   1 | 463 | 191 | 212 |  33 |  1 |   0 |  22 | 8.014813e+03 | 3.380943e+03 | 137.06%| unknown
* 1.0s|     2 |     1 |  4093 |1404.0 |strongbr|   1 | 463 | 191 | 212 |  33 |  1 |   0 |  31 | 8.014813e+03 | 4.096772e+03 |  95.64%| unknown
* 1.1s|     4 |     3 |  4257 | 522.7 |strongbr|   3 | 463 | 191 | 212 |  33 |  1 |   0 |  65 | 8.014813e+03 | 4.433166e+03 |  80.79%| unknown
* 1.1s|     4 |     3 |  4257 | 522.7 |strongbr|   3 | 463 | 191 | 212 |  33 |  1 |   0 |  69 | 8.014813e+03 | 7.272370e+03 |  10.21%| unknown
* 1.2s|     5 |     4 |  4287 | 399.5 |strongbr|   4 | 463 | 191 | 212 |  33 |  1 |   0 |  80 | 8.014813e+03 | 7.526990e+03 |   6.48%| unknown
* 1.2s|     8 |     3 |  4396 | 243.9 |strongbr|   5 | 463 | 200 | 212 |  33 |  2 |   9 | 113 | 8.014813e+03 | 7.587436e+03 |   5.63%|   4.31%
* 1.7s|    13 |     6 |  4736 | 170.6 |strongbr|   5 | 463 | 207 | 212 |  33 |  1 |  16 | 221 | 8.014813e+03 | 7.628885e+03 |   5.06%|   5.46%
* 1.7s|    14 |     5 |  4771 | 160.2 |strongbr|   5 | 463 | 212 | 212 |  33 |  1 |  21 | 229 | 8.014813e+03 | 7.633444e+03 |   5.00%|   6.60%
* 1.8s|    16 |     4 |  4881 | 146.1 |strongbr|   5 | 463 | 207 | 212 |  33 |  1 |  24 | 252 | 8.014813e+03 | 7.813304e+03 |   2.58%|  12.33%
* 2.0s|    16 |     4 |  4937 | 149.9 |strongbr|   5 | 463 | 211 | 212 |  33 |  5 |  28 | 304 | 8.014813e+03 | 7.836722e+03 |   2.27%|  12.33%
* 2.2s|    18 |     6 |  5093 | 141.4 |strongbr|   6 | 463 | 223 | 212 |  33 |  3 |  40 | 367 | 8.014813e+03 | 7.849566e+03 |   2.11%|  17.72%
* 2.2s|    19 |     5 |  5150 | 136.7 |strongbr|   6 | 463 | 221 | 212 |  33 |  2 |  45 | 377 | 8.014813e+03 | 7.856531e+03 |   2.01%|  18.29%
* 2.5s|    26 |     3 |  5537 | 113.9 |strongbr|   7 | 463 | 237 | 212 |  33 |  1 |  61 | 450 | 7.997960e+03 | 7.879842e+03 |   1.50%|  44.22%
* 2.5s|    27 |     3 |  5637 | 113.4 |strongbr|   7 | 463 | 243 | 212 |  33 |  2 |  74 | 469 | 7.997960e+03 | 7.943775e+03 |   0.68%|  47.89%

SCIP Status        : problem is solved [optimal solution found]
Solving Time (sec) : 2.55
Solving Nodes      : 30
Primal Bound       : +7.94377519568580e+03 (243 solutions)
Dual Bound         : +7.94377519568580e+03
Gap                : 0.00 %
