presolving:
   (0.0s) running MILP presolver
   (0.0s) MILP presolver (2 rounds): 0 aggregations, 24 fixings, 0 bound changes
(round 1, medium)     24 del vars, 0 del conss, 0 add conss, 0 chg bounds, 0 chg sides, 0 chg coeffs, 0 upgd conss, 0 impls, 192 clqs
(round 2, fast)       24 del vars, 1 del conss, 0 add conss, 0 chg bounds, 0 chg sides, 0 chg coeffs, 0 upgd conss, 0 impls, 192 clqs
(round 3, exhaustive) 24 del vars, 5 del conss, 0 add conss, 0 chg bounds, 4 chg sides, 0 chg coeffs, 0 upgd conss, 0 impls, 192 clqs
(round 4, exhaustive) 24 del vars, 5 del conss, 0 add conss, 0 chg bounds, 4 chg sides, 0 chg coeffs, 188 upgd conss, 0 impls, 192 clqs
(round 5, medium)     70 del vars, 5 del conss, 0 add conss, 0 chg bounds, 4 chg sides, 46 chg coeffs, 188 upgd conss, 0 impls, 192 clqs
(round 6, fast)       105 del vars, 7 del conss, 0 add conss, 0 chg bounds, 4 chg sides, 46 chg coeffs, 188 upgd conss, 0 impls, 190 clqs
   (0.0s) running MILP presolver
   (0.0s) MILP presolver (2 rounds): 0 aggregations, 1 fixings, 0 bound changes
(round 7, medium)     106 del vars, 7 del conss, 0 add conss, 0 chg bounds, 4 chg sides, 46 chg coeffs, 188 upgd conss, 0 impls, 190 clqs
(round 8, exhaustive) 106 del vars, 12 del conss, 0 add conss, 0 chg bounds, 4 chg sides, 46 chg coeffs, 188 upgd conss, 0 impls, 190 clqs
   (0.0s) probing: 51/394 (12.9%) - 0 fixings, 0 aggregations, 0 implications, 0 bound changes
   (0.0s) probing aborted: 50/50 successive totally useless probings
   (0.0s) symmetry computation started: requiring (bin +, int +, cont +), (fixed: bin -, int -, cont -)
   (0.0s) no symmetry present (symcode time: 0.00)
presolving (9 rounds: 9 fast, 7 medium, 4 exhaustive):
 106 deleted vars, 12 deleted constraints, 0 added constraints, 0 tightened bounds, 0 added holes, 4 changed sides, 46 changed coefficients
 0 implications, 190 cliques
presolved problem has 394 variables (394 bin, 0 int, 0 impl, 0 cont) and 181 constraints
    181 constraints of type <setppc>
Presolving Time: 0.01

 time | node  | left  |LP iter|LP it/n|mem/heur|mdpt |vars |cons |rows |cuts |sepa|confs|strbr|  dualbound   | primalbound  |  gap   | compl. 
  0.1s|     1 |     0 |  1661 |     - |  4884k |   0 | 394 | 181 | 181 |   0 |  0 |   0 |   0 | 8.160338e+03 |      --      |    Inf | unknown
  0.1s|     1 |     0 |  1743 |     - |    13M |   0 | 394 | 181 | 184 |   3 |  1 |   0 |   0 | 8.129386e+03 |      --      |    Inf | unknown
  0.2s|     1 |     0 |  1767 |     - |    18M |   0 | 394 | 181 | 186 |   5 |  2 |   0 |   0 | 8.121955e+03 |      --      |    Inf | unknown
  0.2s|     1 |     0 |  1795 |     - |    22M |   0 | 394 | 181 | 188 |   7 |  3 |   0 |   0 | 8.117305e+03 |      --      |    Inf | unknown
  0.2s|     1 |     0 |  1815 |     - |    24M |   0 | 394 | 181 | 189 |   8 |  4 |   0 |   0 | 8.116386e+03 |      --      |    Inf | unknown
  0.3s|     1 |     0 |  1843 |     - |    29M |   0 | 394 | 181 | 191 |  10 |  5 |   0 |   0 | 8.114792e+03 |      --      |    Inf | unknown
  0.3s|     1 |     0 |  1880 |     - |    35M |   0 | 394 | 181 | 194 |  13 |  6 |   0 |   0 | 8.113174e+03 |      --      |    Inf | unknown
  0.3s|     1 |     0 |  1906 |     - |    41M |   0 | 394 | 181 | 195 |  14 |  7 |   0 |   0 | 8.111943e+03 |      --      |    Inf | unknown
  0.4s|     1 |     0 |  1929 |     - |    43M |   0 | 394 | 181 | 196 |  15 |  8 |   0 |   0 | 8.111558e+03 |      --      |    Inf | unknown
  0.4s|     1 |     0 |  1947 |     - |    50M |   0 | 394 | 181 | 199 |  18 |  9 |   0 |   0 | 8.110933e+03 |      --      |    Inf | unknown
  0.5s|     1 |     0 |  1988 |     - |    55M |   0 | 394 | 181 | 200 |  19 | 10 |   0 |   0 | 8.109441e+03 |      --      |    Inf | unknown
  0.5s|     1 |     0 |  2012 |     - |    55M |   0 | 394 | 181 | 202 |  21 | 11 |   0 |   0 | 8.108792e+03 |      --      |    Inf | unknown
  0.5s|     1 |     0 |  2028 |     - |    55M |   0 | 394 | 181 | 204 |  23 | 12 |   0 |   0 | 8.108470e+03 |      --      |    Inf | unknown
  0.5s|     1 |     0 |  2051 |     - |    55M |   0 | 394 | 181 | 207 |  26 | 13 |   0 |   0 | 8.108085e+03 |      --      |    Inf | unknown
  0.5s|     1 |     0 |  2070 |     - |    55M |   0 | 394 | 181 | 209 |  28 | 14 |   0 |   0 | 8.107420e+03 |      --      |    Inf | unknown
 time | node  | left  |LP iter|LP it/n|mem/heur|mdpt |vars |cons |rows |cuts |sepa|confs|strbr|  dualbound   | primalbound  |  gap   | compl. 
  0.5s|     1 |     0 |  2102 |     - |    55M |   0 | 394 | 181 | 211 |  30 | 15 |   0 |   0 | 8.106803e+03 |      --      |    Inf | unknown
  0.5s|     1 |     0 |  2132 |     - |    55M |   0 | 394 | 181 | 214 |  33 | 16 |   0 |   0 | 8.105446e+03 |      --      |    Inf | unknown
  0.5s|     1 |     0 |  2153 |     - |    55M |   0 | 394 | 181 | 215 |  35 | 17 |   0 |   0 | 8.103913e+03 |      --      |    Inf | unknown
  0.6s|     1 |     0 |  2155 |     - |    55M |   0 | 394 | 181 | 216 |  36 | 18 |   0 |   0 | 8.103855e+03 |      --      |    Inf | unknown
  0.6s|     1 |     0 |  2179 |     - |    55M |   0 | 394 | 181 | 219 |  39 | 19 |   0 |   0 | 8.103381e+03 |      --      |    Inf | unknown
  0.6s|     1 |     0 |  2205 |     - |    55M |   0 | 394 | 181 | 221 |  41 | 20 |   0 |   0 | 8.102575e+03 |      --      |    Inf | unknown
  0.6s|     1 |     0 |  2215 |     - |    55M |   0 | 394 | 181 | 223 |  43 | 21 |   0 |   0 | 8.102278e+03 |      --      |    Inf | unknown
  0.6s|     1 |     0 |  2230 |     - |    55M |   0 | 394 | 181 | 226 |  46 | 22 |   0 |   0 | 8.102076e+03 |      --      |    Inf | unknown
  0.6s|     1 |     0 |  2235 |     - |    55M |   0 | 394 | 181 | 222 |  47 | 23 |   0 |   0 | 8.102021e+03 |      --      |    Inf | unknown
  0.6s|     1 |     0 |  2238 |     - |    55M |   0 | 394 | 181 | 223 |  48 | 24 |   0 |   0 | 8.102009e+03 |      --      |    Inf | unknown
  0.7s|     1 |     0 |  2246 |     - |    55M |   0 | 394 | 181 | 225 |  50 | 25 |   0 |   0 | 8.101825e+03 |      --      |    Inf | unknown
  0.7s|     1 |     0 |  2250 |     - |    55M |   0 | 394 | 181 | 226 |  51 | 26 |   0 |   0 | 8.101820e+03 |      --      |    Inf | unknown
  0.7s|     1 |     0 |  2260 |     - |    55M |   0 | 394 | 181 | 229 |  54 | 27 |   0 |   0 | 8.101598e+03 |      --      |    Inf | unknown
  0.7s|     1 |     0 |  2263 |     - |    55M |   0 | 394 | 181 | 230 |  55 | 28 |   0 |   0 | 8.101588e+03 |      --      |    Inf | unknown
  0.7s|     1 |     0 |  2276 |     - |    55M |   0 | 394 | 181 | 225 |  58 | 29 |   0 |   0 | 8.101199e+03 |      --      |    Inf | unknown
 time | node  | left  |LP iter|LP it/n|mem/heur|mdpt |vars |cons |rows |cuts |sepa|confs|strbr|  dualbound   | primalbound  |  gap   | compl. 
  0.7s|     1 |     0 |  2279 |     - |    55M |   0 | 394 | 181 | 227 |  60 | 30 |   0 |   0 | 8.101193e+03 |      --      |    Inf | unknown
d 0.7s|     1 |     0 |  2279 |     - |veclendi|   0 | 394 | 181 | 227 |   0 | 30 |   0 |   0 | 8.101193e+03 | 3.533390e+03 | 129.28%| unknown
  0.7s|     1 |     0 |  3166 |     - |    55M |   0 | 394 | 181 | 227 |  60 | 30 |   0 |   0 | 8.101193e+03 | 3.533390e+03 | 129.28%| unknown
  0.8s|     1 |     0 |  3168 |     - |    55M |   0 | 394 | 181 | 228 |  61 | 31 |   0 |   0 | 8.101191e+03 | 3.533390e+03 | 129.28%| unknown
* 0.8s|     1 |     0 |  3168 |     - |strongbr|   0 | 394 | 181 | 228 |  61 | 32 |   0 |   0 | 8.101191e+03 | 3.660699e+03 | 121.30%| unknown
* 0.8s|     1 |     0 |  3168 |     - |strongbr|   0 | 394 | 181 | 228 |  61 | 32 |   0 |   1 | 8.101191e+03 | 3.775398e+03 | 114.58%| unknown
* 0.8s|     1 |     0 |  3168 |     - |strongbr|   0 | 394 | 181 | 228 |  61 | 32 |   0 |   2 | 8.101191e+03 | 3.821498e+03 | 111.99%| unknown
* 0.8s|     1 |     0 |  3168 |     - |strongbr|   0 | 394 | 181 | 228 |  61 | 32 |   0 |   3 | 8.101191e+03 | 3.989805e+03 | 103.05%| unknown
* 0.8s|     1 |     0 |  3168 |     - |strongbr|   0 | 394 | 181 | 228 |  61 | 32 |   0 |   4 | 8.101191e+03 | 4.262307e+03 |  90.07%| unknown
  0.9s|     1 |     2 |  3168 |     - |    55M |   0 | 394 | 181 | 228 |  61 | 32 |   0 |  15 | 8.084120e+03 | 4.262307e+03 |  89.67%| unknown
* 0.9s|     2 |     1 |  3326 |1045.0 |strongbr|   1 | 394 | 181 | 214 |  61 |  1 |   0 |  15 | 8.084120e+03 | 4.505321e+03 |  79.43%| unknown
* 0.9s|     2 |     1 |  3326 |1045.0 |strongbr|   1 | 394 | 181 | 214 |  61 |  1 |   0 |  16 | 8.084120e+03 | 4.828239e+03 |  67.43%| unknown
* 0.9s|     2 |     1 |  3326 |1045.0 |strongbr|   1 | 394 | 181 | 214 |  61 |  1 |   0 |  18 | 8.084120e+03 | 4.954644e+03 |  63.16%| unknown
* 0.9s|     2 |     1 |  3326 |1045.0 |strongbr|   1 | 394 | 181 | 214 |  61 |  1 |   0 |  25 | 8.084120e+03 | 5.858270e+03 |  38.00%| unknown
* 0.9s|     4 |     3 |  3385 | 368.0 |strongbr|   3 | 394 | 181 | 214 |  61 |  1 |   0 |  43 | 8.084120e+03 | 5.921086e+03 |  36.53%| unknown
 time | node  | left  |LP iter|LP it/n|mem/heur|mdpt |vars |cons |rows |cuts |sepa|confs|strbr|  dualbound   | primalbound  |  gap   | compl. 
* 0.9s|     4 |     2 |  3385 | 368.0 |strongbr|   3 | 394 | 181 | 214 |  61 |  1 |   0 |  44 | 8.084120e+03 | 7.977992e+03 |   1.33%|   4.66%
* 1.4s|     7 |     2 |  3682 | 233.5 |strongbr|   3 | 394 | 187 | 214 |  61 |  1 |   6 | 157 | 8.080094e+03 | 8.024352e+03 |   0.69%|  23.64%
* 1.5s|     9 |     0 |  3822 | 192.6 |strongbr|   3 | 394 | 182 | 214 |  61 |  1 |  22 | 184 | 8.075260e+03 | 8.025711e+03 |   0.62%|  57.49%
* 1.5s|     9 |     0 |  3977 | 212.0 |strongbr|   3 | 394 | 114 | 214 |  61 |  5 |  34 | 199 | 8.033618e+03 | 8.026194e+03 |   0.09%|  57.49%

SCIP Status        : problem is solved [optimal solution found]
Solving Time (sec) : 1.53
Solving Nodes      : 9
Primal Bound       : +8.02619386407622e+03 (172 solutions)
Dual Bound         : +8.02619386407622e+03
Gap                : 0.00 %
