presolving:
(round 1, fast)       0 del vars, 2 del conss, 0 add conss, 0 chg bounds, 0 chg sides, 0 chg coeffs, 0 upgd conss, 0 impls, 187 clqs
   (0.0s) running MILP presolver
   (0.0s) MILP presolver (2 rounds): 0 aggregations, 25 fixings, 0 bound changes
(round 2, medium)     25 del vars, 2 del conss, 0 add conss, 0 chg bounds, 0 chg sides, 0 chg coeffs, 0 upgd conss, 0 impls, 187 clqs
(round 3, exhaustive) 25 del vars, 5 del conss, 0 add conss, 0 chg bounds, 3 chg sides, 0 chg coeffs, 0 upgd conss, 0 impls, 187 clqs
(round 4, exhaustive) 25 del vars, 5 del conss, 0 add conss, 0 chg bounds, 3 chg sides, 0 chg coeffs, 184 upgd conss, 0 impls, 187 clqs
(round 5, medium)     68 del vars, 5 del conss, 0 add conss, 0 chg bounds, 3 chg sides, 43 chg coeffs, 184 upgd conss, 0 impls, 187 clqs
(round 6, fast)       98 del vars, 7 del conss, 0 add conss, 0 chg bounds, 3 chg sides, 43 chg coeffs, 184 upgd conss, 0 impls, 184 clqs
   (0.0s) running MILP presolver
   (0.0s) MILP presolver found nothing
(round 7, exhaustive) 98 del vars, 14 del conss, 0 add conss, 0 chg bounds, 3 chg sides, 43 chg coeffs, 184 upgd conss, 0 impls, 184 clqs
   (0.0s) probing: 51/402 (12.7%) - 0 fixings, 0 aggregations, 0 implications, 0 bound changes
   (0.0s) probing aborted: 50/50 successive totally useless probings
   (0.0s) symmetry computation started: requiring (bin +, int +, cont +), (fixed: bin -, int -, cont -)
   (0.0s) no symmetry present (symcode time: 0.00)
presolving (8 rounds: 8 fast, 6 medium, 4 exhaustive):
 98 deleted vars, 14 deleted constraints, 0 added constraints, 0 tightened bounds, 0 added holes, 3 changed sides, 43 changed coefficients
 0 implications, 184 cliques
presolved problem has 402 variables (402 bin, 0 int, 0 impl, 0 cont) and 175 constraints
    175 constraints of type <setppc>
Presolving Time: 0.02

 time | node  | left  |LP iter|LP it/n|mem/heur|mdpt |vars |cons |rows |cuts |sepa|confs|strbr|  dualbound   | primalbound  |  gap   | compl. 
  0.1s|     1 |     0 |   935 |     - |  5049k |   0 | 402 | 175 | 175 |   0 |  0 |   0 |   0 | 7.042394e+03 |      --      |    Inf | unknown
  0.2s|     1 |     0 |   963 |     - |    19M |   0 | 402 | 175 | 177 |   2 |  1 |   0 |   0 | 7.030548e+03 |      --      |    Inf | unknown
  0.4s|     1 |     0 |  1046 |     - |    28M |   0 | 402 | 175 | 181 |   6 |  2 |   0 |   0 | 7.004255e+03 |      --      |    Inf | unknown
  0.5s|     1 |     0 |  1094 |     - |    38M |   0 | 402 | 175 | 184 |   9 |  3 |   0 |   0 | 6.993179e+03 |      --      |    Inf | unknown
  0.6s|     1 |     0 |  1155 |     - |    46M |   0 | 402 | 175 | 187 |  12 |  4 |   0 |   0 | 6.985930e+03 |      --      |    Inf | unknown
  0.7s|     1 |     0 |  1175 |     - |    54M |   0 | 402 | 175 | 189 |  14 |  5 |   0 |   0 | 6.984491e+03 |      --      |    Inf | unknown
  0.8s|     1 |     0 |  1231 |     - |    63M |   0 | 402 | 175 | 191 |  16 |  6 |   0 |   0 | 6.980386e+03 |      --      |    Inf | unknown
  0.9s|     1 |     0 |  1284 |     - |    70M |   0 | 402 | 175 | 193 |  18 |  7 |   0 |   0 | 6.975934e+03 |      --      |    Inf | unknown
  1.0s|     1 |     0 |  1311 |     - |    73M |   0 | 402 | 175 | 197 |  22 |  8 |   0 |   0 | 6.974470e+03 |      --      |    Inf | unknown
  1.1s|     1 |     0 |  1367 |     - |    80M |   0 | 402 | 175 | 199 |  24 |  9 |   0 |   0 | 6.970601e+03 |      --      |    Inf | unknown
  1.2s|     1 |     0 |  1406 |     - |    86M |   0 | 402 | 175 | 201 |  26 | 10 |   0 |   0 | 6.969007e+03 |      --      |    Inf | unknown
  1.2s|     1 |     0 |  1435 |     - |    86M |   0 | 402 | 175 | 205 |  30 | 11 |   0 |   0 | 6.968135e+03 |      --      |    Inf | unknown
  1.2s|     1 |     0 |  1480 |     - |    86M |   0 | 402 | 175 | 207 |  32 | 12 |   0 |   0 | 6.965684e+03 |      --      |    Inf | unknown
  1.3s|     1 |     0 |  1520 |     - |    86M |   0 | 402 | 175 | 210 |  35 | 13 |   0 |   0 | 6.964583e+03 |      --      |    Inf | unknown
  1.3s|     1 |     0 |  1552 |     - |    86M |   0 | 402 | 175 | 212 |  37 | 14 |   0 |   0 | 6.963560e+03 |      --      |    Inf | unknown
 time | node  | left  |LP iter|LP it/n|mem/heur|mdpt |vars |cons |rows |cuts |sepa|confs|strbr|  dualbound   | primalbound  |  gap   | compl. 
  1.3s|     1 |     0 |  1574 |     - |    86M |   0 | 402 | 175 | 214 |  39 | 15 |   0 |   0 | 6.963127e+03 |      --      |    Inf | unknown
  1.3s|     1 |     0 |  1594 |     - |    86M |   0 | 402 | 175 | 216 |  41 | 16 |   0 |   0 | 6.962812e+03 |      --      |    Inf | unknown
  1.4s|     1 |     0 |  1603 |     - |    86M |   0 | 402 | 175 | 216 |  42 | 17 |   0 |   0 | 6.962490e+03 |      --      |    Inf | unknown
  1.4s|     1 |     0 |  1625 |     - |    86M |   0 | 402 | 175 | 218 |  44 | 18 |   0 |   0 | 6.961324e+03 |      --      |    Inf | unknown
  1.4s|     1 |     0 |  1653 |     - |    86M |   0 | 402 | 175 | 219 |  45 | 19 |   0 |   0 | 6.960929e+03 |      --      |    Inf | unknown
  1.4s|     1 |     0 |  1684 |     - |    86M |   0 | 402 | 175 | 220 |  46 | 20 |   0 |   0 | 6.960316e+03 |      --      |    Inf | unknown
  1.5s|     1 |     0 |  1694 |     - |    86M |   0 | 402 | 175 | 222 |  48 | 21 |   0 |   0 | 6.960199e+03 |      --      |    Inf | unknown
  1.5s|     1 |     0 |  1717 |     - |    86M |   0 | 402 | 175 | 224 |  50 | 22 |   0 |   0 | 6.959895e+03 |      --      |    Inf | unknown
  1.5s|     1 |     0 |  1718 |     - |    86M |   0 | 402 | 175 | 221 |  51 | 23 |   0 |   0 | 6.959894e+03 |      --      |    Inf | unknown
  1.5s|     1 |     0 |  1738 |     - |    86M |   0 | 402 | 175 | 225 |  55 | 24 |   0 |   0 | 6.959564e+03 |      --      |    Inf | unknown
  1.6s|     1 |     0 |  1740 |     - |    86M |   0 | 402 | 175 | 226 |  56 | 25 |   0 |   0 | 6.959561e+03 |      --      |    Inf | unknown
  1.6s|     1 |     0 |  1772 |     - |    86M |   0 | 402 | 175 | 229 |  59 | 26 |   0 |   0 | 6.958863e+03 |      --      |    Inf | unknown
  1.7s|     1 |     0 |  1777 |     - |    86M |   0 | 402 | 175 | 230 |  60 | 27 |   0 |   0 | 6.958854e+03 |      --      |    Inf | unknown
  1.7s|     1 |     0 |  1804 |     - |    86M |   0 | 402 | 175 | 232 |  62 | 28 |   0 |   0 | 6.958051e+03 |      --      |    Inf | unknown
  1.7s|     1 |     0 |  1812 |     - |    86M |   0 | 402 | 175 | 230 |  63 | 29 |   0 |   0 | 6.957982e+03 |      --      |    Inf | unknown
 time | node  | left  |LP iter|LP it/n|mem/heur|mdpt |vars |cons |rows |cuts |sepa|confs|strbr|  dualbound   | primalbound  |  gap   | compl. 
  1.7s|     1 |     0 |  1855 |     - |    86M |   0 | 402 | 175 | 239 |  72 | 30 |   0 |   0 | 6.957009e+03 |      --      |    Inf | unknown
  1.8s|     1 |     0 |  1862 |     - |    86M |   0 | 402 | 175 | 242 |  75 | 31 |   0 |   0 | 6.956984e+03 |      --      |    Inf | unknown
  1.8s|     1 |     0 |  1891 |     - |    86M |   0 | 402 | 175 | 249 |  82 | 32 |   0 |   0 | 6.956509e+03 |      --      |    Inf | unknown
  1.8s|     1 |     0 |  1904 |     - |    86M |   0 | 402 | 175 | 252 |  85 | 33 |   0 |   0 | 6.956414e+03 |      --      |    Inf | unknown
  1.9s|     1 |     0 |  1914 |     - |    86M |   0 | 402 | 175 | 254 |  87 | 34 |   0 |   0 | 6.956397e+03 |      --      |    Inf | unknown
d 1.9s|     1 |     0 |  1914 |     - |coef2div|   0 | 402 | 175 | 254 |   0 | 35 |   0 |   0 | 6.956397e+03 | 2.848537e+03 | 144.21%| unknown
d 2.2s|     1 |     0 |  2388 |     - |coef2div|   0 | 402 | 175 | 254 |   0 | 35 |   0 |   0 | 6.956397e+03 | 3.363625e+03 | 106.81%| unknown
d 2.4s|     1 |     0 |  2527 |     - |coef2div|   0 | 402 | 175 | 254 |   0 | 35 |   0 |   0 | 6.956397e+03 | 3.785107e+03 |  83.78%| unknown
d 2.6s|     1 |     0 |  2548 |     - |coef2div|   0 | 402 | 175 | 254 |   0 | 35 |   0 |   0 | 6.956397e+03 | 6.006269e+03 |  15.82%| unknown
d 2.6s|     1 |     0 |  2549 |     - |coef2div|   0 | 402 | 175 | 254 |   0 | 35 |   0 |   0 | 6.956397e+03 | 6.219945e+03 |  11.84%| unknown
  2.6s|     1 |     0 |  2549 |     - |    86M |   0 | 402 | 175 | 254 |  87 | 35 |   0 |   0 | 6.956397e+03 | 6.219945e+03 |  11.84%| unknown
  3.7s|     1 |     2 |  2549 |     - |    87M |   0 | 402 | 175 | 254 |  87 | 36 |   0 |  38 | 6.930923e+03 | 6.219945e+03 |  11.43%| unknown
* 3.7s|     2 |     1 |  2672 | 758.0 |strongbr|   1 | 402 | 175 | 221 |  87 |  1 |   0 |  44 | 6.930923e+03 | 6.763865e+03 |   2.47%| unknown
* 6.5s|    11 |     0 |  4421 | 250.7 |strongbr|   4 | 402 | 190 | 221 |  87 |  1 |  69 | 354 | 6.830740e+03 | 6.790608e+03 |   0.59%|  93.89%

SCIP Status        : problem is solved [optimal solution found]
Solving Time (sec) : 6.57
Solving Nodes      : 11
Primal Bound       : +6.79060845236924e+03 (175 solutions)
Dual Bound         : +6.79060845236924e+03
Gap                : 0.00 %
