presolving:
   (0.0s) running MILP presolver
   (0.0s) MILP presolver (2 rounds): 0 aggregations, 14 fixings, 0 bound changes
(round 1, medium)     14 del vars, 0 del conss, 0 add conss, 0 chg bounds, 0 chg sides, 0 chg coeffs, 0 upgd conss, 0 impls, 189 clqs
(round 2, exhaustive) 14 del vars, 2 del conss, 0 add conss, 0 chg bounds, 2 chg sides, 0 chg coeffs, 0 upgd conss, 0 impls, 189 clqs
(round 3, exhaustive) 14 del vars, 2 del conss, 0 add conss, 0 chg bounds, 2 chg sides, 0 chg coeffs, 187 upgd conss, 0 impls, 189 clqs
(round 4, medium)     54 del vars, 2 del conss, 0 add conss, 0 chg bounds, 2 chg sides, 40 chg coeffs, 187 upgd conss, 0 impls, 189 clqs
(round 5, fast)       72 del vars, 4 del conss, 0 add conss, 0 chg bounds, 2 chg sides, 40 chg coeffs, 187 upgd conss, 0 impls, 187 clqs
(round 6, exhaustive) 72 del vars, 5 del conss, 0 add conss, 0 chg bounds, 2 chg sides, 40 chg coeffs, 187 upgd conss, 0 impls, 187 clqs
   (0.0s) probing: 51/428 (11.9%) - 0 fixings, 0 aggregations, 0 implications, 0 bound changes
   (0.0s) probing aborted: 50/50 successive totally useless probings
   (0.0s) symmetry computation started: requiring (bin +, int +, cont +), (fixed: bin -, int -, cont -)
   (0.0s) no symmetry present (symcode time: 0.00)
presolving (7 rounds: 7 fast, 6 medium, 4 exhaustive):
 72 deleted vars, 5 deleted constraints, 0 added constraints, 0 tightened bounds, 0 added holes, 2 changed sides, 40 changed coefficients
 0 implications, 187 cliques
presolved problem has 428 variables (428 bin, 0 int, 0 impl, 0 cont) and 184 constraints
    184 constraints of type <setppc>
Presolving Time: 0.02

 time | node  | left  |LP iter|LP it/n|mem/heur|mdpt |vars |cons |rows |cuts |sepa|confs|strbr|  dualbound   | primalbound  |  gap   | compl. 
  0.1s|     1 |     0 |  1494 |     - |  5559k |   0 | 428 | 184 | 184 |   0 |  0 |   0 |   0 | 7.514501e+03 |      --      |    Inf | unknown
  0.2s|     1 |     0 |  1539 |     - |    19M |   0 | 428 | 184 | 187 |   3 |  1 |   0 |   0 | 7.490715e+03 |      --      |    Inf | unknown
  0.3s|     1 |     0 |  1562 |     - |    27M |   0 | 428 | 184 | 189 |   5 |  2 |   0 |   0 | 7.484480e+03 |      --      |    Inf | unknown
  0.3s|     1 |     0 |  1584 |     - |    34M |   0 | 428 | 184 | 190 |   6 |  3 |   0 |   0 | 7.481450e+03 |      --      |    Inf | unknown
  0.4s|     1 |     0 |  1622 |     - |    41M |   0 | 428 | 184 | 193 |   9 |  4 |   0 |   0 | 7.477065e+03 |      --      |    Inf | unknown
  0.5s|     1 |     0 |  1649 |     - |    47M |   0 | 428 | 184 | 196 |  12 |  5 |   0 |   0 | 7.474794e+03 |      --      |    Inf | unknown
  0.6s|     1 |     0 |  1698 |     - |    53M |   0 | 428 | 184 | 197 |  13 |  6 |   0 |   0 | 7.471290e+03 |      --      |    Inf | unknown
  0.6s|     1 |     0 |  1740 |     - |    58M |   0 | 428 | 184 | 201 |  17 |  7 |   0 |   0 | 7.469879e+03 |      --      |    Inf | unknown
  0.7s|     1 |     0 |  1825 |     - |    67M |   0 | 428 | 184 | 204 |  20 |  8 |   0 |   0 | 7.468150e+03 |      --      |    Inf | unknown
  0.8s|     1 |     0 |  1885 |     - |    70M |   0 | 428 | 184 | 205 |  21 |  9 |   0 |   0 | 7.466230e+03 |      --      |    Inf | unknown
  0.9s|     1 |     0 |  1926 |     - |    80M |   0 | 428 | 184 | 206 |  22 | 10 |   0 |   0 | 7.463185e+03 |      --      |    Inf | unknown
  0.9s|     1 |     0 |  1968 |     - |    80M |   0 | 428 | 184 | 209 |  25 | 11 |   0 |   0 | 7.461994e+03 |      --      |    Inf | unknown
  0.9s|     1 |     0 |  1993 |     - |    80M |   0 | 428 | 184 | 212 |  28 | 12 |   0 |   0 | 7.461444e+03 |      --      |    Inf | unknown
  1.0s|     1 |     0 |  2010 |     - |    80M |   0 | 428 | 184 | 215 |  31 | 13 |   0 |   0 | 7.461172e+03 |      --      |    Inf | unknown
  1.0s|     1 |     0 |  2031 |     - |    80M |   0 | 428 | 184 | 219 |  35 | 14 |   0 |   0 | 7.460245e+03 |      --      |    Inf | unknown
 time | node  | left  |LP iter|LP it/n|mem/heur|mdpt |vars |cons |rows |cuts |sepa|confs|strbr|  dualbound   | primalbound  |  gap   | compl. 
  1.0s|     1 |     0 |  2046 |     - |    80M |   0 | 428 | 184 | 220 |  36 | 15 |   0 |   0 | 7.459947e+03 |      --      |    Inf | unknown
  1.1s|     1 |     0 |  2060 |     - |    81M |   0 | 428 | 184 | 222 |  38 | 16 |   0 |   0 | 7.459836e+03 |      --      |    Inf | unknown
  1.1s|     1 |     0 |  2080 |     - |    81M |   0 | 428 | 184 | 223 |  40 | 17 |   0 |   0 | 7.459531e+03 |      --      |    Inf | unknown
  1.1s|     1 |     0 |  2086 |     - |    81M |   0 | 428 | 184 | 224 |  41 | 18 |   0 |   0 | 7.459504e+03 |      --      |    Inf | unknown
  1.2s|     1 |     0 |  2088 |     - |    81M |   0 | 428 | 184 | 225 |  42 | 19 |   0 |   0 | 7.459498e+03 |      --      |    Inf | unknown
  1.2s|     1 |     0 |  2107 |     - |    81M |   0 | 428 | 184 | 228 |  45 | 20 |   0 |   0 | 7.459372e+03 |      --      |    Inf | unknown
  1.2s|     1 |     0 |  2109 |     - |    81M |   0 | 428 | 184 | 229 |  46 | 21 |   0 |   0 | 7.459372e+03 |      --      |    Inf | unknown
  1.3s|     1 |     0 |  2113 |     - |    81M |   0 | 428 | 184 | 230 |  47 | 22 |   0 |   0 | 7.459354e+03 |      --      |    Inf | unknown
  1.3s|     1 |     0 |  2126 |     - |    81M |   0 | 428 | 184 | 225 |  48 | 23 |   0 |   0 | 7.459201e+03 |      --      |    Inf | unknown
  1.4s|     1 |     0 |  2150 |     - |    81M |   0 | 428 | 184 | 227 |  50 | 24 |   0 |   0 | 7.458618e+03 |      --      |    Inf | unknown
  1.4s|     1 |     0 |  2175 |     - |    81M |   0 | 428 | 184 | 231 |  54 | 25 |   0 |   0 | 7.457735e+03 |      --      |    Inf | unknown
  1.4s|     1 |     0 |  2201 |     - |    81M |   0 | 428 | 184 | 236 |  59 | 26 |   0 |   0 | 7.457380e+03 |      --      |    Inf | unknown
  1.4s|     1 |     0 |  2204 |     - |    81M |   0 | 428 | 184 | 237 |  60 | 27 |   0 |   0 | 7.457368e+03 |      --      |    Inf | unknown
  1.5s|     1 |     0 |  2237 |     - |    81M |   0 | 428 | 184 | 242 |  65 | 28 |   0 |   0 | 7.456365e+03 |      --      |    Inf | unknown
  1.5s|     1 |     0 |  2241 |     - |    81M |   0 | 428 | 184 | 237 |  66 | 29 |   0 |   0 | 7.456345e+03 |      --      |    Inf | unknown
 time | node  | left  |LP iter|LP it/n|mem/heur|mdpt |vars |cons |rows |cuts |sepa|confs|strbr|  dualbound   | primalbound  |  gap   | compl. 
  1.5s|     1 |     0 |  2259 |     - |    81M |   0 | 428 | 184 | 242 |  71 | 30 |   0 |   0 | 7.456150e+03 |      --      |    Inf | unknown
  1.6s|     1 |     0 |  2285 |     - |    81M |   0 | 428 | 184 | 249 |  78 | 31 |   0 |   0 | 7.455820e+03 |      --      |    Inf | unknown
  1.6s|     1 |     0 |  2297 |     - |    81M |   0 | 428 | 184 | 251 |  80 | 32 |   0 |   0 | 7.455766e+03 |      --      |    Inf | unknown
  1.6s|     1 |     0 |  2302 |     - |    81M |   0 | 428 | 184 | 253 |  82 | 33 |   0 |   0 | 7.455758e+03 |      --      |    Inf | unknown
  1.7s|     1 |     0 |  2305 |     - |    81M |   0 | 428 | 184 | 254 |  83 | 34 |   0 |   0 | 7.455751e+03 |      --      |    Inf | unknown
d 1.7s|     1 |     0 |  2305 |     - |pscostdi|   0 | 428 | 184 | 254 |   0 | 35 |   0 |   0 | 7.455751e+03 | 2.729076e+03 | 173.20%| unknown
d 1.7s|     1 |     0 |  2563 |     - |pscostdi|   0 | 428 | 184 | 254 |   0 | 35 |   0 |   0 | 7.455751e+03 | 3.101207e+03 | 140.41%| unknown
d 1.7s|     1 |     0 |  2645 |     - |pscostdi|   0 | 428 | 184 | 254 |   0 | 35 |   0 |   0 | 7.455751e+03 | 3.577783e+03 | 108.39%| unknown
d 1.8s|     1 |     0 |  2715 |     - |pscostdi|   0 | 428 | 184 | 254 |   0 | 35 |   0 |   0 | 7.455751e+03 | 3.917744e+03 |  90.31%| unknown
d 1.8s|     1 |     0 |  2797 |     - |pscostdi|   0 | 428 | 184 | 254 |   0 | 35 |   0 |   0 | 7.455751e+03 | 4.962579e+03 |  50.24%| unknown
d 1.8s|     1 |     0 |  2828 |     - |pscostdi|   0 | 428 | 184 | 254 |   0 | 35 |   0 |   0 | 7.455751e+03 | 5.427019e+03 |  37.38%| unknown
d 1.8s|     1 |     0 |  2835 |     - |pscostdi|   0 | 428 | 184 | 254 |   0 | 35 |   0 |   0 | 7.455751e+03 | 5.831769e+03 |  27.85%| unknown
d 1.8s|     1 |     0 |  2840 |     - |pscostdi|   0 | 428 | 184 | 254 |   0 | 35 |   0 |   0 | 7.455751e+03 | 6.954793e+03 |   7.20%| unknown
  1.8s|     1 |     0 |  2840 |     - |    81M |   0 | 428 | 184 | 254 |  83 | 35 |   0 |   0 | 7.455751e+03 | 6.954793e+03 |   7.20%| unknown
  2.5s|     1 |     2 |  2840 |     - |    81M |   0 | 428 | 184 | 254 |  83 | 36 |   0 |  19 | 7.431556e+03 | 6.954793e+03 |   6.86%| unknown
 time | node  | left  |LP iter|LP it/n|mem/heur|mdpt |vars |cons |rows |cuts |sepa|confs|strbr|  dualbound   | primalbound  |  gap   | compl. 
* 2.8s|     3 |     2 |  3239 | 467.0 |strongbr|   2 | 428 | 184 | 224 |  83 |  1 |   0 |  48 | 7.431556e+03 | 7.200231e+03 |   3.21%| unknown

SCIP Status        : problem is solved [optimal solution found]
Solving Time (sec) : 7.33
Solving Nodes      : 23
Primal Bound       : +7.20023105782131e+03 (221 solutions)
Dual Bound         : +7.20023105782131e+03
Gap                : 0.00 %
