presolving:
   (0.0s) running MILP presolver
   (0.0s) MILP presolver (2 rounds): 0 aggregations, 14 fixings, 0 bound changes
(round 1, medium)     14 del vars, 0 del conss, 0 add conss, 0 chg bounds, 0 chg sides, 0 chg coeffs, 0 upgd conss, 0 impls, 189 clqs
(round 2, exhaustive) 14 del vars, 6 del conss, 0 add conss, 0 chg bounds, 6 chg sides, 0 chg coeffs, 0 upgd conss, 0 impls, 189 clqs
(round 3, exhaustive) 14 del vars, 6 del conss, 0 add conss, 0 chg bounds, 6 chg sides, 0 chg coeffs, 183 upgd conss, 0 impls, 189 clqs
(round 4, medium)     47 del vars, 6 del conss, 0 add conss, 0 chg bounds, 6 chg sides, 33 chg coeffs, 183 upgd conss, 0 impls, 189 clqs
(round 5, fast)       60 del vars, 7 del conss, 0 add conss, 0 chg bounds, 6 chg sides, 33 chg coeffs, 183 upgd conss, 0 impls, 188 clqs
(round 6, exhaustive) 60 del vars, 8 del conss, 0 add conss, 0 chg bounds, 6 chg sides, 33 chg coeffs, 183 upgd conss, 0 impls, 188 clqs
   (0.0s) probing: 51/440 (11.6%) - 0 fixings, 0 aggregations, 0 implications, 0 bound changes
   (0.0s) probing aborted: 50/50 successive totally useless probings
   (0.0s) symmetry computation started: requiring (bin +, int +, cont +), (fixed: bin -, int -, cont -)
   (0.0s) no symmetry present (symcode time: 0.00)
presolving (7 rounds: 7 fast, 6 medium, 4 exhaustive):
 60 deleted vars, 8 deleted constraints, 0 added constraints, 0 tightened bounds, 0 added holes, 6 changed sides, 33 changed coefficients
 0 implications, 188 cliques
presolved problem has 440 variables (440 bin, 0 int, 0 impl, 0 cont) and 181 constraints
    181 constraints of type <setppc>
Presolving Time: 0.01

 time | node  | left  |LP iter|LP it/n|mem/heur|mdpt |vars |cons |rows |cuts |sepa|confs|strbr|  dualbound   | primalbound  |  gap   | compl. 
  0.1s|     1 |     0 |  1472 |     - |  5527k |   0 | 440 | 181 | 181 |   0 |  0 |   0 |   0 | 7.356659e+03 |      --      |    Inf | unknown
  0.1s|     1 |     0 |  1542 |     - |    21M |   0 | 440 | 181 | 186 |   5 |  1 |   0 |   0 | 7.326861e+03 |      --      |    Inf | unknown
  0.2s|     1 |     0 |  1571 |     - |    33M |   0 | 440 | 181 | 190 |   9 |  2 |   0 |   0 | 7.318805e+03 |      --      |    Inf | unknown
  0.2s|     1 |     0 |  1608 |     - |    45M |   0 | 440 | 181 | 191 |  10 |  3 |   0 |   0 | 7.310009e+03 |      --      |    Inf | unknown
  0.3s|     1 |     0 |  1649 |     - |    52M |   0 | 440 | 181 | 193 |  12 |  4 |   0 |   0 | 7.305510e+03 |      --      |    Inf | unknown
  0.3s|     1 |     0 |  1691 |     - |    58M |   0 | 440 | 181 | 195 |  14 |  5 |   0 |   0 | 7.302051e+03 |      --      |    Inf | unknown
  0.4s|     1 |     0 |  1739 |     - |    67M |   0 | 440 | 181 | 197 |  16 |  6 |   0 |   0 | 7.298034e+03 |      --      |    Inf | unknown
  0.4s|     1 |     0 |  1778 |     - |    75M |   0 | 440 | 181 | 199 |  18 |  7 |   0 |   0 | 7.296040e+03 |      --      |    Inf | unknown
  0.5s|     1 |     0 |  1827 |     - |    79M |   0 | 440 | 181 | 200 |  19 |  8 |   0 |   0 | 7.294424e+03 |      --      |    Inf | unknown
  0.5s|     1 |     0 |  1867 |     - |    83M |   0 | 440 | 181 | 202 |  21 |  9 |   0 |   0 | 7.292795e+03 |      --      |    Inf | unknown
  0.6s|     1 |     0 |  1909 |     - |    92M |   0 | 440 | 181 | 204 |  23 | 10 |   0 |   0 | 7.290238e+03 |      --      |    Inf | unknown
  0.6s|     1 |     0 |  1929 |     - |    92M |   0 | 440 | 181 | 207 |  26 | 11 |   0 |   0 | 7.289468e+03 |      --      |    Inf | unknown
  0.6s|     1 |     0 |  1940 |     - |    92M |   0 | 440 | 181 | 208 |  27 | 12 |   0 |   0 | 7.289253e+03 |      --      |    Inf | unknown
  0.7s|     1 |     0 |  1957 |     - |    92M |   0 | 440 | 181 | 209 |  28 | 13 |   0 |   0 | 7.288730e+03 |      --      |    Inf | unknown
  0.7s|     1 |     0 |  1974 |     - |    92M |   0 | 440 | 181 | 210 |  29 | 14 |   0 |   0 | 7.288149e+03 |      --      |    Inf | unknown
 time | node  | left  |LP iter|LP it/n|mem/heur|mdpt |vars |cons |rows |cuts |sepa|confs|strbr|  dualbound   | primalbound  |  gap   | compl. 
  0.7s|     1 |     0 |  1987 |     - |    92M |   0 | 440 | 181 | 212 |  31 | 15 |   0 |   0 | 7.287851e+03 |      --      |    Inf | unknown
  0.7s|     1 |     0 |  1995 |     - |    92M |   0 | 440 | 181 | 213 |  32 | 16 |   0 |   0 | 7.287807e+03 |      --      |    Inf | unknown
  0.8s|     1 |     0 |  2005 |     - |    92M |   0 | 440 | 181 | 212 |  33 | 17 |   0 |   0 | 7.287714e+03 |      --      |    Inf | unknown
  0.8s|     1 |     0 |  2012 |     - |    92M |   0 | 440 | 181 | 213 |  34 | 18 |   0 |   0 | 7.287669e+03 |      --      |    Inf | unknown
  0.8s|     1 |     0 |  2029 |     - |    92M |   0 | 440 | 181 | 215 |  36 | 19 |   0 |   0 | 7.287610e+03 |      --      |    Inf | unknown
  0.8s|     1 |     0 |  2059 |     - |    92M |   0 | 440 | 181 | 217 |  38 | 20 |   0 |   0 | 7.287232e+03 |      --      |    Inf | unknown
  0.9s|     1 |     0 |  2079 |     - |    92M |   0 | 440 | 181 | 218 |  39 | 21 |   0 |   0 | 7.286944e+03 |      --      |    Inf | unknown
  0.9s|     1 |     0 |  2085 |     - |    92M |   0 | 440 | 181 | 219 |  40 | 22 |   0 |   0 | 7.286872e+03 |      --      |    Inf | unknown
  0.9s|     1 |     0 |  2092 |     - |    92M |   0 | 440 | 181 | 217 |  41 | 23 |   0 |   0 | 7.286715e+03 |      --      |    Inf | unknown
  0.9s|     1 |     0 |  2096 |     - |    92M |   0 | 440 | 181 | 218 |  42 | 24 |   0 |   0 | 7.286652e+03 |      --      |    Inf | unknown
d 0.9s|     1 |     0 |  2096 |     - |farkasdi|   0 | 440 | 181 | 218 |   0 | 24 |   0 |   0 | 7.286652e+03 | 2.096432e+03 | 247.57%| unknown
d 1.0s|     1 |     0 |  2541 |     - |farkasdi|   0 | 440 | 181 | 218 |   0 | 24 |   0 |   0 | 7.286652e+03 | 2.896969e+03 | 151.53%| unknown
d 1.0s|     1 |     0 |  2620 |     - |farkasdi|   0 | 440 | 181 | 218 |   0 | 24 |   0 |   0 | 7.286652e+03 | 3.337416e+03 | 118.33%| unknown
d 1.0s|     1 |     0 |  2682 |     - |farkasdi|   0 | 440 | 181 | 218 |   0 | 24 |   0 |   0 | 7.286652e+03 | 5.005559e+03 |  45.57%| unknown
d 1.0s|     1 |     0 |  2687 |     - |farkasdi|   0 | 440 | 181 | 218 |   0 | 24 |   0 |   0 | 7.286652e+03 | 5.622006e+03 |  29.61%| unknown
 time | node  | left  |LP iter|LP it/n|mem/heur|mdpt |vars |cons |rows |cuts |sepa|confs|strbr|  dualbound   | primalbound  |  gap   | compl. 
d 1.0s|     1 |     0 |  2714 |     - |farkasdi|   0 | 440 | 181 | 218 |   0 | 24 |   0 |   0 | 7.286652e+03 | 6.651404e+03 |   9.55%| unknown
  1.0s|     1 |     0 |  2714 |     - |    92M |   0 | 440 | 181 | 218 |  42 | 24 |   0 |   0 | 7.286652e+03 | 6.651404e+03 |   9.55%| unknown
  1.0s|     1 |     0 |  2716 |     - |    92M |   0 | 440 | 181 | 219 |  43 | 25 |   0 |   0 | 7.286651e+03 | 6.651404e+03 |   9.55%| unknown
  1.0s|     1 |     0 |  2720 |     - |    92M |   0 | 440 | 181 | 220 |  44 | 26 |   0 |   0 | 7.286618e+03 | 6.651404e+03 |   9.55%| unknown
  1.5s|     1 |     2 |  2720 |     - |    92M |   0 | 440 | 181 | 220 |  44 | 26 |   0 |  39 | 7.273687e+03 | 6.651404e+03 |   9.36%| unknown
* 1.9s|     4 |     3 |  3073 | 323.7 |strongbr|   3 | 440 | 181 | 207 |  44 |  1 |   0 | 113 | 7.243803e+03 | 6.860934e+03 |   5.58%| unknown
* 3.8s|    23 |     6 |  5284 | 144.6 |strongbr|   7 | 440 | 255 | 207 |  44 |  4 |  74 | 620 | 7.222169e+03 | 6.902559e+03 |   4.63%|  32.09%
* 4.5s|    42 |     5 |  6644 | 110.8 |strongbr|   9 | 440 | 313 | 207 |  44 |  8 | 132 | 859 | 7.208607e+03 | 6.930152e+03 |   4.02%|  48.17%
* 4.9s|    54 |     6 |  7481 | 101.5 |    LP  |   9 | 440 | 344 | 207 |  44 |  1 | 163 |1003 | 7.208607e+03 | 6.973639e+03 |   3.37%|  57.86%
  5.7s|   100 |     4 | 10168 |  81.5 |   108M |  12 | 440 | 411 | 217 |  56 |  0 | 230 |1216 | 7.187239e+03 | 6.973639e+03 |   3.06%|  73.94%
  7.9s|   200 |     2 | 16595 |  72.8 |   174M |  22 | 440 | 487 | 218 | 127 |  0 | 307 |1538 | 7.060350e+03 | 6.973639e+03 |   1.24%|  95.10%

SCIP Status        : problem is solved [optimal solution found]
Solving Time (sec) : 7.98
Solving Nodes      : 210
Primal Bound       : +6.97363866361704e+03 (271 solutions)
Dual Bound         : +6.97363866361704e+03
Gap                : 0.00 %
