presolving:
(round 1, fast)       0 del vars, 1 del conss, 0 add conss, 0 chg bounds, 0 chg sides, 0 chg coeffs, 0 upgd conss, 0 impls, 189 clqs
   (0.0s) running MILP presolver
   (0.0s) MILP presolver (2 rounds): 0 aggregations, 17 fixings, 0 bound changes
(round 2, medium)     17 del vars, 1 del conss, 0 add conss, 0 chg bounds, 0 chg sides, 0 chg coeffs, 0 upgd conss, 0 impls, 189 clqs
(round 3, exhaustive) 17 del vars, 7 del conss, 0 add conss, 0 chg bounds, 6 chg sides, 0 chg coeffs, 0 upgd conss, 0 impls, 189 clqs
(round 4, exhaustive) 17 del vars, 7 del conss, 0 add conss, 0 chg bounds, 6 chg sides, 0 chg coeffs, 183 upgd conss, 0 impls, 189 clqs
(round 5, medium)     54 del vars, 7 del conss, 0 add conss, 0 chg bounds, 6 chg sides, 37 chg coeffs, 183 upgd conss, 0 impls, 189 clqs
(round 6, fast)       73 del vars, 9 del conss, 0 add conss, 0 chg bounds, 6 chg sides, 37 chg coeffs, 183 upgd conss, 0 impls, 187 clqs
(round 7, exhaustive) 73 del vars, 13 del conss, 0 add conss, 0 chg bounds, 6 chg sides, 37 chg coeffs, 183 upgd conss, 0 impls, 187 clqs
   (0.0s) probing: 51/427 (11.9%) - 0 fixings, 0 aggregations, 0 implications, 0 bound changes
   (0.0s) probing aborted: 50/50 successive totally useless probings
   (0.0s) symmetry computation started: requiring (bin +, int +, cont +), (fixed: bin -, int -, cont -)
   (0.0s) no symmetry present (symcode time: 0.00)
presolving (8 rounds: 8 fast, 6 medium, 4 exhaustive):
 73 deleted vars, 13 deleted constraints, 0 added constraints, 0 tightened bounds, 0 added holes, 6 changed sides, 37 changed coefficients
 0 implications, 187 cliques
presolved problem has 427 variables (427 bin, 0 int, 0 impl, 0 cont) and 177 constraints
    177 constraints of type <setppc>
Presolving Time: 0.01

 time | node  | left  |LP iter|LP it/n|mem/heur|mdpt |vars |cons |rows |cuts |sepa|confs|strbr|  dualbound   | primalbound  |  gap   | compl. 
  0.0s|     1 |     0 |   999 |     - |  5430k |   0 | 427 | 177 | 177 |   0 |  0 |   0 |   0 | 7.318559e+03 |      --      |    Inf | unknown
  0.1s|     1 |     0 |  1044 |     - |    16M |   0 | 427 | 177 | 180 |   3 |  1 |   0 |   0 | 7.295269e+03 |      --      |    Inf | unknown
  0.1s|     1 |     0 |  1112 |     - |    29M |   0 | 427 | 177 | 183 |   6 |  2 |   0 |   0 | 7.259919e+03 |      --      |    Inf | unknown
  0.2s|     1 |     0 |  1143 |     - |    35M |   0 | 427 | 177 | 185 |   8 |  3 |   0 |   0 | 7.255087e+03 |      --      |    Inf | unknown
  0.2s|     1 |     0 |  1176 |     - |    40M |   0 | 427 | 177 | 187 |  10 |  4 |   0 |   0 | 7.249778e+03 |      --      |    Inf | unknown
  0.3s|     1 |     0 |  1212 |     - |    46M |   0 | 427 | 177 | 188 |  11 |  5 |   0 |   0 | 7.246511e+03 |      --      |    Inf | unknown
  0.3s|     1 |     0 |  1242 |     - |    52M |   0 | 427 | 177 | 189 |  12 |  6 |   0 |   0 | 7.244230e+03 |      --      |    Inf | unknown
  0.3s|     1 |     0 |  1297 |     - |    56M |   0 | 427 | 177 | 192 |  15 |  7 |   0 |   0 | 7.241448e+03 |      --      |    Inf | unknown
  0.4s|     1 |     0 |  1330 |     - |    63M |   0 | 427 | 177 | 194 |  17 |  8 |   0 |   0 | 7.238965e+03 |      --      |    Inf | unknown
  0.4s|     1 |     0 |  1360 |     - |    65M |   0 | 427 | 177 | 195 |  18 |  9 |   0 |   0 | 7.237178e+03 |      --      |    Inf | unknown
  0.5s|     1 |     0 |  1377 |     - |    76M |   0 | 427 | 177 | 196 |  19 | 10 |   0 |   0 | 7.236574e+03 |      --      |    Inf | unknown
  0.5s|     1 |     0 |  1387 |     - |    76M |   0 | 427 | 177 | 199 |  22 | 11 |   0 |   0 | 7.236467e+03 |      --      |    Inf | unknown
  0.5s|     1 |     0 |  1423 |     - |    76M |   0 | 427 | 177 | 202 |  25 | 12 |   0 |   0 | 7.235945e+03 |      --      |    Inf | unknown
  0.5s|     1 |     0 |  1457 |     - |    76M |   0 | 427 | 177 | 205 |  28 | 13 |   0 |   0 | 7.235111e+03 |      --      |    Inf | unknown
  0.6s|     1 |     0 |  1484 |     - |    76M |   0 | 427 | 177 | 206 |  29 | 14 |   0 |   0 | 7.233810e+03 |      --      |    Inf | unknown
 time | node  | left  |LP iter|LP it/n|mem/heur|mdpt |vars |cons |rows |cuts |sepa|confs|strbr|  dualbound   | primalbound  |  gap   | compl. 
  0.6s|     1 |     0 |  1496 |     - |    76M |   0 | 427 | 177 | 207 |  30 | 15 |   0 |   0 | 7.233157e+03 |      --      |    Inf | unknown
  0.6s|     1 |     0 |  1502 |     - |    76M |   0 | 427 | 177 | 208 |  31 | 16 |   0 |   0 | 7.232697e+03 |      --      |    Inf | unknown
  0.6s|     1 |     0 |  1522 |     - |    76M |   0 | 427 | 177 | 209 |  33 | 17 |   0 |   0 | 7.231244e+03 |      --      |    Inf | unknown
  0.6s|     1 |     0 |  1545 |     - |    76M |   0 | 427 | 177 | 210 |  34 | 18 |   0 |   0 | 7.230439e+03 |      --      |    Inf | unknown
  0.7s|     1 |     0 |  1553 |     - |    76M |   0 | 427 | 177 | 212 |  36 | 19 |   0 |   0 | 7.230200e+03 |      --      |    Inf | unknown
  0.7s|     1 |     0 |  1573 |     - |    76M |   0 | 427 | 177 | 213 |  37 | 20 |   0 |   0 | 7.229086e+03 |      --      |    Inf | unknown
  0.7s|     1 |     0 |  1587 |     - |    76M |   0 | 427 | 177 | 215 |  39 | 21 |   0 |   0 | 7.228668e+03 |      --      |    Inf | unknown
  0.7s|     1 |     0 |  1596 |     - |    76M |   0 | 427 | 177 | 218 |  42 | 22 |   0 |   0 | 7.228446e+03 |      --      |    Inf | unknown
  0.7s|     1 |     0 |  1603 |     - |    76M |   0 | 427 | 177 | 214 |  43 | 23 |   0 |   0 | 7.228394e+03 |      --      |    Inf | unknown
  0.7s|     1 |     0 |  1628 |     - |    76M |   0 | 427 | 177 | 218 |  47 | 24 |   0 |   0 | 7.227866e+03 |      --      |    Inf | unknown
  0.8s|     1 |     0 |  1638 |     - |    76M |   0 | 427 | 177 | 219 |  48 | 25 |   0 |   0 | 7.227807e+03 |      --      |    Inf | unknown
  0.8s|     1 |     0 |  1643 |     - |    76M |   0 | 427 | 177 | 220 |  49 | 26 |   0 |   0 | 7.227802e+03 |      --      |    Inf | unknown
  0.8s|     1 |     0 |  1666 |     - |    76M |   0 | 427 | 177 | 223 |  52 | 27 |   0 |   0 | 7.227552e+03 |      --      |    Inf | unknown
  0.8s|     1 |     0 |  1683 |     - |    76M |   0 | 427 | 177 | 230 |  59 | 28 |   0 |   0 | 7.226975e+03 |      --      |    Inf | unknown
  0.8s|     1 |     0 |  1684 |     - |    76M |   0 | 427 | 177 | 229 |  62 | 29 |   0 |   0 | 7.226975e+03 |      --      |    Inf | unknown
 time | node  | left  |LP iter|LP it/n|mem/heur|mdpt |vars |cons |rows |cuts |sepa|confs|strbr|  dualbound   | primalbound  |  gap   | compl. 
d 0.8s|     1 |     0 |  1684 |     - |farkasdi|   0 | 427 | 177 | 229 |   0 | 30 |   0 |   0 | 7.226975e+03 | 2.562124e+03 | 182.07%| unknown
d 0.8s|     1 |     0 |  1820 |     - |farkasdi|   0 | 427 | 177 | 229 |   0 | 30 |   0 |   0 | 7.226975e+03 | 3.198315e+03 | 125.96%| unknown
d 0.9s|     1 |     0 |  2020 |     - |farkasdi|   0 | 427 | 177 | 229 |   0 | 30 |   0 |   0 | 7.226975e+03 | 4.229681e+03 |  70.86%| unknown
d 0.9s|     1 |     0 |  2064 |     - |farkasdi|   0 | 427 | 177 | 229 |   0 | 30 |   0 |   0 | 7.226975e+03 | 5.542860e+03 |  30.38%| unknown
d 0.9s|     1 |     0 |  2071 |     - |farkasdi|   0 | 427 | 177 | 229 |   0 | 30 |   0 |   0 | 7.226975e+03 | 6.464019e+03 |  11.80%| unknown
  0.9s|     1 |     0 |  2071 |     - |    76M |   0 | 427 | 177 | 229 |  62 | 30 |   0 |   0 | 7.226975e+03 | 6.464019e+03 |  11.80%| unknown
  1.1s|     1 |     2 |  2071 |     - |    76M |   0 | 427 | 177 | 229 |  62 | 31 |   0 |  20 | 7.206160e+03 | 6.464019e+03 |  11.48%| unknown
* 1.1s|     3 |     2 |  2281 | 298.5 |strongbr|   2 | 427 | 177 | 209 |  62 |  1 |   0 |  47 | 7.206160e+03 | 6.720755e+03 |   7.22%| unknown
* 1.2s|     4 |     3 |  2346 | 220.7 |strongbr|   3 | 427 | 177 | 209 |  62 |  1 |   0 |  67 | 7.206160e+03 | 6.830978e+03 |   5.49%| unknown
* 1.2s|     4 |     3 |  2350 | 222.0 |    LP  |   3 | 427 | 177 | 209 |  62 |  3 |   0 |  69 | 7.206160e+03 | 6.831006e+03 |   5.49%| unknown
* 1.2s|     5 |     2 |  2379 | 173.8 |    LP  |   3 | 427 | 179 | 209 |  62 |  3 |   2 |  90 | 7.206160e+03 | 6.900686e+03 |   4.43%|   5.10%
* 1.8s|    14 |     3 |  3277 | 122.5 |strongbr|   6 | 427 | 203 | 209 |  62 |  1 |  26 | 291 | 7.181634e+03 | 6.932408e+03 |   3.60%|  24.90%
* 2.1s|    26 |     3 |  3749 |  82.6 |strongbr|   8 | 427 | 221 | 209 |  62 |  2 |  44 | 438 | 7.181634e+03 | 6.965380e+03 |   3.10%|  41.56%
* 2.1s|    26 |     3 |  3760 |  83.0 |strongbr|   8 | 427 | 221 | 209 |  62 |  3 |  44 | 447 | 7.181634e+03 | 6.970460e+03 |   3.03%|  41.56%
* 2.9s|    45 |     4 |  5407 |  84.6 |    LP  |   9 | 427 | 295 | 209 |  62 |  1 | 118 | 754 | 7.155010e+03 | 6.976913e+03 |   2.55%|  48.53%
 time | node  | left  |LP iter|LP it/n|mem/heur|mdpt |vars |cons |rows |cuts |sepa|confs|strbr|  dualbound   | primalbound  |  gap   | compl. 
* 2.9s|    47 |     2 |  5484 |  82.6 |strongbr|   9 | 427 | 295 | 209 |  62 |  1 | 120 | 766 | 7.155010e+03 | 7.080323e+03 |   1.05%|  49.53%
* 2.9s|    47 |     2 |  5504 |  83.0 |    LP  |   9 | 427 | 297 | 209 |  62 |  3 | 122 | 771 | 7.155010e+03 | 7.089665e+03 |   0.92%|  49.53%

SCIP Status        : problem is solved [optimal solution found]
Solving Time (sec) : 2.96
Solving Nodes      : 51
Primal Bound       : +7.08966472472930e+03 (274 solutions)
Dual Bound         : +7.08966472472930e+03
Gap                : 0.00 %
