presolving:
(round 1, fast)       1 del vars, 1 del conss, 0 add conss, 0 chg bounds, 0 chg sides, 0 chg coeffs, 0 upgd conss, 0 impls, 190 clqs
   (0.0s) running MILP presolver
   (0.0s) MILP presolver (2 rounds): 0 aggregations, 14 fixings, 0 bound changes
(round 2, medium)     15 del vars, 1 del conss, 0 add conss, 0 chg bounds, 0 chg sides, 0 chg coeffs, 0 upgd conss, 0 impls, 190 clqs
(round 3, exhaustive) 15 del vars, 4 del conss, 0 add conss, 0 chg bounds, 3 chg sides, 0 chg coeffs, 0 upgd conss, 0 impls, 190 clqs
(round 4, exhaustive) 15 del vars, 4 del conss, 0 add conss, 0 chg bounds, 3 chg sides, 0 chg coeffs, 187 upgd conss, 0 impls, 190 clqs
(round 5, medium)     55 del vars, 4 del conss, 0 add conss, 0 chg bounds, 3 chg sides, 40 chg coeffs, 187 upgd conss, 0 impls, 190 clqs
(round 6, fast)       73 del vars, 7 del conss, 0 add conss, 0 chg bounds, 3 chg sides, 40 chg coeffs, 187 upgd conss, 0 impls, 187 clqs
(round 7, exhaustive) 73 del vars, 9 del conss, 0 add conss, 0 chg bounds, 3 chg sides, 40 chg coeffs, 187 upgd conss, 0 impls, 187 clqs
   (0.0s) probing: 51/427 (11.9%) - 0 fixings, 0 aggregations, 0 implications, 0 bound changes
   (0.0s) probing aborted: 50/50 successive totally useless probings
   (0.0s) symmetry computation started: requiring (bin +, int +, cont +), (fixed: bin -, int -, cont -)
   (0.0s) no symmetry present (symcode time: 0.00)
presolving (8 rounds: 8 fast, 6 medium, 4 exhaustive):
 73 deleted vars, 9 deleted constraints, 0 added constraints, 0 tightened bounds, 0 added holes, 3 changed sides, 40 changed coefficients
 0 implications, 187 cliques
presolved problem has 427 variables (427 bin, 0 int, 0 impl, 0 cont) and 182 constraints
    182 constraints of type <setppc>
Presolving Time: 0.01

 time | node  | left  |LP iter|LP it/n|mem/heur|mdpt |vars |cons |rows |cuts |sepa|confs|strbr|  dualbound   | primalbound  |  gap   | compl. 
  0.0s|     1 |     0 |  1357 |     - |  5229k |   0 | 427 | 182 | 182 |   0 |  0 |   0 |   0 | 7.928539e+03 |      --      |    Inf | unknown
  0.1s|     1 |     0 |  1391 |     - |    10M |   0 | 427 | 182 | 184 |   2 |  1 |   0 |   0 | 7.911763e+03 |      --      |    Inf | unknown
  0.1s|     1 |     0 |  1415 |     - |    15M |   0 | 427 | 182 | 187 |   5 |  2 |   0 |   0 | 7.901249e+03 |      --      |    Inf | unknown
  0.2s|     1 |     0 |  1441 |     - |    21M |   0 | 427 | 182 | 189 |   7 |  3 |   0 |   0 | 7.893882e+03 |      --      |    Inf | unknown
  0.2s|     1 |     0 |  1475 |     - |    23M |   0 | 427 | 182 | 191 |   9 |  4 |   0 |   0 | 7.888862e+03 |      --      |    Inf | unknown
  0.3s|     1 |     0 |  1495 |     - |    27M |   0 | 427 | 182 | 193 |  11 |  5 |   0 |   0 | 7.882143e+03 |      --      |    Inf | unknown
  0.3s|     1 |     0 |  1513 |     - |    29M |   0 | 427 | 182 | 194 |  12 |  6 |   0 |   0 | 7.880829e+03 |      --      |    Inf | unknown
  0.3s|     1 |     0 |  1534 |     - |    32M |   0 | 427 | 182 | 196 |  14 |  7 |   0 |   0 | 7.879927e+03 |      --      |    Inf | unknown
  0.4s|     1 |     0 |  1559 |     - |    36M |   0 | 427 | 182 | 199 |  17 |  8 |   0 |   0 | 7.878220e+03 |      --      |    Inf | unknown
  0.4s|     1 |     0 |  1583 |     - |    39M |   0 | 427 | 182 | 200 |  18 |  9 |   0 |   0 | 7.876836e+03 |      --      |    Inf | unknown
  0.4s|     1 |     0 |  1606 |     - |    44M |   0 | 427 | 182 | 201 |  19 | 10 |   0 |   0 | 7.874580e+03 |      --      |    Inf | unknown
  0.4s|     1 |     0 |  1613 |     - |    44M |   0 | 427 | 182 | 203 |  21 | 11 |   0 |   0 | 7.874256e+03 |      --      |    Inf | unknown
  0.5s|     1 |     0 |  1618 |     - |    44M |   0 | 427 | 182 | 204 |  22 | 12 |   0 |   0 | 7.874179e+03 |      --      |    Inf | unknown
  0.5s|     1 |     0 |  1636 |     - |    44M |   0 | 427 | 182 | 206 |  24 | 13 |   0 |   0 | 7.872662e+03 |      --      |    Inf | unknown
  0.5s|     1 |     0 |  1649 |     - |    44M |   0 | 427 | 182 | 208 |  26 | 14 |   0 |   0 | 7.872375e+03 |      --      |    Inf | unknown
 time | node  | left  |LP iter|LP it/n|mem/heur|mdpt |vars |cons |rows |cuts |sepa|confs|strbr|  dualbound   | primalbound  |  gap   | compl. 
  0.5s|     1 |     0 |  1653 |     - |    44M |   0 | 427 | 182 | 209 |  27 | 15 |   0 |   0 | 7.872149e+03 |      --      |    Inf | unknown
  0.5s|     1 |     0 |  1664 |     - |    44M |   0 | 427 | 182 | 210 |  28 | 16 |   0 |   0 | 7.871852e+03 |      --      |    Inf | unknown
  0.5s|     1 |     0 |  1677 |     - |    44M |   0 | 427 | 182 | 213 |  32 | 17 |   0 |   0 | 7.871351e+03 |      --      |    Inf | unknown
  0.5s|     1 |     0 |  1684 |     - |    44M |   0 | 427 | 182 | 215 |  34 | 18 |   0 |   0 | 7.870993e+03 |      --      |    Inf | unknown
  0.5s|     1 |     0 |  1696 |     - |    44M |   0 | 427 | 182 | 217 |  36 | 19 |   0 |   0 | 7.870451e+03 |      --      |    Inf | unknown
  0.6s|     1 |     0 |  1711 |     - |    44M |   0 | 427 | 182 | 219 |  38 | 20 |   0 |   0 | 7.870018e+03 |      --      |    Inf | unknown
  0.6s|     1 |     0 |  1713 |     - |    44M |   0 | 427 | 182 | 220 |  39 | 21 |   0 |   0 | 7.870009e+03 |      --      |    Inf | unknown
  0.6s|     1 |     0 |  1728 |     - |    44M |   0 | 427 | 182 | 226 |  45 | 22 |   0 |   0 | 7.869463e+03 |      --      |    Inf | unknown
  0.6s|     1 |     0 |  1733 |     - |    44M |   0 | 427 | 182 | 222 |  47 | 23 |   0 |   0 | 7.869276e+03 |      --      |    Inf | unknown
  0.6s|     1 |     0 |  1748 |     - |    44M |   0 | 427 | 182 | 225 |  50 | 24 |   0 |   0 | 7.868612e+03 |      --      |    Inf | unknown
  0.6s|     1 |     0 |  1752 |     - |    44M |   0 | 427 | 182 | 226 |  51 | 25 |   0 |   0 | 7.868578e+03 |      --      |    Inf | unknown
  0.6s|     1 |     0 |  1757 |     - |    44M |   0 | 427 | 182 | 228 |  53 | 26 |   0 |   0 | 7.868477e+03 |      --      |    Inf | unknown
  0.6s|     1 |     0 |  1768 |     - |    44M |   0 | 427 | 182 | 233 |  58 | 27 |   0 |   0 | 7.868167e+03 |      --      |    Inf | unknown
  0.7s|     1 |     0 |  1779 |     - |    44M |   0 | 427 | 182 | 235 |  60 | 28 |   0 |   0 | 7.867991e+03 |      --      |    Inf | unknown
d 0.7s|     1 |     0 |  1779 |     - |farkasdi|   0 | 427 | 182 | 235 |   0 | 29 |   0 |   0 | 7.867991e+03 | 3.173802e+03 | 147.90%| unknown
 time | node  | left  |LP iter|LP it/n|mem/heur|mdpt |vars |cons |rows |cuts |sepa|confs|strbr|  dualbound   | primalbound  |  gap   | compl. 
d 0.7s|     1 |     0 |  1840 |     - |farkasdi|   0 | 427 | 182 | 235 |   0 | 29 |   0 |   0 | 7.867991e+03 | 4.202908e+03 |  87.20%| unknown
d 0.7s|     1 |     0 |  1912 |     - |farkasdi|   0 | 427 | 182 | 235 |   0 | 29 |   0 |   0 | 7.867991e+03 | 4.798555e+03 |  63.97%| unknown
d 0.7s|     1 |     0 |  1927 |     - |farkasdi|   0 | 427 | 182 | 235 |   0 | 29 |   0 |   0 | 7.867991e+03 | 7.808603e+03 |   0.76%| unknown
  0.7s|     1 |     0 |  1927 |     - |    44M |   0 | 427 | 182 | 235 |  60 | 29 |   0 |   0 | 7.867991e+03 | 7.808603e+03 |   0.76%| unknown
  0.7s|     1 |     0 |  1927 |     - |    44M |   0 | 427 | 182 | 208 |  60 | 29 |   0 |   0 | 7.867991e+03 | 7.808603e+03 |   0.76%| unknown
(run 1, node 1) restarting after 217 global fixings of integer variables

(restart) converted 53 cuts from the global cut pool into linear constraints

presolving:
(round 1, fast)       217 del vars, 0 del conss, 0 add conss, 0 chg bounds, 0 chg sides, 0 chg coeffs, 0 upgd conss, 0 impls, 190 clqs
   (0.7s) running MILP presolver
   (0.7s) MILP presolver found nothing
(round 2, exhaustive) 217 del vars, 21 del conss, 0 add conss, 0 chg bounds, 0 chg sides, 0 chg coeffs, 0 upgd conss, 0 impls, 190 clqs
(round 3, exhaustive) 217 del vars, 22 del conss, 0 add conss, 0 chg bounds, 1 chg sides, 0 chg coeffs, 0 upgd conss, 0 impls, 190 clqs
(round 4, exhaustive) 217 del vars, 22 del conss, 0 add conss, 0 chg bounds, 1 chg sides, 0 chg coeffs, 42 upgd conss, 0 impls, 190 clqs
(round 5, exhaustive) 217 del vars, 22 del conss, 0 add conss, 0 chg bounds, 1 chg sides, 8 chg coeffs, 42 upgd conss, 0 impls, 190 clqs
(round 6, exhaustive) 217 del vars, 22 del conss, 0 add conss, 0 chg bounds, 1 chg sides, 11 chg coeffs, 42 upgd conss, 0 impls, 190 clqs
(round 7, exhaustive) 217 del vars, 23 del conss, 0 add conss, 0 chg bounds, 1 chg sides, 11 chg coeffs, 42 upgd conss, 0 impls, 190 clqs
presolving (8 rounds: 8 fast, 7 medium, 7 exhaustive):
 217 deleted vars, 23 deleted constraints, 0 added constraints, 0 tightened bounds, 0 added holes, 1 changed sides, 11 changed coefficients
 0 implications, 190 cliques
presolved problem has 210 variables (210 bin, 0 int, 0 impl, 0 cont) and 185 constraints
     10 constraints of type <knapsack>
    165 constraints of type <setppc>
     10 constraints of type <linear>
Presolving Time: 0.02
transformed 4/4 original solutions to the transformed problem space

 time | node  | left  |LP iter|LP it/n|mem/heur|mdpt |vars |cons |rows |cuts |sepa|confs|strbr|  dualbound   | primalbound  |  gap   | compl. 
  0.7s|     1 |     0 |  2860 |     - |    44M |   0 | 210 | 185 | 185 |   0 |  0 |   0 |   0 | 7.867991e+03 | 7.808603e+03 |   0.76%| unknown
  0.8s|     1 |     0 |  2938 |     - |    44M |   0 | 210 | 185 | 186 |   1 |  1 |   0 |   0 | 7.863382e+03 | 7.808603e+03 |   0.70%| unknown
  0.8s|     1 |     0 |  2938 |     - |    44M |   0 | 210 | 185 | 185 |   1 |  1 |   0 |   0 | 7.863382e+03 | 7.808603e+03 |   0.70%| unknown
  0.8s|     1 |     0 |  2965 |     - |    45M |   0 | 210 | 184 | 187 |   3 |  2 |   0 |   0 | 7.861534e+03 | 7.808603e+03 |   0.68%| unknown
  0.8s|     1 |     0 |  2965 |     - |    45M |   0 | 210 | 184 | 186 |   3 |  2 |   0 |   0 | 7.861534e+03 | 7.808603e+03 |   0.68%| unknown
  0.8s|     1 |     0 |  2981 |     - |    45M |   0 | 210 | 183 | 189 |   6 |  3 |   0 |   0 | 7.860539e+03 | 7.808603e+03 |   0.67%| unknown
  0.8s|     1 |     0 |  2981 |     - |    45M |   0 | 210 | 183 | 188 |   6 |  3 |   0 |   0 | 7.860539e+03 | 7.808603e+03 |   0.67%| unknown
  0.8s|     1 |     0 |  2995 |     - |    45M |   0 | 210 | 182 | 189 |   7 |  4 |   0 |   0 | 7.859560e+03 | 7.808603e+03 |   0.65%| unknown
  0.8s|     1 |     0 |  2995 |     - |    45M |   0 | 210 | 182 | 188 |   7 |  4 |   0 |   0 | 7.859560e+03 | 7.808603e+03 |   0.65%| unknown
  0.9s|     1 |     0 |  3057 |     - |    45M |   0 | 210 | 181 | 190 |   9 |  5 |   0 |   0 | 7.857035e+03 | 7.808603e+03 |   0.62%| unknown
  0.9s|     1 |     0 |  3057 |     - |    45M |   0 | 210 | 181 | 190 |   9 |  5 |   0 |   0 | 7.857035e+03 | 7.808603e+03 |   0.62%| unknown
  0.9s|     1 |     0 |  3085 |     - |    47M |   0 | 210 | 181 | 191 |  10 |  6 |   0 |   0 | 7.855560e+03 | 7.808603e+03 |   0.60%| unknown
  0.9s|     1 |     0 |  3110 |     - |    47M |   0 | 210 | 181 | 193 |  12 |  7 |   0 |   0 | 7.855163e+03 | 7.808603e+03 |   0.60%| unknown
  0.9s|     1 |     0 |  3149 |     - |    47M |   0 | 210 | 181 | 194 |  13 |  8 |   0 |   0 | 7.854415e+03 | 7.808603e+03 |   0.59%| unknown
  0.9s|     1 |     0 |  3149 |     - |    47M |   0 | 210 | 181 | 194 |  13 |  8 |   0 |   0 | 7.854415e+03 | 7.808603e+03 |   0.59%| unknown
 time | node  | left  |LP iter|LP it/n|mem/heur|mdpt |vars |cons |rows |cuts |sepa|confs|strbr|  dualbound   | primalbound  |  gap   | compl. 
  1.0s|     1 |     0 |  3195 |     - |    48M |   0 | 210 | 181 | 196 |  15 |  9 |   0 |   0 | 7.853565e+03 | 7.808603e+03 |   0.58%| unknown
  1.0s|     1 |     0 |  3195 |     - |    48M |   0 | 210 | 181 | 196 |  15 |  9 |   0 |   0 | 7.853565e+03 | 7.808603e+03 |   0.58%| unknown
  1.0s|     1 |     0 |  3255 |     - |    53M |   0 | 210 | 181 | 197 |  16 | 10 |   0 |   0 | 7.852270e+03 | 7.808603e+03 |   0.56%| unknown
  1.0s|     1 |     0 |  3255 |     - |    53M |   0 | 210 | 181 | 197 |  16 | 10 |   0 |   0 | 7.852270e+03 | 7.808603e+03 |   0.56%| unknown
  1.0s|     1 |     0 |  3272 |     - |    53M |   0 | 210 | 181 | 198 |  17 | 11 |   0 |   0 | 7.851911e+03 | 7.808603e+03 |   0.55%| unknown
  1.0s|     1 |     0 |  3272 |     - |    53M |   0 | 210 | 181 | 198 |  17 | 11 |   0 |   0 | 7.851911e+03 | 7.808603e+03 |   0.55%| unknown
  1.0s|     1 |     0 |  3294 |     - |    53M |   0 | 210 | 181 | 200 |  19 | 12 |   0 |   0 | 7.851622e+03 | 7.808603e+03 |   0.55%| unknown
  1.0s|     1 |     0 |  3316 |     - |    53M |   0 | 210 | 181 | 201 |  20 | 13 |   0 |   0 | 7.851391e+03 | 7.808603e+03 |   0.55%| unknown
  1.0s|     1 |     0 |  3339 |     - |    53M |   0 | 210 | 181 | 202 |  21 | 14 |   0 |   0 | 7.851062e+03 | 7.808603e+03 |   0.54%| unknown
  1.0s|     1 |     0 |  3339 |     - |    53M |   0 | 210 | 181 | 202 |  21 | 14 |   0 |   0 | 7.851062e+03 | 7.808603e+03 |   0.54%| unknown
  1.0s|     1 |     0 |  3362 |     - |    53M |   0 | 210 | 181 | 185 |  22 | 15 |   0 |   0 | 7.850919e+03 | 7.808603e+03 |   0.54%| unknown
  1.1s|     1 |     0 |  3393 |     - |    53M |   0 | 210 | 181 | 186 |  23 | 16 |   0 |   0 | 7.850712e+03 | 7.808603e+03 |   0.54%| unknown
  1.1s|     1 |     0 |  3405 |     - |    53M |   0 | 210 | 181 | 187 |  24 | 17 |   0 |   0 | 7.850658e+03 | 7.808603e+03 |   0.54%| unknown
  1.1s|     1 |     0 |  3430 |     - |    53M |   0 | 210 | 181 | 188 |  25 | 18 |   0 |   0 | 7.850505e+03 | 7.808603e+03 |   0.54%| unknown
  1.1s|     1 |     0 |  3455 |     - |    53M |   0 | 210 | 181 | 190 |  27 | 19 |   0 |   0 | 7.850369e+03 | 7.808603e+03 |   0.53%| unknown
 time | node  | left  |LP iter|LP it/n|mem/heur|mdpt |vars |cons |rows |cuts |sepa|confs|strbr|  dualbound   | primalbound  |  gap   | compl. 
  1.1s|     1 |     0 |  3475 |     - |    53M |   0 | 210 | 181 | 192 |  29 | 20 |   0 |   0 | 7.850270e+03 | 7.808603e+03 |   0.53%| unknown
d 1.1s|     1 |     0 |  3660 |     - |farkasdi|   0 | 210 | 184 | 192 |   0 | 20 |   3 |   0 | 7.850270e+03 | 7.824739e+03 |   0.33%| unknown
  1.1s|     1 |     0 |  3660 |     - |    53M |   0 | 210 | 184 | 192 |  29 | 20 |   3 |   0 | 7.850270e+03 | 7.824739e+03 |   0.33%| unknown
  1.1s|     1 |     0 |  3660 |     - |    53M |   0 | 210 | 184 | 185 |  29 | 20 |   3 |   0 | 7.850270e+03 | 7.824739e+03 |   0.33%| unknown
  1.1s|     1 |     0 |  3679 |     - |    53M |   0 | 210 | 177 | 187 |  31 | 21 |   3 |   0 | 7.850141e+03 | 7.824739e+03 |   0.32%| unknown
  1.1s|     1 |     0 |  3703 |     - |    53M |   0 | 210 | 177 | 188 |  32 | 22 |   3 |   0 | 7.850014e+03 | 7.824739e+03 |   0.32%| unknown
  1.1s|     1 |     0 |  3703 |     - |    53M |   0 | 210 | 177 | 188 |  32 | 22 |   3 |   0 | 7.850014e+03 | 7.824739e+03 |   0.32%| unknown
(run 2, node 1) restarting after 54 global fixings of integer variables

(restart) converted 32 cuts from the global cut pool into linear constraints

presolving:
(round 1, fast)       54 del vars, 0 del conss, 0 add conss, 0 chg bounds, 0 chg sides, 4 chg coeffs, 0 upgd conss, 0 impls, 175 clqs
   (1.1s) running MILP presolver
   (1.1s) MILP presolver found nothing
(round 2, exhaustive) 54 del vars, 0 del conss, 0 add conss, 0 chg bounds, 0 chg sides, 9 chg coeffs, 0 upgd conss, 0 impls, 175 clqs
(round 3, exhaustive) 54 del vars, 0 del conss, 0 add conss, 0 chg bounds, 0 chg sides, 11 chg coeffs, 0 upgd conss, 0 impls, 175 clqs
(round 4, exhaustive) 54 del vars, 12 del conss, 0 add conss, 0 chg bounds, 0 chg sides, 11 chg coeffs, 0 upgd conss, 0 impls, 175 clqs
(round 5, exhaustive) 54 del vars, 12 del conss, 0 add conss, 0 chg bounds, 0 chg sides, 11 chg coeffs, 24 upgd conss, 0 impls, 175 clqs
(round 6, exhaustive) 54 del vars, 12 del conss, 0 add conss, 0 chg bounds, 0 chg sides, 15 chg coeffs, 24 upgd conss, 0 impls, 175 clqs
(round 7, exhaustive) 54 del vars, 12 del conss, 0 add conss, 0 chg bounds, 0 chg sides, 16 chg coeffs, 24 upgd conss, 0 impls, 175 clqs
(round 8, exhaustive) 54 del vars, 12 del conss, 0 add conss, 0 chg bounds, 0 chg sides, 17 chg coeffs, 24 upgd conss, 0 impls, 177 clqs
(round 9, exhaustive) 54 del vars, 13 del conss, 0 add conss, 0 chg bounds, 0 chg sides, 17 chg coeffs, 24 upgd conss, 0 impls, 178 clqs
(round 10, exhaustive) 54 del vars, 13 del conss, 0 add conss, 0 chg bounds, 0 chg sides, 18 chg coeffs, 24 upgd conss, 0 impls, 178 clqs
presolving (11 rounds: 11 fast, 10 medium, 10 exhaustive):
 54 deleted vars, 13 deleted constraints, 0 added constraints, 0 tightened bounds, 0 added holes, 0 changed sides, 18 changed coefficients
 0 implications, 178 cliques
presolved problem has 156 variables (156 bin, 0 int, 0 impl, 0 cont) and 196 constraints
     26 constraints of type <knapsack>
    149 constraints of type <setppc>
     18 constraints of type <linear>
      3 constraints of type <logicor>
Presolving Time: 0.03
transformed 9/9 original solutions to the transformed problem space

 time | node  | left  |LP iter|LP it/n|mem/heur|mdpt |vars |cons |rows |cuts |sepa|confs|strbr|  dualbound   | primalbound  |  gap   | compl. 
  1.1s|     1 |     0 |  4291 |     - |    51M |   0 | 156 | 196 | 193 |   0 |  0 |   3 |   0 | 7.850014e+03 | 7.824739e+03 |   0.32%| unknown
  1.2s|     1 |     0 |  4312 |     - |    51M |   0 | 156 | 196 | 194 |   1 |  1 |   3 |   0 | 7.849848e+03 | 7.824739e+03 |   0.32%| unknown
  1.2s|     1 |     0 |  4340 |     - |    52M |   0 | 156 | 196 | 195 |   2 |  2 |   3 |   0 | 7.849608e+03 | 7.824739e+03 |   0.32%| unknown
  1.2s|     1 |     0 |  4340 |     - |    52M |   0 | 156 | 196 | 195 |   2 |  2 |   3 |   0 | 7.849608e+03 | 7.824739e+03 |   0.32%| unknown
  1.2s|     1 |     0 |  4358 |     - |    52M |   0 | 156 | 196 | 196 |   3 |  3 |   3 |   0 | 7.849523e+03 | 7.824739e+03 |   0.32%| unknown
  1.2s|     1 |     0 |  4412 |     - |    52M |   0 | 156 | 196 | 197 |   4 |  4 |   3 |   0 | 7.849288e+03 | 7.824739e+03 |   0.31%| unknown
  1.3s|     1 |     0 |  4435 |     - |    54M |   0 | 156 | 196 | 199 |   6 |  5 |   3 |   0 | 7.849164e+03 | 7.824739e+03 |   0.31%| unknown
  1.3s|     1 |     0 |  4435 |     - |    54M |   0 | 156 | 196 | 199 |   6 |  5 |   3 |   0 | 7.849164e+03 | 7.824739e+03 |   0.31%| unknown
  1.3s|     1 |     0 |  4497 |     - |    54M |   0 | 156 | 196 | 200 |   7 |  6 |   3 |   0 | 7.848674e+03 | 7.824739e+03 |   0.31%| unknown
  1.3s|     1 |     0 |  4532 |     - |    54M |   0 | 156 | 196 | 201 |   8 |  7 |   3 |   0 | 7.848378e+03 | 7.824739e+03 |   0.30%| unknown
  1.4s|     1 |     0 |  4567 |     - |    55M |   0 | 156 | 196 | 202 |   9 |  8 |   3 |   0 | 7.848172e+03 | 7.824739e+03 |   0.30%| unknown
  1.4s|     1 |     0 |  4589 |     - |    61M |   0 | 156 | 196 | 203 |  10 |  9 |   3 |   0 | 7.848086e+03 | 7.824739e+03 |   0.30%| unknown
  1.4s|     1 |     0 |  4598 |     - |    65M |   0 | 156 | 196 | 204 |  11 | 10 |   3 |   0 | 7.848069e+03 | 7.824739e+03 |   0.30%| unknown
  1.4s|     1 |     0 |  4618 |     - |    66M |   0 | 156 | 196 | 205 |  12 | 11 |   3 |   0 | 7.847979e+03 | 7.824739e+03 |   0.30%| unknown
  1.5s|     1 |     0 |  4627 |     - |    66M |   0 | 156 | 196 | 206 |  13 | 12 |   3 |   0 | 7.847967e+03 | 7.824739e+03 |   0.30%| unknown
 time | node  | left  |LP iter|LP it/n|mem/heur|mdpt |vars |cons |rows |cuts |sepa|confs|strbr|  dualbound   | primalbound  |  gap   | compl. 
  1.5s|     1 |     0 |  4671 |     - |    66M |   0 | 156 | 196 | 207 |  14 | 13 |   3 |   0 | 7.847757e+03 | 7.824739e+03 |   0.29%| unknown
  1.5s|     1 |     0 |  4689 |     - |    66M |   0 | 156 | 196 | 179 |  16 | 14 |   3 |   0 | 7.847741e+03 | 7.824739e+03 |   0.29%| unknown
  1.5s|     1 |     0 |  4705 |     - |    66M |   0 | 156 | 196 | 180 |  17 | 15 |   3 |   0 | 7.847657e+03 | 7.824739e+03 |   0.29%| unknown
  1.5s|     1 |     0 |  4722 |     - |    66M |   0 | 156 | 196 | 181 |  18 | 16 |   3 |   0 | 7.847632e+03 | 7.824739e+03 |   0.29%| unknown
  1.5s|     1 |     0 |  4970 |     - |    66M |   0 | 156 | 196 | 181 |  18 | 16 |   5 |   3 | 7.844985e+03 | 7.824739e+03 |   0.26%| unknown
(run 3, node 1) restarting after 50 global fixings of integer variables

(restart) converted 18 cuts from the global cut pool into linear constraints

presolving:
(round 1, fast)       50 del vars, 40 del conss, 1 add conss, 0 chg bounds, 0 chg sides, 21 chg coeffs, 0 upgd conss, 0 impls, 125 clqs
   (1.5s) running MILP presolver
   (1.5s) MILP presolver found nothing
(round 2, medium)     51 del vars, 45 del conss, 6 add conss, 0 chg bounds, 5 chg sides, 37 chg coeffs, 0 upgd conss, 0 impls, 126 clqs
(round 3, exhaustive) 51 del vars, 45 del conss, 6 add conss, 0 chg bounds, 5 chg sides, 43 chg coeffs, 0 upgd conss, 0 impls, 126 clqs
(round 4, exhaustive) 51 del vars, 45 del conss, 6 add conss, 0 chg bounds, 5 chg sides, 47 chg coeffs, 0 upgd conss, 0 impls, 126 clqs
(round 5, exhaustive) 51 del vars, 45 del conss, 6 add conss, 0 chg bounds, 5 chg sides, 48 chg coeffs, 0 upgd conss, 0 impls, 126 clqs
(round 6, exhaustive) 51 del vars, 60 del conss, 6 add conss, 0 chg bounds, 5 chg sides, 48 chg coeffs, 0 upgd conss, 0 impls, 126 clqs
(round 7, exhaustive) 51 del vars, 60 del conss, 6 add conss, 0 chg bounds, 5 chg sides, 48 chg coeffs, 11 upgd conss, 0 impls, 126 clqs
(round 8, exhaustive) 51 del vars, 62 del conss, 6 add conss, 0 chg bounds, 5 chg sides, 48 chg coeffs, 11 upgd conss, 0 impls, 126 clqs
presolving (9 rounds: 9 fast, 8 medium, 7 exhaustive):
 51 deleted vars, 62 deleted constraints, 6 added constraints, 0 tightened bounds, 0 added holes, 5 changed sides, 48 changed coefficients
 0 implications, 126 cliques
presolved problem has 105 variables (105 bin, 0 int, 0 impl, 0 cont) and 158 constraints
     33 constraints of type <knapsack>
     98 constraints of type <setppc>
     25 constraints of type <linear>
      2 constraints of type <logicor>
Presolving Time: 0.03
transformed 9/12 original solutions to the transformed problem space

 time | node  | left  |LP iter|LP it/n|mem/heur|mdpt |vars |cons |rows |cuts |sepa|confs|strbr|  dualbound   | primalbound  |  gap   | compl. 
  1.6s|     1 |     0 |  5338 |     - |    64M |   0 | 105 | 158 | 156 |   0 |  0 |   5 |   3 | 7.844985e+03 | 7.824739e+03 |   0.26%| unknown
  1.6s|     1 |     0 |  5338 |     - |    64M |   0 | 105 | 158 | 156 |   0 |  0 |   5 |   3 | 7.844985e+03 | 7.824739e+03 |   0.26%| unknown
  1.6s|     1 |     0 |  5350 |     - |    64M |   0 | 105 | 158 | 157 |   1 |  1 |   5 |   3 | 7.844985e+03 | 7.824739e+03 |   0.26%| unknown
  1.6s|     1 |     0 |  5362 |     - |    64M |   0 | 105 | 158 | 158 |   2 |  2 |   5 |   3 | 7.844985e+03 | 7.824739e+03 |   0.26%| unknown
  1.6s|     1 |     0 |  5372 |     - |    65M |   0 | 105 | 158 | 160 |   4 |  3 |   5 |   3 | 7.844985e+03 | 7.824739e+03 |   0.26%| unknown
  1.6s|     1 |     0 |  5372 |     - |    65M |   0 | 105 | 158 | 160 |   4 |  3 |   5 |   3 | 7.844985e+03 | 7.824739e+03 |   0.26%| unknown
  1.6s|     1 |     0 |  5391 |     - |    65M |   0 | 105 | 158 | 161 |   5 |  4 |   5 |   3 | 7.844078e+03 | 7.824739e+03 |   0.25%| unknown
  1.6s|     1 |     0 |  5391 |     - |    65M |   0 | 105 | 158 | 161 |   5 |  4 |   5 |   3 | 7.844078e+03 | 7.824739e+03 |   0.25%| unknown
  1.6s|     1 |     0 |  5422 |     - |    65M |   0 | 105 | 158 | 162 |   6 |  5 |   5 |   3 | 7.842606e+03 | 7.824739e+03 |   0.23%| unknown
  1.6s|     1 |     0 |  5422 |     - |    65M |   0 | 105 | 158 | 162 |   6 |  5 |   5 |   3 | 7.842606e+03 | 7.824739e+03 |   0.23%| unknown
  1.7s|     1 |     0 |  5430 |     - |    65M |   0 | 105 | 158 | 163 |   7 |  6 |   5 |   3 | 7.842533e+03 | 7.824739e+03 |   0.23%| unknown
  1.7s|     1 |     0 |  5441 |     - |    66M |   0 | 105 | 158 | 164 |   8 |  7 |   5 |   3 | 7.842226e+03 | 7.824739e+03 |   0.22%| unknown
  1.7s|     1 |     0 |  5452 |     - |    66M |   0 | 105 | 158 | 165 |   9 |  8 |   5 |   3 | 7.842003e+03 | 7.824739e+03 |   0.22%| unknown
  1.7s|     1 |     0 |  5467 |     - |    66M |   0 | 105 | 158 | 166 |  10 |  9 |   5 |   3 | 7.841582e+03 | 7.824739e+03 |   0.22%| unknown
  1.7s|     1 |     0 |  5484 |     - |    66M |   0 | 105 | 158 | 128 |  11 | 10 |   5 |   3 | 7.840979e+03 | 7.824739e+03 |   0.21%| unknown
 time | node  | left  |LP iter|LP it/n|mem/heur|mdpt |vars |cons |rows |cuts |sepa|confs|strbr|  dualbound   | primalbound  |  gap   | compl. 
  1.7s|     1 |     0 |  5509 |     - |    66M |   0 | 105 | 158 | 130 |  13 | 11 |   5 |   3 | 7.840055e+03 | 7.824739e+03 |   0.20%| unknown
  1.7s|     1 |     0 |  5518 |     - |    66M |   0 | 105 | 158 | 132 |  15 | 12 |   5 |   3 | 7.839995e+03 | 7.824739e+03 |   0.19%| unknown
  1.7s|     1 |     0 |  5536 |     - |    66M |   0 | 105 | 158 | 134 |  17 | 13 |   5 |   3 | 7.839669e+03 | 7.824739e+03 |   0.19%| unknown
  1.7s|     1 |     0 |  5536 |     - |    66M |   0 | 105 | 158 | 132 |  17 | 13 |   5 |   3 | 7.839669e+03 | 7.824739e+03 |   0.19%| unknown
  1.7s|     1 |     0 |  5554 |     - |    66M |   0 | 105 | 156 | 133 |  18 | 14 |   5 |   3 | 7.839453e+03 | 7.824739e+03 |   0.19%| unknown
  1.7s|     1 |     0 |  5554 |     - |    66M |   0 | 105 | 156 | 133 |  18 | 14 |   5 |   3 | 7.839453e+03 | 7.824739e+03 |   0.19%| unknown
  1.8s|     1 |     0 |  5576 |     - |    66M |   0 | 105 | 156 | 136 |  21 | 15 |   5 |   3 | 7.839262e+03 | 7.824739e+03 |   0.19%| unknown
  1.8s|     1 |     0 |  5600 |     - |    66M |   0 | 105 | 156 | 130 |  22 | 16 |   5 |   3 | 7.838997e+03 | 7.824739e+03 |   0.18%| unknown
  1.8s|     1 |     0 |  5624 |     - |    66M |   0 | 105 | 156 | 131 |  23 | 17 |   5 |   3 | 7.838548e+03 | 7.824739e+03 |   0.18%| unknown
  1.8s|     1 |     0 |  5624 |     - |    66M |   0 | 105 | 156 | 131 |  23 | 17 |   5 |   3 | 7.838548e+03 | 7.824739e+03 |   0.18%| unknown
  1.8s|     1 |     0 |  5637 |     - |    66M |   0 | 105 | 156 | 132 |  24 | 18 |   5 |   3 | 7.838405e+03 | 7.824739e+03 |   0.17%| unknown
  1.8s|     1 |     0 |  5647 |     - |    66M |   0 | 105 | 156 | 133 |  25 | 19 |   5 |   3 | 7.838302e+03 | 7.824739e+03 |   0.17%| unknown
  1.8s|     1 |     0 |  5671 |     - |    66M |   0 | 105 | 156 | 134 |  26 | 20 |   5 |   3 | 7.837766e+03 | 7.824739e+03 |   0.17%| unknown
  1.8s|     1 |     0 |  5680 |     - |    66M |   0 | 105 | 156 | 136 |  28 | 21 |   5 |   3 | 7.837724e+03 | 7.824739e+03 |   0.17%| unknown
  1.8s|     1 |     0 |  5681 |     - |    66M |   0 | 105 | 156 | 126 |  29 | 22 |   5 |   3 | 7.837724e+03 | 7.824739e+03 |   0.17%| unknown
(run 4, node 1) restarting after 12 global fixings of integer variables

(restart) converted 24 cuts from the global cut pool into linear constraints

presolving:
(round 1, fast)       12 del vars, 0 del conss, 0 add conss, 0 chg bounds, 0 chg sides, 2 chg coeffs, 0 upgd conss, 0 impls, 126 clqs
(round 2, medium)     12 del vars, 2 del conss, 3 add conss, 0 chg bounds, 3 chg sides, 13 chg coeffs, 0 upgd conss, 0 impls, 126 clqs
(round 3, fast)       12 del vars, 3 del conss, 3 add conss, 0 chg bounds, 3 chg sides, 13 chg coeffs, 0 upgd conss, 0 impls, 126 clqs
(round 4, exhaustive) 12 del vars, 3 del conss, 3 add conss, 0 chg bounds, 3 chg sides, 15 chg coeffs, 0 upgd conss, 0 impls, 126 clqs
(round 5, exhaustive) 12 del vars, 3 del conss, 3 add conss, 0 chg bounds, 3 chg sides, 16 chg coeffs, 0 upgd conss, 0 impls, 126 clqs
(round 6, exhaustive) 12 del vars, 8 del conss, 3 add conss, 0 chg bounds, 3 chg sides, 16 chg coeffs, 0 upgd conss, 0 impls, 126 clqs
(round 7, exhaustive) 12 del vars, 8 del conss, 3 add conss, 0 chg bounds, 3 chg sides, 16 chg coeffs, 21 upgd conss, 0 impls, 126 clqs
(round 8, fast)       12 del vars, 9 del conss, 3 add conss, 0 chg bounds, 3 chg sides, 16 chg coeffs, 21 upgd conss, 0 impls, 126 clqs
(round 9, exhaustive) 12 del vars, 9 del conss, 3 add conss, 0 chg bounds, 3 chg sides, 19 chg coeffs, 21 upgd conss, 0 impls, 126 clqs
(round 10, exhaustive) 12 del vars, 9 del conss, 3 add conss, 0 chg bounds, 3 chg sides, 20 chg coeffs, 21 upgd conss, 0 impls, 126 clqs
(round 11, exhaustive) 12 del vars, 11 del conss, 3 add conss, 0 chg bounds, 3 chg sides, 20 chg coeffs, 21 upgd conss, 0 impls, 126 clqs
presolving (12 rounds: 12 fast, 9 medium, 8 exhaustive):
 12 deleted vars, 11 deleted constraints, 3 added constraints, 0 tightened bounds, 0 added holes, 3 changed sides, 20 changed coefficients
 0 implications, 126 cliques
presolved problem has 93 variables (93 bin, 0 int, 0 impl, 0 cont) and 172 constraints
     47 constraints of type <knapsack>
     95 constraints of type <setppc>
     28 constraints of type <linear>
      2 constraints of type <logicor>
Presolving Time: 0.04
transformed 8/14 original solutions to the transformed problem space

 time | node  | left  |LP iter|LP it/n|mem/heur|mdpt |vars |cons |rows |cuts |sepa|confs|strbr|  dualbound   | primalbound  |  gap   | compl. 
  1.8s|     1 |     0 |  6104 |     - |    66M |   0 |  93 | 172 | 170 |   0 |  0 |   6 |   3 | 7.836304e+03 | 7.824739e+03 |   0.15%| unknown
  1.8s|     1 |     0 |  6104 |     - |    66M |   0 |  93 | 172 | 170 |   0 |  0 |   6 |   3 | 7.836304e+03 | 7.824739e+03 |   0.15%| unknown
  1.8s|     1 |     0 |  6126 |     - |    66M |   0 |  93 | 172 | 172 |   2 |  1 |   6 |   3 | 7.835354e+03 | 7.824739e+03 |   0.14%| unknown
  1.9s|     1 |     0 |  6156 |     - |    66M |   0 |  93 | 172 | 173 |   3 |  2 |   6 |   3 | 7.833811e+03 | 7.824739e+03 |   0.12%| unknown
  1.9s|     1 |     0 |  6156 |     - |    66M |   0 |  93 | 172 | 173 |   3 |  2 |   6 |   3 | 7.833811e+03 | 7.824739e+03 |   0.12%| unknown
  1.9s|     1 |     0 |  6171 |     - |    66M |   0 |  93 | 172 | 175 |   5 |  3 |   6 |   3 | 7.833549e+03 | 7.824739e+03 |   0.11%| unknown
  1.9s|     1 |     0 |  6206 |     - |    66M |   0 |  93 | 172 | 178 |   8 |  4 |   6 |   3 | 7.832296e+03 | 7.824739e+03 |   0.10%| unknown
  1.9s|     1 |     0 |  6221 |     - |    67M |   0 |  93 | 172 | 179 |   9 |  5 |   6 |   3 | 7.832166e+03 | 7.824739e+03 |   0.09%| unknown
  1.9s|     1 |     0 |  6247 |     - |    67M |   0 |  93 | 172 | 181 |  11 |  6 |   6 |   3 | 7.831981e+03 | 7.824739e+03 |   0.09%| unknown
  1.9s|     1 |     0 |  6247 |     - |    67M |   0 |  93 | 172 | 181 |  11 |  6 |   6 |   3 | 7.831981e+03 | 7.824739e+03 |   0.09%| unknown
  1.9s|     1 |     0 |  6260 |     - |    67M |   0 |  93 | 172 | 183 |  13 |  7 |   6 |   3 | 7.831749e+03 | 7.824739e+03 |   0.09%| unknown
  2.0s|     1 |     0 |  6274 |     - |    68M |   0 |  93 | 172 | 184 |  14 |  8 |   6 |   3 | 7.831499e+03 | 7.824739e+03 |   0.09%| unknown
  2.0s|     1 |     0 |  6274 |     - |    68M |   0 |  93 | 172 | 184 |  14 |  8 |   6 |   3 | 7.831499e+03 | 7.824739e+03 |   0.09%| unknown
  2.0s|     1 |     0 |  6285 |     - |    68M |   0 |  93 | 172 | 185 |  15 |  9 |   6 |   3 | 7.831375e+03 | 7.824739e+03 |   0.08%| unknown
  2.0s|     1 |     0 |  6315 |     - |    68M |   0 |  93 | 172 | 186 |  16 | 10 |   6 |   3 | 7.830759e+03 | 7.824739e+03 |   0.08%| unknown
 time | node  | left  |LP iter|LP it/n|mem/heur|mdpt |vars |cons |rows |cuts |sepa|confs|strbr|  dualbound   | primalbound  |  gap   | compl. 
  2.0s|     1 |     0 |  6332 |     - |    68M |   0 |  93 | 172 | 188 |  18 | 11 |   6 |   3 | 7.830636e+03 | 7.824739e+03 |   0.08%| unknown
  2.0s|     1 |     0 |  6347 |     - |    68M |   0 |  93 | 172 | 189 |  19 | 12 |   6 |   3 | 7.830464e+03 | 7.824739e+03 |   0.07%| unknown
  2.0s|     1 |     0 |  6347 |     - |    68M |   0 |  93 | 172 | 189 |  19 | 12 |   6 |   3 | 7.830464e+03 | 7.824739e+03 |   0.07%| unknown
  2.0s|     1 |     0 |  6375 |     - |    68M |   0 |  93 | 172 | 191 |  21 | 13 |   6 |   3 | 7.830015e+03 | 7.824739e+03 |   0.07%| unknown
  2.0s|     1 |     0 |  6375 |     - |    68M |   0 |  93 | 172 | 191 |  21 | 13 |   6 |   3 | 7.830015e+03 | 7.824739e+03 |   0.07%| unknown
  2.0s|     1 |     0 |  6385 |     - |    68M |   0 |  93 | 172 | 192 |  22 | 14 |   6 |   3 | 7.829914e+03 | 7.824739e+03 |   0.07%| unknown
  2.0s|     1 |     0 |  6387 |     - |    68M |   0 |  93 | 172 | 124 |  23 | 15 |   6 |   3 | 7.829913e+03 | 7.824739e+03 |   0.07%| unknown
  2.0s|     1 |     0 |  6398 |     - |    68M |   0 |  93 | 172 | 125 |  24 | 16 |   6 |   3 | 7.829880e+03 | 7.824739e+03 |   0.07%| unknown
  2.0s|     1 |     0 |  6406 |     - |    68M |   0 |  93 | 172 | 126 |  25 | 17 |   6 |   3 | 7.829800e+03 | 7.824739e+03 |   0.06%| unknown
  2.1s|     1 |     0 |  6423 |     - |    68M |   0 |  93 | 172 | 127 |  26 | 18 |   6 |   3 | 7.829554e+03 | 7.824739e+03 |   0.06%| unknown
  2.1s|     1 |     0 |  6423 |     - |    68M |   0 |  93 | 172 | 127 |  26 | 18 |   6 |   3 | 7.829554e+03 | 7.824739e+03 |   0.06%| unknown
  2.1s|     1 |     0 |  6430 |     - |    68M |   0 |  93 | 172 | 128 |  27 | 19 |   6 |   3 | 7.829458e+03 | 7.824739e+03 |   0.06%| unknown
  2.1s|     1 |     0 |  6441 |     - |    68M |   0 |  93 | 172 | 129 |  28 | 20 |   6 |   3 | 7.829323e+03 | 7.824739e+03 |   0.06%| unknown
  2.1s|     1 |     0 |  6456 |     - |    68M |   0 |  93 | 172 | 123 |  29 | 21 |   6 |   3 | 7.829145e+03 | 7.824739e+03 |   0.06%| unknown
  2.1s|     1 |     0 |  6465 |     - |    68M |   0 |  93 | 172 | 124 |  30 | 22 |   6 |   3 | 7.828902e+03 | 7.824739e+03 |   0.05%| unknown
 time | node  | left  |LP iter|LP it/n|mem/heur|mdpt |vars |cons |rows |cuts |sepa|confs|strbr|  dualbound   | primalbound  |  gap   | compl. 
  2.1s|     1 |     0 |  6467 |     - |    68M |   0 |  93 | 172 | 125 |  31 | 23 |   6 |   3 | 7.828902e+03 | 7.824739e+03 |   0.05%| unknown
  2.1s|     1 |     0 |  6558 |     - |    68M |   0 |  93 | 172 | 125 |  31 | 23 |   8 |   3 | 7.824739e+03 | 7.824739e+03 |   0.00%| unknown

SCIP Status        : problem is solved [optimal solution found]
Solving Time (sec) : 2.08
Solving Nodes      : 1 (total of 5 nodes in 5 runs)
Primal Bound       : +7.82473946654402e+03 (14 solutions)
Dual Bound         : +7.82473946654402e+03
Gap                : 0.00 %
