presolving:
(round 1, fast)       0 del vars, 1 del conss, 0 add conss, 0 chg bounds, 0 chg sides, 0 chg coeffs, 0 upgd conss, 0 impls, 192 clqs
(round 2, fast)       1 del vars, 1 del conss, 0 add conss, 0 chg bounds, 0 chg sides, 0 chg coeffs, 0 upgd conss, 0 impls, 192 clqs
   (0.0s) running MILP presolver
   (0.0s) MILP presolver (2 rounds): 0 aggregations, 16 fixings, 0 bound changes
(round 3, medium)     17 del vars, 1 del conss, 0 add conss, 0 chg bounds, 0 chg sides, 0 chg coeffs, 0 upgd conss, 0 impls, 192 clqs
(round 4, exhaustive) 17 del vars, 5 del conss, 0 add conss, 0 chg bounds, 4 chg sides, 0 chg coeffs, 0 upgd conss, 0 impls, 192 clqs
(round 5, exhaustive) 17 del vars, 5 del conss, 0 add conss, 0 chg bounds, 4 chg sides, 0 chg coeffs, 188 upgd conss, 0 impls, 192 clqs
(round 6, medium)     55 del vars, 5 del conss, 0 add conss, 0 chg bounds, 4 chg sides, 38 chg coeffs, 188 upgd conss, 0 impls, 192 clqs
(round 7, fast)       71 del vars, 7 del conss, 0 add conss, 0 chg bounds, 4 chg sides, 38 chg coeffs, 188 upgd conss, 0 impls, 190 clqs
(round 8, exhaustive) 71 del vars, 9 del conss, 0 add conss, 0 chg bounds, 4 chg sides, 38 chg coeffs, 188 upgd conss, 0 impls, 190 clqs
   (0.0s) probing: 51/429 (11.9%) - 0 fixings, 0 aggregations, 0 implications, 0 bound changes
   (0.0s) probing aborted: 50/50 successive totally useless probings
   (0.0s) symmetry computation started: requiring (bin +, int +, cont +), (fixed: bin -, int -, cont -)
   (0.0s) no symmetry present (symcode time: 0.00)
presolving (9 rounds: 9 fast, 6 medium, 4 exhaustive):
 71 deleted vars, 9 deleted constraints, 0 added constraints, 0 tightened bounds, 0 added holes, 4 changed sides, 38 changed coefficients
 0 implications, 190 cliques
presolved problem has 429 variables (429 bin, 0 int, 0 impl, 0 cont) and 184 constraints
    184 constraints of type <setppc>
Presolving Time: 0.01

 time | node  | left  |LP iter|LP it/n|mem/heur|mdpt |vars |cons |rows |cuts |sepa|confs|strbr|  dualbound   | primalbound  |  gap   | compl. 
  0.0s|     1 |     0 |  1403 |     - |  5398k |   0 | 429 | 184 | 184 |   0 |  0 |   0 |   0 | 7.395105e+03 |      --      |    Inf | unknown
  0.1s|     1 |     0 |  1462 |     - |    10M |   0 | 429 | 184 | 186 |   2 |  1 |   0 |   0 | 7.377007e+03 |      --      |    Inf | unknown
  0.2s|     1 |     0 |  1481 |     - |    17M |   0 | 429 | 184 | 188 |   4 |  2 |   0 |   0 | 7.373094e+03 |      --      |    Inf | unknown
  0.2s|     1 |     0 |  1508 |     - |    22M |   0 | 429 | 184 | 190 |   6 |  3 |   0 |   0 | 7.368033e+03 |      --      |    Inf | unknown
  0.2s|     1 |     0 |  1529 |     - |    28M |   0 | 429 | 184 | 192 |   8 |  4 |   0 |   0 | 7.366483e+03 |      --      |    Inf | unknown
  0.3s|     1 |     0 |  1555 |     - |    33M |   0 | 429 | 184 | 194 |  10 |  5 |   0 |   0 | 7.364921e+03 |      --      |    Inf | unknown
  0.3s|     1 |     0 |  1594 |     - |    40M |   0 | 429 | 184 | 196 |  12 |  6 |   0 |   0 | 7.362467e+03 |      --      |    Inf | unknown
  0.3s|     1 |     0 |  1635 |     - |    46M |   0 | 429 | 184 | 199 |  15 |  7 |   0 |   0 | 7.360491e+03 |      --      |    Inf | unknown
  0.4s|     1 |     0 |  1674 |     - |    49M |   0 | 429 | 184 | 201 |  17 |  8 |   0 |   0 | 7.358895e+03 |      --      |    Inf | unknown
  0.4s|     1 |     0 |  1704 |     - |    54M |   0 | 429 | 184 | 203 |  19 |  9 |   0 |   0 | 7.357263e+03 |      --      |    Inf | unknown
  0.4s|     1 |     0 |  1741 |     - |    57M |   0 | 429 | 184 | 205 |  21 | 10 |   0 |   0 | 7.356285e+03 |      --      |    Inf | unknown
  0.5s|     1 |     0 |  1760 |     - |    57M |   0 | 429 | 184 | 208 |  24 | 11 |   0 |   0 | 7.355892e+03 |      --      |    Inf | unknown
  0.5s|     1 |     0 |  1796 |     - |    57M |   0 | 429 | 184 | 210 |  26 | 12 |   0 |   0 | 7.354840e+03 |      --      |    Inf | unknown
  0.5s|     1 |     0 |  1813 |     - |    57M |   0 | 429 | 184 | 212 |  28 | 13 |   0 |   0 | 7.354394e+03 |      --      |    Inf | unknown
  0.5s|     1 |     0 |  1840 |     - |    57M |   0 | 429 | 184 | 213 |  29 | 14 |   0 |   0 | 7.353436e+03 |      --      |    Inf | unknown
 time | node  | left  |LP iter|LP it/n|mem/heur|mdpt |vars |cons |rows |cuts |sepa|confs|strbr|  dualbound   | primalbound  |  gap   | compl. 
  0.5s|     1 |     0 |  1880 |     - |    57M |   0 | 429 | 184 | 216 |  32 | 15 |   0 |   0 | 7.351778e+03 |      --      |    Inf | unknown
  0.5s|     1 |     0 |  1907 |     - |    57M |   0 | 429 | 184 | 218 |  34 | 16 |   0 |   0 | 7.349439e+03 |      --      |    Inf | unknown
  0.5s|     1 |     0 |  1935 |     - |    57M |   0 | 429 | 184 | 219 |  36 | 17 |   0 |   0 | 7.347189e+03 |      --      |    Inf | unknown
  0.6s|     1 |     0 |  1987 |     - |    57M |   0 | 429 | 184 | 221 |  38 | 18 |   0 |   0 | 7.345415e+03 |      --      |    Inf | unknown
  0.6s|     1 |     0 |  2014 |     - |    57M |   0 | 429 | 184 | 223 |  40 | 19 |   0 |   0 | 7.344319e+03 |      --      |    Inf | unknown
  0.6s|     1 |     0 |  2036 |     - |    57M |   0 | 429 | 184 | 224 |  41 | 20 |   0 |   0 | 7.343726e+03 |      --      |    Inf | unknown
  0.6s|     1 |     0 |  2045 |     - |    57M |   0 | 429 | 184 | 226 |  43 | 21 |   0 |   0 | 7.343496e+03 |      --      |    Inf | unknown
  0.6s|     1 |     0 |  2062 |     - |    57M |   0 | 429 | 184 | 233 |  50 | 22 |   0 |   0 | 7.343079e+03 |      --      |    Inf | unknown
  0.6s|     1 |     0 |  2074 |     - |    57M |   0 | 429 | 184 | 235 |  57 | 23 |   0 |   0 | 7.342788e+03 |      --      |    Inf | unknown
  0.6s|     1 |     0 |  2078 |     - |    57M |   0 | 429 | 184 | 238 |  60 | 24 |   0 |   0 | 7.342781e+03 |      --      |    Inf | unknown
d 0.6s|     1 |     0 |  2078 |     - |farkasdi|   0 | 429 | 184 | 238 |   0 | 25 |   0 |   0 | 7.342781e+03 | 2.912944e+03 | 152.07%| unknown
d 0.7s|     1 |     0 |  2188 |     - |farkasdi|   0 | 429 | 184 | 238 |   0 | 25 |   0 |   0 | 7.342781e+03 | 5.371219e+03 |  36.71%| unknown
d 0.7s|     1 |     0 |  2189 |     - |farkasdi|   0 | 429 | 184 | 238 |   0 | 25 |   0 |   0 | 7.342781e+03 | 6.459249e+03 |  13.68%| unknown
d 0.7s|     1 |     0 |  2198 |     - |farkasdi|   0 | 429 | 184 | 238 |   0 | 25 |   0 |   0 | 7.342781e+03 | 7.234379e+03 |   1.50%| unknown
  0.7s|     1 |     0 |  2198 |     - |    57M |   0 | 429 | 184 | 238 |  60 | 25 |   0 |   0 | 7.342781e+03 | 7.234379e+03 |   1.50%| unknown
 time | node  | left  |LP iter|LP it/n|mem/heur|mdpt |vars |cons |rows |cuts |sepa|confs|strbr|  dualbound   | primalbound  |  gap   | compl. 
  0.7s|     1 |     0 |  2198 |     - |    57M |   0 | 429 | 184 | 229 |  60 | 25 |   0 |   0 | 7.342781e+03 | 7.234379e+03 |   1.50%| unknown
(run 1, node 1) restarting after 119 global fixings of integer variables

(restart) converted 54 cuts from the global cut pool into linear constraints

presolving:
(round 1, fast)       119 del vars, 0 del conss, 0 add conss, 0 chg bounds, 0 chg sides, 0 chg coeffs, 0 upgd conss, 0 impls, 216 clqs
   (0.7s) running MILP presolver
   (0.7s) MILP presolver found nothing
(round 2, exhaustive) 119 del vars, 17 del conss, 0 add conss, 0 chg bounds, 0 chg sides, 0 chg coeffs, 0 upgd conss, 0 impls, 216 clqs
(round 3, exhaustive) 119 del vars, 18 del conss, 0 add conss, 0 chg bounds, 1 chg sides, 0 chg coeffs, 0 upgd conss, 0 impls, 216 clqs
(round 4, exhaustive) 119 del vars, 18 del conss, 0 add conss, 0 chg bounds, 1 chg sides, 0 chg coeffs, 45 upgd conss, 0 impls, 216 clqs
(round 5, exhaustive) 119 del vars, 19 del conss, 0 add conss, 0 chg bounds, 1 chg sides, 0 chg coeffs, 45 upgd conss, 0 impls, 216 clqs
presolving (6 rounds: 6 fast, 5 medium, 5 exhaustive):
 119 deleted vars, 19 deleted constraints, 0 added constraints, 0 tightened bounds, 0 added holes, 1 changed sides, 0 changed coefficients
 0 implications, 216 cliques
presolved problem has 310 variables (310 bin, 0 int, 0 impl, 0 cont) and 210 constraints
     12 constraints of type <knapsack>
    190 constraints of type <setppc>
      8 constraints of type <linear>
Presolving Time: 0.02
transformed 4/4 original solutions to the transformed problem space

 time | node  | left  |LP iter|LP it/n|mem/heur|mdpt |vars |cons |rows |cuts |sepa|confs|strbr|  dualbound   | primalbound  |  gap   | compl. 
  0.8s|     1 |     0 |  3916 |     - |    53M |   0 | 310 | 210 | 210 |   0 |  0 |   0 |   0 | 7.342781e+03 | 7.234379e+03 |   1.50%| unknown
  0.8s|     1 |     0 |  3970 |     - |    55M |   0 | 310 | 210 | 211 |   1 |  1 |   0 |   0 | 7.338846e+03 | 7.234379e+03 |   1.44%| unknown
  0.8s|     1 |     0 |  3970 |     - |    55M |   0 | 310 | 210 | 211 |   1 |  1 |   0 |   0 | 7.338846e+03 | 7.234379e+03 |   1.44%| unknown
  0.8s|     1 |     0 |  4028 |     - |    55M |   0 | 310 | 210 | 212 |   2 |  2 |   0 |   0 | 7.336293e+03 | 7.234379e+03 |   1.41%| unknown
  0.8s|     1 |     0 |  4028 |     - |    55M |   0 | 310 | 210 | 212 |   2 |  2 |   0 |   0 | 7.336293e+03 | 7.234379e+03 |   1.41%| unknown
  0.9s|     1 |     0 |  4077 |     - |    55M |   0 | 310 | 210 | 213 |   3 |  3 |   0 |   0 | 7.335397e+03 | 7.234379e+03 |   1.40%| unknown
  0.9s|     1 |     0 |  4115 |     - |    57M |   0 | 310 | 210 | 214 |   4 |  4 |   0 |   0 | 7.334890e+03 | 7.234379e+03 |   1.39%| unknown
  1.0s|     1 |     0 |  4155 |     - |    59M |   0 | 310 | 210 | 215 |   5 |  5 |   0 |   0 | 7.334250e+03 | 7.234379e+03 |   1.38%| unknown
  1.0s|     1 |     0 |  4200 |     - |    59M |   0 | 310 | 210 | 216 |   6 |  6 |   0 |   0 | 7.333988e+03 | 7.234379e+03 |   1.38%| unknown
  1.0s|     1 |     0 |  4200 |     - |    59M |   0 | 310 | 210 | 215 |   6 |  6 |   0 |   0 | 7.333988e+03 | 7.234379e+03 |   1.38%| unknown
  1.0s|     1 |     0 |  4233 |     - |    60M |   0 | 310 | 209 | 217 |   8 |  7 |   0 |   0 | 7.333670e+03 | 7.234379e+03 |   1.37%| unknown
  1.1s|     1 |     0 |  4287 |     - |    67M |   0 | 310 | 209 | 218 |   9 |  8 |   0 |   0 | 7.333376e+03 | 7.234379e+03 |   1.37%| unknown
  1.1s|     1 |     0 |  4315 |     - |    69M |   0 | 310 | 209 | 219 |  10 |  9 |   0 |   0 | 7.333280e+03 | 7.234379e+03 |   1.37%| unknown
  1.2s|     1 |     0 |  4387 |     - |    79M |   0 | 310 | 209 | 221 |  12 | 10 |   0 |   0 | 7.332737e+03 | 7.234379e+03 |   1.36%| unknown
  1.2s|     1 |     0 |  4399 |     - |    75M |   0 | 310 | 209 | 223 |  14 | 11 |   0 |   0 | 7.332669e+03 | 7.234379e+03 |   1.36%| unknown
 time | node  | left  |LP iter|LP it/n|mem/heur|mdpt |vars |cons |rows |cuts |sepa|confs|strbr|  dualbound   | primalbound  |  gap   | compl. 
  1.2s|     1 |     0 |  4414 |     - |    75M |   0 | 310 | 209 | 224 |  15 | 12 |   0 |   0 | 7.332650e+03 | 7.234379e+03 |   1.36%| unknown
  1.2s|     1 |     0 |  4421 |     - |    75M |   0 | 310 | 209 | 211 |  17 | 13 |   0 |   0 | 7.332612e+03 | 7.234379e+03 |   1.36%| unknown
  1.2s|     1 |     0 |  4430 |     - |    75M |   0 | 310 | 209 | 212 |  18 | 14 |   0 |   0 | 7.332599e+03 | 7.234379e+03 |   1.36%| unknown
  1.2s|     1 |     0 |  4453 |     - |    75M |   0 | 310 | 209 | 214 |  20 | 15 |   0 |   0 | 7.332491e+03 | 7.234379e+03 |   1.36%| unknown
  1.3s|     1 |     0 |  4464 |     - |    75M |   0 | 310 | 209 | 215 |  21 | 16 |   0 |   0 | 7.332461e+03 | 7.234379e+03 |   1.36%| unknown
  1.3s|     1 |     0 |  4507 |     - |    75M |   0 | 310 | 209 | 216 |  22 | 17 |   0 |   0 | 7.332286e+03 | 7.234379e+03 |   1.35%| unknown
  1.3s|     1 |     0 |  4520 |     - |    75M |   0 | 310 | 209 | 217 |  23 | 18 |   0 |   0 | 7.332198e+03 | 7.234379e+03 |   1.35%| unknown
  1.3s|     1 |     0 |  4541 |     - |    75M |   0 | 310 | 209 | 209 |  24 | 19 |   0 |   0 | 7.332040e+03 | 7.234379e+03 |   1.35%| unknown
  1.3s|     1 |     0 |  4565 |     - |    75M |   0 | 310 | 209 | 211 |  26 | 20 |   0 |   0 | 7.331965e+03 | 7.234379e+03 |   1.35%| unknown
d 1.3s|     1 |     0 |  4797 |     - |farkasdi|   0 | 310 | 209 | 211 |   0 | 20 |   0 |   0 | 7.331965e+03 | 7.234395e+03 |   1.35%| unknown
  1.3s|     1 |     0 |  4797 |     - |    75M |   0 | 310 | 209 | 211 |  26 | 20 |   0 |   0 | 7.331965e+03 | 7.234395e+03 |   1.35%| unknown
  1.3s|     1 |     0 |  4801 |     - |    75M |   0 | 310 | 209 | 212 |  27 | 21 |   0 |   0 | 7.331963e+03 | 7.234395e+03 |   1.35%| unknown
  1.3s|     1 |     0 |  4817 |     - |    75M |   0 | 310 | 209 | 213 |  28 | 22 |   0 |   0 | 7.331867e+03 | 7.234395e+03 |   1.35%| unknown
  1.5s|     1 |     2 |  4817 |     - |    75M |   0 | 310 | 209 | 213 |  28 | 22 |   0 |  21 | 7.327355e+03 | 7.234395e+03 |   1.28%| unknown
* 1.9s|     8 |     0 |  5633 | 146.0 |strongbr|   3 | 310 | 205 | 190 |  28 |  1 |  27 | 163 | 7.307691e+03 | 7.300769e+03 |   0.09%|  95.36%

SCIP Status        : problem is solved [optimal solution found]
Solving Time (sec) : 1.88
Solving Nodes      : 8 (total of 9 nodes in 2 runs)
Primal Bound       : +7.30076921036357e+03 (145 solutions)
Dual Bound         : +7.30076921036357e+03
Gap                : 0.00 %
