presolving:
(round 1, fast)       0 del vars, 2 del conss, 0 add conss, 0 chg bounds, 0 chg sides, 0 chg coeffs, 0 upgd conss, 0 impls, 186 clqs
   (0.0s) running MILP presolver
   (0.0s) MILP presolver (2 rounds): 0 aggregations, 20 fixings, 0 bound changes
(round 2, medium)     20 del vars, 2 del conss, 0 add conss, 0 chg bounds, 0 chg sides, 0 chg coeffs, 0 upgd conss, 0 impls, 186 clqs
(round 3, exhaustive) 20 del vars, 6 del conss, 0 add conss, 0 chg bounds, 4 chg sides, 0 chg coeffs, 0 upgd conss, 0 impls, 186 clqs
(round 4, exhaustive) 20 del vars, 6 del conss, 0 add conss, 0 chg bounds, 4 chg sides, 0 chg coeffs, 182 upgd conss, 0 impls, 186 clqs
(round 5, medium)     61 del vars, 6 del conss, 0 add conss, 0 chg bounds, 4 chg sides, 41 chg coeffs, 182 upgd conss, 0 impls, 186 clqs
(round 6, fast)       80 del vars, 8 del conss, 0 add conss, 0 chg bounds, 4 chg sides, 41 chg coeffs, 182 upgd conss, 0 impls, 183 clqs
(round 7, exhaustive) 80 del vars, 11 del conss, 0 add conss, 0 chg bounds, 4 chg sides, 41 chg coeffs, 182 upgd conss, 0 impls, 183 clqs
   (0.0s) probing: 51/420 (12.1%) - 0 fixings, 0 aggregations, 0 implications, 0 bound changes
   (0.0s) probing aborted: 50/50 successive totally useless probings
   (0.0s) symmetry computation started: requiring (bin +, int +, cont +), (fixed: bin -, int -, cont -)
   (0.0s) no symmetry present (symcode time: 0.00)
presolving (8 rounds: 8 fast, 6 medium, 4 exhaustive):
 80 deleted vars, 11 deleted constraints, 0 added constraints, 0 tightened bounds, 0 added holes, 4 changed sides, 41 changed coefficients
 0 implications, 183 cliques
presolved problem has 420 variables (420 bin, 0 int, 0 impl, 0 cont) and 177 constraints
    177 constraints of type <setppc>
Presolving Time: 0.01

 time | node  | left  |LP iter|LP it/n|mem/heur|mdpt |vars |cons |rows |cuts |sepa|confs|strbr|  dualbound   | primalbound  |  gap   | compl. 
  0.0s|     1 |     0 |  1254 |     - |  5140k |   0 | 420 | 177 | 177 |   0 |  0 |   0 |   0 | 7.478305e+03 |      --      |    Inf | unknown
  0.1s|     1 |     0 |  1289 |     - |    19M |   0 | 420 | 177 | 180 |   3 |  1 |   0 |   0 | 7.457078e+03 |      --      |    Inf | unknown
  0.1s|     1 |     0 |  1324 |     - |    27M |   0 | 420 | 177 | 181 |   4 |  2 |   0 |   0 | 7.448208e+03 |      --      |    Inf | unknown
  0.2s|     1 |     0 |  1353 |     - |    31M |   0 | 420 | 177 | 186 |   9 |  3 |   0 |   0 | 7.440404e+03 |      --      |    Inf | unknown
  0.2s|     1 |     0 |  1392 |     - |    38M |   0 | 420 | 177 | 188 |  11 |  4 |   0 |   0 | 7.436156e+03 |      --      |    Inf | unknown
  0.3s|     1 |     0 |  1434 |     - |    43M |   0 | 420 | 177 | 190 |  13 |  5 |   0 |   0 | 7.430904e+03 |      --      |    Inf | unknown
  0.3s|     1 |     0 |  1466 |     - |    49M |   0 | 420 | 177 | 191 |  14 |  6 |   0 |   0 | 7.428527e+03 |      --      |    Inf | unknown
  0.3s|     1 |     0 |  1504 |     - |    55M |   0 | 420 | 177 | 193 |  16 |  7 |   0 |   0 | 7.426451e+03 |      --      |    Inf | unknown
  0.4s|     1 |     0 |  1534 |     - |    58M |   0 | 420 | 177 | 195 |  18 |  8 |   0 |   0 | 7.425294e+03 |      --      |    Inf | unknown
  0.4s|     1 |     0 |  1572 |     - |    68M |   0 | 420 | 177 | 197 |  20 |  9 |   0 |   0 | 7.423963e+03 |      --      |    Inf | unknown
  0.5s|     1 |     0 |  1610 |     - |    69M |   0 | 420 | 177 | 198 |  21 | 10 |   0 |   0 | 7.422570e+03 |      --      |    Inf | unknown
  0.5s|     1 |     0 |  1638 |     - |    69M |   0 | 420 | 177 | 198 |  22 | 11 |   0 |   0 | 7.421260e+03 |      --      |    Inf | unknown
  0.5s|     1 |     0 |  1644 |     - |    69M |   0 | 420 | 177 | 199 |  23 | 12 |   0 |   0 | 7.421229e+03 |      --      |    Inf | unknown
  0.5s|     1 |     0 |  1678 |     - |    69M |   0 | 420 | 177 | 202 |  26 | 13 |   0 |   0 | 7.419975e+03 |      --      |    Inf | unknown
  0.5s|     1 |     0 |  1694 |     - |    69M |   0 | 420 | 177 | 204 |  28 | 14 |   0 |   0 | 7.419744e+03 |      --      |    Inf | unknown
 time | node  | left  |LP iter|LP it/n|mem/heur|mdpt |vars |cons |rows |cuts |sepa|confs|strbr|  dualbound   | primalbound  |  gap   | compl. 
  0.6s|     1 |     0 |  1720 |     - |    69M |   0 | 420 | 177 | 205 |  29 | 15 |   0 |   0 | 7.418990e+03 |      --      |    Inf | unknown
  0.6s|     1 |     0 |  1741 |     - |    69M |   0 | 420 | 177 | 206 |  30 | 16 |   0 |   0 | 7.418479e+03 |      --      |    Inf | unknown
  0.6s|     1 |     0 |  1752 |     - |    69M |   0 | 420 | 177 | 206 |  31 | 17 |   0 |   0 | 7.418452e+03 |      --      |    Inf | unknown
  0.6s|     1 |     0 |  1757 |     - |    69M |   0 | 420 | 177 | 207 |  32 | 18 |   0 |   0 | 7.418412e+03 |      --      |    Inf | unknown
  0.6s|     1 |     0 |  1766 |     - |    69M |   0 | 420 | 177 | 208 |  33 | 19 |   0 |   0 | 7.418293e+03 |      --      |    Inf | unknown
  0.7s|     1 |     0 |  1776 |     - |    69M |   0 | 420 | 177 | 209 |  34 | 20 |   0 |   0 | 7.418236e+03 |      --      |    Inf | unknown
  0.7s|     1 |     0 |  1778 |     - |    69M |   0 | 420 | 177 | 210 |  35 | 21 |   0 |   0 | 7.418234e+03 |      --      |    Inf | unknown
  0.7s|     1 |     0 |  1780 |     - |    69M |   0 | 420 | 177 | 211 |  36 | 22 |   0 |   0 | 7.418234e+03 |      --      |    Inf | unknown
  0.7s|     1 |     0 |  1783 |     - |    69M |   0 | 420 | 177 | 209 |  37 | 23 |   0 |   0 | 7.418231e+03 |      --      |    Inf | unknown
  0.8s|     1 |     0 |  1784 |     - |    69M |   0 | 420 | 177 | 210 |  38 | 24 |   0 |   0 | 7.418231e+03 |      --      |    Inf | unknown
  0.8s|     1 |     0 |  1785 |     - |    69M |   0 | 420 | 177 | 211 |  39 | 25 |   0 |   0 | 7.418231e+03 |      --      |    Inf | unknown
  0.8s|     1 |     0 |  1788 |     - |    69M |   0 | 420 | 177 | 212 |  40 | 26 |   0 |   0 | 7.418229e+03 |      --      |    Inf | unknown
d 0.8s|     1 |     0 |  1788 |     - |farkasdi|   0 | 420 | 177 | 212 |   0 | 26 |   0 |   0 | 7.418229e+03 | 2.710605e+03 | 173.67%| unknown
d 0.8s|     1 |     0 |  2063 |     - |farkasdi|   0 | 420 | 177 | 212 |   0 | 26 |   0 |   0 | 7.418229e+03 | 3.250225e+03 | 128.24%| unknown
d 0.8s|     1 |     0 |  2155 |     - |farkasdi|   0 | 420 | 177 | 212 |   0 | 26 |   0 |   0 | 7.418229e+03 | 3.856566e+03 |  92.35%| unknown
 time | node  | left  |LP iter|LP it/n|mem/heur|mdpt |vars |cons |rows |cuts |sepa|confs|strbr|  dualbound   | primalbound  |  gap   | compl. 
d 0.8s|     1 |     0 |  2218 |     - |farkasdi|   0 | 420 | 177 | 212 |   0 | 26 |   0 |   0 | 7.418229e+03 | 4.510839e+03 |  64.45%| unknown
d 0.8s|     1 |     0 |  2222 |     - |farkasdi|   0 | 420 | 177 | 212 |   0 | 26 |   0 |   0 | 7.418229e+03 | 4.943385e+03 |  50.06%| unknown
d 0.8s|     1 |     0 |  2249 |     - |farkasdi|   0 | 420 | 177 | 212 |   0 | 26 |   0 |   0 | 7.418229e+03 | 5.369246e+03 |  38.16%| unknown
d 0.8s|     1 |     0 |  2268 |     - |farkasdi|   0 | 420 | 177 | 212 |   0 | 26 |   0 |   0 | 7.418229e+03 | 6.295729e+03 |  17.83%| unknown
d 0.8s|     1 |     0 |  2270 |     - |farkasdi|   0 | 420 | 177 | 212 |   0 | 26 |   0 |   0 | 7.418229e+03 | 6.734864e+03 |  10.15%| unknown
  0.8s|     1 |     0 |  2270 |     - |    69M |   0 | 420 | 177 | 212 |  40 | 26 |   0 |   0 | 7.418229e+03 | 6.734864e+03 |  10.15%| unknown
  0.9s|     1 |     0 |  2273 |     - |    69M |   0 | 420 | 177 | 213 |  41 | 27 |   0 |   0 | 7.418225e+03 | 6.734864e+03 |  10.15%| unknown
  0.9s|     1 |     0 |  2279 |     - |    69M |   0 | 420 | 177 | 206 |  42 | 28 |   0 |   0 | 7.418196e+03 | 6.734864e+03 |  10.15%| unknown
  1.1s|     1 |     2 |  2279 |     - |    69M |   0 | 420 | 177 | 206 |  42 | 28 |   0 |  22 | 7.404001e+03 | 6.734864e+03 |   9.94%| unknown
* 1.2s|     6 |     5 |  2751 | 190.8 |strongbr|   5 | 420 | 177 | 201 |  42 |  1 |   0 |  98 | 7.404001e+03 | 7.045827e+03 |   5.08%| unknown
* 1.3s|     6 |     5 |  2761 | 192.8 |    LP  |   5 | 420 | 179 | 201 |  42 |  2 |   2 | 107 | 7.404001e+03 | 7.049651e+03 |   5.03%| unknown
* 1.5s|    10 |     5 |  3040 | 138.1 |strongbr|   5 | 420 | 198 | 201 |  42 |  1 |  21 | 186 | 7.377769e+03 | 7.078144e+03 |   4.23%|   9.80%
* 1.5s|    10 |     5 |  3049 | 139.1 |strongbr|   5 | 420 | 200 | 201 |  42 |  2 |  23 | 202 | 7.377769e+03 | 7.106112e+03 |   3.82%|   9.80%
* 1.6s|    13 |     6 |  3219 | 118.5 |strongbr|   5 | 420 | 203 | 201 |  42 |  1 |  26 | 257 | 7.377769e+03 | 7.144306e+03 |   3.27%|  14.82%
* 1.6s|    13 |     5 |  3232 | 119.6 |strongbr|   5 | 420 | 203 | 201 |  42 |  2 |  26 | 273 | 7.377769e+03 | 7.214508e+03 |   2.26%|  17.11%
 time | node  | left  |LP iter|LP it/n|mem/heur|mdpt |vars |cons |rows |cuts |sepa|confs|strbr|  dualbound   | primalbound  |  gap   | compl. 
* 1.8s|    17 |     3 |  3604 | 112.9 |strongbr|   6 | 420 | 240 | 201 |  42 |  4 |  63 | 355 | 7.377769e+03 | 7.237696e+03 |   1.94%|  38.07%
* 2.2s|    25 |     1 |  4486 | 112.0 |strongbr|   6 | 420 | 251 | 201 |  42 |  1 | 105 | 546 | 7.363473e+03 | 7.301930e+03 |   0.84%|  64.58%
* 2.3s|    25 |     1 |  4625 | 117.8 |strongbr|   6 | 420 | 263 | 201 |  42 |  6 | 119 | 575 | 7.337294e+03 | 7.325558e+03 |   0.16%|  64.58%

SCIP Status        : problem is solved [optimal solution found]
Solving Time (sec) : 2.29
Solving Nodes      : 26
Primal Bound       : +7.32555818004768e+03 (242 solutions)
Dual Bound         : +7.32555818004768e+03
Gap                : 0.00 %
