presolving:
(round 1, fast)       0 del vars, 1 del conss, 0 add conss, 0 chg bounds, 0 chg sides, 0 chg coeffs, 0 upgd conss, 0 impls, 193 clqs
(round 2, fast)       1 del vars, 1 del conss, 0 add conss, 0 chg bounds, 0 chg sides, 0 chg coeffs, 0 upgd conss, 0 impls, 193 clqs
   (0.0s) running MILP presolver
   (0.0s) MILP presolver (2 rounds): 0 aggregations, 19 fixings, 0 bound changes
(round 3, medium)     20 del vars, 1 del conss, 0 add conss, 0 chg bounds, 0 chg sides, 0 chg coeffs, 0 upgd conss, 0 impls, 193 clqs
(round 4, exhaustive) 20 del vars, 5 del conss, 0 add conss, 0 chg bounds, 4 chg sides, 0 chg coeffs, 0 upgd conss, 0 impls, 193 clqs
(round 5, exhaustive) 20 del vars, 5 del conss, 0 add conss, 0 chg bounds, 4 chg sides, 0 chg coeffs, 189 upgd conss, 0 impls, 193 clqs
(round 6, medium)     58 del vars, 5 del conss, 0 add conss, 0 chg bounds, 4 chg sides, 38 chg coeffs, 189 upgd conss, 0 impls, 193 clqs
(round 7, fast)       87 del vars, 6 del conss, 0 add conss, 0 chg bounds, 4 chg sides, 38 chg coeffs, 189 upgd conss, 0 impls, 192 clqs
(round 8, exhaustive) 87 del vars, 18 del conss, 0 add conss, 0 chg bounds, 4 chg sides, 38 chg coeffs, 189 upgd conss, 0 impls, 192 clqs
(round 9, fast)       88 del vars, 18 del conss, 0 add conss, 0 chg bounds, 4 chg sides, 38 chg coeffs, 189 upgd conss, 0 impls, 190 clqs
(round 10, medium)     89 del vars, 18 del conss, 0 add conss, 0 chg bounds, 4 chg sides, 39 chg coeffs, 189 upgd conss, 0 impls, 189 clqs
(round 11, exhaustive) 90 del vars, 18 del conss, 0 add conss, 0 chg bounds, 4 chg sides, 39 chg coeffs, 189 upgd conss, 0 impls, 189 clqs
   (0.0s) probing: 51/410 (12.4%) - 0 fixings, 0 aggregations, 0 implications, 0 bound changes
   (0.0s) probing aborted: 50/50 successive totally useless probings
   (0.0s) symmetry computation started: requiring (bin +, int +, cont +), (fixed: bin -, int -, cont -)
   (0.0s) no symmetry present (symcode time: 0.00)
presolving (12 rounds: 12 fast, 8 medium, 5 exhaustive):
 90 deleted vars, 18 deleted constraints, 0 added constraints, 0 tightened bounds, 0 added holes, 4 changed sides, 39 changed coefficients
 0 implications, 189 cliques
presolved problem has 410 variables (410 bin, 0 int, 0 impl, 0 cont) and 176 constraints
    176 constraints of type <setppc>
Presolving Time: 0.01

 time | node  | left  |LP iter|LP it/n|mem/heur|mdpt |vars |cons |rows |cuts |sepa|confs|strbr|  dualbound   | primalbound  |  gap   | compl. 
  0.0s|     1 |     0 |  1187 |     - |  5063k |   0 | 410 | 176 | 176 |   0 |  0 |   0 |   0 | 7.607722e+03 |      --      |    Inf | unknown
  0.1s|     1 |     0 |  1267 |     - |    16M |   0 | 410 | 176 | 179 |   3 |  1 |   0 |   0 | 7.591655e+03 |      --      |    Inf | unknown
  0.1s|     1 |     0 |  1294 |     - |    26M |   0 | 410 | 176 | 181 |   5 |  2 |   0 |   0 | 7.588911e+03 |      --      |    Inf | unknown
  0.2s|     1 |     0 |  1314 |     - |    30M |   0 | 410 | 176 | 183 |   7 |  3 |   0 |   0 | 7.586910e+03 |      --      |    Inf | unknown
  0.2s|     1 |     0 |  1374 |     - |    33M |   0 | 410 | 176 | 186 |  10 |  4 |   0 |   0 | 7.577820e+03 |      --      |    Inf | unknown
  0.2s|     1 |     0 |  1419 |     - |    38M |   0 | 410 | 176 | 188 |  12 |  5 |   0 |   0 | 7.573031e+03 |      --      |    Inf | unknown
  0.3s|     1 |     0 |  1445 |     - |    41M |   0 | 410 | 176 | 190 |  14 |  6 |   0 |   0 | 7.571419e+03 |      --      |    Inf | unknown
  0.3s|     1 |     0 |  1470 |     - |    48M |   0 | 410 | 176 | 193 |  17 |  7 |   0 |   0 | 7.570366e+03 |      --      |    Inf | unknown
  0.3s|     1 |     0 |  1524 |     - |    53M |   0 | 410 | 176 | 194 |  18 |  8 |   0 |   0 | 7.568044e+03 |      --      |    Inf | unknown
  0.4s|     1 |     0 |  1562 |     - |    56M |   0 | 410 | 176 | 196 |  20 |  9 |   0 |   0 | 7.565666e+03 |      --      |    Inf | unknown
  0.4s|     1 |     0 |  1623 |     - |    64M |   0 | 410 | 176 | 200 |  24 | 10 |   0 |   0 | 7.563991e+03 |      --      |    Inf | unknown
  0.4s|     1 |     0 |  1642 |     - |    64M |   0 | 410 | 176 | 203 |  27 | 11 |   0 |   0 | 7.563293e+03 |      --      |    Inf | unknown
  0.5s|     1 |     0 |  1659 |     - |    64M |   0 | 410 | 176 | 204 |  28 | 12 |   0 |   0 | 7.562887e+03 |      --      |    Inf | unknown
  0.5s|     1 |     0 |  1676 |     - |    64M |   0 | 410 | 176 | 205 |  29 | 13 |   0 |   0 | 7.562550e+03 |      --      |    Inf | unknown
  0.5s|     1 |     0 |  1692 |     - |    64M |   0 | 410 | 176 | 208 |  32 | 14 |   0 |   0 | 7.562351e+03 |      --      |    Inf | unknown
 time | node  | left  |LP iter|LP it/n|mem/heur|mdpt |vars |cons |rows |cuts |sepa|confs|strbr|  dualbound   | primalbound  |  gap   | compl. 
  0.5s|     1 |     0 |  1704 |     - |    65M |   0 | 410 | 176 | 210 |  34 | 15 |   0 |   0 | 7.562160e+03 |      --      |    Inf | unknown
  0.5s|     1 |     0 |  1727 |     - |    65M |   0 | 410 | 176 | 212 |  36 | 16 |   0 |   0 | 7.561859e+03 |      --      |    Inf | unknown
  0.5s|     1 |     0 |  1744 |     - |    65M |   0 | 410 | 176 | 211 |  37 | 17 |   0 |   0 | 7.561457e+03 |      --      |    Inf | unknown
  0.5s|     1 |     0 |  1760 |     - |    65M |   0 | 410 | 176 | 215 |  41 | 18 |   0 |   0 | 7.561222e+03 |      --      |    Inf | unknown
  0.6s|     1 |     0 |  1789 |     - |    65M |   0 | 410 | 176 | 217 |  43 | 19 |   0 |   0 | 7.560779e+03 |      --      |    Inf | unknown
  0.6s|     1 |     0 |  1801 |     - |    65M |   0 | 410 | 176 | 219 |  45 | 20 |   0 |   0 | 7.560422e+03 |      --      |    Inf | unknown
  0.6s|     1 |     0 |  1813 |     - |    65M |   0 | 410 | 176 | 222 |  48 | 21 |   0 |   0 | 7.560114e+03 |      --      |    Inf | unknown
d 0.6s|     1 |     0 |  1813 |     - |farkasdi|   0 | 410 | 176 | 222 |   0 | 21 |   0 |   0 | 7.560114e+03 | 3.053364e+03 | 147.60%| unknown
d 0.6s|     1 |     0 |  1921 |     - |farkasdi|   0 | 410 | 176 | 222 |   0 | 21 |   0 |   0 | 7.560114e+03 | 5.032090e+03 |  50.24%| unknown
d 0.6s|     1 |     0 |  1948 |     - |farkasdi|   0 | 410 | 176 | 222 |   0 | 21 |   0 |   0 | 7.560114e+03 | 5.502872e+03 |  37.38%| unknown
d 0.6s|     1 |     0 |  1959 |     - |farkasdi|   0 | 410 | 176 | 222 |   0 | 21 |   0 |   0 | 7.560114e+03 | 7.401245e+03 |   2.15%| unknown
  0.6s|     1 |     0 |  1959 |     - |    65M |   0 | 410 | 176 | 222 |  48 | 21 |   0 |   0 | 7.560114e+03 | 7.401245e+03 |   2.15%| unknown
  0.6s|     1 |     0 |  1959 |     - |    65M |   0 | 410 | 176 | 222 |  48 | 21 |   0 |   0 | 7.560114e+03 | 7.401245e+03 |   2.15%| unknown
  0.6s|     1 |     0 |  1961 |     - |    65M |   0 | 410 | 176 | 223 |  49 | 22 |   0 |   0 | 7.560112e+03 | 7.401245e+03 |   2.15%| unknown
  0.6s|     1 |     0 |  1964 |     - |    65M |   0 | 410 | 176 | 224 |  50 | 23 |   0 |   0 | 7.560109e+03 | 7.401245e+03 |   2.15%| unknown
(run 1, node 1) restarting after 42 global fixings of integer variables

(restart) converted 48 cuts from the global cut pool into linear constraints

presolving:
(round 1, fast)       42 del vars, 0 del conss, 0 add conss, 0 chg bounds, 0 chg sides, 0 chg coeffs, 0 upgd conss, 0 impls, 212 clqs
   (0.7s) running MILP presolver
   (0.7s) MILP presolver found nothing
(round 2, exhaustive) 42 del vars, 6 del conss, 0 add conss, 0 chg bounds, 0 chg sides, 0 chg coeffs, 0 upgd conss, 0 impls, 212 clqs
(round 3, exhaustive) 42 del vars, 7 del conss, 0 add conss, 0 chg bounds, 1 chg sides, 0 chg coeffs, 0 upgd conss, 0 impls, 212 clqs
(round 4, exhaustive) 42 del vars, 7 del conss, 0 add conss, 0 chg bounds, 1 chg sides, 0 chg coeffs, 36 upgd conss, 0 impls, 212 clqs
presolving (5 rounds: 5 fast, 4 medium, 4 exhaustive):
 42 deleted vars, 7 deleted constraints, 0 added constraints, 0 tightened bounds, 0 added holes, 1 changed sides, 0 changed coefficients
 0 implications, 212 cliques
presolved problem has 368 variables (368 bin, 0 int, 0 impl, 0 cont) and 217 constraints
     14 constraints of type <knapsack>
    192 constraints of type <setppc>
     11 constraints of type <linear>
Presolving Time: 0.02
transformed 4/4 original solutions to the transformed problem space

 time | node  | left  |LP iter|LP it/n|mem/heur|mdpt |vars |cons |rows |cuts |sepa|confs|strbr|  dualbound   | primalbound  |  gap   | compl. 
  0.7s|     1 |     0 |  3720 |     - |    61M |   0 | 368 | 217 | 217 |   0 |  0 |   0 |   0 | 7.560109e+03 | 7.401245e+03 |   2.15%| unknown
  0.8s|     1 |     0 |  3776 |     - |    61M |   0 | 368 | 217 | 218 |   1 |  1 |   0 |   0 | 7.558587e+03 | 7.401245e+03 |   2.13%| unknown
  0.8s|     1 |     0 |  3776 |     - |    61M |   0 | 368 | 217 | 218 |   1 |  1 |   0 |   0 | 7.558587e+03 | 7.401245e+03 |   2.13%| unknown
  0.8s|     1 |     0 |  3819 |     - |    61M |   0 | 368 | 217 | 219 |   2 |  2 |   0 |   0 | 7.557553e+03 | 7.401245e+03 |   2.11%| unknown
  0.9s|     1 |     0 |  3878 |     - |    64M |   0 | 368 | 217 | 221 |   4 |  3 |   0 |   0 | 7.556640e+03 | 7.401245e+03 |   2.10%| unknown
  0.9s|     1 |     0 |  3931 |     - |    65M |   0 | 368 | 217 | 222 |   5 |  4 |   0 |   0 | 7.556040e+03 | 7.401245e+03 |   2.09%| unknown
  1.0s|     1 |     0 |  3960 |     - |    65M |   0 | 368 | 217 | 223 |   6 |  5 |   0 |   0 | 7.555540e+03 | 7.401245e+03 |   2.08%| unknown
  1.0s|     1 |     0 |  4000 |     - |    66M |   0 | 368 | 217 | 224 |   7 |  6 |   0 |   0 | 7.555078e+03 | 7.401245e+03 |   2.08%| unknown
  1.1s|     1 |     0 |  4030 |     - |    67M |   0 | 368 | 217 | 226 |   9 |  7 |   0 |   0 | 7.554703e+03 | 7.401245e+03 |   2.07%| unknown
  1.1s|     1 |     0 |  4053 |     - |    70M |   0 | 368 | 217 | 228 |  11 |  8 |   0 |   0 | 7.554468e+03 | 7.401245e+03 |   2.07%| unknown
  1.2s|     1 |     0 |  4086 |     - |    71M |   0 | 368 | 217 | 229 |  12 |  9 |   0 |   0 | 7.554160e+03 | 7.401245e+03 |   2.07%| unknown
  1.2s|     1 |     0 |  4126 |     - |    82M |   0 | 368 | 217 | 231 |  14 | 10 |   0 |   0 | 7.553717e+03 | 7.401245e+03 |   2.06%| unknown
  1.3s|     1 |     0 |  4132 |     - |    82M |   0 | 368 | 217 | 232 |  15 | 11 |   0 |   0 | 7.553695e+03 | 7.401245e+03 |   2.06%| unknown
  1.3s|     1 |     0 |  4162 |     - |    82M |   0 | 368 | 217 | 233 |  16 | 12 |   0 |   0 | 7.553551e+03 | 7.401245e+03 |   2.06%| unknown
  1.3s|     1 |     0 |  4183 |     - |    82M |   0 | 368 | 217 | 235 |  18 | 13 |   0 |   0 | 7.553431e+03 | 7.401245e+03 |   2.06%| unknown
 time | node  | left  |LP iter|LP it/n|mem/heur|mdpt |vars |cons |rows |cuts |sepa|confs|strbr|  dualbound   | primalbound  |  gap   | compl. 
  1.3s|     1 |     0 |  4192 |     - |    82M |   0 | 368 | 217 | 217 |  19 | 14 |   0 |   0 | 7.553396e+03 | 7.401245e+03 |   2.06%| unknown
  1.4s|     1 |     0 |  4211 |     - |    82M |   0 | 368 | 217 | 219 |  21 | 15 |   0 |   0 | 7.553274e+03 | 7.401245e+03 |   2.05%| unknown
  1.4s|     1 |     0 |  4229 |     - |    82M |   0 | 368 | 217 | 220 |  22 | 16 |   0 |   0 | 7.553188e+03 | 7.401245e+03 |   2.05%| unknown
d 1.4s|     1 |     0 |  4432 |     - |farkasdi|   0 | 368 | 217 | 220 |   0 | 16 |   0 |   0 | 7.553188e+03 | 7.402955e+03 |   2.03%| unknown
  1.4s|     1 |     0 |  4432 |     - |    82M |   0 | 368 | 217 | 220 |  22 | 16 |   0 |   0 | 7.553188e+03 | 7.402955e+03 |   2.03%| unknown
  1.4s|     1 |     0 |  4447 |     - |    82M |   0 | 368 | 217 | 222 |  24 | 17 |   0 |   0 | 7.553083e+03 | 7.402955e+03 |   2.03%| unknown
  1.4s|     1 |     0 |  4452 |     - |    82M |   0 | 368 | 217 | 217 |  25 | 18 |   0 |   0 | 7.553074e+03 | 7.402955e+03 |   2.03%| unknown
  1.6s|     1 |     2 |  4452 |     - |    82M |   0 | 368 | 217 | 217 |  25 | 18 |   0 |  19 | 7.548138e+03 | 7.402955e+03 |   1.96%| unknown
* 1.7s|     3 |     2 |  4698 | 198.3 |strongbr|   2 | 368 | 217 | 204 |  25 |  1 |   0 |  53 | 7.535900e+03 | 7.430036e+03 |   1.42%| unknown
* 1.8s|     3 |     2 |  4787 | 228.0 |strongbr|   2 | 368 | 225 | 204 |  25 |  4 |   8 |  84 | 7.535900e+03 | 7.430821e+03 |   1.41%| unknown
* 1.8s|     3 |     2 |  4837 | 244.7 |    LP  |   2 | 368 | 230 | 204 |  25 |  7 |  13 |  96 | 7.535900e+03 | 7.441494e+03 |   1.27%| unknown
* 2.0s|     5 |     2 |  5039 | 187.2 |strongbr|   3 | 368 | 243 | 204 |  25 |  6 |  26 | 171 | 7.511865e+03 | 7.442965e+03 |   0.93%|  20.28%
* 2.1s|     7 |     2 |  5180 | 153.9 |    LP  |   4 | 368 | 265 | 204 |  25 |  1 |  48 | 208 | 7.511865e+03 | 7.450055e+03 |   0.83%|  29.53%

SCIP Status        : problem is solved [optimal solution found]
Solving Time (sec) : 2.25
Solving Nodes      : 9 (total of 10 nodes in 2 runs)
Primal Bound       : +7.45005544172901e+03 (174 solutions)
Dual Bound         : +7.45005544172901e+03
Gap                : 0.00 %
