presolving:
(round 1, fast)       0 del vars, 1 del conss, 0 add conss, 0 chg bounds, 0 chg sides, 0 chg coeffs, 0 upgd conss, 0 impls, 197 clqs
(round 2, fast)       1 del vars, 1 del conss, 0 add conss, 0 chg bounds, 0 chg sides, 0 chg coeffs, 0 upgd conss, 0 impls, 197 clqs
   (0.0s) running MILP presolver
   (0.0s) MILP presolver (2 rounds): 0 aggregations, 9 fixings, 0 bound changes
(round 3, medium)     10 del vars, 1 del conss, 0 add conss, 0 chg bounds, 0 chg sides, 0 chg coeffs, 0 upgd conss, 0 impls, 197 clqs
(round 4, exhaustive) 10 del vars, 4 del conss, 0 add conss, 0 chg bounds, 3 chg sides, 0 chg coeffs, 0 upgd conss, 0 impls, 197 clqs
(round 5, exhaustive) 10 del vars, 4 del conss, 0 add conss, 0 chg bounds, 3 chg sides, 0 chg coeffs, 194 upgd conss, 0 impls, 197 clqs
(round 6, medium)     42 del vars, 4 del conss, 0 add conss, 0 chg bounds, 3 chg sides, 32 chg coeffs, 194 upgd conss, 0 impls, 197 clqs
(round 7, fast)       47 del vars, 4 del conss, 0 add conss, 0 chg bounds, 3 chg sides, 32 chg coeffs, 194 upgd conss, 0 impls, 197 clqs
(round 8, exhaustive) 47 del vars, 7 del conss, 0 add conss, 0 chg bounds, 3 chg sides, 32 chg coeffs, 194 upgd conss, 0 impls, 197 clqs
   (0.0s) probing: 51/453 (11.3%) - 0 fixings, 0 aggregations, 0 implications, 0 bound changes
   (0.0s) probing aborted: 50/50 successive totally useless probings
   (0.0s) symmetry computation started: requiring (bin +, int +, cont +), (fixed: bin -, int -, cont -)
   (0.0s) no symmetry present (symcode time: 0.00)
presolving (9 rounds: 9 fast, 6 medium, 4 exhaustive):
 47 deleted vars, 7 deleted constraints, 0 added constraints, 0 tightened bounds, 0 added holes, 3 changed sides, 32 changed coefficients
 0 implications, 197 cliques
presolved problem has 453 variables (453 bin, 0 int, 0 impl, 0 cont) and 191 constraints
    191 constraints of type <setppc>
Presolving Time: 0.01

 time | node  | left  |LP iter|LP it/n|mem/heur|mdpt |vars |cons |rows |cuts |sepa|confs|strbr|  dualbound   | primalbound  |  gap   | compl. 
  0.1s|     1 |     0 |  1578 |     - |  5527k |   0 | 453 | 191 | 191 |   0 |  0 |   0 |   0 | 7.904125e+03 |      --      |    Inf | unknown
  0.1s|     1 |     0 |  1601 |     - |    18M |   0 | 453 | 191 | 193 |   2 |  1 |   0 |   0 | 7.888825e+03 |      --      |    Inf | unknown
  0.2s|     1 |     0 |  1628 |     - |    28M |   0 | 453 | 191 | 195 |   4 |  2 |   0 |   0 | 7.877690e+03 |      --      |    Inf | unknown
  0.2s|     1 |     0 |  1654 |     - |    31M |   0 | 453 | 191 | 196 |   5 |  3 |   0 |   0 | 7.872231e+03 |      --      |    Inf | unknown
  0.2s|     1 |     0 |  1678 |     - |    38M |   0 | 453 | 191 | 197 |   6 |  4 |   0 |   0 | 7.870626e+03 |      --      |    Inf | unknown
  0.3s|     1 |     0 |  1712 |     - |    40M |   0 | 453 | 191 | 201 |  10 |  5 |   0 |   0 | 7.868523e+03 |      --      |    Inf | unknown
  0.3s|     1 |     0 |  1729 |     - |    45M |   0 | 453 | 191 | 206 |  15 |  6 |   0 |   0 | 7.866932e+03 |      --      |    Inf | unknown
  0.4s|     1 |     0 |  1786 |     - |    56M |   0 | 453 | 191 | 207 |  16 |  7 |   0 |   0 | 7.861095e+03 |      --      |    Inf | unknown
  0.4s|     1 |     0 |  1838 |     - |    62M |   0 | 453 | 191 | 209 |  18 |  8 |   0 |   0 | 7.855578e+03 |      --      |    Inf | unknown
  0.4s|     1 |     0 |  1862 |     - |    67M |   0 | 453 | 191 | 210 |  19 |  9 |   0 |   0 | 7.853810e+03 |      --      |    Inf | unknown
  0.5s|     1 |     0 |  1891 |     - |    72M |   0 | 453 | 191 | 211 |  20 | 10 |   0 |   0 | 7.852724e+03 |      --      |    Inf | unknown
  0.5s|     1 |     0 |  1920 |     - |    74M |   0 | 453 | 191 | 214 |  23 | 11 |   0 |   0 | 7.851912e+03 |      --      |    Inf | unknown
  0.5s|     1 |     0 |  1942 |     - |    75M |   0 | 453 | 191 | 216 |  25 | 12 |   0 |   0 | 7.851753e+03 |      --      |    Inf | unknown
  0.5s|     1 |     0 |  1964 |     - |    75M |   0 | 453 | 191 | 219 |  28 | 13 |   0 |   0 | 7.851483e+03 |      --      |    Inf | unknown
  0.6s|     1 |     0 |  1978 |     - |    75M |   0 | 453 | 191 | 220 |  29 | 14 |   0 |   0 | 7.851276e+03 |      --      |    Inf | unknown
 time | node  | left  |LP iter|LP it/n|mem/heur|mdpt |vars |cons |rows |cuts |sepa|confs|strbr|  dualbound   | primalbound  |  gap   | compl. 
  0.6s|     1 |     0 |  2031 |     - |    75M |   0 | 453 | 191 | 223 |  32 | 15 |   0 |   0 | 7.850329e+03 |      --      |    Inf | unknown
  0.6s|     1 |     0 |  2040 |     - |    75M |   0 | 453 | 191 | 224 |  33 | 16 |   0 |   0 | 7.850252e+03 |      --      |    Inf | unknown
  0.6s|     1 |     0 |  2043 |     - |    75M |   0 | 453 | 191 | 222 |  34 | 17 |   0 |   0 | 7.850238e+03 |      --      |    Inf | unknown
  0.6s|     1 |     0 |  2060 |     - |    75M |   0 | 453 | 191 | 223 |  35 | 18 |   0 |   0 | 7.850089e+03 |      --      |    Inf | unknown
  0.7s|     1 |     0 |  2068 |     - |    75M |   0 | 453 | 191 | 224 |  36 | 19 |   0 |   0 | 7.850068e+03 |      --      |    Inf | unknown
  0.7s|     1 |     0 |  2099 |     - |    75M |   0 | 453 | 191 | 226 |  38 | 20 |   0 |   0 | 7.849744e+03 |      --      |    Inf | unknown
  0.7s|     1 |     0 |  2123 |     - |    75M |   0 | 453 | 191 | 228 |  40 | 21 |   0 |   0 | 7.849535e+03 |      --      |    Inf | unknown
  0.7s|     1 |     0 |  2134 |     - |    75M |   0 | 453 | 191 | 229 |  41 | 22 |   0 |   0 | 7.849469e+03 |      --      |    Inf | unknown
  0.7s|     1 |     0 |  2164 |     - |    75M |   0 | 453 | 191 | 229 |  43 | 23 |   0 |   0 | 7.849184e+03 |      --      |    Inf | unknown
  0.7s|     1 |     0 |  2176 |     - |    75M |   0 | 453 | 191 | 231 |  45 | 24 |   0 |   0 | 7.848939e+03 |      --      |    Inf | unknown
  0.8s|     1 |     0 |  2183 |     - |    75M |   0 | 453 | 191 | 232 |  46 | 25 |   0 |   0 | 7.848884e+03 |      --      |    Inf | unknown
d 0.8s|     1 |     0 |  2183 |     - |farkasdi|   0 | 453 | 191 | 232 |   0 | 25 |   0 |   0 | 7.848884e+03 | 2.534791e+03 | 209.65%| unknown
d 0.8s|     1 |     0 |  2444 |     - |farkasdi|   0 | 453 | 191 | 232 |   0 | 25 |   0 |   0 | 7.848884e+03 | 3.765491e+03 | 108.44%| unknown
d 0.8s|     1 |     0 |  2506 |     - |farkasdi|   0 | 453 | 191 | 232 |   0 | 25 |   0 |   0 | 7.848884e+03 | 4.152782e+03 |  89.00%| unknown
d 0.8s|     1 |     0 |  2549 |     - |farkasdi|   0 | 453 | 191 | 232 |   0 | 25 |   0 |   0 | 7.848884e+03 | 5.485373e+03 |  43.09%| unknown
 time | node  | left  |LP iter|LP it/n|mem/heur|mdpt |vars |cons |rows |cuts |sepa|confs|strbr|  dualbound   | primalbound  |  gap   | compl. 
d 0.8s|     1 |     0 |  2559 |     - |farkasdi|   0 | 453 | 191 | 232 |   0 | 25 |   0 |   0 | 7.848884e+03 | 7.347078e+03 |   6.83%| unknown
  0.8s|     1 |     0 |  2559 |     - |    75M |   0 | 453 | 191 | 232 |  46 | 25 |   0 |   0 | 7.848884e+03 | 7.347078e+03 |   6.83%| unknown
  0.8s|     1 |     0 |  2588 |     - |    75M |   0 | 453 | 191 | 235 |  49 | 26 |   0 |   0 | 7.848448e+03 | 7.347078e+03 |   6.82%| unknown
  0.8s|     1 |     0 |  2593 |     - |    75M |   0 | 453 | 191 | 236 |  50 | 27 |   0 |   0 | 7.848390e+03 | 7.347078e+03 |   6.82%| unknown
  1.1s|     1 |     2 |  2593 |     - |    75M |   0 | 453 | 191 | 236 |  50 | 27 |   0 |  41 | 7.834448e+03 | 7.347078e+03 |   6.63%| unknown
* 1.2s|     4 |     3 |  2887 | 223.3 |strongbr|   3 | 453 | 191 | 218 |  50 |  1 |   0 |  73 | 7.834448e+03 | 7.642410e+03 |   2.51%| unknown
* 1.2s|     4 |     3 |  2902 | 228.3 |strongbr|   3 | 453 | 195 | 218 |  50 |  4 |   4 |  78 | 7.834448e+03 | 7.667064e+03 |   2.18%| unknown
* 1.3s|     5 |     2 |  3015 | 199.5 |strongbr|   3 | 453 | 205 | 218 |  50 |  5 |  14 | 112 | 7.834448e+03 | 7.669600e+03 |   2.15%|   7.39%
* 1.4s|     8 |     3 |  3249 | 147.4 |strongbr|   3 | 453 | 207 | 218 |  50 |  1 |  16 | 147 | 7.825365e+03 | 7.698980e+03 |   1.64%|  14.09%
* 1.5s|     9 |     2 |  3352 | 141.9 |strongbr|   3 | 453 | 220 | 218 |  50 |  8 |  29 | 210 | 7.825365e+03 | 7.738978e+03 |   1.12%|  18.68%
* 1.6s|    12 |     1 |  3547 | 120.9 |strongbr|   4 | 453 | 226 | 218 |  50 |  2 |  35 | 228 | 7.825365e+03 | 7.740233e+03 |   1.10%|  48.98%

SCIP Status        : problem is solved [optimal solution found]
Solving Time (sec) : 1.63
Solving Nodes      : 13
Primal Bound       : +7.74023313911902e+03 (194 solutions)
Dual Bound         : +7.74023313911902e+03
Gap                : 0.00 %
