presolving:
(round 1, fast)       0 del vars, 1 del conss, 0 add conss, 0 chg bounds, 0 chg sides, 0 chg coeffs, 0 upgd conss, 0 impls, 191 clqs
   (0.0s) running MILP presolver
   (0.0s) MILP presolver (2 rounds): 0 aggregations, 12 fixings, 0 bound changes
(round 2, medium)     12 del vars, 1 del conss, 0 add conss, 0 chg bounds, 0 chg sides, 0 chg coeffs, 0 upgd conss, 0 impls, 191 clqs
(round 3, exhaustive) 12 del vars, 5 del conss, 0 add conss, 0 chg bounds, 4 chg sides, 0 chg coeffs, 0 upgd conss, 0 impls, 191 clqs
(round 4, exhaustive) 12 del vars, 5 del conss, 0 add conss, 0 chg bounds, 4 chg sides, 0 chg coeffs, 187 upgd conss, 0 impls, 191 clqs
(round 5, medium)     52 del vars, 5 del conss, 0 add conss, 0 chg bounds, 4 chg sides, 40 chg coeffs, 187 upgd conss, 0 impls, 191 clqs
(round 6, fast)       66 del vars, 6 del conss, 0 add conss, 0 chg bounds, 4 chg sides, 40 chg coeffs, 187 upgd conss, 0 impls, 189 clqs
(round 7, exhaustive) 66 del vars, 14 del conss, 0 add conss, 0 chg bounds, 4 chg sides, 40 chg coeffs, 187 upgd conss, 0 impls, 189 clqs
   (0.0s) probing: 51/434 (11.8%) - 0 fixings, 0 aggregations, 0 implications, 0 bound changes
   (0.0s) probing aborted: 50/50 successive totally useless probings
   (0.0s) symmetry computation started: requiring (bin +, int +, cont +), (fixed: bin -, int -, cont -)
   (0.0s) no symmetry present (symcode time: 0.00)
presolving (8 rounds: 8 fast, 6 medium, 4 exhaustive):
 66 deleted vars, 14 deleted constraints, 0 added constraints, 0 tightened bounds, 0 added holes, 4 changed sides, 40 changed coefficients
 0 implications, 189 cliques
presolved problem has 434 variables (434 bin, 0 int, 0 impl, 0 cont) and 178 constraints
    178 constraints of type <setppc>
Presolving Time: 0.01

 time | node  | left  |LP iter|LP it/n|mem/heur|mdpt |vars |cons |rows |cuts |sepa|confs|strbr|  dualbound   | primalbound  |  gap   | compl. 
  0.1s|     1 |     0 |  1719 |     - |  5577k |   0 | 434 | 178 | 178 |   0 |  0 |   0 |   0 | 7.853631e+03 |      --      |    Inf | unknown
  0.1s|     1 |     0 |  1747 |     - |    19M |   0 | 434 | 178 | 180 |   2 |  1 |   0 |   0 | 7.830640e+03 |      --      |    Inf | unknown
  0.2s|     1 |     0 |  1774 |     - |    27M |   0 | 434 | 178 | 184 |   6 |  2 |   0 |   0 | 7.817324e+03 |      --      |    Inf | unknown
  0.2s|     1 |     0 |  1802 |     - |    36M |   0 | 434 | 178 | 186 |   8 |  3 |   0 |   0 | 7.807593e+03 |      --      |    Inf | unknown
  0.3s|     1 |     0 |  1826 |     - |    41M |   0 | 434 | 178 | 188 |  10 |  4 |   0 |   0 | 7.803453e+03 |      --      |    Inf | unknown
  0.3s|     1 |     0 |  1846 |     - |    47M |   0 | 434 | 178 | 189 |  11 |  5 |   0 |   0 | 7.801017e+03 |      --      |    Inf | unknown
  0.3s|     1 |     0 |  1862 |     - |    51M |   0 | 434 | 178 | 191 |  13 |  6 |   0 |   0 | 7.798824e+03 |      --      |    Inf | unknown
  0.4s|     1 |     0 |  1886 |     - |    58M |   0 | 434 | 178 | 192 |  14 |  7 |   0 |   0 | 7.796619e+03 |      --      |    Inf | unknown
  0.4s|     1 |     0 |  1928 |     - |    65M |   0 | 434 | 178 | 194 |  16 |  8 |   0 |   0 | 7.795253e+03 |      --      |    Inf | unknown
  0.5s|     1 |     0 |  1961 |     - |    70M |   0 | 434 | 178 | 196 |  18 |  9 |   0 |   0 | 7.793436e+03 |      --      |    Inf | unknown
  0.5s|     1 |     0 |  2002 |     - |    79M |   0 | 434 | 178 | 198 |  20 | 10 |   0 |   0 | 7.792254e+03 |      --      |    Inf | unknown
  0.5s|     1 |     0 |  2036 |     - |    79M |   0 | 434 | 178 | 203 |  25 | 11 |   0 |   0 | 7.791604e+03 |      --      |    Inf | unknown
  0.6s|     1 |     0 |  2058 |     - |    79M |   0 | 434 | 178 | 204 |  26 | 12 |   0 |   0 | 7.791463e+03 |      --      |    Inf | unknown
  0.6s|     1 |     0 |  2077 |     - |    79M |   0 | 434 | 178 | 206 |  28 | 13 |   0 |   0 | 7.791269e+03 |      --      |    Inf | unknown
  0.6s|     1 |     0 |  2086 |     - |    79M |   0 | 434 | 178 | 208 |  30 | 14 |   0 |   0 | 7.791250e+03 |      --      |    Inf | unknown
 time | node  | left  |LP iter|LP it/n|mem/heur|mdpt |vars |cons |rows |cuts |sepa|confs|strbr|  dualbound   | primalbound  |  gap   | compl. 
  0.6s|     1 |     0 |  2098 |     - |    79M |   0 | 434 | 178 | 209 |  31 | 15 |   0 |   0 | 7.790879e+03 |      --      |    Inf | unknown
  0.6s|     1 |     0 |  2111 |     - |    79M |   0 | 434 | 178 | 210 |  32 | 16 |   0 |   0 | 7.790767e+03 |      --      |    Inf | unknown
  0.6s|     1 |     0 |  2133 |     - |    79M |   0 | 434 | 178 | 212 |  35 | 17 |   0 |   0 | 7.790620e+03 |      --      |    Inf | unknown
  0.7s|     1 |     0 |  2167 |     - |    79M |   0 | 434 | 178 | 213 |  36 | 18 |   0 |   0 | 7.790512e+03 |      --      |    Inf | unknown
  0.7s|     1 |     0 |  2177 |     - |    79M |   0 | 434 | 178 | 215 |  38 | 19 |   0 |   0 | 7.790491e+03 |      --      |    Inf | unknown
  0.7s|     1 |     0 |  2186 |     - |    79M |   0 | 434 | 178 | 217 |  40 | 20 |   0 |   0 | 7.790466e+03 |      --      |    Inf | unknown
  0.7s|     1 |     0 |  2194 |     - |    79M |   0 | 434 | 178 | 218 |  41 | 21 |   0 |   0 | 7.790455e+03 |      --      |    Inf | unknown
d 0.7s|     1 |     0 |  2194 |     - |farkasdi|   0 | 434 | 178 | 218 |   0 | 21 |   0 |   0 | 7.790455e+03 | 2.998587e+03 | 159.80%| unknown
d 0.7s|     1 |     0 |  2465 |     - |farkasdi|   0 | 434 | 178 | 218 |   0 | 21 |   0 |   0 | 7.790455e+03 | 3.890285e+03 | 100.25%| unknown
d 0.7s|     1 |     0 |  2542 |     - |farkasdi|   0 | 434 | 178 | 218 |   0 | 21 |   0 |   0 | 7.790455e+03 | 4.673574e+03 |  66.69%| unknown
d 0.7s|     1 |     0 |  2569 |     - |farkasdi|   0 | 434 | 178 | 218 |   0 | 21 |   0 |   0 | 7.790455e+03 | 6.917199e+03 |  12.62%| unknown
d 0.7s|     1 |     0 |  2577 |     - |farkasdi|   0 | 434 | 178 | 218 |   0 | 21 |   0 |   0 | 7.790455e+03 | 7.207204e+03 |   8.09%| unknown
  0.7s|     1 |     0 |  2577 |     - |    79M |   0 | 434 | 178 | 218 |  41 | 21 |   0 |   0 | 7.790455e+03 | 7.207204e+03 |   8.09%| unknown
  0.8s|     1 |     0 |  2588 |     - |    79M |   0 | 434 | 178 | 219 |  42 | 22 |   0 |   0 | 7.790438e+03 | 7.207204e+03 |   8.09%| unknown
  0.8s|     1 |     0 |  2628 |     - |    79M |   0 | 434 | 178 | 222 |  45 | 23 |   0 |   0 | 7.790010e+03 | 7.207204e+03 |   8.09%| unknown
 time | node  | left  |LP iter|LP it/n|mem/heur|mdpt |vars |cons |rows |cuts |sepa|confs|strbr|  dualbound   | primalbound  |  gap   | compl. 
  1.1s|     1 |     2 |  2628 |     - |    79M |   0 | 434 | 178 | 222 |  45 | 23 |   0 |  39 | 7.778759e+03 | 7.207204e+03 |   7.93%| unknown
* 1.3s|     5 |     4 |  2943 | 174.5 |strongbr|   4 | 434 | 178 | 203 |  45 |  1 |   0 |  88 | 7.778759e+03 | 7.285038e+03 |   6.78%| unknown
* 1.3s|     6 |     3 |  2967 | 144.4 |strongbr|   4 | 434 | 180 | 203 |  45 |  1 |   2 |  93 | 7.778759e+03 | 7.427356e+03 |   4.73%|   3.60%
* 1.3s|     6 |     3 |  2982 | 147.4 |strongbr|   4 | 434 | 180 | 203 |  45 |  2 |   2 | 134 | 7.778759e+03 | 7.448376e+03 |   4.44%|   3.60%
* 1.3s|     6 |     3 |  2995 | 150.0 |strongbr|   4 | 434 | 181 | 203 |  45 |  3 |   3 | 139 | 7.778759e+03 | 7.456776e+03 |   4.32%|   3.60%
* 1.7s|    17 |     6 |  3625 |  86.2 |strongbr|   5 | 434 | 197 | 203 |  45 |  2 |  19 | 305 | 7.768145e+03 | 7.473082e+03 |   3.95%|   9.95%
* 1.8s|    18 |     5 |  3652 |  82.8 |strongbr|   5 | 434 | 199 | 203 |  45 |  1 |  23 | 312 | 7.768145e+03 | 7.561966e+03 |   2.73%|  12.24%
* 1.9s|    22 |     5 |  3873 |  77.5 |strongbr|   5 | 434 | 201 | 203 |  45 |  1 |  25 | 365 | 7.768145e+03 | 7.616997e+03 |   1.98%|  17.95%
* 2.0s|    24 |     5 |  4020 |  77.2 |strongbr|   6 | 434 | 211 | 203 |  45 |  1 |  35 | 406 | 7.768145e+03 | 7.636799e+03 |   1.72%|  20.31%
* 2.0s|    25 |     4 |  4052 |  75.3 |strongbr|   6 | 434 | 213 | 203 |  45 |  1 |  37 | 411 | 7.768145e+03 | 7.648170e+03 |   1.57%|  20.88%
* 2.0s|    25 |     4 |  4114 |  77.9 |strongbr|   6 | 434 | 217 | 203 |  45 |  4 |  41 | 428 | 7.768145e+03 | 7.650462e+03 |   1.54%|  20.88%

SCIP Status        : problem is solved [optimal solution found]
Solving Time (sec) : 2.50
Solving Nodes      : 33
Primal Bound       : +7.65046209077090e+03 (260 solutions)
Dual Bound         : +7.65046209077090e+03
Gap                : 0.00 %
