presolving:
(round 1, fast)       0 del vars, 1 del conss, 0 add conss, 0 chg bounds, 0 chg sides, 0 chg coeffs, 0 upgd conss, 0 impls, 188 clqs
   (0.0s) running MILP presolver
   (0.0s) MILP presolver (2 rounds): 0 aggregations, 30 fixings, 0 bound changes
(round 2, medium)     30 del vars, 1 del conss, 0 add conss, 0 chg bounds, 0 chg sides, 0 chg coeffs, 0 upgd conss, 0 impls, 186 clqs
(round 3, fast)       30 del vars, 3 del conss, 0 add conss, 0 chg bounds, 0 chg sides, 0 chg coeffs, 0 upgd conss, 0 impls, 186 clqs
(round 4, exhaustive) 30 del vars, 6 del conss, 0 add conss, 0 chg bounds, 3 chg sides, 0 chg coeffs, 0 upgd conss, 0 impls, 186 clqs
(round 5, exhaustive) 30 del vars, 6 del conss, 0 add conss, 0 chg bounds, 3 chg sides, 0 chg coeffs, 183 upgd conss, 0 impls, 186 clqs
(round 6, medium)     75 del vars, 6 del conss, 0 add conss, 0 chg bounds, 3 chg sides, 45 chg coeffs, 183 upgd conss, 0 impls, 186 clqs
(round 7, fast)       111 del vars, 10 del conss, 0 add conss, 0 chg bounds, 3 chg sides, 45 chg coeffs, 183 upgd conss, 0 impls, 181 clqs
   (0.0s) running MILP presolver
   (0.0s) MILP presolver (2 rounds): 0 aggregations, 1 fixings, 0 bound changes
(round 8, medium)     112 del vars, 10 del conss, 0 add conss, 0 chg bounds, 3 chg sides, 45 chg coeffs, 183 upgd conss, 0 impls, 181 clqs
(round 9, exhaustive) 112 del vars, 13 del conss, 0 add conss, 0 chg bounds, 3 chg sides, 45 chg coeffs, 183 upgd conss, 0 impls, 181 clqs
   (0.0s) probing: 51/388 (13.1%) - 0 fixings, 0 aggregations, 0 implications, 0 bound changes
   (0.0s) probing aborted: 50/50 successive totally useless probings
   (0.0s) symmetry computation started: requiring (bin +, int +, cont +), (fixed: bin -, int -, cont -)
   (0.0s) no symmetry present (symcode time: 0.00)
presolving (10 rounds: 10 fast, 7 medium, 4 exhaustive):
 112 deleted vars, 13 deleted constraints, 0 added constraints, 0 tightened bounds, 0 added holes, 3 changed sides, 45 changed coefficients
 0 implications, 181 cliques
presolved problem has 388 variables (388 bin, 0 int, 0 impl, 0 cont) and 176 constraints
    176 constraints of type <setppc>
Presolving Time: 0.01

 time | node  | left  |LP iter|LP it/n|mem/heur|mdpt |vars |cons |rows |cuts |sepa|confs|strbr|  dualbound   | primalbound  |  gap   | compl. 
  0.0s|     1 |     0 |  1080 |     - |  5037k |   0 | 388 | 176 | 176 |   0 |  0 |   0 |   0 | 7.075884e+03 |      --      |    Inf | unknown
  0.1s|     1 |     0 |  1105 |     - |    10M |   0 | 388 | 176 | 178 |   2 |  1 |   0 |   0 | 7.064350e+03 |      --      |    Inf | unknown
  0.1s|     1 |     0 |  1128 |     - |    16M |   0 | 388 | 176 | 180 |   4 |  2 |   0 |   0 | 7.059213e+03 |      --      |    Inf | unknown
  0.2s|     1 |     0 |  1177 |     - |    21M |   0 | 388 | 176 | 183 |   7 |  3 |   0 |   0 | 7.053986e+03 |      --      |    Inf | unknown
  0.2s|     1 |     0 |  1210 |     - |    25M |   0 | 388 | 176 | 187 |  11 |  4 |   0 |   0 | 7.046647e+03 |      --      |    Inf | unknown
  0.2s|     1 |     0 |  1232 |     - |    31M |   0 | 388 | 176 | 188 |  12 |  5 |   0 |   0 | 7.042681e+03 |      --      |    Inf | unknown
  0.2s|     1 |     0 |  1240 |     - |    34M |   0 | 388 | 176 | 189 |  13 |  6 |   0 |   0 | 7.041412e+03 |      --      |    Inf | unknown
  0.3s|     1 |     0 |  1273 |     - |    37M |   0 | 388 | 176 | 191 |  15 |  7 |   0 |   0 | 7.037689e+03 |      --      |    Inf | unknown
  0.3s|     1 |     0 |  1299 |     - |    43M |   0 | 388 | 176 | 193 |  17 |  8 |   0 |   0 | 7.035498e+03 |      --      |    Inf | unknown
  0.3s|     1 |     0 |  1331 |     - |    46M |   0 | 388 | 176 | 195 |  19 |  9 |   0 |   0 | 7.033698e+03 |      --      |    Inf | unknown
  0.4s|     1 |     0 |  1378 |     - |    51M |   0 | 388 | 176 | 196 |  20 | 10 |   0 |   0 | 7.032105e+03 |      --      |    Inf | unknown
  0.4s|     1 |     0 |  1391 |     - |    51M |   0 | 388 | 176 | 198 |  22 | 11 |   0 |   0 | 7.031720e+03 |      --      |    Inf | unknown
  0.4s|     1 |     0 |  1422 |     - |    51M |   0 | 388 | 176 | 200 |  24 | 12 |   0 |   0 | 7.030655e+03 |      --      |    Inf | unknown
  0.4s|     1 |     0 |  1450 |     - |    51M |   0 | 388 | 176 | 202 |  26 | 13 |   0 |   0 | 7.029706e+03 |      --      |    Inf | unknown
  0.4s|     1 |     0 |  1471 |     - |    52M |   0 | 388 | 176 | 204 |  28 | 14 |   0 |   0 | 7.029291e+03 |      --      |    Inf | unknown
 time | node  | left  |LP iter|LP it/n|mem/heur|mdpt |vars |cons |rows |cuts |sepa|confs|strbr|  dualbound   | primalbound  |  gap   | compl. 
  0.4s|     1 |     0 |  1482 |     - |    52M |   0 | 388 | 176 | 206 |  30 | 15 |   0 |   0 | 7.028964e+03 |      --      |    Inf | unknown
  0.4s|     1 |     0 |  1495 |     - |    52M |   0 | 388 | 176 | 207 |  31 | 16 |   0 |   0 | 7.028499e+03 |      --      |    Inf | unknown
  0.4s|     1 |     0 |  1509 |     - |    52M |   0 | 388 | 176 | 210 |  34 | 17 |   0 |   0 | 7.027703e+03 |      --      |    Inf | unknown
  0.5s|     1 |     0 |  1513 |     - |    52M |   0 | 388 | 176 | 211 |  35 | 18 |   0 |   0 | 7.027688e+03 |      --      |    Inf | unknown
  0.5s|     1 |     0 |  1515 |     - |    52M |   0 | 388 | 176 | 212 |  36 | 19 |   0 |   0 | 7.027688e+03 |      --      |    Inf | unknown
  0.5s|     1 |     0 |  1541 |     - |    52M |   0 | 388 | 176 | 213 |  37 | 20 |   0 |   0 | 7.027206e+03 |      --      |    Inf | unknown
  0.5s|     1 |     0 |  1550 |     - |    52M |   0 | 388 | 176 | 214 |  38 | 21 |   0 |   0 | 7.027182e+03 |      --      |    Inf | unknown
  0.5s|     1 |     0 |  1559 |     - |    52M |   0 | 388 | 176 | 215 |  39 | 22 |   0 |   0 | 7.027092e+03 |      --      |    Inf | unknown
  0.5s|     1 |     0 |  1562 |     - |    52M |   0 | 388 | 176 | 211 |  40 | 23 |   0 |   0 | 7.027082e+03 |      --      |    Inf | unknown
  0.5s|     1 |     0 |  1564 |     - |    52M |   0 | 388 | 176 | 212 |  41 | 24 |   0 |   0 | 7.027077e+03 |      --      |    Inf | unknown
  0.5s|     1 |     0 |  1588 |     - |    52M |   0 | 388 | 176 | 216 |  45 | 25 |   0 |   0 | 7.026673e+03 |      --      |    Inf | unknown
  0.6s|     1 |     0 |  1593 |     - |    52M |   0 | 388 | 176 | 217 |  46 | 26 |   0 |   0 | 7.026634e+03 |      --      |    Inf | unknown
  0.6s|     1 |     0 |  1594 |     - |    52M |   0 | 388 | 176 | 218 |  47 | 27 |   0 |   0 | 7.026634e+03 |      --      |    Inf | unknown
  0.6s|     1 |     0 |  1595 |     - |    52M |   0 | 388 | 176 | 219 |  48 | 28 |   0 |   0 | 7.026633e+03 |      --      |    Inf | unknown
  0.6s|     1 |     0 |  1596 |     - |    52M |   0 | 388 | 176 | 219 |  49 | 29 |   0 |   0 | 7.026632e+03 |      --      |    Inf | unknown
 time | node  | left  |LP iter|LP it/n|mem/heur|mdpt |vars |cons |rows |cuts |sepa|confs|strbr|  dualbound   | primalbound  |  gap   | compl. 
  0.6s|     1 |     0 |  1597 |     - |    52M |   0 | 388 | 176 | 220 |  50 | 30 |   0 |   0 | 7.026631e+03 |      --      |    Inf | unknown
  0.6s|     1 |     0 |  1603 |     - |    52M |   0 | 388 | 176 | 221 |  51 | 31 |   0 |   0 | 7.026625e+03 |      --      |    Inf | unknown
  0.6s|     1 |     0 |  1627 |     - |    52M |   0 | 388 | 176 | 225 |  55 | 32 |   0 |   0 | 7.026492e+03 |      --      |    Inf | unknown
  0.7s|     1 |     0 |  1648 |     - |    52M |   0 | 388 | 176 | 227 |  57 | 33 |   0 |   0 | 7.026387e+03 |      --      |    Inf | unknown
  0.7s|     1 |     0 |  1664 |     - |    52M |   0 | 388 | 176 | 229 |  59 | 34 |   0 |   0 | 7.026116e+03 |      --      |    Inf | unknown
d 0.7s|     1 |     0 |  1664 |     - |farkasdi|   0 | 388 | 176 | 229 |   0 | 35 |   0 |   0 | 7.026116e+03 | 3.705222e+03 |  89.63%| unknown
d 0.7s|     1 |     0 |  1760 |     - |farkasdi|   0 | 388 | 176 | 229 |   0 | 35 |   0 |   0 | 7.026116e+03 | 4.288826e+03 |  63.82%| unknown
d 0.7s|     1 |     0 |  1791 |     - |farkasdi|   0 | 388 | 176 | 229 |   0 | 35 |   0 |   0 | 7.026116e+03 | 5.778223e+03 |  21.60%| unknown
d 0.7s|     1 |     0 |  1800 |     - |farkasdi|   0 | 388 | 176 | 229 |   0 | 35 |   0 |   0 | 7.026116e+03 | 6.107953e+03 |  15.03%| unknown
d 0.7s|     1 |     0 |  1807 |     - |farkasdi|   0 | 388 | 176 | 229 |   0 | 35 |   0 |   0 | 7.026116e+03 | 6.928240e+03 |   1.41%| unknown
  0.7s|     1 |     0 |  1807 |     - |    52M |   0 | 388 | 176 | 229 |  59 | 35 |   0 |   0 | 7.026116e+03 | 6.928240e+03 |   1.41%| unknown
  0.7s|     1 |     0 |  1807 |     - |    52M |   0 | 388 | 176 | 212 |  59 | 35 |   0 |   0 | 7.026116e+03 | 6.928240e+03 |   1.41%| unknown
(run 1, node 1) restarting after 134 global fixings of integer variables

(restart) converted 53 cuts from the global cut pool into linear constraints

presolving:
(round 1, fast)       135 del vars, 0 del conss, 0 add conss, 0 chg bounds, 0 chg sides, 0 chg coeffs, 0 upgd conss, 0 impls, 185 clqs
   (0.7s) running MILP presolver
   (0.7s) MILP presolver found nothing
(round 2, medium)     136 del vars, 0 del conss, 0 add conss, 0 chg bounds, 0 chg sides, 1 chg coeffs, 0 upgd conss, 0 impls, 185 clqs
(round 3, exhaustive) 136 del vars, 11 del conss, 0 add conss, 0 chg bounds, 0 chg sides, 1 chg coeffs, 0 upgd conss, 0 impls, 185 clqs
(round 4, exhaustive) 136 del vars, 11 del conss, 0 add conss, 0 chg bounds, 0 chg sides, 1 chg coeffs, 37 upgd conss, 0 impls, 185 clqs
(round 5, exhaustive) 136 del vars, 11 del conss, 0 add conss, 0 chg bounds, 0 chg sides, 5 chg coeffs, 37 upgd conss, 0 impls, 185 clqs
(round 6, exhaustive) 136 del vars, 11 del conss, 0 add conss, 0 chg bounds, 0 chg sides, 8 chg coeffs, 37 upgd conss, 0 impls, 185 clqs
(round 7, exhaustive) 136 del vars, 11 del conss, 0 add conss, 0 chg bounds, 0 chg sides, 10 chg coeffs, 37 upgd conss, 0 impls, 185 clqs
(round 8, exhaustive) 136 del vars, 11 del conss, 0 add conss, 0 chg bounds, 0 chg sides, 11 chg coeffs, 37 upgd conss, 0 impls, 185 clqs
(round 9, exhaustive) 136 del vars, 11 del conss, 0 add conss, 0 chg bounds, 0 chg sides, 12 chg coeffs, 37 upgd conss, 0 impls, 185 clqs
(round 10, exhaustive) 136 del vars, 11 del conss, 0 add conss, 0 chg bounds, 0 chg sides, 13 chg coeffs, 37 upgd conss, 0 impls, 185 clqs
(round 11, exhaustive) 136 del vars, 11 del conss, 0 add conss, 0 chg bounds, 0 chg sides, 14 chg coeffs, 37 upgd conss, 0 impls, 185 clqs
(round 12, exhaustive) 136 del vars, 11 del conss, 0 add conss, 0 chg bounds, 0 chg sides, 15 chg coeffs, 37 upgd conss, 0 impls, 185 clqs
(round 13, exhaustive) 136 del vars, 11 del conss, 0 add conss, 0 chg bounds, 0 chg sides, 16 chg coeffs, 37 upgd conss, 0 impls, 185 clqs
(round 14, exhaustive) 136 del vars, 11 del conss, 0 add conss, 0 chg bounds, 0 chg sides, 17 chg coeffs, 37 upgd conss, 0 impls, 185 clqs
(round 15, exhaustive) 136 del vars, 14 del conss, 0 add conss, 0 chg bounds, 0 chg sides, 17 chg coeffs, 37 upgd conss, 0 impls, 185 clqs
presolving (16 rounds: 16 fast, 15 medium, 14 exhaustive):
 136 deleted vars, 14 deleted constraints, 0 added constraints, 0 tightened bounds, 0 added holes, 0 changed sides, 17 changed coefficients
 0 implications, 185 cliques
presolved problem has 252 variables (252 bin, 0 int, 0 impl, 0 cont) and 198 constraints
     13 constraints of type <knapsack>
    169 constraints of type <setppc>
     16 constraints of type <linear>
Presolving Time: 0.02
transformed 5/5 original solutions to the transformed problem space

 time | node  | left  |LP iter|LP it/n|mem/heur|mdpt |vars |cons |rows |cuts |sepa|confs|strbr|  dualbound   | primalbound  |  gap   | compl. 
  0.8s|     1 |     0 |  2885 |     - |    46M |   0 | 252 | 198 | 198 |   0 |  0 |   0 |   0 | 7.025709e+03 | 6.928240e+03 |   1.41%| unknown
  0.8s|     1 |     0 |  2885 |     - |    46M |   0 | 252 | 198 | 198 |   0 |  0 |   0 |   0 | 7.025709e+03 | 6.928240e+03 |   1.41%| unknown
  0.8s|     1 |     0 |  2950 |     - |    46M |   0 | 252 | 198 | 199 |   1 |  1 |   0 |   0 | 7.024369e+03 | 6.928240e+03 |   1.39%| unknown
  0.8s|     1 |     0 |  2984 |     - |    47M |   0 | 252 | 198 | 200 |   2 |  2 |   0 |   0 | 7.022888e+03 | 6.928240e+03 |   1.37%| unknown
  0.8s|     1 |     0 |  2984 |     - |    47M |   0 | 252 | 198 | 200 |   2 |  2 |   0 |   0 | 7.022888e+03 | 6.928240e+03 |   1.37%| unknown
  0.9s|     1 |     0 |  3029 |     - |    48M |   0 | 252 | 198 | 201 |   3 |  3 |   0 |   0 | 7.021927e+03 | 6.928240e+03 |   1.35%| unknown
  0.9s|     1 |     0 |  3029 |     - |    48M |   0 | 252 | 198 | 201 |   3 |  3 |   0 |   0 | 7.021927e+03 | 6.928240e+03 |   1.35%| unknown
  0.9s|     1 |     0 |  3061 |     - |    48M |   0 | 252 | 198 | 203 |   5 |  4 |   0 |   0 | 7.021723e+03 | 6.928240e+03 |   1.35%| unknown
  0.9s|     1 |     0 |  3071 |     - |    49M |   0 | 252 | 198 | 205 |   7 |  5 |   0 |   0 | 7.021636e+03 | 6.928240e+03 |   1.35%| unknown
  1.0s|     1 |     0 |  3087 |     - |    50M |   0 | 252 | 198 | 206 |   8 |  6 |   0 |   0 | 7.021510e+03 | 6.928240e+03 |   1.35%| unknown
  1.0s|     1 |     0 |  3140 |     - |    50M |   0 | 252 | 198 | 207 |   9 |  7 |   0 |   0 | 7.020871e+03 | 6.928240e+03 |   1.34%| unknown
  1.0s|     1 |     0 |  3140 |     - |    50M |   0 | 252 | 198 | 207 |   9 |  7 |   0 |   0 | 7.020871e+03 | 6.928240e+03 |   1.34%| unknown
  1.1s|     1 |     0 |  3209 |     - |    51M |   0 | 252 | 198 | 208 |  10 |  8 |   0 |   0 | 7.020370e+03 | 6.928240e+03 |   1.33%| unknown
  1.1s|     1 |     0 |  3254 |     - |    54M |   0 | 252 | 198 | 209 |  11 |  9 |   0 |   0 | 7.020114e+03 | 6.928240e+03 |   1.33%| unknown
  1.2s|     1 |     0 |  3356 |     - |    60M |   0 | 252 | 198 | 210 |  12 | 10 |   0 |   0 | 7.018783e+03 | 6.928240e+03 |   1.31%| unknown
 time | node  | left  |LP iter|LP it/n|mem/heur|mdpt |vars |cons |rows |cuts |sepa|confs|strbr|  dualbound   | primalbound  |  gap   | compl. 
  1.2s|     1 |     0 |  3378 |     - |    60M |   0 | 252 | 198 | 214 |  16 | 11 |   0 |   0 | 7.018645e+03 | 6.928240e+03 |   1.30%| unknown
  1.2s|     1 |     0 |  3396 |     - |    60M |   0 | 252 | 198 | 216 |  18 | 12 |   0 |   0 | 7.018572e+03 | 6.928240e+03 |   1.30%| unknown
  1.2s|     1 |     0 |  3423 |     - |    60M |   0 | 252 | 198 | 217 |  19 | 13 |   0 |   0 | 7.018327e+03 | 6.928240e+03 |   1.30%| unknown
  1.2s|     1 |     0 |  3441 |     - |    60M |   0 | 252 | 198 | 205 |  21 | 14 |   0 |   0 | 7.018263e+03 | 6.928240e+03 |   1.30%| unknown
  1.3s|     1 |     0 |  3462 |     - |    60M |   0 | 252 | 198 | 207 |  23 | 15 |   0 |   0 | 7.018134e+03 | 6.928240e+03 |   1.30%| unknown
  1.3s|     1 |     0 |  3491 |     - |    60M |   0 | 252 | 198 | 208 |  24 | 16 |   0 |   0 | 7.017776e+03 | 6.928240e+03 |   1.29%| unknown
  1.3s|     1 |     0 |  3526 |     - |    60M |   0 | 252 | 198 | 210 |  26 | 17 |   0 |   0 | 7.017473e+03 | 6.928240e+03 |   1.29%| unknown
  1.3s|     1 |     0 |  3554 |     - |    60M |   0 | 252 | 198 | 213 |  29 | 18 |   0 |   0 | 7.017376e+03 | 6.928240e+03 |   1.29%| unknown
  1.3s|     1 |     0 |  3606 |     - |    60M |   0 | 252 | 198 | 214 |  30 | 19 |   0 |   0 | 7.017149e+03 | 6.928240e+03 |   1.28%| unknown
  1.3s|     1 |     0 |  3622 |     - |    60M |   0 | 252 | 198 | 202 |  31 | 20 |   0 |   0 | 7.017097e+03 | 6.928240e+03 |   1.28%| unknown
  1.3s|     1 |     0 |  3623 |     - |    60M |   0 | 252 | 198 | 203 |  32 | 21 |   0 |   0 | 7.017095e+03 | 6.928240e+03 |   1.28%| unknown
  1.3s|     1 |     0 |  3629 |     - |    60M |   0 | 252 | 198 | 204 |  33 | 22 |   0 |   0 | 7.017069e+03 | 6.928240e+03 |   1.28%| unknown
  1.4s|     1 |     0 |  3632 |     - |    60M |   0 | 252 | 198 | 206 |  35 | 23 |   0 |   0 | 7.017067e+03 | 6.928240e+03 |   1.28%| unknown
  1.4s|     1 |     0 |  3635 |     - |    60M |   0 | 252 | 198 | 208 |  37 | 24 |   0 |   0 | 7.017065e+03 | 6.928240e+03 |   1.28%| unknown
  1.4s|     1 |     0 |  3643 |     - |    60M |   0 | 252 | 198 | 211 |  40 | 25 |   0 |   0 | 7.017055e+03 | 6.928240e+03 |   1.28%| unknown
 time | node  | left  |LP iter|LP it/n|mem/heur|mdpt |vars |cons |rows |cuts |sepa|confs|strbr|  dualbound   | primalbound  |  gap   | compl. 
  1.4s|     1 |     0 |  3652 |     - |    60M |   0 | 252 | 198 | 207 |  42 | 26 |   0 |   0 | 7.017044e+03 | 6.928240e+03 |   1.28%| unknown
d 1.4s|     1 |     0 |  3819 |     - |farkasdi|   0 | 252 | 198 | 207 |   0 | 26 |   0 |   0 | 7.017044e+03 | 6.948455e+03 |   0.99%| unknown
  1.4s|     1 |     0 |  3819 |     - |    60M |   0 | 252 | 198 | 207 |  42 | 26 |   0 |   0 | 7.017044e+03 | 6.948455e+03 |   0.99%| unknown
  1.4s|     1 |     0 |  3819 |     - |    60M |   0 | 252 | 198 | 204 |  42 | 26 |   0 |   0 | 7.017044e+03 | 6.948455e+03 |   0.99%| unknown
  1.4s|     1 |     0 |  3825 |     - |    60M |   0 | 252 | 195 | 205 |  43 | 27 |   0 |   0 | 7.017034e+03 | 6.948455e+03 |   0.99%| unknown
(run 2, node 1) restarting after 27 global fixings of integer variables

(restart) converted 33 cuts from the global cut pool into linear constraints

presolving:
(round 1, fast)       27 del vars, 0 del conss, 0 add conss, 0 chg bounds, 0 chg sides, 0 chg coeffs, 0 upgd conss, 0 impls, 190 clqs
(round 2, exhaustive) 27 del vars, 0 del conss, 0 add conss, 0 chg bounds, 0 chg sides, 1 chg coeffs, 0 upgd conss, 0 impls, 190 clqs
(round 3, exhaustive) 27 del vars, 0 del conss, 0 add conss, 0 chg bounds, 0 chg sides, 2 chg coeffs, 0 upgd conss, 0 impls, 190 clqs
(round 4, exhaustive) 27 del vars, 0 del conss, 0 add conss, 0 chg bounds, 0 chg sides, 3 chg coeffs, 0 upgd conss, 0 impls, 190 clqs
(round 5, exhaustive) 27 del vars, 5 del conss, 0 add conss, 0 chg bounds, 0 chg sides, 3 chg coeffs, 0 upgd conss, 0 impls, 190 clqs
(round 6, exhaustive) 27 del vars, 5 del conss, 0 add conss, 0 chg bounds, 0 chg sides, 3 chg coeffs, 26 upgd conss, 0 impls, 190 clqs
(round 7, exhaustive) 27 del vars, 5 del conss, 0 add conss, 0 chg bounds, 0 chg sides, 4 chg coeffs, 26 upgd conss, 0 impls, 190 clqs
(round 8, exhaustive) 27 del vars, 5 del conss, 0 add conss, 0 chg bounds, 0 chg sides, 5 chg coeffs, 26 upgd conss, 0 impls, 190 clqs
(round 9, exhaustive) 27 del vars, 8 del conss, 0 add conss, 0 chg bounds, 0 chg sides, 5 chg coeffs, 26 upgd conss, 0 impls, 190 clqs
presolving (10 rounds: 10 fast, 9 medium, 9 exhaustive):
 27 deleted vars, 8 deleted constraints, 0 added constraints, 0 tightened bounds, 0 added holes, 0 changed sides, 5 changed coefficients
 0 implications, 190 cliques
presolved problem has 225 variables (225 bin, 0 int, 0 impl, 0 cont) and 220 constraints
     27 constraints of type <knapsack>
    170 constraints of type <setppc>
     23 constraints of type <linear>
Presolving Time: 0.03
transformed 10/11 original solutions to the transformed problem space

 time | node  | left  |LP iter|LP it/n|mem/heur|mdpt |vars |cons |rows |cuts |sepa|confs|strbr|  dualbound   | primalbound  |  gap   | compl. 
  1.5s|     1 |     0 |  4875 |     - |    55M |   0 | 225 | 220 | 220 |   0 |  0 |   0 |   0 | 7.017034e+03 | 6.948455e+03 |   0.99%| unknown
  1.5s|     1 |     0 |  4912 |     - |    55M |   0 | 225 | 220 | 221 |   1 |  1 |   0 |   0 | 7.016824e+03 | 6.948455e+03 |   0.98%| unknown
  1.5s|     1 |     0 |  4936 |     - |    55M |   0 | 225 | 220 | 222 |   2 |  2 |   0 |   0 | 7.016739e+03 | 6.948455e+03 |   0.98%| unknown
  1.6s|     1 |     0 |  4965 |     - |    55M |   0 | 225 | 220 | 223 |   3 |  3 |   0 |   0 | 7.016482e+03 | 6.948455e+03 |   0.98%| unknown
  1.6s|     1 |     0 |  5019 |     - |    55M |   0 | 225 | 220 | 224 |   4 |  4 |   0 |   0 | 7.016181e+03 | 6.948455e+03 |   0.97%| unknown
  1.7s|     1 |     0 |  5040 |     - |    56M |   0 | 225 | 220 | 226 |   6 |  5 |   0 |   0 | 7.016102e+03 | 6.948455e+03 |   0.97%| unknown
  1.7s|     1 |     0 |  5092 |     - |    57M |   0 | 225 | 220 | 227 |   7 |  6 |   0 |   0 | 7.015912e+03 | 6.948455e+03 |   0.97%| unknown
  1.8s|     1 |     0 |  5133 |     - |    57M |   0 | 225 | 220 | 228 |   8 |  7 |   0 |   0 | 7.015814e+03 | 6.948455e+03 |   0.97%| unknown
  1.8s|     1 |     0 |  5210 |     - |    58M |   0 | 225 | 220 | 229 |   9 |  8 |   0 |   0 | 7.015627e+03 | 6.948455e+03 |   0.97%| unknown
  1.8s|     1 |     0 |  5263 |     - |    66M |   0 | 225 | 220 | 230 |  10 |  9 |   0 |   0 | 7.015529e+03 | 6.948455e+03 |   0.97%| unknown
  1.9s|     1 |     0 |  5315 |     - |    67M |   0 | 225 | 220 | 231 |  11 | 10 |   0 |   0 | 7.015398e+03 | 6.948455e+03 |   0.96%| unknown
  1.9s|     1 |     0 |  5355 |     - |    67M |   0 | 225 | 220 | 233 |  13 | 11 |   0 |   0 | 7.015357e+03 | 6.948455e+03 |   0.96%| unknown
  2.1s|     1 |     2 |  5611 |     - |    67M |   0 | 225 | 220 | 233 |  13 | 11 |   0 |  19 | 7.004844e+03 | 6.948455e+03 |   0.81%| unknown
* 2.3s|     4 |     0 |  6107 | 212.4 |strongbr|   2 | 225 | 179 | 174 |  13 |  1 |  18 | 110 | 6.988133e+03 | 6.977511e+03 |   0.15%|  66.67%
* 2.3s|     4 |     0 |  6150 | 221.0 |strongbr|   2 | 225 | 138 | 174 |  13 |  2 |  19 | 112 | 6.983411e+03 | 6.977776e+03 |   0.08%|  66.67%

SCIP Status        : problem is solved [optimal solution found]
Solving Time (sec) : 2.31
Solving Nodes      : 4 (total of 6 nodes in 3 runs)
Primal Bound       : +6.97777555262866e+03 (92 solutions)
Dual Bound         : +6.97777555262866e+03
Gap                : 0.00 %
