presolving:
(round 1, fast)       0 del vars, 1 del conss, 0 add conss, 0 chg bounds, 0 chg sides, 0 chg coeffs, 0 upgd conss, 0 impls, 190 clqs
   (0.0s) running MILP presolver
   (0.0s) MILP presolver (2 rounds): 0 aggregations, 13 fixings, 0 bound changes
(round 2, medium)     13 del vars, 1 del conss, 0 add conss, 0 chg bounds, 0 chg sides, 0 chg coeffs, 0 upgd conss, 0 impls, 190 clqs
(round 3, exhaustive) 13 del vars, 3 del conss, 0 add conss, 0 chg bounds, 2 chg sides, 0 chg coeffs, 0 upgd conss, 0 impls, 190 clqs
(round 4, exhaustive) 13 del vars, 3 del conss, 0 add conss, 0 chg bounds, 2 chg sides, 0 chg coeffs, 188 upgd conss, 0 impls, 190 clqs
(round 5, medium)     46 del vars, 3 del conss, 0 add conss, 0 chg bounds, 2 chg sides, 33 chg coeffs, 188 upgd conss, 0 impls, 190 clqs
(round 6, fast)       61 del vars, 3 del conss, 0 add conss, 0 chg bounds, 2 chg sides, 33 chg coeffs, 188 upgd conss, 0 impls, 190 clqs
(round 7, exhaustive) 61 del vars, 4 del conss, 0 add conss, 0 chg bounds, 2 chg sides, 33 chg coeffs, 188 upgd conss, 0 impls, 190 clqs
   (0.0s) probing: 51/439 (11.6%) - 0 fixings, 0 aggregations, 0 implications, 0 bound changes
   (0.0s) probing aborted: 50/50 successive totally useless probings
   (0.0s) symmetry computation started: requiring (bin +, int +, cont +), (fixed: bin -, int -, cont -)
   (0.0s) no symmetry present (symcode time: 0.00)
presolving (8 rounds: 8 fast, 6 medium, 4 exhaustive):
 61 deleted vars, 4 deleted constraints, 0 added constraints, 0 tightened bounds, 0 added holes, 2 changed sides, 33 changed coefficients
 0 implications, 190 cliques
presolved problem has 439 variables (439 bin, 0 int, 0 impl, 0 cont) and 187 constraints
    187 constraints of type <setppc>
Presolving Time: 0.03

 time | node  | left  |LP iter|LP it/n|mem/heur|mdpt |vars |cons |rows |cuts |sepa|confs|strbr|  dualbound   | primalbound  |  gap   | compl. 
  0.2s|     1 |     0 |  1709 |     - |  5505k |   0 | 439 | 187 | 187 |   0 |  0 |   0 |   0 | 7.839258e+03 |      --      |    Inf | unknown
  0.4s|     1 |     0 |  1773 |     - |    19M |   0 | 439 | 187 | 190 |   3 |  1 |   0 |   0 | 7.807016e+03 |      --      |    Inf | unknown
  0.5s|     1 |     0 |  1825 |     - |    27M |   0 | 439 | 187 | 192 |   5 |  2 |   0 |   0 | 7.791488e+03 |      --      |    Inf | unknown
  0.7s|     1 |     0 |  1860 |     - |    33M |   0 | 439 | 187 | 194 |   7 |  3 |   0 |   0 | 7.781129e+03 |      --      |    Inf | unknown
  0.8s|     1 |     0 |  1887 |     - |    39M |   0 | 439 | 187 | 196 |   9 |  4 |   0 |   0 | 7.775301e+03 |      --      |    Inf | unknown
  0.8s|     1 |     0 |  1973 |     - |    42M |   0 | 439 | 187 | 197 |  10 |  5 |   0 |   0 | 7.768500e+03 |      --      |    Inf | unknown
  1.0s|     1 |     0 |  2004 |     - |    47M |   0 | 439 | 187 | 198 |  11 |  6 |   0 |   0 | 7.765780e+03 |      --      |    Inf | unknown
  1.1s|     1 |     0 |  2022 |     - |    55M |   0 | 439 | 187 | 199 |  12 |  7 |   0 |   0 | 7.763914e+03 |      --      |    Inf | unknown
  1.1s|     1 |     0 |  2053 |     - |    58M |   0 | 439 | 187 | 204 |  17 |  8 |   0 |   0 | 7.762379e+03 |      --      |    Inf | unknown
  1.2s|     1 |     0 |  2109 |     - |    67M |   0 | 439 | 187 | 207 |  20 |  9 |   0 |   0 | 7.761003e+03 |      --      |    Inf | unknown
  1.4s|     1 |     0 |  2135 |     - |    70M |   0 | 439 | 187 | 208 |  21 | 10 |   0 |   0 | 7.760301e+03 |      --      |    Inf | unknown
  1.4s|     1 |     0 |  2156 |     - |    70M |   0 | 439 | 187 | 209 |  22 | 11 |   0 |   0 | 7.759192e+03 |      --      |    Inf | unknown
  1.5s|     1 |     0 |  2200 |     - |    70M |   0 | 439 | 187 | 211 |  24 | 12 |   0 |   0 | 7.757799e+03 |      --      |    Inf | unknown
  1.5s|     1 |     0 |  2215 |     - |    70M |   0 | 439 | 187 | 212 |  25 | 13 |   0 |   0 | 7.757460e+03 |      --      |    Inf | unknown
  1.5s|     1 |     0 |  2238 |     - |    70M |   0 | 439 | 187 | 213 |  26 | 14 |   0 |   0 | 7.756724e+03 |      --      |    Inf | unknown
 time | node  | left  |LP iter|LP it/n|mem/heur|mdpt |vars |cons |rows |cuts |sepa|confs|strbr|  dualbound   | primalbound  |  gap   | compl. 
  1.6s|     1 |     0 |  2250 |     - |    70M |   0 | 439 | 187 | 215 |  28 | 15 |   0 |   0 | 7.756588e+03 |      --      |    Inf | unknown
  1.7s|     1 |     0 |  2258 |     - |    71M |   0 | 439 | 187 | 216 |  29 | 16 |   0 |   0 | 7.756507e+03 |      --      |    Inf | unknown
  1.7s|     1 |     0 |  2306 |     - |    71M |   0 | 439 | 187 | 218 |  31 | 17 |   0 |   0 | 7.755240e+03 |      --      |    Inf | unknown
  1.8s|     1 |     0 |  2347 |     - |    72M |   0 | 439 | 187 | 223 |  36 | 18 |   0 |   0 | 7.754440e+03 |      --      |    Inf | unknown
  1.9s|     1 |     0 |  2361 |     - |    72M |   0 | 439 | 187 | 224 |  37 | 19 |   0 |   0 | 7.754025e+03 |      --      |    Inf | unknown
  1.9s|     1 |     0 |  2409 |     - |    72M |   0 | 439 | 187 | 226 |  39 | 20 |   0 |   0 | 7.752836e+03 |      --      |    Inf | unknown
  2.0s|     1 |     0 |  2446 |     - |    72M |   0 | 439 | 187 | 228 |  41 | 21 |   0 |   0 | 7.752315e+03 |      --      |    Inf | unknown
  2.1s|     1 |     0 |  2467 |     - |    72M |   0 | 439 | 187 | 230 |  43 | 22 |   0 |   0 | 7.752177e+03 |      --      |    Inf | unknown
  2.1s|     1 |     0 |  2480 |     - |    72M |   0 | 439 | 187 | 227 |  46 | 23 |   0 |   0 | 7.751982e+03 |      --      |    Inf | unknown
  2.2s|     1 |     0 |  2485 |     - |    72M |   0 | 439 | 187 | 228 |  47 | 24 |   0 |   0 | 7.751957e+03 |      --      |    Inf | unknown
  2.3s|     1 |     0 |  2500 |     - |    72M |   0 | 439 | 187 | 234 |  53 | 25 |   0 |   0 | 7.751435e+03 |      --      |    Inf | unknown
  2.3s|     1 |     0 |  2503 |     - |    72M |   0 | 439 | 187 | 235 |  54 | 26 |   0 |   0 | 7.751422e+03 |      --      |    Inf | unknown
  2.4s|     1 |     0 |  2507 |     - |    72M |   0 | 439 | 187 | 236 |  55 | 27 |   0 |   0 | 7.751409e+03 |      --      |    Inf | unknown
  2.4s|     1 |     0 |  2508 |     - |    72M |   0 | 439 | 187 | 237 |  56 | 28 |   0 |   0 | 7.751397e+03 |      --      |    Inf | unknown
  2.5s|     1 |     0 |  2525 |     - |    72M |   0 | 439 | 187 | 238 |  62 | 29 |   0 |   0 | 7.751272e+03 |      --      |    Inf | unknown
 time | node  | left  |LP iter|LP it/n|mem/heur|mdpt |vars |cons |rows |cuts |sepa|confs|strbr|  dualbound   | primalbound  |  gap   | compl. 
  2.5s|     1 |     0 |  2531 |     - |    72M |   0 | 439 | 187 | 239 |  63 | 30 |   0 |   0 | 7.751231e+03 |      --      |    Inf | unknown
d 2.6s|     1 |     0 |  2531 |     - |coef2div|   0 | 439 | 187 | 239 |   0 | 31 |   0 |   0 | 7.751231e+03 | 2.787854e+03 | 178.04%| unknown
d 2.8s|     1 |     0 |  2838 |     - |coef2div|   0 | 439 | 187 | 239 |   0 | 31 |   0 |   0 | 7.751231e+03 | 3.588367e+03 | 116.01%| unknown
d 2.8s|     1 |     0 |  2879 |     - |coef2div|   0 | 439 | 187 | 239 |   0 | 31 |   0 |   0 | 7.751231e+03 | 5.841492e+03 |  32.69%| unknown
d 2.9s|     1 |     0 |  2888 |     - |coef2div|   0 | 439 | 187 | 239 |   0 | 31 |   0 |   0 | 7.751231e+03 | 7.058654e+03 |   9.81%| unknown
  2.9s|     1 |     0 |  2888 |     - |    72M |   0 | 439 | 187 | 239 |  63 | 31 |   0 |   0 | 7.751231e+03 | 7.058654e+03 |   9.81%| unknown
  3.7s|     1 |     2 |  2888 |     - |    72M |   0 | 439 | 187 | 239 |  63 | 32 |   0 |  44 | 7.735450e+03 | 7.058654e+03 |   9.59%| unknown
* 4.0s|     4 |     3 |  3280 | 249.7 |strongbr|   3 | 439 | 187 | 226 |  63 |  1 |   0 |  75 | 7.735450e+03 | 7.412567e+03 |   4.36%| unknown
* 4.0s|     4 |     3 |  3280 | 249.7 |strongbr|   3 | 439 | 187 | 226 |  63 |  1 |   0 |  82 | 7.735450e+03 | 7.440164e+03 |   3.97%| unknown
* 4.1s|     5 |     2 |  3357 | 206.5 |strongbr|   3 | 439 | 188 | 226 |  63 |  2 |   1 | 108 | 7.735450e+03 | 7.445056e+03 |   3.90%|   6.10%
* 4.1s|     5 |     2 |  3357 | 206.5 |strongbr|   3 | 439 | 188 | 226 |  63 |  2 |   1 | 113 | 7.735450e+03 | 7.500644e+03 |   3.13%|   6.10%
* 4.8s|     7 |     2 |  3630 | 183.2 |strongbr|   3 | 439 | 192 | 226 |  63 |  3 |   5 | 160 | 7.712460e+03 | 7.524776e+03 |   2.49%|  14.39%

SCIP Status        : problem is solved [optimal solution found]
Solving Time (sec) : 8.68
Solving Nodes      : 17
Primal Bound       : +7.52477644131501e+03 (191 solutions)
Dual Bound         : +7.52477644131501e+03
Gap                : 0.00 %
