presolving:
   (0.0s) running MILP presolver
   (0.0s) MILP presolver (2 rounds): 0 aggregations, 18 fixings, 0 bound changes
(round 1, medium)     18 del vars, 0 del conss, 0 add conss, 0 chg bounds, 0 chg sides, 0 chg coeffs, 0 upgd conss, 0 impls, 191 clqs
(round 2, fast)       18 del vars, 1 del conss, 0 add conss, 0 chg bounds, 0 chg sides, 0 chg coeffs, 0 upgd conss, 0 impls, 191 clqs
(round 3, exhaustive) 18 del vars, 7 del conss, 0 add conss, 0 chg bounds, 6 chg sides, 0 chg coeffs, 0 upgd conss, 0 impls, 191 clqs
(round 4, exhaustive) 18 del vars, 7 del conss, 0 add conss, 0 chg bounds, 6 chg sides, 0 chg coeffs, 185 upgd conss, 0 impls, 191 clqs
(round 5, medium)     56 del vars, 7 del conss, 0 add conss, 0 chg bounds, 6 chg sides, 38 chg coeffs, 185 upgd conss, 0 impls, 191 clqs
(round 6, fast)       74 del vars, 8 del conss, 0 add conss, 0 chg bounds, 6 chg sides, 38 chg coeffs, 185 upgd conss, 0 impls, 189 clqs
(round 7, exhaustive) 74 del vars, 14 del conss, 0 add conss, 0 chg bounds, 6 chg sides, 38 chg coeffs, 185 upgd conss, 0 impls, 189 clqs
   (0.0s) probing: 51/426 (12.0%) - 0 fixings, 0 aggregations, 0 implications, 0 bound changes
   (0.0s) probing aborted: 50/50 successive totally useless probings
   (0.0s) symmetry computation started: requiring (bin +, int +, cont +), (fixed: bin -, int -, cont -)
   (0.0s) no symmetry present (symcode time: 0.00)
presolving (8 rounds: 8 fast, 6 medium, 4 exhaustive):
 74 deleted vars, 14 deleted constraints, 0 added constraints, 0 tightened bounds, 0 added holes, 6 changed sides, 38 changed coefficients
 0 implications, 189 cliques
presolved problem has 426 variables (426 bin, 0 int, 0 impl, 0 cont) and 178 constraints
    178 constraints of type <setppc>
Presolving Time: 0.02

 time | node  | left  |LP iter|LP it/n|mem/heur|mdpt |vars |cons |rows |cuts |sepa|confs|strbr|  dualbound   | primalbound  |  gap   | compl. 
  0.1s|     1 |     0 |  1294 |     - |  5521k |   0 | 426 | 178 | 178 |   0 |  0 |   0 |   0 | 7.404500e+03 |      --      |    Inf | unknown
d 0.1s|     1 |     0 |  1294 |     - |coefdivi|   0 | 426 | 178 | 178 |   0 |  1 |   0 |   0 | 7.404500e+03 | 2.832173e+03 | 161.44%| unknown
d 0.1s|     1 |     0 |  1444 |     - |coefdivi|   0 | 426 | 178 | 178 |   0 |  1 |   0 |   0 | 7.404500e+03 | 3.211863e+03 | 130.54%| unknown
d 0.1s|     1 |     0 |  1480 |     - |coefdivi|   0 | 426 | 178 | 178 |   0 |  1 |   0 |   0 | 7.404500e+03 | 5.275620e+03 |  40.35%| unknown
d 0.1s|     1 |     0 |  1489 |     - |coefdivi|   0 | 426 | 178 | 178 |   0 |  1 |   0 |   0 | 7.404500e+03 | 6.937197e+03 |   6.74%| unknown
  0.1s|     1 |     0 |  1489 |     - |  5613k |   0 | 426 | 178 | 178 |   0 |  1 |   0 |   0 | 7.404500e+03 | 6.937197e+03 |   6.74%| unknown
  0.2s|     1 |     2 |  1489 |     - |  5696k |   0 | 426 | 178 | 178 |   0 |  2 |   0 |  20 | 7.373777e+03 | 6.937197e+03 |   6.29%| unknown

SCIP Status        : solving was interrupted [node limit reached]
Solving Time (sec) : 0.19
Solving Nodes      : 1
Primal Bound       : +6.93719726404839e+03 (24 solutions)
Dual Bound         : +7.37377736819930e+03
Gap                : 6.29 %
