presolving:
(round 1, fast)       0 del vars, 2 del conss, 0 add conss, 0 chg bounds, 0 chg sides, 0 chg coeffs, 0 upgd conss, 0 impls, 189 clqs
(round 2, fast)       1 del vars, 2 del conss, 0 add conss, 0 chg bounds, 0 chg sides, 0 chg coeffs, 0 upgd conss, 0 impls, 189 clqs
   (0.0s) running MILP presolver
   (0.0s) MILP presolver (2 rounds): 0 aggregations, 16 fixings, 0 bound changes
(round 3, medium)     17 del vars, 2 del conss, 0 add conss, 0 chg bounds, 0 chg sides, 0 chg coeffs, 0 upgd conss, 0 impls, 189 clqs
(round 4, exhaustive) 17 del vars, 6 del conss, 0 add conss, 0 chg bounds, 4 chg sides, 0 chg coeffs, 0 upgd conss, 0 impls, 189 clqs
(round 5, exhaustive) 17 del vars, 6 del conss, 0 add conss, 0 chg bounds, 4 chg sides, 0 chg coeffs, 185 upgd conss, 0 impls, 189 clqs
(round 6, medium)     55 del vars, 6 del conss, 0 add conss, 0 chg bounds, 4 chg sides, 38 chg coeffs, 185 upgd conss, 0 impls, 189 clqs
(round 7, fast)       80 del vars, 8 del conss, 0 add conss, 0 chg bounds, 4 chg sides, 38 chg coeffs, 185 upgd conss, 0 impls, 186 clqs
   (0.0s) probing: 51/420 (12.1%) - 0 fixings, 0 aggregations, 0 implications, 0 bound changes
   (0.0s) probing aborted: 50/50 successive totally useless probings
   (0.0s) symmetry computation started: requiring (bin +, int +, cont +), (fixed: bin -, int -, cont -)
   (0.0s) no symmetry present (symcode time: 0.00)
presolving (8 rounds: 8 fast, 5 medium, 3 exhaustive):
 80 deleted vars, 8 deleted constraints, 0 added constraints, 0 tightened bounds, 0 added holes, 4 changed sides, 38 changed coefficients
 0 implications, 186 cliques
presolved problem has 420 variables (420 bin, 0 int, 0 impl, 0 cont) and 183 constraints
    183 constraints of type <setppc>
Presolving Time: 0.04

 time | node  | left  |LP iter|LP it/n|mem/heur|mdpt |vars |cons |rows |cuts |sepa|confs|strbr|  dualbound   | primalbound  |  gap   | compl. 
  0.1s|     1 |     0 |  1517 |     - |  5431k |   0 | 420 | 183 | 183 |   0 |  0 |   0 |   0 | 6.952175e+03 |      --      |    Inf | unknown
d 0.1s|     1 |     0 |  1517 |     - |coefdivi|   0 | 420 | 183 | 183 |   0 |  1 |   0 |   0 | 6.952175e+03 | 2.753252e+03 | 152.51%| unknown
d 0.1s|     1 |     0 |  1630 |     - |coefdivi|   0 | 420 | 183 | 183 |   0 |  1 |   0 |   0 | 6.952175e+03 | 3.777372e+03 |  84.05%| unknown
d 0.1s|     1 |     0 |  1679 |     - |coefdivi|   0 | 420 | 183 | 183 |   0 |  1 |   0 |   0 | 6.952175e+03 | 5.270747e+03 |  31.90%| unknown
d 0.2s|     1 |     0 |  1685 |     - |coefdivi|   0 | 420 | 183 | 183 |   0 |  1 |   0 |   0 | 6.952175e+03 | 6.419620e+03 |   8.30%| unknown
  0.2s|     1 |     0 |  1685 |     - |  5553k |   0 | 420 | 183 | 183 |   0 |  1 |   0 |   0 | 6.952175e+03 | 6.419620e+03 |   8.30%| unknown
  0.4s|     1 |     2 |  1685 |     - |  5842k |   0 | 420 | 183 | 183 |   0 |  2 |   0 |  42 | 6.912161e+03 | 6.419620e+03 |   7.67%| unknown

SCIP Status        : solving was interrupted [node limit reached]
Solving Time (sec) : 0.37
Solving Nodes      : 1
Primal Bound       : +6.41961963904333e+03 (46 solutions)
Dual Bound         : +6.91216085329565e+03
Gap                : 7.67 %
