presolving:
(round 1, fast)       0 del vars, 1 del conss, 0 add conss, 0 chg bounds, 0 chg sides, 0 chg coeffs, 0 upgd conss, 0 impls, 197 clqs
   (0.0s) running MILP presolver
   (0.0s) MILP presolver (2 rounds): 0 aggregations, 24 fixings, 0 bound changes
(round 2, medium)     24 del vars, 1 del conss, 0 add conss, 0 chg bounds, 0 chg sides, 0 chg coeffs, 0 upgd conss, 0 impls, 194 clqs
(round 3, fast)       24 del vars, 4 del conss, 0 add conss, 0 chg bounds, 0 chg sides, 0 chg coeffs, 0 upgd conss, 0 impls, 194 clqs
(round 4, exhaustive) 24 del vars, 8 del conss, 0 add conss, 0 chg bounds, 4 chg sides, 0 chg coeffs, 0 upgd conss, 0 impls, 194 clqs
(round 5, exhaustive) 24 del vars, 8 del conss, 0 add conss, 0 chg bounds, 4 chg sides, 0 chg coeffs, 190 upgd conss, 0 impls, 194 clqs
(round 6, medium)     58 del vars, 8 del conss, 0 add conss, 0 chg bounds, 4 chg sides, 34 chg coeffs, 190 upgd conss, 0 impls, 194 clqs
(round 7, fast)       79 del vars, 10 del conss, 0 add conss, 0 chg bounds, 4 chg sides, 34 chg coeffs, 190 upgd conss, 0 impls, 192 clqs
(round 8, exhaustive) 79 del vars, 12 del conss, 0 add conss, 0 chg bounds, 4 chg sides, 34 chg coeffs, 190 upgd conss, 0 impls, 192 clqs
   (0.0s) probing: 51/421 (12.1%) - 0 fixings, 0 aggregations, 0 implications, 0 bound changes
   (0.0s) probing aborted: 50/50 successive totally useless probings
   (0.0s) symmetry computation started: requiring (bin +, int +, cont +), (fixed: bin -, int -, cont -)
   (0.0s) no symmetry present (symcode time: 0.00)
presolving (9 rounds: 9 fast, 6 medium, 4 exhaustive):
 79 deleted vars, 12 deleted constraints, 0 added constraints, 0 tightened bounds, 0 added holes, 4 changed sides, 34 changed coefficients
 0 implications, 192 cliques
presolved problem has 421 variables (421 bin, 0 int, 0 impl, 0 cont) and 186 constraints
    186 constraints of type <setppc>
Presolving Time: 0.02

 time | node  | left  |LP iter|LP it/n|mem/heur|mdpt |vars |cons |rows |cuts |sepa|confs|strbr|  dualbound   | primalbound  |  gap   | compl. 
  0.1s|     1 |     0 |  1055 |     - |  5208k |   0 | 421 | 186 | 186 |   0 |  0 |   0 |   0 | 7.637328e+03 |      --      |    Inf | unknown
d 0.1s|     1 |     0 |  1055 |     - |coefdivi|   0 | 421 | 186 | 186 |   0 |  1 |   0 |   0 | 7.637328e+03 | 3.073026e+03 | 148.53%| unknown
d 0.1s|     1 |     0 |  1118 |     - |coefdivi|   0 | 421 | 186 | 186 |   0 |  1 |   0 |   0 | 7.637328e+03 | 3.610393e+03 | 111.54%| unknown
d 0.1s|     1 |     0 |  1206 |     - |coefdivi|   0 | 421 | 186 | 186 |   0 |  1 |   0 |   0 | 7.637328e+03 | 5.293789e+03 |  44.27%| unknown
d 0.1s|     1 |     0 |  1222 |     - |coefdivi|   0 | 421 | 186 | 186 |   0 |  1 |   0 |   0 | 7.637328e+03 | 6.166544e+03 |  23.85%| unknown
d 0.1s|     1 |     0 |  1230 |     - |coefdivi|   0 | 421 | 186 | 186 |   0 |  1 |   0 |   0 | 7.637328e+03 | 7.079394e+03 |   7.88%| unknown
  0.1s|     1 |     0 |  1230 |     - |  5298k |   0 | 421 | 186 | 186 |   0 |  1 |   0 |   0 | 7.637328e+03 | 7.079394e+03 |   7.88%| unknown
  0.3s|     1 |     2 |  1230 |     - |  5474k |   0 | 421 | 186 | 186 |   0 |  2 |   0 |  34 | 7.622010e+03 | 7.079394e+03 |   7.66%| unknown

SCIP Status        : solving was interrupted [node limit reached]
Solving Time (sec) : 0.31
Solving Nodes      : 1
Primal Bound       : +7.07939421549588e+03 (41 solutions)
Dual Bound         : +7.62201048584935e+03
Gap                : 7.66 %
