presolving:
(round 1, fast)       1 del vars, 2 del conss, 0 add conss, 0 chg bounds, 0 chg sides, 0 chg coeffs, 0 upgd conss, 0 impls, 192 clqs
(round 2, fast)       2 del vars, 2 del conss, 0 add conss, 0 chg bounds, 0 chg sides, 0 chg coeffs, 0 upgd conss, 0 impls, 192 clqs
   (0.0s) running MILP presolver
   (0.0s) MILP presolver (2 rounds): 0 aggregations, 18 fixings, 0 bound changes
(round 3, medium)     20 del vars, 2 del conss, 0 add conss, 0 chg bounds, 0 chg sides, 0 chg coeffs, 0 upgd conss, 0 impls, 191 clqs
(round 4, fast)       21 del vars, 4 del conss, 0 add conss, 0 chg bounds, 0 chg sides, 0 chg coeffs, 0 upgd conss, 0 impls, 190 clqs
(round 5, exhaustive) 21 del vars, 11 del conss, 0 add conss, 0 chg bounds, 7 chg sides, 0 chg coeffs, 0 upgd conss, 0 impls, 190 clqs
(round 6, exhaustive) 21 del vars, 11 del conss, 0 add conss, 0 chg bounds, 7 chg sides, 0 chg coeffs, 183 upgd conss, 0 impls, 190 clqs
(round 7, medium)     55 del vars, 11 del conss, 0 add conss, 0 chg bounds, 7 chg sides, 34 chg coeffs, 183 upgd conss, 0 impls, 190 clqs
(round 8, fast)       64 del vars, 11 del conss, 0 add conss, 0 chg bounds, 7 chg sides, 34 chg coeffs, 183 upgd conss, 0 impls, 190 clqs
(round 9, exhaustive) 64 del vars, 14 del conss, 0 add conss, 0 chg bounds, 7 chg sides, 34 chg coeffs, 183 upgd conss, 0 impls, 190 clqs
   (0.0s) probing: 51/436 (11.7%) - 0 fixings, 0 aggregations, 0 implications, 0 bound changes
   (0.0s) probing aborted: 50/50 successive totally useless probings
   (0.0s) symmetry computation started: requiring (bin +, int +, cont +), (fixed: bin -, int -, cont -)
   (0.0s) no symmetry present (symcode time: 0.00)
presolving (10 rounds: 10 fast, 6 medium, 4 exhaustive):
 64 deleted vars, 14 deleted constraints, 0 added constraints, 0 tightened bounds, 0 added holes, 7 changed sides, 34 changed coefficients
 0 implications, 190 cliques
presolved problem has 436 variables (436 bin, 0 int, 0 impl, 0 cont) and 180 constraints
    180 constraints of type <setppc>
Presolving Time: 0.03

 time | node  | left  |LP iter|LP it/n|mem/heur|mdpt |vars |cons |rows |cuts |sepa|confs|strbr|  dualbound   | primalbound  |  gap   | compl. 
  0.1s|     1 |     0 |  2066 |     - |  5429k |   0 | 436 | 180 | 180 |   0 |  0 |   0 |   0 | 7.611125e+03 |      --      |    Inf | unknown
d 0.1s|     1 |     0 |  2066 |     - |coefdivi|   0 | 436 | 180 | 180 |   0 |  1 |   0 |   0 | 7.611125e+03 | 2.580923e+03 | 194.90%| unknown
d 0.1s|     1 |     0 |  2173 |     - |coefdivi|   0 | 436 | 180 | 180 |   0 |  1 |   0 |   0 | 7.611125e+03 | 3.585187e+03 | 112.29%| unknown
d 0.1s|     1 |     0 |  2241 |     - |coefdivi|   0 | 436 | 180 | 180 |   0 |  1 |   0 |   0 | 7.611125e+03 | 4.562148e+03 |  66.83%| unknown
d 0.1s|     1 |     0 |  2258 |     - |coefdivi|   0 | 436 | 180 | 180 |   0 |  1 |   0 |   0 | 7.611125e+03 | 6.568188e+03 |  15.88%| unknown
  0.1s|     1 |     0 |  2258 |     - |  5542k |   0 | 436 | 180 | 180 |   0 |  1 |   0 |   0 | 7.611125e+03 | 6.568188e+03 |  15.88%| unknown
  0.3s|     1 |     2 |  2258 |     - |  5692k |   0 | 436 | 180 | 180 |   0 |  2 |   0 |  26 | 7.574156e+03 | 6.568188e+03 |  15.32%| unknown

SCIP Status        : solving was interrupted [node limit reached]
Solving Time (sec) : 0.32
Solving Nodes      : 1
Primal Bound       : +6.56818805838908e+03 (31 solutions)
Dual Bound         : +7.57415646181737e+03
Gap                : 15.32 %
