presolving:
(round 1, fast)       0 del vars, 1 del conss, 0 add conss, 0 chg bounds, 0 chg sides, 0 chg coeffs, 0 upgd conss, 0 impls, 193 clqs
   (0.0s) running MILP presolver
   (0.0s) MILP presolver (2 rounds): 0 aggregations, 16 fixings, 0 bound changes
(round 2, medium)     16 del vars, 1 del conss, 0 add conss, 0 chg bounds, 0 chg sides, 0 chg coeffs, 0 upgd conss, 0 impls, 193 clqs
(round 3, exhaustive) 16 del vars, 3 del conss, 0 add conss, 0 chg bounds, 2 chg sides, 0 chg coeffs, 0 upgd conss, 0 impls, 193 clqs
(round 4, exhaustive) 16 del vars, 3 del conss, 0 add conss, 0 chg bounds, 2 chg sides, 0 chg coeffs, 191 upgd conss, 0 impls, 193 clqs
(round 5, medium)     42 del vars, 3 del conss, 0 add conss, 0 chg bounds, 2 chg sides, 26 chg coeffs, 191 upgd conss, 0 impls, 193 clqs
(round 6, fast)       59 del vars, 4 del conss, 0 add conss, 0 chg bounds, 2 chg sides, 26 chg coeffs, 191 upgd conss, 0 impls, 192 clqs
(round 7, exhaustive) 59 del vars, 7 del conss, 0 add conss, 0 chg bounds, 2 chg sides, 26 chg coeffs, 191 upgd conss, 0 impls, 192 clqs
   (0.0s) probing: 51/441 (11.6%) - 0 fixings, 0 aggregations, 0 implications, 0 bound changes
   (0.0s) probing aborted: 50/50 successive totally useless probings
   (0.0s) symmetry computation started: requiring (bin +, int +, cont +), (fixed: bin -, int -, cont -)
   (0.0s) no symmetry present (symcode time: 0.00)
presolving (8 rounds: 8 fast, 6 medium, 4 exhaustive):
 59 deleted vars, 7 deleted constraints, 0 added constraints, 0 tightened bounds, 0 added holes, 2 changed sides, 26 changed coefficients
 0 implications, 192 cliques
presolved problem has 441 variables (441 bin, 0 int, 0 impl, 0 cont) and 187 constraints
    187 constraints of type <setppc>
Presolving Time: 0.02

 time | node  | left  |LP iter|LP it/n|mem/heur|mdpt |vars |cons |rows |cuts |sepa|confs|strbr|  dualbound   | primalbound  |  gap   | compl. 
  0.1s|     1 |     0 |  1335 |     - |  5600k |   0 | 441 | 187 | 187 |   0 |  0 |   0 |   0 | 6.795482e+03 |      --      |    Inf | unknown
d 0.1s|     1 |     0 |  1335 |     - |coefdivi|   0 | 441 | 187 | 187 |   0 |  1 |   0 |   0 | 6.795482e+03 | 2.109394e+03 | 222.15%| unknown
d 0.1s|     1 |     0 |  1481 |     - |coefdivi|   0 | 441 | 187 | 187 |   0 |  1 |   0 |   0 | 6.795482e+03 | 2.767167e+03 | 145.58%| unknown
d 0.1s|     1 |     0 |  1529 |     - |coefdivi|   0 | 441 | 187 | 187 |   0 |  1 |   0 |   0 | 6.795482e+03 | 3.257936e+03 | 108.58%| unknown
d 0.1s|     1 |     0 |  1562 |     - |coefdivi|   0 | 441 | 187 | 187 |   0 |  1 |   0 |   0 | 6.795482e+03 | 5.933884e+03 |  14.52%| unknown
  0.1s|     1 |     0 |  1562 |     - |  5705k |   0 | 441 | 187 | 187 |   0 |  1 |   0 |   0 | 6.795482e+03 | 5.933884e+03 |  14.52%| unknown
  0.2s|     1 |     2 |  1562 |     - |  5799k |   0 | 441 | 187 | 187 |   0 |  2 |   0 |  21 | 6.754782e+03 | 5.933884e+03 |  13.83%| unknown

SCIP Status        : solving was interrupted [node limit reached]
Solving Time (sec) : 0.22
Solving Nodes      : 1
Primal Bound       : +5.93388381988514e+03 (27 solutions)
Dual Bound         : +6.75478169424477e+03
Gap                : 13.83 %
