presolving:
(round 1, fast)       0 del vars, 1 del conss, 0 add conss, 0 chg bounds, 0 chg sides, 0 chg coeffs, 0 upgd conss, 0 impls, 192 clqs
   (0.0s) running MILP presolver
   (0.0s) MILP presolver (2 rounds): 0 aggregations, 15 fixings, 0 bound changes
(round 2, medium)     15 del vars, 1 del conss, 0 add conss, 0 chg bounds, 0 chg sides, 0 chg coeffs, 0 upgd conss, 0 impls, 192 clqs
(round 3, exhaustive) 15 del vars, 4 del conss, 0 add conss, 0 chg bounds, 3 chg sides, 0 chg coeffs, 0 upgd conss, 0 impls, 192 clqs
(round 4, exhaustive) 15 del vars, 4 del conss, 0 add conss, 0 chg bounds, 3 chg sides, 0 chg coeffs, 189 upgd conss, 0 impls, 192 clqs
(round 5, medium)     49 del vars, 4 del conss, 0 add conss, 0 chg bounds, 3 chg sides, 34 chg coeffs, 189 upgd conss, 0 impls, 192 clqs
(round 6, fast)       66 del vars, 5 del conss, 0 add conss, 0 chg bounds, 3 chg sides, 34 chg coeffs, 189 upgd conss, 0 impls, 191 clqs
(round 7, exhaustive) 66 del vars, 8 del conss, 0 add conss, 0 chg bounds, 3 chg sides, 34 chg coeffs, 189 upgd conss, 0 impls, 191 clqs
   (0.0s) probing: 51/434 (11.8%) - 0 fixings, 0 aggregations, 0 implications, 0 bound changes
   (0.0s) probing aborted: 50/50 successive totally useless probings
   (0.0s) symmetry computation started: requiring (bin +, int +, cont +), (fixed: bin -, int -, cont -)
   (0.0s) no symmetry present (symcode time: 0.00)
presolving (8 rounds: 8 fast, 6 medium, 4 exhaustive):
 66 deleted vars, 8 deleted constraints, 0 added constraints, 0 tightened bounds, 0 added holes, 3 changed sides, 34 changed coefficients
 0 implications, 191 cliques
presolved problem has 434 variables (434 bin, 0 int, 0 impl, 0 cont) and 185 constraints
    185 constraints of type <setppc>
Presolving Time: 0.02

 time | node  | left  |LP iter|LP it/n|mem/heur|mdpt |vars |cons |rows |cuts |sepa|confs|strbr|  dualbound   | primalbound  |  gap   | compl. 
  0.1s|     1 |     0 |  1676 |     - |  5453k |   0 | 434 | 185 | 185 |   0 |  0 |   0 |   0 | 8.003087e+03 |      --      |    Inf | unknown
d 0.1s|     1 |     0 |  1676 |     - |coefdivi|   0 | 434 | 185 | 185 |   0 |  1 |   0 |   0 | 8.003087e+03 | 2.962200e+03 | 170.17%| unknown
d 0.1s|     1 |     0 |  1770 |     - |coefdivi|   0 | 434 | 185 | 185 |   0 |  1 |   0 |   0 | 8.003087e+03 | 3.562812e+03 | 124.63%| unknown
d 0.1s|     1 |     0 |  1831 |     - |coefdivi|   0 | 434 | 185 | 185 |   0 |  1 |   0 |   0 | 8.003087e+03 | 3.894626e+03 | 105.49%| unknown
d 0.1s|     1 |     0 |  1893 |     - |coefdivi|   0 | 434 | 185 | 185 |   0 |  1 |   0 |   0 | 8.003087e+03 | 5.977966e+03 |  33.88%| unknown
d 0.1s|     1 |     0 |  1905 |     - |coefdivi|   0 | 434 | 185 | 185 |   0 |  1 |   0 |   0 | 8.003087e+03 | 7.183161e+03 |  11.41%| unknown
  0.1s|     1 |     0 |  1905 |     - |  5540k |   0 | 434 | 185 | 185 |   0 |  1 |   0 |   0 | 8.003087e+03 | 7.183161e+03 |  11.41%| unknown
  0.2s|     1 |     2 |  1905 |     - |  5690k |   0 | 434 | 185 | 185 |   0 |  2 |   0 |  42 | 7.974032e+03 | 7.183161e+03 |  11.01%| unknown

SCIP Status        : solving was interrupted [node limit reached]
Solving Time (sec) : 0.25
Solving Nodes      : 1
Primal Bound       : +7.18316123139396e+03 (47 solutions)
Dual Bound         : +7.97403204995521e+03
Gap                : 11.01 %
