presolving:
(round 1, fast)       0 del vars, 2 del conss, 0 add conss, 0 chg bounds, 0 chg sides, 0 chg coeffs, 0 upgd conss, 0 impls, 190 clqs
   (0.0s) running MILP presolver
   (0.0s) MILP presolver (2 rounds): 0 aggregations, 6 fixings, 0 bound changes
(round 2, medium)     6 del vars, 2 del conss, 0 add conss, 0 chg bounds, 0 chg sides, 0 chg coeffs, 0 upgd conss, 0 impls, 190 clqs
(round 3, exhaustive) 6 del vars, 4 del conss, 0 add conss, 0 chg bounds, 2 chg sides, 0 chg coeffs, 0 upgd conss, 0 impls, 190 clqs
(round 4, exhaustive) 6 del vars, 4 del conss, 0 add conss, 0 chg bounds, 2 chg sides, 0 chg coeffs, 188 upgd conss, 0 impls, 190 clqs
(round 5, medium)     40 del vars, 4 del conss, 0 add conss, 0 chg bounds, 2 chg sides, 34 chg coeffs, 188 upgd conss, 0 impls, 190 clqs
(round 6, fast)       49 del vars, 4 del conss, 0 add conss, 0 chg bounds, 2 chg sides, 34 chg coeffs, 188 upgd conss, 0 impls, 190 clqs
(round 7, exhaustive) 49 del vars, 6 del conss, 0 add conss, 0 chg bounds, 2 chg sides, 34 chg coeffs, 188 upgd conss, 0 impls, 190 clqs
   (0.0s) probing: 51/451 (11.3%) - 0 fixings, 0 aggregations, 0 implications, 0 bound changes
   (0.0s) probing aborted: 50/50 successive totally useless probings
   (0.0s) symmetry computation started: requiring (bin +, int +, cont +), (fixed: bin -, int -, cont -)
   (0.0s) no symmetry present (symcode time: 0.00)
presolving (8 rounds: 8 fast, 6 medium, 4 exhaustive):
 49 deleted vars, 6 deleted constraints, 0 added constraints, 0 tightened bounds, 0 added holes, 2 changed sides, 34 changed coefficients
 0 implications, 190 cliques
presolved problem has 451 variables (451 bin, 0 int, 0 impl, 0 cont) and 186 constraints
    186 constraints of type <setppc>
Presolving Time: 0.02

 time | node  | left  |LP iter|LP it/n|mem/heur|mdpt |vars |cons |rows |cuts |sepa|confs|strbr|  dualbound   | primalbound  |  gap   | compl. 
  0.1s|     1 |     0 |  1894 |     - |  5725k |   0 | 451 | 186 | 186 |   0 |  0 |   0 |   0 | 7.667137e+03 |      --      |    Inf | unknown
d 0.1s|     1 |     0 |  1894 |     - |coefdivi|   0 | 451 | 186 | 186 |   0 |  1 |   0 |   0 | 7.667137e+03 | 2.545417e+03 | 201.21%| unknown
d 0.1s|     1 |     0 |  2035 |     - |coefdivi|   0 | 451 | 186 | 186 |   0 |  1 |   0 |   0 | 7.667137e+03 | 3.631451e+03 | 111.13%| unknown
d 0.1s|     1 |     0 |  2135 |     - |coefdivi|   0 | 451 | 186 | 186 |   0 |  1 |   0 |   0 | 7.667137e+03 | 4.872450e+03 |  57.36%| unknown
d 0.1s|     1 |     0 |  2145 |     - |coefdivi|   0 | 451 | 186 | 186 |   0 |  1 |   0 |   0 | 7.667137e+03 | 6.315341e+03 |  21.40%| unknown
  0.1s|     1 |     0 |  2145 |     - |  5827k |   0 | 451 | 186 | 186 |   0 |  1 |   0 |   0 | 7.667137e+03 | 6.315341e+03 |  21.40%| unknown
  0.2s|     1 |     2 |  2145 |     - |  5911k |   0 | 451 | 186 | 186 |   0 |  2 |   0 |  24 | 7.625307e+03 | 6.315341e+03 |  20.74%| unknown

SCIP Status        : solving was interrupted [node limit reached]
Solving Time (sec) : 0.21
Solving Nodes      : 1
Primal Bound       : +6.31534102592185e+03 (28 solutions)
Dual Bound         : +7.62530710219805e+03
Gap                : 20.74 %
