presolving:
   (0.0s) running MILP presolver
   (0.0s) MILP presolver (2 rounds): 0 aggregations, 12 fixings, 0 bound changes
(round 1, medium)     12 del vars, 0 del conss, 0 add conss, 0 chg bounds, 0 chg sides, 0 chg coeffs, 0 upgd conss, 0 impls, 188 clqs
(round 2, fast)       12 del vars, 1 del conss, 0 add conss, 0 chg bounds, 0 chg sides, 0 chg coeffs, 0 upgd conss, 0 impls, 188 clqs
(round 3, exhaustive) 12 del vars, 3 del conss, 0 add conss, 0 chg bounds, 2 chg sides, 0 chg coeffs, 0 upgd conss, 0 impls, 188 clqs
(round 4, exhaustive) 12 del vars, 3 del conss, 0 add conss, 0 chg bounds, 2 chg sides, 0 chg coeffs, 186 upgd conss, 0 impls, 188 clqs
(round 5, medium)     41 del vars, 3 del conss, 0 add conss, 0 chg bounds, 2 chg sides, 29 chg coeffs, 186 upgd conss, 0 impls, 188 clqs
(round 6, fast)       57 del vars, 4 del conss, 0 add conss, 0 chg bounds, 2 chg sides, 29 chg coeffs, 186 upgd conss, 0 impls, 187 clqs
(round 7, exhaustive) 57 del vars, 10 del conss, 0 add conss, 0 chg bounds, 2 chg sides, 29 chg coeffs, 186 upgd conss, 0 impls, 187 clqs
   (0.0s) probing: 51/443 (11.5%) - 0 fixings, 0 aggregations, 0 implications, 0 bound changes
   (0.0s) probing aborted: 50/50 successive totally useless probings
   (0.0s) symmetry computation started: requiring (bin +, int +, cont +), (fixed: bin -, int -, cont -)
   (0.0s) no symmetry present (symcode time: 0.00)
presolving (8 rounds: 8 fast, 6 medium, 4 exhaustive):
 57 deleted vars, 10 deleted constraints, 0 added constraints, 0 tightened bounds, 0 added holes, 2 changed sides, 29 changed coefficients
 0 implications, 187 cliques
presolved problem has 443 variables (443 bin, 0 int, 0 impl, 0 cont) and 179 constraints
    179 constraints of type <setppc>
Presolving Time: 0.02

 time | node  | left  |LP iter|LP it/n|mem/heur|mdpt |vars |cons |rows |cuts |sepa|confs|strbr|  dualbound   | primalbound  |  gap   | compl. 
  0.1s|     1 |     0 |  1930 |     - |  5487k |   0 | 443 | 179 | 179 |   0 |  0 |   0 |   0 | 6.985582e+03 |      --      |    Inf | unknown
d 0.1s|     1 |     0 |  1930 |     - |coefdivi|   0 | 443 | 179 | 179 |   0 |  1 |   0 |   0 | 6.985582e+03 | 2.221510e+03 | 214.45%| unknown
d 0.1s|     1 |     0 |  1989 |     - |coefdivi|   0 | 443 | 179 | 179 |   0 |  1 |   0 |   0 | 6.985582e+03 | 3.671752e+03 |  90.25%| unknown
d 0.1s|     1 |     0 |  2023 |     - |coefdivi|   0 | 443 | 179 | 179 |   0 |  1 |   0 |   0 | 6.985582e+03 | 4.738756e+03 |  47.41%| unknown
d 0.1s|     1 |     0 |  2033 |     - |coefdivi|   0 | 443 | 179 | 179 |   0 |  1 |   0 |   0 | 6.985582e+03 | 6.521757e+03 |   7.11%| unknown
  0.1s|     1 |     0 |  2033 |     - |  5614k |   0 | 443 | 179 | 179 |   0 |  1 |   0 |   0 | 6.985582e+03 | 6.521757e+03 |   7.11%| unknown
  0.3s|     1 |     2 |  2033 |     - |  5765k |   0 | 443 | 179 | 179 |   0 |  2 |   0 |  40 | 6.949674e+03 | 6.521757e+03 |   6.56%| unknown

SCIP Status        : solving was interrupted [node limit reached]
Solving Time (sec) : 0.29
Solving Nodes      : 1
Primal Bound       : +6.52175701498058e+03 (44 solutions)
Dual Bound         : +6.94967403470549e+03
Gap                : 6.56 %
