presolving:
(round 1, fast)       1 del vars, 1 del conss, 0 add conss, 0 chg bounds, 0 chg sides, 0 chg coeffs, 0 upgd conss, 0 impls, 189 clqs
   (0.0s) running MILP presolver
   (0.0s) MILP presolver (2 rounds): 0 aggregations, 14 fixings, 0 bound changes
(round 2, medium)     15 del vars, 1 del conss, 0 add conss, 0 chg bounds, 0 chg sides, 0 chg coeffs, 0 upgd conss, 0 impls, 189 clqs
(round 3, exhaustive) 15 del vars, 9 del conss, 0 add conss, 0 chg bounds, 8 chg sides, 0 chg coeffs, 0 upgd conss, 0 impls, 189 clqs
(round 4, exhaustive) 15 del vars, 9 del conss, 0 add conss, 0 chg bounds, 8 chg sides, 0 chg coeffs, 181 upgd conss, 0 impls, 189 clqs
(round 5, medium)     55 del vars, 9 del conss, 0 add conss, 0 chg bounds, 8 chg sides, 40 chg coeffs, 181 upgd conss, 0 impls, 189 clqs
(round 6, fast)       75 del vars, 10 del conss, 0 add conss, 0 chg bounds, 8 chg sides, 40 chg coeffs, 181 upgd conss, 0 impls, 188 clqs
(round 7, exhaustive) 75 del vars, 13 del conss, 0 add conss, 0 chg bounds, 8 chg sides, 40 chg coeffs, 181 upgd conss, 0 impls, 188 clqs
(round 8, exhaustive) 76 del vars, 13 del conss, 0 add conss, 0 chg bounds, 8 chg sides, 40 chg coeffs, 181 upgd conss, 0 impls, 188 clqs
   (0.0s) probing: 51/424 (12.0%) - 0 fixings, 0 aggregations, 0 implications, 0 bound changes
   (0.0s) probing aborted: 50/50 successive totally useless probings
   (0.0s) symmetry computation started: requiring (bin +, int +, cont +), (fixed: bin -, int -, cont -)
   (0.0s) no symmetry present (symcode time: 0.00)
presolving (9 rounds: 9 fast, 7 medium, 5 exhaustive):
 76 deleted vars, 13 deleted constraints, 0 added constraints, 0 tightened bounds, 0 added holes, 8 changed sides, 40 changed coefficients
 0 implications, 188 cliques
presolved problem has 424 variables (424 bin, 0 int, 0 impl, 0 cont) and 177 constraints
    177 constraints of type <setppc>
Presolving Time: 0.02

 time | node  | left  |LP iter|LP it/n|mem/heur|mdpt |vars |cons |rows |cuts |sepa|confs|strbr|  dualbound   | primalbound  |  gap   | compl. 
  0.1s|     1 |     0 |  1672 |     - |  5481k |   0 | 424 | 177 | 177 |   0 |  0 |   0 |   0 | 7.443778e+03 |      --      |    Inf | unknown
d 0.1s|     1 |     0 |  1672 |     - |coefdivi|   0 | 424 | 177 | 177 |   0 |  1 |   0 |   0 | 7.443778e+03 | 2.774667e+03 | 168.28%| unknown
d 0.1s|     1 |     0 |  1773 |     - |coefdivi|   0 | 424 | 177 | 177 |   0 |  1 |   0 |   0 | 7.443778e+03 | 3.906098e+03 |  90.57%| unknown
d 0.1s|     1 |     0 |  1808 |     - |coefdivi|   0 | 424 | 177 | 177 |   0 |  1 |   0 |   0 | 7.443778e+03 | 6.953923e+03 |   7.04%| unknown
  0.1s|     1 |     0 |  1808 |     - |  5590k |   0 | 424 | 177 | 177 |   0 |  1 |   0 |   0 | 7.443778e+03 | 6.953923e+03 |   7.04%| unknown
  0.2s|     1 |     2 |  1808 |     - |  5677k |   0 | 424 | 177 | 177 |   0 |  2 |   0 |  19 | 7.410499e+03 | 6.953923e+03 |   6.57%| unknown

SCIP Status        : solving was interrupted [node limit reached]
Solving Time (sec) : 0.18
Solving Nodes      : 1
Primal Bound       : +6.95392313529381e+03 (22 solutions)
Dual Bound         : +7.41049896820091e+03
Gap                : 6.57 %
