presolving:
   (0.0s) running MILP presolver
   (0.0s) MILP presolver (2 rounds): 0 aggregations, 15 fixings, 0 bound changes
(round 1, medium)     15 del vars, 0 del conss, 0 add conss, 0 chg bounds, 0 chg sides, 0 chg coeffs, 0 upgd conss, 0 impls, 195 clqs
(round 2, exhaustive) 15 del vars, 6 del conss, 0 add conss, 0 chg bounds, 6 chg sides, 0 chg coeffs, 0 upgd conss, 0 impls, 195 clqs
(round 3, exhaustive) 15 del vars, 6 del conss, 0 add conss, 0 chg bounds, 6 chg sides, 0 chg coeffs, 189 upgd conss, 0 impls, 195 clqs
(round 4, medium)     56 del vars, 6 del conss, 0 add conss, 0 chg bounds, 6 chg sides, 41 chg coeffs, 189 upgd conss, 0 impls, 195 clqs
(round 5, fast)       81 del vars, 8 del conss, 0 add conss, 0 chg bounds, 6 chg sides, 41 chg coeffs, 189 upgd conss, 0 impls, 190 clqs
(round 6, exhaustive) 81 del vars, 15 del conss, 0 add conss, 0 chg bounds, 6 chg sides, 41 chg coeffs, 189 upgd conss, 0 impls, 190 clqs
(round 7, medium)     82 del vars, 15 del conss, 0 add conss, 0 chg bounds, 6 chg sides, 42 chg coeffs, 189 upgd conss, 0 impls, 189 clqs
   (0.0s) probing: 51/418 (12.2%) - 0 fixings, 0 aggregations, 0 implications, 0 bound changes
   (0.0s) probing aborted: 50/50 successive totally useless probings
   (0.0s) symmetry computation started: requiring (bin +, int +, cont +), (fixed: bin -, int -, cont -)
   (0.0s) no symmetry present (symcode time: 0.00)
presolving (8 rounds: 8 fast, 7 medium, 4 exhaustive):
 82 deleted vars, 15 deleted constraints, 0 added constraints, 0 tightened bounds, 0 added holes, 6 changed sides, 42 changed coefficients
 0 implications, 189 cliques
presolved problem has 418 variables (418 bin, 0 int, 0 impl, 0 cont) and 180 constraints
    180 constraints of type <setppc>
Presolving Time: 0.02

 time | node  | left  |LP iter|LP it/n|mem/heur|mdpt |vars |cons |rows |cuts |sepa|confs|strbr|  dualbound   | primalbound  |  gap   | compl. 
  0.1s|     1 |     0 |  1703 |     - |  5215k |   0 | 418 | 180 | 180 |   0 |  0 |   0 |   0 | 7.876334e+03 |      --      |    Inf | unknown
d 0.1s|     1 |     0 |  1703 |     - |coefdivi|   0 | 418 | 180 | 180 |   0 |  1 |   0 |   0 | 7.876334e+03 | 2.824109e+03 | 178.90%| unknown
d 0.1s|     1 |     0 |  1817 |     - |coefdivi|   0 | 418 | 180 | 180 |   0 |  1 |   0 |   0 | 7.876334e+03 | 3.379849e+03 | 133.04%| unknown
d 0.1s|     1 |     0 |  1899 |     - |coefdivi|   0 | 418 | 180 | 180 |   0 |  1 |   0 |   0 | 7.876334e+03 | 3.836630e+03 | 105.29%| unknown
d 0.1s|     1 |     0 |  1939 |     - |coefdivi|   0 | 418 | 180 | 180 |   0 |  1 |   0 |   0 | 7.876334e+03 | 6.898099e+03 |  14.18%| unknown
  0.1s|     1 |     0 |  1939 |     - |  5310k |   0 | 418 | 180 | 180 |   0 |  1 |   0 |   0 | 7.876334e+03 | 6.898099e+03 |  14.18%| unknown
  0.2s|     1 |     2 |  1939 |     - |  5403k |   0 | 418 | 180 | 180 |   0 |  2 |   0 |  21 | 7.818618e+03 | 6.898099e+03 |  13.34%| unknown

SCIP Status        : solving was interrupted [node limit reached]
Solving Time (sec) : 0.22
Solving Nodes      : 1
Primal Bound       : +6.89809890044465e+03 (26 solutions)
Dual Bound         : +7.81861752711646e+03
Gap                : 13.34 %
