presolving:
(round 1, fast)       0 del vars, 1 del conss, 0 add conss, 0 chg bounds, 0 chg sides, 0 chg coeffs, 0 upgd conss, 0 impls, 195 clqs
(round 2, fast)       1 del vars, 1 del conss, 0 add conss, 0 chg bounds, 0 chg sides, 0 chg coeffs, 0 upgd conss, 0 impls, 195 clqs
   (0.0s) running MILP presolver
   (0.0s) MILP presolver (2 rounds): 0 aggregations, 8 fixings, 0 bound changes
(round 3, medium)     9 del vars, 1 del conss, 0 add conss, 0 chg bounds, 0 chg sides, 0 chg coeffs, 0 upgd conss, 0 impls, 195 clqs
(round 4, exhaustive) 9 del vars, 5 del conss, 0 add conss, 0 chg bounds, 4 chg sides, 0 chg coeffs, 0 upgd conss, 0 impls, 195 clqs
(round 5, exhaustive) 9 del vars, 5 del conss, 0 add conss, 0 chg bounds, 4 chg sides, 0 chg coeffs, 191 upgd conss, 0 impls, 195 clqs
(round 6, medium)     47 del vars, 5 del conss, 0 add conss, 0 chg bounds, 4 chg sides, 38 chg coeffs, 191 upgd conss, 0 impls, 195 clqs
(round 7, fast)       73 del vars, 7 del conss, 0 add conss, 0 chg bounds, 4 chg sides, 38 chg coeffs, 191 upgd conss, 0 impls, 193 clqs
(round 8, exhaustive) 73 del vars, 13 del conss, 0 add conss, 0 chg bounds, 4 chg sides, 38 chg coeffs, 191 upgd conss, 0 impls, 193 clqs
(round 9, exhaustive) 74 del vars, 13 del conss, 0 add conss, 0 chg bounds, 4 chg sides, 38 chg coeffs, 191 upgd conss, 0 impls, 192 clqs
   (0.0s) probing: 51/426 (12.0%) - 0 fixings, 0 aggregations, 0 implications, 0 bound changes
   (0.0s) probing aborted: 50/50 successive totally useless probings
   (0.0s) symmetry computation started: requiring (bin +, int +, cont +), (fixed: bin -, int -, cont -)
   (0.0s) no symmetry present (symcode time: 0.00)
presolving (10 rounds: 10 fast, 7 medium, 5 exhaustive):
 74 deleted vars, 13 deleted constraints, 0 added constraints, 0 tightened bounds, 0 added holes, 4 changed sides, 38 changed coefficients
 0 implications, 192 cliques
presolved problem has 426 variables (426 bin, 0 int, 0 impl, 0 cont) and 183 constraints
    183 constraints of type <setppc>
Presolving Time: 0.02

 time | node  | left  |LP iter|LP it/n|mem/heur|mdpt |vars |cons |rows |cuts |sepa|confs|strbr|  dualbound   | primalbound  |  gap   | compl. 
  0.1s|     1 |     0 |  1700 |     - |  5475k |   0 | 426 | 183 | 183 |   0 |  0 |   0 |   0 | 7.645698e+03 |      --      |    Inf | unknown
d 0.1s|     1 |     0 |  1700 |     - |coefdivi|   0 | 426 | 183 | 183 |   0 |  1 |   0 |   0 | 7.645698e+03 | 2.995716e+03 | 155.22%| unknown
d 0.1s|     1 |     0 |  1816 |     - |coefdivi|   0 | 426 | 183 | 183 |   0 |  1 |   0 |   0 | 7.645698e+03 | 3.845425e+03 |  98.83%| unknown
d 0.1s|     1 |     0 |  1853 |     - |coefdivi|   0 | 426 | 183 | 183 |   0 |  1 |   0 |   0 | 7.645698e+03 | 5.673951e+03 |  34.75%| unknown
d 0.1s|     1 |     0 |  1861 |     - |coefdivi|   0 | 426 | 183 | 183 |   0 |  1 |   0 |   0 | 7.645698e+03 | 6.714951e+03 |  13.86%| unknown
  0.1s|     1 |     0 |  1861 |     - |  5616k |   0 | 426 | 183 | 183 |   0 |  1 |   0 |   0 | 7.645698e+03 | 6.714951e+03 |  13.86%| unknown
  0.2s|     1 |     2 |  1861 |     - |  5728k |   0 | 426 | 183 | 183 |   0 |  2 |   0 |  23 | 7.611188e+03 | 6.714951e+03 |  13.35%| unknown

SCIP Status        : solving was interrupted [node limit reached]
Solving Time (sec) : 0.23
Solving Nodes      : 1
Primal Bound       : +6.71495056183522e+03 (29 solutions)
Dual Bound         : +7.61118776966603e+03
Gap                : 13.35 %
