presolving:
   (0.0s) running MILP presolver
   (0.0s) MILP presolver (2 rounds): 0 aggregations, 16 fixings, 0 bound changes
(round 1, medium)     16 del vars, 0 del conss, 0 add conss, 0 chg bounds, 0 chg sides, 0 chg coeffs, 0 upgd conss, 0 impls, 190 clqs
(round 2, fast)       17 del vars, 1 del conss, 0 add conss, 0 chg bounds, 0 chg sides, 0 chg coeffs, 0 upgd conss, 0 impls, 189 clqs
(round 3, exhaustive) 17 del vars, 6 del conss, 0 add conss, 0 chg bounds, 5 chg sides, 0 chg coeffs, 0 upgd conss, 0 impls, 189 clqs
(round 4, exhaustive) 17 del vars, 6 del conss, 0 add conss, 0 chg bounds, 5 chg sides, 0 chg coeffs, 184 upgd conss, 0 impls, 189 clqs
(round 5, medium)     52 del vars, 6 del conss, 0 add conss, 0 chg bounds, 5 chg sides, 35 chg coeffs, 184 upgd conss, 0 impls, 189 clqs
(round 6, fast)       71 del vars, 6 del conss, 0 add conss, 0 chg bounds, 5 chg sides, 35 chg coeffs, 184 upgd conss, 0 impls, 187 clqs
(round 7, exhaustive) 71 del vars, 7 del conss, 0 add conss, 0 chg bounds, 5 chg sides, 35 chg coeffs, 184 upgd conss, 0 impls, 187 clqs
   (0.0s) probing: 51/429 (11.9%) - 0 fixings, 0 aggregations, 0 implications, 0 bound changes
   (0.0s) probing aborted: 50/50 successive totally useless probings
   (0.0s) symmetry computation started: requiring (bin +, int +, cont +), (fixed: bin -, int -, cont -)
   (0.0s) no symmetry present (symcode time: 0.00)
presolving (8 rounds: 8 fast, 6 medium, 4 exhaustive):
 71 deleted vars, 7 deleted constraints, 0 added constraints, 0 tightened bounds, 0 added holes, 5 changed sides, 35 changed coefficients
 0 implications, 187 cliques
presolved problem has 429 variables (429 bin, 0 int, 0 impl, 0 cont) and 183 constraints
    183 constraints of type <setppc>
Presolving Time: 0.04

 time | node  | left  |LP iter|LP it/n|mem/heur|mdpt |vars |cons |rows |cuts |sepa|confs|strbr|  dualbound   | primalbound  |  gap   | compl. 
  0.1s|     1 |     0 |  1673 |     - |  5428k |   0 | 429 | 183 | 183 |   0 |  0 |   0 |   0 | 7.334567e+03 |      --      |    Inf | unknown
d 0.1s|     1 |     0 |  1673 |     - |coefdivi|   0 | 429 | 183 | 183 |   0 |  1 |   0 |   0 | 7.334567e+03 | 2.421260e+03 | 202.92%| unknown
d 0.1s|     1 |     0 |  1761 |     - |coefdivi|   0 | 429 | 183 | 183 |   0 |  1 |   0 |   0 | 7.334567e+03 | 2.907732e+03 | 152.24%| unknown
d 0.1s|     1 |     0 |  1831 |     - |coefdivi|   0 | 429 | 183 | 183 |   0 |  1 |   0 |   0 | 7.334567e+03 | 3.819102e+03 |  92.05%| unknown
d 0.1s|     1 |     0 |  1865 |     - |coefdivi|   0 | 429 | 183 | 183 |   0 |  1 |   0 |   0 | 7.334567e+03 | 4.557330e+03 |  60.94%| unknown
d 0.1s|     1 |     0 |  1878 |     - |coefdivi|   0 | 429 | 183 | 183 |   0 |  1 |   0 |   0 | 7.334567e+03 | 6.319004e+03 |  16.07%| unknown
  0.1s|     1 |     0 |  1878 |     - |  5533k |   0 | 429 | 183 | 183 |   0 |  1 |   0 |   0 | 7.334567e+03 | 6.319004e+03 |  16.07%| unknown
  0.2s|     1 |     2 |  1878 |     - |  5608k |   0 | 429 | 183 | 183 |   0 |  2 |   0 |  19 | 7.294320e+03 | 6.319004e+03 |  15.43%| unknown

SCIP Status        : solving was interrupted [node limit reached]
Solving Time (sec) : 0.23
Solving Nodes      : 1
Primal Bound       : +6.31900427369427e+03 (24 solutions)
Dual Bound         : +7.29431992494862e+03
Gap                : 15.43 %
