presolving:
(round 1, fast)       1 del vars, 2 del conss, 0 add conss, 0 chg bounds, 0 chg sides, 0 chg coeffs, 0 upgd conss, 0 impls, 189 clqs
   (0.0s) running MILP presolver
   (0.0s) MILP presolver (2 rounds): 0 aggregations, 13 fixings, 0 bound changes
(round 2, medium)     14 del vars, 2 del conss, 0 add conss, 0 chg bounds, 0 chg sides, 0 chg coeffs, 0 upgd conss, 0 impls, 189 clqs
(round 3, exhaustive) 14 del vars, 3 del conss, 0 add conss, 0 chg bounds, 1 chg sides, 0 chg coeffs, 0 upgd conss, 0 impls, 189 clqs
(round 4, exhaustive) 14 del vars, 3 del conss, 0 add conss, 0 chg bounds, 1 chg sides, 0 chg coeffs, 188 upgd conss, 0 impls, 189 clqs
(round 5, medium)     52 del vars, 3 del conss, 0 add conss, 0 chg bounds, 1 chg sides, 38 chg coeffs, 188 upgd conss, 0 impls, 189 clqs
(round 6, fast)       61 del vars, 3 del conss, 0 add conss, 0 chg bounds, 1 chg sides, 38 chg coeffs, 188 upgd conss, 0 impls, 189 clqs
(round 7, exhaustive) 61 del vars, 5 del conss, 0 add conss, 0 chg bounds, 1 chg sides, 38 chg coeffs, 188 upgd conss, 0 impls, 189 clqs
   (0.0s) probing: 51/439 (11.6%) - 0 fixings, 0 aggregations, 0 implications, 0 bound changes
   (0.0s) probing aborted: 50/50 successive totally useless probings
   (0.0s) symmetry computation started: requiring (bin +, int +, cont +), (fixed: bin -, int -, cont -)
   (0.0s) no symmetry present (symcode time: 0.00)
presolving (8 rounds: 8 fast, 6 medium, 4 exhaustive):
 61 deleted vars, 5 deleted constraints, 0 added constraints, 0 tightened bounds, 0 added holes, 1 changed sides, 38 changed coefficients
 0 implications, 189 cliques
presolved problem has 439 variables (439 bin, 0 int, 0 impl, 0 cont) and 186 constraints
    186 constraints of type <setppc>
Presolving Time: 0.02

 time | node  | left  |LP iter|LP it/n|mem/heur|mdpt |vars |cons |rows |cuts |sepa|confs|strbr|  dualbound   | primalbound  |  gap   | compl. 
  0.1s|     1 |     0 |  2104 |     - |  5822k |   0 | 439 | 186 | 186 |   0 |  0 |   0 |   0 | 8.477870e+03 |      --      |    Inf | unknown
d 0.1s|     1 |     0 |  2104 |     - |coefdivi|   0 | 439 | 186 | 186 |   0 |  1 |   0 |   0 | 8.477870e+03 | 2.983349e+03 | 184.17%| unknown
d 0.1s|     1 |     0 |  2225 |     - |coefdivi|   0 | 439 | 186 | 186 |   0 |  1 |   0 |   0 | 8.477870e+03 | 3.814177e+03 | 122.27%| unknown
d 0.1s|     1 |     0 |  2294 |     - |coefdivi|   0 | 439 | 186 | 186 |   0 |  1 |   0 |   0 | 8.477870e+03 | 4.843333e+03 |  75.04%| unknown
d 0.1s|     1 |     0 |  2307 |     - |coefdivi|   0 | 439 | 186 | 186 |   0 |  1 |   0 |   0 | 8.477870e+03 | 7.537414e+03 |  12.48%| unknown
  0.1s|     1 |     0 |  2307 |     - |  5957k |   0 | 439 | 186 | 186 |   0 |  1 |   0 |   0 | 8.477870e+03 | 7.537414e+03 |  12.48%| unknown
  0.3s|     1 |     2 |  2307 |     - |  6105k |   0 | 439 | 186 | 186 |   0 |  2 |   0 |  32 | 8.442773e+03 | 7.537414e+03 |  12.01%| unknown

SCIP Status        : solving was interrupted [node limit reached]
Solving Time (sec) : 0.28
Solving Nodes      : 1
Primal Bound       : +7.53741397830382e+03 (37 solutions)
Dual Bound         : +8.44277257225248e+03
Gap                : 12.01 %
