presolving:
(round 1, fast)       1 del vars, 2 del conss, 0 add conss, 0 chg bounds, 0 chg sides, 0 chg coeffs, 0 upgd conss, 0 impls, 195 clqs
   (0.0s) running MILP presolver
   (0.0s) MILP presolver (2 rounds): 0 aggregations, 16 fixings, 0 bound changes
(round 2, medium)     17 del vars, 2 del conss, 0 add conss, 0 chg bounds, 0 chg sides, 0 chg coeffs, 0 upgd conss, 0 impls, 195 clqs
(round 3, exhaustive) 17 del vars, 6 del conss, 0 add conss, 0 chg bounds, 4 chg sides, 0 chg coeffs, 0 upgd conss, 0 impls, 195 clqs
(round 4, exhaustive) 17 del vars, 6 del conss, 0 add conss, 0 chg bounds, 4 chg sides, 0 chg coeffs, 191 upgd conss, 0 impls, 195 clqs
(round 5, medium)     47 del vars, 6 del conss, 0 add conss, 0 chg bounds, 4 chg sides, 30 chg coeffs, 191 upgd conss, 0 impls, 195 clqs
(round 6, fast)       56 del vars, 6 del conss, 0 add conss, 0 chg bounds, 4 chg sides, 30 chg coeffs, 191 upgd conss, 0 impls, 195 clqs
(round 7, exhaustive) 56 del vars, 9 del conss, 0 add conss, 0 chg bounds, 4 chg sides, 30 chg coeffs, 191 upgd conss, 0 impls, 195 clqs
   (0.0s) probing: 51/444 (11.5%) - 0 fixings, 0 aggregations, 0 implications, 0 bound changes
   (0.0s) probing aborted: 50/50 successive totally useless probings
   (0.0s) symmetry computation started: requiring (bin +, int +, cont +), (fixed: bin -, int -, cont -)
   (0.0s) no symmetry present (symcode time: 0.00)
presolving (8 rounds: 8 fast, 6 medium, 4 exhaustive):
 56 deleted vars, 9 deleted constraints, 0 added constraints, 0 tightened bounds, 0 added holes, 4 changed sides, 30 changed coefficients
 0 implications, 195 cliques
presolved problem has 444 variables (444 bin, 0 int, 0 impl, 0 cont) and 188 constraints
    188 constraints of type <setppc>
Presolving Time: 0.01

 time | node  | left  |LP iter|LP it/n|mem/heur|mdpt |vars |cons |rows |cuts |sepa|confs|strbr|  dualbound   | primalbound  |  gap   | compl. 
  0.1s|     1 |     0 |  1904 |     - |  5464k |   0 | 444 | 188 | 188 |   0 |  0 |   0 |   0 | 7.630235e+03 |      --      |    Inf | unknown
d 0.1s|     1 |     0 |  1904 |     - |coefdivi|   0 | 444 | 188 | 188 |   0 |  1 |   0 |   0 | 7.630235e+03 | 2.438585e+03 | 212.90%| unknown
d 0.1s|     1 |     0 |  2091 |     - |coefdivi|   0 | 444 | 188 | 188 |   0 |  1 |   0 |   0 | 7.630235e+03 | 3.132751e+03 | 143.56%| unknown
d 0.1s|     1 |     0 |  2222 |     - |coefdivi|   0 | 444 | 188 | 188 |   0 |  1 |   0 |   0 | 7.630235e+03 | 4.558617e+03 |  67.38%| unknown
d 0.1s|     1 |     0 |  2242 |     - |coefdivi|   0 | 444 | 188 | 188 |   0 |  1 |   0 |   0 | 7.630235e+03 | 6.477067e+03 |  17.80%| unknown
d 0.1s|     1 |     0 |  2265 |     - |coefdivi|   0 | 444 | 188 | 188 |   0 |  1 |   0 |   0 | 7.630235e+03 | 6.652028e+03 |  14.71%| unknown
  0.1s|     1 |     0 |  2265 |     - |  5588k |   0 | 444 | 188 | 188 |   0 |  1 |   0 |   0 | 7.630235e+03 | 6.652028e+03 |  14.71%| unknown
  0.2s|     1 |     2 |  2265 |     - |  5734k |   0 | 444 | 188 | 188 |   0 |  2 |   0 |  22 | 7.579693e+03 | 6.652028e+03 |  13.95%| unknown

SCIP Status        : solving was interrupted [node limit reached]
Solving Time (sec) : 0.25
Solving Nodes      : 1
Primal Bound       : +6.65202768156699e+03 (30 solutions)
Dual Bound         : +7.57969345438841e+03
Gap                : 13.95 %
