presolving:
(round 1, fast)       1 del vars, 2 del conss, 0 add conss, 0 chg bounds, 0 chg sides, 0 chg coeffs, 0 upgd conss, 0 impls, 196 clqs
   (0.0s) running MILP presolver
   (0.0s) MILP presolver (2 rounds): 0 aggregations, 5 fixings, 0 bound changes
(round 2, medium)     6 del vars, 2 del conss, 0 add conss, 0 chg bounds, 0 chg sides, 0 chg coeffs, 0 upgd conss, 0 impls, 196 clqs
(round 3, exhaustive) 6 del vars, 3 del conss, 0 add conss, 0 chg bounds, 1 chg sides, 0 chg coeffs, 0 upgd conss, 0 impls, 196 clqs
(round 4, exhaustive) 6 del vars, 3 del conss, 0 add conss, 0 chg bounds, 1 chg sides, 0 chg coeffs, 195 upgd conss, 0 impls, 196 clqs
(round 5, medium)     30 del vars, 3 del conss, 0 add conss, 0 chg bounds, 1 chg sides, 24 chg coeffs, 195 upgd conss, 0 impls, 196 clqs
(round 6, fast)       31 del vars, 3 del conss, 0 add conss, 0 chg bounds, 1 chg sides, 24 chg coeffs, 195 upgd conss, 0 impls, 196 clqs
   (0.0s) probing: 51/469 (10.9%) - 0 fixings, 0 aggregations, 0 implications, 0 bound changes
   (0.0s) probing aborted: 50/50 successive totally useless probings
   (0.0s) symmetry computation started: requiring (bin +, int +, cont +), (fixed: bin -, int -, cont -)
   (0.0s) no symmetry present (symcode time: 0.00)
presolving (7 rounds: 7 fast, 5 medium, 3 exhaustive):
 31 deleted vars, 3 deleted constraints, 0 added constraints, 0 tightened bounds, 0 added holes, 1 changed sides, 24 changed coefficients
 0 implications, 196 cliques
presolved problem has 469 variables (469 bin, 0 int, 0 impl, 0 cont) and 195 constraints
    195 constraints of type <setppc>
Presolving Time: 0.01

 time | node  | left  |LP iter|LP it/n|mem/heur|mdpt |vars |cons |rows |cuts |sepa|confs|strbr|  dualbound   | primalbound  |  gap   | compl. 
  0.1s|     1 |     0 |  1486 |     - |  5676k |   0 | 469 | 195 | 195 |   0 |  0 |   0 |   0 | 7.061123e+03 |      --      |    Inf | unknown
d 0.1s|     1 |     0 |  1486 |     - |coefdivi|   0 | 469 | 195 | 195 |   0 |  1 |   0 |   0 | 7.061123e+03 | 1.763029e+03 | 300.51%| unknown
d 0.1s|     1 |     0 |  1608 |     - |coefdivi|   0 | 469 | 195 | 195 |   0 |  1 |   0 |   0 | 7.061123e+03 | 2.607935e+03 | 170.76%| unknown
d 0.1s|     1 |     0 |  1654 |     - |coefdivi|   0 | 469 | 195 | 195 |   0 |  1 |   0 |   0 | 7.061123e+03 | 3.462961e+03 | 103.90%| unknown
d 0.1s|     1 |     0 |  1672 |     - |coefdivi|   0 | 469 | 195 | 195 |   0 |  1 |   0 |   0 | 7.061123e+03 | 5.316649e+03 |  32.81%| unknown
d 0.1s|     1 |     0 |  1678 |     - |coefdivi|   0 | 469 | 195 | 195 |   0 |  1 |   0 |   0 | 7.061123e+03 | 6.159305e+03 |  14.64%| unknown
  0.1s|     1 |     0 |  1678 |     - |  5803k |   0 | 469 | 195 | 195 |   0 |  1 |   0 |   0 | 7.061123e+03 | 6.159305e+03 |  14.64%| unknown
  0.3s|     1 |     2 |  1678 |     - |  5970k |   0 | 469 | 195 | 195 |   0 |  2 |   0 |  30 | 6.976506e+03 | 6.159305e+03 |  13.27%| unknown

SCIP Status        : solving was interrupted [node limit reached]
Solving Time (sec) : 0.27
Solving Nodes      : 1
Primal Bound       : +6.15930512535108e+03 (36 solutions)
Dual Bound         : +6.97650619014758e+03
Gap                : 13.27 %
