presolving:
(round 1, fast)       0 del vars, 2 del conss, 0 add conss, 0 chg bounds, 0 chg sides, 0 chg coeffs, 0 upgd conss, 0 impls, 190 clqs
   (0.0s) running MILP presolver
   (0.0s) MILP presolver (2 rounds): 0 aggregations, 9 fixings, 0 bound changes
(round 2, medium)     9 del vars, 2 del conss, 0 add conss, 0 chg bounds, 0 chg sides, 0 chg coeffs, 0 upgd conss, 0 impls, 190 clqs
(round 3, exhaustive) 9 del vars, 5 del conss, 0 add conss, 0 chg bounds, 3 chg sides, 0 chg coeffs, 0 upgd conss, 0 impls, 190 clqs
(round 4, exhaustive) 9 del vars, 5 del conss, 0 add conss, 0 chg bounds, 3 chg sides, 0 chg coeffs, 187 upgd conss, 0 impls, 190 clqs
(round 5, medium)     43 del vars, 5 del conss, 0 add conss, 0 chg bounds, 3 chg sides, 34 chg coeffs, 187 upgd conss, 0 impls, 190 clqs
(round 6, fast)       51 del vars, 5 del conss, 0 add conss, 0 chg bounds, 3 chg sides, 34 chg coeffs, 187 upgd conss, 0 impls, 189 clqs
(round 7, exhaustive) 51 del vars, 7 del conss, 0 add conss, 0 chg bounds, 3 chg sides, 34 chg coeffs, 187 upgd conss, 0 impls, 189 clqs
   (0.0s) probing: 51/449 (11.4%) - 0 fixings, 0 aggregations, 0 implications, 0 bound changes
   (0.0s) probing aborted: 50/50 successive totally useless probings
   (0.0s) symmetry computation started: requiring (bin +, int +, cont +), (fixed: bin -, int -, cont -)
   (0.0s) no symmetry present (symcode time: 0.00)
presolving (8 rounds: 8 fast, 6 medium, 4 exhaustive):
 51 deleted vars, 7 deleted constraints, 0 added constraints, 0 tightened bounds, 0 added holes, 3 changed sides, 34 changed coefficients
 0 implications, 189 cliques
presolved problem has 449 variables (449 bin, 0 int, 0 impl, 0 cont) and 185 constraints
    185 constraints of type <setppc>
Presolving Time: 0.02

 time | node  | left  |LP iter|LP it/n|mem/heur|mdpt |vars |cons |rows |cuts |sepa|confs|strbr|  dualbound   | primalbound  |  gap   | compl. 
  0.1s|     1 |     0 |  1462 |     - |  5590k |   0 | 449 | 185 | 185 |   0 |  0 |   0 |   0 | 7.492556e+03 |      --      |    Inf | unknown
d 0.1s|     1 |     0 |  1462 |     - |coefdivi|   0 | 449 | 185 | 185 |   0 |  1 |   0 |   0 | 7.492556e+03 | 2.209078e+03 | 239.17%| unknown
d 0.1s|     1 |     0 |  1673 |     - |coefdivi|   0 | 449 | 185 | 185 |   0 |  1 |   0 |   0 | 7.492556e+03 | 3.156501e+03 | 137.37%| unknown
d 0.1s|     1 |     0 |  1734 |     - |coefdivi|   0 | 449 | 185 | 185 |   0 |  1 |   0 |   0 | 7.492556e+03 | 4.008083e+03 |  86.94%| unknown
d 0.1s|     1 |     0 |  1773 |     - |coefdivi|   0 | 449 | 185 | 185 |   0 |  1 |   0 |   0 | 7.492556e+03 | 6.451783e+03 |  16.13%| unknown
  0.1s|     1 |     0 |  1773 |     - |  5714k |   0 | 449 | 185 | 185 |   0 |  1 |   0 |   0 | 7.492556e+03 | 6.451783e+03 |  16.13%| unknown
  0.4s|     1 |     2 |  1773 |     - |  5899k |   0 | 449 | 185 | 185 |   0 |  2 |   0 |  44 | 7.465876e+03 | 6.451783e+03 |  15.72%| unknown

SCIP Status        : solving was interrupted [node limit reached]
Solving Time (sec) : 0.43
Solving Nodes      : 1
Primal Bound       : +6.45178296519602e+03 (51 solutions)
Dual Bound         : +7.46587576782717e+03
Gap                : 15.72 %
