presolving:
(round 1, fast)       0 del vars, 1 del conss, 0 add conss, 0 chg bounds, 0 chg sides, 0 chg coeffs, 0 upgd conss, 0 impls, 192 clqs
   (0.0s) running MILP presolver
   (0.0s) MILP presolver (2 rounds): 0 aggregations, 10 fixings, 0 bound changes
(round 2, medium)     10 del vars, 1 del conss, 0 add conss, 0 chg bounds, 0 chg sides, 0 chg coeffs, 0 upgd conss, 0 impls, 192 clqs
(round 3, exhaustive) 10 del vars, 3 del conss, 0 add conss, 0 chg bounds, 2 chg sides, 0 chg coeffs, 0 upgd conss, 0 impls, 192 clqs
(round 4, exhaustive) 10 del vars, 3 del conss, 0 add conss, 0 chg bounds, 2 chg sides, 0 chg coeffs, 190 upgd conss, 0 impls, 192 clqs
(round 5, medium)     44 del vars, 3 del conss, 0 add conss, 0 chg bounds, 2 chg sides, 34 chg coeffs, 190 upgd conss, 0 impls, 192 clqs
(round 6, fast)       54 del vars, 3 del conss, 0 add conss, 0 chg bounds, 2 chg sides, 34 chg coeffs, 190 upgd conss, 0 impls, 192 clqs
(round 7, exhaustive) 54 del vars, 4 del conss, 0 add conss, 0 chg bounds, 2 chg sides, 34 chg coeffs, 190 upgd conss, 0 impls, 192 clqs
   (0.0s) probing: 51/446 (11.4%) - 0 fixings, 0 aggregations, 0 implications, 0 bound changes
   (0.0s) probing aborted: 50/50 successive totally useless probings
   (0.0s) symmetry computation started: requiring (bin +, int +, cont +), (fixed: bin -, int -, cont -)
   (0.0s) no symmetry present (symcode time: 0.00)
presolving (8 rounds: 8 fast, 6 medium, 4 exhaustive):
 54 deleted vars, 4 deleted constraints, 0 added constraints, 0 tightened bounds, 0 added holes, 2 changed sides, 34 changed coefficients
 0 implications, 192 cliques
presolved problem has 446 variables (446 bin, 0 int, 0 impl, 0 cont) and 189 constraints
    189 constraints of type <setppc>
Presolving Time: 0.03

 time | node  | left  |LP iter|LP it/n|mem/heur|mdpt |vars |cons |rows |cuts |sepa|confs|strbr|  dualbound   | primalbound  |  gap   | compl. 
  0.1s|     1 |     0 |  1355 |     - |  5573k |   0 | 446 | 189 | 189 |   0 |  0 |   0 |   0 | 7.840723e+03 |      --      |    Inf | unknown
d 0.1s|     1 |     0 |  1355 |     - |coefdivi|   0 | 446 | 189 | 189 |   0 |  1 |   0 |   0 | 7.840723e+03 | 2.621832e+03 | 199.06%| unknown
d 0.1s|     1 |     0 |  1513 |     - |coefdivi|   0 | 446 | 189 | 189 |   0 |  1 |   0 |   0 | 7.840723e+03 | 3.748035e+03 | 109.20%| unknown
d 0.1s|     1 |     0 |  1575 |     - |coefdivi|   0 | 446 | 189 | 189 |   0 |  1 |   0 |   0 | 7.840723e+03 | 5.094050e+03 |  53.92%| unknown
d 0.1s|     1 |     0 |  1581 |     - |coefdivi|   0 | 446 | 189 | 189 |   0 |  1 |   0 |   0 | 7.840723e+03 | 7.061441e+03 |  11.04%| unknown
  0.1s|     1 |     0 |  1581 |     - |  5704k |   0 | 446 | 189 | 189 |   0 |  1 |   0 |   0 | 7.840723e+03 | 7.061441e+03 |  11.04%| unknown
  0.3s|     1 |     2 |  1581 |     - |  5808k |   0 | 446 | 189 | 189 |   0 |  2 |   0 |  19 | 7.793025e+03 | 7.061441e+03 |  10.36%| unknown

SCIP Status        : solving was interrupted [node limit reached]
Solving Time (sec) : 0.27
Solving Nodes      : 1
Primal Bound       : +7.06144105833749e+03 (25 solutions)
Dual Bound         : +7.79302527772319e+03
Gap                : 10.36 %
