presolving:
   (0.0s) running MILP presolver
   (0.0s) MILP presolver (2 rounds): 0 aggregations, 18 fixings, 0 bound changes
(round 1, medium)     18 del vars, 0 del conss, 0 add conss, 0 chg bounds, 0 chg sides, 0 chg coeffs, 0 upgd conss, 0 impls, 193 clqs
(round 2, fast)       18 del vars, 1 del conss, 0 add conss, 0 chg bounds, 0 chg sides, 0 chg coeffs, 0 upgd conss, 0 impls, 193 clqs
(round 3, exhaustive) 18 del vars, 5 del conss, 0 add conss, 0 chg bounds, 4 chg sides, 0 chg coeffs, 0 upgd conss, 0 impls, 193 clqs
(round 4, exhaustive) 18 del vars, 5 del conss, 0 add conss, 0 chg bounds, 4 chg sides, 0 chg coeffs, 189 upgd conss, 0 impls, 193 clqs
(round 5, medium)     55 del vars, 5 del conss, 0 add conss, 0 chg bounds, 4 chg sides, 37 chg coeffs, 189 upgd conss, 0 impls, 193 clqs
(round 6, fast)       76 del vars, 6 del conss, 0 add conss, 0 chg bounds, 4 chg sides, 37 chg coeffs, 189 upgd conss, 0 impls, 191 clqs
(round 7, exhaustive) 76 del vars, 11 del conss, 0 add conss, 0 chg bounds, 4 chg sides, 37 chg coeffs, 189 upgd conss, 0 impls, 191 clqs
   (0.0s) probing: 51/424 (12.0%) - 0 fixings, 0 aggregations, 0 implications, 0 bound changes
   (0.0s) probing aborted: 50/50 successive totally useless probings
   (0.0s) symmetry computation started: requiring (bin +, int +, cont +), (fixed: bin -, int -, cont -)
   (0.0s) no symmetry present (symcode time: 0.00)
presolving (8 rounds: 8 fast, 6 medium, 4 exhaustive):
 76 deleted vars, 11 deleted constraints, 0 added constraints, 0 tightened bounds, 0 added holes, 4 changed sides, 37 changed coefficients
 0 implications, 191 cliques
presolved problem has 424 variables (424 bin, 0 int, 0 impl, 0 cont) and 183 constraints
    183 constraints of type <setppc>
Presolving Time: 0.01

 time | node  | left  |LP iter|LP it/n|mem/heur|mdpt |vars |cons |rows |cuts |sepa|confs|strbr|  dualbound   | primalbound  |  gap   | compl. 
  0.1s|     1 |     0 |  1094 |     - |  5419k |   0 | 424 | 183 | 183 |   0 |  0 |   0 |   0 | 7.885324e+03 |      --      |    Inf | unknown
d 0.1s|     1 |     0 |  1094 |     - |coefdivi|   0 | 424 | 183 | 183 |   0 |  1 |   0 |   0 | 7.885324e+03 | 2.963297e+03 | 166.10%| unknown
d 0.1s|     1 |     0 |  1211 |     - |coefdivi|   0 | 424 | 183 | 183 |   0 |  1 |   0 |   0 | 7.885324e+03 | 3.911604e+03 | 101.59%| unknown
d 0.1s|     1 |     0 |  1245 |     - |coefdivi|   0 | 424 | 183 | 183 |   0 |  1 |   0 |   0 | 7.885324e+03 | 5.984944e+03 |  31.75%| unknown
d 0.1s|     1 |     0 |  1260 |     - |coefdivi|   0 | 424 | 183 | 183 |   0 |  1 |   0 |   0 | 7.885324e+03 | 7.006148e+03 |  12.55%| unknown
  0.1s|     1 |     0 |  1260 |     - |  5570k |   0 | 424 | 183 | 183 |   0 |  1 |   0 |   0 | 7.885324e+03 | 7.006148e+03 |  12.55%| unknown
  0.2s|     1 |     2 |  1260 |     - |  5743k |   0 | 424 | 183 | 183 |   0 |  2 |   0 |  32 | 7.826746e+03 | 7.006148e+03 |  11.71%| unknown

SCIP Status        : solving was interrupted [node limit reached]
Solving Time (sec) : 0.21
Solving Nodes      : 1
Primal Bound       : +7.00614759562037e+03 (36 solutions)
Dual Bound         : +7.82674581437960e+03
Gap                : 11.71 %
