presolving:
   (0.0s) running MILP presolver
   (0.0s) MILP presolver (2 rounds): 0 aggregations, 18 fixings, 0 bound changes
(round 1, medium)     18 del vars, 0 del conss, 0 add conss, 0 chg bounds, 0 chg sides, 0 chg coeffs, 0 upgd conss, 0 impls, 193 clqs
(round 2, exhaustive) 18 del vars, 4 del conss, 0 add conss, 0 chg bounds, 4 chg sides, 0 chg coeffs, 0 upgd conss, 0 impls, 193 clqs
(round 3, exhaustive) 18 del vars, 4 del conss, 0 add conss, 0 chg bounds, 4 chg sides, 0 chg coeffs, 189 upgd conss, 0 impls, 193 clqs
(round 4, medium)     58 del vars, 4 del conss, 0 add conss, 0 chg bounds, 4 chg sides, 40 chg coeffs, 189 upgd conss, 0 impls, 193 clqs
(round 5, fast)       77 del vars, 4 del conss, 0 add conss, 0 chg bounds, 4 chg sides, 40 chg coeffs, 189 upgd conss, 0 impls, 193 clqs
(round 6, exhaustive) 77 del vars, 9 del conss, 0 add conss, 0 chg bounds, 4 chg sides, 40 chg coeffs, 189 upgd conss, 0 impls, 193 clqs
   (0.0s) probing: 51/423 (12.1%) - 0 fixings, 0 aggregations, 0 implications, 0 bound changes
   (0.0s) probing aborted: 50/50 successive totally useless probings
   (0.0s) symmetry computation started: requiring (bin +, int +, cont +), (fixed: bin -, int -, cont -)
   (0.0s) no symmetry present (symcode time: 0.00)
presolving (7 rounds: 7 fast, 6 medium, 4 exhaustive):
 77 deleted vars, 9 deleted constraints, 0 added constraints, 0 tightened bounds, 0 added holes, 4 changed sides, 40 changed coefficients
 0 implications, 193 cliques
presolved problem has 423 variables (423 bin, 0 int, 0 impl, 0 cont) and 184 constraints
    184 constraints of type <setppc>
Presolving Time: 0.01

 time | node  | left  |LP iter|LP it/n|mem/heur|mdpt |vars |cons |rows |cuts |sepa|confs|strbr|  dualbound   | primalbound  |  gap   | compl. 
  0.1s|     1 |     0 |  1515 |     - |  5135k |   0 | 423 | 184 | 184 |   0 |  0 |   0 |   0 | 8.261815e+03 |      --      |    Inf | unknown
d 0.1s|     1 |     0 |  1515 |     - |coefdivi|   0 | 423 | 184 | 184 |   0 |  1 |   0 |   0 | 8.261815e+03 | 3.178432e+03 | 159.93%| unknown
d 0.1s|     1 |     0 |  1616 |     - |coefdivi|   0 | 423 | 184 | 184 |   0 |  1 |   0 |   0 | 8.261815e+03 | 4.485552e+03 |  84.19%| unknown
d 0.1s|     1 |     0 |  1680 |     - |coefdivi|   0 | 423 | 184 | 184 |   0 |  1 |   0 |   0 | 8.261815e+03 | 6.231189e+03 |  32.59%| unknown
d 0.1s|     1 |     0 |  1698 |     - |coefdivi|   0 | 423 | 184 | 184 |   0 |  1 |   0 |   0 | 8.261815e+03 | 7.415868e+03 |  11.41%| unknown
  0.1s|     1 |     0 |  1698 |     - |  5235k |   0 | 423 | 184 | 184 |   0 |  1 |   0 |   0 | 8.261815e+03 | 7.415868e+03 |  11.41%| unknown
  0.1s|     1 |     2 |  1698 |     - |  5359k |   0 | 423 | 184 | 184 |   0 |  2 |   0 |  20 | 8.247520e+03 | 7.415868e+03 |  11.21%| unknown

SCIP Status        : solving was interrupted [node limit reached]
Solving Time (sec) : 0.15
Solving Nodes      : 1
Primal Bound       : +7.41586829132401e+03 (26 solutions)
Dual Bound         : +8.24752040128014e+03
Gap                : 11.21 %
