presolving:
   (0.0s) running MILP presolver
   (0.0s) MILP presolver (2 rounds): 0 aggregations, 12 fixings, 0 bound changes
(round 1, medium)     12 del vars, 0 del conss, 0 add conss, 0 chg bounds, 0 chg sides, 0 chg coeffs, 0 upgd conss, 0 impls, 188 clqs
(round 2, exhaustive) 12 del vars, 0 del conss, 0 add conss, 0 chg bounds, 0 chg sides, 0 chg coeffs, 188 upgd conss, 0 impls, 188 clqs
(round 3, medium)     47 del vars, 0 del conss, 0 add conss, 0 chg bounds, 0 chg sides, 35 chg coeffs, 188 upgd conss, 0 impls, 188 clqs
(round 4, fast)       57 del vars, 1 del conss, 0 add conss, 0 chg bounds, 0 chg sides, 35 chg coeffs, 188 upgd conss, 0 impls, 187 clqs
(round 5, exhaustive) 57 del vars, 3 del conss, 0 add conss, 0 chg bounds, 0 chg sides, 35 chg coeffs, 188 upgd conss, 0 impls, 187 clqs
(round 6, exhaustive) 58 del vars, 3 del conss, 0 add conss, 0 chg bounds, 0 chg sides, 35 chg coeffs, 188 upgd conss, 0 impls, 187 clqs
   (0.0s) probing: 51/442 (11.5%) - 0 fixings, 0 aggregations, 0 implications, 0 bound changes
   (0.0s) probing aborted: 50/50 successive totally useless probings
   (0.0s) symmetry computation started: requiring (bin +, int +, cont +), (fixed: bin -, int -, cont -)
   (0.0s) no symmetry present (symcode time: 0.00)
presolving (7 rounds: 7 fast, 6 medium, 4 exhaustive):
 58 deleted vars, 3 deleted constraints, 0 added constraints, 0 tightened bounds, 0 added holes, 0 changed sides, 35 changed coefficients
 0 implications, 187 cliques
presolved problem has 442 variables (442 bin, 0 int, 0 impl, 0 cont) and 185 constraints
    185 constraints of type <setppc>
Presolving Time: 0.02

 time | node  | left  |LP iter|LP it/n|mem/heur|mdpt |vars |cons |rows |cuts |sepa|confs|strbr|  dualbound   | primalbound  |  gap   | compl. 
  0.1s|     1 |     0 |  1951 |     - |  5697k |   0 | 442 | 185 | 185 |   0 |  0 |   0 |   0 | 7.523947e+03 |      --      |    Inf | unknown
d 0.1s|     1 |     0 |  1951 |     - |coefdivi|   0 | 442 | 185 | 185 |   0 |  1 |   0 |   0 | 7.523947e+03 | 2.714526e+03 | 177.17%| unknown
d 0.1s|     1 |     0 |  2085 |     - |coefdivi|   0 | 442 | 185 | 185 |   0 |  1 |   0 |   0 | 7.523947e+03 | 5.035935e+03 |  49.41%| unknown
d 0.1s|     1 |     0 |  2106 |     - |coefdivi|   0 | 442 | 185 | 185 |   0 |  1 |   0 |   0 | 7.523947e+03 | 6.762587e+03 |  11.26%| unknown
  0.1s|     1 |     0 |  2106 |     - |  5815k |   0 | 442 | 185 | 185 |   0 |  1 |   0 |   0 | 7.523947e+03 | 6.762587e+03 |  11.26%| unknown
  0.4s|     1 |     2 |  2106 |     - |  5999k |   0 | 442 | 185 | 185 |   0 |  2 |   0 |  38 | 7.486227e+03 | 6.762587e+03 |  10.70%| unknown

SCIP Status        : solving was interrupted [node limit reached]
Solving Time (sec) : 0.36
Solving Nodes      : 1
Primal Bound       : +6.76258736767320e+03 (41 solutions)
Dual Bound         : +7.48622716462040e+03
Gap                : 10.70 %
