presolving:
   (0.0s) running MILP presolver
   (0.0s) MILP presolver (2 rounds): 0 aggregations, 15 fixings, 0 bound changes
(round 1, medium)     15 del vars, 0 del conss, 0 add conss, 0 chg bounds, 0 chg sides, 0 chg coeffs, 0 upgd conss, 0 impls, 188 clqs
(round 2, fast)       15 del vars, 1 del conss, 0 add conss, 0 chg bounds, 0 chg sides, 0 chg coeffs, 0 upgd conss, 0 impls, 188 clqs
(round 3, exhaustive) 15 del vars, 4 del conss, 0 add conss, 0 chg bounds, 3 chg sides, 0 chg coeffs, 0 upgd conss, 0 impls, 188 clqs
(round 4, exhaustive) 15 del vars, 4 del conss, 0 add conss, 0 chg bounds, 3 chg sides, 0 chg coeffs, 185 upgd conss, 0 impls, 188 clqs
(round 5, medium)     51 del vars, 4 del conss, 0 add conss, 0 chg bounds, 3 chg sides, 36 chg coeffs, 185 upgd conss, 0 impls, 188 clqs
(round 6, fast)       73 del vars, 5 del conss, 0 add conss, 0 chg bounds, 3 chg sides, 36 chg coeffs, 185 upgd conss, 0 impls, 185 clqs
(round 7, exhaustive) 73 del vars, 11 del conss, 0 add conss, 0 chg bounds, 3 chg sides, 36 chg coeffs, 185 upgd conss, 0 impls, 185 clqs
   (0.0s) probing: 51/427 (11.9%) - 0 fixings, 0 aggregations, 0 implications, 0 bound changes
   (0.0s) probing aborted: 50/50 successive totally useless probings
   (0.0s) symmetry computation started: requiring (bin +, int +, cont +), (fixed: bin -, int -, cont -)
   (0.0s) no symmetry present (symcode time: 0.00)
presolving (8 rounds: 8 fast, 6 medium, 4 exhaustive):
 73 deleted vars, 11 deleted constraints, 0 added constraints, 0 tightened bounds, 0 added holes, 3 changed sides, 36 changed coefficients
 0 implications, 185 cliques
presolved problem has 427 variables (427 bin, 0 int, 0 impl, 0 cont) and 178 constraints
    178 constraints of type <setppc>
Presolving Time: 0.02

 time | node  | left  |LP iter|LP it/n|mem/heur|mdpt |vars |cons |rows |cuts |sepa|confs|strbr|  dualbound   | primalbound  |  gap   | compl. 
  0.1s|     1 |     0 |  1665 |     - |  5411k |   0 | 427 | 178 | 178 |   0 |  0 |   0 |   0 | 7.084002e+03 |      --      |    Inf | unknown
d 0.1s|     1 |     0 |  1665 |     - |coefdivi|   0 | 427 | 178 | 178 |   0 |  1 |   0 |   0 | 7.084002e+03 | 2.701787e+03 | 162.20%| unknown
d 0.1s|     1 |     0 |  1837 |     - |coefdivi|   0 | 427 | 178 | 178 |   0 |  1 |   0 |   0 | 7.084002e+03 | 3.503164e+03 | 102.22%| unknown
d 0.1s|     1 |     0 |  1878 |     - |coefdivi|   0 | 427 | 178 | 178 |   0 |  1 |   0 |   0 | 7.084002e+03 | 5.210278e+03 |  35.96%| unknown
d 0.1s|     1 |     0 |  1890 |     - |coefdivi|   0 | 427 | 178 | 178 |   0 |  1 |   0 |   0 | 7.084002e+03 | 6.311017e+03 |  12.25%| unknown
  0.1s|     1 |     0 |  1890 |     - |  5544k |   0 | 427 | 178 | 178 |   0 |  1 |   0 |   0 | 7.084002e+03 | 6.311017e+03 |  12.25%| unknown
  0.2s|     1 |     2 |  1890 |     - |  5626k |   0 | 427 | 178 | 178 |   0 |  2 |   0 |  19 | 7.037537e+03 | 6.311017e+03 |  11.51%| unknown

SCIP Status        : solving was interrupted [node limit reached]
Solving Time (sec) : 0.17
Solving Nodes      : 1
Primal Bound       : +6.31101674513043e+03 (23 solutions)
Dual Bound         : +7.03753661639478e+03
Gap                : 11.51 %
