presolving:
(round 1, fast)       1 del vars, 2 del conss, 0 add conss, 0 chg bounds, 0 chg sides, 0 chg coeffs, 0 upgd conss, 0 impls, 191 clqs
   (0.0s) running MILP presolver
   (0.0s) MILP presolver (2 rounds): 0 aggregations, 9 fixings, 0 bound changes
(round 2, medium)     10 del vars, 2 del conss, 0 add conss, 0 chg bounds, 0 chg sides, 0 chg coeffs, 0 upgd conss, 0 impls, 191 clqs
(round 3, exhaustive) 10 del vars, 6 del conss, 0 add conss, 0 chg bounds, 4 chg sides, 0 chg coeffs, 0 upgd conss, 0 impls, 191 clqs
(round 4, exhaustive) 10 del vars, 6 del conss, 0 add conss, 0 chg bounds, 4 chg sides, 0 chg coeffs, 187 upgd conss, 0 impls, 191 clqs
(round 5, medium)     41 del vars, 6 del conss, 0 add conss, 0 chg bounds, 4 chg sides, 31 chg coeffs, 187 upgd conss, 0 impls, 191 clqs
(round 6, fast)       55 del vars, 8 del conss, 0 add conss, 0 chg bounds, 4 chg sides, 31 chg coeffs, 187 upgd conss, 0 impls, 188 clqs
(round 7, exhaustive) 55 del vars, 10 del conss, 0 add conss, 0 chg bounds, 4 chg sides, 31 chg coeffs, 187 upgd conss, 0 impls, 188 clqs
   (0.0s) probing: 51/445 (11.5%) - 0 fixings, 0 aggregations, 0 implications, 0 bound changes
   (0.0s) probing aborted: 50/50 successive totally useless probings
   (0.0s) symmetry computation started: requiring (bin +, int +, cont +), (fixed: bin -, int -, cont -)
   (0.0s) no symmetry present (symcode time: 0.00)
presolving (8 rounds: 8 fast, 6 medium, 4 exhaustive):
 55 deleted vars, 10 deleted constraints, 0 added constraints, 0 tightened bounds, 0 added holes, 4 changed sides, 31 changed coefficients
 0 implications, 188 cliques
presolved problem has 445 variables (445 bin, 0 int, 0 impl, 0 cont) and 183 constraints
    183 constraints of type <setppc>
Presolving Time: 0.02

 time | node  | left  |LP iter|LP it/n|mem/heur|mdpt |vars |cons |rows |cuts |sepa|confs|strbr|  dualbound   | primalbound  |  gap   | compl. 
  0.1s|     1 |     0 |  1623 |     - |  5563k |   0 | 445 | 183 | 183 |   0 |  0 |   0 |   0 | 7.789323e+03 |      --      |    Inf | unknown
d 0.1s|     1 |     0 |  1623 |     - |coefdivi|   0 | 445 | 183 | 183 |   0 |  1 |   0 |   0 | 7.789323e+03 | 2.600849e+03 | 199.49%| unknown
d 0.1s|     1 |     0 |  1745 |     - |coefdivi|   0 | 445 | 183 | 183 |   0 |  1 |   0 |   0 | 7.789323e+03 | 3.259817e+03 | 138.95%| unknown
d 0.1s|     1 |     0 |  1785 |     - |coefdivi|   0 | 445 | 183 | 183 |   0 |  1 |   0 |   0 | 7.789323e+03 | 4.415610e+03 |  76.40%| unknown
d 0.1s|     1 |     0 |  1805 |     - |coefdivi|   0 | 445 | 183 | 183 |   0 |  1 |   0 |   0 | 7.789323e+03 | 6.740961e+03 |  15.55%| unknown
  0.1s|     1 |     0 |  1805 |     - |  5685k |   0 | 445 | 183 | 183 |   0 |  1 |   0 |   0 | 7.789323e+03 | 6.740961e+03 |  15.55%| unknown
  0.3s|     1 |     2 |  1805 |     - |  5926k |   0 | 445 | 183 | 183 |   0 |  2 |   0 |  37 | 7.736365e+03 | 6.740961e+03 |  14.77%| unknown

SCIP Status        : solving was interrupted [node limit reached]
Solving Time (sec) : 0.27
Solving Nodes      : 1
Primal Bound       : +6.74096143436411e+03 (46 solutions)
Dual Bound         : +7.73636460795011e+03
Gap                : 14.77 %
