presolving:
(round 1, fast)       0 del vars, 1 del conss, 0 add conss, 0 chg bounds, 0 chg sides, 0 chg coeffs, 0 upgd conss, 0 impls, 190 clqs
   (0.0s) running MILP presolver
   (0.0s) MILP presolver (2 rounds): 0 aggregations, 19 fixings, 0 bound changes
(round 2, medium)     19 del vars, 1 del conss, 0 add conss, 0 chg bounds, 0 chg sides, 0 chg coeffs, 0 upgd conss, 0 impls, 190 clqs
(round 3, exhaustive) 19 del vars, 6 del conss, 0 add conss, 0 chg bounds, 5 chg sides, 0 chg coeffs, 0 upgd conss, 0 impls, 190 clqs
(round 4, exhaustive) 19 del vars, 6 del conss, 0 add conss, 0 chg bounds, 5 chg sides, 0 chg coeffs, 185 upgd conss, 0 impls, 190 clqs
(round 5, medium)     55 del vars, 6 del conss, 0 add conss, 0 chg bounds, 5 chg sides, 36 chg coeffs, 185 upgd conss, 0 impls, 189 clqs
(round 6, fast)       71 del vars, 7 del conss, 0 add conss, 0 chg bounds, 5 chg sides, 36 chg coeffs, 185 upgd conss, 0 impls, 188 clqs
(round 7, exhaustive) 71 del vars, 10 del conss, 0 add conss, 0 chg bounds, 5 chg sides, 36 chg coeffs, 185 upgd conss, 0 impls, 188 clqs
   (0.0s) probing: 51/429 (11.9%) - 0 fixings, 0 aggregations, 0 implications, 0 bound changes
   (0.0s) probing aborted: 50/50 successive totally useless probings
   (0.0s) symmetry computation started: requiring (bin +, int +, cont +), (fixed: bin -, int -, cont -)
   (0.0s) no symmetry present (symcode time: 0.00)
presolving (8 rounds: 8 fast, 6 medium, 4 exhaustive):
 71 deleted vars, 10 deleted constraints, 0 added constraints, 0 tightened bounds, 0 added holes, 5 changed sides, 36 changed coefficients
 0 implications, 188 cliques
presolved problem has 429 variables (429 bin, 0 int, 0 impl, 0 cont) and 181 constraints
    181 constraints of type <setppc>
Presolving Time: 0.02

 time | node  | left  |LP iter|LP it/n|mem/heur|mdpt |vars |cons |rows |cuts |sepa|confs|strbr|  dualbound   | primalbound  |  gap   | compl. 
  0.1s|     1 |     0 |  1402 |     - |  5441k |   0 | 429 | 181 | 181 |   0 |  0 |   0 |   0 | 7.472016e+03 |      --      |    Inf | unknown
d 0.1s|     1 |     0 |  1402 |     - |coefdivi|   0 | 429 | 181 | 181 |   0 |  1 |   0 |   0 | 7.472016e+03 | 2.586644e+03 | 188.87%| unknown
d 0.1s|     1 |     0 |  1491 |     - |coefdivi|   0 | 429 | 181 | 181 |   0 |  1 |   0 |   0 | 7.472016e+03 | 4.258754e+03 |  75.45%| unknown
d 0.1s|     1 |     0 |  1589 |     - |coefdivi|   0 | 429 | 181 | 181 |   0 |  1 |   0 |   0 | 7.472016e+03 | 4.477975e+03 |  66.86%| unknown
d 0.1s|     1 |     0 |  1602 |     - |coefdivi|   0 | 429 | 181 | 181 |   0 |  1 |   0 |   0 | 7.472016e+03 | 6.398145e+03 |  16.78%| unknown
  0.1s|     1 |     0 |  1602 |     - |  5553k |   0 | 429 | 181 | 181 |   0 |  1 |   0 |   0 | 7.472016e+03 | 6.398145e+03 |  16.78%| unknown
  0.2s|     1 |     2 |  1602 |     - |  5640k |   0 | 429 | 181 | 181 |   0 |  2 |   0 |  20 | 7.428466e+03 | 6.398145e+03 |  16.10%| unknown

SCIP Status        : solving was interrupted [node limit reached]
Solving Time (sec) : 0.21
Solving Nodes      : 1
Primal Bound       : +6.39814548809016e+03 (26 solutions)
Dual Bound         : +7.42846576799408e+03
Gap                : 16.10 %
