presolving:
(round 1, fast)       1 del vars, 1 del conss, 0 add conss, 0 chg bounds, 0 chg sides, 0 chg coeffs, 0 upgd conss, 0 impls, 196 clqs
   (0.0s) running MILP presolver
   (0.0s) MILP presolver (2 rounds): 0 aggregations, 10 fixings, 0 bound changes
(round 2, medium)     11 del vars, 1 del conss, 0 add conss, 0 chg bounds, 0 chg sides, 0 chg coeffs, 0 upgd conss, 0 impls, 195 clqs
(round 3, fast)       11 del vars, 2 del conss, 0 add conss, 0 chg bounds, 0 chg sides, 0 chg coeffs, 0 upgd conss, 0 impls, 195 clqs
(round 4, exhaustive) 11 del vars, 5 del conss, 0 add conss, 0 chg bounds, 3 chg sides, 0 chg coeffs, 0 upgd conss, 0 impls, 195 clqs
(round 5, exhaustive) 11 del vars, 5 del conss, 0 add conss, 0 chg bounds, 3 chg sides, 0 chg coeffs, 192 upgd conss, 0 impls, 195 clqs
(round 6, medium)     40 del vars, 5 del conss, 0 add conss, 0 chg bounds, 3 chg sides, 29 chg coeffs, 192 upgd conss, 0 impls, 195 clqs
(round 7, fast)       50 del vars, 7 del conss, 0 add conss, 0 chg bounds, 3 chg sides, 29 chg coeffs, 192 upgd conss, 0 impls, 193 clqs
(round 8, exhaustive) 50 del vars, 10 del conss, 0 add conss, 0 chg bounds, 3 chg sides, 29 chg coeffs, 192 upgd conss, 0 impls, 193 clqs
(round 9, medium)     51 del vars, 10 del conss, 0 add conss, 0 chg bounds, 3 chg sides, 30 chg coeffs, 192 upgd conss, 0 impls, 192 clqs
(round 10, exhaustive) 52 del vars, 10 del conss, 0 add conss, 0 chg bounds, 3 chg sides, 30 chg coeffs, 192 upgd conss, 0 impls, 191 clqs
   (0.0s) probing: 51/448 (11.4%) - 0 fixings, 0 aggregations, 0 implications, 0 bound changes
   (0.0s) probing aborted: 50/50 successive totally useless probings
   (0.0s) symmetry computation started: requiring (bin +, int +, cont +), (fixed: bin -, int -, cont -)
   (0.0s) no symmetry present (symcode time: 0.00)
presolving (11 rounds: 11 fast, 8 medium, 5 exhaustive):
 52 deleted vars, 10 deleted constraints, 0 added constraints, 0 tightened bounds, 0 added holes, 3 changed sides, 30 changed coefficients
 0 implications, 191 cliques
presolved problem has 448 variables (448 bin, 0 int, 0 impl, 0 cont) and 187 constraints
    187 constraints of type <setppc>
Presolving Time: 0.02

 time | node  | left  |LP iter|LP it/n|mem/heur|mdpt |vars |cons |rows |cuts |sepa|confs|strbr|  dualbound   | primalbound  |  gap   | compl. 
  0.1s|     1 |     0 |  1558 |     - |  5564k |   0 | 448 | 187 | 187 |   0 |  0 |   0 |   0 | 8.014371e+03 |      --      |    Inf | unknown
d 0.1s|     1 |     0 |  1558 |     - |coefdivi|   0 | 448 | 187 | 187 |   0 |  1 |   0 |   0 | 8.014371e+03 | 2.803544e+03 | 185.87%| unknown
d 0.1s|     1 |     0 |  1676 |     - |coefdivi|   0 | 448 | 187 | 187 |   0 |  1 |   0 |   0 | 8.014371e+03 | 4.962038e+03 |  61.51%| unknown
d 0.1s|     1 |     0 |  1680 |     - |coefdivi|   0 | 448 | 187 | 187 |   0 |  1 |   0 |   0 | 8.014371e+03 | 7.543583e+03 |   6.24%| unknown
  0.1s|     1 |     0 |  1680 |     - |  5664k |   0 | 448 | 187 | 187 |   0 |  1 |   0 |   0 | 8.014371e+03 | 7.543583e+03 |   6.24%| unknown
  0.2s|     1 |     2 |  1680 |     - |  5921k |   0 | 448 | 187 | 187 |   0 |  2 |   0 |  33 | 7.977575e+03 | 7.543583e+03 |   5.75%| unknown

SCIP Status        : solving was interrupted [node limit reached]
Solving Time (sec) : 0.21
Solving Nodes      : 1
Primal Bound       : +7.54358306556719e+03 (47 solutions)
Dual Bound         : +7.97757525311939e+03
Gap                : 5.75 %
