presolving:
   (0.0s) running MILP presolver
   (0.0s) MILP presolver (2 rounds): 0 aggregations, 15 fixings, 0 bound changes
(round 1, medium)     15 del vars, 0 del conss, 0 add conss, 0 chg bounds, 0 chg sides, 0 chg coeffs, 0 upgd conss, 0 impls, 196 clqs
(round 2, exhaustive) 15 del vars, 3 del conss, 0 add conss, 0 chg bounds, 3 chg sides, 0 chg coeffs, 0 upgd conss, 0 impls, 196 clqs
(round 3, exhaustive) 15 del vars, 3 del conss, 0 add conss, 0 chg bounds, 3 chg sides, 0 chg coeffs, 193 upgd conss, 0 impls, 196 clqs
(round 4, medium)     50 del vars, 3 del conss, 0 add conss, 0 chg bounds, 3 chg sides, 35 chg coeffs, 193 upgd conss, 0 impls, 196 clqs
(round 5, fast)       70 del vars, 5 del conss, 0 add conss, 0 chg bounds, 3 chg sides, 35 chg coeffs, 193 upgd conss, 0 impls, 194 clqs
(round 6, exhaustive) 70 del vars, 10 del conss, 0 add conss, 0 chg bounds, 3 chg sides, 35 chg coeffs, 193 upgd conss, 0 impls, 194 clqs
   (0.0s) probing: 51/430 (11.9%) - 0 fixings, 0 aggregations, 0 implications, 0 bound changes
   (0.0s) probing aborted: 50/50 successive totally useless probings
   (0.0s) symmetry computation started: requiring (bin +, int +, cont +), (fixed: bin -, int -, cont -)
   (0.0s) no symmetry present (symcode time: 0.00)
presolving (7 rounds: 7 fast, 6 medium, 4 exhaustive):
 70 deleted vars, 10 deleted constraints, 0 added constraints, 0 tightened bounds, 0 added holes, 3 changed sides, 35 changed coefficients
 0 implications, 194 cliques
presolved problem has 430 variables (430 bin, 0 int, 0 impl, 0 cont) and 186 constraints
    186 constraints of type <setppc>
Presolving Time: 0.02

 time | node  | left  |LP iter|LP it/n|mem/heur|mdpt |vars |cons |rows |cuts |sepa|confs|strbr|  dualbound   | primalbound  |  gap   | compl. 
  0.1s|     1 |     0 |  1189 |     - |  5542k |   0 | 430 | 186 | 186 |   0 |  0 |   0 |   0 | 7.067438e+03 |      --      |    Inf | unknown
d 0.1s|     1 |     0 |  1189 |     - |coefdivi|   0 | 430 | 186 | 186 |   0 |  1 |   0 |   0 | 7.067438e+03 | 2.482863e+03 | 184.65%| unknown
d 0.1s|     1 |     0 |  1359 |     - |coefdivi|   0 | 430 | 186 | 186 |   0 |  1 |   0 |   0 | 7.067438e+03 | 3.098121e+03 | 128.12%| unknown
d 0.1s|     1 |     0 |  1420 |     - |coefdivi|   0 | 430 | 186 | 186 |   0 |  1 |   0 |   0 | 7.067438e+03 | 3.667097e+03 |  92.73%| unknown
d 0.1s|     1 |     0 |  1439 |     - |coefdivi|   0 | 430 | 186 | 186 |   0 |  1 |   0 |   0 | 7.067438e+03 | 6.429334e+03 |   9.92%| unknown
  0.1s|     1 |     0 |  1439 |     - |  5648k |   0 | 430 | 186 | 186 |   0 |  1 |   0 |   0 | 7.067438e+03 | 6.429334e+03 |   9.92%| unknown
  0.2s|     1 |     2 |  1439 |     - |  5720k |   0 | 430 | 186 | 186 |   0 |  2 |   0 |  25 | 7.014848e+03 | 6.429334e+03 |   9.11%| unknown

SCIP Status        : solving was interrupted [node limit reached]
Solving Time (sec) : 0.19
Solving Nodes      : 1
Primal Bound       : +6.42933449011020e+03 (29 solutions)
Dual Bound         : +7.01484789602900e+03
Gap                : 9.11 %
