presolving:
   (0.0s) running MILP presolver
   (0.0s) MILP presolver (2 rounds): 0 aggregations, 25 fixings, 0 bound changes
(round 1, medium)     25 del vars, 0 del conss, 0 add conss, 0 chg bounds, 0 chg sides, 0 chg coeffs, 0 upgd conss, 0 impls, 189 clqs
(round 2, exhaustive) 25 del vars, 3 del conss, 0 add conss, 0 chg bounds, 3 chg sides, 0 chg coeffs, 0 upgd conss, 0 impls, 189 clqs
(round 3, exhaustive) 25 del vars, 3 del conss, 0 add conss, 0 chg bounds, 3 chg sides, 0 chg coeffs, 186 upgd conss, 0 impls, 189 clqs
(round 4, medium)     65 del vars, 3 del conss, 0 add conss, 0 chg bounds, 3 chg sides, 40 chg coeffs, 186 upgd conss, 0 impls, 189 clqs
(round 5, fast)       79 del vars, 3 del conss, 0 add conss, 0 chg bounds, 3 chg sides, 40 chg coeffs, 186 upgd conss, 0 impls, 189 clqs
(round 6, exhaustive) 79 del vars, 6 del conss, 0 add conss, 0 chg bounds, 3 chg sides, 40 chg coeffs, 186 upgd conss, 0 impls, 189 clqs
(round 7, exhaustive) 80 del vars, 6 del conss, 0 add conss, 0 chg bounds, 3 chg sides, 40 chg coeffs, 186 upgd conss, 0 impls, 188 clqs
   (0.0s) probing: 51/420 (12.1%) - 0 fixings, 0 aggregations, 0 implications, 0 bound changes
   (0.0s) probing aborted: 50/50 successive totally useless probings
   (0.0s) symmetry computation started: requiring (bin +, int +, cont +), (fixed: bin -, int -, cont -)
   (0.0s) no symmetry present (symcode time: 0.00)
presolving (8 rounds: 8 fast, 7 medium, 5 exhaustive):
 80 deleted vars, 6 deleted constraints, 0 added constraints, 0 tightened bounds, 0 added holes, 3 changed sides, 40 changed coefficients
 0 implications, 188 cliques
presolved problem has 420 variables (420 bin, 0 int, 0 impl, 0 cont) and 183 constraints
    183 constraints of type <setppc>
Presolving Time: 0.02

 time | node  | left  |LP iter|LP it/n|mem/heur|mdpt |vars |cons |rows |cuts |sepa|confs|strbr|  dualbound   | primalbound  |  gap   | compl. 
  0.1s|     1 |     0 |  1292 |     - |  5426k |   0 | 420 | 183 | 183 |   0 |  0 |   0 |   0 | 7.498222e+03 |      --      |    Inf | unknown
d 0.1s|     1 |     0 |  1292 |     - |coefdivi|   0 | 420 | 183 | 183 |   0 |  1 |   0 |   0 | 7.498222e+03 | 3.106233e+03 | 141.39%| unknown
d 0.1s|     1 |     0 |  1411 |     - |coefdivi|   0 | 420 | 183 | 183 |   0 |  1 |   0 |   0 | 7.498222e+03 | 4.263238e+03 |  75.88%| unknown
d 0.1s|     1 |     0 |  1496 |     - |coefdivi|   0 | 420 | 183 | 183 |   0 |  1 |   0 |   0 | 7.498222e+03 | 4.909052e+03 |  52.74%| unknown
d 0.1s|     1 |     0 |  1507 |     - |coefdivi|   0 | 420 | 183 | 183 |   0 |  1 |   0 |   0 | 7.498222e+03 | 6.583374e+03 |  13.90%| unknown
  0.1s|     1 |     0 |  1507 |     - |  5589k |   0 | 420 | 183 | 183 |   0 |  1 |   0 |   0 | 7.498222e+03 | 6.583374e+03 |  13.90%| unknown
  0.3s|     1 |     2 |  1507 |     - |  5736k |   0 | 420 | 183 | 183 |   0 |  2 |   0 |  36 | 7.468044e+03 | 6.583374e+03 |  13.44%| unknown

SCIP Status        : solving was interrupted [node limit reached]
Solving Time (sec) : 0.26
Solving Nodes      : 1
Primal Bound       : +6.58337408209791e+03 (40 solutions)
Dual Bound         : +7.46804369522953e+03
Gap                : 13.44 %
