presolving:
   (0.0s) running MILP presolver
   (0.0s) MILP presolver (2 rounds): 0 aggregations, 19 fixings, 0 bound changes
(round 1, medium)     19 del vars, 0 del conss, 0 add conss, 0 chg bounds, 0 chg sides, 0 chg coeffs, 0 upgd conss, 0 impls, 189 clqs
(round 2, exhaustive) 19 del vars, 10 del conss, 0 add conss, 0 chg bounds, 10 chg sides, 0 chg coeffs, 0 upgd conss, 0 impls, 189 clqs
(round 3, exhaustive) 19 del vars, 10 del conss, 0 add conss, 0 chg bounds, 10 chg sides, 0 chg coeffs, 179 upgd conss, 0 impls, 189 clqs
(round 4, medium)     57 del vars, 10 del conss, 0 add conss, 0 chg bounds, 10 chg sides, 38 chg coeffs, 179 upgd conss, 0 impls, 189 clqs
(round 5, fast)       75 del vars, 10 del conss, 0 add conss, 0 chg bounds, 10 chg sides, 38 chg coeffs, 179 upgd conss, 0 impls, 186 clqs
(round 6, exhaustive) 75 del vars, 11 del conss, 0 add conss, 0 chg bounds, 10 chg sides, 38 chg coeffs, 179 upgd conss, 0 impls, 186 clqs
   (0.0s) probing: 51/425 (12.0%) - 0 fixings, 0 aggregations, 0 implications, 0 bound changes
   (0.0s) probing aborted: 50/50 successive totally useless probings
   (0.0s) symmetry computation started: requiring (bin +, int +, cont +), (fixed: bin -, int -, cont -)
   (0.0s) no symmetry present (symcode time: 0.00)
presolving (7 rounds: 7 fast, 6 medium, 4 exhaustive):
 75 deleted vars, 11 deleted constraints, 0 added constraints, 0 tightened bounds, 0 added holes, 10 changed sides, 38 changed coefficients
 0 implications, 186 cliques
presolved problem has 425 variables (425 bin, 0 int, 0 impl, 0 cont) and 178 constraints
    178 constraints of type <setppc>
Presolving Time: 0.03

 time | node  | left  |LP iter|LP it/n|mem/heur|mdpt |vars |cons |rows |cuts |sepa|confs|strbr|  dualbound   | primalbound  |  gap   | compl. 
  0.1s|     1 |     0 |  1785 |     - |  5512k |   0 | 425 | 178 | 178 |   0 |  0 |   0 |   0 | 7.143687e+03 |      --      |    Inf | unknown
d 0.1s|     1 |     0 |  1785 |     - |coefdivi|   0 | 425 | 178 | 178 |   0 |  1 |   0 |   0 | 7.143687e+03 | 2.945571e+03 | 142.52%| unknown
d 0.1s|     1 |     0 |  2036 |     - |coefdivi|   0 | 425 | 178 | 178 |   0 |  1 |   0 |   0 | 7.143687e+03 | 3.228682e+03 | 121.26%| unknown
d 0.1s|     1 |     0 |  2098 |     - |coefdivi|   0 | 425 | 178 | 178 |   0 |  1 |   0 |   0 | 7.143687e+03 | 4.134918e+03 |  72.76%| unknown
d 0.1s|     1 |     0 |  2112 |     - |coefdivi|   0 | 425 | 178 | 178 |   0 |  1 |   0 |   0 | 7.143687e+03 | 6.038831e+03 |  18.30%| unknown
  0.1s|     1 |     0 |  2112 |     - |  5635k |   0 | 425 | 178 | 178 |   0 |  1 |   0 |   0 | 7.143687e+03 | 6.038831e+03 |  18.30%| unknown
  0.3s|     1 |     2 |  2112 |     - |  5739k |   0 | 425 | 178 | 178 |   0 |  2 |   0 |  20 | 7.104869e+03 | 6.038831e+03 |  17.65%| unknown

SCIP Status        : solving was interrupted [node limit reached]
Solving Time (sec) : 0.31
Solving Nodes      : 1
Primal Bound       : +6.03883146814182e+03 (25 solutions)
Dual Bound         : +7.10486918011213e+03
Gap                : 17.65 %
