presolving:
(round 1, fast)       0 del vars, 1 del conss, 0 add conss, 0 chg bounds, 0 chg sides, 0 chg coeffs, 0 upgd conss, 0 impls, 190 clqs
   (0.0s) running MILP presolver
   (0.0s) MILP presolver (2 rounds): 0 aggregations, 16 fixings, 0 bound changes
(round 2, medium)     16 del vars, 1 del conss, 0 add conss, 0 chg bounds, 0 chg sides, 0 chg coeffs, 0 upgd conss, 0 impls, 190 clqs
(round 3, exhaustive) 16 del vars, 6 del conss, 0 add conss, 0 chg bounds, 5 chg sides, 0 chg coeffs, 0 upgd conss, 0 impls, 190 clqs
(round 4, exhaustive) 16 del vars, 6 del conss, 0 add conss, 0 chg bounds, 5 chg sides, 0 chg coeffs, 185 upgd conss, 0 impls, 190 clqs
(round 5, medium)     58 del vars, 6 del conss, 0 add conss, 0 chg bounds, 5 chg sides, 42 chg coeffs, 185 upgd conss, 0 impls, 190 clqs
(round 6, fast)       77 del vars, 7 del conss, 0 add conss, 0 chg bounds, 5 chg sides, 42 chg coeffs, 185 upgd conss, 0 impls, 188 clqs
(round 7, exhaustive) 77 del vars, 9 del conss, 0 add conss, 0 chg bounds, 5 chg sides, 42 chg coeffs, 185 upgd conss, 0 impls, 188 clqs
(round 8, exhaustive) 78 del vars, 9 del conss, 0 add conss, 0 chg bounds, 5 chg sides, 42 chg coeffs, 185 upgd conss, 0 impls, 188 clqs
   (0.0s) probing: 51/422 (12.1%) - 0 fixings, 0 aggregations, 0 implications, 0 bound changes
   (0.0s) probing aborted: 50/50 successive totally useless probings
   (0.0s) symmetry computation started: requiring (bin +, int +, cont +), (fixed: bin -, int -, cont -)
   (0.0s) no symmetry present (symcode time: 0.00)
presolving (9 rounds: 9 fast, 7 medium, 5 exhaustive):
 78 deleted vars, 9 deleted constraints, 0 added constraints, 0 tightened bounds, 0 added holes, 5 changed sides, 42 changed coefficients
 0 implications, 188 cliques
presolved problem has 422 variables (422 bin, 0 int, 0 impl, 0 cont) and 182 constraints
    182 constraints of type <setppc>
Presolving Time: 0.02

 time | node  | left  |LP iter|LP it/n|mem/heur|mdpt |vars |cons |rows |cuts |sepa|confs|strbr|  dualbound   | primalbound  |  gap   | compl. 
  0.1s|     1 |     0 |  1320 |     - |  5101k |   0 | 422 | 182 | 182 |   0 |  0 |   0 |   0 | 7.893905e+03 |      --      |    Inf | unknown
d 0.1s|     1 |     0 |  1320 |     - |coefdivi|   0 | 422 | 182 | 182 |   0 |  1 |   0 |   0 | 7.893905e+03 | 3.229821e+03 | 144.41%| unknown
d 0.1s|     1 |     0 |  1464 |     - |coefdivi|   0 | 422 | 182 | 182 |   0 |  1 |   0 |   0 | 7.893905e+03 | 4.296830e+03 |  83.71%| unknown
d 0.1s|     1 |     0 |  1510 |     - |coefdivi|   0 | 422 | 182 | 182 |   0 |  1 |   0 |   0 | 7.893905e+03 | 4.699365e+03 |  67.98%| unknown
d 0.1s|     1 |     0 |  1527 |     - |coefdivi|   0 | 422 | 182 | 182 |   0 |  1 |   0 |   0 | 7.893905e+03 | 7.176143e+03 |  10.00%| unknown
  0.1s|     1 |     0 |  1527 |     - |  5209k |   0 | 422 | 182 | 182 |   0 |  1 |   0 |   0 | 7.893905e+03 | 7.176143e+03 |  10.00%| unknown
  0.3s|     1 |     2 |  1527 |     - |  5621k |   0 | 422 | 182 | 182 |   0 |  2 |   0 |  47 | 7.850136e+03 | 7.176143e+03 |   9.39%| unknown

SCIP Status        : solving was interrupted [node limit reached]
Solving Time (sec) : 0.29
Solving Nodes      : 1
Primal Bound       : +7.17614326807446e+03 (58 solutions)
Dual Bound         : +7.85013593744337e+03
Gap                : 9.39 %
