presolving:
(round 1, fast)       0 del vars, 1 del conss, 0 add conss, 0 chg bounds, 0 chg sides, 0 chg coeffs, 0 upgd conss, 0 impls, 190 clqs
   (0.0s) running MILP presolver
   (0.0s) MILP presolver (2 rounds): 0 aggregations, 19 fixings, 0 bound changes
(round 2, medium)     19 del vars, 1 del conss, 0 add conss, 0 chg bounds, 0 chg sides, 0 chg coeffs, 0 upgd conss, 0 impls, 190 clqs
(round 3, exhaustive) 19 del vars, 4 del conss, 0 add conss, 0 chg bounds, 3 chg sides, 0 chg coeffs, 0 upgd conss, 0 impls, 190 clqs
(round 4, exhaustive) 19 del vars, 4 del conss, 0 add conss, 0 chg bounds, 3 chg sides, 0 chg coeffs, 187 upgd conss, 0 impls, 190 clqs
(round 5, medium)     63 del vars, 4 del conss, 0 add conss, 0 chg bounds, 3 chg sides, 44 chg coeffs, 187 upgd conss, 0 impls, 190 clqs
(round 6, fast)       75 del vars, 6 del conss, 0 add conss, 0 chg bounds, 3 chg sides, 44 chg coeffs, 187 upgd conss, 0 impls, 188 clqs
(round 7, exhaustive) 75 del vars, 7 del conss, 0 add conss, 0 chg bounds, 3 chg sides, 44 chg coeffs, 187 upgd conss, 0 impls, 188 clqs
   (0.0s) probing: 51/425 (12.0%) - 0 fixings, 0 aggregations, 0 implications, 0 bound changes
   (0.0s) probing aborted: 50/50 successive totally useless probings
   (0.0s) symmetry computation started: requiring (bin +, int +, cont +), (fixed: bin -, int -, cont -)
   (0.0s) no symmetry present (symcode time: 0.00)
presolving (8 rounds: 8 fast, 6 medium, 4 exhaustive):
 75 deleted vars, 7 deleted constraints, 0 added constraints, 0 tightened bounds, 0 added holes, 3 changed sides, 44 changed coefficients
 0 implications, 188 cliques
presolved problem has 425 variables (425 bin, 0 int, 0 impl, 0 cont) and 184 constraints
    184 constraints of type <setppc>
Presolving Time: 0.03

 time | node  | left  |LP iter|LP it/n|mem/heur|mdpt |vars |cons |rows |cuts |sepa|confs|strbr|  dualbound   | primalbound  |  gap   | compl. 
  0.1s|     1 |     0 |  1341 |     - |  5417k |   0 | 425 | 184 | 184 |   0 |  0 |   0 |   0 | 7.841157e+03 |      --      |    Inf | unknown
d 0.1s|     1 |     0 |  1341 |     - |coefdivi|   0 | 425 | 184 | 184 |   0 |  1 |   0 |   0 | 7.841157e+03 | 2.998161e+03 | 161.53%| unknown
d 0.1s|     1 |     0 |  1470 |     - |coefdivi|   0 | 425 | 184 | 184 |   0 |  1 |   0 |   0 | 7.841157e+03 | 4.212670e+03 |  86.13%| unknown
d 0.1s|     1 |     0 |  1537 |     - |coefdivi|   0 | 425 | 184 | 184 |   0 |  1 |   0 |   0 | 7.841157e+03 | 4.862821e+03 |  61.25%| unknown
d 0.1s|     1 |     0 |  1541 |     - |coefdivi|   0 | 425 | 184 | 184 |   0 |  1 |   0 |   0 | 7.841157e+03 | 7.246822e+03 |   8.20%| unknown
  0.1s|     1 |     0 |  1541 |     - |  5528k |   0 | 425 | 184 | 184 |   0 |  1 |   0 |   0 | 7.841157e+03 | 7.246822e+03 |   8.20%| unknown
  0.2s|     1 |     2 |  1541 |     - |  5615k |   0 | 425 | 184 | 184 |   0 |  2 |   0 |  22 | 7.810510e+03 | 7.246822e+03 |   7.78%| unknown

SCIP Status        : solving was interrupted [node limit reached]
Solving Time (sec) : 0.23
Solving Nodes      : 1
Primal Bound       : +7.24682150276231e+03 (27 solutions)
Dual Bound         : +7.81050951557003e+03
Gap                : 7.78 %
