presolving:
   (0.0s) running MILP presolver
   (0.0s) MILP presolver (2 rounds): 0 aggregations, 21 fixings, 0 bound changes
(round 1, medium)     21 del vars, 0 del conss, 0 add conss, 0 chg bounds, 0 chg sides, 0 chg coeffs, 0 upgd conss, 0 impls, 195 clqs
(round 2, exhaustive) 21 del vars, 10 del conss, 0 add conss, 0 chg bounds, 10 chg sides, 0 chg coeffs, 0 upgd conss, 0 impls, 195 clqs
(round 3, exhaustive) 21 del vars, 10 del conss, 0 add conss, 0 chg bounds, 10 chg sides, 0 chg coeffs, 185 upgd conss, 0 impls, 195 clqs
(round 4, medium)     70 del vars, 10 del conss, 0 add conss, 0 chg bounds, 10 chg sides, 49 chg coeffs, 185 upgd conss, 0 impls, 195 clqs
(round 5, fast)       109 del vars, 11 del conss, 0 add conss, 0 chg bounds, 10 chg sides, 49 chg coeffs, 185 upgd conss, 0 impls, 192 clqs
   (0.0s) running MILP presolver
   (0.0s) MILP presolver (2 rounds): 0 aggregations, 3 fixings, 0 bound changes
(round 6, medium)     112 del vars, 11 del conss, 0 add conss, 0 chg bounds, 10 chg sides, 49 chg coeffs, 185 upgd conss, 0 impls, 192 clqs
(round 7, exhaustive) 112 del vars, 19 del conss, 0 add conss, 0 chg bounds, 10 chg sides, 49 chg coeffs, 185 upgd conss, 0 impls, 192 clqs
   (0.0s) probing: 51/388 (13.1%) - 0 fixings, 0 aggregations, 0 implications, 0 bound changes
   (0.0s) probing aborted: 50/50 successive totally useless probings
   (0.0s) symmetry computation started: requiring (bin +, int +, cont +), (fixed: bin -, int -, cont -)
   (0.0s) no symmetry present (symcode time: 0.00)
presolving (8 rounds: 8 fast, 7 medium, 4 exhaustive):
 112 deleted vars, 19 deleted constraints, 0 added constraints, 0 tightened bounds, 0 added holes, 10 changed sides, 49 changed coefficients
 0 implications, 192 cliques
presolved problem has 388 variables (388 bin, 0 int, 0 impl, 0 cont) and 176 constraints
    176 constraints of type <setppc>
Presolving Time: 0.02

 time | node  | left  |LP iter|LP it/n|mem/heur|mdpt |vars |cons |rows |cuts |sepa|confs|strbr|  dualbound   | primalbound  |  gap   | compl. 
  0.1s|     1 |     0 |   660 |     - |  4899k |   0 | 388 | 176 | 176 |   0 |  0 |   0 |   0 | 7.776578e+03 |      --      |    Inf | unknown
d 0.1s|     1 |     0 |   660 |     - |coefdivi|   0 | 388 | 176 | 176 |   0 |  1 |   0 |   0 | 7.776578e+03 | 4.167403e+03 |  86.60%| unknown
d 0.1s|     1 |     0 |   736 |     - |coefdivi|   0 | 388 | 176 | 176 |   0 |  1 |   0 |   0 | 7.776578e+03 | 4.752980e+03 |  63.61%| unknown
d 0.1s|     1 |     0 |   757 |     - |coefdivi|   0 | 388 | 176 | 176 |   0 |  1 |   0 |   0 | 7.776578e+03 | 5.242498e+03 |  48.34%| unknown
d 0.1s|     1 |     0 |   767 |     - |coefdivi|   0 | 388 | 176 | 176 |   0 |  1 |   0 |   0 | 7.776578e+03 | 7.215949e+03 |   7.77%| unknown
d 0.1s|     1 |     0 |   769 |     - |coefdivi|   0 | 388 | 176 | 176 |   0 |  1 |   0 |   0 | 7.776578e+03 | 7.448014e+03 |   4.41%| unknown
  0.1s|     1 |     0 |   769 |     - |  4989k |   0 | 388 | 176 | 176 |   0 |  1 |   0 |   0 | 7.776578e+03 | 7.448014e+03 |   4.41%| unknown
  0.1s|     1 |     0 |   769 |     - |  4989k |   0 | 388 | 176 | 176 |   0 |  1 |   0 |   0 | 7.776578e+03 | 7.448014e+03 |   4.41%| unknown
  0.2s|     1 |     2 |   769 |     - |  5217k |   0 | 388 | 176 | 176 |   0 |  2 |   0 |  20 | 7.716354e+03 | 7.448014e+03 |   3.60%| unknown

SCIP Status        : solving was interrupted [node limit reached]
Solving Time (sec) : 0.16
Solving Nodes      : 1
Primal Bound       : +7.44801434256448e+03 (33 solutions)
Dual Bound         : +7.71635414399138e+03
Gap                : 3.60 %
