presolving:
(round 1, fast)       1 del vars, 1 del conss, 0 add conss, 0 chg bounds, 0 chg sides, 0 chg coeffs, 0 upgd conss, 0 impls, 199 clqs
   (0.0s) running MILP presolver
   (0.0s) MILP presolver (2 rounds): 0 aggregations, 12 fixings, 0 bound changes
(round 2, medium)     13 del vars, 1 del conss, 0 add conss, 0 chg bounds, 0 chg sides, 0 chg coeffs, 0 upgd conss, 0 impls, 199 clqs
(round 3, exhaustive) 13 del vars, 5 del conss, 0 add conss, 0 chg bounds, 4 chg sides, 0 chg coeffs, 0 upgd conss, 0 impls, 199 clqs
(round 4, exhaustive) 13 del vars, 5 del conss, 0 add conss, 0 chg bounds, 4 chg sides, 0 chg coeffs, 195 upgd conss, 0 impls, 199 clqs
(round 5, medium)     43 del vars, 5 del conss, 0 add conss, 0 chg bounds, 4 chg sides, 30 chg coeffs, 195 upgd conss, 0 impls, 199 clqs
(round 6, fast)       50 del vars, 6 del conss, 0 add conss, 0 chg bounds, 4 chg sides, 30 chg coeffs, 195 upgd conss, 0 impls, 198 clqs
(round 7, exhaustive) 50 del vars, 9 del conss, 0 add conss, 0 chg bounds, 4 chg sides, 30 chg coeffs, 195 upgd conss, 0 impls, 198 clqs
   (0.0s) probing: 51/450 (11.3%) - 0 fixings, 0 aggregations, 0 implications, 0 bound changes
   (0.0s) probing aborted: 50/50 successive totally useless probings
   (0.0s) symmetry computation started: requiring (bin +, int +, cont +), (fixed: bin -, int -, cont -)
   (0.0s) no symmetry present (symcode time: 0.00)
presolving (8 rounds: 8 fast, 6 medium, 4 exhaustive):
 50 deleted vars, 9 deleted constraints, 0 added constraints, 0 tightened bounds, 0 added holes, 4 changed sides, 30 changed coefficients
 0 implications, 198 cliques
presolved problem has 450 variables (450 bin, 0 int, 0 impl, 0 cont) and 191 constraints
    191 constraints of type <setppc>
Presolving Time: 0.02

 time | node  | left  |LP iter|LP it/n|mem/heur|mdpt |vars |cons |rows |cuts |sepa|confs|strbr|  dualbound   | primalbound  |  gap   | compl. 
  0.1s|     1 |     0 |  1775 |     - |  5437k |   0 | 450 | 191 | 191 |   0 |  0 |   0 |   0 | 8.156129e+03 |      --      |    Inf | unknown
d 0.1s|     1 |     0 |  1775 |     - |coefdivi|   0 | 450 | 191 | 191 |   0 |  1 |   0 |   0 | 8.156129e+03 | 2.503199e+03 | 225.83%| unknown
d 0.1s|     1 |     0 |  2033 |     - |coefdivi|   0 | 450 | 191 | 191 |   0 |  1 |   0 |   0 | 8.156129e+03 | 3.070680e+03 | 165.61%| unknown
d 0.1s|     1 |     0 |  2101 |     - |coefdivi|   0 | 450 | 191 | 191 |   0 |  1 |   0 |   0 | 8.156129e+03 | 4.094801e+03 |  99.18%| unknown
d 0.1s|     1 |     0 |  2124 |     - |coefdivi|   0 | 450 | 191 | 191 |   0 |  1 |   0 |   0 | 8.156129e+03 | 7.116361e+03 |  14.61%| unknown
  0.1s|     1 |     0 |  2124 |     - |  5556k |   0 | 450 | 191 | 191 |   0 |  1 |   0 |   0 | 8.156129e+03 | 7.116361e+03 |  14.61%| unknown
  0.3s|     1 |     2 |  2124 |     - |  5775k |   0 | 450 | 191 | 191 |   0 |  2 |   0 |  38 | 8.123164e+03 | 7.116361e+03 |  14.15%| unknown

SCIP Status        : solving was interrupted [node limit reached]
Solving Time (sec) : 0.33
Solving Nodes      : 1
Primal Bound       : +7.11636133066214e+03 (42 solutions)
Dual Bound         : +8.12316439615732e+03
Gap                : 14.15 %
