presolving:
   (0.0s) running MILP presolver
   (0.0s) MILP presolver (2 rounds): 0 aggregations, 19 fixings, 0 bound changes
(round 1, medium)     19 del vars, 0 del conss, 0 add conss, 0 chg bounds, 0 chg sides, 0 chg coeffs, 0 upgd conss, 0 impls, 195 clqs
(round 2, fast)       19 del vars, 1 del conss, 0 add conss, 0 chg bounds, 0 chg sides, 0 chg coeffs, 0 upgd conss, 0 impls, 195 clqs
(round 3, exhaustive) 19 del vars, 7 del conss, 0 add conss, 0 chg bounds, 6 chg sides, 0 chg coeffs, 0 upgd conss, 0 impls, 195 clqs
(round 4, exhaustive) 19 del vars, 7 del conss, 0 add conss, 0 chg bounds, 6 chg sides, 0 chg coeffs, 189 upgd conss, 0 impls, 195 clqs
(round 5, medium)     56 del vars, 7 del conss, 0 add conss, 0 chg bounds, 6 chg sides, 37 chg coeffs, 189 upgd conss, 0 impls, 195 clqs
(round 6, fast)       68 del vars, 7 del conss, 0 add conss, 0 chg bounds, 6 chg sides, 37 chg coeffs, 189 upgd conss, 0 impls, 194 clqs
(round 7, exhaustive) 68 del vars, 10 del conss, 0 add conss, 0 chg bounds, 6 chg sides, 37 chg coeffs, 189 upgd conss, 0 impls, 194 clqs
   (0.0s) probing: 51/432 (11.8%) - 0 fixings, 0 aggregations, 0 implications, 0 bound changes
   (0.0s) probing aborted: 50/50 successive totally useless probings
   (0.0s) symmetry computation started: requiring (bin +, int +, cont +), (fixed: bin -, int -, cont -)
   (0.0s) no symmetry present (symcode time: 0.00)
presolving (8 rounds: 8 fast, 6 medium, 4 exhaustive):
 68 deleted vars, 10 deleted constraints, 0 added constraints, 0 tightened bounds, 0 added holes, 6 changed sides, 37 changed coefficients
 0 implications, 194 cliques
presolved problem has 432 variables (432 bin, 0 int, 0 impl, 0 cont) and 186 constraints
    186 constraints of type <setppc>
Presolving Time: 0.02

 time | node  | left  |LP iter|LP it/n|mem/heur|mdpt |vars |cons |rows |cuts |sepa|confs|strbr|  dualbound   | primalbound  |  gap   | compl. 
  0.1s|     1 |     0 |  1050 |     - |  5383k |   0 | 432 | 186 | 186 |   0 |  0 |   0 |   0 | 7.580532e+03 |      --      |    Inf | unknown
d 0.1s|     1 |     0 |  1050 |     - |coefdivi|   0 | 432 | 186 | 186 |   0 |  1 |   0 |   0 | 7.580532e+03 | 2.999750e+03 | 152.71%| unknown
d 0.1s|     1 |     0 |  1191 |     - |coefdivi|   0 | 432 | 186 | 186 |   0 |  1 |   0 |   0 | 7.580532e+03 | 3.384613e+03 | 123.97%| unknown
d 0.1s|     1 |     0 |  1280 |     - |coefdivi|   0 | 432 | 186 | 186 |   0 |  1 |   0 |   0 | 7.580532e+03 | 4.117036e+03 |  84.13%| unknown
d 0.1s|     1 |     0 |  1308 |     - |coefdivi|   0 | 432 | 186 | 186 |   0 |  1 |   0 |   0 | 7.580532e+03 | 5.191709e+03 |  46.01%| unknown
d 0.1s|     1 |     0 |  1314 |     - |coefdivi|   0 | 432 | 186 | 186 |   0 |  1 |   0 |   0 | 7.580532e+03 | 6.894503e+03 |   9.95%| unknown
  0.1s|     1 |     0 |  1314 |     - |  5499k |   0 | 432 | 186 | 186 |   0 |  1 |   0 |   0 | 7.580532e+03 | 6.894503e+03 |   9.95%| unknown
  0.2s|     1 |     2 |  1314 |     - |  5581k |   0 | 432 | 186 | 186 |   0 |  2 |   0 |  20 | 7.553620e+03 | 6.894503e+03 |   9.56%| unknown

SCIP Status        : solving was interrupted [node limit reached]
Solving Time (sec) : 0.16
Solving Nodes      : 1
Primal Bound       : +6.89450322546402e+03 (26 solutions)
Dual Bound         : +7.55361979743900e+03
Gap                : 9.56 %
