presolving:
   (0.0s) running MILP presolver
   (0.0s) MILP presolver (2 rounds): 0 aggregations, 21 fixings, 0 bound changes
(round 1, medium)     21 del vars, 0 del conss, 0 add conss, 0 chg bounds, 0 chg sides, 0 chg coeffs, 0 upgd conss, 0 impls, 186 clqs
(round 2, exhaustive) 21 del vars, 2 del conss, 0 add conss, 0 chg bounds, 2 chg sides, 0 chg coeffs, 0 upgd conss, 0 impls, 186 clqs
(round 3, exhaustive) 21 del vars, 2 del conss, 0 add conss, 0 chg bounds, 2 chg sides, 0 chg coeffs, 184 upgd conss, 0 impls, 186 clqs
(round 4, medium)     63 del vars, 2 del conss, 0 add conss, 0 chg bounds, 2 chg sides, 42 chg coeffs, 184 upgd conss, 0 impls, 186 clqs
(round 5, fast)       76 del vars, 2 del conss, 0 add conss, 0 chg bounds, 2 chg sides, 42 chg coeffs, 184 upgd conss, 0 impls, 185 clqs
(round 6, exhaustive) 76 del vars, 4 del conss, 0 add conss, 0 chg bounds, 2 chg sides, 42 chg coeffs, 184 upgd conss, 0 impls, 185 clqs
   (0.0s) probing: 51/424 (12.0%) - 0 fixings, 0 aggregations, 0 implications, 0 bound changes
   (0.0s) probing aborted: 50/50 successive totally useless probings
   (0.0s) symmetry computation started: requiring (bin +, int +, cont +), (fixed: bin -, int -, cont -)
   (0.0s) no symmetry present (symcode time: 0.00)
presolving (7 rounds: 7 fast, 6 medium, 4 exhaustive):
 76 deleted vars, 4 deleted constraints, 0 added constraints, 0 tightened bounds, 0 added holes, 2 changed sides, 42 changed coefficients
 0 implications, 185 cliques
presolved problem has 424 variables (424 bin, 0 int, 0 impl, 0 cont) and 182 constraints
    182 constraints of type <setppc>
Presolving Time: 0.01

 time | node  | left  |LP iter|LP it/n|mem/heur|mdpt |vars |cons |rows |cuts |sepa|confs|strbr|  dualbound   | primalbound  |  gap   | compl. 
  0.1s|     1 |     0 |  1297 |     - |  5464k |   0 | 424 | 182 | 182 |   0 |  0 |   0 |   0 | 7.223557e+03 |      --      |    Inf | unknown
d 0.1s|     1 |     0 |  1297 |     - |coefdivi|   0 | 424 | 182 | 182 |   0 |  1 |   0 |   0 | 7.223557e+03 | 2.966368e+03 | 143.52%| unknown
d 0.1s|     1 |     0 |  1411 |     - |coefdivi|   0 | 424 | 182 | 182 |   0 |  1 |   0 |   0 | 7.223557e+03 | 3.533668e+03 | 104.42%| unknown
d 0.1s|     1 |     0 |  1501 |     - |coefdivi|   0 | 424 | 182 | 182 |   0 |  1 |   0 |   0 | 7.223557e+03 | 4.387524e+03 |  64.64%| unknown
d 0.1s|     1 |     0 |  1527 |     - |coefdivi|   0 | 424 | 182 | 182 |   0 |  1 |   0 |   0 | 7.223557e+03 | 5.498921e+03 |  31.36%| unknown
d 0.1s|     1 |     0 |  1537 |     - |coefdivi|   0 | 424 | 182 | 182 |   0 |  1 |   0 |   0 | 7.223557e+03 | 6.213578e+03 |  16.25%| unknown
  0.1s|     1 |     0 |  1537 |     - |  5577k |   0 | 424 | 182 | 182 |   0 |  1 |   0 |   0 | 7.223557e+03 | 6.213578e+03 |  16.25%| unknown
  0.2s|     1 |     2 |  1537 |     - |  5740k |   0 | 424 | 182 | 182 |   0 |  2 |   0 |  28 | 7.200200e+03 | 6.213578e+03 |  15.88%| unknown

SCIP Status        : solving was interrupted [node limit reached]
Solving Time (sec) : 0.18
Solving Nodes      : 1
Primal Bound       : +6.21357787852605e+03 (34 solutions)
Dual Bound         : +7.20019964342099e+03
Gap                : 15.88 %
