presolving:
(round 1, fast)       0 del vars, 1 del conss, 0 add conss, 0 chg bounds, 0 chg sides, 0 chg coeffs, 0 upgd conss, 0 impls, 189 clqs
   (0.0s) running MILP presolver
   (0.0s) MILP presolver (2 rounds): 0 aggregations, 23 fixings, 0 bound changes
(round 2, medium)     23 del vars, 1 del conss, 0 add conss, 0 chg bounds, 0 chg sides, 0 chg coeffs, 0 upgd conss, 0 impls, 187 clqs
(round 3, fast)       23 del vars, 3 del conss, 0 add conss, 0 chg bounds, 0 chg sides, 0 chg coeffs, 0 upgd conss, 0 impls, 187 clqs
(round 4, exhaustive) 23 del vars, 9 del conss, 0 add conss, 0 chg bounds, 6 chg sides, 0 chg coeffs, 0 upgd conss, 0 impls, 187 clqs
(round 5, exhaustive) 23 del vars, 9 del conss, 0 add conss, 0 chg bounds, 6 chg sides, 0 chg coeffs, 181 upgd conss, 0 impls, 187 clqs
(round 6, medium)     63 del vars, 9 del conss, 0 add conss, 0 chg bounds, 6 chg sides, 40 chg coeffs, 181 upgd conss, 0 impls, 187 clqs
(round 7, fast)       76 del vars, 9 del conss, 0 add conss, 0 chg bounds, 6 chg sides, 40 chg coeffs, 181 upgd conss, 0 impls, 187 clqs
(round 8, exhaustive) 76 del vars, 11 del conss, 0 add conss, 0 chg bounds, 6 chg sides, 40 chg coeffs, 181 upgd conss, 0 impls, 187 clqs
   (0.0s) probing: 51/424 (12.0%) - 0 fixings, 0 aggregations, 0 implications, 0 bound changes
   (0.0s) probing aborted: 50/50 successive totally useless probings
   (0.0s) symmetry computation started: requiring (bin +, int +, cont +), (fixed: bin -, int -, cont -)
   (0.0s) no symmetry present (symcode time: 0.00)
presolving (9 rounds: 9 fast, 6 medium, 4 exhaustive):
 76 deleted vars, 11 deleted constraints, 0 added constraints, 0 tightened bounds, 0 added holes, 6 changed sides, 40 changed coefficients
 0 implications, 187 cliques
presolved problem has 424 variables (424 bin, 0 int, 0 impl, 0 cont) and 179 constraints
    179 constraints of type <setppc>
Presolving Time: 0.03

 time | node  | left  |LP iter|LP it/n|mem/heur|mdpt |vars |cons |rows |cuts |sepa|confs|strbr|  dualbound   | primalbound  |  gap   | compl. 
  0.1s|     1 |     0 |  1231 |     - |  5497k |   0 | 424 | 179 | 179 |   0 |  0 |   0 |   0 | 7.457172e+03 |      --      |    Inf | unknown
d 0.1s|     1 |     0 |  1231 |     - |coefdivi|   0 | 424 | 179 | 179 |   0 |  1 |   0 |   0 | 7.457172e+03 | 3.042697e+03 | 145.08%| unknown
d 0.1s|     1 |     0 |  1306 |     - |coefdivi|   0 | 424 | 179 | 179 |   0 |  1 |   0 |   0 | 7.457172e+03 | 4.010551e+03 |  85.94%| unknown
d 0.1s|     1 |     0 |  1380 |     - |coefdivi|   0 | 424 | 179 | 179 |   0 |  1 |   0 |   0 | 7.457172e+03 | 4.682206e+03 |  59.27%| unknown
d 0.1s|     1 |     0 |  1399 |     - |coefdivi|   0 | 424 | 179 | 179 |   0 |  1 |   0 |   0 | 7.457172e+03 | 5.830070e+03 |  27.91%| unknown
d 0.1s|     1 |     0 |  1401 |     - |coefdivi|   0 | 424 | 179 | 179 |   0 |  1 |   0 |   0 | 7.457172e+03 | 6.438734e+03 |  15.82%| unknown
  0.2s|     1 |     0 |  1401 |     - |  5630k |   0 | 424 | 179 | 179 |   0 |  1 |   0 |   0 | 7.457172e+03 | 6.438734e+03 |  15.82%| unknown
  0.2s|     1 |     2 |  1401 |     - |  5691k |   0 | 424 | 179 | 179 |   0 |  2 |   0 |  19 | 7.432021e+03 | 6.438734e+03 |  15.43%| unknown

SCIP Status        : solving was interrupted [node limit reached]
Solving Time (sec) : 0.24
Solving Nodes      : 1
Primal Bound       : +6.43873413898341e+03 (24 solutions)
Dual Bound         : +7.43202138702214e+03
Gap                : 15.43 %
