presolving:
(round 1, fast)       0 del vars, 1 del conss, 0 add conss, 0 chg bounds, 0 chg sides, 0 chg coeffs, 0 upgd conss, 0 impls, 195 clqs
   (0.0s) running MILP presolver
   (0.0s) MILP presolver (2 rounds): 0 aggregations, 18 fixings, 0 bound changes
(round 2, medium)     18 del vars, 1 del conss, 0 add conss, 0 chg bounds, 0 chg sides, 0 chg coeffs, 0 upgd conss, 0 impls, 195 clqs
(round 3, exhaustive) 18 del vars, 11 del conss, 0 add conss, 0 chg bounds, 10 chg sides, 0 chg coeffs, 0 upgd conss, 0 impls, 195 clqs
(round 4, exhaustive) 18 del vars, 11 del conss, 0 add conss, 0 chg bounds, 10 chg sides, 0 chg coeffs, 185 upgd conss, 0 impls, 195 clqs
(round 5, medium)     47 del vars, 11 del conss, 0 add conss, 0 chg bounds, 10 chg sides, 29 chg coeffs, 185 upgd conss, 0 impls, 195 clqs
(round 6, fast)       57 del vars, 11 del conss, 0 add conss, 0 chg bounds, 10 chg sides, 29 chg coeffs, 185 upgd conss, 0 impls, 193 clqs
(round 7, exhaustive) 57 del vars, 14 del conss, 0 add conss, 0 chg bounds, 10 chg sides, 29 chg coeffs, 185 upgd conss, 0 impls, 193 clqs
(round 8, exhaustive) 58 del vars, 14 del conss, 0 add conss, 0 chg bounds, 10 chg sides, 29 chg coeffs, 185 upgd conss, 0 impls, 193 clqs
   (0.0s) probing: 51/442 (11.5%) - 0 fixings, 0 aggregations, 0 implications, 0 bound changes
   (0.0s) probing aborted: 50/50 successive totally useless probings
   (0.0s) symmetry computation started: requiring (bin +, int +, cont +), (fixed: bin -, int -, cont -)
   (0.0s) no symmetry present (symcode time: 0.00)
presolving (9 rounds: 9 fast, 7 medium, 5 exhaustive):
 58 deleted vars, 14 deleted constraints, 0 added constraints, 0 tightened bounds, 0 added holes, 10 changed sides, 29 changed coefficients
 0 implications, 193 cliques
presolved problem has 442 variables (442 bin, 0 int, 0 impl, 0 cont) and 182 constraints
    182 constraints of type <setppc>
Presolving Time: 0.02

 time | node  | left  |LP iter|LP it/n|mem/heur|mdpt |vars |cons |rows |cuts |sepa|confs|strbr|  dualbound   | primalbound  |  gap   | compl. 
  0.1s|     1 |     0 |  1704 |     - |  5421k |   0 | 442 | 182 | 182 |   0 |  0 |   0 |   0 | 7.952334e+03 |      --      |    Inf | unknown
d 0.1s|     1 |     0 |  1704 |     - |coefdivi|   0 | 442 | 182 | 182 |   0 |  1 |   0 |   0 | 7.952334e+03 | 2.408868e+03 | 230.13%| unknown
d 0.1s|     1 |     0 |  1826 |     - |coefdivi|   0 | 442 | 182 | 182 |   0 |  1 |   0 |   0 | 7.952334e+03 | 3.105087e+03 | 156.11%| unknown
d 0.1s|     1 |     0 |  1918 |     - |coefdivi|   0 | 442 | 182 | 182 |   0 |  1 |   0 |   0 | 7.952334e+03 | 3.986428e+03 |  99.49%| unknown
d 0.1s|     1 |     0 |  1974 |     - |coefdivi|   0 | 442 | 182 | 182 |   0 |  1 |   0 |   0 | 7.952334e+03 | 6.616582e+03 |  20.19%| unknown
d 0.1s|     1 |     0 |  1986 |     - |coefdivi|   0 | 442 | 182 | 182 |   0 |  1 |   0 |   0 | 7.952334e+03 | 6.827819e+03 |  16.47%| unknown
  0.1s|     1 |     0 |  1986 |     - |  5517k |   0 | 442 | 182 | 182 |   0 |  1 |   0 |   0 | 7.952334e+03 | 6.827819e+03 |  16.47%| unknown
  0.2s|     1 |     2 |  1986 |     - |  5686k |   0 | 442 | 182 | 182 |   0 |  2 |   0 |  34 | 7.916850e+03 | 6.827819e+03 |  15.95%| unknown

SCIP Status        : solving was interrupted [node limit reached]
Solving Time (sec) : 0.22
Solving Nodes      : 1
Primal Bound       : +6.82781894529256e+03 (41 solutions)
Dual Bound         : +7.91684966406907e+03
Gap                : 15.95 %
