presolving:
(round 1, fast)       2 del vars, 2 del conss, 0 add conss, 0 chg bounds, 0 chg sides, 0 chg coeffs, 0 upgd conss, 0 impls, 189 clqs
   (0.0s) running MILP presolver
   (0.0s) MILP presolver (2 rounds): 0 aggregations, 19 fixings, 0 bound changes
(round 2, medium)     21 del vars, 2 del conss, 0 add conss, 0 chg bounds, 0 chg sides, 0 chg coeffs, 0 upgd conss, 0 impls, 188 clqs
(round 3, fast)       21 del vars, 3 del conss, 0 add conss, 0 chg bounds, 0 chg sides, 0 chg coeffs, 0 upgd conss, 0 impls, 188 clqs
(round 4, exhaustive) 21 del vars, 9 del conss, 0 add conss, 0 chg bounds, 6 chg sides, 0 chg coeffs, 0 upgd conss, 0 impls, 188 clqs
(round 5, exhaustive) 21 del vars, 9 del conss, 0 add conss, 0 chg bounds, 6 chg sides, 0 chg coeffs, 182 upgd conss, 0 impls, 188 clqs
(round 6, medium)     56 del vars, 9 del conss, 0 add conss, 0 chg bounds, 6 chg sides, 35 chg coeffs, 182 upgd conss, 0 impls, 188 clqs
(round 7, fast)       68 del vars, 10 del conss, 0 add conss, 0 chg bounds, 6 chg sides, 35 chg coeffs, 182 upgd conss, 0 impls, 187 clqs
(round 8, exhaustive) 68 del vars, 13 del conss, 0 add conss, 0 chg bounds, 6 chg sides, 35 chg coeffs, 182 upgd conss, 0 impls, 187 clqs
(round 9, exhaustive) 69 del vars, 13 del conss, 0 add conss, 0 chg bounds, 6 chg sides, 35 chg coeffs, 182 upgd conss, 0 impls, 186 clqs
   (0.0s) probing: 51/431 (11.8%) - 0 fixings, 0 aggregations, 0 implications, 0 bound changes
   (0.0s) probing aborted: 50/50 successive totally useless probings
   (0.0s) symmetry computation started: requiring (bin +, int +, cont +), (fixed: bin -, int -, cont -)
   (0.0s) no symmetry present (symcode time: 0.00)
presolving (10 rounds: 10 fast, 7 medium, 5 exhaustive):
 69 deleted vars, 13 deleted constraints, 0 added constraints, 0 tightened bounds, 0 added holes, 6 changed sides, 35 changed coefficients
 0 implications, 186 cliques
presolved problem has 431 variables (431 bin, 0 int, 0 impl, 0 cont) and 178 constraints
    178 constraints of type <setppc>
Presolving Time: 0.02

 time | node  | left  |LP iter|LP it/n|mem/heur|mdpt |vars |cons |rows |cuts |sepa|confs|strbr|  dualbound   | primalbound  |  gap   | compl. 
  0.1s|     1 |     0 |  1374 |     - |  5363k |   0 | 431 | 178 | 178 |   0 |  0 |   0 |   0 | 7.518797e+03 |      --      |    Inf | unknown
d 0.1s|     1 |     0 |  1374 |     - |coefdivi|   0 | 431 | 178 | 178 |   0 |  1 |   0 |   0 | 7.518797e+03 | 3.085474e+03 | 143.68%| unknown
d 0.1s|     1 |     0 |  1526 |     - |coefdivi|   0 | 431 | 178 | 178 |   0 |  1 |   0 |   0 | 7.518797e+03 | 3.910738e+03 |  92.26%| unknown
d 0.1s|     1 |     0 |  1588 |     - |coefdivi|   0 | 431 | 178 | 178 |   0 |  1 |   0 |   0 | 7.518797e+03 | 4.759174e+03 |  57.99%| unknown
d 0.1s|     1 |     0 |  1590 |     - |coefdivi|   0 | 431 | 178 | 178 |   0 |  1 |   0 |   0 | 7.518797e+03 | 6.675940e+03 |  12.63%| unknown
d 0.1s|     1 |     0 |  1592 |     - |coefdivi|   0 | 431 | 178 | 178 |   0 |  1 |   0 |   0 | 7.518797e+03 | 6.852737e+03 |   9.72%| unknown
  0.1s|     1 |     0 |  1592 |     - |  5485k |   0 | 431 | 178 | 178 |   0 |  1 |   0 |   0 | 7.518797e+03 | 6.852737e+03 |   9.72%| unknown
  0.2s|     1 |     2 |  1592 |     - |  5815k |   0 | 431 | 178 | 178 |   0 |  2 |   0 |  26 | 7.479409e+03 | 6.852737e+03 |   9.14%| unknown

SCIP Status        : solving was interrupted [node limit reached]
Solving Time (sec) : 0.20
Solving Nodes      : 1
Primal Bound       : +6.85273690897011e+03 (33 solutions)
Dual Bound         : +7.47940897127329e+03
Gap                : 9.14 %
