presolving:
(round 1, fast)       1 del vars, 1 del conss, 0 add conss, 0 chg bounds, 0 chg sides, 0 chg coeffs, 0 upgd conss, 0 impls, 196 clqs
   (0.0s) running MILP presolver
   (0.0s) MILP presolver (2 rounds): 0 aggregations, 13 fixings, 0 bound changes
(round 2, medium)     14 del vars, 1 del conss, 0 add conss, 0 chg bounds, 0 chg sides, 0 chg coeffs, 0 upgd conss, 0 impls, 196 clqs
(round 3, exhaustive) 14 del vars, 5 del conss, 0 add conss, 0 chg bounds, 4 chg sides, 0 chg coeffs, 0 upgd conss, 0 impls, 196 clqs
(round 4, exhaustive) 14 del vars, 5 del conss, 0 add conss, 0 chg bounds, 4 chg sides, 0 chg coeffs, 192 upgd conss, 0 impls, 196 clqs
(round 5, medium)     52 del vars, 5 del conss, 0 add conss, 0 chg bounds, 4 chg sides, 38 chg coeffs, 192 upgd conss, 0 impls, 196 clqs
(round 6, fast)       63 del vars, 6 del conss, 0 add conss, 0 chg bounds, 4 chg sides, 38 chg coeffs, 192 upgd conss, 0 impls, 195 clqs
(round 7, exhaustive) 63 del vars, 8 del conss, 0 add conss, 0 chg bounds, 4 chg sides, 38 chg coeffs, 192 upgd conss, 0 impls, 195 clqs
   (0.0s) probing: 51/437 (11.7%) - 0 fixings, 0 aggregations, 0 implications, 0 bound changes
   (0.0s) probing aborted: 50/50 successive totally useless probings
   (0.0s) symmetry computation started: requiring (bin +, int +, cont +), (fixed: bin -, int -, cont -)
   (0.0s) no symmetry present (symcode time: 0.00)
presolving (8 rounds: 8 fast, 6 medium, 4 exhaustive):
 63 deleted vars, 8 deleted constraints, 0 added constraints, 0 tightened bounds, 0 added holes, 4 changed sides, 38 changed coefficients
 0 implications, 195 cliques
presolved problem has 437 variables (437 bin, 0 int, 0 impl, 0 cont) and 189 constraints
    189 constraints of type <setppc>
Presolving Time: 0.02

 time | node  | left  |LP iter|LP it/n|mem/heur|mdpt |vars |cons |rows |cuts |sepa|confs|strbr|  dualbound   | primalbound  |  gap   | compl. 
  0.1s|     1 |     0 |  1458 |     - |  5399k |   0 | 437 | 189 | 189 |   0 |  0 |   0 |   0 | 8.042327e+03 |      --      |    Inf | unknown
d 0.1s|     1 |     0 |  1458 |     - |coefdivi|   0 | 437 | 189 | 189 |   0 |  1 |   0 |   0 | 8.042327e+03 | 2.820947e+03 | 185.09%| unknown
d 0.1s|     1 |     0 |  1639 |     - |coefdivi|   0 | 437 | 189 | 189 |   0 |  1 |   0 |   0 | 8.042327e+03 | 3.487632e+03 | 130.60%| unknown
d 0.1s|     1 |     0 |  1718 |     - |coefdivi|   0 | 437 | 189 | 189 |   0 |  1 |   0 |   0 | 8.042327e+03 | 4.285748e+03 |  87.65%| unknown
d 0.1s|     1 |     0 |  1772 |     - |coefdivi|   0 | 437 | 189 | 189 |   0 |  1 |   0 |   0 | 8.042327e+03 | 6.405684e+03 |  25.55%| unknown
d 0.1s|     1 |     0 |  1776 |     - |coefdivi|   0 | 437 | 189 | 189 |   0 |  1 |   0 |   0 | 8.042327e+03 | 6.945987e+03 |  15.78%| unknown
  0.1s|     1 |     0 |  1776 |     - |  5496k |   0 | 437 | 189 | 189 |   0 |  1 |   0 |   0 | 8.042327e+03 | 6.945987e+03 |  15.78%| unknown
  0.3s|     1 |     2 |  1776 |     - |  5792k |   0 | 437 | 189 | 189 |   0 |  2 |   0 |  44 | 8.004454e+03 | 6.945987e+03 |  15.24%| unknown

SCIP Status        : solving was interrupted [node limit reached]
Solving Time (sec) : 0.29
Solving Nodes      : 1
Primal Bound       : +6.94598652080574e+03 (53 solutions)
Dual Bound         : +8.00445431369309e+03
Gap                : 15.24 %
