presolving:
(round 1, fast)       0 del vars, 1 del conss, 0 add conss, 0 chg bounds, 0 chg sides, 0 chg coeffs, 0 upgd conss, 0 impls, 188 clqs
   (0.0s) running MILP presolver
   (0.0s) MILP presolver (2 rounds): 0 aggregations, 23 fixings, 0 bound changes
(round 2, medium)     23 del vars, 1 del conss, 0 add conss, 0 chg bounds, 0 chg sides, 0 chg coeffs, 0 upgd conss, 0 impls, 187 clqs
(round 3, fast)       24 del vars, 3 del conss, 0 add conss, 0 chg bounds, 0 chg sides, 0 chg coeffs, 0 upgd conss, 0 impls, 186 clqs
(round 4, exhaustive) 24 del vars, 10 del conss, 0 add conss, 0 chg bounds, 7 chg sides, 0 chg coeffs, 0 upgd conss, 0 impls, 186 clqs
(round 5, exhaustive) 24 del vars, 10 del conss, 0 add conss, 0 chg bounds, 7 chg sides, 0 chg coeffs, 179 upgd conss, 0 impls, 186 clqs
(round 6, medium)     62 del vars, 10 del conss, 0 add conss, 0 chg bounds, 7 chg sides, 38 chg coeffs, 179 upgd conss, 0 impls, 186 clqs
(round 7, fast)       76 del vars, 11 del conss, 0 add conss, 0 chg bounds, 7 chg sides, 38 chg coeffs, 179 upgd conss, 0 impls, 184 clqs
(round 8, exhaustive) 76 del vars, 13 del conss, 0 add conss, 0 chg bounds, 7 chg sides, 38 chg coeffs, 179 upgd conss, 0 impls, 184 clqs
   (0.0s) probing: 51/424 (12.0%) - 0 fixings, 0 aggregations, 0 implications, 0 bound changes
   (0.0s) probing aborted: 50/50 successive totally useless probings
   (0.0s) symmetry computation started: requiring (bin +, int +, cont +), (fixed: bin -, int -, cont -)
   (0.0s) no symmetry present (symcode time: 0.00)
presolving (9 rounds: 9 fast, 6 medium, 4 exhaustive):
 76 deleted vars, 13 deleted constraints, 0 added constraints, 0 tightened bounds, 0 added holes, 7 changed sides, 38 changed coefficients
 0 implications, 184 cliques
presolved problem has 424 variables (424 bin, 0 int, 0 impl, 0 cont) and 176 constraints
    176 constraints of type <setppc>
Presolving Time: 0.02

 time | node  | left  |LP iter|LP it/n|mem/heur|mdpt |vars |cons |rows |cuts |sepa|confs|strbr|  dualbound   | primalbound  |  gap   | compl. 
  0.1s|     1 |     0 |  1243 |     - |  5580k |   0 | 424 | 176 | 176 |   0 |  0 |   0 |   0 | 7.933785e+03 |      --      |    Inf | unknown
d 0.1s|     1 |     0 |  1243 |     - |coefdivi|   0 | 424 | 176 | 176 |   0 |  1 |   0 |   0 | 7.933785e+03 | 3.052453e+03 | 159.92%| unknown
d 0.1s|     1 |     0 |  1361 |     - |coefdivi|   0 | 424 | 176 | 176 |   0 |  1 |   0 |   0 | 7.933785e+03 | 4.320001e+03 |  83.65%| unknown
d 0.1s|     1 |     0 |  1382 |     - |coefdivi|   0 | 424 | 176 | 176 |   0 |  1 |   0 |   0 | 7.933785e+03 | 5.323085e+03 |  49.04%| unknown
d 0.1s|     1 |     0 |  1398 |     - |coefdivi|   0 | 424 | 176 | 176 |   0 |  1 |   0 |   0 | 7.933785e+03 | 6.927420e+03 |  14.53%| unknown
  0.1s|     1 |     0 |  1398 |     - |  5705k |   0 | 424 | 176 | 176 |   0 |  1 |   0 |   0 | 7.933785e+03 | 6.927420e+03 |  14.53%| unknown
  0.2s|     1 |     2 |  1398 |     - |  5912k |   0 | 424 | 176 | 176 |   0 |  2 |   0 |  39 | 7.895074e+03 | 6.927420e+03 |  13.97%| unknown

SCIP Status        : solving was interrupted [node limit reached]
Solving Time (sec) : 0.24
Solving Nodes      : 1
Primal Bound       : +6.92742035286388e+03 (45 solutions)
Dual Bound         : +7.89507380695090e+03
Gap                : 13.97 %
