presolving:
   (0.0s) running MILP presolver
   (0.0s) MILP presolver (2 rounds): 0 aggregations, 15 fixings, 0 bound changes
(round 1, medium)     15 del vars, 0 del conss, 0 add conss, 0 chg bounds, 0 chg sides, 0 chg coeffs, 0 upgd conss, 0 impls, 193 clqs
(round 2, exhaustive) 15 del vars, 5 del conss, 0 add conss, 0 chg bounds, 5 chg sides, 0 chg coeffs, 0 upgd conss, 0 impls, 193 clqs
(round 3, exhaustive) 15 del vars, 5 del conss, 0 add conss, 0 chg bounds, 5 chg sides, 0 chg coeffs, 188 upgd conss, 0 impls, 193 clqs
(round 4, medium)     52 del vars, 5 del conss, 0 add conss, 0 chg bounds, 5 chg sides, 37 chg coeffs, 188 upgd conss, 0 impls, 193 clqs
(round 5, fast)       62 del vars, 6 del conss, 0 add conss, 0 chg bounds, 5 chg sides, 37 chg coeffs, 188 upgd conss, 0 impls, 191 clqs
(round 6, fast)       63 del vars, 6 del conss, 0 add conss, 0 chg bounds, 5 chg sides, 37 chg coeffs, 188 upgd conss, 0 impls, 191 clqs
(round 7, medium)     64 del vars, 6 del conss, 0 add conss, 0 chg bounds, 5 chg sides, 38 chg coeffs, 188 upgd conss, 0 impls, 191 clqs
(round 8, exhaustive) 64 del vars, 10 del conss, 0 add conss, 0 chg bounds, 5 chg sides, 38 chg coeffs, 188 upgd conss, 0 impls, 191 clqs
   (0.0s) probing: 51/436 (11.7%) - 0 fixings, 0 aggregations, 0 implications, 0 bound changes
   (0.0s) probing aborted: 50/50 successive totally useless probings
   (0.0s) symmetry computation started: requiring (bin +, int +, cont +), (fixed: bin -, int -, cont -)
   (0.0s) no symmetry present (symcode time: 0.00)
presolving (9 rounds: 9 fast, 7 medium, 4 exhaustive):
 64 deleted vars, 10 deleted constraints, 0 added constraints, 0 tightened bounds, 0 added holes, 5 changed sides, 38 changed coefficients
 0 implications, 191 cliques
presolved problem has 436 variables (436 bin, 0 int, 0 impl, 0 cont) and 183 constraints
    183 constraints of type <setppc>
Presolving Time: 0.02

 time | node  | left  |LP iter|LP it/n|mem/heur|mdpt |vars |cons |rows |cuts |sepa|confs|strbr|  dualbound   | primalbound  |  gap   | compl. 
  0.1s|     1 |     0 |  1938 |     - |  5511k |   0 | 436 | 183 | 183 |   0 |  0 |   0 |   0 | 7.771878e+03 |      --      |    Inf | unknown
d 0.1s|     1 |     0 |  1938 |     - |coefdivi|   0 | 436 | 183 | 183 |   0 |  1 |   0 |   0 | 7.771878e+03 | 3.003348e+03 | 158.77%| unknown
d 0.1s|     1 |     0 |  2013 |     - |coefdivi|   0 | 436 | 183 | 183 |   0 |  1 |   0 |   0 | 7.771878e+03 | 3.971963e+03 |  95.67%| unknown
d 0.1s|     1 |     0 |  2046 |     - |coefdivi|   0 | 436 | 183 | 183 |   0 |  1 |   0 |   0 | 7.771878e+03 | 7.585501e+03 |   2.46%| unknown
  0.1s|     1 |     0 |  2046 |     - |  5587k |   0 | 436 | 183 | 183 |   0 |  1 |   0 |   0 | 7.771878e+03 | 7.585501e+03 |   2.46%| unknown
  0.1s|     1 |     0 |  2046 |     - |  5587k |   0 | 436 | 183 | 180 |   0 |  1 |   0 |   0 | 7.771878e+03 | 7.585501e+03 |   2.46%| unknown

SCIP Status        : solving was interrupted [node limit reached]
Solving Time (sec) : 0.11
Solving Nodes      : 1
Primal Bound       : +7.58550054842192e+03 (3 solutions)
Dual Bound         : +7.77187824130439e+03
Gap                : 2.46 %
