presolving:
(round 1, fast)       1 del vars, 1 del conss, 0 add conss, 0 chg bounds, 0 chg sides, 0 chg coeffs, 0 upgd conss, 0 impls, 190 clqs
(round 2, fast)       2 del vars, 1 del conss, 0 add conss, 0 chg bounds, 0 chg sides, 0 chg coeffs, 0 upgd conss, 0 impls, 190 clqs
   (0.0s) running MILP presolver
   (0.0s) MILP presolver (2 rounds): 0 aggregations, 17 fixings, 0 bound changes
(round 3, medium)     19 del vars, 1 del conss, 0 add conss, 0 chg bounds, 0 chg sides, 0 chg coeffs, 0 upgd conss, 0 impls, 190 clqs
(round 4, exhaustive) 19 del vars, 6 del conss, 0 add conss, 0 chg bounds, 5 chg sides, 0 chg coeffs, 0 upgd conss, 0 impls, 190 clqs
(round 5, exhaustive) 19 del vars, 6 del conss, 0 add conss, 0 chg bounds, 5 chg sides, 0 chg coeffs, 185 upgd conss, 0 impls, 190 clqs
(round 6, medium)     56 del vars, 6 del conss, 0 add conss, 0 chg bounds, 5 chg sides, 37 chg coeffs, 185 upgd conss, 0 impls, 190 clqs
(round 7, fast)       71 del vars, 8 del conss, 0 add conss, 0 chg bounds, 5 chg sides, 37 chg coeffs, 185 upgd conss, 0 impls, 188 clqs
(round 8, exhaustive) 71 del vars, 12 del conss, 0 add conss, 0 chg bounds, 5 chg sides, 37 chg coeffs, 185 upgd conss, 0 impls, 188 clqs
   (0.0s) probing: 51/429 (11.9%) - 0 fixings, 0 aggregations, 0 implications, 0 bound changes
   (0.0s) probing aborted: 50/50 successive totally useless probings
   (0.0s) symmetry computation started: requiring (bin +, int +, cont +), (fixed: bin -, int -, cont -)
   (0.0s) no symmetry present (symcode time: 0.00)
presolving (9 rounds: 9 fast, 6 medium, 4 exhaustive):
 71 deleted vars, 12 deleted constraints, 0 added constraints, 0 tightened bounds, 0 added holes, 5 changed sides, 37 changed coefficients
 0 implications, 188 cliques
presolved problem has 429 variables (429 bin, 0 int, 0 impl, 0 cont) and 179 constraints
    179 constraints of type <setppc>
Presolving Time: 0.04

 time | node  | left  |LP iter|LP it/n|mem/heur|mdpt |vars |cons |rows |cuts |sepa|confs|strbr|  dualbound   | primalbound  |  gap   | compl. 
  0.1s|     1 |     0 |  1328 |     - |  5412k |   0 | 429 | 179 | 179 |   0 |  0 |   0 |   0 | 7.505443e+03 |      --      |    Inf | unknown
d 0.1s|     1 |     0 |  1328 |     - |coefdivi|   0 | 429 | 179 | 179 |   0 |  1 |   0 |   0 | 7.505443e+03 | 3.036893e+03 | 147.14%| unknown
d 0.1s|     1 |     0 |  1416 |     - |coefdivi|   0 | 429 | 179 | 179 |   0 |  1 |   0 |   0 | 7.505443e+03 | 4.099239e+03 |  83.09%| unknown
d 0.1s|     1 |     0 |  1437 |     - |coefdivi|   0 | 429 | 179 | 179 |   0 |  1 |   0 |   0 | 7.505443e+03 | 6.603161e+03 |  13.66%| unknown
  0.2s|     1 |     0 |  1437 |     - |  5736k |   0 | 429 | 179 | 179 |   0 |  1 |   0 |   0 | 7.505443e+03 | 6.603161e+03 |  13.66%| unknown
  0.5s|     1 |     2 |  1437 |     - |  5976k |   0 | 429 | 179 | 179 |   0 |  2 |   0 |  42 | 7.465061e+03 | 6.603161e+03 |  13.05%| unknown

SCIP Status        : solving was interrupted [node limit reached]
Solving Time (sec) : 0.45
Solving Nodes      : 1
Primal Bound       : +6.60316081458262e+03 (47 solutions)
Dual Bound         : +7.46506092290329e+03
Gap                : 13.05 %
