presolving:
(round 1, fast)       2 del vars, 3 del conss, 0 add conss, 0 chg bounds, 0 chg sides, 0 chg coeffs, 0 upgd conss, 0 impls, 188 clqs
(round 2, fast)       4 del vars, 3 del conss, 0 add conss, 0 chg bounds, 0 chg sides, 0 chg coeffs, 0 upgd conss, 0 impls, 188 clqs
   (0.0s) running MILP presolver
   (0.0s) MILP presolver (2 rounds): 0 aggregations, 29 fixings, 0 bound changes
(round 3, medium)     33 del vars, 3 del conss, 0 add conss, 0 chg bounds, 0 chg sides, 0 chg coeffs, 0 upgd conss, 0 impls, 188 clqs
(round 4, exhaustive) 33 del vars, 11 del conss, 0 add conss, 0 chg bounds, 8 chg sides, 0 chg coeffs, 0 upgd conss, 0 impls, 188 clqs
(round 5, exhaustive) 33 del vars, 11 del conss, 0 add conss, 0 chg bounds, 8 chg sides, 0 chg coeffs, 180 upgd conss, 0 impls, 188 clqs
(round 6, medium)     80 del vars, 11 del conss, 0 add conss, 0 chg bounds, 8 chg sides, 47 chg coeffs, 180 upgd conss, 0 impls, 188 clqs
(round 7, fast)       124 del vars, 14 del conss, 0 add conss, 0 chg bounds, 8 chg sides, 47 chg coeffs, 180 upgd conss, 0 impls, 185 clqs
   (0.0s) running MILP presolver
   (0.0s) MILP presolver (2 rounds): 0 aggregations, 1 fixings, 0 bound changes
(round 8, medium)     125 del vars, 14 del conss, 0 add conss, 0 chg bounds, 8 chg sides, 47 chg coeffs, 180 upgd conss, 0 impls, 185 clqs
(round 9, exhaustive) 125 del vars, 22 del conss, 0 add conss, 0 chg bounds, 8 chg sides, 47 chg coeffs, 180 upgd conss, 0 impls, 185 clqs
   (0.0s) probing: 51/375 (13.6%) - 0 fixings, 0 aggregations, 0 implications, 0 bound changes
   (0.0s) probing aborted: 50/50 successive totally useless probings
   (0.0s) symmetry computation started: requiring (bin +, int +, cont +), (fixed: bin -, int -, cont -)
   (0.0s) no symmetry present (symcode time: 0.00)
presolving (10 rounds: 10 fast, 7 medium, 4 exhaustive):
 125 deleted vars, 22 deleted constraints, 0 added constraints, 0 tightened bounds, 0 added holes, 8 changed sides, 47 changed coefficients
 0 implications, 185 cliques
presolved problem has 375 variables (375 bin, 0 int, 0 impl, 0 cont) and 169 constraints
    169 constraints of type <setppc>
Presolving Time: 0.02

 time | node  | left  |LP iter|LP it/n|mem/heur|mdpt |vars |cons |rows |cuts |sepa|confs|strbr|  dualbound   | primalbound  |  gap   | compl. 
  0.1s|     1 |     0 |  1274 |     - |  4783k |   0 | 375 | 169 | 169 |   0 |  0 |   0 |   0 | 7.795106e+03 |      --      |    Inf | unknown
d 0.1s|     1 |     0 |  1274 |     - |coefdivi|   0 | 375 | 169 | 169 |   0 |  1 |   0 |   0 | 7.795106e+03 | 4.358499e+03 |  78.85%| unknown
d 0.1s|     1 |     0 |  1328 |     - |coefdivi|   0 | 375 | 169 | 169 |   0 |  1 |   0 |   0 | 7.795106e+03 | 5.532104e+03 |  40.91%| unknown
d 0.1s|     1 |     0 |  1337 |     - |coefdivi|   0 | 375 | 169 | 169 |   0 |  1 |   0 |   0 | 7.795106e+03 | 7.599904e+03 |   2.57%| unknown
  0.1s|     1 |     0 |  1337 |     - |  4880k |   0 | 375 | 169 | 169 |   0 |  1 |   0 |   0 | 7.795106e+03 | 7.599904e+03 |   2.57%| unknown
  0.1s|     1 |     0 |  1337 |     - |  4880k |   0 | 375 | 169 | 163 |   0 |  1 |   0 |   0 | 7.795106e+03 | 7.599904e+03 |   2.57%| unknown

SCIP Status        : solving was interrupted [node limit reached]
Solving Time (sec) : 0.07
Solving Nodes      : 1
Primal Bound       : +7.59990368861759e+03 (3 solutions)
Dual Bound         : +7.79510631922100e+03
Gap                : 2.57 %
