presolving:
   (0.0s) running MILP presolver
   (0.0s) MILP presolver (2 rounds): 0 aggregations, 21 fixings, 0 bound changes
(round 1, medium)     21 del vars, 0 del conss, 0 add conss, 0 chg bounds, 0 chg sides, 0 chg coeffs, 0 upgd conss, 0 impls, 186 clqs
(round 2, fast)       21 del vars, 1 del conss, 0 add conss, 0 chg bounds, 0 chg sides, 0 chg coeffs, 0 upgd conss, 0 impls, 186 clqs
(round 3, exhaustive) 21 del vars, 4 del conss, 0 add conss, 0 chg bounds, 3 chg sides, 0 chg coeffs, 0 upgd conss, 0 impls, 186 clqs
(round 4, exhaustive) 21 del vars, 4 del conss, 0 add conss, 0 chg bounds, 3 chg sides, 0 chg coeffs, 183 upgd conss, 0 impls, 186 clqs
(round 5, medium)     56 del vars, 4 del conss, 0 add conss, 0 chg bounds, 3 chg sides, 35 chg coeffs, 183 upgd conss, 0 impls, 186 clqs
(round 6, fast)       72 del vars, 6 del conss, 0 add conss, 0 chg bounds, 3 chg sides, 35 chg coeffs, 183 upgd conss, 0 impls, 184 clqs
(round 7, exhaustive) 72 del vars, 8 del conss, 0 add conss, 0 chg bounds, 3 chg sides, 35 chg coeffs, 183 upgd conss, 0 impls, 184 clqs
   (0.0s) probing: 51/428 (11.9%) - 0 fixings, 0 aggregations, 0 implications, 0 bound changes
   (0.0s) probing aborted: 50/50 successive totally useless probings
   (0.0s) symmetry computation started: requiring (bin +, int +, cont +), (fixed: bin -, int -, cont -)
   (0.0s) no symmetry present (symcode time: 0.00)
presolving (8 rounds: 8 fast, 6 medium, 4 exhaustive):
 72 deleted vars, 8 deleted constraints, 0 added constraints, 0 tightened bounds, 0 added holes, 3 changed sides, 35 changed coefficients
 0 implications, 184 cliques
presolved problem has 428 variables (428 bin, 0 int, 0 impl, 0 cont) and 179 constraints
    179 constraints of type <setppc>
Presolving Time: 0.02

 time | node  | left  |LP iter|LP it/n|mem/heur|mdpt |vars |cons |rows |cuts |sepa|confs|strbr|  dualbound   | primalbound  |  gap   | compl. 
  0.1s|     1 |     0 |  1373 |     - |  5299k |   0 | 428 | 179 | 179 |   0 |  0 |   0 |   0 | 7.610269e+03 |      --      |    Inf | unknown
d 0.1s|     1 |     0 |  1373 |     - |coefdivi|   0 | 428 | 179 | 179 |   0 |  1 |   0 |   0 | 7.610269e+03 | 2.655356e+03 | 186.60%| unknown
d 0.1s|     1 |     0 |  1447 |     - |coefdivi|   0 | 428 | 179 | 179 |   0 |  1 |   0 |   0 | 7.610269e+03 | 3.339363e+03 | 127.90%| unknown
d 0.1s|     1 |     0 |  1506 |     - |coefdivi|   0 | 428 | 179 | 179 |   0 |  1 |   0 |   0 | 7.610269e+03 | 3.996852e+03 |  90.41%| unknown
d 0.1s|     1 |     0 |  1547 |     - |coefdivi|   0 | 428 | 179 | 179 |   0 |  1 |   0 |   0 | 7.610269e+03 | 6.006431e+03 |  26.70%| unknown
d 0.1s|     1 |     0 |  1552 |     - |coefdivi|   0 | 428 | 179 | 179 |   0 |  1 |   0 |   0 | 7.610269e+03 | 6.859797e+03 |  10.94%| unknown
  0.1s|     1 |     0 |  1552 |     - |  5406k |   0 | 428 | 179 | 179 |   0 |  1 |   0 |   0 | 7.610269e+03 | 6.859797e+03 |  10.94%| unknown
  0.2s|     1 |     2 |  1552 |     - |  5465k |   0 | 428 | 179 | 179 |   0 |  2 |   0 |  20 | 7.577689e+03 | 6.859797e+03 |  10.47%| unknown

SCIP Status        : solving was interrupted [node limit reached]
Solving Time (sec) : 0.21
Solving Nodes      : 1
Primal Bound       : +6.85979663634901e+03 (24 solutions)
Dual Bound         : +7.57768859697822e+03
Gap                : 10.47 %
