presolving:
(round 1, fast)       0 del vars, 1 del conss, 0 add conss, 0 chg bounds, 0 chg sides, 0 chg coeffs, 0 upgd conss, 0 impls, 194 clqs
   (0.0s) running MILP presolver
   (0.0s) MILP presolver (2 rounds): 0 aggregations, 21 fixings, 0 bound changes
(round 2, medium)     21 del vars, 1 del conss, 0 add conss, 0 chg bounds, 0 chg sides, 0 chg coeffs, 0 upgd conss, 0 impls, 193 clqs
(round 3, fast)       21 del vars, 2 del conss, 0 add conss, 0 chg bounds, 0 chg sides, 0 chg coeffs, 0 upgd conss, 0 impls, 193 clqs
(round 4, exhaustive) 21 del vars, 8 del conss, 0 add conss, 0 chg bounds, 6 chg sides, 0 chg coeffs, 0 upgd conss, 0 impls, 193 clqs
(round 5, exhaustive) 21 del vars, 8 del conss, 0 add conss, 0 chg bounds, 6 chg sides, 0 chg coeffs, 187 upgd conss, 0 impls, 193 clqs
(round 6, medium)     66 del vars, 8 del conss, 0 add conss, 0 chg bounds, 6 chg sides, 45 chg coeffs, 187 upgd conss, 0 impls, 193 clqs
(round 7, fast)       84 del vars, 9 del conss, 0 add conss, 0 chg bounds, 6 chg sides, 45 chg coeffs, 187 upgd conss, 0 impls, 191 clqs
(round 8, exhaustive) 84 del vars, 15 del conss, 0 add conss, 0 chg bounds, 6 chg sides, 45 chg coeffs, 187 upgd conss, 0 impls, 191 clqs
   (0.0s) probing: 51/416 (12.3%) - 0 fixings, 0 aggregations, 0 implications, 0 bound changes
   (0.0s) probing aborted: 50/50 successive totally useless probings
   (0.0s) symmetry computation started: requiring (bin +, int +, cont +), (fixed: bin -, int -, cont -)
   (0.0s) no symmetry present (symcode time: 0.00)
presolving (9 rounds: 9 fast, 6 medium, 4 exhaustive):
 84 deleted vars, 15 deleted constraints, 0 added constraints, 0 tightened bounds, 0 added holes, 6 changed sides, 45 changed coefficients
 0 implications, 191 cliques
presolved problem has 416 variables (416 bin, 0 int, 0 impl, 0 cont) and 180 constraints
    180 constraints of type <setppc>
Presolving Time: 0.02

 time | node  | left  |LP iter|LP it/n|mem/heur|mdpt |vars |cons |rows |cuts |sepa|confs|strbr|  dualbound   | primalbound  |  gap   | compl. 
  0.1s|     1 |     0 |  1072 |     - |  5029k |   0 | 416 | 180 | 180 |   0 |  0 |   0 |   0 | 7.663357e+03 |      --      |    Inf | unknown
d 0.1s|     1 |     0 |  1072 |     - |coefdivi|   0 | 416 | 180 | 180 |   0 |  1 |   0 |   0 | 7.663357e+03 | 3.177091e+03 | 141.21%| unknown
d 0.1s|     1 |     0 |  1133 |     - |coefdivi|   0 | 416 | 180 | 180 |   0 |  1 |   0 |   0 | 7.663357e+03 | 3.631783e+03 | 111.01%| unknown
d 0.1s|     1 |     0 |  1203 |     - |coefdivi|   0 | 416 | 180 | 180 |   0 |  1 |   0 |   0 | 7.663357e+03 | 4.293149e+03 |  78.50%| unknown
d 0.1s|     1 |     0 |  1244 |     - |coefdivi|   0 | 416 | 180 | 180 |   0 |  1 |   0 |   0 | 7.663357e+03 | 5.949915e+03 |  28.80%| unknown
d 0.1s|     1 |     0 |  1250 |     - |coefdivi|   0 | 416 | 180 | 180 |   0 |  1 |   0 |   0 | 7.663357e+03 | 7.045077e+03 |   8.78%| unknown
  0.1s|     1 |     0 |  1250 |     - |  5148k |   0 | 416 | 180 | 180 |   0 |  1 |   0 |   0 | 7.663357e+03 | 7.045077e+03 |   8.78%| unknown
  0.1s|     1 |     2 |  1250 |     - |  5288k |   0 | 416 | 180 | 180 |   0 |  2 |   0 |  25 | 7.642811e+03 | 7.045077e+03 |   8.48%| unknown

SCIP Status        : solving was interrupted [node limit reached]
Solving Time (sec) : 0.13
Solving Nodes      : 1
Primal Bound       : +7.04507714883779e+03 (33 solutions)
Dual Bound         : +7.64281087401638e+03
Gap                : 8.48 %
