presolving:
(round 1, fast)       0 del vars, 1 del conss, 0 add conss, 0 chg bounds, 0 chg sides, 0 chg coeffs, 0 upgd conss, 0 impls, 191 clqs
   (0.0s) running MILP presolver
   (0.0s) MILP presolver (2 rounds): 0 aggregations, 23 fixings, 0 bound changes
(round 2, medium)     23 del vars, 1 del conss, 0 add conss, 0 chg bounds, 0 chg sides, 0 chg coeffs, 0 upgd conss, 0 impls, 191 clqs
(round 3, exhaustive) 23 del vars, 9 del conss, 0 add conss, 0 chg bounds, 8 chg sides, 0 chg coeffs, 0 upgd conss, 0 impls, 191 clqs
(round 4, exhaustive) 23 del vars, 9 del conss, 0 add conss, 0 chg bounds, 8 chg sides, 0 chg coeffs, 183 upgd conss, 0 impls, 191 clqs
(round 5, medium)     71 del vars, 9 del conss, 0 add conss, 0 chg bounds, 8 chg sides, 48 chg coeffs, 183 upgd conss, 0 impls, 191 clqs
(round 6, fast)       90 del vars, 10 del conss, 0 add conss, 0 chg bounds, 8 chg sides, 48 chg coeffs, 183 upgd conss, 0 impls, 188 clqs
(round 7, exhaustive) 90 del vars, 14 del conss, 0 add conss, 0 chg bounds, 8 chg sides, 48 chg coeffs, 183 upgd conss, 0 impls, 188 clqs
   (0.0s) probing: 51/410 (12.4%) - 0 fixings, 0 aggregations, 0 implications, 0 bound changes
   (0.0s) probing aborted: 50/50 successive totally useless probings
   (0.0s) symmetry computation started: requiring (bin +, int +, cont +), (fixed: bin -, int -, cont -)
   (0.0s) no symmetry present (symcode time: 0.00)
presolving (8 rounds: 8 fast, 6 medium, 4 exhaustive):
 90 deleted vars, 14 deleted constraints, 0 added constraints, 0 tightened bounds, 0 added holes, 8 changed sides, 48 changed coefficients
 0 implications, 188 cliques
presolved problem has 410 variables (410 bin, 0 int, 0 impl, 0 cont) and 178 constraints
    178 constraints of type <setppc>
Presolving Time: 0.02

 time | node  | left  |LP iter|LP it/n|mem/heur|mdpt |vars |cons |rows |cuts |sepa|confs|strbr|  dualbound   | primalbound  |  gap   | compl. 
  0.1s|     1 |     0 |  1335 |     - |  5289k |   0 | 410 | 178 | 178 |   0 |  0 |   0 |   0 | 7.699490e+03 |      --      |    Inf | unknown
d 0.1s|     1 |     0 |  1335 |     - |coefdivi|   0 | 410 | 178 | 178 |   0 |  1 |   0 |   0 | 7.699490e+03 | 3.660006e+03 | 110.37%| unknown
d 0.1s|     1 |     0 |  1429 |     - |coefdivi|   0 | 410 | 178 | 178 |   0 |  1 |   0 |   0 | 7.699490e+03 | 4.104897e+03 |  87.57%| unknown
d 0.1s|     1 |     0 |  1477 |     - |coefdivi|   0 | 410 | 178 | 178 |   0 |  1 |   0 |   0 | 7.699490e+03 | 5.356310e+03 |  43.75%| unknown
d 0.1s|     1 |     0 |  1491 |     - |coefdivi|   0 | 410 | 178 | 178 |   0 |  1 |   0 |   0 | 7.699490e+03 | 6.826441e+03 |  12.79%| unknown
  0.1s|     1 |     0 |  1491 |     - |  5411k |   0 | 410 | 178 | 178 |   0 |  1 |   0 |   0 | 7.699490e+03 | 6.826441e+03 |  12.79%| unknown
  0.2s|     1 |     2 |  1491 |     - |  5612k |   0 | 410 | 178 | 178 |   0 |  2 |   0 |  26 | 7.646194e+03 | 6.826441e+03 |  12.01%| unknown

SCIP Status        : solving was interrupted [node limit reached]
Solving Time (sec) : 0.21
Solving Nodes      : 1
Primal Bound       : +6.82644141707136e+03 (35 solutions)
Dual Bound         : +7.64619408834618e+03
Gap                : 12.01 %
