presolving:
(round 1, fast)       0 del vars, 3 del conss, 0 add conss, 0 chg bounds, 0 chg sides, 0 chg coeffs, 0 upgd conss, 0 impls, 190 clqs
   (0.0s) running MILP presolver
   (0.0s) MILP presolver (2 rounds): 0 aggregations, 17 fixings, 0 bound changes
(round 2, medium)     17 del vars, 3 del conss, 0 add conss, 0 chg bounds, 0 chg sides, 0 chg coeffs, 0 upgd conss, 0 impls, 190 clqs
(round 3, exhaustive) 17 del vars, 7 del conss, 0 add conss, 0 chg bounds, 4 chg sides, 0 chg coeffs, 0 upgd conss, 0 impls, 190 clqs
(round 4, exhaustive) 17 del vars, 7 del conss, 0 add conss, 0 chg bounds, 4 chg sides, 0 chg coeffs, 186 upgd conss, 0 impls, 190 clqs
(round 5, medium)     55 del vars, 7 del conss, 0 add conss, 0 chg bounds, 4 chg sides, 38 chg coeffs, 186 upgd conss, 0 impls, 190 clqs
(round 6, fast)       74 del vars, 10 del conss, 0 add conss, 0 chg bounds, 4 chg sides, 38 chg coeffs, 186 upgd conss, 0 impls, 187 clqs
(round 7, exhaustive) 74 del vars, 12 del conss, 0 add conss, 0 chg bounds, 4 chg sides, 38 chg coeffs, 186 upgd conss, 0 impls, 187 clqs
   (0.0s) probing: 51/426 (12.0%) - 0 fixings, 0 aggregations, 0 implications, 0 bound changes
   (0.0s) probing aborted: 50/50 successive totally useless probings
   (0.0s) symmetry computation started: requiring (bin +, int +, cont +), (fixed: bin -, int -, cont -)
   (0.0s) no symmetry present (symcode time: 0.00)
presolving (8 rounds: 8 fast, 6 medium, 4 exhaustive):
 74 deleted vars, 12 deleted constraints, 0 added constraints, 0 tightened bounds, 0 added holes, 4 changed sides, 38 changed coefficients
 0 implications, 187 cliques
presolved problem has 426 variables (426 bin, 0 int, 0 impl, 0 cont) and 181 constraints
    181 constraints of type <setppc>
Presolving Time: 0.02

 time | node  | left  |LP iter|LP it/n|mem/heur|mdpt |vars |cons |rows |cuts |sepa|confs|strbr|  dualbound   | primalbound  |  gap   | compl. 
  0.1s|     1 |     0 |  1754 |     - |  5469k |   0 | 426 | 181 | 181 |   0 |  0 |   0 |   0 | 7.796623e+03 |      --      |    Inf | unknown
d 0.1s|     1 |     0 |  1754 |     - |coefdivi|   0 | 426 | 181 | 181 |   0 |  1 |   0 |   0 | 7.796623e+03 | 2.957989e+03 | 163.58%| unknown
d 0.2s|     1 |     0 |  1891 |     - |coefdivi|   0 | 426 | 181 | 181 |   0 |  1 |   0 |   0 | 7.796623e+03 | 4.032068e+03 |  93.37%| unknown
d 0.2s|     1 |     0 |  1974 |     - |coefdivi|   0 | 426 | 181 | 181 |   0 |  1 |   0 |   0 | 7.796623e+03 | 4.101150e+03 |  90.11%| unknown
d 0.2s|     1 |     0 |  2007 |     - |coefdivi|   0 | 426 | 181 | 181 |   0 |  1 |   0 |   0 | 7.796623e+03 | 7.283733e+03 |   7.04%| unknown
  0.2s|     1 |     0 |  2007 |     - |  5568k |   0 | 426 | 181 | 181 |   0 |  1 |   0 |   0 | 7.796623e+03 | 7.283733e+03 |   7.04%| unknown
  0.5s|     1 |     2 |  2007 |     - |  5749k |   0 | 426 | 181 | 181 |   0 |  2 |   0 |  40 | 7.760900e+03 | 7.283733e+03 |   6.55%| unknown

SCIP Status        : solving was interrupted [node limit reached]
Solving Time (sec) : 0.45
Solving Nodes      : 1
Primal Bound       : +7.28373262225859e+03 (44 solutions)
Dual Bound         : +7.76090014060492e+03
Gap                : 6.55 %
