presolving:
(round 1, fast)       0 del vars, 1 del conss, 0 add conss, 0 chg bounds, 0 chg sides, 0 chg coeffs, 0 upgd conss, 0 impls, 195 clqs
   (0.0s) running MILP presolver
   (0.0s) MILP presolver (2 rounds): 0 aggregations, 6 fixings, 0 bound changes
(round 2, medium)     6 del vars, 1 del conss, 0 add conss, 0 chg bounds, 0 chg sides, 0 chg coeffs, 0 upgd conss, 0 impls, 195 clqs
(round 3, exhaustive) 6 del vars, 5 del conss, 0 add conss, 0 chg bounds, 4 chg sides, 0 chg coeffs, 0 upgd conss, 0 impls, 195 clqs
(round 4, exhaustive) 6 del vars, 5 del conss, 0 add conss, 0 chg bounds, 4 chg sides, 0 chg coeffs, 191 upgd conss, 0 impls, 195 clqs
(round 5, medium)     49 del vars, 5 del conss, 0 add conss, 0 chg bounds, 4 chg sides, 43 chg coeffs, 191 upgd conss, 0 impls, 195 clqs
(round 6, fast)       89 del vars, 11 del conss, 0 add conss, 0 chg bounds, 4 chg sides, 43 chg coeffs, 191 upgd conss, 0 impls, 189 clqs
   (0.0s) running MILP presolver
   (0.0s) MILP presolver (2 rounds): 0 aggregations, 1 fixings, 0 bound changes
(round 7, medium)     90 del vars, 11 del conss, 0 add conss, 0 chg bounds, 4 chg sides, 43 chg coeffs, 191 upgd conss, 0 impls, 188 clqs
(round 8, exhaustive) 90 del vars, 17 del conss, 0 add conss, 0 chg bounds, 4 chg sides, 43 chg coeffs, 191 upgd conss, 0 impls, 188 clqs
   (0.0s) probing: 51/410 (12.4%) - 0 fixings, 0 aggregations, 0 implications, 0 bound changes
   (0.0s) probing aborted: 50/50 successive totally useless probings
   (0.0s) symmetry computation started: requiring (bin +, int +, cont +), (fixed: bin -, int -, cont -)
   (0.0s) no symmetry present (symcode time: 0.00)
presolving (9 rounds: 9 fast, 7 medium, 4 exhaustive):
 90 deleted vars, 17 deleted constraints, 0 added constraints, 0 tightened bounds, 0 added holes, 4 changed sides, 43 changed coefficients
 0 implications, 188 cliques
presolved problem has 410 variables (410 bin, 0 int, 0 impl, 0 cont) and 179 constraints
    179 constraints of type <setppc>
Presolving Time: 0.05

 time | node  | left  |LP iter|LP it/n|mem/heur|mdpt |vars |cons |rows |cuts |sepa|confs|strbr|  dualbound   | primalbound  |  gap   | compl. 
  0.1s|     1 |     0 |  1137 |     - |  5215k |   0 | 410 | 179 | 179 |   0 |  0 |   0 |   0 | 8.058630e+03 |      --      |    Inf | unknown
d 0.1s|     1 |     0 |  1137 |     - |coefdivi|   0 | 410 | 179 | 179 |   0 |  1 |   0 |   0 | 8.058630e+03 | 3.388113e+03 | 137.85%| unknown
d 0.1s|     1 |     0 |  1259 |     - |coefdivi|   0 | 410 | 179 | 179 |   0 |  1 |   0 |   0 | 8.058630e+03 | 7.791041e+03 |   3.43%| unknown
  0.1s|     1 |     0 |  1259 |     - |  5314k |   0 | 410 | 179 | 179 |   0 |  1 |   0 |   0 | 8.058630e+03 | 7.791041e+03 |   3.43%| unknown
  0.1s|     1 |     0 |  1259 |     - |  5314k |   0 | 410 | 179 | 178 |   0 |  1 |   0 |   0 | 8.058630e+03 | 7.791041e+03 |   3.43%| unknown
  0.4s|     1 |     0 |  1285 |     - |  5595k |   0 | 410 | 178 | 178 |   0 |  2 |   0 |  49 | 8.027899e+03 | 7.791041e+03 |   3.04%| unknown
  0.4s|     1 |     0 |  1285 |     - |  5595k |   0 | 410 | 178 | 178 |   0 |  2 |   0 |  49 | 8.027899e+03 | 7.791041e+03 |   3.04%| unknown
  0.5s|     1 |     0 |  1300 |     - |  5805k |   0 | 410 | 178 | 178 |   0 |  3 |   1 |  65 | 8.027899e+03 | 7.791041e+03 |   3.04%| unknown
  0.5s|     1 |     0 |  1300 |     - |  5805k |   0 | 410 | 178 | 178 |   0 |  3 |   1 |  65 | 8.027899e+03 | 7.791041e+03 |   3.04%| unknown
  0.5s|     1 |     2 |  1300 |     - |  5853k |   0 | 410 | 178 | 178 |   0 |  4 |   1 |  75 | 8.027899e+03 | 7.791041e+03 |   3.04%| unknown

SCIP Status        : solving was interrupted [node limit reached]
Solving Time (sec) : 0.50
Solving Nodes      : 1
Primal Bound       : +7.79104085197566e+03 (76 solutions)
Dual Bound         : +8.02789896771359e+03
Gap                : 3.04 %
