presolving:
   (0.0s) running MILP presolver
   (0.0s) MILP presolver (2 rounds): 0 aggregations, 17 fixings, 0 bound changes
(round 1, medium)     17 del vars, 0 del conss, 0 add conss, 0 chg bounds, 0 chg sides, 0 chg coeffs, 0 upgd conss, 0 impls, 196 clqs
(round 2, exhaustive) 17 del vars, 4 del conss, 0 add conss, 0 chg bounds, 4 chg sides, 0 chg coeffs, 0 upgd conss, 0 impls, 196 clqs
(round 3, exhaustive) 17 del vars, 4 del conss, 0 add conss, 0 chg bounds, 4 chg sides, 0 chg coeffs, 192 upgd conss, 0 impls, 196 clqs
(round 4, medium)     48 del vars, 4 del conss, 0 add conss, 0 chg bounds, 4 chg sides, 31 chg coeffs, 192 upgd conss, 0 impls, 196 clqs
(round 5, fast)       61 del vars, 4 del conss, 0 add conss, 0 chg bounds, 4 chg sides, 31 chg coeffs, 192 upgd conss, 0 impls, 196 clqs
(round 6, exhaustive) 61 del vars, 5 del conss, 0 add conss, 0 chg bounds, 4 chg sides, 31 chg coeffs, 192 upgd conss, 0 impls, 196 clqs
   (0.0s) probing: 51/439 (11.6%) - 0 fixings, 0 aggregations, 0 implications, 0 bound changes
   (0.0s) probing aborted: 50/50 successive totally useless probings
   (0.0s) symmetry computation started: requiring (bin +, int +, cont +), (fixed: bin -, int -, cont -)
   (0.0s) no symmetry present (symcode time: 0.00)
presolving (7 rounds: 7 fast, 6 medium, 4 exhaustive):
 61 deleted vars, 5 deleted constraints, 0 added constraints, 0 tightened bounds, 0 added holes, 4 changed sides, 31 changed coefficients
 0 implications, 196 cliques
presolved problem has 439 variables (439 bin, 0 int, 0 impl, 0 cont) and 191 constraints
    191 constraints of type <setppc>
Presolving Time: 0.01

 time | node  | left  |LP iter|LP it/n|mem/heur|mdpt |vars |cons |rows |cuts |sepa|confs|strbr|  dualbound   | primalbound  |  gap   | compl. 
  0.1s|     1 |     0 |  1448 |     - |  5306k |   0 | 439 | 191 | 191 |   0 |  0 |   0 |   0 | 7.872329e+03 |      --      |    Inf | unknown
d 0.1s|     1 |     0 |  1448 |     - |coefdivi|   0 | 439 | 191 | 191 |   0 |  1 |   0 |   0 | 7.872329e+03 | 2.732442e+03 | 188.11%| unknown
d 0.1s|     1 |     0 |  1490 |     - |coefdivi|   0 | 439 | 191 | 191 |   0 |  1 |   0 |   0 | 7.872329e+03 | 3.097821e+03 | 154.12%| unknown
d 0.1s|     1 |     0 |  1569 |     - |coefdivi|   0 | 439 | 191 | 191 |   0 |  1 |   0 |   0 | 7.872329e+03 | 4.378339e+03 |  79.80%| unknown
d 0.1s|     1 |     0 |  1625 |     - |coefdivi|   0 | 439 | 191 | 191 |   0 |  1 |   0 |   0 | 7.872329e+03 | 7.241074e+03 |   8.72%| unknown
  0.1s|     1 |     0 |  1625 |     - |  5403k |   0 | 439 | 191 | 191 |   0 |  1 |   0 |   0 | 7.872329e+03 | 7.241074e+03 |   8.72%| unknown
  0.2s|     1 |     2 |  1625 |     - |  5675k |   0 | 439 | 191 | 191 |   0 |  2 |   0 |  35 | 7.840346e+03 | 7.241074e+03 |   8.28%| unknown

SCIP Status        : solving was interrupted [node limit reached]
Solving Time (sec) : 0.19
Solving Nodes      : 1
Primal Bound       : +7.24107423231877e+03 (48 solutions)
Dual Bound         : +7.84034638499772e+03
Gap                : 8.28 %
