presolving:
(round 1, fast)       1 del vars, 2 del conss, 0 add conss, 0 chg bounds, 0 chg sides, 0 chg coeffs, 0 upgd conss, 0 impls, 195 clqs
   (0.0s) running MILP presolver
   (0.0s) MILP presolver (2 rounds): 0 aggregations, 16 fixings, 0 bound changes
(round 2, medium)     17 del vars, 2 del conss, 0 add conss, 0 chg bounds, 0 chg sides, 0 chg coeffs, 0 upgd conss, 0 impls, 195 clqs
(round 3, exhaustive) 17 del vars, 9 del conss, 0 add conss, 0 chg bounds, 7 chg sides, 0 chg coeffs, 0 upgd conss, 0 impls, 195 clqs
(round 4, exhaustive) 17 del vars, 9 del conss, 0 add conss, 0 chg bounds, 7 chg sides, 0 chg coeffs, 188 upgd conss, 0 impls, 195 clqs
(round 5, medium)     54 del vars, 9 del conss, 0 add conss, 0 chg bounds, 7 chg sides, 37 chg coeffs, 188 upgd conss, 0 impls, 195 clqs
(round 6, fast)       85 del vars, 10 del conss, 0 add conss, 0 chg bounds, 7 chg sides, 37 chg coeffs, 188 upgd conss, 0 impls, 194 clqs
(round 7, exhaustive) 85 del vars, 19 del conss, 0 add conss, 0 chg bounds, 7 chg sides, 37 chg coeffs, 188 upgd conss, 0 impls, 194 clqs
   (0.0s) probing: 51/415 (12.3%) - 0 fixings, 0 aggregations, 0 implications, 0 bound changes
   (0.0s) probing aborted: 50/50 successive totally useless probings
   (0.0s) symmetry computation started: requiring (bin +, int +, cont +), (fixed: bin -, int -, cont -)
   (0.0s) no symmetry present (symcode time: 0.00)
presolving (8 rounds: 8 fast, 6 medium, 4 exhaustive):
 85 deleted vars, 19 deleted constraints, 0 added constraints, 0 tightened bounds, 0 added holes, 7 changed sides, 37 changed coefficients
 0 implications, 194 cliques
presolved problem has 415 variables (415 bin, 0 int, 0 impl, 0 cont) and 178 constraints
    178 constraints of type <setppc>
Presolving Time: 0.02

 time | node  | left  |LP iter|LP it/n|mem/heur|mdpt |vars |cons |rows |cuts |sepa|confs|strbr|  dualbound   | primalbound  |  gap   | compl. 
  0.1s|     1 |     0 |  1078 |     - |  5378k |   0 | 415 | 178 | 178 |   0 |  0 |   0 |   0 | 7.498174e+03 |      --      |    Inf | unknown
d 0.1s|     1 |     0 |  1078 |     - |coefdivi|   0 | 415 | 178 | 178 |   0 |  1 |   0 |   0 | 7.498174e+03 | 3.214281e+03 | 133.28%| unknown
d 0.1s|     1 |     0 |  1211 |     - |coefdivi|   0 | 415 | 178 | 178 |   0 |  1 |   0 |   0 | 7.498174e+03 | 3.799594e+03 |  97.34%| unknown
d 0.1s|     1 |     0 |  1273 |     - |coefdivi|   0 | 415 | 178 | 178 |   0 |  1 |   0 |   0 | 7.498174e+03 | 4.322701e+03 |  73.46%| unknown
d 0.1s|     1 |     0 |  1299 |     - |coefdivi|   0 | 415 | 178 | 178 |   0 |  1 |   0 |   0 | 7.498174e+03 | 6.150908e+03 |  21.90%| unknown
d 0.1s|     1 |     0 |  1306 |     - |coefdivi|   0 | 415 | 178 | 178 |   0 |  1 |   0 |   0 | 7.498174e+03 | 6.526974e+03 |  14.88%| unknown
  0.1s|     1 |     0 |  1306 |     - |  5505k |   0 | 415 | 178 | 178 |   0 |  1 |   0 |   0 | 7.498174e+03 | 6.526974e+03 |  14.88%| unknown
  0.2s|     1 |     2 |  1306 |     - |  5718k |   0 | 415 | 178 | 178 |   0 |  2 |   0 |  33 | 7.458936e+03 | 6.526974e+03 |  14.28%| unknown

SCIP Status        : solving was interrupted [node limit reached]
Solving Time (sec) : 0.18
Solving Nodes      : 1
Primal Bound       : +6.52697410546542e+03 (40 solutions)
Dual Bound         : +7.45893632501698e+03
Gap                : 14.28 %
