presolving:
   (0.0s) running MILP presolver
   (0.0s) MILP presolver (2 rounds): 0 aggregations, 10 fixings, 0 bound changes
(round 1, medium)     10 del vars, 0 del conss, 0 add conss, 0 chg bounds, 0 chg sides, 0 chg coeffs, 0 upgd conss, 0 impls, 193 clqs
(round 2, exhaustive) 10 del vars, 1 del conss, 0 add conss, 0 chg bounds, 1 chg sides, 0 chg coeffs, 0 upgd conss, 0 impls, 193 clqs
(round 3, exhaustive) 10 del vars, 1 del conss, 0 add conss, 0 chg bounds, 1 chg sides, 0 chg coeffs, 192 upgd conss, 0 impls, 193 clqs
(round 4, medium)     45 del vars, 1 del conss, 0 add conss, 0 chg bounds, 1 chg sides, 35 chg coeffs, 192 upgd conss, 0 impls, 193 clqs
(round 5, fast)       56 del vars, 2 del conss, 0 add conss, 0 chg bounds, 1 chg sides, 35 chg coeffs, 192 upgd conss, 0 impls, 192 clqs
(round 6, exhaustive) 56 del vars, 5 del conss, 0 add conss, 0 chg bounds, 1 chg sides, 35 chg coeffs, 192 upgd conss, 0 impls, 192 clqs
(round 7, exhaustive) 57 del vars, 5 del conss, 0 add conss, 0 chg bounds, 1 chg sides, 35 chg coeffs, 192 upgd conss, 0 impls, 192 clqs
   (0.0s) probing: 51/443 (11.5%) - 0 fixings, 0 aggregations, 0 implications, 0 bound changes
   (0.0s) probing aborted: 50/50 successive totally useless probings
   (0.0s) symmetry computation started: requiring (bin +, int +, cont +), (fixed: bin -, int -, cont -)
   (0.0s) no symmetry present (symcode time: 0.00)
presolving (8 rounds: 8 fast, 7 medium, 5 exhaustive):
 57 deleted vars, 5 deleted constraints, 0 added constraints, 0 tightened bounds, 0 added holes, 1 changed sides, 35 changed coefficients
 0 implications, 192 cliques
presolved problem has 443 variables (443 bin, 0 int, 0 impl, 0 cont) and 188 constraints
    188 constraints of type <setppc>
Presolving Time: 0.01

 time | node  | left  |LP iter|LP it/n|mem/heur|mdpt |vars |cons |rows |cuts |sepa|confs|strbr|  dualbound   | primalbound  |  gap   | compl. 
  0.1s|     1 |     0 |  2033 |     - |  5512k |   0 | 443 | 188 | 188 |   0 |  0 |   0 |   0 | 8.050864e+03 |      --      |    Inf | unknown
d 0.1s|     1 |     0 |  2033 |     - |coefdivi|   0 | 443 | 188 | 188 |   0 |  1 |   0 |   0 | 8.050864e+03 | 2.781974e+03 | 189.39%| unknown
d 0.1s|     1 |     0 |  2110 |     - |coefdivi|   0 | 443 | 188 | 188 |   0 |  1 |   0 |   0 | 8.050864e+03 | 3.173313e+03 | 153.71%| unknown
d 0.1s|     1 |     0 |  2165 |     - |coefdivi|   0 | 443 | 188 | 188 |   0 |  1 |   0 |   0 | 8.050864e+03 | 3.756654e+03 | 114.31%| unknown
d 0.1s|     1 |     0 |  2196 |     - |coefdivi|   0 | 443 | 188 | 188 |   0 |  1 |   0 |   0 | 8.050864e+03 | 5.307225e+03 |  51.70%| unknown
d 0.1s|     1 |     0 |  2204 |     - |coefdivi|   0 | 443 | 188 | 188 |   0 |  1 |   0 |   0 | 8.050864e+03 | 7.450422e+03 |   8.06%| unknown
  0.1s|     1 |     0 |  2204 |     - |  5610k |   0 | 443 | 188 | 188 |   0 |  1 |   0 |   0 | 8.050864e+03 | 7.450422e+03 |   8.06%| unknown
  0.2s|     1 |     2 |  2204 |     - |  5725k |   0 | 443 | 188 | 188 |   0 |  2 |   0 |  19 | 8.027804e+03 | 7.450422e+03 |   7.75%| unknown

SCIP Status        : solving was interrupted [node limit reached]
Solving Time (sec) : 0.17
Solving Nodes      : 1
Primal Bound       : +7.45042230703536e+03 (25 solutions)
Dual Bound         : +8.02780430383412e+03
Gap                : 7.75 %
