presolving:
(round 1, fast)       0 del vars, 2 del conss, 0 add conss, 0 chg bounds, 0 chg sides, 0 chg coeffs, 0 upgd conss, 0 impls, 193 clqs
(round 2, fast)       1 del vars, 2 del conss, 0 add conss, 0 chg bounds, 0 chg sides, 0 chg coeffs, 0 upgd conss, 0 impls, 193 clqs
   (0.0s) running MILP presolver
   (0.0s) MILP presolver (2 rounds): 0 aggregations, 8 fixings, 0 bound changes
(round 3, medium)     9 del vars, 2 del conss, 0 add conss, 0 chg bounds, 0 chg sides, 0 chg coeffs, 0 upgd conss, 0 impls, 193 clqs
(round 4, fast)       10 del vars, 3 del conss, 0 add conss, 0 chg bounds, 0 chg sides, 0 chg coeffs, 0 upgd conss, 0 impls, 192 clqs
(round 5, exhaustive) 10 del vars, 5 del conss, 0 add conss, 0 chg bounds, 2 chg sides, 0 chg coeffs, 0 upgd conss, 0 impls, 192 clqs
(round 6, exhaustive) 10 del vars, 5 del conss, 0 add conss, 0 chg bounds, 2 chg sides, 0 chg coeffs, 190 upgd conss, 0 impls, 192 clqs
(round 7, medium)     42 del vars, 5 del conss, 0 add conss, 0 chg bounds, 2 chg sides, 32 chg coeffs, 190 upgd conss, 0 impls, 192 clqs
(round 8, fast)       54 del vars, 5 del conss, 0 add conss, 0 chg bounds, 2 chg sides, 32 chg coeffs, 190 upgd conss, 0 impls, 191 clqs
(round 9, exhaustive) 54 del vars, 8 del conss, 0 add conss, 0 chg bounds, 2 chg sides, 32 chg coeffs, 190 upgd conss, 0 impls, 191 clqs
   (0.0s) probing: 51/446 (11.4%) - 0 fixings, 0 aggregations, 0 implications, 0 bound changes
   (0.0s) probing aborted: 50/50 successive totally useless probings
   (0.0s) symmetry computation started: requiring (bin +, int +, cont +), (fixed: bin -, int -, cont -)
   (0.0s) no symmetry present (symcode time: 0.00)
presolving (10 rounds: 10 fast, 6 medium, 4 exhaustive):
 54 deleted vars, 8 deleted constraints, 0 added constraints, 0 tightened bounds, 0 added holes, 2 changed sides, 32 changed coefficients
 0 implications, 191 cliques
presolved problem has 446 variables (446 bin, 0 int, 0 impl, 0 cont) and 187 constraints
    187 constraints of type <setppc>
Presolving Time: 0.01

 time | node  | left  |LP iter|LP it/n|mem/heur|mdpt |vars |cons |rows |cuts |sepa|confs|strbr|  dualbound   | primalbound  |  gap   | compl. 
  0.1s|     1 |     0 |  2045 |     - |  5491k |   0 | 446 | 187 | 187 |   0 |  0 |   0 |   0 | 7.789386e+03 |      --      |    Inf | unknown
d 0.1s|     1 |     0 |  2045 |     - |coefdivi|   0 | 446 | 187 | 187 |   0 |  1 |   0 |   0 | 7.789386e+03 | 2.854570e+03 | 172.87%| unknown
d 0.1s|     1 |     0 |  2148 |     - |coefdivi|   0 | 446 | 187 | 187 |   0 |  1 |   0 |   0 | 7.789386e+03 | 3.360097e+03 | 131.82%| unknown
d 0.1s|     1 |     0 |  2239 |     - |coefdivi|   0 | 446 | 187 | 187 |   0 |  1 |   0 |   0 | 7.789386e+03 | 3.857855e+03 | 101.91%| unknown
d 0.1s|     1 |     0 |  2257 |     - |coefdivi|   0 | 446 | 187 | 187 |   0 |  1 |   0 |   0 | 7.789386e+03 | 6.314854e+03 |  23.35%| unknown
d 0.1s|     1 |     0 |  2263 |     - |coefdivi|   0 | 446 | 187 | 187 |   0 |  1 |   0 |   0 | 7.789386e+03 | 7.249567e+03 |   7.45%| unknown
  0.1s|     1 |     0 |  2263 |     - |  5594k |   0 | 446 | 187 | 187 |   0 |  1 |   0 |   0 | 7.789386e+03 | 7.249567e+03 |   7.45%| unknown
  0.2s|     1 |     2 |  2263 |     - |  5851k |   0 | 446 | 187 | 187 |   0 |  2 |   0 |  34 | 7.750871e+03 | 7.249567e+03 |   6.91%| unknown

SCIP Status        : solving was interrupted [node limit reached]
Solving Time (sec) : 0.23
Solving Nodes      : 1
Primal Bound       : +7.24956677101555e+03 (42 solutions)
Dual Bound         : +7.75087085458288e+03
Gap                : 6.91 %
