presolving:
(round 1, fast)       0 del vars, 1 del conss, 0 add conss, 0 chg bounds, 0 chg sides, 0 chg coeffs, 0 upgd conss, 0 impls, 193 clqs
   (0.0s) running MILP presolver
   (0.0s) MILP presolver (2 rounds): 0 aggregations, 14 fixings, 0 bound changes
(round 2, medium)     14 del vars, 1 del conss, 0 add conss, 0 chg bounds, 0 chg sides, 0 chg coeffs, 0 upgd conss, 0 impls, 193 clqs
(round 3, exhaustive) 14 del vars, 3 del conss, 0 add conss, 0 chg bounds, 2 chg sides, 0 chg coeffs, 0 upgd conss, 0 impls, 193 clqs
(round 4, exhaustive) 14 del vars, 3 del conss, 0 add conss, 0 chg bounds, 2 chg sides, 0 chg coeffs, 191 upgd conss, 0 impls, 193 clqs
(round 5, medium)     47 del vars, 3 del conss, 0 add conss, 0 chg bounds, 2 chg sides, 33 chg coeffs, 191 upgd conss, 0 impls, 193 clqs
(round 6, fast)       61 del vars, 4 del conss, 0 add conss, 0 chg bounds, 2 chg sides, 33 chg coeffs, 191 upgd conss, 0 impls, 192 clqs
(round 7, exhaustive) 61 del vars, 5 del conss, 0 add conss, 0 chg bounds, 2 chg sides, 33 chg coeffs, 191 upgd conss, 0 impls, 192 clqs
(round 8, exhaustive) 62 del vars, 5 del conss, 0 add conss, 0 chg bounds, 2 chg sides, 33 chg coeffs, 191 upgd conss, 0 impls, 192 clqs
   (0.0s) probing: 51/438 (11.6%) - 0 fixings, 0 aggregations, 0 implications, 0 bound changes
   (0.0s) probing aborted: 50/50 successive totally useless probings
   (0.0s) symmetry computation started: requiring (bin +, int +, cont +), (fixed: bin -, int -, cont -)
   (0.0s) no symmetry present (symcode time: 0.00)
presolving (9 rounds: 9 fast, 7 medium, 5 exhaustive):
 62 deleted vars, 5 deleted constraints, 0 added constraints, 0 tightened bounds, 0 added holes, 2 changed sides, 33 changed coefficients
 0 implications, 192 cliques
presolved problem has 438 variables (438 bin, 0 int, 0 impl, 0 cont) and 189 constraints
    189 constraints of type <setppc>
Presolving Time: 0.02

 time | node  | left  |LP iter|LP it/n|mem/heur|mdpt |vars |cons |rows |cuts |sepa|confs|strbr|  dualbound   | primalbound  |  gap   | compl. 
  0.1s|     1 |     0 |  1051 |     - |  5392k |   0 | 438 | 189 | 189 |   0 |  0 |   0 |   0 | 7.803396e+03 |      --      |    Inf | unknown
d 0.1s|     1 |     0 |  1051 |     - |coefdivi|   0 | 438 | 189 | 189 |   0 |  1 |   0 |   0 | 7.803396e+03 | 3.073795e+03 | 153.87%| unknown
d 0.1s|     1 |     0 |  1159 |     - |coefdivi|   0 | 438 | 189 | 189 |   0 |  1 |   0 |   0 | 7.803396e+03 | 3.376337e+03 | 131.12%| unknown
d 0.1s|     1 |     0 |  1214 |     - |coefdivi|   0 | 438 | 189 | 189 |   0 |  1 |   0 |   0 | 7.803396e+03 | 4.075418e+03 |  91.47%| unknown
d 0.1s|     1 |     0 |  1253 |     - |coefdivi|   0 | 438 | 189 | 189 |   0 |  1 |   0 |   0 | 7.803396e+03 | 6.908162e+03 |  12.96%| unknown
  0.1s|     1 |     0 |  1253 |     - |  5504k |   0 | 438 | 189 | 189 |   0 |  1 |   0 |   0 | 7.803396e+03 | 6.908162e+03 |  12.96%| unknown
  0.3s|     1 |     2 |  1253 |     - |  5708k |   0 | 438 | 189 | 189 |   0 |  2 |   0 |  19 | 7.764966e+03 | 6.908162e+03 |  12.40%| unknown

SCIP Status        : solving was interrupted [node limit reached]
Solving Time (sec) : 0.25
Solving Nodes      : 1
Primal Bound       : +6.90816152655681e+03 (32 solutions)
Dual Bound         : +7.76496584470728e+03
Gap                : 12.40 %
