presolving:
(round 1, fast)       0 del vars, 1 del conss, 0 add conss, 0 chg bounds, 0 chg sides, 0 chg coeffs, 0 upgd conss, 0 impls, 191 clqs
   (0.0s) running MILP presolver
   (0.0s) MILP presolver (2 rounds): 0 aggregations, 13 fixings, 0 bound changes
(round 2, medium)     13 del vars, 1 del conss, 0 add conss, 0 chg bounds, 0 chg sides, 0 chg coeffs, 0 upgd conss, 0 impls, 190 clqs
(round 3, fast)       13 del vars, 2 del conss, 0 add conss, 0 chg bounds, 0 chg sides, 0 chg coeffs, 0 upgd conss, 0 impls, 190 clqs
(round 4, exhaustive) 13 del vars, 6 del conss, 0 add conss, 0 chg bounds, 4 chg sides, 0 chg coeffs, 0 upgd conss, 0 impls, 190 clqs
(round 5, exhaustive) 13 del vars, 6 del conss, 0 add conss, 0 chg bounds, 4 chg sides, 0 chg coeffs, 186 upgd conss, 0 impls, 190 clqs
(round 6, medium)     43 del vars, 6 del conss, 0 add conss, 0 chg bounds, 4 chg sides, 30 chg coeffs, 186 upgd conss, 0 impls, 190 clqs
(round 7, fast)       48 del vars, 6 del conss, 0 add conss, 0 chg bounds, 4 chg sides, 30 chg coeffs, 186 upgd conss, 0 impls, 190 clqs
(round 8, exhaustive) 48 del vars, 7 del conss, 0 add conss, 0 chg bounds, 4 chg sides, 30 chg coeffs, 186 upgd conss, 0 impls, 190 clqs
   (0.0s) probing: 51/452 (11.3%) - 0 fixings, 0 aggregations, 0 implications, 0 bound changes
   (0.0s) probing aborted: 50/50 successive totally useless probings
   (0.0s) symmetry computation started: requiring (bin +, int +, cont +), (fixed: bin -, int -, cont -)
   (0.0s) no symmetry present (symcode time: 0.00)
presolving (9 rounds: 9 fast, 6 medium, 4 exhaustive):
 48 deleted vars, 7 deleted constraints, 0 added constraints, 0 tightened bounds, 0 added holes, 4 changed sides, 30 changed coefficients
 0 implications, 190 cliques
presolved problem has 452 variables (452 bin, 0 int, 0 impl, 0 cont) and 185 constraints
    185 constraints of type <setppc>
Presolving Time: 0.02

 time | node  | left  |LP iter|LP it/n|mem/heur|mdpt |vars |cons |rows |cuts |sepa|confs|strbr|  dualbound   | primalbound  |  gap   | compl. 
  0.1s|     1 |     0 |  1622 |     - |  5588k |   0 | 452 | 185 | 185 |   0 |  0 |   0 |   0 | 7.313663e+03 |      --      |    Inf | unknown
d 0.1s|     1 |     0 |  1622 |     - |coefdivi|   0 | 452 | 185 | 185 |   0 |  1 |   0 |   0 | 7.313663e+03 | 2.054129e+03 | 256.05%| unknown
d 0.1s|     1 |     0 |  1800 |     - |coefdivi|   0 | 452 | 185 | 185 |   0 |  1 |   0 |   0 | 7.313663e+03 | 3.076075e+03 | 137.76%| unknown
d 0.1s|     1 |     0 |  1870 |     - |coefdivi|   0 | 452 | 185 | 185 |   0 |  1 |   0 |   0 | 7.313663e+03 | 6.357530e+03 |  15.04%| unknown
  0.1s|     1 |     0 |  1870 |     - |  5724k |   0 | 452 | 185 | 185 |   0 |  1 |   0 |   0 | 7.313663e+03 | 6.357530e+03 |  15.04%| unknown
  0.3s|     1 |     2 |  1870 |     - |  5822k |   0 | 452 | 185 | 185 |   0 |  2 |   0 |  23 | 7.249270e+03 | 6.357530e+03 |  14.03%| unknown

SCIP Status        : solving was interrupted [node limit reached]
Solving Time (sec) : 0.34
Solving Nodes      : 1
Primal Bound       : +6.35752980544938e+03 (26 solutions)
Dual Bound         : +7.24927000424701e+03
Gap                : 14.03 %
