presolving:
   (0.0s) running MILP presolver
   (0.0s) MILP presolver (2 rounds): 0 aggregations, 11 fixings, 0 bound changes
(round 1, medium)     11 del vars, 0 del conss, 0 add conss, 0 chg bounds, 0 chg sides, 0 chg coeffs, 0 upgd conss, 0 impls, 190 clqs
(round 2, exhaustive) 11 del vars, 1 del conss, 0 add conss, 0 chg bounds, 1 chg sides, 0 chg coeffs, 0 upgd conss, 0 impls, 190 clqs
(round 3, exhaustive) 11 del vars, 1 del conss, 0 add conss, 0 chg bounds, 1 chg sides, 0 chg coeffs, 189 upgd conss, 0 impls, 190 clqs
(round 4, medium)     43 del vars, 1 del conss, 0 add conss, 0 chg bounds, 1 chg sides, 32 chg coeffs, 189 upgd conss, 0 impls, 190 clqs
(round 5, fast)       60 del vars, 3 del conss, 0 add conss, 0 chg bounds, 1 chg sides, 32 chg coeffs, 189 upgd conss, 0 impls, 188 clqs
(round 6, exhaustive) 60 del vars, 6 del conss, 0 add conss, 0 chg bounds, 1 chg sides, 32 chg coeffs, 189 upgd conss, 0 impls, 188 clqs
   (0.0s) probing: 51/440 (11.6%) - 0 fixings, 0 aggregations, 0 implications, 0 bound changes
   (0.0s) probing aborted: 50/50 successive totally useless probings
   (0.0s) symmetry computation started: requiring (bin +, int +, cont +), (fixed: bin -, int -, cont -)
   (0.0s) no symmetry present (symcode time: 0.00)
presolving (7 rounds: 7 fast, 6 medium, 4 exhaustive):
 60 deleted vars, 6 deleted constraints, 0 added constraints, 0 tightened bounds, 0 added holes, 1 changed sides, 32 changed coefficients
 0 implications, 188 cliques
presolved problem has 440 variables (440 bin, 0 int, 0 impl, 0 cont) and 184 constraints
    184 constraints of type <setppc>
Presolving Time: 0.03

 time | node  | left  |LP iter|LP it/n|mem/heur|mdpt |vars |cons |rows |cuts |sepa|confs|strbr|  dualbound   | primalbound  |  gap   | compl. 
  0.1s|     1 |     0 |  1565 |     - |  5437k |   0 | 440 | 184 | 184 |   0 |  0 |   0 |   0 | 7.666382e+03 |      --      |    Inf | unknown
d 0.1s|     1 |     0 |  1565 |     - |coefdivi|   0 | 440 | 184 | 184 |   0 |  1 |   0 |   0 | 7.666382e+03 | 2.366543e+03 | 223.95%| unknown
d 0.1s|     1 |     0 |  1697 |     - |coefdivi|   0 | 440 | 184 | 184 |   0 |  1 |   0 |   0 | 7.666382e+03 | 3.156962e+03 | 142.84%| unknown
d 0.1s|     1 |     0 |  1781 |     - |coefdivi|   0 | 440 | 184 | 184 |   0 |  1 |   0 |   0 | 7.666382e+03 | 5.029936e+03 |  52.42%| unknown
d 0.1s|     1 |     0 |  1785 |     - |coefdivi|   0 | 440 | 184 | 184 |   0 |  1 |   0 |   0 | 7.666382e+03 | 6.809331e+03 |  12.59%| unknown
  0.1s|     1 |     0 |  1785 |     - |  5577k |   0 | 440 | 184 | 184 |   0 |  1 |   0 |   0 | 7.666382e+03 | 6.809331e+03 |  12.59%| unknown
  0.3s|     1 |     2 |  1785 |     - |  5756k |   0 | 440 | 184 | 184 |   0 |  2 |   0 |  31 | 7.628239e+03 | 6.809331e+03 |  12.03%| unknown

SCIP Status        : solving was interrupted [node limit reached]
Solving Time (sec) : 0.30
Solving Nodes      : 1
Primal Bound       : +6.80933147138786e+03 (36 solutions)
Dual Bound         : +7.62823898063228e+03
Gap                : 12.03 %
