presolving:
(round 1, fast)       0 del vars, 1 del conss, 0 add conss, 0 chg bounds, 0 chg sides, 0 chg coeffs, 0 upgd conss, 0 impls, 194 clqs
   (0.0s) running MILP presolver
   (0.0s) MILP presolver (2 rounds): 0 aggregations, 14 fixings, 0 bound changes
(round 2, medium)     14 del vars, 1 del conss, 0 add conss, 0 chg bounds, 0 chg sides, 0 chg coeffs, 0 upgd conss, 0 impls, 194 clqs
(round 3, exhaustive) 14 del vars, 4 del conss, 0 add conss, 0 chg bounds, 3 chg sides, 0 chg coeffs, 0 upgd conss, 0 impls, 194 clqs
(round 4, exhaustive) 14 del vars, 4 del conss, 0 add conss, 0 chg bounds, 3 chg sides, 0 chg coeffs, 191 upgd conss, 0 impls, 194 clqs
(round 5, medium)     56 del vars, 4 del conss, 0 add conss, 0 chg bounds, 3 chg sides, 42 chg coeffs, 191 upgd conss, 0 impls, 194 clqs
(round 6, fast)       89 del vars, 6 del conss, 0 add conss, 0 chg bounds, 3 chg sides, 42 chg coeffs, 191 upgd conss, 0 impls, 192 clqs
   (0.0s) running MILP presolver
   (0.0s) MILP presolver (2 rounds): 0 aggregations, 2 fixings, 0 bound changes
(round 7, medium)     91 del vars, 7 del conss, 0 add conss, 0 chg bounds, 3 chg sides, 42 chg coeffs, 191 upgd conss, 0 impls, 191 clqs
(round 8, exhaustive) 91 del vars, 13 del conss, 0 add conss, 0 chg bounds, 3 chg sides, 42 chg coeffs, 191 upgd conss, 0 impls, 191 clqs
   (0.0s) probing: 51/409 (12.5%) - 0 fixings, 0 aggregations, 0 implications, 0 bound changes
   (0.0s) probing aborted: 50/50 successive totally useless probings
   (0.0s) symmetry computation started: requiring (bin +, int +, cont +), (fixed: bin -, int -, cont -)
   (0.0s) no symmetry present (symcode time: 0.00)
presolving (9 rounds: 9 fast, 7 medium, 4 exhaustive):
 91 deleted vars, 13 deleted constraints, 0 added constraints, 0 tightened bounds, 0 added holes, 3 changed sides, 42 changed coefficients
 0 implications, 191 cliques
presolved problem has 409 variables (409 bin, 0 int, 0 impl, 0 cont) and 182 constraints
    182 constraints of type <setppc>
Presolving Time: 0.05

 time | node  | left  |LP iter|LP it/n|mem/heur|mdpt |vars |cons |rows |cuts |sepa|confs|strbr|  dualbound   | primalbound  |  gap   | compl. 
  0.1s|     1 |     0 |  1332 |     - |  5176k |   0 | 409 | 182 | 182 |   0 |  0 |   0 |   0 | 7.457199e+03 |      --      |    Inf | unknown
d 0.1s|     1 |     0 |  1332 |     - |coefdivi|   0 | 409 | 182 | 182 |   0 |  1 |   0 |   0 | 7.457199e+03 | 2.966601e+03 | 151.37%| unknown
d 0.2s|     1 |     0 |  1453 |     - |coefdivi|   0 | 409 | 182 | 182 |   0 |  1 |   0 |   0 | 7.457199e+03 | 3.508752e+03 | 112.53%| unknown
d 0.2s|     1 |     0 |  1548 |     - |coefdivi|   0 | 409 | 182 | 182 |   0 |  1 |   0 |   0 | 7.457199e+03 | 4.448419e+03 |  67.64%| unknown
d 0.2s|     1 |     0 |  1631 |     - |coefdivi|   0 | 409 | 182 | 182 |   0 |  1 |   0 |   0 | 7.457199e+03 | 5.532107e+03 |  34.80%| unknown
d 0.2s|     1 |     0 |  1640 |     - |coefdivi|   0 | 409 | 182 | 182 |   0 |  1 |   0 |   0 | 7.457199e+03 | 6.867351e+03 |   8.59%| unknown
  0.2s|     1 |     0 |  1640 |     - |  5274k |   0 | 409 | 182 | 182 |   0 |  1 |   0 |   0 | 7.457199e+03 | 6.867351e+03 |   8.59%| unknown
  0.3s|     1 |     2 |  1640 |     - |  5346k |   0 | 409 | 182 | 182 |   0 |  2 |   0 |  19 | 7.414751e+03 | 6.867351e+03 |   7.97%| unknown

SCIP Status        : solving was interrupted [node limit reached]
Solving Time (sec) : 0.31
Solving Nodes      : 1
Primal Bound       : +6.86735122091756e+03 (24 solutions)
Dual Bound         : +7.41475065248123e+03
Gap                : 7.97 %
