presolving:
(round 1, fast)       1 del vars, 1 del conss, 0 add conss, 0 chg bounds, 0 chg sides, 0 chg coeffs, 0 upgd conss, 0 impls, 195 clqs
(round 2, fast)       2 del vars, 1 del conss, 0 add conss, 0 chg bounds, 0 chg sides, 0 chg coeffs, 0 upgd conss, 0 impls, 195 clqs
   (0.0s) running MILP presolver
   (0.0s) MILP presolver (2 rounds): 0 aggregations, 7 fixings, 0 bound changes
(round 3, medium)     9 del vars, 1 del conss, 0 add conss, 0 chg bounds, 0 chg sides, 0 chg coeffs, 0 upgd conss, 0 impls, 195 clqs
(round 4, exhaustive) 9 del vars, 4 del conss, 0 add conss, 0 chg bounds, 3 chg sides, 0 chg coeffs, 0 upgd conss, 0 impls, 195 clqs
(round 5, exhaustive) 9 del vars, 4 del conss, 0 add conss, 0 chg bounds, 3 chg sides, 0 chg coeffs, 192 upgd conss, 0 impls, 195 clqs
(round 6, medium)     35 del vars, 4 del conss, 0 add conss, 0 chg bounds, 3 chg sides, 26 chg coeffs, 192 upgd conss, 0 impls, 195 clqs
(round 7, fast)       47 del vars, 5 del conss, 0 add conss, 0 chg bounds, 3 chg sides, 26 chg coeffs, 192 upgd conss, 0 impls, 194 clqs
(round 8, exhaustive) 47 del vars, 6 del conss, 0 add conss, 0 chg bounds, 3 chg sides, 26 chg coeffs, 192 upgd conss, 0 impls, 194 clqs
   (0.0s) probing: 51/453 (11.3%) - 0 fixings, 0 aggregations, 0 implications, 0 bound changes
   (0.0s) probing aborted: 50/50 successive totally useless probings
   (0.0s) symmetry computation started: requiring (bin +, int +, cont +), (fixed: bin -, int -, cont -)
   (0.0s) no symmetry present (symcode time: 0.00)
presolving (9 rounds: 9 fast, 6 medium, 4 exhaustive):
 47 deleted vars, 6 deleted constraints, 0 added constraints, 0 tightened bounds, 0 added holes, 3 changed sides, 26 changed coefficients
 0 implications, 194 cliques
presolved problem has 453 variables (453 bin, 0 int, 0 impl, 0 cont) and 190 constraints
    190 constraints of type <setppc>
Presolving Time: 0.03

 time | node  | left  |LP iter|LP it/n|mem/heur|mdpt |vars |cons |rows |cuts |sepa|confs|strbr|  dualbound   | primalbound  |  gap   | compl. 
  0.1s|     1 |     0 |  1372 |     - |  5627k |   0 | 453 | 190 | 190 |   0 |  0 |   0 |   0 | 7.838270e+03 |      --      |    Inf | unknown
d 0.1s|     1 |     0 |  1372 |     - |coefdivi|   0 | 453 | 190 | 190 |   0 |  1 |   0 |   0 | 7.838270e+03 | 2.205530e+03 | 255.39%| unknown
d 0.2s|     1 |     0 |  1555 |     - |coefdivi|   0 | 453 | 190 | 190 |   0 |  1 |   0 |   0 | 7.838270e+03 | 3.314073e+03 | 136.51%| unknown
d 0.2s|     1 |     0 |  1620 |     - |coefdivi|   0 | 453 | 190 | 190 |   0 |  1 |   0 |   0 | 7.838270e+03 | 4.610856e+03 |  70.00%| unknown
d 0.2s|     1 |     0 |  1666 |     - |coefdivi|   0 | 453 | 190 | 190 |   0 |  1 |   0 |   0 | 7.838270e+03 | 7.117011e+03 |  10.13%| unknown
  0.2s|     1 |     0 |  1666 |     - |  5743k |   0 | 453 | 190 | 190 |   0 |  1 |   0 |   0 | 7.838270e+03 | 7.117011e+03 |  10.13%| unknown
  0.7s|     1 |     2 |  1666 |     - |  5902k |   0 | 453 | 190 | 190 |   0 |  2 |   0 |  41 | 7.808040e+03 | 7.117011e+03 |   9.71%| unknown

SCIP Status        : solving was interrupted [node limit reached]
Solving Time (sec) : 0.68
Solving Nodes      : 1
Primal Bound       : +7.11701098069106e+03 (46 solutions)
Dual Bound         : +7.80803994549117e+03
Gap                : 9.71 %
