presolving:
(round 1, fast)       0 del vars, 1 del conss, 0 add conss, 0 chg bounds, 0 chg sides, 0 chg coeffs, 0 upgd conss, 0 impls, 196 clqs
   (0.0s) running MILP presolver
   (0.0s) MILP presolver (2 rounds): 0 aggregations, 15 fixings, 0 bound changes
(round 2, medium)     15 del vars, 1 del conss, 0 add conss, 0 chg bounds, 0 chg sides, 0 chg coeffs, 0 upgd conss, 0 impls, 196 clqs
(round 3, exhaustive) 15 del vars, 6 del conss, 0 add conss, 0 chg bounds, 5 chg sides, 0 chg coeffs, 0 upgd conss, 0 impls, 196 clqs
(round 4, exhaustive) 15 del vars, 6 del conss, 0 add conss, 0 chg bounds, 5 chg sides, 0 chg coeffs, 191 upgd conss, 0 impls, 196 clqs
(round 5, medium)     46 del vars, 6 del conss, 0 add conss, 0 chg bounds, 5 chg sides, 31 chg coeffs, 191 upgd conss, 0 impls, 196 clqs
(round 6, fast)       61 del vars, 6 del conss, 0 add conss, 0 chg bounds, 5 chg sides, 31 chg coeffs, 191 upgd conss, 0 impls, 196 clqs
(round 7, exhaustive) 61 del vars, 13 del conss, 0 add conss, 0 chg bounds, 5 chg sides, 31 chg coeffs, 191 upgd conss, 0 impls, 196 clqs
(round 8, exhaustive) 62 del vars, 13 del conss, 0 add conss, 0 chg bounds, 5 chg sides, 31 chg coeffs, 191 upgd conss, 0 impls, 195 clqs
   (0.0s) probing: 51/438 (11.6%) - 0 fixings, 0 aggregations, 0 implications, 0 bound changes
   (0.0s) probing aborted: 50/50 successive totally useless probings
   (0.0s) symmetry computation started: requiring (bin +, int +, cont +), (fixed: bin -, int -, cont -)
   (0.0s) no symmetry present (symcode time: 0.00)
presolving (9 rounds: 9 fast, 7 medium, 5 exhaustive):
 62 deleted vars, 13 deleted constraints, 0 added constraints, 0 tightened bounds, 0 added holes, 5 changed sides, 31 changed coefficients
 0 implications, 195 cliques
presolved problem has 438 variables (438 bin, 0 int, 0 impl, 0 cont) and 184 constraints
    184 constraints of type <setppc>
Presolving Time: 0.02

 time | node  | left  |LP iter|LP it/n|mem/heur|mdpt |vars |cons |rows |cuts |sepa|confs|strbr|  dualbound   | primalbound  |  gap   | compl. 
  0.1s|     1 |     0 |  1522 |     - |  5326k |   0 | 438 | 184 | 184 |   0 |  0 |   0 |   0 | 7.546600e+03 |      --      |    Inf | unknown
d 0.1s|     1 |     0 |  1522 |     - |coefdivi|   0 | 438 | 184 | 184 |   0 |  1 |   0 |   0 | 7.546600e+03 | 2.200191e+03 | 243.00%| unknown
d 0.1s|     1 |     0 |  1725 |     - |coefdivi|   0 | 438 | 184 | 184 |   0 |  1 |   0 |   0 | 7.546600e+03 | 3.095995e+03 | 143.75%| unknown
d 0.1s|     1 |     0 |  1765 |     - |coefdivi|   0 | 438 | 184 | 184 |   0 |  1 |   0 |   0 | 7.546600e+03 | 3.620003e+03 | 108.47%| unknown
d 0.1s|     1 |     0 |  1788 |     - |coefdivi|   0 | 438 | 184 | 184 |   0 |  1 |   0 |   0 | 7.546600e+03 | 5.390689e+03 |  39.99%| unknown
d 0.1s|     1 |     0 |  1810 |     - |coefdivi|   0 | 438 | 184 | 184 |   0 |  1 |   0 |   0 | 7.546600e+03 | 6.489857e+03 |  16.28%| unknown
  0.1s|     1 |     0 |  1810 |     - |  5448k |   0 | 438 | 184 | 184 |   0 |  1 |   0 |   0 | 7.546600e+03 | 6.489857e+03 |  16.28%| unknown
  0.2s|     1 |     2 |  1810 |     - |  5531k |   0 | 438 | 184 | 184 |   0 |  2 |   0 |  19 | 7.497028e+03 | 6.489857e+03 |  15.52%| unknown

SCIP Status        : solving was interrupted [node limit reached]
Solving Time (sec) : 0.17
Solving Nodes      : 1
Primal Bound       : +6.48985719744511e+03 (23 solutions)
Dual Bound         : +7.49702815110644e+03
Gap                : 15.52 %
