presolving:
(round 1, fast)       1 del vars, 2 del conss, 0 add conss, 0 chg bounds, 0 chg sides, 0 chg coeffs, 0 upgd conss, 0 impls, 189 clqs
   (0.0s) running MILP presolver
   (0.0s) MILP presolver (2 rounds): 0 aggregations, 24 fixings, 0 bound changes
(round 2, medium)     25 del vars, 2 del conss, 0 add conss, 0 chg bounds, 0 chg sides, 0 chg coeffs, 0 upgd conss, 0 impls, 188 clqs
(round 3, fast)       25 del vars, 3 del conss, 0 add conss, 0 chg bounds, 0 chg sides, 0 chg coeffs, 0 upgd conss, 0 impls, 188 clqs
(round 4, exhaustive) 25 del vars, 11 del conss, 0 add conss, 0 chg bounds, 8 chg sides, 0 chg coeffs, 0 upgd conss, 0 impls, 188 clqs
(round 5, exhaustive) 25 del vars, 11 del conss, 0 add conss, 0 chg bounds, 8 chg sides, 0 chg coeffs, 180 upgd conss, 0 impls, 188 clqs
(round 6, medium)     63 del vars, 11 del conss, 0 add conss, 0 chg bounds, 8 chg sides, 38 chg coeffs, 180 upgd conss, 0 impls, 188 clqs
(round 7, fast)       83 del vars, 11 del conss, 0 add conss, 0 chg bounds, 8 chg sides, 38 chg coeffs, 180 upgd conss, 0 impls, 187 clqs
(round 8, exhaustive) 83 del vars, 16 del conss, 0 add conss, 0 chg bounds, 8 chg sides, 38 chg coeffs, 180 upgd conss, 0 impls, 187 clqs
   (0.0s) probing: 51/417 (12.2%) - 0 fixings, 0 aggregations, 0 implications, 0 bound changes
   (0.0s) probing aborted: 50/50 successive totally useless probings
   (0.0s) symmetry computation started: requiring (bin +, int +, cont +), (fixed: bin -, int -, cont -)
   (0.0s) no symmetry present (symcode time: 0.00)
presolving (9 rounds: 9 fast, 6 medium, 4 exhaustive):
 83 deleted vars, 16 deleted constraints, 0 added constraints, 0 tightened bounds, 0 added holes, 8 changed sides, 38 changed coefficients
 0 implications, 187 cliques
presolved problem has 417 variables (417 bin, 0 int, 0 impl, 0 cont) and 175 constraints
    175 constraints of type <setppc>
Presolving Time: 0.01

 time | node  | left  |LP iter|LP it/n|mem/heur|mdpt |vars |cons |rows |cuts |sepa|confs|strbr|  dualbound   | primalbound  |  gap   | compl. 
  0.1s|     1 |     0 |  1891 |     - |  5305k |   0 | 417 | 175 | 175 |   0 |  0 |   0 |   0 | 7.150068e+03 |      --      |    Inf | unknown
d 0.1s|     1 |     0 |  1891 |     - |coefdivi|   0 | 417 | 175 | 175 |   0 |  1 |   0 |   0 | 7.150068e+03 | 2.758806e+03 | 159.17%| unknown
d 0.1s|     1 |     0 |  1978 |     - |coefdivi|   0 | 417 | 175 | 175 |   0 |  1 |   0 |   0 | 7.150068e+03 | 3.545259e+03 | 101.68%| unknown
d 0.1s|     1 |     0 |  2055 |     - |coefdivi|   0 | 417 | 175 | 175 |   0 |  1 |   0 |   0 | 7.150068e+03 | 4.012308e+03 |  78.20%| unknown
d 0.1s|     1 |     0 |  2086 |     - |coefdivi|   0 | 417 | 175 | 175 |   0 |  1 |   0 |   0 | 7.150068e+03 | 6.117375e+03 |  16.88%| unknown
  0.1s|     1 |     0 |  2086 |     - |  5420k |   0 | 417 | 175 | 175 |   0 |  1 |   0 |   0 | 7.150068e+03 | 6.117375e+03 |  16.88%| unknown
  0.3s|     1 |     2 |  2086 |     - |  5643k |   0 | 417 | 175 | 175 |   0 |  2 |   0 |  36 | 7.082262e+03 | 6.117375e+03 |  15.77%| unknown

SCIP Status        : solving was interrupted [node limit reached]
Solving Time (sec) : 0.26
Solving Nodes      : 1
Primal Bound       : +6.11737519829348e+03 (44 solutions)
Dual Bound         : +7.08226177770107e+03
Gap                : 15.77 %
