presolving:
   (0.0s) running MILP presolver
   (0.0s) MILP presolver (2 rounds): 0 aggregations, 25 fixings, 0 bound changes
(round 1, medium)     25 del vars, 0 del conss, 0 add conss, 0 chg bounds, 0 chg sides, 0 chg coeffs, 0 upgd conss, 0 impls, 190 clqs
(round 2, fast)       25 del vars, 1 del conss, 0 add conss, 0 chg bounds, 0 chg sides, 0 chg coeffs, 0 upgd conss, 0 impls, 190 clqs
(round 3, exhaustive) 25 del vars, 8 del conss, 0 add conss, 0 chg bounds, 7 chg sides, 0 chg coeffs, 0 upgd conss, 0 impls, 190 clqs
(round 4, exhaustive) 25 del vars, 8 del conss, 0 add conss, 0 chg bounds, 7 chg sides, 0 chg coeffs, 183 upgd conss, 0 impls, 190 clqs
(round 5, medium)     66 del vars, 8 del conss, 0 add conss, 0 chg bounds, 7 chg sides, 41 chg coeffs, 183 upgd conss, 0 impls, 190 clqs
(round 6, fast)       92 del vars, 11 del conss, 0 add conss, 0 chg bounds, 7 chg sides, 41 chg coeffs, 183 upgd conss, 0 impls, 185 clqs
(round 7, exhaustive) 92 del vars, 18 del conss, 0 add conss, 0 chg bounds, 7 chg sides, 41 chg coeffs, 183 upgd conss, 0 impls, 185 clqs
(round 8, exhaustive) 93 del vars, 18 del conss, 0 add conss, 0 chg bounds, 7 chg sides, 41 chg coeffs, 183 upgd conss, 0 impls, 185 clqs
   (0.0s) probing: 51/407 (12.5%) - 0 fixings, 0 aggregations, 0 implications, 0 bound changes
   (0.0s) probing aborted: 50/50 successive totally useless probings
   (0.0s) symmetry computation started: requiring (bin +, int +, cont +), (fixed: bin -, int -, cont -)
   (0.0s) no symmetry present (symcode time: 0.00)
presolving (9 rounds: 9 fast, 7 medium, 5 exhaustive):
 93 deleted vars, 18 deleted constraints, 0 added constraints, 0 tightened bounds, 0 added holes, 7 changed sides, 41 changed coefficients
 0 implications, 185 cliques
presolved problem has 407 variables (407 bin, 0 int, 0 impl, 0 cont) and 173 constraints
    173 constraints of type <setppc>
Presolving Time: 0.02

 time | node  | left  |LP iter|LP it/n|mem/heur|mdpt |vars |cons |rows |cuts |sepa|confs|strbr|  dualbound   | primalbound  |  gap   | compl. 
  0.1s|     1 |     0 |   999 |     - |  5254k |   0 | 407 | 173 | 173 |   0 |  0 |   0 |   0 | 7.309671e+03 |      --      |    Inf | unknown
d 0.1s|     1 |     0 |   999 |     - |coefdivi|   0 | 407 | 173 | 173 |   0 |  1 |   0 |   0 | 7.309671e+03 | 2.996345e+03 | 143.95%| unknown
d 0.1s|     1 |     0 |  1181 |     - |coefdivi|   0 | 407 | 173 | 173 |   0 |  1 |   0 |   0 | 7.309671e+03 | 4.261446e+03 |  71.53%| unknown
d 0.1s|     1 |     0 |  1227 |     - |coefdivi|   0 | 407 | 173 | 173 |   0 |  1 |   0 |   0 | 7.309671e+03 | 6.441966e+03 |  13.47%| unknown
  0.1s|     1 |     0 |  1227 |     - |  5362k |   0 | 407 | 173 | 173 |   0 |  1 |   0 |   0 | 7.309671e+03 | 6.441966e+03 |  13.47%| unknown
  0.3s|     1 |     2 |  1227 |     - |  5518k |   0 | 407 | 173 | 173 |   0 |  2 |   0 |  29 | 7.273474e+03 | 6.441966e+03 |  12.91%| unknown

SCIP Status        : solving was interrupted [node limit reached]
Solving Time (sec) : 0.30
Solving Nodes      : 1
Primal Bound       : +6.44196615515615e+03 (32 solutions)
Dual Bound         : +7.27347432754557e+03
Gap                : 12.91 %
