presolving:
   (0.0s) running MILP presolver
   (0.0s) MILP presolver (2 rounds): 0 aggregations, 25 fixings, 0 bound changes
(round 1, medium)     25 del vars, 0 del conss, 0 add conss, 0 chg bounds, 0 chg sides, 0 chg coeffs, 0 upgd conss, 0 impls, 185 clqs
(round 2, fast)       25 del vars, 2 del conss, 0 add conss, 0 chg bounds, 0 chg sides, 0 chg coeffs, 0 upgd conss, 0 impls, 185 clqs
(round 3, exhaustive) 25 del vars, 4 del conss, 0 add conss, 0 chg bounds, 2 chg sides, 0 chg coeffs, 0 upgd conss, 0 impls, 185 clqs
(round 4, exhaustive) 25 del vars, 4 del conss, 0 add conss, 0 chg bounds, 2 chg sides, 0 chg coeffs, 183 upgd conss, 0 impls, 185 clqs
(round 5, medium)     73 del vars, 4 del conss, 0 add conss, 0 chg bounds, 2 chg sides, 48 chg coeffs, 183 upgd conss, 0 impls, 185 clqs
(round 6, fast)       96 del vars, 5 del conss, 0 add conss, 0 chg bounds, 2 chg sides, 48 chg coeffs, 183 upgd conss, 0 impls, 184 clqs
(round 7, exhaustive) 96 del vars, 6 del conss, 0 add conss, 0 chg bounds, 2 chg sides, 48 chg coeffs, 183 upgd conss, 0 impls, 184 clqs
   (0.0s) probing: 51/404 (12.6%) - 0 fixings, 0 aggregations, 0 implications, 0 bound changes
   (0.0s) probing aborted: 50/50 successive totally useless probings
   (0.0s) symmetry computation started: requiring (bin +, int +, cont +), (fixed: bin -, int -, cont -)
   (0.0s) no symmetry present (symcode time: 0.00)
presolving (8 rounds: 8 fast, 6 medium, 4 exhaustive):
 96 deleted vars, 6 deleted constraints, 0 added constraints, 0 tightened bounds, 0 added holes, 2 changed sides, 48 changed coefficients
 0 implications, 184 cliques
presolved problem has 404 variables (404 bin, 0 int, 0 impl, 0 cont) and 181 constraints
    181 constraints of type <setppc>
Presolving Time: 0.02

 time | node  | left  |LP iter|LP it/n|mem/heur|mdpt |vars |cons |rows |cuts |sepa|confs|strbr|  dualbound   | primalbound  |  gap   | compl. 
  0.1s|     1 |     0 |  1319 |     - |  5326k |   0 | 404 | 181 | 181 |   0 |  0 |   0 |   0 | 7.051608e+03 |      --      |    Inf | unknown
d 0.1s|     1 |     0 |  1319 |     - |coefdivi|   0 | 404 | 181 | 181 |   0 |  1 |   0 |   0 | 7.051608e+03 | 3.188208e+03 | 121.18%| unknown
d 0.1s|     1 |     0 |  1441 |     - |coefdivi|   0 | 404 | 181 | 181 |   0 |  1 |   0 |   0 | 7.051608e+03 | 3.692148e+03 |  90.99%| unknown
d 0.1s|     1 |     0 |  1528 |     - |coefdivi|   0 | 404 | 181 | 181 |   0 |  1 |   0 |   0 | 7.051608e+03 | 4.252885e+03 |  65.81%| unknown
d 0.1s|     1 |     0 |  1550 |     - |coefdivi|   0 | 404 | 181 | 181 |   0 |  1 |   0 |   0 | 7.051608e+03 | 4.776536e+03 |  47.63%| unknown
d 0.1s|     1 |     0 |  1565 |     - |coefdivi|   0 | 404 | 181 | 181 |   0 |  1 |   0 |   0 | 7.051608e+03 | 6.059584e+03 |  16.37%| unknown
  0.1s|     1 |     0 |  1565 |     - |  5419k |   0 | 404 | 181 | 181 |   0 |  1 |   0 |   0 | 7.051608e+03 | 6.059584e+03 |  16.37%| unknown
  0.2s|     1 |     2 |  1565 |     - |  5569k |   0 | 404 | 181 | 181 |   0 |  2 |   0 |  26 | 7.020031e+03 | 6.059584e+03 |  15.85%| unknown

SCIP Status        : solving was interrupted [node limit reached]
Solving Time (sec) : 0.23
Solving Nodes      : 1
Primal Bound       : +6.05958382430033e+03 (31 solutions)
Dual Bound         : +7.02003136695326e+03
Gap                : 15.85 %
