presolving:
(round 1, fast)       0 del vars, 1 del conss, 0 add conss, 0 chg bounds, 0 chg sides, 0 chg coeffs, 0 upgd conss, 0 impls, 191 clqs
(round 2, fast)       1 del vars, 1 del conss, 0 add conss, 0 chg bounds, 0 chg sides, 0 chg coeffs, 0 upgd conss, 0 impls, 191 clqs
   (0.0s) running MILP presolver
   (0.0s) MILP presolver (2 rounds): 0 aggregations, 17 fixings, 0 bound changes
(round 3, medium)     18 del vars, 1 del conss, 0 add conss, 0 chg bounds, 0 chg sides, 0 chg coeffs, 0 upgd conss, 0 impls, 191 clqs
(round 4, exhaustive) 18 del vars, 4 del conss, 0 add conss, 0 chg bounds, 3 chg sides, 0 chg coeffs, 0 upgd conss, 0 impls, 191 clqs
(round 5, exhaustive) 18 del vars, 4 del conss, 0 add conss, 0 chg bounds, 3 chg sides, 0 chg coeffs, 188 upgd conss, 0 impls, 191 clqs
(round 6, medium)     52 del vars, 4 del conss, 0 add conss, 0 chg bounds, 3 chg sides, 34 chg coeffs, 188 upgd conss, 0 impls, 191 clqs
(round 7, fast)       70 del vars, 6 del conss, 0 add conss, 0 chg bounds, 3 chg sides, 34 chg coeffs, 188 upgd conss, 0 impls, 188 clqs
(round 8, exhaustive) 70 del vars, 9 del conss, 0 add conss, 0 chg bounds, 3 chg sides, 34 chg coeffs, 188 upgd conss, 0 impls, 188 clqs
(round 9, exhaustive) 71 del vars, 9 del conss, 0 add conss, 0 chg bounds, 3 chg sides, 34 chg coeffs, 188 upgd conss, 0 impls, 188 clqs
   (0.0s) probing: 51/429 (11.9%) - 0 fixings, 0 aggregations, 0 implications, 0 bound changes
   (0.0s) probing aborted: 50/50 successive totally useless probings
   (0.0s) symmetry computation started: requiring (bin +, int +, cont +), (fixed: bin -, int -, cont -)
   (0.0s) no symmetry present (symcode time: 0.00)
presolving (10 rounds: 10 fast, 7 medium, 5 exhaustive):
 71 deleted vars, 9 deleted constraints, 0 added constraints, 0 tightened bounds, 0 added holes, 3 changed sides, 34 changed coefficients
 0 implications, 188 cliques
presolved problem has 429 variables (429 bin, 0 int, 0 impl, 0 cont) and 183 constraints
    183 constraints of type <setppc>
Presolving Time: 0.02

 time | node  | left  |LP iter|LP it/n|mem/heur|mdpt |vars |cons |rows |cuts |sepa|confs|strbr|  dualbound   | primalbound  |  gap   | compl. 
  0.1s|     1 |     0 |  1480 |     - |  5229k |   0 | 429 | 183 | 183 |   0 |  0 |   0 |   0 | 7.985744e+03 |      --      |    Inf | unknown
d 0.1s|     1 |     0 |  1480 |     - |coefdivi|   0 | 429 | 183 | 183 |   0 |  1 |   0 |   0 | 7.985744e+03 | 2.876940e+03 | 177.58%| unknown
d 0.1s|     1 |     0 |  1591 |     - |coefdivi|   0 | 429 | 183 | 183 |   0 |  1 |   0 |   0 | 7.985744e+03 | 3.849237e+03 | 107.46%| unknown
d 0.1s|     1 |     0 |  1679 |     - |coefdivi|   0 | 429 | 183 | 183 |   0 |  1 |   0 |   0 | 7.985744e+03 | 4.419725e+03 |  80.68%| unknown
d 0.1s|     1 |     0 |  1729 |     - |coefdivi|   0 | 429 | 183 | 183 |   0 |  1 |   0 |   0 | 7.985744e+03 | 5.970383e+03 |  33.76%| unknown
d 0.1s|     1 |     0 |  1733 |     - |coefdivi|   0 | 429 | 183 | 183 |   0 |  1 |   0 |   0 | 7.985744e+03 | 6.761404e+03 |  18.11%| unknown
  0.1s|     1 |     0 |  1733 |     - |  5339k |   0 | 429 | 183 | 183 |   0 |  1 |   0 |   0 | 7.985744e+03 | 6.761404e+03 |  18.11%| unknown
  0.2s|     1 |     2 |  1733 |     - |  5564k |   0 | 429 | 183 | 183 |   0 |  2 |   0 |  19 | 7.919112e+03 | 6.761404e+03 |  17.12%| unknown

SCIP Status        : solving was interrupted [node limit reached]
Solving Time (sec) : 0.19
Solving Nodes      : 1
Primal Bound       : +6.76140412039858e+03 (26 solutions)
Dual Bound         : +7.91911240595082e+03
Gap                : 17.12 %
