presolving:
   (0.0s) running MILP presolver
   (0.0s) MILP presolver (2 rounds): 0 aggregations, 10 fixings, 0 bound changes
(round 1, medium)     10 del vars, 0 del conss, 0 add conss, 0 chg bounds, 0 chg sides, 0 chg coeffs, 0 upgd conss, 0 impls, 192 clqs
(round 2, exhaustive) 10 del vars, 3 del conss, 0 add conss, 0 chg bounds, 3 chg sides, 0 chg coeffs, 0 upgd conss, 0 impls, 192 clqs
(round 3, exhaustive) 10 del vars, 3 del conss, 0 add conss, 0 chg bounds, 3 chg sides, 0 chg coeffs, 189 upgd conss, 0 impls, 192 clqs
(round 4, medium)     48 del vars, 3 del conss, 0 add conss, 0 chg bounds, 3 chg sides, 38 chg coeffs, 189 upgd conss, 0 impls, 192 clqs
(round 5, fast)       58 del vars, 3 del conss, 0 add conss, 0 chg bounds, 3 chg sides, 38 chg coeffs, 189 upgd conss, 0 impls, 192 clqs
(round 6, exhaustive) 58 del vars, 4 del conss, 0 add conss, 0 chg bounds, 3 chg sides, 38 chg coeffs, 189 upgd conss, 0 impls, 192 clqs
   (0.0s) probing: 51/442 (11.5%) - 0 fixings, 0 aggregations, 0 implications, 0 bound changes
   (0.0s) probing aborted: 50/50 successive totally useless probings
   (0.0s) symmetry computation started: requiring (bin +, int +, cont +), (fixed: bin -, int -, cont -)
   (0.0s) no symmetry present (symcode time: 0.00)
presolving (7 rounds: 7 fast, 6 medium, 4 exhaustive):
 58 deleted vars, 4 deleted constraints, 0 added constraints, 0 tightened bounds, 0 added holes, 3 changed sides, 38 changed coefficients
 0 implications, 192 cliques
presolved problem has 442 variables (442 bin, 0 int, 0 impl, 0 cont) and 188 constraints
    188 constraints of type <setppc>
Presolving Time: 0.02

 time | node  | left  |LP iter|LP it/n|mem/heur|mdpt |vars |cons |rows |cuts |sepa|confs|strbr|  dualbound   | primalbound  |  gap   | compl. 
  0.1s|     1 |     0 |  1384 |     - |  5539k |   0 | 442 | 188 | 188 |   0 |  0 |   0 |   0 | 7.674297e+03 |      --      |    Inf | unknown
d 0.1s|     1 |     0 |  1384 |     - |coefdivi|   0 | 442 | 188 | 188 |   0 |  1 |   0 |   0 | 7.674297e+03 | 3.010669e+03 | 154.90%| unknown
d 0.2s|     1 |     0 |  1545 |     - |coefdivi|   0 | 442 | 188 | 188 |   0 |  1 |   0 |   0 | 7.674297e+03 | 3.898455e+03 |  96.85%| unknown
d 0.2s|     1 |     0 |  1596 |     - |coefdivi|   0 | 442 | 188 | 188 |   0 |  1 |   0 |   0 | 7.674297e+03 | 4.138006e+03 |  85.46%| unknown
d 0.2s|     1 |     0 |  1605 |     - |coefdivi|   0 | 442 | 188 | 188 |   0 |  1 |   0 |   0 | 7.674297e+03 | 6.959649e+03 |  10.27%| unknown
  0.2s|     1 |     0 |  1605 |     - |  5647k |   0 | 442 | 188 | 188 |   0 |  1 |   0 |   0 | 7.674297e+03 | 6.959649e+03 |  10.27%| unknown
  0.5s|     1 |     2 |  1605 |     - |  5887k |   0 | 442 | 188 | 188 |   0 |  2 |   0 |  37 | 7.634110e+03 | 6.959649e+03 |   9.69%| unknown

SCIP Status        : solving was interrupted [node limit reached]
Solving Time (sec) : 0.52
Solving Nodes      : 1
Primal Bound       : +6.95964896233891e+03 (47 solutions)
Dual Bound         : +7.63411008148344e+03
Gap                : 9.69 %
