presolving:
   (0.0s) running MILP presolver
   (0.0s) MILP presolver (2 rounds): 0 aggregations, 23 fixings, 0 bound changes
(round 1, medium)     23 del vars, 0 del conss, 0 add conss, 0 chg bounds, 0 chg sides, 0 chg coeffs, 0 upgd conss, 0 impls, 193 clqs
(round 2, fast)       23 del vars, 1 del conss, 0 add conss, 0 chg bounds, 0 chg sides, 0 chg coeffs, 0 upgd conss, 0 impls, 193 clqs
(round 3, exhaustive) 23 del vars, 4 del conss, 0 add conss, 0 chg bounds, 3 chg sides, 0 chg coeffs, 0 upgd conss, 0 impls, 193 clqs
(round 4, exhaustive) 23 del vars, 4 del conss, 0 add conss, 0 chg bounds, 3 chg sides, 0 chg coeffs, 190 upgd conss, 0 impls, 193 clqs
(round 5, medium)     61 del vars, 4 del conss, 0 add conss, 0 chg bounds, 3 chg sides, 38 chg coeffs, 190 upgd conss, 0 impls, 193 clqs
(round 6, fast)       79 del vars, 5 del conss, 0 add conss, 0 chg bounds, 3 chg sides, 38 chg coeffs, 190 upgd conss, 0 impls, 192 clqs
(round 7, exhaustive) 79 del vars, 9 del conss, 0 add conss, 0 chg bounds, 3 chg sides, 38 chg coeffs, 190 upgd conss, 0 impls, 192 clqs
   (0.0s) probing: 51/421 (12.1%) - 0 fixings, 0 aggregations, 0 implications, 0 bound changes
   (0.0s) probing aborted: 50/50 successive totally useless probings
   (0.0s) symmetry computation started: requiring (bin +, int +, cont +), (fixed: bin -, int -, cont -)
   (0.0s) no symmetry present (symcode time: 0.00)
presolving (8 rounds: 8 fast, 6 medium, 4 exhaustive):
 79 deleted vars, 9 deleted constraints, 0 added constraints, 0 tightened bounds, 0 added holes, 3 changed sides, 38 changed coefficients
 0 implications, 192 cliques
presolved problem has 421 variables (421 bin, 0 int, 0 impl, 0 cont) and 185 constraints
    185 constraints of type <setppc>
Presolving Time: 0.02

 time | node  | left  |LP iter|LP it/n|mem/heur|mdpt |vars |cons |rows |cuts |sepa|confs|strbr|  dualbound   | primalbound  |  gap   | compl. 
  0.1s|     1 |     0 |  1565 |     - |  5193k |   0 | 421 | 185 | 185 |   0 |  0 |   0 |   0 | 8.117104e+03 |      --      |    Inf | unknown
d 0.1s|     1 |     0 |  1565 |     - |coefdivi|   0 | 421 | 185 | 185 |   0 |  1 |   0 |   0 | 8.117104e+03 | 3.014662e+03 | 169.25%| unknown
d 0.1s|     1 |     0 |  1668 |     - |coefdivi|   0 | 421 | 185 | 185 |   0 |  1 |   0 |   0 | 8.117104e+03 | 3.417342e+03 | 137.53%| unknown
d 0.1s|     1 |     0 |  1844 |     - |coefdivi|   0 | 421 | 185 | 185 |   0 |  1 |   0 |   0 | 8.117104e+03 | 4.377034e+03 |  85.45%| unknown
d 0.1s|     1 |     0 |  1857 |     - |coefdivi|   0 | 421 | 185 | 185 |   0 |  1 |   0 |   0 | 8.117104e+03 | 7.378411e+03 |  10.01%| unknown
  0.1s|     1 |     0 |  1857 |     - |  5276k |   0 | 421 | 185 | 185 |   0 |  1 |   0 |   0 | 8.117104e+03 | 7.378411e+03 |  10.01%| unknown
  0.2s|     1 |     2 |  1857 |     - |  5461k |   0 | 421 | 185 | 185 |   0 |  2 |   0 |  30 | 8.075422e+03 | 7.378411e+03 |   9.45%| unknown

SCIP Status        : solving was interrupted [node limit reached]
Solving Time (sec) : 0.22
Solving Nodes      : 1
Primal Bound       : +7.37841103629300e+03 (37 solutions)
Dual Bound         : +8.07542187576225e+03
Gap                : 9.45 %
