presolving:
(round 1, fast)       1 del vars, 1 del conss, 0 add conss, 0 chg bounds, 0 chg sides, 0 chg coeffs, 0 upgd conss, 0 impls, 188 clqs
(round 2, fast)       2 del vars, 1 del conss, 0 add conss, 0 chg bounds, 0 chg sides, 0 chg coeffs, 0 upgd conss, 0 impls, 188 clqs
   (0.0s) running MILP presolver
   (0.0s) MILP presolver (2 rounds): 0 aggregations, 13 fixings, 0 bound changes
(round 3, medium)     15 del vars, 1 del conss, 0 add conss, 0 chg bounds, 0 chg sides, 0 chg coeffs, 0 upgd conss, 0 impls, 188 clqs
(round 4, exhaustive) 15 del vars, 7 del conss, 0 add conss, 0 chg bounds, 6 chg sides, 0 chg coeffs, 0 upgd conss, 0 impls, 188 clqs
(round 5, exhaustive) 15 del vars, 7 del conss, 0 add conss, 0 chg bounds, 6 chg sides, 0 chg coeffs, 182 upgd conss, 0 impls, 188 clqs
(round 6, medium)     54 del vars, 7 del conss, 0 add conss, 0 chg bounds, 6 chg sides, 39 chg coeffs, 182 upgd conss, 0 impls, 188 clqs
(round 7, fast)       77 del vars, 10 del conss, 0 add conss, 0 chg bounds, 6 chg sides, 39 chg coeffs, 182 upgd conss, 0 impls, 185 clqs
(round 8, exhaustive) 77 del vars, 12 del conss, 0 add conss, 0 chg bounds, 6 chg sides, 39 chg coeffs, 182 upgd conss, 0 impls, 185 clqs
   (0.0s) probing: 51/423 (12.1%) - 0 fixings, 0 aggregations, 0 implications, 0 bound changes
   (0.0s) probing aborted: 50/50 successive totally useless probings
   (0.0s) symmetry computation started: requiring (bin +, int +, cont +), (fixed: bin -, int -, cont -)
   (0.0s) no symmetry present (symcode time: 0.00)
presolving (9 rounds: 9 fast, 6 medium, 4 exhaustive):
 77 deleted vars, 12 deleted constraints, 0 added constraints, 0 tightened bounds, 0 added holes, 6 changed sides, 39 changed coefficients
 0 implications, 185 cliques
presolved problem has 423 variables (423 bin, 0 int, 0 impl, 0 cont) and 177 constraints
    177 constraints of type <setppc>
Presolving Time: 0.02

 time | node  | left  |LP iter|LP it/n|mem/heur|mdpt |vars |cons |rows |cuts |sepa|confs|strbr|  dualbound   | primalbound  |  gap   | compl. 
  0.1s|     1 |     0 |  1651 |     - |  5568k |   0 | 423 | 177 | 177 |   0 |  0 |   0 |   0 | 7.588908e+03 |      --      |    Inf | unknown
d 0.1s|     1 |     0 |  1651 |     - |coefdivi|   0 | 423 | 177 | 177 |   0 |  1 |   0 |   0 | 7.588908e+03 | 2.891733e+03 | 162.43%| unknown
d 0.1s|     1 |     0 |  1859 |     - |coefdivi|   0 | 423 | 177 | 177 |   0 |  1 |   0 |   0 | 7.588908e+03 | 3.883762e+03 |  95.40%| unknown
d 0.1s|     1 |     0 |  1919 |     - |coefdivi|   0 | 423 | 177 | 177 |   0 |  1 |   0 |   0 | 7.588908e+03 | 6.982845e+03 |   8.68%| unknown
  0.1s|     1 |     0 |  1919 |     - |  5677k |   0 | 423 | 177 | 177 |   0 |  1 |   0 |   0 | 7.588908e+03 | 6.982845e+03 |   8.68%| unknown
  0.4s|     1 |     2 |  1919 |     - |  5834k |   0 | 423 | 177 | 177 |   0 |  2 |   0 |  29 | 7.564821e+03 | 6.982845e+03 |   8.33%| unknown

SCIP Status        : solving was interrupted [node limit reached]
Solving Time (sec) : 0.38
Solving Nodes      : 1
Primal Bound       : +6.98284466552143e+03 (33 solutions)
Dual Bound         : +7.56482059719382e+03
Gap                : 8.33 %
