presolving:
   (0.0s) running MILP presolver
   (0.0s) MILP presolver (2 rounds): 0 aggregations, 10 fixings, 0 bound changes
(round 1, medium)     10 del vars, 0 del conss, 0 add conss, 0 chg bounds, 0 chg sides, 0 chg coeffs, 0 upgd conss, 0 impls, 186 clqs
(round 2, fast)       10 del vars, 1 del conss, 0 add conss, 0 chg bounds, 0 chg sides, 0 chg coeffs, 0 upgd conss, 0 impls, 186 clqs
(round 3, exhaustive) 10 del vars, 1 del conss, 0 add conss, 0 chg bounds, 0 chg sides, 0 chg coeffs, 186 upgd conss, 0 impls, 186 clqs
(round 4, medium)     45 del vars, 1 del conss, 0 add conss, 0 chg bounds, 0 chg sides, 35 chg coeffs, 186 upgd conss, 0 impls, 186 clqs
(round 5, fast)       56 del vars, 1 del conss, 0 add conss, 0 chg bounds, 0 chg sides, 35 chg coeffs, 186 upgd conss, 0 impls, 186 clqs
(round 6, exhaustive) 56 del vars, 2 del conss, 0 add conss, 0 chg bounds, 0 chg sides, 35 chg coeffs, 186 upgd conss, 0 impls, 186 clqs
   (0.0s) probing: 51/444 (11.5%) - 0 fixings, 0 aggregations, 0 implications, 0 bound changes
   (0.0s) probing aborted: 50/50 successive totally useless probings
   (0.0s) symmetry computation started: requiring (bin +, int +, cont +), (fixed: bin -, int -, cont -)
   (0.0s) no symmetry present (symcode time: 0.00)
presolving (7 rounds: 7 fast, 5 medium, 3 exhaustive):
 56 deleted vars, 2 deleted constraints, 0 added constraints, 0 tightened bounds, 0 added holes, 0 changed sides, 35 changed coefficients
 0 implications, 186 cliques
presolved problem has 444 variables (444 bin, 0 int, 0 impl, 0 cont) and 185 constraints
    185 constraints of type <setppc>
Presolving Time: 0.03

 time | node  | left  |LP iter|LP it/n|mem/heur|mdpt |vars |cons |rows |cuts |sepa|confs|strbr|  dualbound   | primalbound  |  gap   | compl. 
  0.1s|     1 |     0 |  1504 |     - |  5486k |   0 | 444 | 185 | 185 |   0 |  0 |   0 |   0 | 7.039413e+03 |      --      |    Inf | unknown
d 0.1s|     1 |     0 |  1504 |     - |coefdivi|   0 | 444 | 185 | 185 |   0 |  1 |   0 |   0 | 7.039413e+03 | 2.189525e+03 | 221.50%| unknown
d 0.1s|     1 |     0 |  1607 |     - |coefdivi|   0 | 444 | 185 | 185 |   0 |  1 |   0 |   0 | 7.039413e+03 | 2.826752e+03 | 149.03%| unknown
d 0.1s|     1 |     0 |  1742 |     - |coefdivi|   0 | 444 | 185 | 185 |   0 |  1 |   0 |   0 | 7.039413e+03 | 3.203397e+03 | 119.75%| unknown
d 0.1s|     1 |     0 |  1803 |     - |coefdivi|   0 | 444 | 185 | 185 |   0 |  1 |   0 |   0 | 7.039413e+03 | 3.612341e+03 |  94.87%| unknown
d 0.1s|     1 |     0 |  1830 |     - |coefdivi|   0 | 444 | 185 | 185 |   0 |  1 |   0 |   0 | 7.039413e+03 | 5.869371e+03 |  19.93%| unknown
  0.1s|     1 |     0 |  1830 |     - |  5592k |   0 | 444 | 185 | 185 |   0 |  1 |   0 |   0 | 7.039413e+03 | 5.869371e+03 |  19.93%| unknown
  0.3s|     1 |     2 |  1830 |     - |  5684k |   0 | 444 | 185 | 185 |   0 |  2 |   0 |  20 | 6.972200e+03 | 5.869371e+03 |  18.79%| unknown

SCIP Status        : solving was interrupted [node limit reached]
Solving Time (sec) : 0.28
Solving Nodes      : 1
Primal Bound       : +5.86937118296105e+03 (26 solutions)
Dual Bound         : +6.97220015597209e+03
Gap                : 18.79 %
