presolving:
   (0.0s) running MILP presolver
   (0.0s) MILP presolver (2 rounds): 0 aggregations, 27 fixings, 0 bound changes
(round 1, medium)     27 del vars, 0 del conss, 0 add conss, 0 chg bounds, 0 chg sides, 0 chg coeffs, 0 upgd conss, 0 impls, 183 clqs
(round 2, fast)       27 del vars, 1 del conss, 0 add conss, 0 chg bounds, 0 chg sides, 0 chg coeffs, 0 upgd conss, 0 impls, 183 clqs
(round 3, exhaustive) 27 del vars, 8 del conss, 0 add conss, 0 chg bounds, 7 chg sides, 0 chg coeffs, 0 upgd conss, 0 impls, 183 clqs
(round 4, exhaustive) 27 del vars, 8 del conss, 0 add conss, 0 chg bounds, 7 chg sides, 0 chg coeffs, 176 upgd conss, 0 impls, 183 clqs
(round 5, medium)     71 del vars, 8 del conss, 0 add conss, 0 chg bounds, 7 chg sides, 44 chg coeffs, 176 upgd conss, 0 impls, 183 clqs
(round 6, fast)       99 del vars, 9 del conss, 0 add conss, 0 chg bounds, 7 chg sides, 44 chg coeffs, 176 upgd conss, 0 impls, 180 clqs
   (0.0s) running MILP presolver
   (0.0s) MILP presolver (2 rounds): 0 aggregations, 1 fixings, 0 bound changes
(round 7, medium)     100 del vars, 9 del conss, 0 add conss, 0 chg bounds, 7 chg sides, 44 chg coeffs, 176 upgd conss, 0 impls, 180 clqs
(round 8, exhaustive) 100 del vars, 12 del conss, 0 add conss, 0 chg bounds, 7 chg sides, 44 chg coeffs, 176 upgd conss, 0 impls, 180 clqs
   (0.0s) probing: 51/400 (12.8%) - 0 fixings, 0 aggregations, 0 implications, 0 bound changes
   (0.0s) probing aborted: 50/50 successive totally useless probings
   (0.0s) symmetry computation started: requiring (bin +, int +, cont +), (fixed: bin -, int -, cont -)
   (0.0s) no symmetry present (symcode time: 0.00)
presolving (9 rounds: 9 fast, 7 medium, 4 exhaustive):
 100 deleted vars, 12 deleted constraints, 0 added constraints, 0 tightened bounds, 0 added holes, 7 changed sides, 44 changed coefficients
 0 implications, 180 cliques
presolved problem has 400 variables (400 bin, 0 int, 0 impl, 0 cont) and 172 constraints
    172 constraints of type <setppc>
Presolving Time: 0.02

 time | node  | left  |LP iter|LP it/n|mem/heur|mdpt |vars |cons |rows |cuts |sepa|confs|strbr|  dualbound   | primalbound  |  gap   | compl. 
  0.1s|     1 |     0 |  1208 |     - |  5210k |   0 | 400 | 172 | 172 |   0 |  0 |   0 |   0 | 7.822142e+03 |      --      |    Inf | unknown
d 0.1s|     1 |     0 |  1208 |     - |coefdivi|   0 | 400 | 172 | 172 |   0 |  1 |   0 |   0 | 7.822142e+03 | 3.608709e+03 | 116.76%| unknown
d 0.1s|     1 |     0 |  1275 |     - |coefdivi|   0 | 400 | 172 | 172 |   0 |  1 |   0 |   0 | 7.822142e+03 | 7.618781e+03 |   2.67%| unknown
  0.1s|     1 |     0 |  1275 |     - |  5299k |   0 | 400 | 172 | 172 |   0 |  1 |   0 |   0 | 7.822142e+03 | 7.618781e+03 |   2.67%| unknown
  0.1s|     1 |     0 |  1275 |     - |  5299k |   0 | 400 | 172 | 172 |   0 |  1 |   0 |   0 | 7.822142e+03 | 7.618781e+03 |   2.67%| unknown

SCIP Status        : solving was interrupted [node limit reached]
Solving Time (sec) : 0.07
Solving Nodes      : 1
Primal Bound       : +7.61878085874107e+03 (2 solutions)
Dual Bound         : +7.82214198575097e+03
Gap                : 2.67 %
