presolving:
(round 1, fast)       1 del vars, 2 del conss, 0 add conss, 0 chg bounds, 0 chg sides, 0 chg coeffs, 0 upgd conss, 0 impls, 190 clqs
(round 2, fast)       2 del vars, 2 del conss, 0 add conss, 0 chg bounds, 0 chg sides, 0 chg coeffs, 0 upgd conss, 0 impls, 190 clqs
   (0.0s) running MILP presolver
   (0.0s) MILP presolver (2 rounds): 0 aggregations, 21 fixings, 0 bound changes
(round 3, medium)     23 del vars, 2 del conss, 0 add conss, 0 chg bounds, 0 chg sides, 0 chg coeffs, 0 upgd conss, 0 impls, 190 clqs
(round 4, exhaustive) 23 del vars, 9 del conss, 0 add conss, 0 chg bounds, 7 chg sides, 0 chg coeffs, 0 upgd conss, 0 impls, 190 clqs
(round 5, exhaustive) 23 del vars, 9 del conss, 0 add conss, 0 chg bounds, 7 chg sides, 0 chg coeffs, 183 upgd conss, 0 impls, 190 clqs
(round 6, medium)     63 del vars, 9 del conss, 0 add conss, 0 chg bounds, 7 chg sides, 40 chg coeffs, 183 upgd conss, 0 impls, 190 clqs
(round 7, fast)       83 del vars, 10 del conss, 0 add conss, 0 chg bounds, 7 chg sides, 40 chg coeffs, 183 upgd conss, 0 impls, 188 clqs
(round 8, exhaustive) 83 del vars, 18 del conss, 0 add conss, 0 chg bounds, 7 chg sides, 40 chg coeffs, 183 upgd conss, 0 impls, 188 clqs
(round 9, exhaustive) 84 del vars, 18 del conss, 0 add conss, 0 chg bounds, 7 chg sides, 40 chg coeffs, 183 upgd conss, 0 impls, 187 clqs
   (0.0s) probing: 51/416 (12.3%) - 0 fixings, 0 aggregations, 0 implications, 0 bound changes
   (0.0s) probing aborted: 50/50 successive totally useless probings
   (0.0s) symmetry computation started: requiring (bin +, int +, cont +), (fixed: bin -, int -, cont -)
   (0.0s) no symmetry present (symcode time: 0.00)
presolving (10 rounds: 10 fast, 7 medium, 5 exhaustive):
 84 deleted vars, 18 deleted constraints, 0 added constraints, 0 tightened bounds, 0 added holes, 7 changed sides, 40 changed coefficients
 0 implications, 187 cliques
presolved problem has 416 variables (416 bin, 0 int, 0 impl, 0 cont) and 174 constraints
    174 constraints of type <setppc>
Presolving Time: 0.02

 time | node  | left  |LP iter|LP it/n|mem/heur|mdpt |vars |cons |rows |cuts |sepa|confs|strbr|  dualbound   | primalbound  |  gap   | compl. 
  0.1s|     1 |     0 |  1380 |     - |  5204k |   0 | 416 | 174 | 174 |   0 |  0 |   0 |   0 | 7.476429e+03 |      --      |    Inf | unknown
d 0.1s|     1 |     0 |  1380 |     - |coefdivi|   0 | 416 | 174 | 174 |   0 |  1 |   0 |   0 | 7.476429e+03 | 3.447937e+03 | 116.84%| unknown
d 0.1s|     1 |     0 |  1448 |     - |coefdivi|   0 | 416 | 174 | 174 |   0 |  1 |   0 |   0 | 7.476429e+03 | 3.489097e+03 | 114.28%| unknown
d 0.1s|     1 |     0 |  1502 |     - |coefdivi|   0 | 416 | 174 | 174 |   0 |  1 |   0 |   0 | 7.476429e+03 | 4.977675e+03 |  50.20%| unknown
d 0.1s|     1 |     0 |  1513 |     - |coefdivi|   0 | 416 | 174 | 174 |   0 |  1 |   0 |   0 | 7.476429e+03 | 6.462078e+03 |  15.70%| unknown
d 0.1s|     1 |     0 |  1515 |     - |coefdivi|   0 | 416 | 174 | 174 |   0 |  1 |   0 |   0 | 7.476429e+03 | 6.846357e+03 |   9.20%| unknown
  0.1s|     1 |     0 |  1515 |     - |  5316k |   0 | 416 | 174 | 174 |   0 |  1 |   0 |   0 | 7.476429e+03 | 6.846357e+03 |   9.20%| unknown
  0.2s|     1 |     2 |  1515 |     - |  5602k |   0 | 416 | 174 | 174 |   0 |  2 |   0 |  32 | 7.455249e+03 | 6.846357e+03 |   8.89%| unknown

SCIP Status        : solving was interrupted [node limit reached]
Solving Time (sec) : 0.19
Solving Nodes      : 1
Primal Bound       : +6.84635691120012e+03 (48 solutions)
Dual Bound         : +7.45524896863606e+03
Gap                : 8.89 %
