presolving:
(round 1, fast)       0 del vars, 1 del conss, 0 add conss, 0 chg bounds, 0 chg sides, 0 chg coeffs, 0 upgd conss, 0 impls, 192 clqs
   (0.0s) running MILP presolver
   (0.0s) MILP presolver (2 rounds): 0 aggregations, 15 fixings, 0 bound changes
(round 2, medium)     15 del vars, 1 del conss, 0 add conss, 0 chg bounds, 0 chg sides, 0 chg coeffs, 0 upgd conss, 0 impls, 192 clqs
(round 3, exhaustive) 15 del vars, 3 del conss, 0 add conss, 0 chg bounds, 2 chg sides, 0 chg coeffs, 0 upgd conss, 0 impls, 192 clqs
(round 4, exhaustive) 15 del vars, 3 del conss, 0 add conss, 0 chg bounds, 2 chg sides, 0 chg coeffs, 190 upgd conss, 0 impls, 192 clqs
(round 5, medium)     47 del vars, 3 del conss, 0 add conss, 0 chg bounds, 2 chg sides, 32 chg coeffs, 190 upgd conss, 0 impls, 192 clqs
(round 6, fast)       67 del vars, 4 del conss, 0 add conss, 0 chg bounds, 2 chg sides, 32 chg coeffs, 190 upgd conss, 0 impls, 191 clqs
(round 7, exhaustive) 67 del vars, 6 del conss, 0 add conss, 0 chg bounds, 2 chg sides, 32 chg coeffs, 190 upgd conss, 0 impls, 191 clqs
   (0.0s) probing: 51/433 (11.8%) - 0 fixings, 0 aggregations, 0 implications, 0 bound changes
   (0.0s) probing aborted: 50/50 successive totally useless probings
   (0.0s) symmetry computation started: requiring (bin +, int +, cont +), (fixed: bin -, int -, cont -)
   (0.0s) no symmetry present (symcode time: 0.00)
presolving (8 rounds: 8 fast, 6 medium, 4 exhaustive):
 67 deleted vars, 6 deleted constraints, 0 added constraints, 0 tightened bounds, 0 added holes, 2 changed sides, 32 changed coefficients
 0 implications, 191 cliques
presolved problem has 433 variables (433 bin, 0 int, 0 impl, 0 cont) and 187 constraints
    187 constraints of type <setppc>
Presolving Time: 0.01

 time | node  | left  |LP iter|LP it/n|mem/heur|mdpt |vars |cons |rows |cuts |sepa|confs|strbr|  dualbound   | primalbound  |  gap   | compl. 
  0.1s|     1 |     0 |  1122 |     - |  5324k |   0 | 433 | 187 | 187 |   0 |  0 |   0 |   0 | 7.432968e+03 |      --      |    Inf | unknown
d 0.1s|     1 |     0 |  1122 |     - |coefdivi|   0 | 433 | 187 | 187 |   0 |  1 |   0 |   0 | 7.432968e+03 | 2.701419e+03 | 175.15%| unknown
d 0.1s|     1 |     0 |  1314 |     - |coefdivi|   0 | 433 | 187 | 187 |   0 |  1 |   0 |   0 | 7.432968e+03 | 3.287903e+03 | 126.07%| unknown
d 0.1s|     1 |     0 |  1390 |     - |coefdivi|   0 | 433 | 187 | 187 |   0 |  1 |   0 |   0 | 7.432968e+03 | 4.521897e+03 |  64.38%| unknown
d 0.1s|     1 |     0 |  1409 |     - |coefdivi|   0 | 433 | 187 | 187 |   0 |  1 |   0 |   0 | 7.432968e+03 | 6.975981e+03 |   6.55%| unknown
  0.1s|     1 |     0 |  1409 |     - |  5435k |   0 | 433 | 187 | 187 |   0 |  1 |   0 |   0 | 7.432968e+03 | 6.975981e+03 |   6.55%| unknown
  0.1s|     1 |     2 |  1409 |     - |  5531k |   0 | 433 | 187 | 187 |   0 |  2 |   0 |  19 | 7.407230e+03 | 6.975981e+03 |   6.18%| unknown

SCIP Status        : solving was interrupted [node limit reached]
Solving Time (sec) : 0.15
Solving Nodes      : 1
Primal Bound       : +6.97598064385217e+03 (23 solutions)
Dual Bound         : +7.40722960536457e+03
Gap                : 6.18 %
