presolving:
   (0.0s) running MILP presolver
   (0.0s) MILP presolver (2 rounds): 0 aggregations, 10 fixings, 0 bound changes
(round 1, medium)     10 del vars, 0 del conss, 0 add conss, 0 chg bounds, 0 chg sides, 0 chg coeffs, 0 upgd conss, 0 impls, 197 clqs
(round 2, exhaustive) 10 del vars, 0 del conss, 0 add conss, 0 chg bounds, 0 chg sides, 0 chg coeffs, 197 upgd conss, 0 impls, 197 clqs
(round 3, medium)     52 del vars, 0 del conss, 0 add conss, 0 chg bounds, 0 chg sides, 42 chg coeffs, 197 upgd conss, 0 impls, 197 clqs
(round 4, fast)       68 del vars, 2 del conss, 0 add conss, 0 chg bounds, 0 chg sides, 42 chg coeffs, 197 upgd conss, 0 impls, 195 clqs
(round 5, exhaustive) 68 del vars, 5 del conss, 0 add conss, 0 chg bounds, 0 chg sides, 42 chg coeffs, 197 upgd conss, 0 impls, 195 clqs
   (0.0s) probing: 51/432 (11.8%) - 0 fixings, 0 aggregations, 0 implications, 0 bound changes
   (0.0s) probing aborted: 50/50 successive totally useless probings
   (0.0s) symmetry computation started: requiring (bin +, int +, cont +), (fixed: bin -, int -, cont -)
   (0.0s) no symmetry present (symcode time: 0.00)
presolving (6 rounds: 6 fast, 5 medium, 3 exhaustive):
 68 deleted vars, 5 deleted constraints, 0 added constraints, 0 tightened bounds, 0 added holes, 0 changed sides, 42 changed coefficients
 0 implications, 195 cliques
presolved problem has 432 variables (432 bin, 0 int, 0 impl, 0 cont) and 192 constraints
    192 constraints of type <setppc>
Presolving Time: 0.01

 time | node  | left  |LP iter|LP it/n|mem/heur|mdpt |vars |cons |rows |cuts |sepa|confs|strbr|  dualbound   | primalbound  |  gap   | compl. 
  0.1s|     1 |     0 |  1782 |     - |  5271k |   0 | 432 | 192 | 192 |   0 |  0 |   0 |   0 | 8.394238e+03 |      --      |    Inf | unknown
d 0.1s|     1 |     0 |  1782 |     - |coefdivi|   0 | 432 | 192 | 192 |   0 |  1 |   0 |   0 | 8.394238e+03 | 3.291794e+03 | 155.00%| unknown
d 0.1s|     1 |     0 |  1912 |     - |coefdivi|   0 | 432 | 192 | 192 |   0 |  1 |   0 |   0 | 8.394238e+03 | 4.248213e+03 |  97.59%| unknown
d 0.1s|     1 |     0 |  1940 |     - |coefdivi|   0 | 432 | 192 | 192 |   0 |  1 |   0 |   0 | 8.394238e+03 | 7.039522e+03 |  19.24%| unknown
d 0.1s|     1 |     0 |  1971 |     - |coefdivi|   0 | 432 | 192 | 192 |   0 |  1 |   0 |   0 | 8.394238e+03 | 7.568389e+03 |  10.91%| unknown
d 0.1s|     1 |     0 |  1973 |     - |coefdivi|   0 | 432 | 192 | 192 |   0 |  1 |   0 |   0 | 8.394238e+03 | 7.808551e+03 |   7.50%| unknown
  0.1s|     1 |     0 |  1973 |     - |  5379k |   0 | 432 | 192 | 192 |   0 |  1 |   0 |   0 | 8.394238e+03 | 7.808551e+03 |   7.50%| unknown
  0.2s|     1 |     2 |  1973 |     - |  5562k |   0 | 432 | 192 | 192 |   0 |  2 |   0 |  25 | 8.361419e+03 | 7.808551e+03 |   7.08%| unknown

SCIP Status        : solving was interrupted [node limit reached]
Solving Time (sec) : 0.19
Solving Nodes      : 1
Primal Bound       : +7.80855149554349e+03 (32 solutions)
Dual Bound         : +8.36141907340556e+03
Gap                : 7.08 %
