presolving:
(round 1, fast)       1 del vars, 2 del conss, 0 add conss, 0 chg bounds, 0 chg sides, 0 chg coeffs, 0 upgd conss, 0 impls, 188 clqs
(round 2, fast)       2 del vars, 2 del conss, 0 add conss, 0 chg bounds, 0 chg sides, 0 chg coeffs, 0 upgd conss, 0 impls, 188 clqs
   (0.0s) running MILP presolver
   (0.0s) MILP presolver (2 rounds): 0 aggregations, 11 fixings, 0 bound changes
(round 3, medium)     13 del vars, 2 del conss, 0 add conss, 0 chg bounds, 0 chg sides, 0 chg coeffs, 0 upgd conss, 0 impls, 188 clqs
(round 4, exhaustive) 13 del vars, 3 del conss, 0 add conss, 0 chg bounds, 1 chg sides, 0 chg coeffs, 0 upgd conss, 0 impls, 188 clqs
(round 5, exhaustive) 13 del vars, 3 del conss, 0 add conss, 0 chg bounds, 1 chg sides, 0 chg coeffs, 187 upgd conss, 0 impls, 188 clqs
(round 6, medium)     45 del vars, 3 del conss, 0 add conss, 0 chg bounds, 1 chg sides, 32 chg coeffs, 187 upgd conss, 0 impls, 188 clqs
(round 7, fast)       57 del vars, 3 del conss, 0 add conss, 0 chg bounds, 1 chg sides, 32 chg coeffs, 187 upgd conss, 0 impls, 188 clqs
(round 8, exhaustive) 57 del vars, 4 del conss, 0 add conss, 0 chg bounds, 1 chg sides, 32 chg coeffs, 187 upgd conss, 0 impls, 188 clqs
   (0.0s) probing: 51/443 (11.5%) - 0 fixings, 0 aggregations, 0 implications, 0 bound changes
   (0.0s) probing aborted: 50/50 successive totally useless probings
   (0.0s) symmetry computation started: requiring (bin +, int +, cont +), (fixed: bin -, int -, cont -)
   (0.0s) no symmetry present (symcode time: 0.00)
presolving (9 rounds: 9 fast, 6 medium, 4 exhaustive):
 57 deleted vars, 4 deleted constraints, 0 added constraints, 0 tightened bounds, 0 added holes, 1 changed sides, 32 changed coefficients
 0 implications, 188 cliques
presolved problem has 443 variables (443 bin, 0 int, 0 impl, 0 cont) and 186 constraints
    186 constraints of type <setppc>
Presolving Time: 0.02

 time | node  | left  |LP iter|LP it/n|mem/heur|mdpt |vars |cons |rows |cuts |sepa|confs|strbr|  dualbound   | primalbound  |  gap   | compl. 
  0.1s|     1 |     0 |   941 |     - |  5399k |   0 | 443 | 186 | 186 |   0 |  0 |   0 |   0 | 7.428304e+03 |      --      |    Inf | unknown
d 0.1s|     1 |     0 |   941 |     - |coefdivi|   0 | 443 | 186 | 186 |   0 |  1 |   0 |   0 | 7.428304e+03 | 2.381755e+03 | 211.88%| unknown
d 0.1s|     1 |     0 |  1179 |     - |coefdivi|   0 | 443 | 186 | 186 |   0 |  1 |   0 |   0 | 7.428304e+03 | 3.964305e+03 |  87.38%| unknown
d 0.1s|     1 |     0 |  1209 |     - |coefdivi|   0 | 443 | 186 | 186 |   0 |  1 |   0 |   0 | 7.428304e+03 | 4.526861e+03 |  64.09%| unknown
d 0.1s|     1 |     0 |  1237 |     - |coefdivi|   0 | 443 | 186 | 186 |   0 |  1 |   0 |   0 | 7.428304e+03 | 6.495624e+03 |  14.36%| unknown
  0.1s|     1 |     0 |  1237 |     - |  5513k |   0 | 443 | 186 | 186 |   0 |  1 |   0 |   0 | 7.428304e+03 | 6.495624e+03 |  14.36%| unknown
  0.4s|     1 |     2 |  1237 |     - |  5913k |   0 | 443 | 186 | 186 |   0 |  2 |   0 |  46 | 7.374410e+03 | 6.495624e+03 |  13.53%| unknown

SCIP Status        : solving was interrupted [node limit reached]
Solving Time (sec) : 0.35
Solving Nodes      : 1
Primal Bound       : +6.49562408014831e+03 (53 solutions)
Dual Bound         : +7.37441049194248e+03
Gap                : 13.53 %
