presolving:
   (0.0s) running MILP presolver
   (0.0s) MILP presolver (2 rounds): 0 aggregations, 23 fixings, 0 bound changes
(round 1, medium)     23 del vars, 0 del conss, 0 add conss, 0 chg bounds, 0 chg sides, 0 chg coeffs, 0 upgd conss, 0 impls, 185 clqs
(round 2, fast)       23 del vars, 1 del conss, 0 add conss, 0 chg bounds, 0 chg sides, 0 chg coeffs, 0 upgd conss, 0 impls, 185 clqs
(round 3, exhaustive) 23 del vars, 4 del conss, 0 add conss, 0 chg bounds, 3 chg sides, 0 chg coeffs, 0 upgd conss, 0 impls, 185 clqs
(round 4, exhaustive) 23 del vars, 4 del conss, 0 add conss, 0 chg bounds, 3 chg sides, 0 chg coeffs, 182 upgd conss, 0 impls, 185 clqs
(round 5, medium)     66 del vars, 4 del conss, 0 add conss, 0 chg bounds, 3 chg sides, 43 chg coeffs, 182 upgd conss, 0 impls, 185 clqs
(round 6, fast)       109 del vars, 5 del conss, 0 add conss, 0 chg bounds, 3 chg sides, 43 chg coeffs, 182 upgd conss, 0 impls, 184 clqs
   (0.0s) running MILP presolver
   (0.0s) MILP presolver (2 rounds): 0 aggregations, 2 fixings, 0 bound changes
(round 7, medium)     111 del vars, 5 del conss, 0 add conss, 0 chg bounds, 3 chg sides, 43 chg coeffs, 182 upgd conss, 0 impls, 183 clqs
(round 8, exhaustive) 111 del vars, 12 del conss, 0 add conss, 0 chg bounds, 3 chg sides, 43 chg coeffs, 182 upgd conss, 0 impls, 183 clqs
   (0.0s) probing: 51/389 (13.1%) - 0 fixings, 0 aggregations, 0 implications, 0 bound changes
   (0.0s) probing aborted: 50/50 successive totally useless probings
   (0.0s) symmetry computation started: requiring (bin +, int +, cont +), (fixed: bin -, int -, cont -)
   (0.0s) no symmetry present (symcode time: 0.00)
presolving (9 rounds: 9 fast, 7 medium, 4 exhaustive):
 111 deleted vars, 12 deleted constraints, 0 added constraints, 0 tightened bounds, 0 added holes, 3 changed sides, 43 changed coefficients
 0 implications, 183 cliques
presolved problem has 389 variables (389 bin, 0 int, 0 impl, 0 cont) and 174 constraints
    174 constraints of type <setppc>
Presolving Time: 0.02

 time | node  | left  |LP iter|LP it/n|mem/heur|mdpt |vars |cons |rows |cuts |sepa|confs|strbr|  dualbound   | primalbound  |  gap   | compl. 
  0.1s|     1 |     0 |   967 |     - |  5116k |   0 | 389 | 174 | 174 |   0 |  0 |   0 |   0 | 7.428950e+03 |      --      |    Inf | unknown
d 0.1s|     1 |     0 |   967 |     - |coefdivi|   0 | 389 | 174 | 174 |   0 |  1 |   0 |   0 | 7.428950e+03 | 4.180798e+03 |  77.69%| unknown
d 0.1s|     1 |     0 |  1047 |     - |coefdivi|   0 | 389 | 174 | 174 |   0 |  1 |   0 |   0 | 7.428950e+03 | 4.537539e+03 |  63.72%| unknown
d 0.1s|     1 |     0 |  1085 |     - |coefdivi|   0 | 389 | 174 | 174 |   0 |  1 |   0 |   0 | 7.428950e+03 | 6.768000e+03 |   9.77%| unknown
  0.1s|     1 |     0 |  1085 |     - |  5190k |   0 | 389 | 174 | 174 |   0 |  1 |   0 |   0 | 7.428950e+03 | 6.768000e+03 |   9.77%| unknown
  0.2s|     1 |     2 |  1085 |     - |  5424k |   0 | 389 | 174 | 174 |   0 |  2 |   0 |  24 | 7.355338e+03 | 6.768000e+03 |   8.68%| unknown

SCIP Status        : solving was interrupted [node limit reached]
Solving Time (sec) : 0.15
Solving Nodes      : 1
Primal Bound       : +6.76799997816100e+03 (38 solutions)
Dual Bound         : +7.35533811499442e+03
Gap                : 8.68 %
