presolving:
(round 1, fast)       1 del vars, 2 del conss, 0 add conss, 0 chg bounds, 0 chg sides, 0 chg coeffs, 0 upgd conss, 0 impls, 193 clqs
   (0.0s) running MILP presolver
   (0.0s) MILP presolver (2 rounds): 0 aggregations, 11 fixings, 0 bound changes
(round 2, medium)     12 del vars, 2 del conss, 0 add conss, 0 chg bounds, 0 chg sides, 0 chg coeffs, 0 upgd conss, 0 impls, 193 clqs
(round 3, exhaustive) 12 del vars, 7 del conss, 0 add conss, 0 chg bounds, 5 chg sides, 0 chg coeffs, 0 upgd conss, 0 impls, 193 clqs
(round 4, exhaustive) 12 del vars, 7 del conss, 0 add conss, 0 chg bounds, 5 chg sides, 0 chg coeffs, 188 upgd conss, 0 impls, 193 clqs
(round 5, medium)     42 del vars, 7 del conss, 0 add conss, 0 chg bounds, 5 chg sides, 30 chg coeffs, 188 upgd conss, 0 impls, 193 clqs
(round 6, fast)       49 del vars, 7 del conss, 0 add conss, 0 chg bounds, 5 chg sides, 30 chg coeffs, 188 upgd conss, 0 impls, 193 clqs
(round 7, exhaustive) 49 del vars, 10 del conss, 0 add conss, 0 chg bounds, 5 chg sides, 30 chg coeffs, 188 upgd conss, 0 impls, 193 clqs
   (0.0s) probing: 51/451 (11.3%) - 0 fixings, 0 aggregations, 0 implications, 0 bound changes
   (0.0s) probing aborted: 50/50 successive totally useless probings
   (0.0s) symmetry computation started: requiring (bin +, int +, cont +), (fixed: bin -, int -, cont -)
   (0.0s) no symmetry present (symcode time: 0.00)
presolving (8 rounds: 8 fast, 6 medium, 4 exhaustive):
 49 deleted vars, 10 deleted constraints, 0 added constraints, 0 tightened bounds, 0 added holes, 5 changed sides, 30 changed coefficients
 0 implications, 193 cliques
presolved problem has 451 variables (451 bin, 0 int, 0 impl, 0 cont) and 185 constraints
    185 constraints of type <setppc>
Presolving Time: 0.02

 time | node  | left  |LP iter|LP it/n|mem/heur|mdpt |vars |cons |rows |cuts |sepa|confs|strbr|  dualbound   | primalbound  |  gap   | compl. 
  0.1s|     1 |     0 |  1625 |     - |  5711k |   0 | 451 | 185 | 185 |   0 |  0 |   0 |   0 | 8.073463e+03 |      --      |    Inf | unknown
d 0.1s|     1 |     0 |  1625 |     - |coefdivi|   0 | 451 | 185 | 185 |   0 |  1 |   0 |   0 | 8.073463e+03 | 2.299782e+03 | 251.05%| unknown
d 0.1s|     1 |     0 |  1812 |     - |coefdivi|   0 | 451 | 185 | 185 |   0 |  1 |   0 |   0 | 8.073463e+03 | 3.346894e+03 | 141.22%| unknown
d 0.1s|     1 |     0 |  1852 |     - |coefdivi|   0 | 451 | 185 | 185 |   0 |  1 |   0 |   0 | 8.073463e+03 | 5.969668e+03 |  35.24%| unknown
d 0.1s|     1 |     0 |  1878 |     - |coefdivi|   0 | 451 | 185 | 185 |   0 |  1 |   0 |   0 | 8.073463e+03 | 7.498746e+03 |   7.66%| unknown
  0.1s|     1 |     0 |  1878 |     - |  5820k |   0 | 451 | 185 | 185 |   0 |  1 |   0 |   0 | 8.073463e+03 | 7.498746e+03 |   7.66%| unknown
  0.2s|     1 |     2 |  1878 |     - |  5921k |   0 | 451 | 185 | 185 |   0 |  2 |   0 |  19 | 8.018785e+03 | 7.498746e+03 |   6.94%| unknown

SCIP Status        : solving was interrupted [node limit reached]
Solving Time (sec) : 0.19
Solving Nodes      : 1
Primal Bound       : +7.49874648301204e+03 (26 solutions)
Dual Bound         : +8.01878493677272e+03
Gap                : 6.94 %
