presolving:
   (0.0s) running MILP presolver
   (0.0s) MILP presolver (2 rounds): 0 aggregations, 12 fixings, 0 bound changes
(round 1, medium)     12 del vars, 0 del conss, 0 add conss, 0 chg bounds, 0 chg sides, 0 chg coeffs, 0 upgd conss, 0 impls, 191 clqs
(round 2, exhaustive) 12 del vars, 1 del conss, 0 add conss, 0 chg bounds, 1 chg sides, 0 chg coeffs, 0 upgd conss, 0 impls, 191 clqs
(round 3, exhaustive) 12 del vars, 1 del conss, 0 add conss, 0 chg bounds, 1 chg sides, 0 chg coeffs, 190 upgd conss, 0 impls, 191 clqs
(round 4, medium)     42 del vars, 1 del conss, 0 add conss, 0 chg bounds, 1 chg sides, 30 chg coeffs, 190 upgd conss, 0 impls, 191 clqs
(round 5, fast)       46 del vars, 1 del conss, 0 add conss, 0 chg bounds, 1 chg sides, 30 chg coeffs, 190 upgd conss, 0 impls, 191 clqs
(round 6, exhaustive) 46 del vars, 3 del conss, 0 add conss, 0 chg bounds, 1 chg sides, 30 chg coeffs, 190 upgd conss, 0 impls, 191 clqs
   (0.0s) probing: 51/454 (11.2%) - 0 fixings, 0 aggregations, 0 implications, 0 bound changes
   (0.0s) probing aborted: 50/50 successive totally useless probings
   (0.0s) symmetry computation started: requiring (bin +, int +, cont +), (fixed: bin -, int -, cont -)
   (0.0s) no symmetry present (symcode time: 0.00)
presolving (7 rounds: 7 fast, 6 medium, 4 exhaustive):
 46 deleted vars, 3 deleted constraints, 0 added constraints, 0 tightened bounds, 0 added holes, 1 changed sides, 30 changed coefficients
 0 implications, 191 cliques
presolved problem has 454 variables (454 bin, 0 int, 0 impl, 0 cont) and 188 constraints
    188 constraints of type <setppc>
Presolving Time: 0.02

 time | node  | left  |LP iter|LP it/n|mem/heur|mdpt |vars |cons |rows |cuts |sepa|confs|strbr|  dualbound   | primalbound  |  gap   | compl. 
  0.1s|     1 |     0 |  1715 |     - |  5623k |   0 | 454 | 188 | 188 |   0 |  0 |   0 |   0 | 7.862370e+03 |      --      |    Inf | unknown
d 0.1s|     1 |     0 |  1715 |     - |coefdivi|   0 | 454 | 188 | 188 |   0 |  1 |   0 |   0 | 7.862370e+03 | 2.363490e+03 | 232.66%| unknown
d 0.1s|     1 |     0 |  1882 |     - |coefdivi|   0 | 454 | 188 | 188 |   0 |  1 |   0 |   0 | 7.862370e+03 | 3.206795e+03 | 145.18%| unknown
d 0.1s|     1 |     0 |  1993 |     - |coefdivi|   0 | 454 | 188 | 188 |   0 |  1 |   0 |   0 | 7.862370e+03 | 3.746795e+03 | 109.84%| unknown
d 0.1s|     1 |     0 |  2032 |     - |coefdivi|   0 | 454 | 188 | 188 |   0 |  1 |   0 |   0 | 7.862370e+03 | 6.697183e+03 |  17.40%| unknown
  0.1s|     1 |     0 |  2032 |     - |  5726k |   0 | 454 | 188 | 188 |   0 |  1 |   0 |   0 | 7.862370e+03 | 6.697183e+03 |  17.40%| unknown
  0.2s|     1 |     2 |  2032 |     - |  5897k |   0 | 454 | 188 | 188 |   0 |  2 |   0 |  27 | 7.802021e+03 | 6.697183e+03 |  16.50%| unknown

SCIP Status        : solving was interrupted [node limit reached]
Solving Time (sec) : 0.22
Solving Nodes      : 1
Primal Bound       : +6.69718290883960e+03 (35 solutions)
Dual Bound         : +7.80202109245865e+03
Gap                : 16.50 %
