presolving:
(round 1, fast)       1 del vars, 1 del conss, 0 add conss, 0 chg bounds, 0 chg sides, 0 chg coeffs, 0 upgd conss, 0 impls, 190 clqs
   (0.0s) running MILP presolver
   (0.0s) MILP presolver (2 rounds): 0 aggregations, 6 fixings, 0 bound changes
(round 2, medium)     7 del vars, 1 del conss, 0 add conss, 0 chg bounds, 0 chg sides, 0 chg coeffs, 0 upgd conss, 0 impls, 190 clqs
(round 3, exhaustive) 7 del vars, 5 del conss, 0 add conss, 0 chg bounds, 4 chg sides, 0 chg coeffs, 0 upgd conss, 0 impls, 190 clqs
(round 4, exhaustive) 7 del vars, 5 del conss, 0 add conss, 0 chg bounds, 4 chg sides, 0 chg coeffs, 186 upgd conss, 0 impls, 190 clqs
(round 5, medium)     30 del vars, 5 del conss, 0 add conss, 0 chg bounds, 4 chg sides, 23 chg coeffs, 186 upgd conss, 0 impls, 190 clqs
(round 6, fast)       35 del vars, 5 del conss, 0 add conss, 0 chg bounds, 4 chg sides, 23 chg coeffs, 186 upgd conss, 0 impls, 190 clqs
(round 7, exhaustive) 35 del vars, 6 del conss, 0 add conss, 0 chg bounds, 4 chg sides, 23 chg coeffs, 186 upgd conss, 0 impls, 190 clqs
   (0.0s) probing: 51/465 (11.0%) - 0 fixings, 0 aggregations, 0 implications, 0 bound changes
   (0.0s) probing aborted: 50/50 successive totally useless probings
   (0.0s) symmetry computation started: requiring (bin +, int +, cont +), (fixed: bin -, int -, cont -)
   (0.0s) no symmetry present (symcode time: 0.00)
presolving (8 rounds: 8 fast, 6 medium, 4 exhaustive):
 35 deleted vars, 6 deleted constraints, 0 added constraints, 0 tightened bounds, 0 added holes, 4 changed sides, 23 changed coefficients
 0 implications, 190 cliques
presolved problem has 465 variables (465 bin, 0 int, 0 impl, 0 cont) and 185 constraints
    185 constraints of type <setppc>
Presolving Time: 0.02

 time | node  | left  |LP iter|LP it/n|mem/heur|mdpt |vars |cons |rows |cuts |sepa|confs|strbr|  dualbound   | primalbound  |  gap   | compl. 
  0.1s|     1 |     0 |  2290 |     - |  5562k |   0 | 465 | 185 | 185 |   0 |  0 |   0 |   0 | 7.681765e+03 |      --      |    Inf | unknown
d 0.1s|     1 |     0 |  2290 |     - |coefdivi|   0 | 465 | 185 | 185 |   0 |  1 |   0 |   0 | 7.681765e+03 | 1.780820e+03 | 331.36%| unknown
d 0.1s|     1 |     0 |  2458 |     - |coefdivi|   0 | 465 | 185 | 185 |   0 |  1 |   0 |   0 | 7.681765e+03 | 3.245563e+03 | 136.69%| unknown
d 0.1s|     1 |     0 |  2474 |     - |coefdivi|   0 | 465 | 185 | 185 |   0 |  1 |   0 |   0 | 7.681765e+03 | 6.784111e+03 |  13.23%| unknown
  0.1s|     1 |     0 |  2474 |     - |  5694k |   0 | 465 | 185 | 185 |   0 |  1 |   0 |   0 | 7.681765e+03 | 6.784111e+03 |  13.23%| unknown
  0.6s|     1 |     2 |  2474 |     - |  5888k |   0 | 465 | 185 | 185 |   0 |  2 |   0 |  44 | 7.653551e+03 | 6.784111e+03 |  12.82%| unknown

SCIP Status        : solving was interrupted [node limit reached]
Solving Time (sec) : 0.56
Solving Nodes      : 1
Primal Bound       : +6.78411145596419e+03 (50 solutions)
Dual Bound         : +7.65355058258547e+03
Gap                : 12.82 %
