presolving:
(round 1, fast)       1 del vars, 1 del conss, 0 add conss, 0 chg bounds, 0 chg sides, 0 chg coeffs, 0 upgd conss, 0 impls, 193 clqs
(round 2, fast)       2 del vars, 1 del conss, 0 add conss, 0 chg bounds, 0 chg sides, 0 chg coeffs, 0 upgd conss, 0 impls, 193 clqs
   (0.0s) running MILP presolver
   (0.0s) MILP presolver (2 rounds): 0 aggregations, 14 fixings, 0 bound changes
(round 3, medium)     16 del vars, 1 del conss, 0 add conss, 0 chg bounds, 0 chg sides, 0 chg coeffs, 0 upgd conss, 0 impls, 192 clqs
(round 4, fast)       16 del vars, 2 del conss, 0 add conss, 0 chg bounds, 0 chg sides, 0 chg coeffs, 0 upgd conss, 0 impls, 192 clqs
(round 5, exhaustive) 16 del vars, 9 del conss, 0 add conss, 0 chg bounds, 7 chg sides, 0 chg coeffs, 0 upgd conss, 0 impls, 192 clqs
(round 6, exhaustive) 16 del vars, 9 del conss, 0 add conss, 0 chg bounds, 7 chg sides, 0 chg coeffs, 185 upgd conss, 0 impls, 192 clqs
(round 7, medium)     45 del vars, 9 del conss, 0 add conss, 0 chg bounds, 7 chg sides, 29 chg coeffs, 185 upgd conss, 0 impls, 192 clqs
(round 8, fast)       51 del vars, 9 del conss, 0 add conss, 0 chg bounds, 7 chg sides, 29 chg coeffs, 185 upgd conss, 0 impls, 192 clqs
(round 9, exhaustive) 51 del vars, 10 del conss, 0 add conss, 0 chg bounds, 7 chg sides, 29 chg coeffs, 185 upgd conss, 0 impls, 192 clqs
   (0.0s) probing: 51/449 (11.4%) - 0 fixings, 0 aggregations, 0 implications, 0 bound changes
   (0.0s) probing aborted: 50/50 successive totally useless probings
   (0.0s) symmetry computation started: requiring (bin +, int +, cont +), (fixed: bin -, int -, cont -)
   (0.0s) no symmetry present (symcode time: 0.00)
presolving (10 rounds: 10 fast, 6 medium, 4 exhaustive):
 51 deleted vars, 10 deleted constraints, 0 added constraints, 0 tightened bounds, 0 added holes, 7 changed sides, 29 changed coefficients
 0 implications, 192 cliques
presolved problem has 449 variables (449 bin, 0 int, 0 impl, 0 cont) and 184 constraints
    184 constraints of type <setppc>
Presolving Time: 0.03

 time | node  | left  |LP iter|LP it/n|mem/heur|mdpt |vars |cons |rows |cuts |sepa|confs|strbr|  dualbound   | primalbound  |  gap   | compl. 
  0.1s|     1 |     0 |  1334 |     - |  5599k |   0 | 449 | 184 | 184 |   0 |  0 |   0 |   0 | 7.815845e+03 |      --      |    Inf | unknown
d 0.1s|     1 |     0 |  1334 |     - |coefdivi|   0 | 449 | 184 | 184 |   0 |  1 |   0 |   0 | 7.815845e+03 | 2.099581e+03 | 272.26%| unknown
d 0.1s|     1 |     0 |  1453 |     - |coefdivi|   0 | 449 | 184 | 184 |   0 |  1 |   0 |   0 | 7.815845e+03 | 3.010696e+03 | 159.60%| unknown
d 0.1s|     1 |     0 |  1544 |     - |coefdivi|   0 | 449 | 184 | 184 |   0 |  1 |   0 |   0 | 7.815845e+03 | 3.856758e+03 | 102.65%| unknown
d 0.1s|     1 |     0 |  1558 |     - |coefdivi|   0 | 449 | 184 | 184 |   0 |  1 |   0 |   0 | 7.815845e+03 | 6.880329e+03 |  13.60%| unknown
  0.1s|     1 |     0 |  1558 |     - |  5715k |   0 | 449 | 184 | 184 |   0 |  1 |   0 |   0 | 7.815845e+03 | 6.880329e+03 |  13.60%| unknown
  0.2s|     1 |     2 |  1558 |     - |  5823k |   0 | 449 | 184 | 184 |   0 |  2 |   0 |  19 | 7.774155e+03 | 6.880329e+03 |  12.99%| unknown

SCIP Status        : solving was interrupted [node limit reached]
Solving Time (sec) : 0.22
Solving Nodes      : 1
Primal Bound       : +6.88032928728911e+03 (25 solutions)
Dual Bound         : +7.77415498717737e+03
Gap                : 12.99 %
