presolving:
   (0.0s) running MILP presolver
   (0.0s) MILP presolver (2 rounds): 0 aggregations, 12 fixings, 0 bound changes
(round 1, medium)     12 del vars, 0 del conss, 0 add conss, 0 chg bounds, 0 chg sides, 0 chg coeffs, 0 upgd conss, 0 impls, 194 clqs
(round 2, exhaustive) 12 del vars, 3 del conss, 0 add conss, 0 chg bounds, 3 chg sides, 0 chg coeffs, 0 upgd conss, 0 impls, 194 clqs
(round 3, exhaustive) 12 del vars, 3 del conss, 0 add conss, 0 chg bounds, 3 chg sides, 0 chg coeffs, 191 upgd conss, 0 impls, 194 clqs
(round 4, medium)     48 del vars, 3 del conss, 0 add conss, 0 chg bounds, 3 chg sides, 36 chg coeffs, 191 upgd conss, 0 impls, 194 clqs
(round 5, fast)       61 del vars, 3 del conss, 0 add conss, 0 chg bounds, 3 chg sides, 36 chg coeffs, 191 upgd conss, 0 impls, 194 clqs
(round 6, exhaustive) 61 del vars, 6 del conss, 0 add conss, 0 chg bounds, 3 chg sides, 36 chg coeffs, 191 upgd conss, 0 impls, 194 clqs
   (0.0s) probing: 51/439 (11.6%) - 0 fixings, 0 aggregations, 0 implications, 0 bound changes
   (0.0s) probing aborted: 50/50 successive totally useless probings
   (0.0s) symmetry computation started: requiring (bin +, int +, cont +), (fixed: bin -, int -, cont -)
   (0.0s) no symmetry present (symcode time: 0.00)
presolving (7 rounds: 7 fast, 6 medium, 4 exhaustive):
 61 deleted vars, 6 deleted constraints, 0 added constraints, 0 tightened bounds, 0 added holes, 3 changed sides, 36 changed coefficients
 0 implications, 194 cliques
presolved problem has 439 variables (439 bin, 0 int, 0 impl, 0 cont) and 188 constraints
    188 constraints of type <setppc>
Presolving Time: 0.03

 time | node  | left  |LP iter|LP it/n|mem/heur|mdpt |vars |cons |rows |cuts |sepa|confs|strbr|  dualbound   | primalbound  |  gap   | compl. 
  0.1s|     1 |     0 |  1357 |     - |  5462k |   0 | 439 | 188 | 188 |   0 |  0 |   0 |   0 | 7.534828e+03 |      --      |    Inf | unknown
d 0.1s|     1 |     0 |  1357 |     - |coefdivi|   0 | 439 | 188 | 188 |   0 |  1 |   0 |   0 | 7.534828e+03 | 2.584507e+03 | 191.54%| unknown
d 0.1s|     1 |     0 |  1547 |     - |coefdivi|   0 | 439 | 188 | 188 |   0 |  1 |   0 |   0 | 7.534828e+03 | 4.264398e+03 |  76.69%| unknown
d 0.1s|     1 |     0 |  1581 |     - |coefdivi|   0 | 439 | 188 | 188 |   0 |  1 |   0 |   0 | 7.534828e+03 | 6.583545e+03 |  14.45%| unknown
  0.1s|     1 |     0 |  1581 |     - |  5594k |   0 | 439 | 188 | 188 |   0 |  1 |   0 |   0 | 7.534828e+03 | 6.583545e+03 |  14.45%| unknown
  0.2s|     1 |     2 |  1581 |     - |  5679k |   0 | 439 | 188 | 188 |   0 |  2 |   0 |  19 | 7.500154e+03 | 6.583545e+03 |  13.92%| unknown

SCIP Status        : solving was interrupted [node limit reached]
Solving Time (sec) : 0.21
Solving Nodes      : 1
Primal Bound       : +6.58354451494034e+03 (21 solutions)
Dual Bound         : +7.50015417106811e+03
Gap                : 13.92 %
