presolving:
(round 1, fast)       0 del vars, 1 del conss, 0 add conss, 0 chg bounds, 0 chg sides, 0 chg coeffs, 0 upgd conss, 0 impls, 192 clqs
   (0.0s) running MILP presolver
   (0.0s) MILP presolver (2 rounds): 0 aggregations, 12 fixings, 0 bound changes
(round 2, medium)     12 del vars, 1 del conss, 0 add conss, 0 chg bounds, 0 chg sides, 0 chg coeffs, 0 upgd conss, 0 impls, 191 clqs
(round 3, fast)       12 del vars, 2 del conss, 0 add conss, 0 chg bounds, 0 chg sides, 0 chg coeffs, 0 upgd conss, 0 impls, 191 clqs
(round 4, exhaustive) 12 del vars, 5 del conss, 0 add conss, 0 chg bounds, 3 chg sides, 0 chg coeffs, 0 upgd conss, 0 impls, 191 clqs
(round 5, exhaustive) 12 del vars, 5 del conss, 0 add conss, 0 chg bounds, 3 chg sides, 0 chg coeffs, 188 upgd conss, 0 impls, 191 clqs
(round 6, medium)     49 del vars, 5 del conss, 0 add conss, 0 chg bounds, 3 chg sides, 37 chg coeffs, 188 upgd conss, 0 impls, 191 clqs
(round 7, fast)       56 del vars, 5 del conss, 0 add conss, 0 chg bounds, 3 chg sides, 37 chg coeffs, 188 upgd conss, 0 impls, 191 clqs
(round 8, exhaustive) 56 del vars, 6 del conss, 0 add conss, 0 chg bounds, 3 chg sides, 37 chg coeffs, 188 upgd conss, 0 impls, 191 clqs
(round 9, exhaustive) 57 del vars, 6 del conss, 0 add conss, 0 chg bounds, 3 chg sides, 37 chg coeffs, 188 upgd conss, 0 impls, 190 clqs
   (0.0s) probing: 51/443 (11.5%) - 0 fixings, 0 aggregations, 0 implications, 0 bound changes
   (0.0s) probing aborted: 50/50 successive totally useless probings
   (0.0s) symmetry computation started: requiring (bin +, int +, cont +), (fixed: bin -, int -, cont -)
   (0.0s) no symmetry present (symcode time: 0.00)
presolving (10 rounds: 10 fast, 7 medium, 5 exhaustive):
 57 deleted vars, 6 deleted constraints, 0 added constraints, 0 tightened bounds, 0 added holes, 3 changed sides, 37 changed coefficients
 0 implications, 190 cliques
presolved problem has 443 variables (443 bin, 0 int, 0 impl, 0 cont) and 187 constraints
    187 constraints of type <setppc>
Presolving Time: 0.03

 time | node  | left  |LP iter|LP it/n|mem/heur|mdpt |vars |cons |rows |cuts |sepa|confs|strbr|  dualbound   | primalbound  |  gap   | compl. 
  0.1s|     1 |     0 |  1036 |     - |  5596k |   0 | 443 | 187 | 187 |   0 |  0 |   0 |   0 | 7.522025e+03 |      --      |    Inf | unknown
d 0.1s|     1 |     0 |  1036 |     - |coefdivi|   0 | 443 | 187 | 187 |   0 |  1 |   0 |   0 | 7.522025e+03 | 2.870326e+03 | 162.06%| unknown
d 0.1s|     1 |     0 |  1137 |     - |coefdivi|   0 | 443 | 187 | 187 |   0 |  1 |   0 |   0 | 7.522025e+03 | 3.592968e+03 | 109.35%| unknown
d 0.1s|     1 |     0 |  1189 |     - |coefdivi|   0 | 443 | 187 | 187 |   0 |  1 |   0 |   0 | 7.522025e+03 | 4.316394e+03 |  74.27%| unknown
d 0.1s|     1 |     0 |  1190 |     - |coefdivi|   0 | 443 | 187 | 187 |   0 |  1 |   0 |   0 | 7.522025e+03 | 6.262665e+03 |  20.11%| unknown
d 0.1s|     1 |     0 |  1199 |     - |coefdivi|   0 | 443 | 187 | 187 |   0 |  1 |   0 |   0 | 7.522025e+03 | 6.974084e+03 |   7.86%| unknown
  0.1s|     1 |     0 |  1199 |     - |  5730k |   0 | 443 | 187 | 187 |   0 |  1 |   0 |   0 | 7.522025e+03 | 6.974084e+03 |   7.86%| unknown
  0.1s|     1 |     0 |  1199 |     - |  5730k |   0 | 443 | 187 | 187 |   0 |  1 |   0 |   0 | 7.522025e+03 | 6.974084e+03 |   7.86%| unknown
  0.2s|     1 |     2 |  1199 |     - |  5892k |   0 | 443 | 187 | 187 |   0 |  2 |   0 |  21 | 7.484818e+03 | 6.974084e+03 |   7.32%| unknown

SCIP Status        : solving was interrupted [node limit reached]
Solving Time (sec) : 0.20
Solving Nodes      : 1
Primal Bound       : +6.97408449680179e+03 (29 solutions)
Dual Bound         : +7.48481764089338e+03
Gap                : 7.32 %
