presolving:
(round 1, fast)       0 del vars, 3 del conss, 0 add conss, 0 chg bounds, 0 chg sides, 0 chg coeffs, 0 upgd conss, 0 impls, 185 clqs
   (0.0s) running MILP presolver
   (0.0s) MILP presolver (2 rounds): 0 aggregations, 14 fixings, 0 bound changes
(round 2, medium)     14 del vars, 3 del conss, 0 add conss, 0 chg bounds, 0 chg sides, 0 chg coeffs, 0 upgd conss, 0 impls, 185 clqs
(round 3, exhaustive) 14 del vars, 6 del conss, 0 add conss, 0 chg bounds, 3 chg sides, 0 chg coeffs, 0 upgd conss, 0 impls, 185 clqs
(round 4, exhaustive) 14 del vars, 6 del conss, 0 add conss, 0 chg bounds, 3 chg sides, 0 chg coeffs, 182 upgd conss, 0 impls, 185 clqs
(round 5, medium)     50 del vars, 6 del conss, 0 add conss, 0 chg bounds, 3 chg sides, 36 chg coeffs, 182 upgd conss, 0 impls, 185 clqs
(round 6, fast)       68 del vars, 7 del conss, 0 add conss, 0 chg bounds, 3 chg sides, 36 chg coeffs, 182 upgd conss, 0 impls, 183 clqs
(round 7, exhaustive) 68 del vars, 11 del conss, 0 add conss, 0 chg bounds, 3 chg sides, 36 chg coeffs, 182 upgd conss, 0 impls, 183 clqs
(round 8, exhaustive) 69 del vars, 11 del conss, 0 add conss, 0 chg bounds, 3 chg sides, 36 chg coeffs, 182 upgd conss, 0 impls, 183 clqs
   (0.0s) probing: 51/431 (11.8%) - 0 fixings, 0 aggregations, 0 implications, 0 bound changes
   (0.0s) probing aborted: 50/50 successive totally useless probings
   (0.0s) symmetry computation started: requiring (bin +, int +, cont +), (fixed: bin -, int -, cont -)
   (0.0s) no symmetry present (symcode time: 0.00)
presolving (9 rounds: 9 fast, 7 medium, 5 exhaustive):
 69 deleted vars, 11 deleted constraints, 0 added constraints, 0 tightened bounds, 0 added holes, 3 changed sides, 36 changed coefficients
 0 implications, 183 cliques
presolved problem has 431 variables (431 bin, 0 int, 0 impl, 0 cont) and 177 constraints
    177 constraints of type <setppc>
Presolving Time: 0.02

 time | node  | left  |LP iter|LP it/n|mem/heur|mdpt |vars |cons |rows |cuts |sepa|confs|strbr|  dualbound   | primalbound  |  gap   | compl. 
  0.1s|     1 |     0 |  1179 |     - |  5459k |   0 | 431 | 177 | 177 |   0 |  0 |   0 |   0 | 7.375242e+03 |      --      |    Inf | unknown
d 0.1s|     1 |     0 |  1179 |     - |coefdivi|   0 | 431 | 177 | 177 |   0 |  1 |   0 |   0 | 7.375242e+03 | 2.695048e+03 | 173.66%| unknown
d 0.1s|     1 |     0 |  1322 |     - |coefdivi|   0 | 431 | 177 | 177 |   0 |  1 |   0 |   0 | 7.375242e+03 | 3.538356e+03 | 108.44%| unknown
d 0.1s|     1 |     0 |  1446 |     - |coefdivi|   0 | 431 | 177 | 177 |   0 |  1 |   0 |   0 | 7.375242e+03 | 4.010904e+03 |  83.88%| unknown
d 0.1s|     1 |     0 |  1469 |     - |coefdivi|   0 | 431 | 177 | 177 |   0 |  1 |   0 |   0 | 7.375242e+03 | 6.143919e+03 |  20.04%| unknown
  0.1s|     1 |     0 |  1469 |     - |  5585k |   0 | 431 | 177 | 177 |   0 |  1 |   0 |   0 | 7.375242e+03 | 6.143919e+03 |  20.04%| unknown
  0.2s|     1 |     2 |  1469 |     - |  5692k |   0 | 431 | 177 | 177 |   0 |  2 |   0 |  21 | 7.349146e+03 | 6.143919e+03 |  19.62%| unknown

SCIP Status        : solving was interrupted [node limit reached]
Solving Time (sec) : 0.18
Solving Nodes      : 1
Primal Bound       : +6.14391924292009e+03 (26 solutions)
Dual Bound         : +7.34914621562304e+03
Gap                : 19.62 %
