presolving:
(round 1, fast)       2 del vars, 2 del conss, 0 add conss, 0 chg bounds, 0 chg sides, 0 chg coeffs, 0 upgd conss, 0 impls, 189 clqs
   (0.0s) running MILP presolver
   (0.0s) MILP presolver (2 rounds): 0 aggregations, 19 fixings, 0 bound changes
(round 2, medium)     21 del vars, 2 del conss, 0 add conss, 0 chg bounds, 0 chg sides, 0 chg coeffs, 0 upgd conss, 0 impls, 189 clqs
(round 3, exhaustive) 21 del vars, 10 del conss, 0 add conss, 0 chg bounds, 8 chg sides, 0 chg coeffs, 0 upgd conss, 0 impls, 189 clqs
(round 4, exhaustive) 21 del vars, 10 del conss, 0 add conss, 0 chg bounds, 8 chg sides, 0 chg coeffs, 181 upgd conss, 0 impls, 189 clqs
(round 5, medium)     56 del vars, 10 del conss, 0 add conss, 0 chg bounds, 8 chg sides, 35 chg coeffs, 181 upgd conss, 0 impls, 189 clqs
(round 6, fast)       66 del vars, 12 del conss, 0 add conss, 0 chg bounds, 8 chg sides, 35 chg coeffs, 181 upgd conss, 0 impls, 187 clqs
   (0.0s) probing: 51/434 (11.8%) - 0 fixings, 0 aggregations, 0 implications, 0 bound changes
   (0.0s) probing aborted: 50/50 successive totally useless probings
   (0.0s) symmetry computation started: requiring (bin +, int +, cont +), (fixed: bin -, int -, cont -)
   (0.0s) no symmetry present (symcode time: 0.00)
presolving (7 rounds: 7 fast, 5 medium, 3 exhaustive):
 66 deleted vars, 12 deleted constraints, 0 added constraints, 0 tightened bounds, 0 added holes, 8 changed sides, 35 changed coefficients
 0 implications, 187 cliques
presolved problem has 434 variables (434 bin, 0 int, 0 impl, 0 cont) and 179 constraints
    179 constraints of type <setppc>
Presolving Time: 0.02

 time | node  | left  |LP iter|LP it/n|mem/heur|mdpt |vars |cons |rows |cuts |sepa|confs|strbr|  dualbound   | primalbound  |  gap   | compl. 
  0.1s|     1 |     0 |  1236 |     - |  5539k |   0 | 434 | 179 | 179 |   0 |  0 |   0 |   0 | 7.308030e+03 |      --      |    Inf | unknown
d 0.1s|     1 |     0 |  1236 |     - |coefdivi|   0 | 434 | 179 | 179 |   0 |  1 |   0 |   0 | 7.308030e+03 | 2.513083e+03 | 190.80%| unknown
d 0.1s|     1 |     0 |  1373 |     - |coefdivi|   0 | 434 | 179 | 179 |   0 |  1 |   0 |   0 | 7.308030e+03 | 3.928753e+03 |  86.01%| unknown
d 0.1s|     1 |     0 |  1424 |     - |coefdivi|   0 | 434 | 179 | 179 |   0 |  1 |   0 |   0 | 7.308030e+03 | 4.091509e+03 |  78.61%| unknown
d 0.1s|     1 |     0 |  1445 |     - |coefdivi|   0 | 434 | 179 | 179 |   0 |  1 |   0 |   0 | 7.308030e+03 | 6.487427e+03 |  12.65%| unknown
  0.1s|     1 |     0 |  1445 |     - |  5642k |   0 | 434 | 179 | 179 |   0 |  1 |   0 |   0 | 7.308030e+03 | 6.487427e+03 |  12.65%| unknown
  0.2s|     1 |     2 |  1445 |     - |  5806k |   0 | 434 | 179 | 179 |   0 |  2 |   0 |  29 | 7.271733e+03 | 6.487427e+03 |  12.09%| unknown

SCIP Status        : solving was interrupted [node limit reached]
Solving Time (sec) : 0.21
Solving Nodes      : 1
Primal Bound       : +6.48742734171784e+03 (33 solutions)
Dual Bound         : +7.27173296491529e+03
Gap                : 12.09 %
