presolving:
(round 1, fast)       0 del vars, 1 del conss, 0 add conss, 0 chg bounds, 0 chg sides, 0 chg coeffs, 0 upgd conss, 0 impls, 184 clqs
   (0.0s) running MILP presolver
   (0.0s) MILP presolver (2 rounds): 0 aggregations, 19 fixings, 0 bound changes
(round 2, medium)     19 del vars, 1 del conss, 0 add conss, 0 chg bounds, 0 chg sides, 0 chg coeffs, 0 upgd conss, 0 impls, 184 clqs
(round 3, exhaustive) 19 del vars, 5 del conss, 0 add conss, 0 chg bounds, 4 chg sides, 0 chg coeffs, 0 upgd conss, 0 impls, 184 clqs
(round 4, exhaustive) 19 del vars, 5 del conss, 0 add conss, 0 chg bounds, 4 chg sides, 0 chg coeffs, 180 upgd conss, 0 impls, 184 clqs
(round 5, medium)     53 del vars, 5 del conss, 0 add conss, 0 chg bounds, 4 chg sides, 34 chg coeffs, 180 upgd conss, 0 impls, 184 clqs
(round 6, fast)       61 del vars, 5 del conss, 0 add conss, 0 chg bounds, 4 chg sides, 34 chg coeffs, 180 upgd conss, 0 impls, 184 clqs
(round 7, exhaustive) 61 del vars, 8 del conss, 0 add conss, 0 chg bounds, 4 chg sides, 34 chg coeffs, 180 upgd conss, 0 impls, 184 clqs
   (0.0s) probing: 51/439 (11.6%) - 0 fixings, 0 aggregations, 0 implications, 0 bound changes
   (0.0s) probing aborted: 50/50 successive totally useless probings
   (0.0s) symmetry computation started: requiring (bin +, int +, cont +), (fixed: bin -, int -, cont -)
   (0.0s) no symmetry present (symcode time: 0.00)
presolving (8 rounds: 8 fast, 6 medium, 4 exhaustive):
 61 deleted vars, 8 deleted constraints, 0 added constraints, 0 tightened bounds, 0 added holes, 4 changed sides, 34 changed coefficients
 0 implications, 184 cliques
presolved problem has 439 variables (439 bin, 0 int, 0 impl, 0 cont) and 177 constraints
    177 constraints of type <setppc>
Presolving Time: 0.02

 time | node  | left  |LP iter|LP it/n|mem/heur|mdpt |vars |cons |rows |cuts |sepa|confs|strbr|  dualbound   | primalbound  |  gap   | compl. 
  0.1s|     1 |     0 |   893 |     - |  5469k |   0 | 439 | 177 | 177 |   0 |  0 |   0 |   0 | 7.298054e+03 |      --      |    Inf | unknown
d 0.1s|     1 |     0 |   893 |     - |coefdivi|   0 | 439 | 177 | 177 |   0 |  1 |   0 |   0 | 7.298054e+03 | 2.556532e+03 | 185.47%| unknown
d 0.1s|     1 |     0 |   978 |     - |coefdivi|   0 | 439 | 177 | 177 |   0 |  1 |   0 |   0 | 7.298054e+03 | 3.380093e+03 | 115.91%| unknown
d 0.1s|     1 |     0 |  1022 |     - |coefdivi|   0 | 439 | 177 | 177 |   0 |  1 |   0 |   0 | 7.298054e+03 | 3.989359e+03 |  82.94%| unknown
d 0.1s|     1 |     0 |  1072 |     - |coefdivi|   0 | 439 | 177 | 177 |   0 |  1 |   0 |   0 | 7.298054e+03 | 6.574042e+03 |  11.01%| unknown
  0.1s|     1 |     0 |  1072 |     - |  5582k |   0 | 439 | 177 | 177 |   0 |  1 |   0 |   0 | 7.298054e+03 | 6.574042e+03 |  11.01%| unknown
  0.3s|     1 |     2 |  1072 |     - |  5784k |   0 | 439 | 177 | 177 |   0 |  2 |   0 |  35 | 7.264232e+03 | 6.574042e+03 |  10.50%| unknown

SCIP Status        : solving was interrupted [node limit reached]
Solving Time (sec) : 0.27
Solving Nodes      : 1
Primal Bound       : +6.57404225926770e+03 (42 solutions)
Dual Bound         : +7.26423161398828e+03
Gap                : 10.50 %
