presolving:
   (0.0s) running MILP presolver
   (0.0s) MILP presolver (2 rounds): 0 aggregations, 15 fixings, 0 bound changes
(round 1, medium)     15 del vars, 0 del conss, 0 add conss, 0 chg bounds, 0 chg sides, 0 chg coeffs, 0 upgd conss, 0 impls, 191 clqs
(round 2, fast)       15 del vars, 1 del conss, 0 add conss, 0 chg bounds, 0 chg sides, 0 chg coeffs, 0 upgd conss, 0 impls, 191 clqs
(round 3, exhaustive) 15 del vars, 5 del conss, 0 add conss, 0 chg bounds, 4 chg sides, 0 chg coeffs, 0 upgd conss, 0 impls, 191 clqs
(round 4, exhaustive) 15 del vars, 5 del conss, 0 add conss, 0 chg bounds, 4 chg sides, 0 chg coeffs, 187 upgd conss, 0 impls, 191 clqs
(round 5, medium)     54 del vars, 5 del conss, 0 add conss, 0 chg bounds, 4 chg sides, 39 chg coeffs, 187 upgd conss, 0 impls, 191 clqs
(round 6, fast)       77 del vars, 6 del conss, 0 add conss, 0 chg bounds, 4 chg sides, 39 chg coeffs, 187 upgd conss, 0 impls, 190 clqs
(round 7, exhaustive) 77 del vars, 9 del conss, 0 add conss, 0 chg bounds, 4 chg sides, 39 chg coeffs, 187 upgd conss, 0 impls, 190 clqs
   (0.0s) probing: 51/423 (12.1%) - 0 fixings, 0 aggregations, 0 implications, 0 bound changes
   (0.0s) probing aborted: 50/50 successive totally useless probings
   (0.0s) symmetry computation started: requiring (bin +, int +, cont +), (fixed: bin -, int -, cont -)
   (0.0s) no symmetry present (symcode time: 0.00)
presolving (8 rounds: 8 fast, 6 medium, 4 exhaustive):
 77 deleted vars, 9 deleted constraints, 0 added constraints, 0 tightened bounds, 0 added holes, 4 changed sides, 39 changed coefficients
 0 implications, 190 cliques
presolved problem has 423 variables (423 bin, 0 int, 0 impl, 0 cont) and 183 constraints
    183 constraints of type <setppc>
Presolving Time: 0.02

 time | node  | left  |LP iter|LP it/n|mem/heur|mdpt |vars |cons |rows |cuts |sepa|confs|strbr|  dualbound   | primalbound  |  gap   | compl. 
  0.1s|     1 |     0 |   899 |     - |  5382k |   0 | 423 | 183 | 183 |   0 |  0 |   0 |   0 | 8.012599e+03 |      --      |    Inf | unknown
d 0.1s|     1 |     0 |   899 |     - |coefdivi|   0 | 423 | 183 | 183 |   0 |  1 |   0 |   0 | 8.012599e+03 | 2.861872e+03 | 179.98%| unknown
d 0.1s|     1 |     0 |  1001 |     - |coefdivi|   0 | 423 | 183 | 183 |   0 |  1 |   0 |   0 | 8.012599e+03 | 4.459220e+03 |  79.69%| unknown
d 0.1s|     1 |     0 |  1127 |     - |coefdivi|   0 | 423 | 183 | 183 |   0 |  1 |   0 |   0 | 8.012599e+03 | 4.775294e+03 |  67.79%| unknown
d 0.1s|     1 |     0 |  1162 |     - |coefdivi|   0 | 423 | 183 | 183 |   0 |  1 |   0 |   0 | 8.012599e+03 | 7.076902e+03 |  13.22%| unknown
  0.1s|     1 |     0 |  1162 |     - |  5471k |   0 | 423 | 183 | 183 |   0 |  1 |   0 |   0 | 8.012599e+03 | 7.076902e+03 |  13.22%| unknown
  0.2s|     1 |     2 |  1162 |     - |  5677k |   0 | 423 | 183 | 183 |   0 |  2 |   0 |  25 | 7.941144e+03 | 7.076902e+03 |  12.21%| unknown

SCIP Status        : solving was interrupted [node limit reached]
Solving Time (sec) : 0.18
Solving Nodes      : 1
Primal Bound       : +7.07690167138510e+03 (36 solutions)
Dual Bound         : +7.94114401346694e+03
Gap                : 12.21 %
