presolving:
   (0.0s) running MILP presolver
   (0.0s) MILP presolver (2 rounds): 0 aggregations, 13 fixings, 0 bound changes
(round 1, medium)     13 del vars, 0 del conss, 0 add conss, 0 chg bounds, 0 chg sides, 0 chg coeffs, 0 upgd conss, 0 impls, 186 clqs
(round 2, fast)       13 del vars, 1 del conss, 0 add conss, 0 chg bounds, 0 chg sides, 0 chg coeffs, 0 upgd conss, 0 impls, 186 clqs
(round 3, exhaustive) 13 del vars, 5 del conss, 0 add conss, 0 chg bounds, 4 chg sides, 0 chg coeffs, 0 upgd conss, 0 impls, 186 clqs
(round 4, exhaustive) 13 del vars, 5 del conss, 0 add conss, 0 chg bounds, 4 chg sides, 0 chg coeffs, 182 upgd conss, 0 impls, 186 clqs
(round 5, medium)     47 del vars, 5 del conss, 0 add conss, 0 chg bounds, 4 chg sides, 34 chg coeffs, 182 upgd conss, 0 impls, 186 clqs
(round 6, fast)       57 del vars, 5 del conss, 0 add conss, 0 chg bounds, 4 chg sides, 34 chg coeffs, 182 upgd conss, 0 impls, 186 clqs
(round 7, exhaustive) 57 del vars, 7 del conss, 0 add conss, 0 chg bounds, 4 chg sides, 34 chg coeffs, 182 upgd conss, 0 impls, 186 clqs
   (0.0s) probing: 51/443 (11.5%) - 0 fixings, 0 aggregations, 0 implications, 0 bound changes
   (0.0s) probing aborted: 50/50 successive totally useless probings
   (0.0s) symmetry computation started: requiring (bin +, int +, cont +), (fixed: bin -, int -, cont -)
   (0.0s) no symmetry present (symcode time: 0.00)
presolving (8 rounds: 8 fast, 6 medium, 4 exhaustive):
 57 deleted vars, 7 deleted constraints, 0 added constraints, 0 tightened bounds, 0 added holes, 4 changed sides, 34 changed coefficients
 0 implications, 186 cliques
presolved problem has 443 variables (443 bin, 0 int, 0 impl, 0 cont) and 180 constraints
    180 constraints of type <setppc>
Presolving Time: 0.02

 time | node  | left  |LP iter|LP it/n|mem/heur|mdpt |vars |cons |rows |cuts |sepa|confs|strbr|  dualbound   | primalbound  |  gap   | compl. 
  0.1s|     1 |     0 |  1829 |     - |  5490k |   0 | 443 | 180 | 180 |   0 |  0 |   0 |   0 | 7.760640e+03 |      --      |    Inf | unknown
d 0.1s|     1 |     0 |  1829 |     - |coefdivi|   0 | 443 | 180 | 180 |   0 |  1 |   0 |   0 | 7.760640e+03 | 2.845175e+03 | 172.76%| unknown
d 0.1s|     1 |     0 |  2076 |     - |coefdivi|   0 | 443 | 180 | 180 |   0 |  1 |   0 |   0 | 7.760640e+03 | 3.372400e+03 | 130.12%| unknown
d 0.1s|     1 |     0 |  2125 |     - |coefdivi|   0 | 443 | 180 | 180 |   0 |  1 |   0 |   0 | 7.760640e+03 | 4.003539e+03 |  93.84%| unknown
d 0.1s|     1 |     0 |  2159 |     - |coefdivi|   0 | 443 | 180 | 180 |   0 |  1 |   0 |   0 | 7.760640e+03 | 6.552498e+03 |  18.44%| unknown
d 0.1s|     1 |     0 |  2169 |     - |coefdivi|   0 | 443 | 180 | 180 |   0 |  1 |   0 |   0 | 7.760640e+03 | 6.835858e+03 |  13.53%| unknown
  0.1s|     1 |     0 |  2169 |     - |  5624k |   0 | 443 | 180 | 180 |   0 |  1 |   0 |   0 | 7.760640e+03 | 6.835858e+03 |  13.53%| unknown
  0.2s|     1 |     2 |  2169 |     - |  5780k |   0 | 443 | 180 | 180 |   0 |  2 |   0 |  22 | 7.712633e+03 | 6.835858e+03 |  12.83%| unknown

SCIP Status        : solving was interrupted [node limit reached]
Solving Time (sec) : 0.25
Solving Nodes      : 1
Primal Bound       : +6.83585818411040e+03 (31 solutions)
Dual Bound         : +7.71263283501368e+03
Gap                : 12.83 %
