presolving:
(round 1, fast)       0 del vars, 1 del conss, 0 add conss, 0 chg bounds, 0 chg sides, 0 chg coeffs, 0 upgd conss, 0 impls, 189 clqs
(round 2, fast)       1 del vars, 1 del conss, 0 add conss, 0 chg bounds, 0 chg sides, 0 chg coeffs, 0 upgd conss, 0 impls, 189 clqs
   (0.0s) running MILP presolver
   (0.0s) MILP presolver (2 rounds): 0 aggregations, 18 fixings, 0 bound changes
(round 3, medium)     19 del vars, 1 del conss, 0 add conss, 0 chg bounds, 0 chg sides, 0 chg coeffs, 0 upgd conss, 0 impls, 189 clqs
(round 4, exhaustive) 19 del vars, 8 del conss, 0 add conss, 0 chg bounds, 7 chg sides, 0 chg coeffs, 0 upgd conss, 0 impls, 189 clqs
(round 5, exhaustive) 19 del vars, 8 del conss, 0 add conss, 0 chg bounds, 7 chg sides, 0 chg coeffs, 182 upgd conss, 0 impls, 189 clqs
(round 6, medium)     63 del vars, 8 del conss, 0 add conss, 0 chg bounds, 7 chg sides, 44 chg coeffs, 182 upgd conss, 0 impls, 189 clqs
(round 7, fast)       96 del vars, 10 del conss, 0 add conss, 0 chg bounds, 7 chg sides, 44 chg coeffs, 182 upgd conss, 0 impls, 185 clqs
   (0.0s) running MILP presolver
   (0.0s) MILP presolver (2 rounds): 0 aggregations, 3 fixings, 0 bound changes
(round 8, medium)     99 del vars, 11 del conss, 0 add conss, 0 chg bounds, 7 chg sides, 44 chg coeffs, 182 upgd conss, 0 impls, 184 clqs
(round 9, exhaustive) 99 del vars, 17 del conss, 0 add conss, 0 chg bounds, 7 chg sides, 44 chg coeffs, 182 upgd conss, 0 impls, 184 clqs
   (0.0s) probing: 51/401 (12.7%) - 0 fixings, 0 aggregations, 0 implications, 0 bound changes
   (0.0s) probing aborted: 50/50 successive totally useless probings
   (0.0s) symmetry computation started: requiring (bin +, int +, cont +), (fixed: bin -, int -, cont -)
   (0.0s) no symmetry present (symcode time: 0.00)
presolving (10 rounds: 10 fast, 7 medium, 4 exhaustive):
 99 deleted vars, 17 deleted constraints, 0 added constraints, 0 tightened bounds, 0 added holes, 7 changed sides, 44 changed coefficients
 0 implications, 184 cliques
presolved problem has 401 variables (401 bin, 0 int, 0 impl, 0 cont) and 173 constraints
    173 constraints of type <setppc>
Presolving Time: 0.02

 time | node  | left  |LP iter|LP it/n|mem/heur|mdpt |vars |cons |rows |cuts |sepa|confs|strbr|  dualbound   | primalbound  |  gap   | compl. 
  0.1s|     1 |     0 |   991 |     - |  4923k |   0 | 401 | 173 | 173 |   0 |  0 |   0 |   0 | 7.252940e+03 |      --      |    Inf | unknown
d 0.1s|     1 |     0 |   991 |     - |coefdivi|   0 | 401 | 173 | 173 |   0 |  1 |   0 |   0 | 7.252940e+03 | 3.413654e+03 | 112.47%| unknown
d 0.1s|     1 |     0 |  1044 |     - |coefdivi|   0 | 401 | 173 | 173 |   0 |  1 |   0 |   0 | 7.252940e+03 | 4.155745e+03 |  74.53%| unknown
d 0.1s|     1 |     0 |  1098 |     - |coefdivi|   0 | 401 | 173 | 173 |   0 |  1 |   0 |   0 | 7.252940e+03 | 4.775594e+03 |  51.88%| unknown
d 0.1s|     1 |     0 |  1126 |     - |coefdivi|   0 | 401 | 173 | 173 |   0 |  1 |   0 |   0 | 7.252940e+03 | 6.321897e+03 |  14.73%| unknown
d 0.1s|     1 |     0 |  1130 |     - |coefdivi|   0 | 401 | 173 | 173 |   0 |  1 |   0 |   0 | 7.252940e+03 | 7.045731e+03 |   2.94%| unknown
  0.1s|     1 |     0 |  1130 |     - |  5004k |   0 | 401 | 173 | 173 |   0 |  1 |   0 |   0 | 7.252940e+03 | 7.045731e+03 |   2.94%| unknown
  0.1s|     1 |     0 |  1130 |     - |  5004k |   0 | 401 | 173 | 173 |   0 |  1 |   0 |   0 | 7.252940e+03 | 7.045731e+03 |   2.94%| unknown
  0.1s|     1 |     2 |  1130 |     - |  5140k |   0 | 401 | 173 | 173 |   0 |  2 |   0 |  19 | 7.224608e+03 | 7.045731e+03 |   2.54%| unknown

SCIP Status        : solving was interrupted [node limit reached]
Solving Time (sec) : 0.13
Solving Nodes      : 1
Primal Bound       : +7.04573122866998e+03 (27 solutions)
Dual Bound         : +7.22460808207087e+03
Gap                : 2.54 %
