presolving:
   (0.0s) running MILP presolver
   (0.0s) MILP presolver (2 rounds): 0 aggregations, 24 fixings, 0 bound changes
(round 1, medium)     24 del vars, 0 del conss, 0 add conss, 0 chg bounds, 0 chg sides, 0 chg coeffs, 0 upgd conss, 0 impls, 192 clqs
(round 2, exhaustive) 24 del vars, 2 del conss, 0 add conss, 0 chg bounds, 2 chg sides, 0 chg coeffs, 0 upgd conss, 0 impls, 192 clqs
(round 3, exhaustive) 24 del vars, 2 del conss, 0 add conss, 0 chg bounds, 2 chg sides, 0 chg coeffs, 190 upgd conss, 0 impls, 192 clqs
(round 4, medium)     67 del vars, 2 del conss, 0 add conss, 0 chg bounds, 2 chg sides, 43 chg coeffs, 190 upgd conss, 0 impls, 192 clqs
(round 5, fast)       93 del vars, 4 del conss, 0 add conss, 0 chg bounds, 2 chg sides, 43 chg coeffs, 190 upgd conss, 0 impls, 190 clqs
(round 6, exhaustive) 93 del vars, 11 del conss, 0 add conss, 0 chg bounds, 2 chg sides, 43 chg coeffs, 190 upgd conss, 0 impls, 190 clqs
   (0.0s) probing: 51/407 (12.5%) - 0 fixings, 0 aggregations, 0 implications, 0 bound changes
   (0.0s) probing aborted: 50/50 successive totally useless probings
   (0.0s) symmetry computation started: requiring (bin +, int +, cont +), (fixed: bin -, int -, cont -)
   (0.0s) no symmetry present (symcode time: 0.00)
presolving (7 rounds: 7 fast, 6 medium, 4 exhaustive):
 93 deleted vars, 11 deleted constraints, 0 added constraints, 0 tightened bounds, 0 added holes, 2 changed sides, 43 changed coefficients
 0 implications, 190 cliques
presolved problem has 407 variables (407 bin, 0 int, 0 impl, 0 cont) and 181 constraints
    181 constraints of type <setppc>
Presolving Time: 0.02

 time | node  | left  |LP iter|LP it/n|mem/heur|mdpt |vars |cons |rows |cuts |sepa|confs|strbr|  dualbound   | primalbound  |  gap   | compl. 
  0.1s|     1 |     0 |  1087 |     - |  5102k |   0 | 407 | 181 | 181 |   0 |  0 |   0 |   0 | 7.067702e+03 |      --      |    Inf | unknown
d 0.1s|     1 |     0 |  1087 |     - |coefdivi|   0 | 407 | 181 | 181 |   0 |  1 |   0 |   0 | 7.067702e+03 | 2.974763e+03 | 137.59%| unknown
d 0.1s|     1 |     0 |  1210 |     - |coefdivi|   0 | 407 | 181 | 181 |   0 |  1 |   0 |   0 | 7.067702e+03 | 3.582430e+03 |  97.29%| unknown
d 0.1s|     1 |     0 |  1289 |     - |coefdivi|   0 | 407 | 181 | 181 |   0 |  1 |   0 |   0 | 7.067702e+03 | 3.880914e+03 |  82.11%| unknown
d 0.1s|     1 |     0 |  1334 |     - |coefdivi|   0 | 407 | 181 | 181 |   0 |  1 |   0 |   0 | 7.067702e+03 | 5.814401e+03 |  21.56%| unknown
d 0.1s|     1 |     0 |  1340 |     - |coefdivi|   0 | 407 | 181 | 181 |   0 |  1 |   0 |   0 | 7.067702e+03 | 6.270817e+03 |  12.71%| unknown
  0.1s|     1 |     0 |  1340 |     - |  5193k |   0 | 407 | 181 | 181 |   0 |  1 |   0 |   0 | 7.067702e+03 | 6.270817e+03 |  12.71%| unknown
  0.1s|     1 |     2 |  1340 |     - |  5311k |   0 | 407 | 181 | 181 |   0 |  2 |   0 |  19 | 7.032327e+03 | 6.270817e+03 |  12.14%| unknown

SCIP Status        : solving was interrupted [node limit reached]
Solving Time (sec) : 0.14
Solving Nodes      : 1
Primal Bound       : +6.27081723406157e+03 (27 solutions)
Dual Bound         : +7.03232696381166e+03
Gap                : 12.14 %
