presolving:
(round 1, fast)       0 del vars, 1 del conss, 0 add conss, 0 chg bounds, 0 chg sides, 0 chg coeffs, 0 upgd conss, 0 impls, 199 clqs
(round 2, fast)       1 del vars, 1 del conss, 0 add conss, 0 chg bounds, 0 chg sides, 0 chg coeffs, 0 upgd conss, 0 impls, 199 clqs
   (0.0s) running MILP presolver
   (0.0s) MILP presolver (2 rounds): 0 aggregations, 8 fixings, 0 bound changes
(round 3, medium)     9 del vars, 1 del conss, 0 add conss, 0 chg bounds, 0 chg sides, 0 chg coeffs, 0 upgd conss, 0 impls, 199 clqs
(round 4, exhaustive) 9 del vars, 5 del conss, 0 add conss, 0 chg bounds, 4 chg sides, 0 chg coeffs, 0 upgd conss, 0 impls, 199 clqs
(round 5, exhaustive) 9 del vars, 5 del conss, 0 add conss, 0 chg bounds, 4 chg sides, 0 chg coeffs, 195 upgd conss, 0 impls, 199 clqs
(round 6, medium)     41 del vars, 5 del conss, 0 add conss, 0 chg bounds, 4 chg sides, 32 chg coeffs, 195 upgd conss, 0 impls, 199 clqs
(round 7, fast)       60 del vars, 5 del conss, 0 add conss, 0 chg bounds, 4 chg sides, 32 chg coeffs, 195 upgd conss, 0 impls, 199 clqs
(round 8, exhaustive) 60 del vars, 10 del conss, 0 add conss, 0 chg bounds, 4 chg sides, 32 chg coeffs, 195 upgd conss, 0 impls, 199 clqs
   (0.0s) probing: 51/440 (11.6%) - 0 fixings, 0 aggregations, 0 implications, 0 bound changes
   (0.0s) probing aborted: 50/50 successive totally useless probings
   (0.0s) symmetry computation started: requiring (bin +, int +, cont +), (fixed: bin -, int -, cont -)
   (0.0s) no symmetry present (symcode time: 0.00)
presolving (9 rounds: 9 fast, 6 medium, 4 exhaustive):
 60 deleted vars, 10 deleted constraints, 0 added constraints, 0 tightened bounds, 0 added holes, 4 changed sides, 32 changed coefficients
 0 implications, 199 cliques
presolved problem has 440 variables (440 bin, 0 int, 0 impl, 0 cont) and 190 constraints
    190 constraints of type <setppc>
Presolving Time: 0.04

 time | node  | left  |LP iter|LP it/n|mem/heur|mdpt |vars |cons |rows |cuts |sepa|confs|strbr|  dualbound   | primalbound  |  gap   | compl. 
  0.1s|     1 |     0 |  1460 |     - |  5417k |   0 | 440 | 190 | 190 |   0 |  0 |   0 |   0 | 7.378022e+03 |      --      |    Inf | unknown
d 0.1s|     1 |     0 |  1460 |     - |coefdivi|   0 | 440 | 190 | 190 |   0 |  1 |   0 |   0 | 7.378022e+03 | 2.768423e+03 | 166.51%| unknown
d 0.1s|     1 |     0 |  1560 |     - |coefdivi|   0 | 440 | 190 | 190 |   0 |  1 |   0 |   0 | 7.378022e+03 | 4.168093e+03 |  77.01%| unknown
d 0.1s|     1 |     0 |  1617 |     - |coefdivi|   0 | 440 | 190 | 190 |   0 |  1 |   0 |   0 | 7.378022e+03 | 5.235006e+03 |  40.94%| unknown
d 0.1s|     1 |     0 |  1633 |     - |coefdivi|   0 | 440 | 190 | 190 |   0 |  1 |   0 |   0 | 7.378022e+03 | 7.110750e+03 |   3.76%| unknown
  0.1s|     1 |     0 |  1633 |     - |  5535k |   0 | 440 | 190 | 190 |   0 |  1 |   0 |   0 | 7.378022e+03 | 7.110750e+03 |   3.76%| unknown
  0.1s|     1 |     0 |  1633 |     - |  5535k |   0 | 440 | 190 | 190 |   0 |  1 |   0 |   0 | 7.378022e+03 | 7.110750e+03 |   3.76%| unknown
  0.3s|     1 |     2 |  1633 |     - |  5636k |   0 | 440 | 190 | 190 |   0 |  2 |   0 |  24 | 7.343706e+03 | 7.110750e+03 |   3.28%| unknown

SCIP Status        : solving was interrupted [node limit reached]
Solving Time (sec) : 0.33
Solving Nodes      : 1
Primal Bound       : +7.11075049068851e+03 (28 solutions)
Dual Bound         : +7.34370598000193e+03
Gap                : 3.28 %
