presolving:
(round 1, fast)       1 del vars, 3 del conss, 0 add conss, 0 chg bounds, 0 chg sides, 0 chg coeffs, 0 upgd conss, 0 impls, 185 clqs
   (0.0s) running MILP presolver
   (0.0s) MILP presolver (2 rounds): 0 aggregations, 20 fixings, 0 bound changes
(round 2, medium)     21 del vars, 3 del conss, 0 add conss, 0 chg bounds, 0 chg sides, 0 chg coeffs, 0 upgd conss, 0 impls, 185 clqs
(round 3, exhaustive) 21 del vars, 8 del conss, 0 add conss, 0 chg bounds, 5 chg sides, 0 chg coeffs, 0 upgd conss, 0 impls, 185 clqs
(round 4, exhaustive) 21 del vars, 8 del conss, 0 add conss, 0 chg bounds, 5 chg sides, 0 chg coeffs, 180 upgd conss, 0 impls, 185 clqs
(round 5, medium)     50 del vars, 8 del conss, 0 add conss, 0 chg bounds, 5 chg sides, 29 chg coeffs, 180 upgd conss, 0 impls, 185 clqs
(round 6, fast)       73 del vars, 9 del conss, 0 add conss, 0 chg bounds, 5 chg sides, 29 chg coeffs, 180 upgd conss, 0 impls, 182 clqs
(round 7, exhaustive) 73 del vars, 13 del conss, 0 add conss, 0 chg bounds, 5 chg sides, 29 chg coeffs, 180 upgd conss, 0 impls, 182 clqs
   (0.0s) probing: 51/427 (11.9%) - 0 fixings, 0 aggregations, 0 implications, 0 bound changes
   (0.0s) probing aborted: 50/50 successive totally useless probings
   (0.0s) symmetry computation started: requiring (bin +, int +, cont +), (fixed: bin -, int -, cont -)
   (0.0s) no symmetry present (symcode time: 0.00)
presolving (8 rounds: 8 fast, 6 medium, 4 exhaustive):
 73 deleted vars, 13 deleted constraints, 0 added constraints, 0 tightened bounds, 0 added holes, 5 changed sides, 29 changed coefficients
 0 implications, 182 cliques
presolved problem has 427 variables (427 bin, 0 int, 0 impl, 0 cont) and 175 constraints
    175 constraints of type <setppc>
Presolving Time: 0.03

 time | node  | left  |LP iter|LP it/n|mem/heur|mdpt |vars |cons |rows |cuts |sepa|confs|strbr|  dualbound   | primalbound  |  gap   | compl. 
  0.1s|     1 |     0 |  1497 |     - |  5348k |   0 | 427 | 175 | 175 |   0 |  0 |   0 |   0 | 7.501203e+03 |      --      |    Inf | unknown
d 0.1s|     1 |     0 |  1497 |     - |coefdivi|   0 | 427 | 175 | 175 |   0 |  1 |   0 |   0 | 7.501203e+03 | 2.618032e+03 | 186.52%| unknown
d 0.1s|     1 |     0 |  1596 |     - |coefdivi|   0 | 427 | 175 | 175 |   0 |  1 |   0 |   0 | 7.501203e+03 | 2.842983e+03 | 163.85%| unknown
d 0.1s|     1 |     0 |  1654 |     - |coefdivi|   0 | 427 | 175 | 175 |   0 |  1 |   0 |   0 | 7.501203e+03 | 3.799209e+03 |  97.44%| unknown
d 0.2s|     1 |     0 |  1727 |     - |coefdivi|   0 | 427 | 175 | 175 |   0 |  1 |   0 |   0 | 7.501203e+03 | 5.598499e+03 |  33.99%| unknown
d 0.2s|     1 |     0 |  1729 |     - |coefdivi|   0 | 427 | 175 | 175 |   0 |  1 |   0 |   0 | 7.501203e+03 | 6.776835e+03 |  10.69%| unknown
  0.2s|     1 |     0 |  1729 |     - |  5439k |   0 | 427 | 175 | 175 |   0 |  1 |   0 |   0 | 7.501203e+03 | 6.776835e+03 |  10.69%| unknown
  0.3s|     1 |     2 |  1729 |     - |  5550k |   0 | 427 | 175 | 175 |   0 |  2 |   0 |  19 | 7.433624e+03 | 6.776835e+03 |   9.69%| unknown

SCIP Status        : solving was interrupted [node limit reached]
Solving Time (sec) : 0.28
Solving Nodes      : 1
Primal Bound       : +6.77683467768371e+03 (26 solutions)
Dual Bound         : +7.43362410431652e+03
Gap                : 9.69 %
