presolving:
   (0.0s) running MILP presolver
   (0.0s) MILP presolver (2 rounds): 0 aggregations, 14 fixings, 0 bound changes
(round 1, medium)     14 del vars, 0 del conss, 0 add conss, 0 chg bounds, 0 chg sides, 0 chg coeffs, 0 upgd conss, 0 impls, 198 clqs
(round 2, fast)       14 del vars, 1 del conss, 0 add conss, 0 chg bounds, 0 chg sides, 0 chg coeffs, 0 upgd conss, 0 impls, 198 clqs
(round 3, exhaustive) 14 del vars, 6 del conss, 0 add conss, 0 chg bounds, 5 chg sides, 0 chg coeffs, 0 upgd conss, 0 impls, 198 clqs
(round 4, exhaustive) 14 del vars, 6 del conss, 0 add conss, 0 chg bounds, 5 chg sides, 0 chg coeffs, 193 upgd conss, 0 impls, 198 clqs
(round 5, medium)     50 del vars, 6 del conss, 0 add conss, 0 chg bounds, 5 chg sides, 36 chg coeffs, 193 upgd conss, 0 impls, 198 clqs
(round 6, fast)       65 del vars, 8 del conss, 0 add conss, 0 chg bounds, 5 chg sides, 36 chg coeffs, 193 upgd conss, 0 impls, 196 clqs
(round 7, exhaustive) 65 del vars, 11 del conss, 0 add conss, 0 chg bounds, 5 chg sides, 36 chg coeffs, 193 upgd conss, 0 impls, 196 clqs
   (0.0s) probing: 51/435 (11.7%) - 0 fixings, 0 aggregations, 0 implications, 0 bound changes
   (0.0s) probing aborted: 50/50 successive totally useless probings
   (0.0s) symmetry computation started: requiring (bin +, int +, cont +), (fixed: bin -, int -, cont -)
   (0.0s) no symmetry present (symcode time: 0.00)
presolving (8 rounds: 8 fast, 6 medium, 4 exhaustive):
 65 deleted vars, 11 deleted constraints, 0 added constraints, 0 tightened bounds, 0 added holes, 5 changed sides, 36 changed coefficients
 0 implications, 196 cliques
presolved problem has 435 variables (435 bin, 0 int, 0 impl, 0 cont) and 188 constraints
    188 constraints of type <setppc>
Presolving Time: 0.02

 time | node  | left  |LP iter|LP it/n|mem/heur|mdpt |vars |cons |rows |cuts |sepa|confs|strbr|  dualbound   | primalbound  |  gap   | compl. 
  0.1s|     1 |     0 |  1627 |     - |  5692k |   0 | 435 | 188 | 188 |   0 |  0 |   0 |   0 | 7.382134e+03 |      --      |    Inf | unknown
d 0.1s|     1 |     0 |  1627 |     - |coefdivi|   0 | 435 | 188 | 188 |   0 |  1 |   0 |   0 | 7.382134e+03 | 2.838560e+03 | 160.07%| unknown
d 0.1s|     1 |     0 |  1746 |     - |coefdivi|   0 | 435 | 188 | 188 |   0 |  1 |   0 |   0 | 7.382134e+03 | 4.114156e+03 |  79.43%| unknown
d 0.1s|     1 |     0 |  1786 |     - |coefdivi|   0 | 435 | 188 | 188 |   0 |  1 |   0 |   0 | 7.382134e+03 | 6.490487e+03 |  13.74%| unknown
  0.1s|     1 |     0 |  1786 |     - |  5795k |   0 | 435 | 188 | 188 |   0 |  1 |   0 |   0 | 7.382134e+03 | 6.490487e+03 |  13.74%| unknown
  0.2s|     1 |     2 |  1786 |     - |  5905k |   0 | 435 | 188 | 188 |   0 |  2 |   0 |  20 | 7.317294e+03 | 6.490487e+03 |  12.74%| unknown

SCIP Status        : solving was interrupted [node limit reached]
Solving Time (sec) : 0.21
Solving Nodes      : 1
Primal Bound       : +6.49048740307800e+03 (25 solutions)
Dual Bound         : +7.31729445657396e+03
Gap                : 12.74 %
