presolving:
   (0.0s) running MILP presolver
   (0.0s) MILP presolver (2 rounds): 0 aggregations, 19 fixings, 0 bound changes
(round 1, medium)     19 del vars, 0 del conss, 0 add conss, 0 chg bounds, 0 chg sides, 0 chg coeffs, 0 upgd conss, 0 impls, 190 clqs
(round 2, exhaustive) 19 del vars, 4 del conss, 0 add conss, 0 chg bounds, 4 chg sides, 0 chg coeffs, 0 upgd conss, 0 impls, 190 clqs
(round 3, exhaustive) 19 del vars, 4 del conss, 0 add conss, 0 chg bounds, 4 chg sides, 0 chg coeffs, 186 upgd conss, 0 impls, 190 clqs
(round 4, medium)     55 del vars, 4 del conss, 0 add conss, 0 chg bounds, 4 chg sides, 36 chg coeffs, 186 upgd conss, 0 impls, 190 clqs
(round 5, fast)       81 del vars, 5 del conss, 0 add conss, 0 chg bounds, 4 chg sides, 36 chg coeffs, 186 upgd conss, 0 impls, 188 clqs
(round 6, exhaustive) 81 del vars, 7 del conss, 0 add conss, 0 chg bounds, 4 chg sides, 36 chg coeffs, 186 upgd conss, 0 impls, 188 clqs
(round 7, exhaustive) 82 del vars, 7 del conss, 0 add conss, 0 chg bounds, 4 chg sides, 36 chg coeffs, 186 upgd conss, 0 impls, 188 clqs
   (0.0s) probing: 51/418 (12.2%) - 0 fixings, 0 aggregations, 0 implications, 0 bound changes
   (0.0s) probing aborted: 50/50 successive totally useless probings
   (0.0s) symmetry computation started: requiring (bin +, int +, cont +), (fixed: bin -, int -, cont -)
   (0.0s) no symmetry present (symcode time: 0.00)
presolving (8 rounds: 8 fast, 7 medium, 5 exhaustive):
 82 deleted vars, 7 deleted constraints, 0 added constraints, 0 tightened bounds, 0 added holes, 4 changed sides, 36 changed coefficients
 0 implications, 188 cliques
presolved problem has 418 variables (418 bin, 0 int, 0 impl, 0 cont) and 183 constraints
    183 constraints of type <setppc>
Presolving Time: 0.02

 time | node  | left  |LP iter|LP it/n|mem/heur|mdpt |vars |cons |rows |cuts |sepa|confs|strbr|  dualbound   | primalbound  |  gap   | compl. 
  0.1s|     1 |     0 |  1611 |     - |  5091k |   0 | 418 | 183 | 183 |   0 |  0 |   0 |   0 | 7.621939e+03 |      --      |    Inf | unknown
d 0.1s|     1 |     0 |  1611 |     - |coefdivi|   0 | 418 | 183 | 183 |   0 |  1 |   0 |   0 | 7.621939e+03 | 3.285328e+03 | 132.00%| unknown
d 0.1s|     1 |     0 |  1704 |     - |coefdivi|   0 | 418 | 183 | 183 |   0 |  1 |   0 |   0 | 7.621939e+03 | 4.648339e+03 |  63.97%| unknown
d 0.1s|     1 |     0 |  1764 |     - |coefdivi|   0 | 418 | 183 | 183 |   0 |  1 |   0 |   0 | 7.621939e+03 | 5.340472e+03 |  42.72%| unknown
d 0.1s|     1 |     0 |  1790 |     - |coefdivi|   0 | 418 | 183 | 183 |   0 |  1 |   0 |   0 | 7.621939e+03 | 6.576891e+03 |  15.89%| unknown
d 0.1s|     1 |     0 |  1791 |     - |coefdivi|   0 | 418 | 183 | 183 |   0 |  1 |   0 |   0 | 7.621939e+03 | 6.967763e+03 |   9.39%| unknown
  0.1s|     1 |     0 |  1791 |     - |  5204k |   0 | 418 | 183 | 183 |   0 |  1 |   0 |   0 | 7.621939e+03 | 6.967763e+03 |   9.39%| unknown
* 0.3s|     1 |     0 |  1791 |     - |strongbr|   0 | 418 | 183 | 183 |   0 |  2 |   0 |  21 | 7.621939e+03 | 7.506198e+03 |   1.54%| unknown
  0.3s|     1 |     0 |  1828 |     - |  5568k |   0 | 418 | 183 | 183 |   0 |  2 |   0 |  32 | 7.590898e+03 | 7.506198e+03 |   1.13%| unknown
  0.3s|     1 |     0 |  1828 |     - |  5568k |   0 | 418 | 183 | 170 |   0 |  2 |   0 |  32 | 7.590898e+03 | 7.506198e+03 |   1.13%| unknown

SCIP Status        : solving was interrupted [node limit reached]
Solving Time (sec) : 0.33
Solving Nodes      : 1
Primal Bound       : +7.50619763097476e+03 (43 solutions)
Dual Bound         : +7.59089829442890e+03
Gap                : 1.13 %
