presolving:
(round 1, fast)       1 del vars, 1 del conss, 0 add conss, 0 chg bounds, 0 chg sides, 0 chg coeffs, 0 upgd conss, 0 impls, 194 clqs
   (0.0s) running MILP presolver
   (0.0s) MILP presolver (2 rounds): 0 aggregations, 10 fixings, 0 bound changes
(round 2, medium)     11 del vars, 1 del conss, 0 add conss, 0 chg bounds, 0 chg sides, 0 chg coeffs, 0 upgd conss, 0 impls, 194 clqs
(round 3, exhaustive) 11 del vars, 4 del conss, 0 add conss, 0 chg bounds, 3 chg sides, 0 chg coeffs, 0 upgd conss, 0 impls, 194 clqs
(round 4, exhaustive) 11 del vars, 4 del conss, 0 add conss, 0 chg bounds, 3 chg sides, 0 chg coeffs, 191 upgd conss, 0 impls, 194 clqs
(round 5, medium)     47 del vars, 4 del conss, 0 add conss, 0 chg bounds, 3 chg sides, 36 chg coeffs, 191 upgd conss, 0 impls, 194 clqs
(round 6, fast)       67 del vars, 4 del conss, 0 add conss, 0 chg bounds, 3 chg sides, 36 chg coeffs, 191 upgd conss, 0 impls, 194 clqs
(round 7, exhaustive) 67 del vars, 11 del conss, 0 add conss, 0 chg bounds, 3 chg sides, 36 chg coeffs, 191 upgd conss, 0 impls, 194 clqs
   (0.0s) probing: 51/433 (11.8%) - 0 fixings, 0 aggregations, 0 implications, 0 bound changes
   (0.0s) probing aborted: 50/50 successive totally useless probings
   (0.0s) symmetry computation started: requiring (bin +, int +, cont +), (fixed: bin -, int -, cont -)
   (0.0s) no symmetry present (symcode time: 0.00)
presolving (8 rounds: 8 fast, 6 medium, 4 exhaustive):
 67 deleted vars, 11 deleted constraints, 0 added constraints, 0 tightened bounds, 0 added holes, 3 changed sides, 36 changed coefficients
 0 implications, 194 cliques
presolved problem has 433 variables (433 bin, 0 int, 0 impl, 0 cont) and 184 constraints
    184 constraints of type <setppc>
Presolving Time: 0.02

 time | node  | left  |LP iter|LP it/n|mem/heur|mdpt |vars |cons |rows |cuts |sepa|confs|strbr|  dualbound   | primalbound  |  gap   | compl. 
  0.1s|     1 |     0 |  1204 |     - |  5366k |   0 | 433 | 184 | 184 |   0 |  0 |   0 |   0 | 7.491818e+03 |      --      |    Inf | unknown
d 0.1s|     1 |     0 |  1204 |     - |coefdivi|   0 | 433 | 184 | 184 |   0 |  1 |   0 |   0 | 7.491818e+03 | 2.937823e+03 | 155.01%| unknown
d 0.1s|     1 |     0 |  1319 |     - |coefdivi|   0 | 433 | 184 | 184 |   0 |  1 |   0 |   0 | 7.491818e+03 | 3.757882e+03 |  99.36%| unknown
d 0.1s|     1 |     0 |  1390 |     - |coefdivi|   0 | 433 | 184 | 184 |   0 |  1 |   0 |   0 | 7.491818e+03 | 4.763961e+03 |  57.26%| unknown
d 0.1s|     1 |     0 |  1429 |     - |coefdivi|   0 | 433 | 184 | 184 |   0 |  1 |   0 |   0 | 7.491818e+03 | 5.078898e+03 |  47.51%| unknown
d 0.1s|     1 |     0 |  1443 |     - |coefdivi|   0 | 433 | 184 | 184 |   0 |  1 |   0 |   0 | 7.491818e+03 | 6.534564e+03 |  14.65%| unknown
  0.1s|     1 |     0 |  1443 |     - |  5473k |   0 | 433 | 184 | 184 |   0 |  1 |   0 |   0 | 7.491818e+03 | 6.534564e+03 |  14.65%| unknown
  0.3s|     1 |     2 |  1443 |     - |  5700k |   0 | 433 | 184 | 184 |   0 |  2 |   0 |  36 | 7.446412e+03 | 6.534564e+03 |  13.95%| unknown

SCIP Status        : solving was interrupted [node limit reached]
Solving Time (sec) : 0.26
Solving Nodes      : 1
Primal Bound       : +6.53456434289380e+03 (44 solutions)
Dual Bound         : +7.44641248049257e+03
Gap                : 13.95 %
