presolving:
   (0.0s) running MILP presolver
   (0.0s) MILP presolver (2 rounds): 0 aggregations, 19 fixings, 0 bound changes
(round 1, medium)     19 del vars, 0 del conss, 0 add conss, 0 chg bounds, 0 chg sides, 0 chg coeffs, 0 upgd conss, 0 impls, 193 clqs
(round 2, exhaustive) 19 del vars, 5 del conss, 0 add conss, 0 chg bounds, 5 chg sides, 0 chg coeffs, 0 upgd conss, 0 impls, 193 clqs
(round 3, exhaustive) 19 del vars, 5 del conss, 0 add conss, 0 chg bounds, 5 chg sides, 0 chg coeffs, 188 upgd conss, 0 impls, 193 clqs
(round 4, medium)     52 del vars, 5 del conss, 0 add conss, 0 chg bounds, 5 chg sides, 33 chg coeffs, 188 upgd conss, 0 impls, 193 clqs
(round 5, fast)       64 del vars, 5 del conss, 0 add conss, 0 chg bounds, 5 chg sides, 33 chg coeffs, 188 upgd conss, 0 impls, 193 clqs
(round 6, exhaustive) 64 del vars, 7 del conss, 0 add conss, 0 chg bounds, 5 chg sides, 33 chg coeffs, 188 upgd conss, 0 impls, 193 clqs
   (0.0s) probing: 51/436 (11.7%) - 0 fixings, 0 aggregations, 0 implications, 0 bound changes
   (0.0s) probing aborted: 50/50 successive totally useless probings
   (0.0s) symmetry computation started: requiring (bin +, int +, cont +), (fixed: bin -, int -, cont -)
   (0.0s) no symmetry present (symcode time: 0.00)
presolving (7 rounds: 7 fast, 6 medium, 4 exhaustive):
 64 deleted vars, 7 deleted constraints, 0 added constraints, 0 tightened bounds, 0 added holes, 5 changed sides, 33 changed coefficients
 0 implications, 193 cliques
presolved problem has 436 variables (436 bin, 0 int, 0 impl, 0 cont) and 186 constraints
    186 constraints of type <setppc>
Presolving Time: 0.02

 time | node  | left  |LP iter|LP it/n|mem/heur|mdpt |vars |cons |rows |cuts |sepa|confs|strbr|  dualbound   | primalbound  |  gap   | compl. 
  0.1s|     1 |     0 |  1305 |     - |  5399k |   0 | 436 | 186 | 186 |   0 |  0 |   0 |   0 | 7.608986e+03 |      --      |    Inf | unknown
d 0.1s|     1 |     0 |  1305 |     - |coefdivi|   0 | 436 | 186 | 186 |   0 |  1 |   0 |   0 | 7.608986e+03 | 2.255928e+03 | 237.29%| unknown
d 0.1s|     1 |     0 |  1493 |     - |coefdivi|   0 | 436 | 186 | 186 |   0 |  1 |   0 |   0 | 7.608986e+03 | 3.769766e+03 | 101.84%| unknown
d 0.1s|     1 |     0 |  1518 |     - |coefdivi|   0 | 436 | 186 | 186 |   0 |  1 |   0 |   0 | 7.608986e+03 | 4.585576e+03 |  65.93%| unknown
d 0.1s|     1 |     0 |  1540 |     - |coefdivi|   0 | 436 | 186 | 186 |   0 |  1 |   0 |   0 | 7.608986e+03 | 6.862570e+03 |  10.88%| unknown
  0.1s|     1 |     0 |  1540 |     - |  5522k |   0 | 436 | 186 | 186 |   0 |  1 |   0 |   0 | 7.608986e+03 | 6.862570e+03 |  10.88%| unknown
  0.3s|     1 |     2 |  1540 |     - |  5675k |   0 | 436 | 186 | 186 |   0 |  2 |   0 |  39 | 7.574590e+03 | 6.862570e+03 |  10.38%| unknown

SCIP Status        : solving was interrupted [node limit reached]
Solving Time (sec) : 0.25
Solving Nodes      : 1
Primal Bound       : +6.86257031351989e+03 (44 solutions)
Dual Bound         : +7.57458956757683e+03
Gap                : 10.38 %
