presolving:
(round 1, fast)       1 del vars, 1 del conss, 0 add conss, 0 chg bounds, 0 chg sides, 0 chg coeffs, 0 upgd conss, 0 impls, 190 clqs
   (0.0s) running MILP presolver
   (0.0s) MILP presolver (2 rounds): 0 aggregations, 15 fixings, 0 bound changes
(round 2, medium)     16 del vars, 1 del conss, 0 add conss, 0 chg bounds, 0 chg sides, 0 chg coeffs, 0 upgd conss, 0 impls, 189 clqs
(round 3, fast)       17 del vars, 3 del conss, 0 add conss, 0 chg bounds, 0 chg sides, 0 chg coeffs, 0 upgd conss, 0 impls, 188 clqs
(round 4, exhaustive) 17 del vars, 7 del conss, 0 add conss, 0 chg bounds, 4 chg sides, 0 chg coeffs, 0 upgd conss, 0 impls, 188 clqs
(round 5, exhaustive) 17 del vars, 7 del conss, 0 add conss, 0 chg bounds, 4 chg sides, 0 chg coeffs, 184 upgd conss, 0 impls, 188 clqs
(round 6, medium)     62 del vars, 7 del conss, 0 add conss, 0 chg bounds, 4 chg sides, 45 chg coeffs, 184 upgd conss, 0 impls, 187 clqs
(round 7, fast)       84 del vars, 8 del conss, 0 add conss, 0 chg bounds, 4 chg sides, 45 chg coeffs, 184 upgd conss, 0 impls, 186 clqs
(round 8, exhaustive) 84 del vars, 12 del conss, 0 add conss, 0 chg bounds, 4 chg sides, 45 chg coeffs, 184 upgd conss, 0 impls, 186 clqs
   (0.0s) probing: 51/416 (12.3%) - 0 fixings, 0 aggregations, 0 implications, 0 bound changes
   (0.0s) probing aborted: 50/50 successive totally useless probings
   (0.0s) symmetry computation started: requiring (bin +, int +, cont +), (fixed: bin -, int -, cont -)
   (0.0s) no symmetry present (symcode time: 0.00)
presolving (9 rounds: 9 fast, 6 medium, 4 exhaustive):
 84 deleted vars, 12 deleted constraints, 0 added constraints, 0 tightened bounds, 0 added holes, 4 changed sides, 45 changed coefficients
 0 implications, 186 cliques
presolved problem has 416 variables (416 bin, 0 int, 0 impl, 0 cont) and 179 constraints
    179 constraints of type <setppc>
Presolving Time: 0.02

 time | node  | left  |LP iter|LP it/n|mem/heur|mdpt |vars |cons |rows |cuts |sepa|confs|strbr|  dualbound   | primalbound  |  gap   | compl. 
  0.1s|     1 |     0 |  1200 |     - |  5318k |   0 | 416 | 179 | 179 |   0 |  0 |   0 |   0 | 8.211053e+03 |      --      |    Inf | unknown
d 0.1s|     1 |     0 |  1200 |     - |coefdivi|   0 | 416 | 179 | 179 |   0 |  1 |   0 |   0 | 8.211053e+03 | 3.614374e+03 | 127.18%| unknown
d 0.1s|     1 |     0 |  1359 |     - |coefdivi|   0 | 416 | 179 | 179 |   0 |  1 |   0 |   0 | 8.211053e+03 | 4.324541e+03 |  89.87%| unknown
d 0.1s|     1 |     0 |  1410 |     - |coefdivi|   0 | 416 | 179 | 179 |   0 |  1 |   0 |   0 | 8.211053e+03 | 5.048551e+03 |  62.64%| unknown
d 0.1s|     1 |     0 |  1444 |     - |coefdivi|   0 | 416 | 179 | 179 |   0 |  1 |   0 |   0 | 8.211053e+03 | 6.687169e+03 |  22.79%| unknown
d 0.1s|     1 |     0 |  1452 |     - |coefdivi|   0 | 416 | 179 | 179 |   0 |  1 |   0 |   0 | 8.211053e+03 | 6.932299e+03 |  18.45%| unknown
d 0.1s|     1 |     0 |  1454 |     - |coefdivi|   0 | 416 | 179 | 179 |   0 |  1 |   0 |   0 | 8.211053e+03 | 7.432191e+03 |  10.48%| unknown
  0.1s|     1 |     0 |  1454 |     - |  5422k |   0 | 416 | 179 | 179 |   0 |  1 |   0 |   0 | 8.211053e+03 | 7.432191e+03 |  10.48%| unknown
  0.2s|     1 |     2 |  1454 |     - |  5510k |   0 | 416 | 179 | 179 |   0 |  2 |   0 |  19 | 8.170594e+03 | 7.432191e+03 |   9.94%| unknown

SCIP Status        : solving was interrupted [node limit reached]
Solving Time (sec) : 0.16
Solving Nodes      : 1
Primal Bound       : +7.43219135995591e+03 (25 solutions)
Dual Bound         : +8.17059410772109e+03
Gap                : 9.94 %
