presolving:
(round 1, fast)       1 del vars, 1 del conss, 0 add conss, 0 chg bounds, 0 chg sides, 0 chg coeffs, 0 upgd conss, 0 impls, 193 clqs
(round 2, fast)       2 del vars, 1 del conss, 0 add conss, 0 chg bounds, 0 chg sides, 0 chg coeffs, 0 upgd conss, 0 impls, 193 clqs
   (0.0s) running MILP presolver
   (0.0s) MILP presolver (2 rounds): 0 aggregations, 19 fixings, 0 bound changes
(round 3, medium)     21 del vars, 1 del conss, 0 add conss, 0 chg bounds, 0 chg sides, 0 chg coeffs, 0 upgd conss, 0 impls, 192 clqs
(round 4, fast)       21 del vars, 2 del conss, 0 add conss, 0 chg bounds, 0 chg sides, 0 chg coeffs, 0 upgd conss, 0 impls, 192 clqs
(round 5, exhaustive) 21 del vars, 8 del conss, 0 add conss, 0 chg bounds, 6 chg sides, 0 chg coeffs, 0 upgd conss, 0 impls, 192 clqs
(round 6, exhaustive) 21 del vars, 8 del conss, 0 add conss, 0 chg bounds, 6 chg sides, 0 chg coeffs, 186 upgd conss, 0 impls, 192 clqs
(round 7, medium)     60 del vars, 8 del conss, 0 add conss, 0 chg bounds, 6 chg sides, 39 chg coeffs, 186 upgd conss, 0 impls, 192 clqs
(round 8, fast)       80 del vars, 10 del conss, 0 add conss, 0 chg bounds, 6 chg sides, 39 chg coeffs, 186 upgd conss, 0 impls, 189 clqs
(round 9, exhaustive) 80 del vars, 15 del conss, 0 add conss, 0 chg bounds, 6 chg sides, 39 chg coeffs, 186 upgd conss, 0 impls, 189 clqs
(round 10, exhaustive) 81 del vars, 15 del conss, 0 add conss, 0 chg bounds, 6 chg sides, 39 chg coeffs, 186 upgd conss, 0 impls, 188 clqs
   (0.0s) probing: 51/419 (12.2%) - 0 fixings, 0 aggregations, 0 implications, 0 bound changes
   (0.0s) probing aborted: 50/50 successive totally useless probings
   (0.0s) symmetry computation started: requiring (bin +, int +, cont +), (fixed: bin -, int -, cont -)
   (0.0s) no symmetry present (symcode time: 0.00)
presolving (11 rounds: 11 fast, 7 medium, 5 exhaustive):
 81 deleted vars, 15 deleted constraints, 0 added constraints, 0 tightened bounds, 0 added holes, 6 changed sides, 39 changed coefficients
 0 implications, 188 cliques
presolved problem has 419 variables (419 bin, 0 int, 0 impl, 0 cont) and 179 constraints
    179 constraints of type <setppc>
Presolving Time: 0.04

 time | node  | left  |LP iter|LP it/n|mem/heur|mdpt |vars |cons |rows |cuts |sepa|confs|strbr|  dualbound   | primalbound  |  gap   | compl. 
  0.1s|     1 |     0 |  1203 |     - |  5316k |   0 | 419 | 179 | 179 |   0 |  0 |   0 |   0 | 8.381449e+03 |      --      |    Inf | unknown
d 0.1s|     1 |     0 |  1203 |     - |coefdivi|   0 | 419 | 179 | 179 |   0 |  1 |   0 |   0 | 8.381449e+03 | 3.557289e+03 | 135.61%| unknown
d 0.2s|     1 |     0 |  1371 |     - |coefdivi|   0 | 419 | 179 | 179 |   0 |  1 |   0 |   0 | 8.381449e+03 | 4.241537e+03 |  97.60%| unknown
d 0.2s|     1 |     0 |  1460 |     - |coefdivi|   0 | 419 | 179 | 179 |   0 |  1 |   0 |   0 | 8.381449e+03 | 5.567581e+03 |  50.54%| unknown
d 0.2s|     1 |     0 |  1487 |     - |coefdivi|   0 | 419 | 179 | 179 |   0 |  1 |   0 |   0 | 8.381449e+03 | 6.584050e+03 |  27.30%| unknown
d 0.2s|     1 |     0 |  1489 |     - |coefdivi|   0 | 419 | 179 | 179 |   0 |  1 |   0 |   0 | 8.381449e+03 | 7.277936e+03 |  15.16%| unknown
  0.2s|     1 |     0 |  1489 |     - |  5425k |   0 | 419 | 179 | 179 |   0 |  1 |   0 |   0 | 8.381449e+03 | 7.277936e+03 |  15.16%| unknown
  0.3s|     1 |     2 |  1489 |     - |  5611k |   0 | 419 | 179 | 179 |   0 |  2 |   0 |  24 | 8.326328e+03 | 7.277936e+03 |  14.41%| unknown

SCIP Status        : solving was interrupted [node limit reached]
Solving Time (sec) : 0.34
Solving Nodes      : 1
Primal Bound       : +7.27793572426663e+03 (31 solutions)
Dual Bound         : +8.32632839865239e+03
Gap                : 14.41 %
