presolving:
(round 1, fast)       0 del vars, 3 del conss, 0 add conss, 0 chg bounds, 0 chg sides, 0 chg coeffs, 0 upgd conss, 0 impls, 183 clqs
(round 2, fast)       1 del vars, 3 del conss, 0 add conss, 0 chg bounds, 0 chg sides, 0 chg coeffs, 0 upgd conss, 0 impls, 183 clqs
   (0.0s) running MILP presolver
   (0.0s) MILP presolver (2 rounds): 0 aggregations, 11 fixings, 0 bound changes
(round 3, medium)     12 del vars, 3 del conss, 0 add conss, 0 chg bounds, 0 chg sides, 0 chg coeffs, 0 upgd conss, 0 impls, 183 clqs
(round 4, exhaustive) 12 del vars, 4 del conss, 0 add conss, 0 chg bounds, 1 chg sides, 0 chg coeffs, 0 upgd conss, 0 impls, 183 clqs
(round 5, exhaustive) 12 del vars, 4 del conss, 0 add conss, 0 chg bounds, 1 chg sides, 0 chg coeffs, 182 upgd conss, 0 impls, 183 clqs
(round 6, medium)     48 del vars, 4 del conss, 0 add conss, 0 chg bounds, 1 chg sides, 36 chg coeffs, 182 upgd conss, 0 impls, 183 clqs
(round 7, fast)       66 del vars, 6 del conss, 0 add conss, 0 chg bounds, 1 chg sides, 36 chg coeffs, 182 upgd conss, 0 impls, 181 clqs
(round 8, exhaustive) 66 del vars, 10 del conss, 0 add conss, 0 chg bounds, 1 chg sides, 36 chg coeffs, 182 upgd conss, 0 impls, 181 clqs
   (0.0s) probing: 51/434 (11.8%) - 0 fixings, 0 aggregations, 0 implications, 0 bound changes
   (0.0s) probing aborted: 50/50 successive totally useless probings
   (0.0s) symmetry computation started: requiring (bin +, int +, cont +), (fixed: bin -, int -, cont -)
   (0.0s) no symmetry present (symcode time: 0.00)
presolving (9 rounds: 9 fast, 6 medium, 4 exhaustive):
 66 deleted vars, 10 deleted constraints, 0 added constraints, 0 tightened bounds, 0 added holes, 1 changed sides, 36 changed coefficients
 0 implications, 181 cliques
presolved problem has 434 variables (434 bin, 0 int, 0 impl, 0 cont) and 176 constraints
    176 constraints of type <setppc>
Presolving Time: 0.02

 time | node  | left  |LP iter|LP it/n|mem/heur|mdpt |vars |cons |rows |cuts |sepa|confs|strbr|  dualbound   | primalbound  |  gap   | compl. 
  0.1s|     1 |     0 |  2193 |     - |  5720k |   0 | 434 | 176 | 176 |   0 |  0 |   0 |   0 | 7.544192e+03 |      --      |    Inf | unknown
d 0.1s|     1 |     0 |  2193 |     - |coefdivi|   0 | 434 | 176 | 176 |   0 |  1 |   0 |   0 | 7.544192e+03 | 2.867923e+03 | 163.05%| unknown
d 0.1s|     1 |     0 |  2287 |     - |coefdivi|   0 | 434 | 176 | 176 |   0 |  1 |   0 |   0 | 7.544192e+03 | 4.103560e+03 |  83.85%| unknown
d 0.1s|     1 |     0 |  2317 |     - |coefdivi|   0 | 434 | 176 | 176 |   0 |  1 |   0 |   0 | 7.544192e+03 | 6.617220e+03 |  14.01%| unknown
  0.1s|     1 |     0 |  2317 |     - |  5818k |   0 | 434 | 176 | 176 |   0 |  1 |   0 |   0 | 7.544192e+03 | 6.617220e+03 |  14.01%| unknown
  0.2s|     1 |     2 |  2317 |     - |  5932k |   0 | 434 | 176 | 176 |   0 |  2 |   0 |  19 | 7.510629e+03 | 6.617220e+03 |  13.50%| unknown

SCIP Status        : solving was interrupted [node limit reached]
Solving Time (sec) : 0.22
Solving Nodes      : 1
Primal Bound       : +6.61722036988191e+03 (22 solutions)
Dual Bound         : +7.51062906717200e+03
Gap                : 13.50 %
