presolving:
(round 1, fast)       0 del vars, 1 del conss, 0 add conss, 0 chg bounds, 0 chg sides, 0 chg coeffs, 0 upgd conss, 0 impls, 190 clqs
   (0.0s) running MILP presolver
   (0.0s) MILP presolver (2 rounds): 0 aggregations, 22 fixings, 0 bound changes
(round 2, medium)     22 del vars, 1 del conss, 0 add conss, 0 chg bounds, 0 chg sides, 0 chg coeffs, 0 upgd conss, 0 impls, 190 clqs
(round 3, exhaustive) 22 del vars, 4 del conss, 0 add conss, 0 chg bounds, 3 chg sides, 0 chg coeffs, 0 upgd conss, 0 impls, 190 clqs
(round 4, exhaustive) 22 del vars, 4 del conss, 0 add conss, 0 chg bounds, 3 chg sides, 0 chg coeffs, 187 upgd conss, 0 impls, 190 clqs
(round 5, medium)     58 del vars, 4 del conss, 0 add conss, 0 chg bounds, 3 chg sides, 36 chg coeffs, 187 upgd conss, 0 impls, 190 clqs
(round 6, fast)       68 del vars, 4 del conss, 0 add conss, 0 chg bounds, 3 chg sides, 36 chg coeffs, 187 upgd conss, 0 impls, 190 clqs
(round 7, exhaustive) 68 del vars, 6 del conss, 0 add conss, 0 chg bounds, 3 chg sides, 36 chg coeffs, 187 upgd conss, 0 impls, 190 clqs
   (0.0s) probing: 51/432 (11.8%) - 0 fixings, 0 aggregations, 0 implications, 0 bound changes
   (0.0s) probing aborted: 50/50 successive totally useless probings
   (0.0s) symmetry computation started: requiring (bin +, int +, cont +), (fixed: bin -, int -, cont -)
   (0.0s) no symmetry present (symcode time: 0.00)
presolving (8 rounds: 8 fast, 6 medium, 4 exhaustive):
 68 deleted vars, 6 deleted constraints, 0 added constraints, 0 tightened bounds, 0 added holes, 3 changed sides, 36 changed coefficients
 0 implications, 190 cliques
presolved problem has 432 variables (432 bin, 0 int, 0 impl, 0 cont) and 185 constraints
    185 constraints of type <setppc>
Presolving Time: 0.02

 time | node  | left  |LP iter|LP it/n|mem/heur|mdpt |vars |cons |rows |cuts |sepa|confs|strbr|  dualbound   | primalbound  |  gap   | compl. 
  0.1s|     1 |     0 |  1430 |     - |  5489k |   0 | 432 | 185 | 185 |   0 |  0 |   0 |   0 | 7.188724e+03 |      --      |    Inf | unknown
d 0.1s|     1 |     0 |  1430 |     - |coefdivi|   0 | 432 | 185 | 185 |   0 |  1 |   0 |   0 | 7.188724e+03 | 2.547016e+03 | 182.24%| unknown
d 0.1s|     1 |     0 |  1509 |     - |coefdivi|   0 | 432 | 185 | 185 |   0 |  1 |   0 |   0 | 7.188724e+03 | 3.277054e+03 | 119.37%| unknown
d 0.1s|     1 |     0 |  1607 |     - |coefdivi|   0 | 432 | 185 | 185 |   0 |  1 |   0 |   0 | 7.188724e+03 | 3.887561e+03 |  84.92%| unknown
d 0.1s|     1 |     0 |  1678 |     - |coefdivi|   0 | 432 | 185 | 185 |   0 |  1 |   0 |   0 | 7.188724e+03 | 4.946345e+03 |  45.33%| unknown
d 0.1s|     1 |     0 |  1689 |     - |coefdivi|   0 | 432 | 185 | 185 |   0 |  1 |   0 |   0 | 7.188724e+03 | 5.829951e+03 |  23.31%| unknown
  0.1s|     1 |     0 |  1689 |     - |  5604k |   0 | 432 | 185 | 185 |   0 |  1 |   0 |   0 | 7.188724e+03 | 5.829951e+03 |  23.31%| unknown
  0.3s|     1 |     2 |  1689 |     - |  5779k |   0 | 432 | 185 | 185 |   0 |  2 |   0 |  52 | 7.144411e+03 | 5.829951e+03 |  22.55%| unknown

SCIP Status        : solving was interrupted [node limit reached]
Solving Time (sec) : 0.34
Solving Nodes      : 1
Primal Bound       : +5.82995051816290e+03 (57 solutions)
Dual Bound         : +7.14441135790664e+03
Gap                : 22.55 %
