presolving:
   (0.0s) running MILP presolver
   (0.0s) MILP presolver (2 rounds): 0 aggregations, 11 fixings, 0 bound changes
(round 1, medium)     11 del vars, 0 del conss, 0 add conss, 0 chg bounds, 0 chg sides, 0 chg coeffs, 0 upgd conss, 0 impls, 195 clqs
(round 2, fast)       11 del vars, 1 del conss, 0 add conss, 0 chg bounds, 0 chg sides, 0 chg coeffs, 0 upgd conss, 0 impls, 195 clqs
(round 3, exhaustive) 11 del vars, 6 del conss, 0 add conss, 0 chg bounds, 5 chg sides, 0 chg coeffs, 0 upgd conss, 0 impls, 195 clqs
(round 4, exhaustive) 11 del vars, 6 del conss, 0 add conss, 0 chg bounds, 5 chg sides, 0 chg coeffs, 190 upgd conss, 0 impls, 195 clqs
(round 5, medium)     49 del vars, 6 del conss, 0 add conss, 0 chg bounds, 5 chg sides, 38 chg coeffs, 190 upgd conss, 0 impls, 195 clqs
(round 6, fast)       67 del vars, 7 del conss, 0 add conss, 0 chg bounds, 5 chg sides, 38 chg coeffs, 190 upgd conss, 0 impls, 194 clqs
(round 7, exhaustive) 67 del vars, 13 del conss, 0 add conss, 0 chg bounds, 5 chg sides, 38 chg coeffs, 190 upgd conss, 0 impls, 194 clqs
   (0.0s) probing: 51/433 (11.8%) - 0 fixings, 0 aggregations, 0 implications, 0 bound changes
   (0.0s) probing aborted: 50/50 successive totally useless probings
   (0.0s) symmetry computation started: requiring (bin +, int +, cont +), (fixed: bin -, int -, cont -)
   (0.0s) no symmetry present (symcode time: 0.00)
presolving (8 rounds: 8 fast, 6 medium, 4 exhaustive):
 67 deleted vars, 13 deleted constraints, 0 added constraints, 0 tightened bounds, 0 added holes, 5 changed sides, 38 changed coefficients
 0 implications, 194 cliques
presolved problem has 433 variables (433 bin, 0 int, 0 impl, 0 cont) and 183 constraints
    183 constraints of type <setppc>
Presolving Time: 0.02

 time | node  | left  |LP iter|LP it/n|mem/heur|mdpt |vars |cons |rows |cuts |sepa|confs|strbr|  dualbound   | primalbound  |  gap   | compl. 
  0.1s|     1 |     0 |  2011 |     - |  5695k |   0 | 433 | 183 | 183 |   0 |  0 |   0 |   0 | 8.067584e+03 |      --      |    Inf | unknown
d 0.1s|     1 |     0 |  2011 |     - |coefdivi|   0 | 433 | 183 | 183 |   0 |  1 |   0 |   0 | 8.067584e+03 | 3.116535e+03 | 158.86%| unknown
d 0.1s|     1 |     0 |  2147 |     - |coefdivi|   0 | 433 | 183 | 183 |   0 |  1 |   0 |   0 | 8.067584e+03 | 3.500809e+03 | 130.45%| unknown
d 0.1s|     1 |     0 |  2269 |     - |coefdivi|   0 | 433 | 183 | 183 |   0 |  1 |   0 |   0 | 8.067584e+03 | 4.573633e+03 |  76.39%| unknown
d 0.1s|     1 |     0 |  2290 |     - |coefdivi|   0 | 433 | 183 | 183 |   0 |  1 |   0 |   0 | 8.067584e+03 | 6.774975e+03 |  19.08%| unknown
d 0.1s|     1 |     0 |  2292 |     - |coefdivi|   0 | 433 | 183 | 183 |   0 |  1 |   0 |   0 | 8.067584e+03 | 6.853323e+03 |  17.72%| unknown
  0.1s|     1 |     0 |  2292 |     - |  5806k |   0 | 433 | 183 | 183 |   0 |  1 |   0 |   0 | 8.067584e+03 | 6.853323e+03 |  17.72%| unknown
  0.2s|     1 |     2 |  2292 |     - |  5912k |   0 | 433 | 183 | 183 |   0 |  2 |   0 |  21 | 8.002316e+03 | 6.853323e+03 |  16.77%| unknown

SCIP Status        : solving was interrupted [node limit reached]
Solving Time (sec) : 0.21
Solving Nodes      : 1
Primal Bound       : +6.85332278434631e+03 (29 solutions)
Dual Bound         : +8.00231568715298e+03
Gap                : 16.77 %
