presolving:
   (0.0s) running MILP presolver
   (0.0s) MILP presolver (2 rounds): 0 aggregations, 22 fixings, 0 bound changes
(round 1, medium)     22 del vars, 0 del conss, 0 add conss, 0 chg bounds, 0 chg sides, 0 chg coeffs, 0 upgd conss, 0 impls, 189 clqs
(round 2, fast)       22 del vars, 2 del conss, 0 add conss, 0 chg bounds, 0 chg sides, 0 chg coeffs, 0 upgd conss, 0 impls, 189 clqs
(round 3, exhaustive) 22 del vars, 4 del conss, 0 add conss, 0 chg bounds, 2 chg sides, 0 chg coeffs, 0 upgd conss, 0 impls, 189 clqs
(round 4, exhaustive) 22 del vars, 4 del conss, 0 add conss, 0 chg bounds, 2 chg sides, 0 chg coeffs, 187 upgd conss, 0 impls, 189 clqs
(round 5, medium)     54 del vars, 4 del conss, 0 add conss, 0 chg bounds, 2 chg sides, 32 chg coeffs, 187 upgd conss, 0 impls, 189 clqs
(round 6, fast)       68 del vars, 6 del conss, 0 add conss, 0 chg bounds, 2 chg sides, 32 chg coeffs, 187 upgd conss, 0 impls, 186 clqs
(round 7, exhaustive) 68 del vars, 9 del conss, 0 add conss, 0 chg bounds, 2 chg sides, 32 chg coeffs, 187 upgd conss, 0 impls, 186 clqs
   (0.0s) probing: 51/432 (11.8%) - 0 fixings, 0 aggregations, 0 implications, 0 bound changes
   (0.0s) probing aborted: 50/50 successive totally useless probings
   (0.0s) symmetry computation started: requiring (bin +, int +, cont +), (fixed: bin -, int -, cont -)
   (0.0s) no symmetry present (symcode time: 0.00)
presolving (8 rounds: 8 fast, 6 medium, 4 exhaustive):
 68 deleted vars, 9 deleted constraints, 0 added constraints, 0 tightened bounds, 0 added holes, 2 changed sides, 32 changed coefficients
 0 implications, 186 cliques
presolved problem has 432 variables (432 bin, 0 int, 0 impl, 0 cont) and 182 constraints
    182 constraints of type <setppc>
Presolving Time: 0.02

 time | node  | left  |LP iter|LP it/n|mem/heur|mdpt |vars |cons |rows |cuts |sepa|confs|strbr|  dualbound   | primalbound  |  gap   | compl. 
  0.1s|     1 |     0 |  1064 |     - |  5579k |   0 | 432 | 182 | 182 |   0 |  0 |   0 |   0 | 6.919147e+03 |      --      |    Inf | unknown
d 0.1s|     1 |     0 |  1064 |     - |coefdivi|   0 | 432 | 182 | 182 |   0 |  1 |   0 |   0 | 6.919147e+03 | 2.852906e+03 | 142.53%| unknown
d 0.1s|     1 |     0 |  1218 |     - |coefdivi|   0 | 432 | 182 | 182 |   0 |  1 |   0 |   0 | 6.919147e+03 | 3.319567e+03 | 108.44%| unknown
d 0.1s|     1 |     0 |  1292 |     - |coefdivi|   0 | 432 | 182 | 182 |   0 |  1 |   0 |   0 | 6.919147e+03 | 4.602878e+03 |  50.32%| unknown
d 0.1s|     1 |     0 |  1301 |     - |coefdivi|   0 | 432 | 182 | 182 |   0 |  1 |   0 |   0 | 6.919147e+03 | 6.056174e+03 |  14.25%| unknown
  0.1s|     1 |     0 |  1301 |     - |  5698k |   0 | 432 | 182 | 182 |   0 |  1 |   0 |   0 | 6.919147e+03 | 6.056174e+03 |  14.25%| unknown
  0.2s|     1 |     2 |  1301 |     - |  5832k |   0 | 432 | 182 | 182 |   0 |  2 |   0 |  21 | 6.867599e+03 | 6.056174e+03 |  13.40%| unknown

SCIP Status        : solving was interrupted [node limit reached]
Solving Time (sec) : 0.21
Solving Nodes      : 1
Primal Bound       : +6.05617432964642e+03 (28 solutions)
Dual Bound         : +6.86759867988193e+03
Gap                : 13.40 %
