presolving:
   (0.0s) running MILP presolver
   (0.0s) MILP presolver (2 rounds): 0 aggregations, 16 fixings, 0 bound changes
(round 1, medium)     16 del vars, 0 del conss, 0 add conss, 0 chg bounds, 0 chg sides, 0 chg coeffs, 0 upgd conss, 0 impls, 194 clqs
(round 2, exhaustive) 16 del vars, 5 del conss, 0 add conss, 0 chg bounds, 5 chg sides, 0 chg coeffs, 0 upgd conss, 0 impls, 194 clqs
(round 3, exhaustive) 16 del vars, 5 del conss, 0 add conss, 0 chg bounds, 5 chg sides, 0 chg coeffs, 189 upgd conss, 0 impls, 194 clqs
(round 4, medium)     54 del vars, 5 del conss, 0 add conss, 0 chg bounds, 5 chg sides, 38 chg coeffs, 189 upgd conss, 0 impls, 194 clqs
(round 5, fast)       72 del vars, 6 del conss, 0 add conss, 0 chg bounds, 5 chg sides, 38 chg coeffs, 189 upgd conss, 0 impls, 191 clqs
(round 6, exhaustive) 72 del vars, 8 del conss, 0 add conss, 0 chg bounds, 5 chg sides, 38 chg coeffs, 189 upgd conss, 0 impls, 191 clqs
   (0.0s) probing: 51/428 (11.9%) - 0 fixings, 0 aggregations, 0 implications, 0 bound changes
   (0.0s) probing aborted: 50/50 successive totally useless probings
   (0.0s) symmetry computation started: requiring (bin +, int +, cont +), (fixed: bin -, int -, cont -)
   (0.0s) no symmetry present (symcode time: 0.00)
presolving (7 rounds: 7 fast, 6 medium, 4 exhaustive):
 72 deleted vars, 8 deleted constraints, 0 added constraints, 0 tightened bounds, 0 added holes, 5 changed sides, 38 changed coefficients
 0 implications, 191 cliques
presolved problem has 428 variables (428 bin, 0 int, 0 impl, 0 cont) and 186 constraints
    186 constraints of type <setppc>
Presolving Time: 0.02

 time | node  | left  |LP iter|LP it/n|mem/heur|mdpt |vars |cons |rows |cuts |sepa|confs|strbr|  dualbound   | primalbound  |  gap   | compl. 
  0.1s|     1 |     0 |  1420 |     - |  5473k |   0 | 428 | 186 | 186 |   0 |  0 |   0 |   0 | 7.479442e+03 |      --      |    Inf | unknown
d 0.1s|     1 |     0 |  1420 |     - |coefdivi|   0 | 428 | 186 | 186 |   0 |  1 |   0 |   0 | 7.479442e+03 | 2.869575e+03 | 160.65%| unknown
d 0.1s|     1 |     0 |  1544 |     - |coefdivi|   0 | 428 | 186 | 186 |   0 |  1 |   0 |   0 | 7.479442e+03 | 3.681014e+03 | 103.19%| unknown
d 0.1s|     1 |     0 |  1616 |     - |coefdivi|   0 | 428 | 186 | 186 |   0 |  1 |   0 |   0 | 7.479442e+03 | 5.308598e+03 |  40.89%| unknown
d 0.1s|     1 |     0 |  1655 |     - |coefdivi|   0 | 428 | 186 | 186 |   0 |  1 |   0 |   0 | 7.479442e+03 | 6.648386e+03 |  12.50%| unknown
  0.1s|     1 |     0 |  1655 |     - |  5581k |   0 | 428 | 186 | 186 |   0 |  1 |   0 |   0 | 7.479442e+03 | 6.648386e+03 |  12.50%| unknown
  0.3s|     1 |     2 |  1655 |     - |  5789k |   0 | 428 | 186 | 186 |   0 |  2 |   0 |  38 | 7.447327e+03 | 6.648386e+03 |  12.02%| unknown

SCIP Status        : solving was interrupted [node limit reached]
Solving Time (sec) : 0.25
Solving Nodes      : 1
Primal Bound       : +6.64838633439905e+03 (46 solutions)
Dual Bound         : +7.44732748670551e+03
Gap                : 12.02 %
