presolving:
(round 1, fast)       0 del vars, 1 del conss, 0 add conss, 0 chg bounds, 0 chg sides, 0 chg coeffs, 0 upgd conss, 0 impls, 193 clqs
(round 2, fast)       1 del vars, 1 del conss, 0 add conss, 0 chg bounds, 0 chg sides, 0 chg coeffs, 0 upgd conss, 0 impls, 193 clqs
   (0.0s) running MILP presolver
   (0.0s) MILP presolver (2 rounds): 0 aggregations, 10 fixings, 0 bound changes
(round 3, medium)     11 del vars, 1 del conss, 0 add conss, 0 chg bounds, 0 chg sides, 0 chg coeffs, 0 upgd conss, 0 impls, 193 clqs
(round 4, exhaustive) 11 del vars, 1 del conss, 0 add conss, 0 chg bounds, 0 chg sides, 0 chg coeffs, 193 upgd conss, 0 impls, 193 clqs
(round 5, medium)     44 del vars, 1 del conss, 0 add conss, 0 chg bounds, 0 chg sides, 33 chg coeffs, 193 upgd conss, 0 impls, 193 clqs
(round 6, fast)       56 del vars, 1 del conss, 0 add conss, 0 chg bounds, 0 chg sides, 33 chg coeffs, 193 upgd conss, 0 impls, 193 clqs
(round 7, exhaustive) 56 del vars, 7 del conss, 0 add conss, 0 chg bounds, 0 chg sides, 33 chg coeffs, 193 upgd conss, 0 impls, 193 clqs
   (0.0s) probing: 51/444 (11.5%) - 0 fixings, 0 aggregations, 0 implications, 0 bound changes
   (0.0s) probing aborted: 50/50 successive totally useless probings
   (0.0s) symmetry computation started: requiring (bin +, int +, cont +), (fixed: bin -, int -, cont -)
   (0.0s) no symmetry present (symcode time: 0.00)
presolving (8 rounds: 8 fast, 5 medium, 3 exhaustive):
 56 deleted vars, 7 deleted constraints, 0 added constraints, 0 tightened bounds, 0 added holes, 0 changed sides, 33 changed coefficients
 0 implications, 193 cliques
presolved problem has 444 variables (444 bin, 0 int, 0 impl, 0 cont) and 187 constraints
    187 constraints of type <setppc>
Presolving Time: 0.04

 time | node  | left  |LP iter|LP it/n|mem/heur|mdpt |vars |cons |rows |cuts |sepa|confs|strbr|  dualbound   | primalbound  |  gap   | compl. 
  0.1s|     1 |     0 |  2041 |     - |  5521k |   0 | 444 | 187 | 187 |   0 |  0 |   0 |   0 | 7.715647e+03 |      --      |    Inf | unknown
d 0.1s|     1 |     0 |  2041 |     - |coefdivi|   0 | 444 | 187 | 187 |   0 |  1 |   0 |   0 | 7.715647e+03 | 2.296575e+03 | 235.96%| unknown
d 0.2s|     1 |     0 |  2160 |     - |coefdivi|   0 | 444 | 187 | 187 |   0 |  1 |   0 |   0 | 7.715647e+03 | 3.394527e+03 | 127.30%| unknown
d 0.2s|     1 |     0 |  2235 |     - |coefdivi|   0 | 444 | 187 | 187 |   0 |  1 |   0 |   0 | 7.715647e+03 | 5.465550e+03 |  41.17%| unknown
d 0.2s|     1 |     0 |  2243 |     - |coefdivi|   0 | 444 | 187 | 187 |   0 |  1 |   0 |   0 | 7.715647e+03 | 7.000008e+03 |  10.22%| unknown
  0.2s|     1 |     0 |  2243 |     - |  5638k |   0 | 444 | 187 | 187 |   0 |  1 |   0 |   0 | 7.715647e+03 | 7.000008e+03 |  10.22%| unknown
  0.4s|     1 |     2 |  2243 |     - |  5867k |   0 | 444 | 187 | 187 |   0 |  2 |   0 |  49 | 7.693961e+03 | 7.000008e+03 |   9.91%| unknown

SCIP Status        : solving was interrupted [node limit reached]
Solving Time (sec) : 0.38
Solving Nodes      : 1
Primal Bound       : +7.00000831116377e+03 (56 solutions)
Dual Bound         : +7.69396053140328e+03
Gap                : 9.91 %
