presolving:
(round 1, fast)       0 del vars, 1 del conss, 0 add conss, 0 chg bounds, 0 chg sides, 0 chg coeffs, 0 upgd conss, 0 impls, 186 clqs
   (0.0s) running MILP presolver
   (0.0s) MILP presolver (2 rounds): 0 aggregations, 9 fixings, 0 bound changes
(round 2, medium)     9 del vars, 1 del conss, 0 add conss, 0 chg bounds, 0 chg sides, 0 chg coeffs, 0 upgd conss, 0 impls, 186 clqs
(round 3, exhaustive) 9 del vars, 3 del conss, 0 add conss, 0 chg bounds, 2 chg sides, 0 chg coeffs, 0 upgd conss, 0 impls, 186 clqs
(round 4, exhaustive) 9 del vars, 3 del conss, 0 add conss, 0 chg bounds, 2 chg sides, 0 chg coeffs, 184 upgd conss, 0 impls, 186 clqs
(round 5, medium)     50 del vars, 3 del conss, 0 add conss, 0 chg bounds, 2 chg sides, 41 chg coeffs, 184 upgd conss, 0 impls, 186 clqs
(round 6, fast)       74 del vars, 6 del conss, 0 add conss, 0 chg bounds, 2 chg sides, 41 chg coeffs, 184 upgd conss, 0 impls, 183 clqs
(round 7, exhaustive) 74 del vars, 7 del conss, 0 add conss, 0 chg bounds, 2 chg sides, 41 chg coeffs, 184 upgd conss, 0 impls, 183 clqs
   (0.0s) probing: 51/426 (12.0%) - 0 fixings, 0 aggregations, 0 implications, 0 bound changes
   (0.0s) probing aborted: 50/50 successive totally useless probings
   (0.0s) symmetry computation started: requiring (bin +, int +, cont +), (fixed: bin -, int -, cont -)
   (0.0s) no symmetry present (symcode time: 0.00)
presolving (8 rounds: 8 fast, 6 medium, 4 exhaustive):
 74 deleted vars, 7 deleted constraints, 0 added constraints, 0 tightened bounds, 0 added holes, 2 changed sides, 41 changed coefficients
 0 implications, 183 cliques
presolved problem has 426 variables (426 bin, 0 int, 0 impl, 0 cont) and 180 constraints
    180 constraints of type <setppc>
Presolving Time: 0.02

 time | node  | left  |LP iter|LP it/n|mem/heur|mdpt |vars |cons |rows |cuts |sepa|confs|strbr|  dualbound   | primalbound  |  gap   | compl. 
  0.1s|     1 |     0 |  1366 |     - |  5357k |   0 | 426 | 180 | 180 |   0 |  0 |   0 |   0 | 7.387505e+03 |      --      |    Inf | unknown
d 0.1s|     1 |     0 |  1366 |     - |coefdivi|   0 | 426 | 180 | 180 |   0 |  1 |   0 |   0 | 7.387505e+03 | 3.107372e+03 | 137.74%| unknown
d 0.1s|     1 |     0 |  1573 |     - |coefdivi|   0 | 426 | 180 | 180 |   0 |  1 |   0 |   0 | 7.387505e+03 | 3.749123e+03 |  97.05%| unknown
d 0.1s|     1 |     0 |  1657 |     - |coefdivi|   0 | 426 | 180 | 180 |   0 |  1 |   0 |   0 | 7.387505e+03 | 4.135386e+03 |  78.64%| unknown
d 0.1s|     1 |     0 |  1675 |     - |coefdivi|   0 | 426 | 180 | 180 |   0 |  1 |   0 |   0 | 7.387505e+03 | 6.401878e+03 |  15.40%| unknown
  0.1s|     1 |     0 |  1675 |     - |  5469k |   0 | 426 | 180 | 180 |   0 |  1 |   0 |   0 | 7.387505e+03 | 6.401878e+03 |  15.40%| unknown
  0.2s|     1 |     2 |  1675 |     - |  5552k |   0 | 426 | 180 | 180 |   0 |  2 |   0 |  19 | 7.349217e+03 | 6.401878e+03 |  14.80%| unknown

SCIP Status        : solving was interrupted [node limit reached]
Solving Time (sec) : 0.24
Solving Nodes      : 1
Primal Bound       : +6.40187806613920e+03 (22 solutions)
Dual Bound         : +7.34921696585996e+03
Gap                : 14.80 %
