presolving:
(round 1, fast)       0 del vars, 4 del conss, 0 add conss, 0 chg bounds, 0 chg sides, 0 chg coeffs, 0 upgd conss, 0 impls, 190 clqs
   (0.0s) running MILP presolver
   (0.0s) MILP presolver (2 rounds): 0 aggregations, 13 fixings, 0 bound changes
(round 2, medium)     13 del vars, 4 del conss, 0 add conss, 0 chg bounds, 0 chg sides, 0 chg coeffs, 0 upgd conss, 0 impls, 190 clqs
(round 3, exhaustive) 13 del vars, 8 del conss, 0 add conss, 0 chg bounds, 4 chg sides, 0 chg coeffs, 0 upgd conss, 0 impls, 190 clqs
(round 4, exhaustive) 13 del vars, 8 del conss, 0 add conss, 0 chg bounds, 4 chg sides, 0 chg coeffs, 186 upgd conss, 0 impls, 190 clqs
(round 5, medium)     45 del vars, 8 del conss, 0 add conss, 0 chg bounds, 4 chg sides, 32 chg coeffs, 186 upgd conss, 0 impls, 190 clqs
(round 6, fast)       57 del vars, 8 del conss, 0 add conss, 0 chg bounds, 4 chg sides, 32 chg coeffs, 186 upgd conss, 0 impls, 190 clqs
(round 7, exhaustive) 57 del vars, 10 del conss, 0 add conss, 0 chg bounds, 4 chg sides, 32 chg coeffs, 186 upgd conss, 0 impls, 190 clqs
   (0.0s) probing: 51/443 (11.5%) - 0 fixings, 0 aggregations, 0 implications, 0 bound changes
   (0.0s) probing aborted: 50/50 successive totally useless probings
   (0.0s) symmetry computation started: requiring (bin +, int +, cont +), (fixed: bin -, int -, cont -)
   (0.0s) no symmetry present (symcode time: 0.00)
presolving (8 rounds: 8 fast, 6 medium, 4 exhaustive):
 57 deleted vars, 10 deleted constraints, 0 added constraints, 0 tightened bounds, 0 added holes, 4 changed sides, 32 changed coefficients
 0 implications, 190 cliques
presolved problem has 443 variables (443 bin, 0 int, 0 impl, 0 cont) and 184 constraints
    184 constraints of type <setppc>
Presolving Time: 0.02

 time | node  | left  |LP iter|LP it/n|mem/heur|mdpt |vars |cons |rows |cuts |sepa|confs|strbr|  dualbound   | primalbound  |  gap   | compl. 
  0.1s|     1 |     0 |  1531 |     - |  5541k |   0 | 443 | 184 | 184 |   0 |  0 |   0 |   0 | 7.259081e+03 |      --      |    Inf | unknown
d 0.1s|     1 |     0 |  1531 |     - |coefdivi|   0 | 443 | 184 | 184 |   0 |  1 |   0 |   0 | 7.259081e+03 | 2.679613e+03 | 170.90%| unknown
d 0.1s|     1 |     0 |  1686 |     - |coefdivi|   0 | 443 | 184 | 184 |   0 |  1 |   0 |   0 | 7.259081e+03 | 4.458348e+03 |  62.82%| unknown
d 0.1s|     1 |     0 |  1734 |     - |coefdivi|   0 | 443 | 184 | 184 |   0 |  1 |   0 |   0 | 7.259081e+03 | 6.551176e+03 |  10.81%| unknown
  0.1s|     1 |     0 |  1734 |     - |  5661k |   0 | 443 | 184 | 184 |   0 |  1 |   0 |   0 | 7.259081e+03 | 6.551176e+03 |  10.81%| unknown
  0.2s|     1 |     2 |  1734 |     - |  5781k |   0 | 443 | 184 | 184 |   0 |  2 |   0 |  19 | 7.226724e+03 | 6.551176e+03 |  10.31%| unknown

SCIP Status        : solving was interrupted [node limit reached]
Solving Time (sec) : 0.19
Solving Nodes      : 1
Primal Bound       : +6.55117601737034e+03 (23 solutions)
Dual Bound         : +7.22672351236151e+03
Gap                : 10.31 %
