presolving:
(round 1, fast)       0 del vars, 1 del conss, 0 add conss, 0 chg bounds, 0 chg sides, 0 chg coeffs, 0 upgd conss, 0 impls, 189 clqs
   (0.0s) running MILP presolver
   (0.0s) MILP presolver (2 rounds): 0 aggregations, 14 fixings, 0 bound changes
(round 2, medium)     14 del vars, 1 del conss, 0 add conss, 0 chg bounds, 0 chg sides, 0 chg coeffs, 0 upgd conss, 0 impls, 189 clqs
(round 3, fast)       15 del vars, 2 del conss, 0 add conss, 0 chg bounds, 0 chg sides, 0 chg coeffs, 0 upgd conss, 0 impls, 188 clqs
(round 4, exhaustive) 15 del vars, 6 del conss, 0 add conss, 0 chg bounds, 4 chg sides, 0 chg coeffs, 0 upgd conss, 0 impls, 188 clqs
(round 5, exhaustive) 15 del vars, 6 del conss, 0 add conss, 0 chg bounds, 4 chg sides, 0 chg coeffs, 184 upgd conss, 0 impls, 188 clqs
(round 6, medium)     49 del vars, 6 del conss, 0 add conss, 0 chg bounds, 4 chg sides, 34 chg coeffs, 184 upgd conss, 0 impls, 188 clqs
(round 7, fast)       58 del vars, 7 del conss, 0 add conss, 0 chg bounds, 4 chg sides, 34 chg coeffs, 184 upgd conss, 0 impls, 186 clqs
(round 8, exhaustive) 58 del vars, 8 del conss, 0 add conss, 0 chg bounds, 4 chg sides, 34 chg coeffs, 184 upgd conss, 0 impls, 186 clqs
(round 9, exhaustive) 59 del vars, 8 del conss, 0 add conss, 0 chg bounds, 4 chg sides, 34 chg coeffs, 184 upgd conss, 0 impls, 186 clqs
   (0.0s) probing: 51/441 (11.6%) - 0 fixings, 0 aggregations, 0 implications, 0 bound changes
   (0.0s) probing aborted: 50/50 successive totally useless probings
   (0.0s) symmetry computation started: requiring (bin +, int +, cont +), (fixed: bin -, int -, cont -)
   (0.0s) no symmetry present (symcode time: 0.00)
presolving (10 rounds: 10 fast, 7 medium, 5 exhaustive):
 59 deleted vars, 8 deleted constraints, 0 added constraints, 0 tightened bounds, 0 added holes, 4 changed sides, 34 changed coefficients
 0 implications, 186 cliques
presolved problem has 441 variables (441 bin, 0 int, 0 impl, 0 cont) and 182 constraints
    182 constraints of type <setppc>
Presolving Time: 0.02

 time | node  | left  |LP iter|LP it/n|mem/heur|mdpt |vars |cons |rows |cuts |sepa|confs|strbr|  dualbound   | primalbound  |  gap   | compl. 
  0.1s|     1 |     0 |  1265 |     - |  5537k |   0 | 441 | 182 | 182 |   0 |  0 |   0 |   0 | 7.933684e+03 |      --      |    Inf | unknown
d 0.1s|     1 |     0 |  1265 |     - |coefdivi|   0 | 441 | 182 | 182 |   0 |  1 |   0 |   0 | 7.933684e+03 | 3.029287e+03 | 161.90%| unknown
d 0.1s|     1 |     0 |  1494 |     - |coefdivi|   0 | 441 | 182 | 182 |   0 |  1 |   0 |   0 | 7.933684e+03 | 3.955639e+03 | 100.57%| unknown
d 0.1s|     1 |     0 |  1559 |     - |coefdivi|   0 | 441 | 182 | 182 |   0 |  1 |   0 |   0 | 7.933684e+03 | 4.257605e+03 |  86.34%| unknown
d 0.1s|     1 |     0 |  1598 |     - |coefdivi|   0 | 441 | 182 | 182 |   0 |  1 |   0 |   0 | 7.933684e+03 | 6.105241e+03 |  29.95%| unknown
d 0.1s|     1 |     0 |  1607 |     - |coefdivi|   0 | 441 | 182 | 182 |   0 |  1 |   0 |   0 | 7.933684e+03 | 6.530721e+03 |  21.48%| unknown
  0.1s|     1 |     0 |  1607 |     - |  5652k |   0 | 441 | 182 | 182 |   0 |  1 |   0 |   0 | 7.933684e+03 | 6.530721e+03 |  21.48%| unknown
  0.2s|     1 |     2 |  1607 |     - |  5747k |   0 | 441 | 182 | 182 |   0 |  2 |   0 |  20 | 7.902336e+03 | 6.530721e+03 |  21.00%| unknown

SCIP Status        : solving was interrupted [node limit reached]
Solving Time (sec) : 0.19
Solving Nodes      : 1
Primal Bound       : +6.53072099391295e+03 (27 solutions)
Dual Bound         : +7.90233551537060e+03
Gap                : 21.00 %
