presolving:
(round 1, fast)       1 del vars, 2 del conss, 0 add conss, 0 chg bounds, 0 chg sides, 0 chg coeffs, 0 upgd conss, 0 impls, 193 clqs
   (0.0s) running MILP presolver
   (0.0s) MILP presolver (2 rounds): 0 aggregations, 24 fixings, 0 bound changes
(round 2, medium)     25 del vars, 2 del conss, 0 add conss, 0 chg bounds, 0 chg sides, 0 chg coeffs, 0 upgd conss, 0 impls, 192 clqs
(round 3, fast)       26 del vars, 4 del conss, 0 add conss, 0 chg bounds, 0 chg sides, 0 chg coeffs, 0 upgd conss, 0 impls, 191 clqs
(round 4, exhaustive) 26 del vars, 10 del conss, 0 add conss, 0 chg bounds, 6 chg sides, 0 chg coeffs, 0 upgd conss, 0 impls, 191 clqs
(round 5, exhaustive) 26 del vars, 10 del conss, 0 add conss, 0 chg bounds, 6 chg sides, 0 chg coeffs, 185 upgd conss, 0 impls, 191 clqs
(round 6, medium)     58 del vars, 10 del conss, 0 add conss, 0 chg bounds, 6 chg sides, 32 chg coeffs, 185 upgd conss, 0 impls, 190 clqs
(round 7, fast)       80 del vars, 10 del conss, 0 add conss, 0 chg bounds, 6 chg sides, 32 chg coeffs, 185 upgd conss, 0 impls, 190 clqs
(round 8, exhaustive) 80 del vars, 16 del conss, 0 add conss, 0 chg bounds, 6 chg sides, 32 chg coeffs, 185 upgd conss, 0 impls, 190 clqs
(round 9, exhaustive) 81 del vars, 16 del conss, 0 add conss, 0 chg bounds, 6 chg sides, 32 chg coeffs, 185 upgd conss, 0 impls, 189 clqs
   (0.0s) probing: 51/419 (12.2%) - 0 fixings, 0 aggregations, 0 implications, 0 bound changes
   (0.0s) probing aborted: 50/50 successive totally useless probings
   (0.0s) symmetry computation started: requiring (bin +, int +, cont +), (fixed: bin -, int -, cont -)
   (0.1s) no symmetry present (symcode time: 0.01)
presolving (10 rounds: 10 fast, 7 medium, 5 exhaustive):
 81 deleted vars, 16 deleted constraints, 0 added constraints, 0 tightened bounds, 0 added holes, 6 changed sides, 32 changed coefficients
 0 implications, 189 cliques
presolved problem has 419 variables (419 bin, 0 int, 0 impl, 0 cont) and 179 constraints
    179 constraints of type <setppc>
Presolving Time: 0.05

 time | node  | left  |LP iter|LP it/n|mem/heur|mdpt |vars |cons |rows |cuts |sepa|confs|strbr|  dualbound   | primalbound  |  gap   | compl. 
  0.1s|     1 |     0 |  1249 |     - |  5400k |   0 | 419 | 179 | 179 |   0 |  0 |   0 |   0 | 7.539744e+03 |      --      |    Inf | unknown
d 0.1s|     1 |     0 |  1249 |     - |coefdivi|   0 | 419 | 179 | 179 |   0 |  1 |   0 |   0 | 7.539744e+03 | 2.730424e+03 | 176.14%| unknown
d 0.2s|     1 |     0 |  1368 |     - |coefdivi|   0 | 419 | 179 | 179 |   0 |  1 |   0 |   0 | 7.539744e+03 | 4.128579e+03 |  82.62%| unknown
d 0.2s|     1 |     0 |  1385 |     - |coefdivi|   0 | 419 | 179 | 179 |   0 |  1 |   0 |   0 | 7.539744e+03 | 6.779751e+03 |  11.21%| unknown
d 0.2s|     1 |     0 |  1389 |     - |coefdivi|   0 | 419 | 179 | 179 |   0 |  1 |   0 |   0 | 7.539744e+03 | 7.210735e+03 |   4.56%| unknown
  0.2s|     1 |     0 |  1389 |     - |  5497k |   0 | 419 | 179 | 179 |   0 |  1 |   0 |   0 | 7.539744e+03 | 7.210735e+03 |   4.56%| unknown
  0.2s|     1 |     0 |  1389 |     - |  5497k |   0 | 419 | 179 | 179 |   0 |  1 |   0 |   0 | 7.539744e+03 | 7.210735e+03 |   4.56%| unknown
  0.3s|     1 |     2 |  1389 |     - |  5584k |   0 | 419 | 179 | 179 |   0 |  2 |   0 |  19 | 7.456243e+03 | 7.210735e+03 |   3.40%| unknown

SCIP Status        : solving was interrupted [node limit reached]
Solving Time (sec) : 0.33
Solving Nodes      : 1
Primal Bound       : +7.21073532841557e+03 (26 solutions)
Dual Bound         : +7.45624288477459e+03
Gap                : 3.40 %
