presolving:
   (0.0s) running MILP presolver
   (0.0s) MILP presolver (2 rounds): 0 aggregations, 12 fixings, 0 bound changes
(round 1, medium)     12 del vars, 0 del conss, 0 add conss, 0 chg bounds, 0 chg sides, 0 chg coeffs, 0 upgd conss, 0 impls, 189 clqs
(round 2, fast)       13 del vars, 1 del conss, 0 add conss, 0 chg bounds, 0 chg sides, 0 chg coeffs, 0 upgd conss, 0 impls, 188 clqs
(round 3, exhaustive) 13 del vars, 3 del conss, 0 add conss, 0 chg bounds, 2 chg sides, 0 chg coeffs, 0 upgd conss, 0 impls, 188 clqs
(round 4, exhaustive) 13 del vars, 3 del conss, 0 add conss, 0 chg bounds, 2 chg sides, 0 chg coeffs, 186 upgd conss, 0 impls, 188 clqs
(round 5, medium)     54 del vars, 3 del conss, 0 add conss, 0 chg bounds, 2 chg sides, 41 chg coeffs, 186 upgd conss, 0 impls, 188 clqs
(round 6, fast)       66 del vars, 3 del conss, 0 add conss, 0 chg bounds, 2 chg sides, 41 chg coeffs, 186 upgd conss, 0 impls, 188 clqs
(round 7, exhaustive) 66 del vars, 11 del conss, 0 add conss, 0 chg bounds, 2 chg sides, 41 chg coeffs, 186 upgd conss, 0 impls, 188 clqs
   (0.0s) probing: 51/434 (11.8%) - 0 fixings, 0 aggregations, 0 implications, 0 bound changes
   (0.0s) probing aborted: 50/50 successive totally useless probings
   (0.0s) symmetry computation started: requiring (bin +, int +, cont +), (fixed: bin -, int -, cont -)
   (0.0s) no symmetry present (symcode time: 0.00)
presolving (8 rounds: 8 fast, 6 medium, 4 exhaustive):
 66 deleted vars, 11 deleted constraints, 0 added constraints, 0 tightened bounds, 0 added holes, 2 changed sides, 41 changed coefficients
 0 implications, 188 cliques
presolved problem has 434 variables (434 bin, 0 int, 0 impl, 0 cont) and 178 constraints
    178 constraints of type <setppc>
Presolving Time: 0.02

 time | node  | left  |LP iter|LP it/n|mem/heur|mdpt |vars |cons |rows |cuts |sepa|confs|strbr|  dualbound   | primalbound  |  gap   | compl. 
  0.1s|     1 |     0 |  1438 |     - |  5380k |   0 | 434 | 178 | 178 |   0 |  0 |   0 |   0 | 7.868416e+03 |      --      |    Inf | unknown
d 0.1s|     1 |     0 |  1438 |     - |coefdivi|   0 | 434 | 178 | 178 |   0 |  1 |   0 |   0 | 7.868416e+03 | 2.840382e+03 | 177.02%| unknown
d 0.1s|     1 |     0 |  1569 |     - |coefdivi|   0 | 434 | 178 | 178 |   0 |  1 |   0 |   0 | 7.868416e+03 | 3.351240e+03 | 134.79%| unknown
d 0.1s|     1 |     0 |  1618 |     - |coefdivi|   0 | 434 | 178 | 178 |   0 |  1 |   0 |   0 | 7.868416e+03 | 4.162587e+03 |  89.03%| unknown
d 0.1s|     1 |     0 |  1638 |     - |coefdivi|   0 | 434 | 178 | 178 |   0 |  1 |   0 |   0 | 7.868416e+03 | 7.100932e+03 |  10.81%| unknown
  0.1s|     1 |     0 |  1638 |     - |  5503k |   0 | 434 | 178 | 178 |   0 |  1 |   0 |   0 | 7.868416e+03 | 7.100932e+03 |  10.81%| unknown
  0.2s|     1 |     2 |  1638 |     - |  5664k |   0 | 434 | 178 | 178 |   0 |  2 |   0 |  25 | 7.807786e+03 | 7.100932e+03 |   9.95%| unknown

SCIP Status        : solving was interrupted [node limit reached]
Solving Time (sec) : 0.21
Solving Nodes      : 1
Primal Bound       : +7.10093181918581e+03 (30 solutions)
Dual Bound         : +7.80778601311047e+03
Gap                : 9.95 %
