presolving:
   (0.0s) running MILP presolver
   (0.0s) MILP presolver (2 rounds): 0 aggregations, 21 fixings, 0 bound changes
(round 1, medium)     21 del vars, 0 del conss, 0 add conss, 0 chg bounds, 0 chg sides, 0 chg coeffs, 0 upgd conss, 0 impls, 191 clqs
(round 2, fast)       21 del vars, 2 del conss, 0 add conss, 0 chg bounds, 0 chg sides, 0 chg coeffs, 0 upgd conss, 0 impls, 191 clqs
(round 3, exhaustive) 21 del vars, 5 del conss, 0 add conss, 0 chg bounds, 3 chg sides, 0 chg coeffs, 0 upgd conss, 0 impls, 191 clqs
(round 4, exhaustive) 21 del vars, 5 del conss, 0 add conss, 0 chg bounds, 3 chg sides, 0 chg coeffs, 188 upgd conss, 0 impls, 191 clqs
(round 5, fast)       24 del vars, 5 del conss, 0 add conss, 0 chg bounds, 3 chg sides, 0 chg coeffs, 188 upgd conss, 0 impls, 190 clqs
(round 6, medium)     55 del vars, 5 del conss, 0 add conss, 0 chg bounds, 3 chg sides, 31 chg coeffs, 188 upgd conss, 0 impls, 190 clqs
(round 7, fast)       67 del vars, 7 del conss, 0 add conss, 0 chg bounds, 3 chg sides, 31 chg coeffs, 188 upgd conss, 0 impls, 187 clqs
(round 8, exhaustive) 67 del vars, 11 del conss, 0 add conss, 0 chg bounds, 3 chg sides, 31 chg coeffs, 188 upgd conss, 0 impls, 187 clqs
   (0.0s) probing: 51/433 (11.8%) - 0 fixings, 0 aggregations, 0 implications, 0 bound changes
   (0.0s) probing aborted: 50/50 successive totally useless probings
   (0.0s) symmetry computation started: requiring (bin +, int +, cont +), (fixed: bin -, int -, cont -)
   (0.0s) no symmetry present (symcode time: 0.00)
presolving (9 rounds: 9 fast, 6 medium, 4 exhaustive):
 67 deleted vars, 11 deleted constraints, 0 added constraints, 0 tightened bounds, 0 added holes, 3 changed sides, 31 changed coefficients
 0 implications, 187 cliques
presolved problem has 433 variables (433 bin, 0 int, 0 impl, 0 cont) and 182 constraints
    182 constraints of type <setppc>
Presolving Time: 0.02

 time | node  | left  |LP iter|LP it/n|mem/heur|mdpt |vars |cons |rows |cuts |sepa|confs|strbr|  dualbound   | primalbound  |  gap   | compl. 
  0.1s|     1 |     0 |  1502 |     - |  5444k |   0 | 433 | 182 | 182 |   0 |  0 |   0 |   0 | 7.362591e+03 |      --      |    Inf | unknown
d 0.1s|     1 |     0 |  1502 |     - |coefdivi|   0 | 433 | 182 | 182 |   0 |  1 |   0 |   0 | 7.362591e+03 | 2.300998e+03 | 219.97%| unknown
d 0.1s|     1 |     0 |  1658 |     - |coefdivi|   0 | 433 | 182 | 182 |   0 |  1 |   0 |   0 | 7.362591e+03 | 3.135141e+03 | 134.84%| unknown
d 0.1s|     1 |     0 |  1775 |     - |coefdivi|   0 | 433 | 182 | 182 |   0 |  1 |   0 |   0 | 7.362591e+03 | 4.336735e+03 |  69.77%| unknown
d 0.1s|     1 |     0 |  1786 |     - |coefdivi|   0 | 433 | 182 | 182 |   0 |  1 |   0 |   0 | 7.362591e+03 | 6.227226e+03 |  18.23%| unknown
  0.1s|     1 |     0 |  1786 |     - |  5572k |   0 | 433 | 182 | 182 |   0 |  1 |   0 |   0 | 7.362591e+03 | 6.227226e+03 |  18.23%| unknown
  0.4s|     1 |     2 |  1786 |     - |  5734k |   0 | 433 | 182 | 182 |   0 |  2 |   0 |  33 | 7.328783e+03 | 6.227226e+03 |  17.69%| unknown

SCIP Status        : solving was interrupted [node limit reached]
Solving Time (sec) : 0.36
Solving Nodes      : 1
Primal Bound       : +6.22722598294475e+03 (38 solutions)
Dual Bound         : +7.32878278924996e+03
Gap                : 17.69 %
