presolving:
(round 1, fast)       0 del vars, 2 del conss, 0 add conss, 0 chg bounds, 0 chg sides, 0 chg coeffs, 0 upgd conss, 0 impls, 189 clqs
(round 2, fast)       1 del vars, 2 del conss, 0 add conss, 0 chg bounds, 0 chg sides, 0 chg coeffs, 0 upgd conss, 0 impls, 189 clqs
   (0.0s) running MILP presolver
   (0.0s) MILP presolver (2 rounds): 0 aggregations, 11 fixings, 0 bound changes
(round 3, medium)     12 del vars, 2 del conss, 0 add conss, 0 chg bounds, 0 chg sides, 0 chg coeffs, 0 upgd conss, 0 impls, 189 clqs
(round 4, exhaustive) 12 del vars, 3 del conss, 0 add conss, 0 chg bounds, 1 chg sides, 0 chg coeffs, 0 upgd conss, 0 impls, 189 clqs
(round 5, exhaustive) 12 del vars, 3 del conss, 0 add conss, 0 chg bounds, 1 chg sides, 0 chg coeffs, 188 upgd conss, 0 impls, 189 clqs
(round 6, medium)     46 del vars, 3 del conss, 0 add conss, 0 chg bounds, 1 chg sides, 34 chg coeffs, 188 upgd conss, 0 impls, 189 clqs
(round 7, fast)       60 del vars, 3 del conss, 0 add conss, 0 chg bounds, 1 chg sides, 34 chg coeffs, 188 upgd conss, 0 impls, 189 clqs
(round 8, exhaustive) 60 del vars, 6 del conss, 0 add conss, 0 chg bounds, 1 chg sides, 34 chg coeffs, 188 upgd conss, 0 impls, 189 clqs
   (0.0s) probing: 51/440 (11.6%) - 0 fixings, 0 aggregations, 0 implications, 0 bound changes
   (0.0s) probing aborted: 50/50 successive totally useless probings
   (0.0s) symmetry computation started: requiring (bin +, int +, cont +), (fixed: bin -, int -, cont -)
   (0.0s) no symmetry present (symcode time: 0.00)
presolving (9 rounds: 9 fast, 6 medium, 4 exhaustive):
 60 deleted vars, 6 deleted constraints, 0 added constraints, 0 tightened bounds, 0 added holes, 1 changed sides, 34 changed coefficients
 0 implications, 189 cliques
presolved problem has 440 variables (440 bin, 0 int, 0 impl, 0 cont) and 185 constraints
    185 constraints of type <setppc>
Presolving Time: 0.02

 time | node  | left  |LP iter|LP it/n|mem/heur|mdpt |vars |cons |rows |cuts |sepa|confs|strbr|  dualbound   | primalbound  |  gap   | compl. 
  0.1s|     1 |     0 |  1552 |     - |  5676k |   0 | 440 | 185 | 185 |   0 |  0 |   0 |   0 | 7.781394e+03 |      --      |    Inf | unknown
d 0.1s|     1 |     0 |  1552 |     - |coefdivi|   0 | 440 | 185 | 185 |   0 |  1 |   0 |   0 | 7.781394e+03 | 2.843756e+03 | 173.63%| unknown
d 0.1s|     1 |     0 |  1773 |     - |coefdivi|   0 | 440 | 185 | 185 |   0 |  1 |   0 |   0 | 7.781394e+03 | 4.193384e+03 |  85.56%| unknown
d 0.1s|     1 |     0 |  1801 |     - |coefdivi|   0 | 440 | 185 | 185 |   0 |  1 |   0 |   0 | 7.781394e+03 | 5.821470e+03 |  33.67%| unknown
d 0.1s|     1 |     0 |  1805 |     - |coefdivi|   0 | 440 | 185 | 185 |   0 |  1 |   0 |   0 | 7.781394e+03 | 6.803211e+03 |  14.38%| unknown
  0.1s|     1 |     0 |  1805 |     - |  5822k |   0 | 440 | 185 | 185 |   0 |  1 |   0 |   0 | 7.781394e+03 | 6.803211e+03 |  14.38%| unknown
  0.3s|     1 |     2 |  1805 |     - |  5982k |   0 | 440 | 185 | 185 |   0 |  2 |   0 |  25 | 7.733291e+03 | 6.803211e+03 |  13.67%| unknown

SCIP Status        : solving was interrupted [node limit reached]
Solving Time (sec) : 0.27
Solving Nodes      : 1
Primal Bound       : +6.80321111194797e+03 (30 solutions)
Dual Bound         : +7.73329112040629e+03
Gap                : 13.67 %
