presolving:
(round 1, fast)       0 del vars, 1 del conss, 0 add conss, 0 chg bounds, 0 chg sides, 0 chg coeffs, 0 upgd conss, 0 impls, 197 clqs
(round 2, fast)       1 del vars, 1 del conss, 0 add conss, 0 chg bounds, 0 chg sides, 0 chg coeffs, 0 upgd conss, 0 impls, 197 clqs
   (0.0s) running MILP presolver
   (0.0s) MILP presolver (2 rounds): 0 aggregations, 21 fixings, 0 bound changes
(round 3, medium)     22 del vars, 1 del conss, 0 add conss, 0 chg bounds, 0 chg sides, 0 chg coeffs, 0 upgd conss, 0 impls, 196 clqs
(round 4, fast)       22 del vars, 2 del conss, 0 add conss, 0 chg bounds, 0 chg sides, 0 chg coeffs, 0 upgd conss, 0 impls, 196 clqs
(round 5, exhaustive) 22 del vars, 7 del conss, 0 add conss, 0 chg bounds, 5 chg sides, 0 chg coeffs, 0 upgd conss, 0 impls, 196 clqs
(round 6, exhaustive) 22 del vars, 7 del conss, 0 add conss, 0 chg bounds, 5 chg sides, 0 chg coeffs, 191 upgd conss, 0 impls, 196 clqs
(round 7, medium)     62 del vars, 7 del conss, 0 add conss, 0 chg bounds, 5 chg sides, 40 chg coeffs, 191 upgd conss, 0 impls, 196 clqs
(round 8, fast)       87 del vars, 11 del conss, 0 add conss, 0 chg bounds, 5 chg sides, 40 chg coeffs, 191 upgd conss, 0 impls, 190 clqs
(round 9, exhaustive) 87 del vars, 16 del conss, 0 add conss, 0 chg bounds, 5 chg sides, 40 chg coeffs, 191 upgd conss, 0 impls, 190 clqs
   (0.0s) probing: 51/413 (12.3%) - 0 fixings, 0 aggregations, 0 implications, 0 bound changes
   (0.0s) probing aborted: 50/50 successive totally useless probings
   (0.0s) symmetry computation started: requiring (bin +, int +, cont +), (fixed: bin -, int -, cont -)
   (0.0s) no symmetry present (symcode time: 0.00)
presolving (10 rounds: 10 fast, 6 medium, 4 exhaustive):
 87 deleted vars, 16 deleted constraints, 0 added constraints, 0 tightened bounds, 0 added holes, 5 changed sides, 40 changed coefficients
 0 implications, 190 cliques
presolved problem has 413 variables (413 bin, 0 int, 0 impl, 0 cont) and 182 constraints
    182 constraints of type <setppc>
Presolving Time: 0.01

 time | node  | left  |LP iter|LP it/n|mem/heur|mdpt |vars |cons |rows |cuts |sepa|confs|strbr|  dualbound   | primalbound  |  gap   | compl. 
  0.1s|     1 |     0 |  1870 |     - |  5083k |   0 | 413 | 182 | 182 |   0 |  0 |   0 |   0 | 7.859576e+03 |      --      |    Inf | unknown
d 0.1s|     1 |     0 |  1870 |     - |coefdivi|   0 | 413 | 182 | 182 |   0 |  1 |   0 |   0 | 7.859576e+03 | 3.360176e+03 | 133.90%| unknown
d 0.1s|     1 |     0 |  1961 |     - |coefdivi|   0 | 413 | 182 | 182 |   0 |  1 |   0 |   0 | 7.859576e+03 | 4.364606e+03 |  80.08%| unknown
d 0.1s|     1 |     0 |  1997 |     - |coefdivi|   0 | 413 | 182 | 182 |   0 |  1 |   0 |   0 | 7.859576e+03 | 4.506034e+03 |  74.42%| unknown
d 0.1s|     1 |     0 |  2035 |     - |coefdivi|   0 | 413 | 182 | 182 |   0 |  1 |   0 |   0 | 7.859576e+03 | 7.144777e+03 |  10.00%| unknown
  0.1s|     1 |     0 |  2035 |     - |  5189k |   0 | 413 | 182 | 182 |   0 |  1 |   0 |   0 | 7.859576e+03 | 7.144777e+03 |  10.00%| unknown
  0.2s|     1 |     2 |  2035 |     - |  5459k |   0 | 413 | 182 | 182 |   0 |  2 |   0 |  24 | 7.809803e+03 | 7.144777e+03 |   9.31%| unknown

SCIP Status        : solving was interrupted [node limit reached]
Solving Time (sec) : 0.22
Solving Nodes      : 1
Primal Bound       : +7.14477720203499e+03 (35 solutions)
Dual Bound         : +7.80980319248359e+03
Gap                : 9.31 %
