presolving:
(round 1, fast)       0 del vars, 1 del conss, 0 add conss, 0 chg bounds, 0 chg sides, 0 chg coeffs, 0 upgd conss, 0 impls, 191 clqs
(round 2, fast)       1 del vars, 1 del conss, 0 add conss, 0 chg bounds, 0 chg sides, 0 chg coeffs, 0 upgd conss, 0 impls, 191 clqs
   (0.0s) running MILP presolver
   (0.0s) MILP presolver (2 rounds): 0 aggregations, 18 fixings, 0 bound changes
(round 3, medium)     19 del vars, 1 del conss, 0 add conss, 0 chg bounds, 0 chg sides, 0 chg coeffs, 0 upgd conss, 0 impls, 191 clqs
(round 4, exhaustive) 19 del vars, 3 del conss, 0 add conss, 0 chg bounds, 2 chg sides, 0 chg coeffs, 0 upgd conss, 0 impls, 191 clqs
(round 5, exhaustive) 19 del vars, 3 del conss, 0 add conss, 0 chg bounds, 2 chg sides, 0 chg coeffs, 189 upgd conss, 0 impls, 191 clqs
(round 6, medium)     54 del vars, 3 del conss, 0 add conss, 0 chg bounds, 2 chg sides, 35 chg coeffs, 189 upgd conss, 0 impls, 191 clqs
(round 7, fast)       67 del vars, 3 del conss, 0 add conss, 0 chg bounds, 2 chg sides, 35 chg coeffs, 189 upgd conss, 0 impls, 191 clqs
(round 8, exhaustive) 67 del vars, 6 del conss, 0 add conss, 0 chg bounds, 2 chg sides, 35 chg coeffs, 189 upgd conss, 0 impls, 191 clqs
   (0.0s) probing: 51/433 (11.8%) - 0 fixings, 0 aggregations, 0 implications, 0 bound changes
   (0.0s) probing aborted: 50/50 successive totally useless probings
   (0.0s) symmetry computation started: requiring (bin +, int +, cont +), (fixed: bin -, int -, cont -)
   (0.0s) no symmetry present (symcode time: 0.00)
presolving (9 rounds: 9 fast, 6 medium, 4 exhaustive):
 67 deleted vars, 6 deleted constraints, 0 added constraints, 0 tightened bounds, 0 added holes, 2 changed sides, 35 changed coefficients
 0 implications, 191 cliques
presolved problem has 433 variables (433 bin, 0 int, 0 impl, 0 cont) and 186 constraints
    186 constraints of type <setppc>
Presolving Time: 0.01

 time | node  | left  |LP iter|LP it/n|mem/heur|mdpt |vars |cons |rows |cuts |sepa|confs|strbr|  dualbound   | primalbound  |  gap   | compl. 
  0.1s|     1 |     0 |  1496 |     - |  5302k |   0 | 433 | 186 | 186 |   0 |  0 |   0 |   0 | 7.717235e+03 |      --      |    Inf | unknown
d 0.1s|     1 |     0 |  1496 |     - |coefdivi|   0 | 433 | 186 | 186 |   0 |  1 |   0 |   0 | 7.717235e+03 | 2.939559e+03 | 162.53%| unknown
d 0.1s|     1 |     0 |  1598 |     - |coefdivi|   0 | 433 | 186 | 186 |   0 |  1 |   0 |   0 | 7.717235e+03 | 3.599562e+03 | 114.39%| unknown
d 0.1s|     1 |     0 |  1665 |     - |coefdivi|   0 | 433 | 186 | 186 |   0 |  1 |   0 |   0 | 7.717235e+03 | 4.416261e+03 |  74.75%| unknown
d 0.1s|     1 |     0 |  1701 |     - |coefdivi|   0 | 433 | 186 | 186 |   0 |  1 |   0 |   0 | 7.717235e+03 | 5.754912e+03 |  34.10%| unknown
d 0.1s|     1 |     0 |  1707 |     - |coefdivi|   0 | 433 | 186 | 186 |   0 |  1 |   0 |   0 | 7.717235e+03 | 7.120465e+03 |   8.38%| unknown
  0.1s|     1 |     0 |  1707 |     - |  5392k |   0 | 433 | 186 | 186 |   0 |  1 |   0 |   0 | 7.717235e+03 | 7.120465e+03 |   8.38%| unknown
  0.2s|     1 |     2 |  1707 |     - |  5539k |   0 | 433 | 186 | 186 |   0 |  2 |   0 |  19 | 7.675833e+03 | 7.120465e+03 |   7.80%| unknown

SCIP Status        : solving was interrupted [node limit reached]
Solving Time (sec) : 0.16
Solving Nodes      : 1
Primal Bound       : +7.12046490779751e+03 (25 solutions)
Dual Bound         : +7.67583307846451e+03
Gap                : 7.80 %
