presolving:
(round 1, fast)       0 del vars, 1 del conss, 0 add conss, 0 chg bounds, 0 chg sides, 0 chg coeffs, 0 upgd conss, 0 impls, 193 clqs
   (0.0s) running MILP presolver
   (0.0s) MILP presolver (2 rounds): 0 aggregations, 12 fixings, 0 bound changes
(round 2, medium)     12 del vars, 1 del conss, 0 add conss, 0 chg bounds, 0 chg sides, 0 chg coeffs, 0 upgd conss, 0 impls, 193 clqs
(round 3, exhaustive) 12 del vars, 6 del conss, 0 add conss, 0 chg bounds, 5 chg sides, 0 chg coeffs, 0 upgd conss, 0 impls, 193 clqs
(round 4, exhaustive) 12 del vars, 6 del conss, 0 add conss, 0 chg bounds, 5 chg sides, 0 chg coeffs, 188 upgd conss, 0 impls, 193 clqs
(round 5, medium)     45 del vars, 6 del conss, 0 add conss, 0 chg bounds, 5 chg sides, 33 chg coeffs, 188 upgd conss, 0 impls, 193 clqs
(round 6, fast)       63 del vars, 8 del conss, 0 add conss, 0 chg bounds, 5 chg sides, 33 chg coeffs, 188 upgd conss, 0 impls, 191 clqs
(round 7, exhaustive) 63 del vars, 13 del conss, 0 add conss, 0 chg bounds, 5 chg sides, 33 chg coeffs, 188 upgd conss, 0 impls, 191 clqs
   (0.0s) probing: 51/437 (11.7%) - 0 fixings, 0 aggregations, 0 implications, 0 bound changes
   (0.0s) probing aborted: 50/50 successive totally useless probings
   (0.0s) symmetry computation started: requiring (bin +, int +, cont +), (fixed: bin -, int -, cont -)
   (0.0s) no symmetry present (symcode time: 0.00)
presolving (8 rounds: 8 fast, 6 medium, 4 exhaustive):
 63 deleted vars, 13 deleted constraints, 0 added constraints, 0 tightened bounds, 0 added holes, 5 changed sides, 33 changed coefficients
 0 implications, 191 cliques
presolved problem has 437 variables (437 bin, 0 int, 0 impl, 0 cont) and 181 constraints
    181 constraints of type <setppc>
Presolving Time: 0.01

 time | node  | left  |LP iter|LP it/n|mem/heur|mdpt |vars |cons |rows |cuts |sepa|confs|strbr|  dualbound   | primalbound  |  gap   | compl. 
  0.1s|     1 |     0 |  1507 |     - |  5401k |   0 | 437 | 181 | 181 |   0 |  0 |   0 |   0 | 8.100234e+03 |      --      |    Inf | unknown
d 0.1s|     1 |     0 |  1507 |     - |coefdivi|   0 | 437 | 181 | 181 |   0 |  1 |   0 |   0 | 8.100234e+03 | 2.576089e+03 | 214.44%| unknown
d 0.1s|     1 |     0 |  1603 |     - |coefdivi|   0 | 437 | 181 | 181 |   0 |  1 |   0 |   0 | 8.100234e+03 | 3.404193e+03 | 137.95%| unknown
d 0.1s|     1 |     0 |  1677 |     - |coefdivi|   0 | 437 | 181 | 181 |   0 |  1 |   0 |   0 | 8.100234e+03 | 4.180866e+03 |  93.75%| unknown
d 0.1s|     1 |     0 |  1732 |     - |coefdivi|   0 | 437 | 181 | 181 |   0 |  1 |   0 |   0 | 8.100234e+03 | 5.136396e+03 |  57.70%| unknown
d 0.1s|     1 |     0 |  1744 |     - |coefdivi|   0 | 437 | 181 | 181 |   0 |  1 |   0 |   0 | 8.100234e+03 | 7.045002e+03 |  14.98%| unknown
  0.1s|     1 |     0 |  1744 |     - |  5510k |   0 | 437 | 181 | 181 |   0 |  1 |   0 |   0 | 8.100234e+03 | 7.045002e+03 |  14.98%| unknown
  0.2s|     1 |     2 |  1744 |     - |  5733k |   0 | 437 | 181 | 181 |   0 |  2 |   0 |  30 | 8.024293e+03 | 7.045002e+03 |  13.90%| unknown

SCIP Status        : solving was interrupted [node limit reached]
Solving Time (sec) : 0.23
Solving Nodes      : 1
Primal Bound       : +7.04500217378739e+03 (41 solutions)
Dual Bound         : +8.02429256422731e+03
Gap                : 13.90 %
