presolving:
(round 1, fast)       0 del vars, 1 del conss, 0 add conss, 0 chg bounds, 0 chg sides, 0 chg coeffs, 0 upgd conss, 0 impls, 193 clqs
   (0.0s) running MILP presolver
   (0.0s) MILP presolver (2 rounds): 0 aggregations, 6 fixings, 0 bound changes
(round 2, medium)     6 del vars, 1 del conss, 0 add conss, 0 chg bounds, 0 chg sides, 0 chg coeffs, 0 upgd conss, 0 impls, 193 clqs
(round 3, exhaustive) 6 del vars, 2 del conss, 0 add conss, 0 chg bounds, 1 chg sides, 0 chg coeffs, 0 upgd conss, 0 impls, 193 clqs
(round 4, exhaustive) 6 del vars, 2 del conss, 0 add conss, 0 chg bounds, 1 chg sides, 0 chg coeffs, 192 upgd conss, 0 impls, 193 clqs
(round 5, medium)     39 del vars, 2 del conss, 0 add conss, 0 chg bounds, 1 chg sides, 33 chg coeffs, 192 upgd conss, 0 impls, 193 clqs
(round 6, fast)       46 del vars, 2 del conss, 0 add conss, 0 chg bounds, 1 chg sides, 33 chg coeffs, 192 upgd conss, 0 impls, 193 clqs
(round 7, exhaustive) 46 del vars, 7 del conss, 0 add conss, 0 chg bounds, 1 chg sides, 33 chg coeffs, 192 upgd conss, 0 impls, 193 clqs
   (0.0s) probing: 51/454 (11.2%) - 0 fixings, 0 aggregations, 0 implications, 0 bound changes
   (0.0s) probing aborted: 50/50 successive totally useless probings
   (0.0s) symmetry computation started: requiring (bin +, int +, cont +), (fixed: bin -, int -, cont -)
   (0.0s) no symmetry present (symcode time: 0.00)
presolving (8 rounds: 8 fast, 6 medium, 4 exhaustive):
 46 deleted vars, 7 deleted constraints, 0 added constraints, 0 tightened bounds, 0 added holes, 1 changed sides, 33 changed coefficients
 0 implications, 193 cliques
presolved problem has 454 variables (454 bin, 0 int, 0 impl, 0 cont) and 187 constraints
    187 constraints of type <setppc>
Presolving Time: 0.02

 time | node  | left  |LP iter|LP it/n|mem/heur|mdpt |vars |cons |rows |cuts |sepa|confs|strbr|  dualbound   | primalbound  |  gap   | compl. 
  0.1s|     1 |     0 |  1474 |     - |  5395k |   0 | 454 | 187 | 187 |   0 |  0 |   0 |   0 | 7.653393e+03 |      --      |    Inf | unknown
d 0.1s|     1 |     0 |  1474 |     - |coefdivi|   0 | 454 | 187 | 187 |   0 |  1 |   0 |   0 | 7.653393e+03 | 2.229794e+03 | 243.23%| unknown
d 0.1s|     1 |     0 |  1682 |     - |coefdivi|   0 | 454 | 187 | 187 |   0 |  1 |   0 |   0 | 7.653393e+03 | 2.791047e+03 | 174.21%| unknown
d 0.1s|     1 |     0 |  1738 |     - |coefdivi|   0 | 454 | 187 | 187 |   0 |  1 |   0 |   0 | 7.653393e+03 | 3.410493e+03 | 124.41%| unknown
d 0.1s|     1 |     0 |  1771 |     - |coefdivi|   0 | 454 | 187 | 187 |   0 |  1 |   0 |   0 | 7.653393e+03 | 5.986606e+03 |  27.84%| unknown
d 0.1s|     1 |     0 |  1782 |     - |coefdivi|   0 | 454 | 187 | 187 |   0 |  1 |   0 |   0 | 7.653393e+03 | 6.780710e+03 |  12.87%| unknown
  0.1s|     1 |     0 |  1782 |     - |  5522k |   0 | 454 | 187 | 187 |   0 |  1 |   0 |   0 | 7.653393e+03 | 6.780710e+03 |  12.87%| unknown
  0.3s|     1 |     2 |  1782 |     - |  5599k |   0 | 454 | 187 | 187 |   0 |  2 |   0 |  20 | 7.597995e+03 | 6.780710e+03 |  12.05%| unknown

SCIP Status        : solving was interrupted [node limit reached]
Solving Time (sec) : 0.29
Solving Nodes      : 1
Primal Bound       : +6.78070958556528e+03 (26 solutions)
Dual Bound         : +7.59799460246738e+03
Gap                : 12.05 %
