presolving:
(round 1, fast)       2 del vars, 3 del conss, 0 add conss, 0 chg bounds, 0 chg sides, 0 chg coeffs, 0 upgd conss, 0 impls, 184 clqs
   (0.0s) running MILP presolver
   (0.0s) MILP presolver (2 rounds): 0 aggregations, 21 fixings, 0 bound changes
(round 2, medium)     23 del vars, 3 del conss, 0 add conss, 0 chg bounds, 0 chg sides, 0 chg coeffs, 0 upgd conss, 0 impls, 184 clqs
(round 3, exhaustive) 23 del vars, 7 del conss, 0 add conss, 0 chg bounds, 4 chg sides, 0 chg coeffs, 0 upgd conss, 0 impls, 184 clqs
(round 4, exhaustive) 23 del vars, 7 del conss, 0 add conss, 0 chg bounds, 4 chg sides, 0 chg coeffs, 180 upgd conss, 0 impls, 184 clqs
(round 5, medium)     65 del vars, 7 del conss, 0 add conss, 0 chg bounds, 4 chg sides, 42 chg coeffs, 180 upgd conss, 0 impls, 184 clqs
(round 6, fast)       87 del vars, 7 del conss, 0 add conss, 0 chg bounds, 4 chg sides, 42 chg coeffs, 180 upgd conss, 0 impls, 183 clqs
(round 7, exhaustive) 87 del vars, 11 del conss, 0 add conss, 0 chg bounds, 4 chg sides, 42 chg coeffs, 180 upgd conss, 0 impls, 183 clqs
(round 8, exhaustive) 88 del vars, 11 del conss, 0 add conss, 0 chg bounds, 4 chg sides, 42 chg coeffs, 180 upgd conss, 0 impls, 182 clqs
   (0.0s) probing: 51/412 (12.4%) - 0 fixings, 0 aggregations, 0 implications, 0 bound changes
   (0.0s) probing aborted: 50/50 successive totally useless probings
   (0.0s) symmetry computation started: requiring (bin +, int +, cont +), (fixed: bin -, int -, cont -)
   (0.0s) no symmetry present (symcode time: 0.00)
presolving (9 rounds: 9 fast, 7 medium, 5 exhaustive):
 88 deleted vars, 11 deleted constraints, 0 added constraints, 0 tightened bounds, 0 added holes, 4 changed sides, 42 changed coefficients
 0 implications, 182 cliques
presolved problem has 412 variables (412 bin, 0 int, 0 impl, 0 cont) and 176 constraints
    176 constraints of type <setppc>
Presolving Time: 0.02

 time | node  | left  |LP iter|LP it/n|mem/heur|mdpt |vars |cons |rows |cuts |sepa|confs|strbr|  dualbound   | primalbound  |  gap   | compl. 
  0.1s|     1 |     0 |  1246 |     - |  5409k |   0 | 412 | 176 | 176 |   0 |  0 |   0 |   0 | 7.656476e+03 |      --      |    Inf | unknown
d 0.1s|     1 |     0 |  1246 |     - |coefdivi|   0 | 412 | 176 | 176 |   0 |  1 |   0 |   0 | 7.656476e+03 | 3.050949e+03 | 150.95%| unknown
d 0.1s|     1 |     0 |  1429 |     - |coefdivi|   0 | 412 | 176 | 176 |   0 |  1 |   0 |   0 | 7.656476e+03 | 3.468997e+03 | 120.71%| unknown
d 0.1s|     1 |     0 |  1485 |     - |coefdivi|   0 | 412 | 176 | 176 |   0 |  1 |   0 |   0 | 7.656476e+03 | 6.033882e+03 |  26.89%| unknown
d 0.1s|     1 |     0 |  1494 |     - |coefdivi|   0 | 412 | 176 | 176 |   0 |  1 |   0 |   0 | 7.656476e+03 | 7.052625e+03 |   8.56%| unknown
  0.1s|     1 |     0 |  1494 |     - |  5504k |   0 | 412 | 176 | 176 |   0 |  1 |   0 |   0 | 7.656476e+03 | 7.052625e+03 |   8.56%| unknown
  0.2s|     1 |     2 |  1494 |     - |  5589k |   0 | 412 | 176 | 176 |   0 |  2 |   0 |  19 | 7.608815e+03 | 7.052625e+03 |   7.89%| unknown

SCIP Status        : solving was interrupted [node limit reached]
Solving Time (sec) : 0.21
Solving Nodes      : 1
Primal Bound       : +7.05262508388305e+03 (24 solutions)
Dual Bound         : +7.60881524968184e+03
Gap                : 7.89 %
