presolving:
(round 1, fast)       0 del vars, 2 del conss, 0 add conss, 0 chg bounds, 0 chg sides, 0 chg coeffs, 0 upgd conss, 0 impls, 197 clqs
(round 2, fast)       1 del vars, 2 del conss, 0 add conss, 0 chg bounds, 0 chg sides, 0 chg coeffs, 0 upgd conss, 0 impls, 197 clqs
   (0.0s) running MILP presolver
   (0.0s) MILP presolver (2 rounds): 0 aggregations, 9 fixings, 0 bound changes
(round 3, medium)     10 del vars, 2 del conss, 0 add conss, 0 chg bounds, 0 chg sides, 0 chg coeffs, 0 upgd conss, 0 impls, 197 clqs
(round 4, exhaustive) 10 del vars, 4 del conss, 0 add conss, 0 chg bounds, 2 chg sides, 0 chg coeffs, 0 upgd conss, 0 impls, 197 clqs
(round 5, exhaustive) 10 del vars, 4 del conss, 0 add conss, 0 chg bounds, 2 chg sides, 0 chg coeffs, 195 upgd conss, 0 impls, 197 clqs
(round 6, medium)     38 del vars, 4 del conss, 0 add conss, 0 chg bounds, 2 chg sides, 28 chg coeffs, 195 upgd conss, 0 impls, 197 clqs
(round 7, fast)       54 del vars, 5 del conss, 0 add conss, 0 chg bounds, 2 chg sides, 28 chg coeffs, 195 upgd conss, 0 impls, 196 clqs
(round 8, exhaustive) 54 del vars, 8 del conss, 0 add conss, 0 chg bounds, 2 chg sides, 28 chg coeffs, 195 upgd conss, 0 impls, 196 clqs
   (0.0s) probing: 51/446 (11.4%) - 0 fixings, 0 aggregations, 0 implications, 0 bound changes
   (0.0s) probing aborted: 50/50 successive totally useless probings
   (0.0s) symmetry computation started: requiring (bin +, int +, cont +), (fixed: bin -, int -, cont -)
   (0.0s) no symmetry present (symcode time: 0.00)
presolving (9 rounds: 9 fast, 6 medium, 4 exhaustive):
 54 deleted vars, 8 deleted constraints, 0 added constraints, 0 tightened bounds, 0 added holes, 2 changed sides, 28 changed coefficients
 0 implications, 196 cliques
presolved problem has 446 variables (446 bin, 0 int, 0 impl, 0 cont) and 191 constraints
    191 constraints of type <setppc>
Presolving Time: 0.01

 time | node  | left  |LP iter|LP it/n|mem/heur|mdpt |vars |cons |rows |cuts |sepa|confs|strbr|  dualbound   | primalbound  |  gap   | compl. 
  0.1s|     1 |     0 |  2046 |     - |  5483k |   0 | 446 | 191 | 191 |   0 |  0 |   0 |   0 | 7.773481e+03 |      --      |    Inf | unknown
d 0.1s|     1 |     0 |  2046 |     - |coefdivi|   0 | 446 | 191 | 191 |   0 |  1 |   0 |   0 | 7.773481e+03 | 2.055952e+03 | 278.10%| unknown
d 0.1s|     1 |     0 |  2209 |     - |coefdivi|   0 | 446 | 191 | 191 |   0 |  1 |   0 |   0 | 7.773481e+03 | 3.235993e+03 | 140.22%| unknown
d 0.1s|     1 |     0 |  2260 |     - |coefdivi|   0 | 446 | 191 | 191 |   0 |  1 |   0 |   0 | 7.773481e+03 | 4.875990e+03 |  59.42%| unknown
d 0.1s|     1 |     0 |  2336 |     - |coefdivi|   0 | 446 | 191 | 191 |   0 |  1 |   0 |   0 | 7.773481e+03 | 6.686448e+03 |  16.26%| unknown
  0.1s|     1 |     0 |  2336 |     - |  5617k |   0 | 446 | 191 | 191 |   0 |  1 |   0 |   0 | 7.773481e+03 | 6.686448e+03 |  16.26%| unknown
  0.4s|     1 |     2 |  2336 |     - |  5813k |   0 | 446 | 191 | 191 |   0 |  2 |   0 |  32 | 7.743143e+03 | 6.686448e+03 |  15.80%| unknown

SCIP Status        : solving was interrupted [node limit reached]
Solving Time (sec) : 0.39
Solving Nodes      : 1
Primal Bound       : +6.68644792796553e+03 (43 solutions)
Dual Bound         : +7.74314334571141e+03
Gap                : 15.80 %
