presolving:
(round 1, fast)       0 del vars, 2 del conss, 0 add conss, 0 chg bounds, 0 chg sides, 0 chg coeffs, 0 upgd conss, 0 impls, 192 clqs
   (0.0s) running MILP presolver
   (0.0s) MILP presolver (2 rounds): 0 aggregations, 13 fixings, 0 bound changes
(round 2, medium)     13 del vars, 2 del conss, 0 add conss, 0 chg bounds, 0 chg sides, 0 chg coeffs, 0 upgd conss, 0 impls, 192 clqs
(round 3, exhaustive) 13 del vars, 4 del conss, 0 add conss, 0 chg bounds, 2 chg sides, 0 chg coeffs, 0 upgd conss, 0 impls, 192 clqs
(round 4, exhaustive) 13 del vars, 4 del conss, 0 add conss, 0 chg bounds, 2 chg sides, 0 chg coeffs, 190 upgd conss, 0 impls, 192 clqs
(round 5, medium)     44 del vars, 4 del conss, 0 add conss, 0 chg bounds, 2 chg sides, 31 chg coeffs, 190 upgd conss, 0 impls, 192 clqs
(round 6, fast)       57 del vars, 5 del conss, 0 add conss, 0 chg bounds, 2 chg sides, 31 chg coeffs, 190 upgd conss, 0 impls, 191 clqs
(round 7, exhaustive) 57 del vars, 8 del conss, 0 add conss, 0 chg bounds, 2 chg sides, 31 chg coeffs, 190 upgd conss, 0 impls, 191 clqs
   (0.0s) probing: 51/443 (11.5%) - 0 fixings, 0 aggregations, 0 implications, 0 bound changes
   (0.0s) probing aborted: 50/50 successive totally useless probings
   (0.0s) symmetry computation started: requiring (bin +, int +, cont +), (fixed: bin -, int -, cont -)
   (0.0s) no symmetry present (symcode time: 0.00)
presolving (8 rounds: 8 fast, 6 medium, 4 exhaustive):
 57 deleted vars, 8 deleted constraints, 0 added constraints, 0 tightened bounds, 0 added holes, 2 changed sides, 31 changed coefficients
 0 implications, 191 cliques
presolved problem has 443 variables (443 bin, 0 int, 0 impl, 0 cont) and 186 constraints
    186 constraints of type <setppc>
Presolving Time: 0.04

 time | node  | left  |LP iter|LP it/n|mem/heur|mdpt |vars |cons |rows |cuts |sepa|confs|strbr|  dualbound   | primalbound  |  gap   | compl. 
  0.2s|     1 |     0 |  1453 |     - |  5437k |   0 | 443 | 186 | 186 |   0 |  0 |   0 |   0 | 7.981371e+03 |      --      |    Inf | unknown
d 0.2s|     1 |     0 |  1453 |     - |coefdivi|   0 | 443 | 186 | 186 |   0 |  1 |   0 |   0 | 7.981371e+03 | 2.355830e+03 | 238.79%| unknown
d 0.2s|     1 |     0 |  1623 |     - |coefdivi|   0 | 443 | 186 | 186 |   0 |  1 |   0 |   0 | 7.981371e+03 | 3.060305e+03 | 160.80%| unknown
d 0.2s|     1 |     0 |  1702 |     - |coefdivi|   0 | 443 | 186 | 186 |   0 |  1 |   0 |   0 | 7.981371e+03 | 4.139012e+03 |  92.83%| unknown
d 0.2s|     1 |     0 |  1729 |     - |coefdivi|   0 | 443 | 186 | 186 |   0 |  1 |   0 |   0 | 7.981371e+03 | 6.834989e+03 |  16.77%| unknown
  0.2s|     1 |     0 |  1729 |     - |  5542k |   0 | 443 | 186 | 186 |   0 |  1 |   0 |   0 | 7.981371e+03 | 6.834989e+03 |  16.77%| unknown
  0.4s|     1 |     2 |  1729 |     - |  5726k |   0 | 443 | 186 | 186 |   0 |  2 |   0 |  21 | 7.948100e+03 | 6.834989e+03 |  16.29%| unknown

SCIP Status        : solving was interrupted [node limit reached]
Solving Time (sec) : 0.38
Solving Nodes      : 1
Primal Bound       : +6.83498907706191e+03 (29 solutions)
Dual Bound         : +7.94809985602026e+03
Gap                : 16.29 %
