presolving:
(round 1, fast)       0 del vars, 3 del conss, 0 add conss, 0 chg bounds, 0 chg sides, 0 chg coeffs, 0 upgd conss, 0 impls, 189 clqs
(round 2, fast)       1 del vars, 3 del conss, 0 add conss, 0 chg bounds, 0 chg sides, 0 chg coeffs, 0 upgd conss, 0 impls, 189 clqs
   (0.0s) running MILP presolver
   (0.0s) MILP presolver (2 rounds): 0 aggregations, 16 fixings, 0 bound changes
(round 3, medium)     17 del vars, 3 del conss, 0 add conss, 0 chg bounds, 0 chg sides, 0 chg coeffs, 0 upgd conss, 0 impls, 189 clqs
(round 4, exhaustive) 17 del vars, 10 del conss, 0 add conss, 0 chg bounds, 7 chg sides, 0 chg coeffs, 0 upgd conss, 0 impls, 189 clqs
(round 5, exhaustive) 17 del vars, 10 del conss, 0 add conss, 0 chg bounds, 7 chg sides, 0 chg coeffs, 182 upgd conss, 0 impls, 189 clqs
(round 6, medium)     59 del vars, 10 del conss, 0 add conss, 0 chg bounds, 7 chg sides, 42 chg coeffs, 182 upgd conss, 0 impls, 189 clqs
(round 7, fast)       86 del vars, 12 del conss, 0 add conss, 0 chg bounds, 7 chg sides, 42 chg coeffs, 182 upgd conss, 0 impls, 186 clqs
(round 8, exhaustive) 86 del vars, 19 del conss, 0 add conss, 0 chg bounds, 7 chg sides, 42 chg coeffs, 182 upgd conss, 0 impls, 186 clqs
   (0.0s) probing: 51/414 (12.3%) - 0 fixings, 0 aggregations, 0 implications, 0 bound changes
   (0.0s) probing aborted: 50/50 successive totally useless probings
   (0.0s) symmetry computation started: requiring (bin +, int +, cont +), (fixed: bin -, int -, cont -)
   (0.0s) no symmetry present (symcode time: 0.00)
presolving (9 rounds: 9 fast, 6 medium, 4 exhaustive):
 86 deleted vars, 19 deleted constraints, 0 added constraints, 0 tightened bounds, 0 added holes, 7 changed sides, 42 changed coefficients
 0 implications, 186 cliques
presolved problem has 414 variables (414 bin, 0 int, 0 impl, 0 cont) and 173 constraints
    173 constraints of type <setppc>
Presolving Time: 0.02

 time | node  | left  |LP iter|LP it/n|mem/heur|mdpt |vars |cons |rows |cuts |sepa|confs|strbr|  dualbound   | primalbound  |  gap   | compl. 
  0.1s|     1 |     0 |  1039 |     - |  5303k |   0 | 414 | 173 | 173 |   0 |  0 |   0 |   0 | 7.036457e+03 |      --      |    Inf | unknown
d 0.1s|     1 |     0 |  1039 |     - |coefdivi|   0 | 414 | 173 | 173 |   0 |  1 |   0 |   0 | 7.036457e+03 | 2.831133e+03 | 148.54%| unknown
d 0.1s|     1 |     0 |  1215 |     - |coefdivi|   0 | 414 | 173 | 173 |   0 |  1 |   0 |   0 | 7.036457e+03 | 3.302120e+03 | 113.09%| unknown
d 0.1s|     1 |     0 |  1271 |     - |coefdivi|   0 | 414 | 173 | 173 |   0 |  1 |   0 |   0 | 7.036457e+03 | 3.679951e+03 |  91.21%| unknown
d 0.1s|     1 |     0 |  1293 |     - |coefdivi|   0 | 414 | 173 | 173 |   0 |  1 |   0 |   0 | 7.036457e+03 | 6.046123e+03 |  16.38%| unknown
  0.1s|     1 |     0 |  1293 |     - |  5407k |   0 | 414 | 173 | 173 |   0 |  1 |   0 |   0 | 7.036457e+03 | 6.046123e+03 |  16.38%| unknown
  0.2s|     1 |     2 |  1293 |     - |  5570k |   0 | 414 | 173 | 173 |   0 |  2 |   0 |  28 | 6.975126e+03 | 6.046123e+03 |  15.37%| unknown

SCIP Status        : solving was interrupted [node limit reached]
Solving Time (sec) : 0.18
Solving Nodes      : 1
Primal Bound       : +6.04612255679598e+03 (33 solutions)
Dual Bound         : +6.97512609722432e+03
Gap                : 15.37 %
