presolving:
(round 1, fast)       0 del vars, 1 del conss, 0 add conss, 0 chg bounds, 0 chg sides, 0 chg coeffs, 0 upgd conss, 0 impls, 196 clqs
   (0.0s) running MILP presolver
   (0.0s) MILP presolver (2 rounds): 0 aggregations, 15 fixings, 0 bound changes
(round 2, medium)     15 del vars, 1 del conss, 0 add conss, 0 chg bounds, 0 chg sides, 0 chg coeffs, 0 upgd conss, 0 impls, 196 clqs
(round 3, exhaustive) 15 del vars, 5 del conss, 0 add conss, 0 chg bounds, 4 chg sides, 0 chg coeffs, 0 upgd conss, 0 impls, 196 clqs
(round 4, exhaustive) 15 del vars, 5 del conss, 0 add conss, 0 chg bounds, 4 chg sides, 0 chg coeffs, 192 upgd conss, 0 impls, 196 clqs
(round 5, medium)     52 del vars, 5 del conss, 0 add conss, 0 chg bounds, 4 chg sides, 37 chg coeffs, 192 upgd conss, 0 impls, 196 clqs
(round 6, fast)       66 del vars, 5 del conss, 0 add conss, 0 chg bounds, 4 chg sides, 37 chg coeffs, 192 upgd conss, 0 impls, 196 clqs
(round 7, exhaustive) 66 del vars, 7 del conss, 0 add conss, 0 chg bounds, 4 chg sides, 37 chg coeffs, 192 upgd conss, 0 impls, 196 clqs
   (0.0s) probing: 51/434 (11.8%) - 0 fixings, 0 aggregations, 0 implications, 0 bound changes
   (0.0s) probing aborted: 50/50 successive totally useless probings
   (0.0s) symmetry computation started: requiring (bin +, int +, cont +), (fixed: bin -, int -, cont -)
   (0.0s) no symmetry present (symcode time: 0.00)
presolving (8 rounds: 8 fast, 6 medium, 4 exhaustive):
 66 deleted vars, 7 deleted constraints, 0 added constraints, 0 tightened bounds, 0 added holes, 4 changed sides, 37 changed coefficients
 0 implications, 196 cliques
presolved problem has 434 variables (434 bin, 0 int, 0 impl, 0 cont) and 190 constraints
    190 constraints of type <setppc>
Presolving Time: 0.02

 time | node  | left  |LP iter|LP it/n|mem/heur|mdpt |vars |cons |rows |cuts |sepa|confs|strbr|  dualbound   | primalbound  |  gap   | compl. 
  0.2s|     1 |     0 |  1596 |     - |  5385k |   0 | 434 | 190 | 190 |   0 |  0 |   0 |   0 | 8.150240e+03 |      --      |    Inf | unknown
d 0.2s|     1 |     0 |  1596 |     - |coefdivi|   0 | 434 | 190 | 190 |   0 |  1 |   0 |   0 | 8.150240e+03 | 2.833525e+03 | 187.64%| unknown
d 0.2s|     1 |     0 |  1754 |     - |coefdivi|   0 | 434 | 190 | 190 |   0 |  1 |   0 |   0 | 8.150240e+03 | 3.309925e+03 | 146.24%| unknown
d 0.2s|     1 |     0 |  1809 |     - |coefdivi|   0 | 434 | 190 | 190 |   0 |  1 |   0 |   0 | 8.150240e+03 | 3.944281e+03 | 106.63%| unknown
d 0.2s|     1 |     0 |  1860 |     - |coefdivi|   0 | 434 | 190 | 190 |   0 |  1 |   0 |   0 | 8.150240e+03 | 5.341599e+03 |  52.58%| unknown
d 0.2s|     1 |     0 |  1878 |     - |coefdivi|   0 | 434 | 190 | 190 |   0 |  1 |   0 |   0 | 8.150240e+03 | 7.257540e+03 |  12.30%| unknown
  0.2s|     1 |     0 |  1878 |     - |  5490k |   0 | 434 | 190 | 190 |   0 |  1 |   0 |   0 | 8.150240e+03 | 7.257540e+03 |  12.30%| unknown
  0.4s|     1 |     2 |  1878 |     - |  5635k |   0 | 434 | 190 | 190 |   0 |  2 |   0 |  36 | 8.088320e+03 | 7.257540e+03 |  11.45%| unknown

SCIP Status        : solving was interrupted [node limit reached]
Solving Time (sec) : 0.40
Solving Nodes      : 1
Primal Bound       : +7.25753976133868e+03 (43 solutions)
Dual Bound         : +8.08831966619844e+03
Gap                : 11.45 %
