presolving:
(round 1, fast)       1 del vars, 1 del conss, 0 add conss, 0 chg bounds, 0 chg sides, 0 chg coeffs, 0 upgd conss, 0 impls, 194 clqs
   (0.0s) running MILP presolver
   (0.0s) MILP presolver (2 rounds): 0 aggregations, 22 fixings, 0 bound changes
(round 2, medium)     23 del vars, 1 del conss, 0 add conss, 0 chg bounds, 0 chg sides, 0 chg coeffs, 0 upgd conss, 0 impls, 194 clqs
(round 3, exhaustive) 23 del vars, 3 del conss, 0 add conss, 0 chg bounds, 2 chg sides, 0 chg coeffs, 0 upgd conss, 0 impls, 194 clqs
(round 4, exhaustive) 23 del vars, 3 del conss, 0 add conss, 0 chg bounds, 2 chg sides, 0 chg coeffs, 192 upgd conss, 0 impls, 194 clqs
(round 5, medium)     64 del vars, 3 del conss, 0 add conss, 0 chg bounds, 2 chg sides, 41 chg coeffs, 192 upgd conss, 0 impls, 194 clqs
(round 6, fast)       79 del vars, 4 del conss, 0 add conss, 0 chg bounds, 2 chg sides, 41 chg coeffs, 192 upgd conss, 0 impls, 193 clqs
(round 7, exhaustive) 79 del vars, 8 del conss, 0 add conss, 0 chg bounds, 2 chg sides, 41 chg coeffs, 192 upgd conss, 0 impls, 193 clqs
   (0.0s) probing: 51/421 (12.1%) - 0 fixings, 0 aggregations, 0 implications, 0 bound changes
   (0.0s) probing aborted: 50/50 successive totally useless probings
   (0.0s) symmetry computation started: requiring (bin +, int +, cont +), (fixed: bin -, int -, cont -)
   (0.0s) no symmetry present (symcode time: 0.00)
presolving (8 rounds: 8 fast, 6 medium, 4 exhaustive):
 79 deleted vars, 8 deleted constraints, 0 added constraints, 0 tightened bounds, 0 added holes, 2 changed sides, 41 changed coefficients
 0 implications, 193 cliques
presolved problem has 421 variables (421 bin, 0 int, 0 impl, 0 cont) and 187 constraints
    187 constraints of type <setppc>
Presolving Time: 0.02

 time | node  | left  |LP iter|LP it/n|mem/heur|mdpt |vars |cons |rows |cuts |sepa|confs|strbr|  dualbound   | primalbound  |  gap   | compl. 
  0.1s|     1 |     0 |  1652 |     - |  5251k |   0 | 421 | 187 | 187 |   0 |  0 |   0 |   0 | 7.876705e+03 |      --      |    Inf | unknown
d 0.1s|     1 |     0 |  1652 |     - |coefdivi|   0 | 421 | 187 | 187 |   0 |  1 |   0 |   0 | 7.876705e+03 | 3.260172e+03 | 141.60%| unknown
d 0.1s|     1 |     0 |  1774 |     - |coefdivi|   0 | 421 | 187 | 187 |   0 |  1 |   0 |   0 | 7.876705e+03 | 3.853909e+03 | 104.38%| unknown
d 0.1s|     1 |     0 |  1840 |     - |coefdivi|   0 | 421 | 187 | 187 |   0 |  1 |   0 |   0 | 7.876705e+03 | 5.348863e+03 |  47.26%| unknown
d 0.1s|     1 |     0 |  1853 |     - |coefdivi|   0 | 421 | 187 | 187 |   0 |  1 |   0 |   0 | 7.876705e+03 | 7.306223e+03 |   7.81%| unknown
  0.1s|     1 |     0 |  1853 |     - |  5357k |   0 | 421 | 187 | 187 |   0 |  1 |   0 |   0 | 7.876705e+03 | 7.306223e+03 |   7.81%| unknown
  0.2s|     1 |     2 |  1853 |     - |  5483k |   0 | 421 | 187 | 187 |   0 |  2 |   0 |  21 | 7.843491e+03 | 7.306223e+03 |   7.35%| unknown

SCIP Status        : solving was interrupted [node limit reached]
Solving Time (sec) : 0.21
Solving Nodes      : 1
Primal Bound       : +7.30622334620375e+03 (29 solutions)
Dual Bound         : +7.84349061453036e+03
Gap                : 7.35 %
