presolving:
   (0.0s) running MILP presolver
   (0.0s) MILP presolver (2 rounds): 0 aggregations, 15 fixings, 0 bound changes
(round 1, medium)     15 del vars, 0 del conss, 0 add conss, 0 chg bounds, 0 chg sides, 0 chg coeffs, 0 upgd conss, 0 impls, 194 clqs
(round 2, exhaustive) 15 del vars, 5 del conss, 0 add conss, 0 chg bounds, 5 chg sides, 0 chg coeffs, 0 upgd conss, 0 impls, 194 clqs
(round 3, exhaustive) 15 del vars, 5 del conss, 0 add conss, 0 chg bounds, 5 chg sides, 0 chg coeffs, 189 upgd conss, 0 impls, 194 clqs
(round 4, medium)     53 del vars, 5 del conss, 0 add conss, 0 chg bounds, 5 chg sides, 38 chg coeffs, 189 upgd conss, 0 impls, 194 clqs
(round 5, fast)       72 del vars, 6 del conss, 0 add conss, 0 chg bounds, 5 chg sides, 38 chg coeffs, 189 upgd conss, 0 impls, 192 clqs
(round 6, exhaustive) 72 del vars, 14 del conss, 0 add conss, 0 chg bounds, 5 chg sides, 38 chg coeffs, 189 upgd conss, 0 impls, 192 clqs
   (0.0s) probing: 51/428 (11.9%) - 0 fixings, 0 aggregations, 0 implications, 0 bound changes
   (0.0s) probing aborted: 50/50 successive totally useless probings
   (0.0s) symmetry computation started: requiring (bin +, int +, cont +), (fixed: bin -, int -, cont -)
   (0.0s) no symmetry present (symcode time: 0.00)
presolving (7 rounds: 7 fast, 6 medium, 4 exhaustive):
 72 deleted vars, 14 deleted constraints, 0 added constraints, 0 tightened bounds, 0 added holes, 5 changed sides, 38 changed coefficients
 0 implications, 192 cliques
presolved problem has 428 variables (428 bin, 0 int, 0 impl, 0 cont) and 180 constraints
    180 constraints of type <setppc>
Presolving Time: 0.02

 time | node  | left  |LP iter|LP it/n|mem/heur|mdpt |vars |cons |rows |cuts |sepa|confs|strbr|  dualbound   | primalbound  |  gap   | compl. 
  0.1s|     1 |     0 |  1816 |     - |  5441k |   0 | 428 | 180 | 180 |   0 |  0 |   0 |   0 | 7.834708e+03 |      --      |    Inf | unknown
d 0.1s|     1 |     0 |  1816 |     - |coefdivi|   0 | 428 | 180 | 180 |   0 |  1 |   0 |   0 | 7.834708e+03 | 2.831461e+03 | 176.70%| unknown
d 0.1s|     1 |     0 |  2041 |     - |coefdivi|   0 | 428 | 180 | 180 |   0 |  1 |   0 |   0 | 7.834708e+03 | 3.287910e+03 | 138.29%| unknown
d 0.1s|     1 |     0 |  2164 |     - |coefdivi|   0 | 428 | 180 | 180 |   0 |  1 |   0 |   0 | 7.834708e+03 | 5.103031e+03 |  53.53%| unknown
d 0.1s|     1 |     0 |  2186 |     - |coefdivi|   0 | 428 | 180 | 180 |   0 |  1 |   0 |   0 | 7.834708e+03 | 6.958001e+03 |  12.60%| unknown
  0.1s|     1 |     0 |  2186 |     - |  5536k |   0 | 428 | 180 | 180 |   0 |  1 |   0 |   0 | 7.834708e+03 | 6.958001e+03 |  12.60%| unknown
  0.2s|     1 |     2 |  2186 |     - |  5701k |   0 | 428 | 180 | 180 |   0 |  2 |   0 |  30 | 7.786603e+03 | 6.958001e+03 |  11.91%| unknown

SCIP Status        : solving was interrupted [node limit reached]
Solving Time (sec) : 0.25
Solving Nodes      : 1
Primal Bound       : +6.95800100233164e+03 (39 solutions)
Dual Bound         : +7.78660331079283e+03
Gap                : 11.91 %
