presolving:
(round 1, fast)       1 del vars, 4 del conss, 0 add conss, 0 chg bounds, 0 chg sides, 0 chg coeffs, 0 upgd conss, 0 impls, 185 clqs
(round 2, fast)       2 del vars, 4 del conss, 0 add conss, 0 chg bounds, 0 chg sides, 0 chg coeffs, 0 upgd conss, 0 impls, 185 clqs
   (0.0s) running MILP presolver
   (0.0s) MILP presolver (2 rounds): 0 aggregations, 20 fixings, 0 bound changes
(round 3, medium)     22 del vars, 4 del conss, 0 add conss, 0 chg bounds, 0 chg sides, 0 chg coeffs, 0 upgd conss, 0 impls, 185 clqs
(round 4, exhaustive) 22 del vars, 9 del conss, 0 add conss, 0 chg bounds, 5 chg sides, 0 chg coeffs, 0 upgd conss, 0 impls, 185 clqs
(round 5, exhaustive) 22 del vars, 9 del conss, 0 add conss, 0 chg bounds, 5 chg sides, 0 chg coeffs, 180 upgd conss, 0 impls, 185 clqs
(round 6, medium)     56 del vars, 9 del conss, 0 add conss, 0 chg bounds, 5 chg sides, 34 chg coeffs, 180 upgd conss, 0 impls, 185 clqs
(round 7, fast)       68 del vars, 9 del conss, 0 add conss, 0 chg bounds, 5 chg sides, 34 chg coeffs, 180 upgd conss, 0 impls, 185 clqs
(round 8, exhaustive) 68 del vars, 14 del conss, 0 add conss, 0 chg bounds, 5 chg sides, 34 chg coeffs, 180 upgd conss, 0 impls, 185 clqs
   (0.0s) probing: 51/432 (11.8%) - 0 fixings, 0 aggregations, 0 implications, 0 bound changes
   (0.0s) probing aborted: 50/50 successive totally useless probings
   (0.0s) symmetry computation started: requiring (bin +, int +, cont +), (fixed: bin -, int -, cont -)
   (0.0s) no symmetry present (symcode time: 0.00)
presolving (9 rounds: 9 fast, 6 medium, 4 exhaustive):
 68 deleted vars, 14 deleted constraints, 0 added constraints, 0 tightened bounds, 0 added holes, 5 changed sides, 34 changed coefficients
 0 implications, 185 cliques
presolved problem has 432 variables (432 bin, 0 int, 0 impl, 0 cont) and 175 constraints
    175 constraints of type <setppc>
Presolving Time: 0.02

 time | node  | left  |LP iter|LP it/n|mem/heur|mdpt |vars |cons |rows |cuts |sepa|confs|strbr|  dualbound   | primalbound  |  gap   | compl. 
  0.1s|     1 |     0 |  1637 |     - |  5439k |   0 | 432 | 175 | 175 |   0 |  0 |   0 |   0 | 6.907998e+03 |      --      |    Inf | unknown
d 0.1s|     1 |     0 |  1637 |     - |coefdivi|   0 | 432 | 175 | 175 |   0 |  1 |   0 |   0 | 6.907998e+03 | 2.428567e+03 | 184.45%| unknown
d 0.1s|     1 |     0 |  1816 |     - |coefdivi|   0 | 432 | 175 | 175 |   0 |  1 |   0 |   0 | 6.907998e+03 | 3.721143e+03 |  85.64%| unknown
d 0.1s|     1 |     0 |  1849 |     - |coefdivi|   0 | 432 | 175 | 175 |   0 |  1 |   0 |   0 | 6.907998e+03 | 4.535073e+03 |  52.32%| unknown
d 0.1s|     1 |     0 |  1867 |     - |coefdivi|   0 | 432 | 175 | 175 |   0 |  1 |   0 |   0 | 6.907998e+03 | 5.781621e+03 |  19.48%| unknown
  0.1s|     1 |     0 |  1867 |     - |  5574k |   0 | 432 | 175 | 175 |   0 |  1 |   0 |   0 | 6.907998e+03 | 5.781621e+03 |  19.48%| unknown
  0.2s|     1 |     2 |  1867 |     - |  5752k |   0 | 432 | 175 | 175 |   0 |  2 |   0 |  26 | 6.846397e+03 | 5.781621e+03 |  18.42%| unknown

SCIP Status        : solving was interrupted [node limit reached]
Solving Time (sec) : 0.23
Solving Nodes      : 1
Primal Bound       : +5.78162098107039e+03 (31 solutions)
Dual Bound         : +6.84639697900479e+03
Gap                : 18.42 %
