presolving:
(round 1, fast)       0 del vars, 1 del conss, 0 add conss, 0 chg bounds, 0 chg sides, 0 chg coeffs, 0 upgd conss, 0 impls, 197 clqs
   (0.0s) running MILP presolver
   (0.0s) MILP presolver (2 rounds): 0 aggregations, 10 fixings, 0 bound changes
(round 2, medium)     10 del vars, 1 del conss, 0 add conss, 0 chg bounds, 0 chg sides, 0 chg coeffs, 0 upgd conss, 0 impls, 196 clqs
(round 3, fast)       10 del vars, 2 del conss, 0 add conss, 0 chg bounds, 0 chg sides, 0 chg coeffs, 0 upgd conss, 0 impls, 196 clqs
(round 4, exhaustive) 10 del vars, 8 del conss, 0 add conss, 0 chg bounds, 6 chg sides, 0 chg coeffs, 0 upgd conss, 0 impls, 196 clqs
(round 5, exhaustive) 10 del vars, 8 del conss, 0 add conss, 0 chg bounds, 6 chg sides, 0 chg coeffs, 190 upgd conss, 0 impls, 196 clqs
(round 6, medium)     39 del vars, 8 del conss, 0 add conss, 0 chg bounds, 6 chg sides, 29 chg coeffs, 190 upgd conss, 0 impls, 196 clqs
(round 7, fast)       54 del vars, 9 del conss, 0 add conss, 0 chg bounds, 6 chg sides, 29 chg coeffs, 190 upgd conss, 0 impls, 194 clqs
(round 8, exhaustive) 54 del vars, 13 del conss, 0 add conss, 0 chg bounds, 6 chg sides, 29 chg coeffs, 190 upgd conss, 0 impls, 194 clqs
   (0.0s) probing: 51/446 (11.4%) - 0 fixings, 0 aggregations, 0 implications, 0 bound changes
   (0.0s) probing aborted: 50/50 successive totally useless probings
   (0.0s) symmetry computation started: requiring (bin +, int +, cont +), (fixed: bin -, int -, cont -)
   (0.0s) no symmetry present (symcode time: 0.00)
presolving (9 rounds: 9 fast, 6 medium, 4 exhaustive):
 54 deleted vars, 13 deleted constraints, 0 added constraints, 0 tightened bounds, 0 added holes, 6 changed sides, 29 changed coefficients
 0 implications, 194 cliques
presolved problem has 446 variables (446 bin, 0 int, 0 impl, 0 cont) and 185 constraints
    185 constraints of type <setppc>
Presolving Time: 0.04

 time | node  | left  |LP iter|LP it/n|mem/heur|mdpt |vars |cons |rows |cuts |sepa|confs|strbr|  dualbound   | primalbound  |  gap   | compl. 
  0.1s|     1 |     0 |  1279 |     - |  5444k |   0 | 446 | 185 | 185 |   0 |  0 |   0 |   0 | 7.800898e+03 |      --      |    Inf | unknown
d 0.1s|     1 |     0 |  1279 |     - |coefdivi|   0 | 446 | 185 | 185 |   0 |  1 |   0 |   0 | 7.800898e+03 | 2.505256e+03 | 211.38%| unknown
d 0.1s|     1 |     0 |  1498 |     - |coefdivi|   0 | 446 | 185 | 185 |   0 |  1 |   0 |   0 | 7.800898e+03 | 3.655054e+03 | 113.43%| unknown
d 0.1s|     1 |     0 |  1535 |     - |coefdivi|   0 | 446 | 185 | 185 |   0 |  1 |   0 |   0 | 7.800898e+03 | 7.108579e+03 |   9.74%| unknown
  0.1s|     1 |     0 |  1535 |     - |  5537k |   0 | 446 | 185 | 185 |   0 |  1 |   0 |   0 | 7.800898e+03 | 7.108579e+03 |   9.74%| unknown
  0.4s|     1 |     2 |  1535 |     - |  5959k |   0 | 446 | 185 | 185 |   0 |  2 |   0 |  45 | 7.773542e+03 | 7.108579e+03 |   9.35%| unknown

SCIP Status        : solving was interrupted [node limit reached]
Solving Time (sec) : 0.44
Solving Nodes      : 1
Primal Bound       : +7.10857939501243e+03 (55 solutions)
Dual Bound         : +7.77354222834836e+03
Gap                : 9.35 %
