presolving:
(round 1, fast)       0 del vars, 1 del conss, 0 add conss, 0 chg bounds, 0 chg sides, 0 chg coeffs, 0 upgd conss, 0 impls, 183 clqs
   (0.0s) running MILP presolver
   (0.0s) MILP presolver (2 rounds): 0 aggregations, 25 fixings, 0 bound changes
(round 2, medium)     25 del vars, 1 del conss, 0 add conss, 0 chg bounds, 0 chg sides, 0 chg coeffs, 0 upgd conss, 0 impls, 182 clqs
(round 3, fast)       25 del vars, 2 del conss, 0 add conss, 0 chg bounds, 0 chg sides, 0 chg coeffs, 0 upgd conss, 0 impls, 182 clqs
(round 4, exhaustive) 25 del vars, 12 del conss, 0 add conss, 0 chg bounds, 10 chg sides, 0 chg coeffs, 0 upgd conss, 0 impls, 182 clqs
(round 5, exhaustive) 25 del vars, 12 del conss, 0 add conss, 0 chg bounds, 10 chg sides, 0 chg coeffs, 172 upgd conss, 0 impls, 182 clqs
(round 6, medium)     69 del vars, 12 del conss, 0 add conss, 0 chg bounds, 10 chg sides, 44 chg coeffs, 172 upgd conss, 0 impls, 182 clqs
(round 7, fast)       91 del vars, 15 del conss, 0 add conss, 0 chg bounds, 10 chg sides, 44 chg coeffs, 172 upgd conss, 0 impls, 177 clqs
(round 8, exhaustive) 91 del vars, 16 del conss, 0 add conss, 0 chg bounds, 10 chg sides, 44 chg coeffs, 172 upgd conss, 0 impls, 177 clqs
   (0.1s) probing: 51/409 (12.5%) - 0 fixings, 0 aggregations, 0 implications, 0 bound changes
   (0.1s) probing aborted: 50/50 successive totally useless probings
   (0.1s) symmetry computation started: requiring (bin +, int +, cont +), (fixed: bin -, int -, cont -)
   (0.1s) no symmetry present (symcode time: 0.00)
presolving (9 rounds: 9 fast, 6 medium, 4 exhaustive):
 91 deleted vars, 16 deleted constraints, 0 added constraints, 0 tightened bounds, 0 added holes, 10 changed sides, 44 changed coefficients
 0 implications, 177 cliques
presolved problem has 409 variables (409 bin, 0 int, 0 impl, 0 cont) and 168 constraints
    168 constraints of type <setppc>
Presolving Time: 0.08

 time | node  | left  |LP iter|LP it/n|mem/heur|mdpt |vars |cons |rows |cuts |sepa|confs|strbr|  dualbound   | primalbound  |  gap   | compl. 
  0.2s|     1 |     0 |  1406 |     - |  5539k |   0 | 409 | 168 | 168 |   0 |  0 |   0 |   0 | 7.958090e+03 |      --      |    Inf | unknown
d 0.2s|     1 |     0 |  1406 |     - |coefdivi|   0 | 409 | 168 | 168 |   0 |  1 |   0 |   0 | 7.958090e+03 | 3.511529e+03 | 126.63%| unknown
d 0.2s|     1 |     0 |  1549 |     - |coefdivi|   0 | 409 | 168 | 168 |   0 |  1 |   0 |   0 | 7.958090e+03 | 4.918308e+03 |  61.81%| unknown
d 0.2s|     1 |     0 |  1601 |     - |coefdivi|   0 | 409 | 168 | 168 |   0 |  1 |   0 |   0 | 7.958090e+03 | 5.595082e+03 |  42.23%| unknown
d 0.2s|     1 |     0 |  1622 |     - |coefdivi|   0 | 409 | 168 | 168 |   0 |  1 |   0 |   0 | 7.958090e+03 | 6.862854e+03 |  15.96%| unknown
  0.2s|     1 |     0 |  1622 |     - |  5649k |   0 | 409 | 168 | 168 |   0 |  1 |   0 |   0 | 7.958090e+03 | 6.862854e+03 |  15.96%| unknown
  0.6s|     1 |     2 |  1622 |     - |  5850k |   0 | 409 | 168 | 168 |   0 |  2 |   0 |  50 | 7.932474e+03 | 6.862854e+03 |  15.59%| unknown

SCIP Status        : solving was interrupted [node limit reached]
Solving Time (sec) : 0.56
Solving Nodes      : 1
Primal Bound       : +6.86285387607529e+03 (54 solutions)
Dual Bound         : +7.93247359408651e+03
Gap                : 15.59 %
