presolving:
(round 1, fast)       0 del vars, 1 del conss, 0 add conss, 0 chg bounds, 0 chg sides, 0 chg coeffs, 0 upgd conss, 0 impls, 191 clqs
   (0.0s) running MILP presolver
   (0.0s) MILP presolver (2 rounds): 0 aggregations, 15 fixings, 0 bound changes
(round 2, medium)     15 del vars, 1 del conss, 0 add conss, 0 chg bounds, 0 chg sides, 0 chg coeffs, 0 upgd conss, 0 impls, 190 clqs
(round 3, fast)       15 del vars, 2 del conss, 0 add conss, 0 chg bounds, 0 chg sides, 0 chg coeffs, 0 upgd conss, 0 impls, 190 clqs
(round 4, exhaustive) 15 del vars, 5 del conss, 0 add conss, 0 chg bounds, 3 chg sides, 0 chg coeffs, 0 upgd conss, 0 impls, 190 clqs
(round 5, exhaustive) 15 del vars, 5 del conss, 0 add conss, 0 chg bounds, 3 chg sides, 0 chg coeffs, 187 upgd conss, 0 impls, 190 clqs
(round 6, medium)     46 del vars, 5 del conss, 0 add conss, 0 chg bounds, 3 chg sides, 31 chg coeffs, 187 upgd conss, 0 impls, 190 clqs
(round 7, fast)       63 del vars, 5 del conss, 0 add conss, 0 chg bounds, 3 chg sides, 31 chg coeffs, 187 upgd conss, 0 impls, 190 clqs
(round 8, exhaustive) 63 del vars, 10 del conss, 0 add conss, 0 chg bounds, 3 chg sides, 31 chg coeffs, 187 upgd conss, 0 impls, 190 clqs
   (0.0s) probing: 51/437 (11.7%) - 0 fixings, 0 aggregations, 0 implications, 0 bound changes
   (0.0s) probing aborted: 50/50 successive totally useless probings
   (0.0s) symmetry computation started: requiring (bin +, int +, cont +), (fixed: bin -, int -, cont -)
   (0.0s) no symmetry present (symcode time: 0.00)
presolving (9 rounds: 9 fast, 6 medium, 4 exhaustive):
 63 deleted vars, 10 deleted constraints, 0 added constraints, 0 tightened bounds, 0 added holes, 3 changed sides, 31 changed coefficients
 0 implications, 190 cliques
presolved problem has 437 variables (437 bin, 0 int, 0 impl, 0 cont) and 182 constraints
    182 constraints of type <setppc>
Presolving Time: 0.02

 time | node  | left  |LP iter|LP it/n|mem/heur|mdpt |vars |cons |rows |cuts |sepa|confs|strbr|  dualbound   | primalbound  |  gap   | compl. 
  0.1s|     1 |     0 |  1530 |     - |  5528k |   0 | 437 | 182 | 182 |   0 |  0 |   0 |   0 | 7.197645e+03 |      --      |    Inf | unknown
d 0.1s|     1 |     0 |  1530 |     - |coefdivi|   0 | 437 | 182 | 182 |   0 |  1 |   0 |   0 | 7.197645e+03 | 2.332014e+03 | 208.65%| unknown
d 0.1s|     1 |     0 |  1698 |     - |coefdivi|   0 | 437 | 182 | 182 |   0 |  1 |   0 |   0 | 7.197645e+03 | 2.980178e+03 | 141.52%| unknown
d 0.1s|     1 |     0 |  1777 |     - |coefdivi|   0 | 437 | 182 | 182 |   0 |  1 |   0 |   0 | 7.197645e+03 | 4.420225e+03 |  62.83%| unknown
d 0.1s|     1 |     0 |  1798 |     - |coefdivi|   0 | 437 | 182 | 182 |   0 |  1 |   0 |   0 | 7.197645e+03 | 6.241289e+03 |  15.32%| unknown
  0.1s|     1 |     0 |  1798 |     - |  5636k |   0 | 437 | 182 | 182 |   0 |  1 |   0 |   0 | 7.197645e+03 | 6.241289e+03 |  15.32%| unknown
  0.3s|     1 |     2 |  1798 |     - |  5850k |   0 | 437 | 182 | 182 |   0 |  2 |   0 |  44 | 7.152940e+03 | 6.241289e+03 |  14.61%| unknown

SCIP Status        : solving was interrupted [node limit reached]
Solving Time (sec) : 0.26
Solving Nodes      : 1
Primal Bound       : +6.24128855215279e+03 (51 solutions)
Dual Bound         : +7.15294037641389e+03
Gap                : 14.61 %
