presolving:
(round 1, fast)       1 del vars, 2 del conss, 0 add conss, 0 chg bounds, 0 chg sides, 0 chg coeffs, 0 upgd conss, 0 impls, 197 clqs
   (0.0s) running MILP presolver
   (0.0s) MILP presolver (2 rounds): 0 aggregations, 21 fixings, 0 bound changes
(round 2, medium)     22 del vars, 2 del conss, 0 add conss, 0 chg bounds, 0 chg sides, 0 chg coeffs, 0 upgd conss, 0 impls, 197 clqs
(round 3, exhaustive) 22 del vars, 7 del conss, 0 add conss, 0 chg bounds, 5 chg sides, 0 chg coeffs, 0 upgd conss, 0 impls, 197 clqs
(round 4, exhaustive) 22 del vars, 7 del conss, 0 add conss, 0 chg bounds, 5 chg sides, 0 chg coeffs, 192 upgd conss, 0 impls, 197 clqs
(round 5, medium)     56 del vars, 7 del conss, 0 add conss, 0 chg bounds, 5 chg sides, 34 chg coeffs, 192 upgd conss, 0 impls, 197 clqs
(round 6, fast)       73 del vars, 8 del conss, 0 add conss, 0 chg bounds, 5 chg sides, 34 chg coeffs, 192 upgd conss, 0 impls, 195 clqs
(round 7, exhaustive) 73 del vars, 11 del conss, 0 add conss, 0 chg bounds, 5 chg sides, 34 chg coeffs, 192 upgd conss, 0 impls, 195 clqs
   (0.0s) probing: 51/427 (11.9%) - 0 fixings, 0 aggregations, 0 implications, 0 bound changes
   (0.0s) probing aborted: 50/50 successive totally useless probings
   (0.0s) symmetry computation started: requiring (bin +, int +, cont +), (fixed: bin -, int -, cont -)
   (0.0s) no symmetry present (symcode time: 0.00)
presolving (8 rounds: 8 fast, 6 medium, 4 exhaustive):
 73 deleted vars, 11 deleted constraints, 0 added constraints, 0 tightened bounds, 0 added holes, 5 changed sides, 34 changed coefficients
 0 implications, 195 cliques
presolved problem has 427 variables (427 bin, 0 int, 0 impl, 0 cont) and 188 constraints
    188 constraints of type <setppc>
Presolving Time: 0.03

 time | node  | left  |LP iter|LP it/n|mem/heur|mdpt |vars |cons |rows |cuts |sepa|confs|strbr|  dualbound   | primalbound  |  gap   | compl. 
  0.1s|     1 |     0 |  1566 |     - |  5340k |   0 | 427 | 188 | 188 |   0 |  0 |   0 |   0 | 7.802641e+03 |      --      |    Inf | unknown
d 0.1s|     1 |     0 |  1566 |     - |coefdivi|   0 | 427 | 188 | 188 |   0 |  1 |   0 |   0 | 7.802641e+03 | 3.067650e+03 | 154.35%| unknown
d 0.1s|     1 |     0 |  1621 |     - |coefdivi|   0 | 427 | 188 | 188 |   0 |  1 |   0 |   0 | 7.802641e+03 | 3.648401e+03 | 113.86%| unknown
d 0.1s|     1 |     0 |  1699 |     - |coefdivi|   0 | 427 | 188 | 188 |   0 |  1 |   0 |   0 | 7.802641e+03 | 4.626818e+03 |  68.64%| unknown
d 0.1s|     1 |     0 |  1726 |     - |coefdivi|   0 | 427 | 188 | 188 |   0 |  1 |   0 |   0 | 7.802641e+03 | 7.071554e+03 |  10.34%| unknown
  0.1s|     1 |     0 |  1726 |     - |  5439k |   0 | 427 | 188 | 188 |   0 |  1 |   0 |   0 | 7.802641e+03 | 7.071554e+03 |  10.34%| unknown
  0.2s|     1 |     2 |  1726 |     - |  5557k |   0 | 427 | 188 | 188 |   0 |  2 |   0 |  21 | 7.764148e+03 | 7.071554e+03 |   9.79%| unknown

SCIP Status        : solving was interrupted [node limit reached]
Solving Time (sec) : 0.22
Solving Nodes      : 1
Primal Bound       : +7.07155447002708e+03 (29 solutions)
Dual Bound         : +7.76414797969245e+03
Gap                : 9.79 %
