presolving:
(round 1, fast)       1 del vars, 2 del conss, 0 add conss, 0 chg bounds, 0 chg sides, 0 chg coeffs, 0 upgd conss, 0 impls, 189 clqs
   (0.0s) running MILP presolver
   (0.0s) MILP presolver (2 rounds): 0 aggregations, 22 fixings, 0 bound changes
(round 2, medium)     23 del vars, 2 del conss, 0 add conss, 0 chg bounds, 0 chg sides, 0 chg coeffs, 0 upgd conss, 0 impls, 189 clqs
(round 3, fast)       24 del vars, 3 del conss, 0 add conss, 0 chg bounds, 0 chg sides, 0 chg coeffs, 0 upgd conss, 0 impls, 188 clqs
(round 4, exhaustive) 24 del vars, 8 del conss, 0 add conss, 0 chg bounds, 5 chg sides, 0 chg coeffs, 0 upgd conss, 0 impls, 188 clqs
(round 5, exhaustive) 24 del vars, 8 del conss, 0 add conss, 0 chg bounds, 5 chg sides, 0 chg coeffs, 183 upgd conss, 0 impls, 188 clqs
(round 6, medium)     54 del vars, 8 del conss, 0 add conss, 0 chg bounds, 5 chg sides, 30 chg coeffs, 183 upgd conss, 0 impls, 188 clqs
(round 7, fast)       67 del vars, 8 del conss, 0 add conss, 0 chg bounds, 5 chg sides, 30 chg coeffs, 183 upgd conss, 0 impls, 188 clqs
   (0.0s) probing: 51/433 (11.8%) - 0 fixings, 0 aggregations, 0 implications, 0 bound changes
   (0.0s) probing aborted: 50/50 successive totally useless probings
   (0.0s) symmetry computation started: requiring (bin +, int +, cont +), (fixed: bin -, int -, cont -)
   (0.0s) no symmetry present (symcode time: 0.00)
presolving (8 rounds: 8 fast, 5 medium, 3 exhaustive):
 67 deleted vars, 8 deleted constraints, 0 added constraints, 0 tightened bounds, 0 added holes, 5 changed sides, 30 changed coefficients
 0 implications, 188 cliques
presolved problem has 433 variables (433 bin, 0 int, 0 impl, 0 cont) and 183 constraints
    183 constraints of type <setppc>
Presolving Time: 0.02

 time | node  | left  |LP iter|LP it/n|mem/heur|mdpt |vars |cons |rows |cuts |sepa|confs|strbr|  dualbound   | primalbound  |  gap   | compl. 
  0.1s|     1 |     0 |  1043 |     - |  5403k |   0 | 433 | 183 | 183 |   0 |  0 |   0 |   0 | 7.619937e+03 |      --      |    Inf | unknown
d 0.1s|     1 |     0 |  1043 |     - |coefdivi|   0 | 433 | 183 | 183 |   0 |  1 |   0 |   0 | 7.619937e+03 | 2.825015e+03 | 169.73%| unknown
d 0.1s|     1 |     0 |  1141 |     - |coefdivi|   0 | 433 | 183 | 183 |   0 |  1 |   0 |   0 | 7.619937e+03 | 4.163264e+03 |  83.03%| unknown
d 0.1s|     1 |     0 |  1188 |     - |coefdivi|   0 | 433 | 183 | 183 |   0 |  1 |   0 |   0 | 7.619937e+03 | 5.602627e+03 |  36.01%| unknown
d 0.1s|     1 |     0 |  1196 |     - |coefdivi|   0 | 433 | 183 | 183 |   0 |  1 |   0 |   0 | 7.619937e+03 | 6.876731e+03 |  10.81%| unknown
  0.1s|     1 |     0 |  1196 |     - |  5543k |   0 | 433 | 183 | 183 |   0 |  1 |   0 |   0 | 7.619937e+03 | 6.876731e+03 |  10.81%| unknown
  0.2s|     1 |     2 |  1196 |     - |  5628k |   0 | 433 | 183 | 183 |   0 |  2 |   0 |  19 | 7.593579e+03 | 6.876731e+03 |  10.42%| unknown

SCIP Status        : solving was interrupted [node limit reached]
Solving Time (sec) : 0.17
Solving Nodes      : 1
Primal Bound       : +6.87673056754328e+03 (26 solutions)
Dual Bound         : +7.59357874223304e+03
Gap                : 10.42 %
