presolving:
   (0.0s) running MILP presolver
   (0.0s) MILP presolver (2 rounds): 0 aggregations, 20 fixings, 0 bound changes
(round 1, medium)     20 del vars, 0 del conss, 0 add conss, 0 chg bounds, 0 chg sides, 0 chg coeffs, 0 upgd conss, 0 impls, 193 clqs
(round 2, exhaustive) 20 del vars, 5 del conss, 0 add conss, 0 chg bounds, 5 chg sides, 0 chg coeffs, 0 upgd conss, 0 impls, 193 clqs
(round 3, exhaustive) 20 del vars, 5 del conss, 0 add conss, 0 chg bounds, 5 chg sides, 0 chg coeffs, 188 upgd conss, 0 impls, 193 clqs
(round 4, medium)     57 del vars, 5 del conss, 0 add conss, 0 chg bounds, 5 chg sides, 37 chg coeffs, 188 upgd conss, 0 impls, 193 clqs
(round 5, fast)       78 del vars, 6 del conss, 0 add conss, 0 chg bounds, 5 chg sides, 37 chg coeffs, 188 upgd conss, 0 impls, 190 clqs
(round 6, exhaustive) 78 del vars, 11 del conss, 0 add conss, 0 chg bounds, 5 chg sides, 37 chg coeffs, 188 upgd conss, 0 impls, 190 clqs
   (0.0s) probing: 51/422 (12.1%) - 0 fixings, 0 aggregations, 0 implications, 0 bound changes
   (0.0s) probing aborted: 50/50 successive totally useless probings
   (0.0s) symmetry computation started: requiring (bin +, int +, cont +), (fixed: bin -, int -, cont -)
   (0.0s) no symmetry present (symcode time: 0.00)
presolving (7 rounds: 7 fast, 6 medium, 4 exhaustive):
 78 deleted vars, 11 deleted constraints, 0 added constraints, 0 tightened bounds, 0 added holes, 5 changed sides, 37 changed coefficients
 0 implications, 190 cliques
presolved problem has 422 variables (422 bin, 0 int, 0 impl, 0 cont) and 182 constraints
    182 constraints of type <setppc>
Presolving Time: 0.02

 time | node  | left  |LP iter|LP it/n|mem/heur|mdpt |vars |cons |rows |cuts |sepa|confs|strbr|  dualbound   | primalbound  |  gap   | compl. 
  0.1s|     1 |     0 |  1567 |     - |  5259k |   0 | 422 | 182 | 182 |   0 |  0 |   0 |   0 | 7.840315e+03 |      --      |    Inf | unknown
d 0.1s|     1 |     0 |  1567 |     - |coefdivi|   0 | 422 | 182 | 182 |   0 |  1 |   0 |   0 | 7.840315e+03 | 2.786085e+03 | 181.41%| unknown
d 0.1s|     1 |     0 |  1705 |     - |coefdivi|   0 | 422 | 182 | 182 |   0 |  1 |   0 |   0 | 7.840315e+03 | 3.258822e+03 | 140.59%| unknown
d 0.1s|     1 |     0 |  1789 |     - |coefdivi|   0 | 422 | 182 | 182 |   0 |  1 |   0 |   0 | 7.840315e+03 | 4.805797e+03 |  63.14%| unknown
d 0.1s|     1 |     0 |  1817 |     - |coefdivi|   0 | 422 | 182 | 182 |   0 |  1 |   0 |   0 | 7.840315e+03 | 5.559027e+03 |  41.04%| unknown
d 0.1s|     1 |     0 |  1828 |     - |coefdivi|   0 | 422 | 182 | 182 |   0 |  1 |   0 |   0 | 7.840315e+03 | 6.724338e+03 |  16.60%| unknown
  0.1s|     1 |     0 |  1828 |     - |  5352k |   0 | 422 | 182 | 182 |   0 |  1 |   0 |   0 | 7.840315e+03 | 6.724338e+03 |  16.60%| unknown
  0.3s|     1 |     2 |  1828 |     - |  5557k |   0 | 422 | 182 | 182 |   0 |  2 |   0 |  29 | 7.787315e+03 | 6.724338e+03 |  15.81%| unknown

SCIP Status        : solving was interrupted [node limit reached]
Solving Time (sec) : 0.26
Solving Nodes      : 1
Primal Bound       : +6.72433778605421e+03 (37 solutions)
Dual Bound         : +7.78731474842071e+03
Gap                : 15.81 %
