presolving:
(round 1, fast)       0 del vars, 1 del conss, 0 add conss, 0 chg bounds, 0 chg sides, 0 chg coeffs, 0 upgd conss, 0 impls, 194 clqs
   (0.0s) running MILP presolver
   (0.0s) MILP presolver (2 rounds): 0 aggregations, 18 fixings, 0 bound changes
(round 2, medium)     18 del vars, 1 del conss, 0 add conss, 0 chg bounds, 0 chg sides, 0 chg coeffs, 0 upgd conss, 0 impls, 193 clqs
(round 3, fast)       18 del vars, 2 del conss, 0 add conss, 0 chg bounds, 0 chg sides, 0 chg coeffs, 0 upgd conss, 0 impls, 193 clqs
(round 4, exhaustive) 18 del vars, 4 del conss, 0 add conss, 0 chg bounds, 2 chg sides, 0 chg coeffs, 0 upgd conss, 0 impls, 193 clqs
(round 5, exhaustive) 18 del vars, 4 del conss, 0 add conss, 0 chg bounds, 2 chg sides, 0 chg coeffs, 191 upgd conss, 0 impls, 193 clqs
(round 6, medium)     55 del vars, 4 del conss, 0 add conss, 0 chg bounds, 2 chg sides, 37 chg coeffs, 191 upgd conss, 0 impls, 193 clqs
(round 7, fast)       68 del vars, 6 del conss, 0 add conss, 0 chg bounds, 2 chg sides, 37 chg coeffs, 191 upgd conss, 0 impls, 191 clqs
(round 8, exhaustive) 68 del vars, 9 del conss, 0 add conss, 0 chg bounds, 2 chg sides, 37 chg coeffs, 191 upgd conss, 0 impls, 191 clqs
   (0.0s) probing: 51/432 (11.8%) - 0 fixings, 0 aggregations, 0 implications, 0 bound changes
   (0.0s) probing aborted: 50/50 successive totally useless probings
   (0.0s) symmetry computation started: requiring (bin +, int +, cont +), (fixed: bin -, int -, cont -)
   (0.0s) no symmetry present (symcode time: 0.00)
presolving (9 rounds: 9 fast, 6 medium, 4 exhaustive):
 68 deleted vars, 9 deleted constraints, 0 added constraints, 0 tightened bounds, 0 added holes, 2 changed sides, 37 changed coefficients
 0 implications, 191 cliques
presolved problem has 432 variables (432 bin, 0 int, 0 impl, 0 cont) and 186 constraints
    186 constraints of type <setppc>
Presolving Time: 0.02

 time | node  | left  |LP iter|LP it/n|mem/heur|mdpt |vars |cons |rows |cuts |sepa|confs|strbr|  dualbound   | primalbound  |  gap   | compl. 
  0.1s|     1 |     0 |  2126 |     - |  5462k |   0 | 432 | 186 | 186 |   0 |  0 |   0 |   0 | 7.792070e+03 |      --      |    Inf | unknown
d 0.1s|     1 |     0 |  2126 |     - |coefdivi|   0 | 432 | 186 | 186 |   0 |  1 |   0 |   0 | 7.792070e+03 | 2.603978e+03 | 199.24%| unknown
d 0.1s|     1 |     0 |  2204 |     - |coefdivi|   0 | 432 | 186 | 186 |   0 |  1 |   0 |   0 | 7.792070e+03 | 3.963615e+03 |  96.59%| unknown
d 0.1s|     1 |     0 |  2322 |     - |coefdivi|   0 | 432 | 186 | 186 |   0 |  1 |   0 |   0 | 7.792070e+03 | 4.622137e+03 |  68.58%| unknown
d 0.1s|     1 |     0 |  2343 |     - |coefdivi|   0 | 432 | 186 | 186 |   0 |  1 |   0 |   0 | 7.792070e+03 | 6.625630e+03 |  17.60%| unknown
d 0.1s|     1 |     0 |  2344 |     - |coefdivi|   0 | 432 | 186 | 186 |   0 |  1 |   0 |   0 | 7.792070e+03 | 6.883512e+03 |  13.20%| unknown
  0.1s|     1 |     0 |  2344 |     - |  5577k |   0 | 432 | 186 | 186 |   0 |  1 |   0 |   0 | 7.792070e+03 | 6.883512e+03 |  13.20%| unknown
  0.2s|     1 |     2 |  2344 |     - |  5648k |   0 | 432 | 186 | 186 |   0 |  2 |   0 |  20 | 7.762142e+03 | 6.883512e+03 |  12.76%| unknown

SCIP Status        : solving was interrupted [node limit reached]
Solving Time (sec) : 0.19
Solving Nodes      : 1
Primal Bound       : +6.88351247681284e+03 (26 solutions)
Dual Bound         : +7.76214220124561e+03
Gap                : 12.76 %
