presolving:
   (0.0s) running MILP presolver
   (0.0s) MILP presolver (2 rounds): 0 aggregations, 27 fixings, 0 bound changes
(round 1, medium)     27 del vars, 0 del conss, 0 add conss, 0 chg bounds, 0 chg sides, 0 chg coeffs, 0 upgd conss, 0 impls, 184 clqs
(round 2, fast)       27 del vars, 1 del conss, 0 add conss, 0 chg bounds, 0 chg sides, 0 chg coeffs, 0 upgd conss, 0 impls, 184 clqs
(round 3, exhaustive) 27 del vars, 5 del conss, 0 add conss, 0 chg bounds, 4 chg sides, 0 chg coeffs, 0 upgd conss, 0 impls, 184 clqs
(round 4, exhaustive) 27 del vars, 5 del conss, 0 add conss, 0 chg bounds, 4 chg sides, 0 chg coeffs, 180 upgd conss, 0 impls, 184 clqs
(round 5, medium)     67 del vars, 5 del conss, 0 add conss, 0 chg bounds, 4 chg sides, 40 chg coeffs, 180 upgd conss, 0 impls, 184 clqs
(round 6, fast)       93 del vars, 10 del conss, 0 add conss, 0 chg bounds, 4 chg sides, 40 chg coeffs, 180 upgd conss, 0 impls, 179 clqs
(round 7, exhaustive) 93 del vars, 14 del conss, 0 add conss, 0 chg bounds, 4 chg sides, 40 chg coeffs, 180 upgd conss, 0 impls, 179 clqs
   (0.0s) probing: 51/407 (12.5%) - 0 fixings, 0 aggregations, 0 implications, 0 bound changes
   (0.0s) probing aborted: 50/50 successive totally useless probings
   (0.0s) symmetry computation started: requiring (bin +, int +, cont +), (fixed: bin -, int -, cont -)
   (0.0s) no symmetry present (symcode time: 0.00)
presolving (8 rounds: 8 fast, 6 medium, 4 exhaustive):
 93 deleted vars, 14 deleted constraints, 0 added constraints, 0 tightened bounds, 0 added holes, 4 changed sides, 40 changed coefficients
 0 implications, 179 cliques
presolved problem has 407 variables (407 bin, 0 int, 0 impl, 0 cont) and 171 constraints
    171 constraints of type <setppc>
Presolving Time: 0.02

 time | node  | left  |LP iter|LP it/n|mem/heur|mdpt |vars |cons |rows |cuts |sepa|confs|strbr|  dualbound   | primalbound  |  gap   | compl. 
  0.1s|     1 |     0 |  1179 |     - |  5274k |   0 | 407 | 171 | 171 |   0 |  0 |   0 |   0 | 7.446915e+03 |      --      |    Inf | unknown
d 0.1s|     1 |     0 |  1179 |     - |coefdivi|   0 | 407 | 171 | 171 |   0 |  1 |   0 |   0 | 7.446915e+03 | 2.965718e+03 | 151.10%| unknown
d 0.1s|     1 |     0 |  1300 |     - |coefdivi|   0 | 407 | 171 | 171 |   0 |  1 |   0 |   0 | 7.446915e+03 | 3.762137e+03 |  97.94%| unknown
d 0.1s|     1 |     0 |  1366 |     - |coefdivi|   0 | 407 | 171 | 171 |   0 |  1 |   0 |   0 | 7.446915e+03 | 3.974716e+03 |  87.36%| unknown
d 0.1s|     1 |     0 |  1407 |     - |coefdivi|   0 | 407 | 171 | 171 |   0 |  1 |   0 |   0 | 7.446915e+03 | 5.431006e+03 |  37.12%| unknown
d 0.1s|     1 |     0 |  1413 |     - |coefdivi|   0 | 407 | 171 | 171 |   0 |  1 |   0 |   0 | 7.446915e+03 | 6.494033e+03 |  14.67%| unknown
  0.1s|     1 |     0 |  1413 |     - |  5368k |   0 | 407 | 171 | 171 |   0 |  1 |   0 |   0 | 7.446915e+03 | 6.494033e+03 |  14.67%| unknown
  0.1s|     1 |     2 |  1413 |     - |  5454k |   0 | 407 | 171 | 171 |   0 |  2 |   0 |  19 | 7.395748e+03 | 6.494033e+03 |  13.89%| unknown

SCIP Status        : solving was interrupted [node limit reached]
Solving Time (sec) : 0.15
Solving Nodes      : 1
Primal Bound       : +6.49403255441029e+03 (25 solutions)
Dual Bound         : +7.39574756376794e+03
Gap                : 13.89 %
