presolving:
   (0.0s) running MILP presolver
   (0.0s) MILP presolver (2 rounds): 0 aggregations, 19 fixings, 0 bound changes
(round 1, medium)     19 del vars, 0 del conss, 0 add conss, 0 chg bounds, 0 chg sides, 0 chg coeffs, 0 upgd conss, 0 impls, 190 clqs
(round 2, exhaustive) 19 del vars, 5 del conss, 0 add conss, 0 chg bounds, 5 chg sides, 0 chg coeffs, 0 upgd conss, 0 impls, 190 clqs
(round 3, exhaustive) 19 del vars, 5 del conss, 0 add conss, 0 chg bounds, 5 chg sides, 0 chg coeffs, 185 upgd conss, 0 impls, 190 clqs
(round 4, medium)     60 del vars, 5 del conss, 0 add conss, 0 chg bounds, 5 chg sides, 41 chg coeffs, 185 upgd conss, 0 impls, 190 clqs
(round 5, fast)       91 del vars, 6 del conss, 0 add conss, 0 chg bounds, 5 chg sides, 41 chg coeffs, 185 upgd conss, 0 impls, 189 clqs
(round 6, exhaustive) 91 del vars, 10 del conss, 0 add conss, 0 chg bounds, 5 chg sides, 41 chg coeffs, 185 upgd conss, 0 impls, 189 clqs
   (0.0s) probing: 51/409 (12.5%) - 0 fixings, 0 aggregations, 0 implications, 0 bound changes
   (0.0s) probing aborted: 50/50 successive totally useless probings
   (0.0s) symmetry computation started: requiring (bin +, int +, cont +), (fixed: bin -, int -, cont -)
   (0.0s) no symmetry present (symcode time: 0.00)
presolving (7 rounds: 7 fast, 6 medium, 4 exhaustive):
 91 deleted vars, 10 deleted constraints, 0 added constraints, 0 tightened bounds, 0 added holes, 5 changed sides, 41 changed coefficients
 0 implications, 189 cliques
presolved problem has 409 variables (409 bin, 0 int, 0 impl, 0 cont) and 180 constraints
    180 constraints of type <setppc>
Presolving Time: 0.02

 time | node  | left  |LP iter|LP it/n|mem/heur|mdpt |vars |cons |rows |cuts |sepa|confs|strbr|  dualbound   | primalbound  |  gap   | compl. 
  0.1s|     1 |     0 |  1839 |     - |  5340k |   0 | 409 | 180 | 180 |   0 |  0 |   0 |   0 | 7.168395e+03 |      --      |    Inf | unknown
d 0.1s|     1 |     0 |  1839 |     - |coefdivi|   0 | 409 | 180 | 180 |   0 |  1 |   0 |   0 | 7.168395e+03 | 3.123125e+03 | 129.53%| unknown
d 0.1s|     1 |     0 |  1988 |     - |coefdivi|   0 | 409 | 180 | 180 |   0 |  1 |   0 |   0 | 7.168395e+03 | 3.712291e+03 |  93.10%| unknown
d 0.1s|     1 |     0 |  2044 |     - |coefdivi|   0 | 409 | 180 | 180 |   0 |  1 |   0 |   0 | 7.168395e+03 | 4.021856e+03 |  78.24%| unknown
d 0.1s|     1 |     0 |  2098 |     - |coefdivi|   0 | 409 | 180 | 180 |   0 |  1 |   0 |   0 | 7.168395e+03 | 4.628882e+03 |  54.86%| unknown
d 0.1s|     1 |     0 |  2107 |     - |coefdivi|   0 | 409 | 180 | 180 |   0 |  1 |   0 |   0 | 7.168395e+03 | 6.276819e+03 |  14.20%| unknown
  0.1s|     1 |     0 |  2107 |     - |  5445k |   0 | 409 | 180 | 180 |   0 |  1 |   0 |   0 | 7.168395e+03 | 6.276819e+03 |  14.20%| unknown
  0.3s|     1 |     2 |  2107 |     - |  5799k |   0 | 409 | 180 | 180 |   0 |  2 |   0 |  64 | 7.134137e+03 | 6.276819e+03 |  13.66%| unknown

SCIP Status        : solving was interrupted [node limit reached]
Solving Time (sec) : 0.33
Solving Nodes      : 1
Primal Bound       : +6.27681855933467e+03 (68 solutions)
Dual Bound         : +7.13413650424748e+03
Gap                : 13.66 %
