presolving:
(round 1, fast)       0 del vars, 3 del conss, 0 add conss, 0 chg bounds, 0 chg sides, 0 chg coeffs, 0 upgd conss, 0 impls, 186 clqs
(round 2, fast)       1 del vars, 3 del conss, 0 add conss, 0 chg bounds, 0 chg sides, 0 chg coeffs, 0 upgd conss, 0 impls, 186 clqs
   (0.0s) running MILP presolver
   (0.0s) MILP presolver (2 rounds): 0 aggregations, 17 fixings, 0 bound changes
(round 3, medium)     18 del vars, 3 del conss, 0 add conss, 0 chg bounds, 0 chg sides, 0 chg coeffs, 0 upgd conss, 0 impls, 185 clqs
(round 4, fast)       18 del vars, 4 del conss, 0 add conss, 0 chg bounds, 0 chg sides, 0 chg coeffs, 0 upgd conss, 0 impls, 185 clqs
(round 5, exhaustive) 18 del vars, 7 del conss, 0 add conss, 0 chg bounds, 3 chg sides, 0 chg coeffs, 0 upgd conss, 0 impls, 185 clqs
(round 6, exhaustive) 18 del vars, 7 del conss, 0 add conss, 0 chg bounds, 3 chg sides, 0 chg coeffs, 182 upgd conss, 0 impls, 185 clqs
(round 7, medium)     48 del vars, 7 del conss, 0 add conss, 0 chg bounds, 3 chg sides, 30 chg coeffs, 182 upgd conss, 0 impls, 185 clqs
(round 8, fast)       69 del vars, 10 del conss, 0 add conss, 0 chg bounds, 3 chg sides, 30 chg coeffs, 182 upgd conss, 0 impls, 182 clqs
(round 9, exhaustive) 69 del vars, 14 del conss, 0 add conss, 0 chg bounds, 3 chg sides, 30 chg coeffs, 182 upgd conss, 0 impls, 182 clqs
   (0.0s) probing: 51/431 (11.8%) - 0 fixings, 0 aggregations, 0 implications, 0 bound changes
   (0.0s) probing aborted: 50/50 successive totally useless probings
   (0.0s) symmetry computation started: requiring (bin +, int +, cont +), (fixed: bin -, int -, cont -)
   (0.0s) no symmetry present (symcode time: 0.00)
presolving (10 rounds: 10 fast, 6 medium, 4 exhaustive):
 69 deleted vars, 14 deleted constraints, 0 added constraints, 0 tightened bounds, 0 added holes, 3 changed sides, 30 changed coefficients
 0 implications, 182 cliques
presolved problem has 431 variables (431 bin, 0 int, 0 impl, 0 cont) and 175 constraints
    175 constraints of type <setppc>
Presolving Time: 0.02

 time | node  | left  |LP iter|LP it/n|mem/heur|mdpt |vars |cons |rows |cuts |sepa|confs|strbr|  dualbound   | primalbound  |  gap   | compl. 
  0.1s|     1 |     0 |  1346 |     - |  5031k |   0 | 431 | 175 | 175 |   0 |  0 |   0 |   0 | 7.515315e+03 |      --      |    Inf | unknown
d 0.1s|     1 |     0 |  1346 |     - |coefdivi|   0 | 431 | 175 | 175 |   0 |  1 |   0 |   0 | 7.515315e+03 | 2.802786e+03 | 168.14%| unknown
d 0.1s|     1 |     0 |  1416 |     - |coefdivi|   0 | 431 | 175 | 175 |   0 |  1 |   0 |   0 | 7.515315e+03 | 3.670394e+03 | 104.75%| unknown
d 0.1s|     1 |     0 |  1484 |     - |coefdivi|   0 | 431 | 175 | 175 |   0 |  1 |   0 |   0 | 7.515315e+03 | 3.952411e+03 |  90.15%| unknown
d 0.1s|     1 |     0 |  1527 |     - |coefdivi|   0 | 431 | 175 | 175 |   0 |  1 |   0 |   0 | 7.515315e+03 | 5.380360e+03 |  39.68%| unknown
d 0.1s|     1 |     0 |  1561 |     - |coefdivi|   0 | 431 | 175 | 175 |   0 |  1 |   0 |   0 | 7.515315e+03 | 6.797234e+03 |  10.56%| unknown
  0.1s|     1 |     0 |  1561 |     - |  5135k |   0 | 431 | 175 | 175 |   0 |  1 |   0 |   0 | 7.515315e+03 | 6.797234e+03 |  10.56%| unknown
  0.1s|     1 |     2 |  1561 |     - |  5469k |   0 | 431 | 175 | 175 |   0 |  2 |   0 |  25 | 7.470829e+03 | 6.797234e+03 |   9.91%| unknown

SCIP Status        : solving was interrupted [node limit reached]
Solving Time (sec) : 0.15
Solving Nodes      : 1
Primal Bound       : +6.79723366208639e+03 (31 solutions)
Dual Bound         : +7.47082929828279e+03
Gap                : 9.91 %
