presolving:
   (0.0s) running MILP presolver
   (0.0s) MILP presolver (2 rounds): 0 aggregations, 12 fixings, 0 bound changes
(round 1, medium)     12 del vars, 0 del conss, 0 add conss, 0 chg bounds, 0 chg sides, 0 chg coeffs, 0 upgd conss, 0 impls, 197 clqs
(round 2, fast)       13 del vars, 1 del conss, 0 add conss, 0 chg bounds, 0 chg sides, 0 chg coeffs, 0 upgd conss, 0 impls, 196 clqs
(round 3, exhaustive) 13 del vars, 4 del conss, 0 add conss, 0 chg bounds, 3 chg sides, 0 chg coeffs, 0 upgd conss, 0 impls, 196 clqs
(round 4, exhaustive) 13 del vars, 4 del conss, 0 add conss, 0 chg bounds, 3 chg sides, 0 chg coeffs, 193 upgd conss, 0 impls, 196 clqs
(round 5, medium)     55 del vars, 4 del conss, 0 add conss, 0 chg bounds, 3 chg sides, 42 chg coeffs, 193 upgd conss, 0 impls, 196 clqs
(round 6, fast)       84 del vars, 9 del conss, 0 add conss, 0 chg bounds, 3 chg sides, 42 chg coeffs, 193 upgd conss, 0 impls, 191 clqs
(round 7, exhaustive) 84 del vars, 18 del conss, 0 add conss, 0 chg bounds, 3 chg sides, 42 chg coeffs, 193 upgd conss, 0 impls, 191 clqs
(round 8, exhaustive) 85 del vars, 18 del conss, 0 add conss, 0 chg bounds, 3 chg sides, 42 chg coeffs, 193 upgd conss, 0 impls, 191 clqs
   (0.0s) probing: 51/415 (12.3%) - 0 fixings, 0 aggregations, 0 implications, 0 bound changes
   (0.0s) probing aborted: 50/50 successive totally useless probings
   (0.0s) symmetry computation started: requiring (bin +, int +, cont +), (fixed: bin -, int -, cont -)
   (0.0s) no symmetry present (symcode time: 0.00)
presolving (9 rounds: 9 fast, 7 medium, 5 exhaustive):
 85 deleted vars, 18 deleted constraints, 0 added constraints, 0 tightened bounds, 0 added holes, 3 changed sides, 42 changed coefficients
 0 implications, 191 cliques
presolved problem has 415 variables (415 bin, 0 int, 0 impl, 0 cont) and 179 constraints
    179 constraints of type <setppc>
Presolving Time: 0.02

 time | node  | left  |LP iter|LP it/n|mem/heur|mdpt |vars |cons |rows |cuts |sepa|confs|strbr|  dualbound   | primalbound  |  gap   | compl. 
  0.1s|     1 |     0 |  1290 |     - |  5330k |   0 | 415 | 179 | 179 |   0 |  0 |   0 |   0 | 7.925260e+03 |      --      |    Inf | unknown
d 0.1s|     1 |     0 |  1290 |     - |coefdivi|   0 | 415 | 179 | 179 |   0 |  1 |   0 |   0 | 7.925260e+03 | 3.332900e+03 | 137.79%| unknown
d 0.1s|     1 |     0 |  1358 |     - |coefdivi|   0 | 415 | 179 | 179 |   0 |  1 |   0 |   0 | 7.925260e+03 | 3.929093e+03 | 101.71%| unknown
d 0.1s|     1 |     0 |  1424 |     - |coefdivi|   0 | 415 | 179 | 179 |   0 |  1 |   0 |   0 | 7.925260e+03 | 5.005064e+03 |  58.34%| unknown
d 0.1s|     1 |     0 |  1437 |     - |coefdivi|   0 | 415 | 179 | 179 |   0 |  1 |   0 |   0 | 7.925260e+03 | 7.373889e+03 |   7.48%| unknown
  0.1s|     1 |     0 |  1437 |     - |  5424k |   0 | 415 | 179 | 179 |   0 |  1 |   0 |   0 | 7.925260e+03 | 7.373889e+03 |   7.48%| unknown
  0.2s|     1 |     2 |  1437 |     - |  5514k |   0 | 415 | 179 | 179 |   0 |  2 |   0 |  24 | 7.895364e+03 | 7.373889e+03 |   7.07%| unknown

SCIP Status        : solving was interrupted [node limit reached]
Solving Time (sec) : 0.21
Solving Nodes      : 1
Primal Bound       : +7.37388897000014e+03 (29 solutions)
Dual Bound         : +7.89536397592326e+03
Gap                : 7.07 %
