presolving:
(round 1, fast)       1 del vars, 2 del conss, 0 add conss, 0 chg bounds, 0 chg sides, 0 chg coeffs, 0 upgd conss, 0 impls, 194 clqs
(round 2, fast)       2 del vars, 2 del conss, 0 add conss, 0 chg bounds, 0 chg sides, 0 chg coeffs, 0 upgd conss, 0 impls, 194 clqs
   (0.0s) running MILP presolver
   (0.0s) MILP presolver (2 rounds): 0 aggregations, 12 fixings, 0 bound changes
(round 3, medium)     14 del vars, 2 del conss, 0 add conss, 0 chg bounds, 0 chg sides, 0 chg coeffs, 0 upgd conss, 0 impls, 193 clqs
(round 4, fast)       14 del vars, 3 del conss, 0 add conss, 0 chg bounds, 0 chg sides, 0 chg coeffs, 0 upgd conss, 0 impls, 193 clqs
(round 5, exhaustive) 14 del vars, 7 del conss, 0 add conss, 0 chg bounds, 4 chg sides, 0 chg coeffs, 0 upgd conss, 0 impls, 193 clqs
(round 6, exhaustive) 14 del vars, 7 del conss, 0 add conss, 0 chg bounds, 4 chg sides, 0 chg coeffs, 189 upgd conss, 0 impls, 193 clqs
(round 7, medium)     47 del vars, 7 del conss, 0 add conss, 0 chg bounds, 4 chg sides, 33 chg coeffs, 189 upgd conss, 0 impls, 193 clqs
(round 8, fast)       63 del vars, 8 del conss, 0 add conss, 0 chg bounds, 4 chg sides, 33 chg coeffs, 189 upgd conss, 0 impls, 191 clqs
(round 9, exhaustive) 63 del vars, 11 del conss, 0 add conss, 0 chg bounds, 4 chg sides, 33 chg coeffs, 189 upgd conss, 0 impls, 191 clqs
   (0.0s) probing: 51/437 (11.7%) - 0 fixings, 0 aggregations, 0 implications, 0 bound changes
   (0.0s) probing aborted: 50/50 successive totally useless probings
   (0.0s) symmetry computation started: requiring (bin +, int +, cont +), (fixed: bin -, int -, cont -)
   (0.0s) no symmetry present (symcode time: 0.00)
presolving (10 rounds: 10 fast, 6 medium, 4 exhaustive):
 63 deleted vars, 11 deleted constraints, 0 added constraints, 0 tightened bounds, 0 added holes, 4 changed sides, 33 changed coefficients
 0 implications, 191 cliques
presolved problem has 437 variables (437 bin, 0 int, 0 impl, 0 cont) and 185 constraints
    185 constraints of type <setppc>
Presolving Time: 0.03

 time | node  | left  |LP iter|LP it/n|mem/heur|mdpt |vars |cons |rows |cuts |sepa|confs|strbr|  dualbound   | primalbound  |  gap   | compl. 
  0.1s|     1 |     0 |  1401 |     - |  5538k |   0 | 437 | 185 | 185 |   0 |  0 |   0 |   0 | 7.629443e+03 |      --      |    Inf | unknown
d 0.1s|     1 |     0 |  1401 |     - |coefdivi|   0 | 437 | 185 | 185 |   0 |  1 |   0 |   0 | 7.629443e+03 | 2.858021e+03 | 166.95%| unknown
d 0.1s|     1 |     0 |  1489 |     - |coefdivi|   0 | 437 | 185 | 185 |   0 |  1 |   0 |   0 | 7.629443e+03 | 3.520667e+03 | 116.70%| unknown
d 0.2s|     1 |     0 |  1518 |     - |coefdivi|   0 | 437 | 185 | 185 |   0 |  1 |   0 |   0 | 7.629443e+03 | 5.529115e+03 |  37.99%| unknown
d 0.2s|     1 |     0 |  1528 |     - |coefdivi|   0 | 437 | 185 | 185 |   0 |  1 |   0 |   0 | 7.629443e+03 | 6.818979e+03 |  11.89%| unknown
  0.2s|     1 |     0 |  1528 |     - |  5668k |   0 | 437 | 185 | 185 |   0 |  1 |   0 |   0 | 7.629443e+03 | 6.818979e+03 |  11.89%| unknown
  0.3s|     1 |     2 |  1528 |     - |  5761k |   0 | 437 | 185 | 185 |   0 |  2 |   0 |  19 | 7.591863e+03 | 6.818979e+03 |  11.33%| unknown

SCIP Status        : solving was interrupted [node limit reached]
Solving Time (sec) : 0.28
Solving Nodes      : 1
Primal Bound       : +6.81897929938090e+03 (23 solutions)
Dual Bound         : +7.59186326250015e+03
Gap                : 11.33 %
