presolving:
(round 1, fast)       0 del vars, 3 del conss, 0 add conss, 0 chg bounds, 0 chg sides, 0 chg coeffs, 0 upgd conss, 0 impls, 194 clqs
   (0.0s) running MILP presolver
   (0.0s) MILP presolver (2 rounds): 0 aggregations, 8 fixings, 0 bound changes
(round 2, medium)     8 del vars, 3 del conss, 0 add conss, 0 chg bounds, 0 chg sides, 0 chg coeffs, 0 upgd conss, 0 impls, 194 clqs
(round 3, exhaustive) 8 del vars, 6 del conss, 0 add conss, 0 chg bounds, 3 chg sides, 0 chg coeffs, 0 upgd conss, 0 impls, 194 clqs
(round 4, exhaustive) 8 del vars, 6 del conss, 0 add conss, 0 chg bounds, 3 chg sides, 0 chg coeffs, 191 upgd conss, 0 impls, 194 clqs
(round 5, medium)     37 del vars, 6 del conss, 0 add conss, 0 chg bounds, 3 chg sides, 29 chg coeffs, 191 upgd conss, 0 impls, 194 clqs
(round 6, fast)       50 del vars, 6 del conss, 0 add conss, 0 chg bounds, 3 chg sides, 29 chg coeffs, 191 upgd conss, 0 impls, 193 clqs
(round 7, exhaustive) 50 del vars, 9 del conss, 0 add conss, 0 chg bounds, 3 chg sides, 29 chg coeffs, 191 upgd conss, 0 impls, 193 clqs
   (0.0s) probing: 51/450 (11.3%) - 0 fixings, 0 aggregations, 0 implications, 0 bound changes
   (0.0s) probing aborted: 50/50 successive totally useless probings
   (0.0s) symmetry computation started: requiring (bin +, int +, cont +), (fixed: bin -, int -, cont -)
   (0.0s) no symmetry present (symcode time: 0.00)
presolving (8 rounds: 8 fast, 6 medium, 4 exhaustive):
 50 deleted vars, 9 deleted constraints, 0 added constraints, 0 tightened bounds, 0 added holes, 3 changed sides, 29 changed coefficients
 0 implications, 193 cliques
presolved problem has 450 variables (450 bin, 0 int, 0 impl, 0 cont) and 188 constraints
    188 constraints of type <setppc>
Presolving Time: 0.03

 time | node  | left  |LP iter|LP it/n|mem/heur|mdpt |vars |cons |rows |cuts |sepa|confs|strbr|  dualbound   | primalbound  |  gap   | compl. 
  0.1s|     1 |     0 |  1555 |     - |  5353k |   0 | 450 | 188 | 188 |   0 |  0 |   0 |   0 | 7.376673e+03 |      --      |    Inf | unknown
d 0.1s|     1 |     0 |  1555 |     - |coefdivi|   0 | 450 | 188 | 188 |   0 |  1 |   0 |   0 | 7.376673e+03 | 2.541578e+03 | 190.24%| unknown
d 0.1s|     1 |     0 |  1607 |     - |coefdivi|   0 | 450 | 188 | 188 |   0 |  1 |   0 |   0 | 7.376673e+03 | 3.235327e+03 | 128.00%| unknown
d 0.1s|     1 |     0 |  1671 |     - |coefdivi|   0 | 450 | 188 | 188 |   0 |  1 |   0 |   0 | 7.376673e+03 | 3.706357e+03 |  99.03%| unknown
d 0.1s|     1 |     0 |  1725 |     - |coefdivi|   0 | 450 | 188 | 188 |   0 |  1 |   0 |   0 | 7.376673e+03 | 4.498612e+03 |  63.98%| unknown
d 0.1s|     1 |     0 |  1735 |     - |coefdivi|   0 | 450 | 188 | 188 |   0 |  1 |   0 |   0 | 7.376673e+03 | 6.658653e+03 |  10.78%| unknown
  0.1s|     1 |     0 |  1735 |     - |  5460k |   0 | 450 | 188 | 188 |   0 |  1 |   0 |   0 | 7.376673e+03 | 6.658653e+03 |  10.78%| unknown
  0.3s|     1 |     2 |  1735 |     - |  5684k |   0 | 450 | 188 | 188 |   0 |  2 |   0 |  20 | 7.346101e+03 | 6.658653e+03 |  10.32%| unknown

SCIP Status        : solving was interrupted [node limit reached]
Solving Time (sec) : 0.27
Solving Nodes      : 1
Primal Bound       : +6.65865258390482e+03 (32 solutions)
Dual Bound         : +7.34610129403484e+03
Gap                : 10.32 %
