presolving:
(round 1, fast)       1 del vars, 1 del conss, 0 add conss, 0 chg bounds, 0 chg sides, 0 chg coeffs, 0 upgd conss, 0 impls, 201 clqs
   (0.0s) running MILP presolver
   (0.0s) MILP presolver (2 rounds): 0 aggregations, 11 fixings, 0 bound changes
(round 2, medium)     12 del vars, 1 del conss, 0 add conss, 0 chg bounds, 0 chg sides, 0 chg coeffs, 0 upgd conss, 0 impls, 201 clqs
(round 3, exhaustive) 12 del vars, 5 del conss, 0 add conss, 0 chg bounds, 4 chg sides, 0 chg coeffs, 0 upgd conss, 0 impls, 201 clqs
(round 4, exhaustive) 12 del vars, 5 del conss, 0 add conss, 0 chg bounds, 4 chg sides, 0 chg coeffs, 197 upgd conss, 0 impls, 201 clqs
(round 5, medium)     46 del vars, 5 del conss, 0 add conss, 0 chg bounds, 4 chg sides, 34 chg coeffs, 197 upgd conss, 0 impls, 201 clqs
(round 6, fast)       59 del vars, 6 del conss, 0 add conss, 0 chg bounds, 4 chg sides, 34 chg coeffs, 197 upgd conss, 0 impls, 200 clqs
(round 7, exhaustive) 59 del vars, 10 del conss, 0 add conss, 0 chg bounds, 4 chg sides, 34 chg coeffs, 197 upgd conss, 0 impls, 200 clqs
   (0.0s) probing: 51/441 (11.6%) - 0 fixings, 0 aggregations, 0 implications, 0 bound changes
   (0.0s) probing aborted: 50/50 successive totally useless probings
   (0.0s) symmetry computation started: requiring (bin +, int +, cont +), (fixed: bin -, int -, cont -)
   (0.0s) no symmetry present (symcode time: 0.00)
presolving (8 rounds: 8 fast, 6 medium, 4 exhaustive):
 59 deleted vars, 10 deleted constraints, 0 added constraints, 0 tightened bounds, 0 added holes, 4 changed sides, 34 changed coefficients
 0 implications, 200 cliques
presolved problem has 441 variables (441 bin, 0 int, 0 impl, 0 cont) and 192 constraints
    192 constraints of type <setppc>
Presolving Time: 0.02

 time | node  | left  |LP iter|LP it/n|mem/heur|mdpt |vars |cons |rows |cuts |sepa|confs|strbr|  dualbound   | primalbound  |  gap   | compl. 
  0.1s|     1 |     0 |  1904 |     - |  5655k |   0 | 441 | 192 | 192 |   0 |  0 |   0 |   0 | 7.627310e+03 |      --      |    Inf | unknown
d 0.1s|     1 |     0 |  1904 |     - |coefdivi|   0 | 441 | 192 | 192 |   0 |  1 |   0 |   0 | 7.627310e+03 | 2.660959e+03 | 186.64%| unknown
d 0.1s|     1 |     0 |  2016 |     - |coefdivi|   0 | 441 | 192 | 192 |   0 |  1 |   0 |   0 | 7.627310e+03 | 3.774247e+03 | 102.09%| unknown
d 0.1s|     1 |     0 |  2078 |     - |coefdivi|   0 | 441 | 192 | 192 |   0 |  1 |   0 |   0 | 7.627310e+03 | 4.199045e+03 |  81.64%| unknown
d 0.1s|     1 |     0 |  2118 |     - |coefdivi|   0 | 441 | 192 | 192 |   0 |  1 |   0 |   0 | 7.627310e+03 | 5.248205e+03 |  45.33%| unknown
d 0.1s|     1 |     0 |  2127 |     - |coefdivi|   0 | 441 | 192 | 192 |   0 |  1 |   0 |   0 | 7.627310e+03 | 6.589547e+03 |  15.75%| unknown
  0.1s|     1 |     0 |  2127 |     - |  5765k |   0 | 441 | 192 | 192 |   0 |  1 |   0 |   0 | 7.627310e+03 | 6.589547e+03 |  15.75%| unknown
  0.3s|     1 |     2 |  2127 |     - |  5974k |   0 | 441 | 192 | 192 |   0 |  2 |   0 |  32 | 7.559562e+03 | 6.589547e+03 |  14.72%| unknown

SCIP Status        : solving was interrupted [node limit reached]
Solving Time (sec) : 0.26
Solving Nodes      : 1
Primal Bound       : +6.58954694941750e+03 (44 solutions)
Dual Bound         : +7.55956179401548e+03
Gap                : 14.72 %
