presolving:
   (0.0s) running MILP presolver
   (0.0s) MILP presolver (2 rounds): 0 aggregations, 19 fixings, 0 bound changes
(round 1, medium)     19 del vars, 0 del conss, 0 add conss, 0 chg bounds, 0 chg sides, 0 chg coeffs, 0 upgd conss, 0 impls, 190 clqs
(round 2, exhaustive) 19 del vars, 6 del conss, 0 add conss, 0 chg bounds, 6 chg sides, 0 chg coeffs, 0 upgd conss, 0 impls, 190 clqs
(round 3, exhaustive) 19 del vars, 6 del conss, 0 add conss, 0 chg bounds, 6 chg sides, 0 chg coeffs, 184 upgd conss, 0 impls, 190 clqs
(round 4, medium)     56 del vars, 6 del conss, 0 add conss, 0 chg bounds, 6 chg sides, 37 chg coeffs, 184 upgd conss, 0 impls, 190 clqs
(round 5, fast)       76 del vars, 6 del conss, 0 add conss, 0 chg bounds, 6 chg sides, 37 chg coeffs, 184 upgd conss, 0 impls, 189 clqs
(round 6, exhaustive) 76 del vars, 10 del conss, 0 add conss, 0 chg bounds, 6 chg sides, 37 chg coeffs, 184 upgd conss, 0 impls, 189 clqs
(round 7, exhaustive) 78 del vars, 10 del conss, 0 add conss, 0 chg bounds, 6 chg sides, 37 chg coeffs, 184 upgd conss, 0 impls, 189 clqs
   (0.0s) probing: 51/422 (12.1%) - 0 fixings, 0 aggregations, 0 implications, 0 bound changes
   (0.0s) probing aborted: 50/50 successive totally useless probings
   (0.0s) symmetry computation started: requiring (bin +, int +, cont +), (fixed: bin -, int -, cont -)
   (0.0s) no symmetry present (symcode time: 0.00)
presolving (8 rounds: 8 fast, 7 medium, 5 exhaustive):
 78 deleted vars, 10 deleted constraints, 0 added constraints, 0 tightened bounds, 0 added holes, 6 changed sides, 37 changed coefficients
 0 implications, 189 cliques
presolved problem has 422 variables (422 bin, 0 int, 0 impl, 0 cont) and 180 constraints
    180 constraints of type <setppc>
Presolving Time: 0.03

 time | node  | left  |LP iter|LP it/n|mem/heur|mdpt |vars |cons |rows |cuts |sepa|confs|strbr|  dualbound   | primalbound  |  gap   | compl. 
  0.1s|     1 |     0 |  1258 |     - |  5378k |   0 | 422 | 180 | 180 |   0 |  0 |   0 |   0 | 7.524448e+03 |      --      |    Inf | unknown
d 0.1s|     1 |     0 |  1258 |     - |coefdivi|   0 | 422 | 180 | 180 |   0 |  1 |   0 |   0 | 7.524448e+03 | 2.824051e+03 | 166.44%| unknown
d 0.1s|     1 |     0 |  1424 |     - |coefdivi|   0 | 422 | 180 | 180 |   0 |  1 |   0 |   0 | 7.524448e+03 | 3.495041e+03 | 115.29%| unknown
d 0.1s|     1 |     0 |  1485 |     - |coefdivi|   0 | 422 | 180 | 180 |   0 |  1 |   0 |   0 | 7.524448e+03 | 6.143676e+03 |  22.47%| unknown
  0.1s|     1 |     0 |  1485 |     - |  5494k |   0 | 422 | 180 | 180 |   0 |  1 |   0 |   0 | 7.524448e+03 | 6.143676e+03 |  22.47%| unknown
  0.3s|     1 |     2 |  1485 |     - |  5721k |   0 | 422 | 180 | 180 |   0 |  2 |   0 |  26 | 7.473566e+03 | 6.143676e+03 |  21.65%| unknown

SCIP Status        : solving was interrupted [node limit reached]
Solving Time (sec) : 0.34
Solving Nodes      : 1
Primal Bound       : +6.14367606564924e+03 (35 solutions)
Dual Bound         : +7.47356558623906e+03
Gap                : 21.65 %
