presolving:
(round 1, fast)       0 del vars, 1 del conss, 0 add conss, 0 chg bounds, 0 chg sides, 0 chg coeffs, 0 upgd conss, 0 impls, 192 clqs
   (0.0s) running MILP presolver
   (0.0s) MILP presolver (2 rounds): 0 aggregations, 11 fixings, 0 bound changes
(round 2, medium)     11 del vars, 1 del conss, 0 add conss, 0 chg bounds, 0 chg sides, 0 chg coeffs, 0 upgd conss, 0 impls, 192 clqs
(round 3, exhaustive) 11 del vars, 4 del conss, 0 add conss, 0 chg bounds, 3 chg sides, 0 chg coeffs, 0 upgd conss, 0 impls, 192 clqs
(round 4, exhaustive) 11 del vars, 4 del conss, 0 add conss, 0 chg bounds, 3 chg sides, 0 chg coeffs, 189 upgd conss, 0 impls, 192 clqs
(round 5, medium)     39 del vars, 4 del conss, 0 add conss, 0 chg bounds, 3 chg sides, 28 chg coeffs, 189 upgd conss, 0 impls, 192 clqs
(round 6, fast)       45 del vars, 4 del conss, 0 add conss, 0 chg bounds, 3 chg sides, 28 chg coeffs, 189 upgd conss, 0 impls, 192 clqs
(round 7, exhaustive) 45 del vars, 7 del conss, 0 add conss, 0 chg bounds, 3 chg sides, 28 chg coeffs, 189 upgd conss, 0 impls, 192 clqs
   (0.0s) probing: 51/455 (11.2%) - 0 fixings, 0 aggregations, 0 implications, 0 bound changes
   (0.0s) probing aborted: 50/50 successive totally useless probings
   (0.0s) symmetry computation started: requiring (bin +, int +, cont +), (fixed: bin -, int -, cont -)
   (0.0s) no symmetry present (symcode time: 0.00)
presolving (8 rounds: 8 fast, 6 medium, 4 exhaustive):
 45 deleted vars, 7 deleted constraints, 0 added constraints, 0 tightened bounds, 0 added holes, 3 changed sides, 28 changed coefficients
 0 implications, 192 cliques
presolved problem has 455 variables (455 bin, 0 int, 0 impl, 0 cont) and 186 constraints
    186 constraints of type <setppc>
Presolving Time: 0.02

 time | node  | left  |LP iter|LP it/n|mem/heur|mdpt |vars |cons |rows |cuts |sepa|confs|strbr|  dualbound   | primalbound  |  gap   | compl. 
  0.1s|     1 |     0 |  1734 |     - |  5852k |   0 | 455 | 186 | 186 |   0 |  0 |   0 |   0 | 6.854054e+03 |      --      |    Inf | unknown
d 0.1s|     1 |     0 |  1734 |     - |coefdivi|   0 | 455 | 186 | 186 |   0 |  1 |   0 |   0 | 6.854054e+03 | 2.109020e+03 | 224.99%| unknown
d 0.1s|     1 |     0 |  1860 |     - |coefdivi|   0 | 455 | 186 | 186 |   0 |  1 |   0 |   0 | 6.854054e+03 | 2.998655e+03 | 128.57%| unknown
d 0.1s|     1 |     0 |  1899 |     - |coefdivi|   0 | 455 | 186 | 186 |   0 |  1 |   0 |   0 | 6.854054e+03 | 3.767552e+03 |  81.92%| unknown
d 0.1s|     1 |     0 |  1924 |     - |coefdivi|   0 | 455 | 186 | 186 |   0 |  1 |   0 |   0 | 6.854054e+03 | 5.861591e+03 |  16.93%| unknown
  0.1s|     1 |     0 |  1924 |     - |  5985k |   0 | 455 | 186 | 186 |   0 |  1 |   0 |   0 | 6.854054e+03 | 5.861591e+03 |  16.93%| unknown
  0.2s|     1 |     2 |  1924 |     - |  6085k |   0 | 455 | 186 | 186 |   0 |  2 |   0 |  23 | 6.826474e+03 | 5.861591e+03 |  16.46%| unknown

SCIP Status        : solving was interrupted [node limit reached]
Solving Time (sec) : 0.18
Solving Nodes      : 1
Primal Bound       : +5.86159070616805e+03 (29 solutions)
Dual Bound         : +6.82647412306513e+03
Gap                : 16.46 %
