presolving:
   (0.0s) running MILP presolver
   (0.0s) MILP presolver (2 rounds): 0 aggregations, 10 fixings, 0 bound changes
(round 1, medium)     10 del vars, 0 del conss, 0 add conss, 0 chg bounds, 0 chg sides, 0 chg coeffs, 0 upgd conss, 0 impls, 193 clqs
(round 2, exhaustive) 10 del vars, 2 del conss, 0 add conss, 0 chg bounds, 2 chg sides, 0 chg coeffs, 0 upgd conss, 0 impls, 193 clqs
(round 3, exhaustive) 10 del vars, 2 del conss, 0 add conss, 0 chg bounds, 2 chg sides, 0 chg coeffs, 191 upgd conss, 0 impls, 193 clqs
(round 4, medium)     46 del vars, 2 del conss, 0 add conss, 0 chg bounds, 2 chg sides, 36 chg coeffs, 191 upgd conss, 0 impls, 193 clqs
(round 5, fast)       63 del vars, 2 del conss, 0 add conss, 0 chg bounds, 2 chg sides, 36 chg coeffs, 191 upgd conss, 0 impls, 193 clqs
(round 6, exhaustive) 63 del vars, 8 del conss, 0 add conss, 0 chg bounds, 2 chg sides, 36 chg coeffs, 191 upgd conss, 0 impls, 193 clqs
   (0.0s) probing: 51/437 (11.7%) - 0 fixings, 0 aggregations, 0 implications, 0 bound changes
   (0.0s) probing aborted: 50/50 successive totally useless probings
   (0.0s) symmetry computation started: requiring (bin +, int +, cont +), (fixed: bin -, int -, cont -)
   (0.0s) no symmetry present (symcode time: 0.00)
presolving (7 rounds: 7 fast, 6 medium, 4 exhaustive):
 63 deleted vars, 8 deleted constraints, 0 added constraints, 0 tightened bounds, 0 added holes, 2 changed sides, 36 changed coefficients
 0 implications, 193 cliques
presolved problem has 437 variables (437 bin, 0 int, 0 impl, 0 cont) and 185 constraints
    185 constraints of type <setppc>
Presolving Time: 0.02

 time | node  | left  |LP iter|LP it/n|mem/heur|mdpt |vars |cons |rows |cuts |sepa|confs|strbr|  dualbound   | primalbound  |  gap   | compl. 
  0.1s|     1 |     0 |  1633 |     - |  5510k |   0 | 437 | 185 | 185 |   0 |  0 |   0 |   0 | 7.593888e+03 |      --      |    Inf | unknown
d 0.1s|     1 |     0 |  1633 |     - |coefdivi|   0 | 437 | 185 | 185 |   0 |  1 |   0 |   0 | 7.593888e+03 | 2.573319e+03 | 195.10%| unknown
d 0.1s|     1 |     0 |  1714 |     - |coefdivi|   0 | 437 | 185 | 185 |   0 |  1 |   0 |   0 | 7.593888e+03 | 3.633175e+03 | 109.02%| unknown
d 0.1s|     1 |     0 |  1747 |     - |coefdivi|   0 | 437 | 185 | 185 |   0 |  1 |   0 |   0 | 7.593888e+03 | 5.218268e+03 |  45.53%| unknown
d 0.1s|     1 |     0 |  1750 |     - |coefdivi|   0 | 437 | 185 | 185 |   0 |  1 |   0 |   0 | 7.593888e+03 | 7.112010e+03 |   6.78%| unknown
  0.1s|     1 |     0 |  1750 |     - |  5646k |   0 | 437 | 185 | 185 |   0 |  1 |   0 |   0 | 7.593888e+03 | 7.112010e+03 |   6.78%| unknown
  0.2s|     1 |     2 |  1750 |     - |  5753k |   0 | 437 | 185 | 185 |   0 |  2 |   0 |  19 | 7.566275e+03 | 7.112010e+03 |   6.39%| unknown

SCIP Status        : solving was interrupted [node limit reached]
Solving Time (sec) : 0.22
Solving Nodes      : 1
Primal Bound       : +7.11201011455006e+03 (25 solutions)
Dual Bound         : +7.56627505614972e+03
Gap                : 6.39 %
