presolving:
   (0.0s) running MILP presolver
   (0.0s) MILP presolver (2 rounds): 0 aggregations, 21 fixings, 0 bound changes
(round 1, medium)     21 del vars, 0 del conss, 0 add conss, 0 chg bounds, 0 chg sides, 0 chg coeffs, 0 upgd conss, 0 impls, 189 clqs
(round 2, exhaustive) 21 del vars, 5 del conss, 0 add conss, 0 chg bounds, 5 chg sides, 0 chg coeffs, 0 upgd conss, 0 impls, 189 clqs
(round 3, exhaustive) 21 del vars, 5 del conss, 0 add conss, 0 chg bounds, 5 chg sides, 0 chg coeffs, 184 upgd conss, 0 impls, 189 clqs
(round 4, medium)     62 del vars, 5 del conss, 0 add conss, 0 chg bounds, 5 chg sides, 41 chg coeffs, 184 upgd conss, 0 impls, 189 clqs
(round 5, fast)       70 del vars, 6 del conss, 0 add conss, 0 chg bounds, 5 chg sides, 41 chg coeffs, 184 upgd conss, 0 impls, 187 clqs
(round 6, exhaustive) 70 del vars, 10 del conss, 0 add conss, 0 chg bounds, 5 chg sides, 41 chg coeffs, 184 upgd conss, 0 impls, 187 clqs
   (0.0s) probing: 51/430 (11.9%) - 0 fixings, 0 aggregations, 0 implications, 0 bound changes
   (0.0s) probing aborted: 50/50 successive totally useless probings
   (0.0s) symmetry computation started: requiring (bin +, int +, cont +), (fixed: bin -, int -, cont -)
   (0.0s) no symmetry present (symcode time: 0.00)
presolving (7 rounds: 7 fast, 6 medium, 4 exhaustive):
 70 deleted vars, 10 deleted constraints, 0 added constraints, 0 tightened bounds, 0 added holes, 5 changed sides, 41 changed coefficients
 0 implications, 187 cliques
presolved problem has 430 variables (430 bin, 0 int, 0 impl, 0 cont) and 179 constraints
    179 constraints of type <setppc>
Presolving Time: 0.04

 time | node  | left  |LP iter|LP it/n|mem/heur|mdpt |vars |cons |rows |cuts |sepa|confs|strbr|  dualbound   | primalbound  |  gap   | compl. 
  0.1s|     1 |     0 |  1286 |     - |  5393k |   0 | 430 | 179 | 179 |   0 |  0 |   0 |   0 | 7.763422e+03 |      --      |    Inf | unknown
d 0.1s|     1 |     0 |  1286 |     - |coefdivi|   0 | 430 | 179 | 179 |   0 |  1 |   0 |   0 | 7.763422e+03 | 3.242106e+03 | 139.46%| unknown
d 0.2s|     1 |     0 |  1432 |     - |coefdivi|   0 | 430 | 179 | 179 |   0 |  1 |   0 |   0 | 7.763422e+03 | 3.410354e+03 | 127.64%| unknown
d 0.2s|     1 |     0 |  1522 |     - |coefdivi|   0 | 430 | 179 | 179 |   0 |  1 |   0 |   0 | 7.763422e+03 | 3.845070e+03 | 101.91%| unknown
d 0.2s|     1 |     0 |  1543 |     - |coefdivi|   0 | 430 | 179 | 179 |   0 |  1 |   0 |   0 | 7.763422e+03 | 6.883477e+03 |  12.78%| unknown
  0.2s|     1 |     0 |  1543 |     - |  5484k |   0 | 430 | 179 | 179 |   0 |  1 |   0 |   0 | 7.763422e+03 | 6.883477e+03 |  12.78%| unknown
  0.3s|     1 |     2 |  1543 |     - |  5586k |   0 | 430 | 179 | 179 |   0 |  2 |   0 |  23 | 7.682016e+03 | 6.883477e+03 |  11.60%| unknown

SCIP Status        : solving was interrupted [node limit reached]
Solving Time (sec) : 0.31
Solving Nodes      : 1
Primal Bound       : +6.88347730556896e+03 (29 solutions)
Dual Bound         : +7.68201593750461e+03
Gap                : 11.60 %
