presolving:
(round 1, fast)       0 del vars, 1 del conss, 0 add conss, 0 chg bounds, 0 chg sides, 0 chg coeffs, 0 upgd conss, 0 impls, 189 clqs
   (0.0s) running MILP presolver
   (0.0s) MILP presolver (2 rounds): 0 aggregations, 20 fixings, 0 bound changes
(round 2, medium)     20 del vars, 1 del conss, 0 add conss, 0 chg bounds, 0 chg sides, 0 chg coeffs, 0 upgd conss, 0 impls, 189 clqs
(round 3, exhaustive) 20 del vars, 5 del conss, 0 add conss, 0 chg bounds, 4 chg sides, 0 chg coeffs, 0 upgd conss, 0 impls, 189 clqs
(round 4, exhaustive) 20 del vars, 5 del conss, 0 add conss, 0 chg bounds, 4 chg sides, 0 chg coeffs, 185 upgd conss, 0 impls, 189 clqs
(round 5, medium)     59 del vars, 5 del conss, 0 add conss, 0 chg bounds, 4 chg sides, 39 chg coeffs, 185 upgd conss, 0 impls, 189 clqs
(round 6, fast)       86 del vars, 8 del conss, 0 add conss, 0 chg bounds, 4 chg sides, 39 chg coeffs, 185 upgd conss, 0 impls, 185 clqs
(round 7, exhaustive) 86 del vars, 10 del conss, 0 add conss, 0 chg bounds, 4 chg sides, 39 chg coeffs, 185 upgd conss, 0 impls, 185 clqs
   (0.0s) probing: 51/414 (12.3%) - 0 fixings, 0 aggregations, 0 implications, 0 bound changes
   (0.0s) probing aborted: 50/50 successive totally useless probings
   (0.0s) symmetry computation started: requiring (bin +, int +, cont +), (fixed: bin -, int -, cont -)
   (0.0s) no symmetry present (symcode time: 0.00)
presolving (8 rounds: 8 fast, 6 medium, 4 exhaustive):
 86 deleted vars, 10 deleted constraints, 0 added constraints, 0 tightened bounds, 0 added holes, 4 changed sides, 39 changed coefficients
 0 implications, 185 cliques
presolved problem has 414 variables (414 bin, 0 int, 0 impl, 0 cont) and 180 constraints
    180 constraints of type <setppc>
Presolving Time: 0.02

 time | node  | left  |LP iter|LP it/n|mem/heur|mdpt |vars |cons |rows |cuts |sepa|confs|strbr|  dualbound   | primalbound  |  gap   | compl. 
  0.1s|     1 |     0 |  1848 |     - |  5234k |   0 | 414 | 180 | 180 |   0 |  0 |   0 |   0 | 7.574799e+03 |      --      |    Inf | unknown
d 0.1s|     1 |     0 |  1848 |     - |coefdivi|   0 | 414 | 180 | 180 |   0 |  1 |   0 |   0 | 7.574799e+03 | 2.790047e+03 | 171.49%| unknown
d 0.2s|     1 |     0 |  2094 |     - |coefdivi|   0 | 414 | 180 | 180 |   0 |  1 |   0 |   0 | 7.574799e+03 | 4.176934e+03 |  81.35%| unknown
d 0.2s|     1 |     0 |  2123 |     - |coefdivi|   0 | 414 | 180 | 180 |   0 |  1 |   0 |   0 | 7.574799e+03 | 6.518605e+03 |  16.20%| unknown
d 0.2s|     1 |     0 |  2130 |     - |coefdivi|   0 | 414 | 180 | 180 |   0 |  1 |   0 |   0 | 7.574799e+03 | 6.638497e+03 |  14.10%| unknown
  0.2s|     1 |     0 |  2130 |     - |  5369k |   0 | 414 | 180 | 180 |   0 |  1 |   0 |   0 | 7.574799e+03 | 6.638497e+03 |  14.10%| unknown
  0.3s|     1 |     2 |  2130 |     - |  5441k |   0 | 414 | 180 | 180 |   0 |  2 |   0 |  19 | 7.514980e+03 | 6.638497e+03 |  13.20%| unknown

SCIP Status        : solving was interrupted [node limit reached]
Solving Time (sec) : 0.30
Solving Nodes      : 1
Primal Bound       : +6.63849731740029e+03 (24 solutions)
Dual Bound         : +7.51497958771307e+03
Gap                : 13.20 %
