presolving:
   (0.0s) running MILP presolver
   (0.0s) MILP presolver (2 rounds): 0 aggregations, 9 fixings, 0 bound changes
(round 1, medium)     9 del vars, 0 del conss, 0 add conss, 0 chg bounds, 0 chg sides, 0 chg coeffs, 0 upgd conss, 0 impls, 196 clqs
(round 2, exhaustive) 9 del vars, 3 del conss, 0 add conss, 0 chg bounds, 3 chg sides, 0 chg coeffs, 0 upgd conss, 0 impls, 196 clqs
(round 3, exhaustive) 9 del vars, 3 del conss, 0 add conss, 0 chg bounds, 3 chg sides, 0 chg coeffs, 193 upgd conss, 0 impls, 196 clqs
(round 4, medium)     35 del vars, 3 del conss, 0 add conss, 0 chg bounds, 3 chg sides, 26 chg coeffs, 193 upgd conss, 0 impls, 196 clqs
(round 5, fast)       41 del vars, 3 del conss, 0 add conss, 0 chg bounds, 3 chg sides, 26 chg coeffs, 193 upgd conss, 0 impls, 196 clqs
(round 6, exhaustive) 41 del vars, 4 del conss, 0 add conss, 0 chg bounds, 3 chg sides, 26 chg coeffs, 193 upgd conss, 0 impls, 196 clqs
   (0.0s) probing: 51/459 (11.1%) - 0 fixings, 0 aggregations, 0 implications, 0 bound changes
   (0.0s) probing aborted: 50/50 successive totally useless probings
   (0.0s) symmetry computation started: requiring (bin +, int +, cont +), (fixed: bin -, int -, cont -)
   (0.0s) no symmetry present (symcode time: 0.00)
presolving (7 rounds: 7 fast, 6 medium, 4 exhaustive):
 41 deleted vars, 4 deleted constraints, 0 added constraints, 0 tightened bounds, 0 added holes, 3 changed sides, 26 changed coefficients
 0 implications, 196 cliques
presolved problem has 459 variables (459 bin, 0 int, 0 impl, 0 cont) and 192 constraints
    192 constraints of type <setppc>
Presolving Time: 0.02

 time | node  | left  |LP iter|LP it/n|mem/heur|mdpt |vars |cons |rows |cuts |sepa|confs|strbr|  dualbound   | primalbound  |  gap   | compl. 
  0.1s|     1 |     0 |  2072 |     - |  5542k |   0 | 459 | 192 | 192 |   0 |  0 |   0 |   0 | 7.115578e+03 |      --      |    Inf | unknown
d 0.1s|     1 |     0 |  2072 |     - |coefdivi|   0 | 459 | 192 | 192 |   0 |  1 |   0 |   0 | 7.115578e+03 | 1.776147e+03 | 300.62%| unknown
d 0.1s|     1 |     0 |  2207 |     - |coefdivi|   0 | 459 | 192 | 192 |   0 |  1 |   0 |   0 | 7.115578e+03 | 2.702647e+03 | 163.28%| unknown
d 0.1s|     1 |     0 |  2243 |     - |coefdivi|   0 | 459 | 192 | 192 |   0 |  1 |   0 |   0 | 7.115578e+03 | 6.746806e+03 |   5.47%| unknown
  0.1s|     1 |     0 |  2243 |     - |  5634k |   0 | 459 | 192 | 192 |   0 |  1 |   0 |   0 | 7.115578e+03 | 6.746806e+03 |   5.47%| unknown
  0.1s|     1 |     0 |  2243 |     - |  5634k |   0 | 459 | 192 | 192 |   0 |  1 |   0 |   0 | 7.115578e+03 | 6.746806e+03 |   5.47%| unknown
  0.4s|     1 |     2 |  2243 |     - |  5894k |   0 | 459 | 192 | 192 |   0 |  2 |   0 |  58 | 7.080693e+03 | 6.746806e+03 |   4.95%| unknown

SCIP Status        : solving was interrupted [node limit reached]
Solving Time (sec) : 0.38
Solving Nodes      : 1
Primal Bound       : +6.74680623267046e+03 (61 solutions)
Dual Bound         : +7.08069285156389e+03
Gap                : 4.95 %
