presolving:
   (0.0s) running MILP presolver
   (0.0s) MILP presolver (2 rounds): 0 aggregations, 15 fixings, 0 bound changes
(round 1, medium)     15 del vars, 0 del conss, 0 add conss, 0 chg bounds, 0 chg sides, 0 chg coeffs, 0 upgd conss, 0 impls, 190 clqs
(round 2, fast)       16 del vars, 2 del conss, 0 add conss, 0 chg bounds, 0 chg sides, 0 chg coeffs, 0 upgd conss, 0 impls, 189 clqs
(round 3, exhaustive) 16 del vars, 9 del conss, 0 add conss, 0 chg bounds, 7 chg sides, 0 chg coeffs, 0 upgd conss, 0 impls, 189 clqs
(round 4, exhaustive) 16 del vars, 9 del conss, 0 add conss, 0 chg bounds, 7 chg sides, 0 chg coeffs, 182 upgd conss, 0 impls, 189 clqs
(round 5, medium)     53 del vars, 9 del conss, 0 add conss, 0 chg bounds, 7 chg sides, 37 chg coeffs, 182 upgd conss, 0 impls, 189 clqs
(round 6, fast)       73 del vars, 10 del conss, 0 add conss, 0 chg bounds, 7 chg sides, 37 chg coeffs, 182 upgd conss, 0 impls, 186 clqs
(round 7, exhaustive) 73 del vars, 13 del conss, 0 add conss, 0 chg bounds, 7 chg sides, 37 chg coeffs, 182 upgd conss, 0 impls, 186 clqs
   (0.0s) probing: 51/427 (11.9%) - 0 fixings, 0 aggregations, 0 implications, 0 bound changes
   (0.0s) probing aborted: 50/50 successive totally useless probings
   (0.0s) symmetry computation started: requiring (bin +, int +, cont +), (fixed: bin -, int -, cont -)
   (0.0s) no symmetry present (symcode time: 0.00)
presolving (8 rounds: 8 fast, 6 medium, 4 exhaustive):
 73 deleted vars, 13 deleted constraints, 0 added constraints, 0 tightened bounds, 0 added holes, 7 changed sides, 37 changed coefficients
 0 implications, 186 cliques
presolved problem has 427 variables (427 bin, 0 int, 0 impl, 0 cont) and 178 constraints
    178 constraints of type <setppc>
Presolving Time: 0.02

 time | node  | left  |LP iter|LP it/n|mem/heur|mdpt |vars |cons |rows |cuts |sepa|confs|strbr|  dualbound   | primalbound  |  gap   | compl. 
  0.1s|     1 |     0 |  1350 |     - |  5448k |   0 | 427 | 178 | 178 |   0 |  0 |   0 |   0 | 7.552852e+03 |      --      |    Inf | unknown
d 0.1s|     1 |     0 |  1350 |     - |coefdivi|   0 | 427 | 178 | 178 |   0 |  1 |   0 |   0 | 7.552852e+03 | 2.832261e+03 | 166.67%| unknown
d 0.1s|     1 |     0 |  1495 |     - |coefdivi|   0 | 427 | 178 | 178 |   0 |  1 |   0 |   0 | 7.552852e+03 | 3.393853e+03 | 122.55%| unknown
d 0.1s|     1 |     0 |  1576 |     - |coefdivi|   0 | 427 | 178 | 178 |   0 |  1 |   0 |   0 | 7.552852e+03 | 4.725741e+03 |  59.82%| unknown
d 0.1s|     1 |     0 |  1604 |     - |coefdivi|   0 | 427 | 178 | 178 |   0 |  1 |   0 |   0 | 7.552852e+03 | 5.786280e+03 |  30.53%| unknown
d 0.1s|     1 |     0 |  1608 |     - |coefdivi|   0 | 427 | 178 | 178 |   0 |  1 |   0 |   0 | 7.552852e+03 | 6.763673e+03 |  11.67%| unknown
  0.1s|     1 |     0 |  1608 |     - |  5561k |   0 | 427 | 178 | 178 |   0 |  1 |   0 |   0 | 7.552852e+03 | 6.763673e+03 |  11.67%| unknown
  0.4s|     1 |     2 |  1608 |     - |  5809k |   0 | 427 | 178 | 178 |   0 |  2 |   0 |  41 | 7.508516e+03 | 6.763673e+03 |  11.01%| unknown

SCIP Status        : solving was interrupted [node limit reached]
Solving Time (sec) : 0.45
Solving Nodes      : 1
Primal Bound       : +6.76367290522106e+03 (46 solutions)
Dual Bound         : +7.50851555555012e+03
Gap                : 11.01 %
