presolving:
   (0.0s) running MILP presolver
   (0.0s) MILP presolver (2 rounds): 0 aggregations, 12 fixings, 0 bound changes
(round 1, medium)     12 del vars, 0 del conss, 0 add conss, 0 chg bounds, 0 chg sides, 0 chg coeffs, 0 upgd conss, 0 impls, 194 clqs
(round 2, exhaustive) 12 del vars, 2 del conss, 0 add conss, 0 chg bounds, 2 chg sides, 0 chg coeffs, 0 upgd conss, 0 impls, 194 clqs
(round 3, exhaustive) 12 del vars, 2 del conss, 0 add conss, 0 chg bounds, 2 chg sides, 0 chg coeffs, 192 upgd conss, 0 impls, 194 clqs
(round 4, medium)     53 del vars, 2 del conss, 0 add conss, 0 chg bounds, 2 chg sides, 41 chg coeffs, 192 upgd conss, 0 impls, 194 clqs
(round 5, fast)       65 del vars, 4 del conss, 0 add conss, 0 chg bounds, 2 chg sides, 41 chg coeffs, 192 upgd conss, 0 impls, 192 clqs
   (0.0s) probing: 51/435 (11.7%) - 0 fixings, 0 aggregations, 0 implications, 0 bound changes
   (0.0s) probing aborted: 50/50 successive totally useless probings
   (0.0s) symmetry computation started: requiring (bin +, int +, cont +), (fixed: bin -, int -, cont -)
   (0.0s) no symmetry present (symcode time: 0.00)
presolving (6 rounds: 6 fast, 5 medium, 3 exhaustive):
 65 deleted vars, 4 deleted constraints, 0 added constraints, 0 tightened bounds, 0 added holes, 2 changed sides, 41 changed coefficients
 0 implications, 192 cliques
presolved problem has 435 variables (435 bin, 0 int, 0 impl, 0 cont) and 190 constraints
    190 constraints of type <setppc>
Presolving Time: 0.02

 time | node  | left  |LP iter|LP it/n|mem/heur|mdpt |vars |cons |rows |cuts |sepa|confs|strbr|  dualbound   | primalbound  |  gap   | compl. 
  0.1s|     1 |     0 |  1640 |     - |  5342k |   0 | 435 | 190 | 190 |   0 |  0 |   0 |   0 | 7.843526e+03 |      --      |    Inf | unknown
d 0.1s|     1 |     0 |  1640 |     - |coefdivi|   0 | 435 | 190 | 190 |   0 |  1 |   0 |   0 | 7.843526e+03 | 2.996849e+03 | 161.73%| unknown
d 0.1s|     1 |     0 |  1791 |     - |coefdivi|   0 | 435 | 190 | 190 |   0 |  1 |   0 |   0 | 7.843526e+03 | 3.470802e+03 | 125.99%| unknown
d 0.1s|     1 |     0 |  1819 |     - |coefdivi|   0 | 435 | 190 | 190 |   0 |  1 |   0 |   0 | 7.843526e+03 | 4.633788e+03 |  69.27%| unknown
d 0.1s|     1 |     0 |  1867 |     - |coefdivi|   0 | 435 | 190 | 190 |   0 |  1 |   0 |   0 | 7.843526e+03 | 5.272187e+03 |  48.77%| unknown
d 0.1s|     1 |     0 |  1877 |     - |coefdivi|   0 | 435 | 190 | 190 |   0 |  1 |   0 |   0 | 7.843526e+03 | 6.765069e+03 |  15.94%| unknown
  0.1s|     1 |     0 |  1877 |     - |  5465k |   0 | 435 | 190 | 190 |   0 |  1 |   0 |   0 | 7.843526e+03 | 6.765069e+03 |  15.94%| unknown
  0.4s|     1 |     2 |  1877 |     - |  5857k |   0 | 435 | 190 | 190 |   0 |  2 |   0 |  62 | 7.824644e+03 | 6.765069e+03 |  15.66%| unknown

SCIP Status        : solving was interrupted [node limit reached]
Solving Time (sec) : 0.41
Solving Nodes      : 1
Primal Bound       : +6.76506905296309e+03 (68 solutions)
Dual Bound         : +7.82464393933623e+03
Gap                : 15.66 %
