presolving:
(round 1, fast)       0 del vars, 3 del conss, 0 add conss, 0 chg bounds, 0 chg sides, 0 chg coeffs, 0 upgd conss, 0 impls, 188 clqs
   (0.0s) running MILP presolver
   (0.0s) MILP presolver (2 rounds): 0 aggregations, 12 fixings, 0 bound changes
(round 2, medium)     12 del vars, 3 del conss, 0 add conss, 0 chg bounds, 0 chg sides, 0 chg coeffs, 0 upgd conss, 0 impls, 188 clqs
(round 3, exhaustive) 12 del vars, 6 del conss, 0 add conss, 0 chg bounds, 3 chg sides, 0 chg coeffs, 0 upgd conss, 0 impls, 188 clqs
(round 4, exhaustive) 12 del vars, 6 del conss, 0 add conss, 0 chg bounds, 3 chg sides, 0 chg coeffs, 185 upgd conss, 0 impls, 188 clqs
(round 5, medium)     44 del vars, 6 del conss, 0 add conss, 0 chg bounds, 3 chg sides, 32 chg coeffs, 185 upgd conss, 0 impls, 188 clqs
(round 6, fast)       51 del vars, 6 del conss, 0 add conss, 0 chg bounds, 3 chg sides, 32 chg coeffs, 185 upgd conss, 0 impls, 188 clqs
(round 7, exhaustive) 51 del vars, 9 del conss, 0 add conss, 0 chg bounds, 3 chg sides, 32 chg coeffs, 185 upgd conss, 0 impls, 188 clqs
   (0.0s) probing: 51/449 (11.4%) - 0 fixings, 0 aggregations, 0 implications, 0 bound changes
   (0.0s) probing aborted: 50/50 successive totally useless probings
   (0.0s) symmetry computation started: requiring (bin +, int +, cont +), (fixed: bin -, int -, cont -)
   (0.0s) no symmetry present (symcode time: 0.00)
presolving (8 rounds: 8 fast, 6 medium, 4 exhaustive):
 51 deleted vars, 9 deleted constraints, 0 added constraints, 0 tightened bounds, 0 added holes, 3 changed sides, 32 changed coefficients
 0 implications, 188 cliques
presolved problem has 449 variables (449 bin, 0 int, 0 impl, 0 cont) and 182 constraints
    182 constraints of type <setppc>
Presolving Time: 0.02

 time | node  | left  |LP iter|LP it/n|mem/heur|mdpt |vars |cons |rows |cuts |sepa|confs|strbr|  dualbound   | primalbound  |  gap   | compl. 
  0.1s|     1 |     0 |  1436 |     - |  5623k |   0 | 449 | 182 | 182 |   0 |  0 |   0 |   0 | 7.887134e+03 |      --      |    Inf | unknown
d 0.1s|     1 |     0 |  1436 |     - |coefdivi|   0 | 449 | 182 | 182 |   0 |  1 |   0 |   0 | 7.887134e+03 | 2.434632e+03 | 223.96%| unknown
d 0.1s|     1 |     0 |  1614 |     - |coefdivi|   0 | 449 | 182 | 182 |   0 |  1 |   0 |   0 | 7.887134e+03 | 3.003470e+03 | 162.60%| unknown
d 0.1s|     1 |     0 |  1677 |     - |coefdivi|   0 | 449 | 182 | 182 |   0 |  1 |   0 |   0 | 7.887134e+03 | 4.362574e+03 |  80.79%| unknown
d 0.1s|     1 |     0 |  1701 |     - |coefdivi|   0 | 449 | 182 | 182 |   0 |  1 |   0 |   0 | 7.887134e+03 | 5.926012e+03 |  33.09%| unknown
d 0.1s|     1 |     0 |  1705 |     - |coefdivi|   0 | 449 | 182 | 182 |   0 |  1 |   0 |   0 | 7.887134e+03 | 6.321389e+03 |  24.77%| unknown
  0.1s|     1 |     0 |  1705 |     - |  5744k |   0 | 449 | 182 | 182 |   0 |  1 |   0 |   0 | 7.887134e+03 | 6.321389e+03 |  24.77%| unknown
  0.2s|     1 |     2 |  1705 |     - |  5845k |   0 | 449 | 182 | 182 |   0 |  2 |   0 |  21 | 7.835595e+03 | 6.321389e+03 |  23.95%| unknown

SCIP Status        : solving was interrupted [node limit reached]
Solving Time (sec) : 0.18
Solving Nodes      : 1
Primal Bound       : +6.32138911201492e+03 (26 solutions)
Dual Bound         : +7.83559470762709e+03
Gap                : 23.95 %
