presolving:
(round 1, fast)       1 del vars, 2 del conss, 0 add conss, 0 chg bounds, 0 chg sides, 0 chg coeffs, 0 upgd conss, 0 impls, 192 clqs
   (0.0s) running MILP presolver
   (0.0s) MILP presolver (2 rounds): 0 aggregations, 18 fixings, 0 bound changes
(round 2, medium)     19 del vars, 2 del conss, 0 add conss, 0 chg bounds, 0 chg sides, 0 chg coeffs, 0 upgd conss, 0 impls, 191 clqs
(round 3, fast)       19 del vars, 3 del conss, 0 add conss, 0 chg bounds, 0 chg sides, 0 chg coeffs, 0 upgd conss, 0 impls, 191 clqs
(round 4, exhaustive) 19 del vars, 6 del conss, 0 add conss, 0 chg bounds, 3 chg sides, 0 chg coeffs, 0 upgd conss, 0 impls, 191 clqs
(round 5, exhaustive) 19 del vars, 6 del conss, 0 add conss, 0 chg bounds, 3 chg sides, 0 chg coeffs, 188 upgd conss, 0 impls, 191 clqs
(round 6, medium)     57 del vars, 6 del conss, 0 add conss, 0 chg bounds, 3 chg sides, 38 chg coeffs, 188 upgd conss, 0 impls, 191 clqs
(round 7, fast)       81 del vars, 6 del conss, 0 add conss, 0 chg bounds, 3 chg sides, 38 chg coeffs, 188 upgd conss, 0 impls, 189 clqs
(round 8, exhaustive) 81 del vars, 7 del conss, 0 add conss, 0 chg bounds, 3 chg sides, 38 chg coeffs, 188 upgd conss, 0 impls, 189 clqs
   (0.0s) probing: 51/419 (12.2%) - 0 fixings, 0 aggregations, 0 implications, 0 bound changes
   (0.0s) probing aborted: 50/50 successive totally useless probings
   (0.0s) symmetry computation started: requiring (bin +, int +, cont +), (fixed: bin -, int -, cont -)
   (0.0s) no symmetry present (symcode time: 0.00)
presolving (9 rounds: 9 fast, 6 medium, 4 exhaustive):
 81 deleted vars, 7 deleted constraints, 0 added constraints, 0 tightened bounds, 0 added holes, 3 changed sides, 38 changed coefficients
 0 implications, 189 cliques
presolved problem has 419 variables (419 bin, 0 int, 0 impl, 0 cont) and 187 constraints
    187 constraints of type <setppc>
Presolving Time: 0.02

 time | node  | left  |LP iter|LP it/n|mem/heur|mdpt |vars |cons |rows |cuts |sepa|confs|strbr|  dualbound   | primalbound  |  gap   | compl. 
  0.1s|     1 |     0 |  1378 |     - |  5360k |   0 | 419 | 187 | 187 |   0 |  0 |   0 |   0 | 7.642527e+03 |      --      |    Inf | unknown
d 0.1s|     1 |     0 |  1378 |     - |coefdivi|   0 | 419 | 187 | 187 |   0 |  1 |   0 |   0 | 7.642527e+03 | 2.959857e+03 | 158.21%| unknown
d 0.1s|     1 |     0 |  1481 |     - |coefdivi|   0 | 419 | 187 | 187 |   0 |  1 |   0 |   0 | 7.642527e+03 | 4.411725e+03 |  73.23%| unknown
d 0.1s|     1 |     0 |  1529 |     - |coefdivi|   0 | 419 | 187 | 187 |   0 |  1 |   0 |   0 | 7.642527e+03 | 6.928820e+03 |  10.30%| unknown
  0.1s|     1 |     0 |  1529 |     - |  5471k |   0 | 419 | 187 | 187 |   0 |  1 |   0 |   0 | 7.642527e+03 | 6.928820e+03 |  10.30%| unknown
  0.2s|     1 |     2 |  1529 |     - |  5678k |   0 | 419 | 187 | 187 |   0 |  2 |   0 |  35 | 7.602280e+03 | 6.928820e+03 |   9.72%| unknown

SCIP Status        : solving was interrupted [node limit reached]
Solving Time (sec) : 0.23
Solving Nodes      : 1
Primal Bound       : +6.92882024574592e+03 (38 solutions)
Dual Bound         : +7.60227974950149e+03
Gap                : 9.72 %
