presolving:
(round 1, fast)       0 del vars, 1 del conss, 0 add conss, 0 chg bounds, 0 chg sides, 0 chg coeffs, 0 upgd conss, 0 impls, 195 clqs
(round 2, fast)       1 del vars, 1 del conss, 0 add conss, 0 chg bounds, 0 chg sides, 0 chg coeffs, 0 upgd conss, 0 impls, 195 clqs
   (0.0s) running MILP presolver
   (0.0s) MILP presolver (2 rounds): 0 aggregations, 13 fixings, 0 bound changes
(round 3, medium)     14 del vars, 1 del conss, 0 add conss, 0 chg bounds, 0 chg sides, 0 chg coeffs, 0 upgd conss, 0 impls, 195 clqs
(round 4, exhaustive) 14 del vars, 4 del conss, 0 add conss, 0 chg bounds, 3 chg sides, 0 chg coeffs, 0 upgd conss, 0 impls, 195 clqs
(round 5, exhaustive) 14 del vars, 4 del conss, 0 add conss, 0 chg bounds, 3 chg sides, 0 chg coeffs, 192 upgd conss, 0 impls, 195 clqs
(round 6, medium)     51 del vars, 4 del conss, 0 add conss, 0 chg bounds, 3 chg sides, 37 chg coeffs, 192 upgd conss, 0 impls, 195 clqs
(round 7, fast)       76 del vars, 8 del conss, 0 add conss, 0 chg bounds, 3 chg sides, 37 chg coeffs, 192 upgd conss, 0 impls, 190 clqs
(round 8, medium)     77 del vars, 8 del conss, 0 add conss, 0 chg bounds, 3 chg sides, 38 chg coeffs, 192 upgd conss, 0 impls, 190 clqs
(round 9, exhaustive) 77 del vars, 13 del conss, 0 add conss, 0 chg bounds, 3 chg sides, 38 chg coeffs, 192 upgd conss, 0 impls, 190 clqs
   (0.0s) probing: 51/423 (12.1%) - 0 fixings, 0 aggregations, 0 implications, 0 bound changes
   (0.0s) probing aborted: 50/50 successive totally useless probings
   (0.0s) symmetry computation started: requiring (bin +, int +, cont +), (fixed: bin -, int -, cont -)
   (0.0s) no symmetry present (symcode time: 0.00)
presolving (10 rounds: 10 fast, 7 medium, 4 exhaustive):
 77 deleted vars, 13 deleted constraints, 0 added constraints, 0 tightened bounds, 0 added holes, 3 changed sides, 38 changed coefficients
 0 implications, 190 cliques
presolved problem has 423 variables (423 bin, 0 int, 0 impl, 0 cont) and 183 constraints
    183 constraints of type <setppc>
Presolving Time: 0.02

 time | node  | left  |LP iter|LP it/n|mem/heur|mdpt |vars |cons |rows |cuts |sepa|confs|strbr|  dualbound   | primalbound  |  gap   | compl. 
  0.1s|     1 |     0 |  1049 |     - |  5386k |   0 | 423 | 183 | 183 |   0 |  0 |   0 |   0 | 8.278143e+03 |      --      |    Inf | unknown
d 0.1s|     1 |     0 |  1049 |     - |coefdivi|   0 | 423 | 183 | 183 |   0 |  1 |   0 |   0 | 8.278143e+03 | 3.343662e+03 | 147.58%| unknown
d 0.1s|     1 |     0 |  1218 |     - |coefdivi|   0 | 423 | 183 | 183 |   0 |  1 |   0 |   0 | 8.278143e+03 | 4.237715e+03 |  95.34%| unknown
d 0.1s|     1 |     0 |  1272 |     - |coefdivi|   0 | 423 | 183 | 183 |   0 |  1 |   0 |   0 | 8.278143e+03 | 5.941593e+03 |  39.33%| unknown
d 0.1s|     1 |     0 |  1288 |     - |coefdivi|   0 | 423 | 183 | 183 |   0 |  1 |   0 |   0 | 8.278143e+03 | 7.571312e+03 |   9.34%| unknown
  0.1s|     1 |     0 |  1288 |     - |  5494k |   0 | 423 | 183 | 183 |   0 |  1 |   0 |   0 | 8.278143e+03 | 7.571312e+03 |   9.34%| unknown
  0.2s|     1 |     2 |  1288 |     - |  5654k |   0 | 423 | 183 | 183 |   0 |  2 |   0 |  29 | 8.244331e+03 | 7.571312e+03 |   8.89%| unknown

SCIP Status        : solving was interrupted [node limit reached]
Solving Time (sec) : 0.23
Solving Nodes      : 1
Primal Bound       : +7.57131205193834e+03 (34 solutions)
Dual Bound         : +8.24433059095169e+03
Gap                : 8.89 %
