presolving:
(round 1, fast)       0 del vars, 1 del conss, 0 add conss, 0 chg bounds, 0 chg sides, 0 chg coeffs, 0 upgd conss, 0 impls, 183 clqs
   (0.0s) running MILP presolver
   (0.0s) MILP presolver (2 rounds): 0 aggregations, 27 fixings, 0 bound changes
(round 2, medium)     27 del vars, 1 del conss, 0 add conss, 0 chg bounds, 0 chg sides, 0 chg coeffs, 0 upgd conss, 0 impls, 183 clqs
(round 3, exhaustive) 27 del vars, 8 del conss, 0 add conss, 0 chg bounds, 7 chg sides, 0 chg coeffs, 0 upgd conss, 0 impls, 183 clqs
(round 4, exhaustive) 27 del vars, 8 del conss, 0 add conss, 0 chg bounds, 7 chg sides, 0 chg coeffs, 176 upgd conss, 0 impls, 183 clqs
(round 5, fast)       30 del vars, 8 del conss, 0 add conss, 0 chg bounds, 7 chg sides, 0 chg coeffs, 176 upgd conss, 0 impls, 183 clqs
(round 6, medium)     71 del vars, 8 del conss, 0 add conss, 0 chg bounds, 7 chg sides, 41 chg coeffs, 176 upgd conss, 0 impls, 183 clqs
(round 7, fast)       92 del vars, 9 del conss, 0 add conss, 0 chg bounds, 7 chg sides, 41 chg coeffs, 176 upgd conss, 0 impls, 182 clqs
(round 8, exhaustive) 92 del vars, 14 del conss, 0 add conss, 0 chg bounds, 7 chg sides, 41 chg coeffs, 176 upgd conss, 0 impls, 182 clqs
   (0.0s) probing: 51/408 (12.5%) - 0 fixings, 0 aggregations, 0 implications, 0 bound changes
   (0.0s) probing aborted: 50/50 successive totally useless probings
   (0.0s) symmetry computation started: requiring (bin +, int +, cont +), (fixed: bin -, int -, cont -)
   (0.0s) no symmetry present (symcode time: 0.00)
presolving (9 rounds: 9 fast, 6 medium, 4 exhaustive):
 92 deleted vars, 14 deleted constraints, 0 added constraints, 0 tightened bounds, 0 added holes, 7 changed sides, 41 changed coefficients
 0 implications, 182 cliques
presolved problem has 408 variables (408 bin, 0 int, 0 impl, 0 cont) and 170 constraints
    170 constraints of type <setppc>
Presolving Time: 0.03

 time | node  | left  |LP iter|LP it/n|mem/heur|mdpt |vars |cons |rows |cuts |sepa|confs|strbr|  dualbound   | primalbound  |  gap   | compl. 
  0.1s|     1 |     0 |  1138 |     - |  5207k |   0 | 408 | 170 | 170 |   0 |  0 |   0 |   0 | 7.484393e+03 |      --      |    Inf | unknown
d 0.1s|     1 |     0 |  1138 |     - |coefdivi|   0 | 408 | 170 | 170 |   0 |  1 |   0 |   0 | 7.484393e+03 | 3.242243e+03 | 130.84%| unknown
d 0.1s|     1 |     0 |  1273 |     - |coefdivi|   0 | 408 | 170 | 170 |   0 |  1 |   0 |   0 | 7.484393e+03 | 4.711007e+03 |  58.87%| unknown
d 0.1s|     1 |     0 |  1302 |     - |coefdivi|   0 | 408 | 170 | 170 |   0 |  1 |   0 |   0 | 7.484393e+03 | 6.715258e+03 |  11.45%| unknown
  0.1s|     1 |     0 |  1302 |     - |  5314k |   0 | 408 | 170 | 170 |   0 |  1 |   0 |   0 | 7.484393e+03 | 6.715258e+03 |  11.45%| unknown
  0.3s|     1 |     2 |  1302 |     - |  5402k |   0 | 408 | 170 | 170 |   0 |  2 |   0 |  19 | 7.427825e+03 | 6.715258e+03 |  10.61%| unknown

SCIP Status        : solving was interrupted [node limit reached]
Solving Time (sec) : 0.26
Solving Nodes      : 1
Primal Bound       : +6.71525833480520e+03 (21 solutions)
Dual Bound         : +7.42782453842659e+03
Gap                : 10.61 %
