presolving:
(round 1, fast)       1 del vars, 2 del conss, 0 add conss, 0 chg bounds, 0 chg sides, 0 chg coeffs, 0 upgd conss, 0 impls, 185 clqs
   (0.0s) running MILP presolver
   (0.0s) MILP presolver (2 rounds): 0 aggregations, 26 fixings, 0 bound changes
(round 2, medium)     27 del vars, 2 del conss, 0 add conss, 0 chg bounds, 0 chg sides, 0 chg coeffs, 0 upgd conss, 0 impls, 185 clqs
(round 3, exhaustive) 27 del vars, 9 del conss, 0 add conss, 0 chg bounds, 7 chg sides, 0 chg coeffs, 0 upgd conss, 0 impls, 185 clqs
(round 4, exhaustive) 27 del vars, 9 del conss, 0 add conss, 0 chg bounds, 7 chg sides, 0 chg coeffs, 178 upgd conss, 0 impls, 185 clqs
(round 5, medium)     65 del vars, 9 del conss, 0 add conss, 0 chg bounds, 7 chg sides, 38 chg coeffs, 178 upgd conss, 0 impls, 185 clqs
(round 6, fast)       91 del vars, 10 del conss, 0 add conss, 0 chg bounds, 7 chg sides, 38 chg coeffs, 178 upgd conss, 0 impls, 184 clqs
(round 7, exhaustive) 91 del vars, 17 del conss, 0 add conss, 0 chg bounds, 7 chg sides, 38 chg coeffs, 178 upgd conss, 0 impls, 184 clqs
   (0.0s) probing: 51/409 (12.5%) - 0 fixings, 0 aggregations, 0 implications, 0 bound changes
   (0.0s) probing aborted: 50/50 successive totally useless probings
   (0.0s) symmetry computation started: requiring (bin +, int +, cont +), (fixed: bin -, int -, cont -)
   (0.0s) no symmetry present (symcode time: 0.00)
presolving (8 rounds: 8 fast, 6 medium, 4 exhaustive):
 91 deleted vars, 17 deleted constraints, 0 added constraints, 0 tightened bounds, 0 added holes, 7 changed sides, 38 changed coefficients
 0 implications, 184 cliques
presolved problem has 409 variables (409 bin, 0 int, 0 impl, 0 cont) and 170 constraints
    170 constraints of type <setppc>
Presolving Time: 0.02

 time | node  | left  |LP iter|LP it/n|mem/heur|mdpt |vars |cons |rows |cuts |sepa|confs|strbr|  dualbound   | primalbound  |  gap   | compl. 
  0.1s|     1 |     0 |  1272 |     - |  5237k |   0 | 409 | 170 | 170 |   0 |  0 |   0 |   0 | 7.413428e+03 |      --      |    Inf | unknown
d 0.1s|     1 |     0 |  1272 |     - |coefdivi|   0 | 409 | 170 | 170 |   0 |  1 |   0 |   0 | 7.413428e+03 | 3.079500e+03 | 140.73%| unknown
d 0.1s|     1 |     0 |  1381 |     - |coefdivi|   0 | 409 | 170 | 170 |   0 |  1 |   0 |   0 | 7.413428e+03 | 3.961605e+03 |  87.13%| unknown
d 0.1s|     1 |     0 |  1408 |     - |coefdivi|   0 | 409 | 170 | 170 |   0 |  1 |   0 |   0 | 7.413428e+03 | 6.894596e+03 |   7.53%| unknown
  0.1s|     1 |     0 |  1408 |     - |  5352k |   0 | 409 | 170 | 170 |   0 |  1 |   0 |   0 | 7.413428e+03 | 6.894596e+03 |   7.53%| unknown
  0.3s|     1 |     2 |  1408 |     - |  5647k |   0 | 409 | 170 | 170 |   0 |  2 |   0 |  36 | 7.370993e+03 | 6.894596e+03 |   6.91%| unknown

SCIP Status        : solving was interrupted [node limit reached]
Solving Time (sec) : 0.26
Solving Nodes      : 1
Primal Bound       : +6.89459562676976e+03 (39 solutions)
Dual Bound         : +7.37099317612015e+03
Gap                : 6.91 %
