presolving:
(round 1, fast)       1 del vars, 3 del conss, 0 add conss, 0 chg bounds, 0 chg sides, 0 chg coeffs, 0 upgd conss, 0 impls, 184 clqs
(round 2, fast)       3 del vars, 3 del conss, 0 add conss, 0 chg bounds, 0 chg sides, 0 chg coeffs, 0 upgd conss, 0 impls, 184 clqs
   (0.0s) running MILP presolver
   (0.0s) MILP presolver (2 rounds): 0 aggregations, 18 fixings, 0 bound changes
(round 3, medium)     21 del vars, 3 del conss, 0 add conss, 0 chg bounds, 0 chg sides, 0 chg coeffs, 0 upgd conss, 0 impls, 184 clqs
(round 4, exhaustive) 21 del vars, 9 del conss, 0 add conss, 0 chg bounds, 6 chg sides, 0 chg coeffs, 0 upgd conss, 0 impls, 184 clqs
(round 5, exhaustive) 21 del vars, 9 del conss, 0 add conss, 0 chg bounds, 6 chg sides, 0 chg coeffs, 178 upgd conss, 0 impls, 184 clqs
(round 6, medium)     56 del vars, 9 del conss, 0 add conss, 0 chg bounds, 6 chg sides, 35 chg coeffs, 178 upgd conss, 0 impls, 184 clqs
(round 7, fast)       69 del vars, 9 del conss, 0 add conss, 0 chg bounds, 6 chg sides, 35 chg coeffs, 178 upgd conss, 0 impls, 183 clqs
(round 8, exhaustive) 69 del vars, 15 del conss, 0 add conss, 0 chg bounds, 6 chg sides, 35 chg coeffs, 178 upgd conss, 0 impls, 183 clqs
   (0.0s) probing: 51/431 (11.8%) - 0 fixings, 0 aggregations, 0 implications, 0 bound changes
   (0.0s) probing aborted: 50/50 successive totally useless probings
   (0.0s) symmetry computation started: requiring (bin +, int +, cont +), (fixed: bin -, int -, cont -)
   (0.0s) no symmetry present (symcode time: 0.00)
presolving (9 rounds: 9 fast, 6 medium, 4 exhaustive):
 69 deleted vars, 15 deleted constraints, 0 added constraints, 0 tightened bounds, 0 added holes, 6 changed sides, 35 changed coefficients
 0 implications, 183 cliques
presolved problem has 431 variables (431 bin, 0 int, 0 impl, 0 cont) and 172 constraints
    172 constraints of type <setppc>
Presolving Time: 0.02

 time | node  | left  |LP iter|LP it/n|mem/heur|mdpt |vars |cons |rows |cuts |sepa|confs|strbr|  dualbound   | primalbound  |  gap   | compl. 
  0.1s|     1 |     0 |  1958 |     - |  5383k |   0 | 431 | 172 | 172 |   0 |  0 |   0 |   0 | 7.516052e+03 |      --      |    Inf | unknown
d 0.1s|     1 |     0 |  1958 |     - |coefdivi|   0 | 431 | 172 | 172 |   0 |  1 |   0 |   0 | 7.516052e+03 | 2.469362e+03 | 204.37%| unknown
d 0.1s|     1 |     0 |  2130 |     - |coefdivi|   0 | 431 | 172 | 172 |   0 |  1 |   0 |   0 | 7.516052e+03 | 3.400704e+03 | 121.01%| unknown
d 0.1s|     1 |     0 |  2166 |     - |coefdivi|   0 | 431 | 172 | 172 |   0 |  1 |   0 |   0 | 7.516052e+03 | 5.796231e+03 |  29.67%| unknown
d 0.1s|     1 |     0 |  2178 |     - |coefdivi|   0 | 431 | 172 | 172 |   0 |  1 |   0 |   0 | 7.516052e+03 | 6.695717e+03 |  12.25%| unknown
  0.1s|     1 |     0 |  2178 |     - |  5500k |   0 | 431 | 172 | 172 |   0 |  1 |   0 |   0 | 7.516052e+03 | 6.695717e+03 |  12.25%| unknown
  0.2s|     1 |     2 |  2178 |     - |  5692k |   0 | 431 | 172 | 172 |   0 |  2 |   0 |  30 | 7.485193e+03 | 6.695717e+03 |  11.79%| unknown

SCIP Status        : solving was interrupted [node limit reached]
Solving Time (sec) : 0.22
Solving Nodes      : 1
Primal Bound       : +6.69571678273917e+03 (40 solutions)
Dual Bound         : +7.48519325680070e+03
Gap                : 11.79 %
