presolving:
   (0.0s) running MILP presolver
   (0.0s) MILP presolver (2 rounds): 0 aggregations, 8 fixings, 0 bound changes
(round 1, medium)     8 del vars, 0 del conss, 0 add conss, 0 chg bounds, 0 chg sides, 0 chg coeffs, 0 upgd conss, 0 impls, 194 clqs
(round 2, exhaustive) 8 del vars, 1 del conss, 0 add conss, 0 chg bounds, 1 chg sides, 0 chg coeffs, 0 upgd conss, 0 impls, 194 clqs
(round 3, exhaustive) 8 del vars, 1 del conss, 0 add conss, 0 chg bounds, 1 chg sides, 0 chg coeffs, 193 upgd conss, 0 impls, 194 clqs
(round 4, medium)     41 del vars, 1 del conss, 0 add conss, 0 chg bounds, 1 chg sides, 33 chg coeffs, 193 upgd conss, 0 impls, 194 clqs
(round 5, fast)       49 del vars, 1 del conss, 0 add conss, 0 chg bounds, 1 chg sides, 33 chg coeffs, 193 upgd conss, 0 impls, 194 clqs
(round 6, exhaustive) 49 del vars, 4 del conss, 0 add conss, 0 chg bounds, 1 chg sides, 33 chg coeffs, 193 upgd conss, 0 impls, 194 clqs
   (0.0s) probing: 51/451 (11.3%) - 0 fixings, 0 aggregations, 0 implications, 0 bound changes
   (0.0s) probing aborted: 50/50 successive totally useless probings
   (0.0s) symmetry computation started: requiring (bin +, int +, cont +), (fixed: bin -, int -, cont -)
   (0.0s) no symmetry present (symcode time: 0.00)
presolving (7 rounds: 7 fast, 6 medium, 4 exhaustive):
 49 deleted vars, 4 deleted constraints, 0 added constraints, 0 tightened bounds, 0 added holes, 1 changed sides, 33 changed coefficients
 0 implications, 194 cliques
presolved problem has 451 variables (451 bin, 0 int, 0 impl, 0 cont) and 190 constraints
    190 constraints of type <setppc>
Presolving Time: 0.02

 time | node  | left  |LP iter|LP it/n|mem/heur|mdpt |vars |cons |rows |cuts |sepa|confs|strbr|  dualbound   | primalbound  |  gap   | compl. 
  0.1s|     1 |     0 |  1312 |     - |  5566k |   0 | 451 | 190 | 190 |   0 |  0 |   0 |   0 | 7.677064e+03 |      --      |    Inf | unknown
d 0.1s|     1 |     0 |  1312 |     - |coefdivi|   0 | 451 | 190 | 190 |   0 |  1 |   0 |   0 | 7.677064e+03 | 2.439913e+03 | 214.64%| unknown
d 0.1s|     1 |     0 |  1569 |     - |coefdivi|   0 | 451 | 190 | 190 |   0 |  1 |   0 |   0 | 7.677064e+03 | 3.361652e+03 | 128.37%| unknown
d 0.1s|     1 |     0 |  1648 |     - |coefdivi|   0 | 451 | 190 | 190 |   0 |  1 |   0 |   0 | 7.677064e+03 | 5.765868e+03 |  33.15%| unknown
d 0.1s|     1 |     0 |  1653 |     - |coefdivi|   0 | 451 | 190 | 190 |   0 |  1 |   0 |   0 | 7.677064e+03 | 6.917303e+03 |  10.98%| unknown
  0.1s|     1 |     0 |  1653 |     - |  5678k |   0 | 451 | 190 | 190 |   0 |  1 |   0 |   0 | 7.677064e+03 | 6.917303e+03 |  10.98%| unknown
  0.3s|     1 |     2 |  1653 |     - |  5874k |   0 | 451 | 190 | 190 |   0 |  2 |   0 |  39 | 7.617306e+03 | 6.917303e+03 |  10.12%| unknown

SCIP Status        : solving was interrupted [node limit reached]
Solving Time (sec) : 0.29
Solving Nodes      : 1
Primal Bound       : +6.91730343670630e+03 (45 solutions)
Dual Bound         : +7.61730605268110e+03
Gap                : 10.12 %
