presolving:
(round 1, fast)       0 del vars, 1 del conss, 0 add conss, 0 chg bounds, 0 chg sides, 0 chg coeffs, 0 upgd conss, 0 impls, 193 clqs
   (0.0s) running MILP presolver
   (0.0s) MILP presolver (2 rounds): 0 aggregations, 9 fixings, 0 bound changes
(round 2, medium)     9 del vars, 1 del conss, 0 add conss, 0 chg bounds, 0 chg sides, 0 chg coeffs, 0 upgd conss, 0 impls, 193 clqs
(round 3, exhaustive) 9 del vars, 4 del conss, 0 add conss, 0 chg bounds, 3 chg sides, 0 chg coeffs, 0 upgd conss, 0 impls, 193 clqs
(round 4, exhaustive) 9 del vars, 4 del conss, 0 add conss, 0 chg bounds, 3 chg sides, 0 chg coeffs, 190 upgd conss, 0 impls, 193 clqs
(round 5, medium)     46 del vars, 4 del conss, 0 add conss, 0 chg bounds, 3 chg sides, 37 chg coeffs, 190 upgd conss, 0 impls, 193 clqs
(round 6, fast)       55 del vars, 4 del conss, 0 add conss, 0 chg bounds, 3 chg sides, 37 chg coeffs, 190 upgd conss, 0 impls, 193 clqs
(round 7, exhaustive) 55 del vars, 8 del conss, 0 add conss, 0 chg bounds, 3 chg sides, 37 chg coeffs, 190 upgd conss, 0 impls, 193 clqs
(round 8, exhaustive) 56 del vars, 8 del conss, 0 add conss, 0 chg bounds, 3 chg sides, 37 chg coeffs, 190 upgd conss, 0 impls, 192 clqs
   (0.0s) probing: 51/444 (11.5%) - 0 fixings, 0 aggregations, 0 implications, 0 bound changes
   (0.0s) probing aborted: 50/50 successive totally useless probings
   (0.0s) symmetry computation started: requiring (bin +, int +, cont +), (fixed: bin -, int -, cont -)
   (0.0s) no symmetry present (symcode time: 0.00)
presolving (9 rounds: 9 fast, 7 medium, 5 exhaustive):
 56 deleted vars, 8 deleted constraints, 0 added constraints, 0 tightened bounds, 0 added holes, 3 changed sides, 37 changed coefficients
 0 implications, 192 cliques
presolved problem has 444 variables (444 bin, 0 int, 0 impl, 0 cont) and 186 constraints
    186 constraints of type <setppc>
Presolving Time: 0.02

 time | node  | left  |LP iter|LP it/n|mem/heur|mdpt |vars |cons |rows |cuts |sepa|confs|strbr|  dualbound   | primalbound  |  gap   | compl. 
  0.1s|     1 |     0 |  1410 |     - |  5589k |   0 | 444 | 186 | 186 |   0 |  0 |   0 |   0 | 7.418600e+03 |      --      |    Inf | unknown
d 0.1s|     1 |     0 |  1410 |     - |coefdivi|   0 | 444 | 186 | 186 |   0 |  1 |   0 |   0 | 7.418600e+03 | 2.442207e+03 | 203.77%| unknown
d 0.1s|     1 |     0 |  1532 |     - |coefdivi|   0 | 444 | 186 | 186 |   0 |  1 |   0 |   0 | 7.418600e+03 | 3.199365e+03 | 131.88%| unknown
d 0.1s|     1 |     0 |  1595 |     - |coefdivi|   0 | 444 | 186 | 186 |   0 |  1 |   0 |   0 | 7.418600e+03 | 5.340398e+03 |  38.91%| unknown
d 0.1s|     1 |     0 |  1606 |     - |coefdivi|   0 | 444 | 186 | 186 |   0 |  1 |   0 |   0 | 7.418600e+03 | 6.650045e+03 |  11.56%| unknown
  0.1s|     1 |     0 |  1606 |     - |  5716k |   0 | 444 | 186 | 186 |   0 |  1 |   0 |   0 | 7.418600e+03 | 6.650045e+03 |  11.56%| unknown
  0.3s|     1 |     2 |  1606 |     - |  5881k |   0 | 444 | 186 | 186 |   0 |  2 |   0 |  33 | 7.387753e+03 | 6.650045e+03 |  11.09%| unknown

SCIP Status        : solving was interrupted [node limit reached]
Solving Time (sec) : 0.28
Solving Nodes      : 1
Primal Bound       : +6.65004500293245e+03 (37 solutions)
Dual Bound         : +7.38775300970349e+03
Gap                : 11.09 %
