presolving:
(round 1, fast)       0 del vars, 2 del conss, 0 add conss, 0 chg bounds, 0 chg sides, 0 chg coeffs, 0 upgd conss, 0 impls, 193 clqs
   (0.0s) running MILP presolver
   (0.0s) MILP presolver (2 rounds): 0 aggregations, 8 fixings, 0 bound changes
(round 2, medium)     8 del vars, 2 del conss, 0 add conss, 0 chg bounds, 0 chg sides, 0 chg coeffs, 0 upgd conss, 0 impls, 192 clqs
(round 3, fast)       8 del vars, 3 del conss, 0 add conss, 0 chg bounds, 0 chg sides, 0 chg coeffs, 0 upgd conss, 0 impls, 192 clqs
(round 4, exhaustive) 8 del vars, 4 del conss, 0 add conss, 0 chg bounds, 1 chg sides, 0 chg coeffs, 0 upgd conss, 0 impls, 192 clqs
(round 5, exhaustive) 8 del vars, 4 del conss, 0 add conss, 0 chg bounds, 1 chg sides, 0 chg coeffs, 191 upgd conss, 0 impls, 192 clqs
(round 6, medium)     38 del vars, 4 del conss, 0 add conss, 0 chg bounds, 1 chg sides, 30 chg coeffs, 191 upgd conss, 0 impls, 192 clqs
(round 7, fast)       44 del vars, 4 del conss, 0 add conss, 0 chg bounds, 1 chg sides, 30 chg coeffs, 191 upgd conss, 0 impls, 192 clqs
(round 8, exhaustive) 44 del vars, 5 del conss, 0 add conss, 0 chg bounds, 1 chg sides, 30 chg coeffs, 191 upgd conss, 0 impls, 192 clqs
   (0.0s) probing: 51/456 (11.2%) - 0 fixings, 0 aggregations, 0 implications, 0 bound changes
   (0.0s) probing aborted: 50/50 successive totally useless probings
   (0.0s) symmetry computation started: requiring (bin +, int +, cont +), (fixed: bin -, int -, cont -)
   (0.0s) no symmetry present (symcode time: 0.00)
presolving (9 rounds: 9 fast, 6 medium, 4 exhaustive):
 44 deleted vars, 5 deleted constraints, 0 added constraints, 0 tightened bounds, 0 added holes, 1 changed sides, 30 changed coefficients
 0 implications, 192 cliques
presolved problem has 456 variables (456 bin, 0 int, 0 impl, 0 cont) and 190 constraints
    190 constraints of type <setppc>
Presolving Time: 0.02

 time | node  | left  |LP iter|LP it/n|mem/heur|mdpt |vars |cons |rows |cuts |sepa|confs|strbr|  dualbound   | primalbound  |  gap   | compl. 
  0.1s|     1 |     0 |  2444 |     - |  5553k |   0 | 456 | 190 | 190 |   0 |  0 |   0 |   0 | 7.604222e+03 |      --      |    Inf | unknown
d 0.1s|     1 |     0 |  2444 |     - |coefdivi|   0 | 456 | 190 | 190 |   0 |  1 |   0 |   0 | 7.604222e+03 | 2.227158e+03 | 241.43%| unknown
d 0.1s|     1 |     0 |  2603 |     - |coefdivi|   0 | 456 | 190 | 190 |   0 |  1 |   0 |   0 | 7.604222e+03 | 2.564143e+03 | 196.56%| unknown
d 0.1s|     1 |     0 |  2693 |     - |coefdivi|   0 | 456 | 190 | 190 |   0 |  1 |   0 |   0 | 7.604222e+03 | 3.329136e+03 | 128.41%| unknown
d 0.1s|     1 |     0 |  2754 |     - |coefdivi|   0 | 456 | 190 | 190 |   0 |  1 |   0 |   0 | 7.604222e+03 | 4.735801e+03 |  60.57%| unknown
d 0.1s|     1 |     0 |  2769 |     - |coefdivi|   0 | 456 | 190 | 190 |   0 |  1 |   0 |   0 | 7.604222e+03 | 6.554395e+03 |  16.02%| unknown
  0.1s|     1 |     0 |  2769 |     - |  5654k |   0 | 456 | 190 | 190 |   0 |  1 |   0 |   0 | 7.604222e+03 | 6.554395e+03 |  16.02%| unknown
  0.3s|     1 |     2 |  2769 |     - |  5876k |   0 | 456 | 190 | 190 |   0 |  2 |   0 |  33 | 7.573723e+03 | 6.554395e+03 |  15.55%| unknown

SCIP Status        : solving was interrupted [node limit reached]
Solving Time (sec) : 0.31
Solving Nodes      : 1
Primal Bound       : +6.55439464156192e+03 (42 solutions)
Dual Bound         : +7.57372313596120e+03
Gap                : 15.55 %
