presolving:
(round 1, fast)       0 del vars, 2 del conss, 0 add conss, 0 chg bounds, 0 chg sides, 0 chg coeffs, 0 upgd conss, 0 impls, 194 clqs
   (0.0s) running MILP presolver
   (0.0s) MILP presolver (2 rounds): 0 aggregations, 5 fixings, 0 bound changes
(round 2, medium)     5 del vars, 2 del conss, 0 add conss, 0 chg bounds, 0 chg sides, 0 chg coeffs, 0 upgd conss, 0 impls, 194 clqs
(round 3, exhaustive) 5 del vars, 4 del conss, 0 add conss, 0 chg bounds, 2 chg sides, 0 chg coeffs, 0 upgd conss, 0 impls, 194 clqs
(round 4, exhaustive) 5 del vars, 4 del conss, 0 add conss, 0 chg bounds, 2 chg sides, 0 chg coeffs, 192 upgd conss, 0 impls, 194 clqs
(round 5, medium)     36 del vars, 4 del conss, 0 add conss, 0 chg bounds, 2 chg sides, 31 chg coeffs, 192 upgd conss, 0 impls, 194 clqs
(round 6, fast)       47 del vars, 5 del conss, 0 add conss, 0 chg bounds, 2 chg sides, 31 chg coeffs, 192 upgd conss, 0 impls, 193 clqs
(round 7, exhaustive) 47 del vars, 9 del conss, 0 add conss, 0 chg bounds, 2 chg sides, 31 chg coeffs, 192 upgd conss, 0 impls, 193 clqs
   (0.0s) probing: 51/453 (11.3%) - 0 fixings, 0 aggregations, 0 implications, 0 bound changes
   (0.0s) probing aborted: 50/50 successive totally useless probings
   (0.0s) symmetry computation started: requiring (bin +, int +, cont +), (fixed: bin -, int -, cont -)
   (0.0s) no symmetry present (symcode time: 0.00)
presolving (8 rounds: 8 fast, 6 medium, 4 exhaustive):
 47 deleted vars, 9 deleted constraints, 0 added constraints, 0 tightened bounds, 0 added holes, 2 changed sides, 31 changed coefficients
 0 implications, 193 cliques
presolved problem has 453 variables (453 bin, 0 int, 0 impl, 0 cont) and 187 constraints
    187 constraints of type <setppc>
Presolving Time: 0.02

 time | node  | left  |LP iter|LP it/n|mem/heur|mdpt |vars |cons |rows |cuts |sepa|confs|strbr|  dualbound   | primalbound  |  gap   | compl. 
  0.1s|     1 |     0 |  1115 |     - |  5506k |   0 | 453 | 187 | 187 |   0 |  0 |   0 |   0 | 7.797656e+03 |      --      |    Inf | unknown
d 0.1s|     1 |     0 |  1115 |     - |coefdivi|   0 | 453 | 187 | 187 |   0 |  1 |   0 |   0 | 7.797656e+03 | 2.273358e+03 | 243.00%| unknown
d 0.1s|     1 |     0 |  1266 |     - |coefdivi|   0 | 453 | 187 | 187 |   0 |  1 |   0 |   0 | 7.797656e+03 | 3.237165e+03 | 140.88%| unknown
d 0.1s|     1 |     0 |  1326 |     - |coefdivi|   0 | 453 | 187 | 187 |   0 |  1 |   0 |   0 | 7.797656e+03 | 3.781487e+03 | 106.21%| unknown
d 0.1s|     1 |     0 |  1350 |     - |coefdivi|   0 | 453 | 187 | 187 |   0 |  1 |   0 |   0 | 7.797656e+03 | 5.234117e+03 |  48.98%| unknown
d 0.1s|     1 |     0 |  1359 |     - |coefdivi|   0 | 453 | 187 | 187 |   0 |  1 |   0 |   0 | 7.797656e+03 | 6.738170e+03 |  15.72%| unknown
  0.1s|     1 |     0 |  1359 |     - |  5608k |   0 | 453 | 187 | 187 |   0 |  1 |   0 |   0 | 7.797656e+03 | 6.738170e+03 |  15.72%| unknown
  0.2s|     1 |     2 |  1359 |     - |  5755k |   0 | 453 | 187 | 187 |   0 |  2 |   0 |  27 | 7.727275e+03 | 6.738170e+03 |  14.68%| unknown

SCIP Status        : solving was interrupted [node limit reached]
Solving Time (sec) : 0.23
Solving Nodes      : 1
Primal Bound       : +6.73817016530149e+03 (31 solutions)
Dual Bound         : +7.72727519333719e+03
Gap                : 14.68 %
