presolving:
(round 1, fast)       1 del vars, 2 del conss, 0 add conss, 0 chg bounds, 0 chg sides, 0 chg coeffs, 0 upgd conss, 0 impls, 190 clqs
(round 2, fast)       2 del vars, 2 del conss, 0 add conss, 0 chg bounds, 0 chg sides, 0 chg coeffs, 0 upgd conss, 0 impls, 190 clqs
   (0.0s) running MILP presolver
   (0.0s) MILP presolver (2 rounds): 0 aggregations, 19 fixings, 0 bound changes
(round 3, medium)     21 del vars, 2 del conss, 0 add conss, 0 chg bounds, 0 chg sides, 0 chg coeffs, 0 upgd conss, 0 impls, 190 clqs
(round 4, fast)       22 del vars, 3 del conss, 0 add conss, 0 chg bounds, 0 chg sides, 0 chg coeffs, 0 upgd conss, 0 impls, 189 clqs
(round 5, exhaustive) 22 del vars, 10 del conss, 0 add conss, 0 chg bounds, 7 chg sides, 0 chg coeffs, 0 upgd conss, 0 impls, 189 clqs
(round 6, exhaustive) 22 del vars, 10 del conss, 0 add conss, 0 chg bounds, 7 chg sides, 0 chg coeffs, 182 upgd conss, 0 impls, 189 clqs
(round 7, medium)     72 del vars, 10 del conss, 0 add conss, 0 chg bounds, 7 chg sides, 50 chg coeffs, 182 upgd conss, 0 impls, 189 clqs
(round 8, fast)       114 del vars, 14 del conss, 0 add conss, 0 chg bounds, 7 chg sides, 50 chg coeffs, 182 upgd conss, 0 impls, 184 clqs
   (0.0s) running MILP presolver
   (0.0s) MILP presolver (2 rounds): 0 aggregations, 2 fixings, 0 bound changes
(round 9, medium)     116 del vars, 14 del conss, 0 add conss, 0 chg bounds, 7 chg sides, 50 chg coeffs, 182 upgd conss, 0 impls, 184 clqs
(round 10, exhaustive) 116 del vars, 23 del conss, 0 add conss, 0 chg bounds, 7 chg sides, 50 chg coeffs, 182 upgd conss, 0 impls, 184 clqs
(round 11, exhaustive) 117 del vars, 23 del conss, 0 add conss, 0 chg bounds, 7 chg sides, 50 chg coeffs, 182 upgd conss, 0 impls, 184 clqs
   (0.0s) probing: 51/383 (13.3%) - 0 fixings, 0 aggregations, 0 implications, 0 bound changes
   (0.0s) probing aborted: 50/50 successive totally useless probings
   (0.0s) symmetry computation started: requiring (bin +, int +, cont +), (fixed: bin -, int -, cont -)
   (0.0s) no symmetry present (symcode time: 0.00)
presolving (12 rounds: 12 fast, 8 medium, 5 exhaustive):
 117 deleted vars, 23 deleted constraints, 0 added constraints, 0 tightened bounds, 0 added holes, 7 changed sides, 50 changed coefficients
 0 implications, 184 cliques
presolved problem has 383 variables (383 bin, 0 int, 0 impl, 0 cont) and 169 constraints
    169 constraints of type <setppc>
Presolving Time: 0.03

 time | node  | left  |LP iter|LP it/n|mem/heur|mdpt |vars |cons |rows |cuts |sepa|confs|strbr|  dualbound   | primalbound  |  gap   | compl. 
  0.1s|     1 |     0 |  1276 |     - |  4985k |   0 | 383 | 169 | 169 |   0 |  0 |   0 |   0 | 7.895853e+03 |      --      |    Inf | unknown
d 0.1s|     1 |     0 |  1276 |     - |coefdivi|   0 | 383 | 169 | 169 |   0 |  1 |   0 |   0 | 7.895853e+03 | 4.010293e+03 |  96.89%| unknown
d 0.1s|     1 |     0 |  1372 |     - |coefdivi|   0 | 383 | 169 | 169 |   0 |  1 |   0 |   0 | 7.895853e+03 | 4.414827e+03 |  78.85%| unknown
d 0.1s|     1 |     0 |  1408 |     - |coefdivi|   0 | 383 | 169 | 169 |   0 |  1 |   0 |   0 | 7.895853e+03 | 4.917643e+03 |  60.56%| unknown
d 0.1s|     1 |     0 |  1441 |     - |coefdivi|   0 | 383 | 169 | 169 |   0 |  1 |   0 |   0 | 7.895853e+03 | 7.438990e+03 |   6.14%| unknown
  0.1s|     1 |     0 |  1441 |     - |  5088k |   0 | 383 | 169 | 169 |   0 |  1 |   0 |   0 | 7.895853e+03 | 7.438990e+03 |   6.14%| unknown
  0.1s|     1 |     2 |  1441 |     - |  5212k |   0 | 383 | 169 | 169 |   0 |  2 |   0 |  20 | 7.860048e+03 | 7.438990e+03 |   5.66%| unknown

SCIP Status        : solving was interrupted [node limit reached]
Solving Time (sec) : 0.15
Solving Nodes      : 1
Primal Bound       : +7.43898987532041e+03 (26 solutions)
Dual Bound         : +7.86004772723123e+03
Gap                : 5.66 %
