presolving:
   (0.0s) running MILP presolver
   (0.0s) MILP presolver (2 rounds): 0 aggregations, 16 fixings, 0 bound changes
(round 1, medium)     16 del vars, 0 del conss, 0 add conss, 0 chg bounds, 0 chg sides, 0 chg coeffs, 0 upgd conss, 0 impls, 186 clqs
(round 2, fast)       16 del vars, 2 del conss, 0 add conss, 0 chg bounds, 0 chg sides, 0 chg coeffs, 0 upgd conss, 0 impls, 186 clqs
(round 3, exhaustive) 16 del vars, 3 del conss, 0 add conss, 0 chg bounds, 1 chg sides, 0 chg coeffs, 0 upgd conss, 0 impls, 186 clqs
(round 4, exhaustive) 16 del vars, 3 del conss, 0 add conss, 0 chg bounds, 1 chg sides, 0 chg coeffs, 185 upgd conss, 0 impls, 186 clqs
(round 5, medium)     54 del vars, 3 del conss, 0 add conss, 0 chg bounds, 1 chg sides, 38 chg coeffs, 185 upgd conss, 0 impls, 186 clqs
(round 6, fast)       63 del vars, 3 del conss, 0 add conss, 0 chg bounds, 1 chg sides, 38 chg coeffs, 185 upgd conss, 0 impls, 186 clqs
(round 7, exhaustive) 63 del vars, 5 del conss, 0 add conss, 0 chg bounds, 1 chg sides, 38 chg coeffs, 185 upgd conss, 0 impls, 186 clqs
   (0.0s) probing: 51/437 (11.7%) - 0 fixings, 0 aggregations, 0 implications, 0 bound changes
   (0.0s) probing aborted: 50/50 successive totally useless probings
   (0.0s) symmetry computation started: requiring (bin +, int +, cont +), (fixed: bin -, int -, cont -)
   (0.0s) no symmetry present (symcode time: 0.00)
presolving (8 rounds: 8 fast, 6 medium, 4 exhaustive):
 63 deleted vars, 5 deleted constraints, 0 added constraints, 0 tightened bounds, 0 added holes, 1 changed sides, 38 changed coefficients
 0 implications, 186 cliques
presolved problem has 437 variables (437 bin, 0 int, 0 impl, 0 cont) and 183 constraints
    183 constraints of type <setppc>
Presolving Time: 0.03

 time | node  | left  |LP iter|LP it/n|mem/heur|mdpt |vars |cons |rows |cuts |sepa|confs|strbr|  dualbound   | primalbound  |  gap   | compl. 
  0.1s|     1 |     0 |  1473 |     - |  5635k |   0 | 437 | 183 | 183 |   0 |  0 |   0 |   0 | 7.766415e+03 |      --      |    Inf | unknown
d 0.1s|     1 |     0 |  1473 |     - |coefdivi|   0 | 437 | 183 | 183 |   0 |  1 |   0 |   0 | 7.766415e+03 | 2.841997e+03 | 173.27%| unknown
d 0.1s|     1 |     0 |  1672 |     - |coefdivi|   0 | 437 | 183 | 183 |   0 |  1 |   0 |   0 | 7.766415e+03 | 3.617510e+03 | 114.69%| unknown
d 0.1s|     1 |     0 |  1702 |     - |coefdivi|   0 | 437 | 183 | 183 |   0 |  1 |   0 |   0 | 7.766415e+03 | 6.775696e+03 |  14.62%| unknown
  0.1s|     1 |     0 |  1702 |     - |  5739k |   0 | 437 | 183 | 183 |   0 |  1 |   0 |   0 | 7.766415e+03 | 6.775696e+03 |  14.62%| unknown
  0.3s|     1 |     2 |  1702 |     - |  5915k |   0 | 437 | 183 | 183 |   0 |  2 |   0 |  26 | 7.694185e+03 | 6.775696e+03 |  13.56%| unknown

SCIP Status        : solving was interrupted [node limit reached]
Solving Time (sec) : 0.33
Solving Nodes      : 1
Primal Bound       : +6.77569598343176e+03 (31 solutions)
Dual Bound         : +7.69418530657990e+03
Gap                : 13.56 %
