presolving:
(round 1, fast)       0 del vars, 1 del conss, 0 add conss, 0 chg bounds, 0 chg sides, 0 chg coeffs, 0 upgd conss, 0 impls, 198 clqs
   (0.0s) running MILP presolver
   (0.0s) MILP presolver (2 rounds): 0 aggregations, 6 fixings, 0 bound changes
(round 2, medium)     6 del vars, 1 del conss, 0 add conss, 0 chg bounds, 0 chg sides, 0 chg coeffs, 0 upgd conss, 0 impls, 198 clqs
(round 3, exhaustive) 6 del vars, 2 del conss, 0 add conss, 0 chg bounds, 1 chg sides, 0 chg coeffs, 0 upgd conss, 0 impls, 198 clqs
(round 4, exhaustive) 6 del vars, 2 del conss, 0 add conss, 0 chg bounds, 1 chg sides, 0 chg coeffs, 197 upgd conss, 0 impls, 198 clqs
(round 5, medium)     35 del vars, 2 del conss, 0 add conss, 0 chg bounds, 1 chg sides, 29 chg coeffs, 197 upgd conss, 0 impls, 198 clqs
(round 6, fast)       42 del vars, 3 del conss, 0 add conss, 0 chg bounds, 1 chg sides, 29 chg coeffs, 197 upgd conss, 0 impls, 197 clqs
(round 7, exhaustive) 42 del vars, 4 del conss, 0 add conss, 0 chg bounds, 1 chg sides, 29 chg coeffs, 197 upgd conss, 0 impls, 197 clqs
   (0.0s) probing: 51/458 (11.1%) - 0 fixings, 0 aggregations, 0 implications, 0 bound changes
   (0.0s) probing aborted: 50/50 successive totally useless probings
   (0.0s) symmetry computation started: requiring (bin +, int +, cont +), (fixed: bin -, int -, cont -)
   (0.0s) no symmetry present (symcode time: 0.00)
presolving (8 rounds: 8 fast, 6 medium, 4 exhaustive):
 42 deleted vars, 4 deleted constraints, 0 added constraints, 0 tightened bounds, 0 added holes, 1 changed sides, 29 changed coefficients
 0 implications, 197 cliques
presolved problem has 458 variables (458 bin, 0 int, 0 impl, 0 cont) and 195 constraints
    195 constraints of type <setppc>
Presolving Time: 0.02

 time | node  | left  |LP iter|LP it/n|mem/heur|mdpt |vars |cons |rows |cuts |sepa|confs|strbr|  dualbound   | primalbound  |  gap   | compl. 
  0.1s|     1 |     0 |  1460 |     - |  5442k |   0 | 458 | 195 | 195 |   0 |  0 |   0 |   0 | 8.133766e+03 |      --      |    Inf | unknown
d 0.1s|     1 |     0 |  1460 |     - |coefdivi|   0 | 458 | 195 | 195 |   0 |  1 |   0 |   0 | 8.133766e+03 | 2.278187e+03 | 257.03%| unknown
d 0.1s|     1 |     0 |  1540 |     - |coefdivi|   0 | 458 | 195 | 195 |   0 |  1 |   0 |   0 | 8.133766e+03 | 3.279392e+03 | 148.03%| unknown
d 0.1s|     1 |     0 |  1595 |     - |coefdivi|   0 | 458 | 195 | 195 |   0 |  1 |   0 |   0 | 8.133766e+03 | 4.531933e+03 |  79.48%| unknown
d 0.1s|     1 |     0 |  1609 |     - |coefdivi|   0 | 458 | 195 | 195 |   0 |  1 |   0 |   0 | 8.133766e+03 | 7.577737e+03 |   7.34%| unknown
  0.1s|     1 |     0 |  1609 |     - |  5575k |   0 | 458 | 195 | 195 |   0 |  1 |   0 |   0 | 8.133766e+03 | 7.577737e+03 |   7.34%| unknown
  0.1s|     1 |     0 |  1609 |     - |  5575k |   0 | 458 | 195 | 195 |   0 |  1 |   0 |   0 | 8.133766e+03 | 7.577737e+03 |   7.34%| unknown
  0.2s|     1 |     2 |  1609 |     - |  5812k |   0 | 458 | 195 | 195 |   0 |  2 |   0 |  22 | 8.105897e+03 | 7.577737e+03 |   6.97%| unknown

SCIP Status        : solving was interrupted [node limit reached]
Solving Time (sec) : 0.18
Solving Nodes      : 1
Primal Bound       : +7.57773723487710e+03 (30 solutions)
Dual Bound         : +8.10589703624754e+03
Gap                : 6.97 %
