presolving:
(round 1, fast)       1 del vars, 3 del conss, 0 add conss, 0 chg bounds, 0 chg sides, 0 chg coeffs, 0 upgd conss, 0 impls, 194 clqs
(round 2, fast)       2 del vars, 3 del conss, 0 add conss, 0 chg bounds, 0 chg sides, 0 chg coeffs, 0 upgd conss, 0 impls, 194 clqs
   (0.0s) running MILP presolver
   (0.0s) MILP presolver (2 rounds): 0 aggregations, 12 fixings, 0 bound changes
(round 3, medium)     14 del vars, 3 del conss, 0 add conss, 0 chg bounds, 0 chg sides, 0 chg coeffs, 0 upgd conss, 0 impls, 194 clqs
(round 4, exhaustive) 14 del vars, 5 del conss, 0 add conss, 0 chg bounds, 2 chg sides, 0 chg coeffs, 0 upgd conss, 0 impls, 194 clqs
(round 5, exhaustive) 14 del vars, 5 del conss, 0 add conss, 0 chg bounds, 2 chg sides, 0 chg coeffs, 192 upgd conss, 0 impls, 194 clqs
(round 6, medium)     48 del vars, 5 del conss, 0 add conss, 0 chg bounds, 2 chg sides, 34 chg coeffs, 192 upgd conss, 0 impls, 194 clqs
(round 7, fast)       66 del vars, 5 del conss, 0 add conss, 0 chg bounds, 2 chg sides, 34 chg coeffs, 192 upgd conss, 0 impls, 193 clqs
(round 8, exhaustive) 66 del vars, 10 del conss, 0 add conss, 0 chg bounds, 2 chg sides, 34 chg coeffs, 192 upgd conss, 0 impls, 193 clqs
   (0.0s) probing: 51/434 (11.8%) - 0 fixings, 0 aggregations, 0 implications, 0 bound changes
   (0.0s) probing aborted: 50/50 successive totally useless probings
   (0.0s) symmetry computation started: requiring (bin +, int +, cont +), (fixed: bin -, int -, cont -)
   (0.0s) no symmetry present (symcode time: 0.00)
presolving (9 rounds: 9 fast, 6 medium, 4 exhaustive):
 66 deleted vars, 10 deleted constraints, 0 added constraints, 0 tightened bounds, 0 added holes, 2 changed sides, 34 changed coefficients
 0 implications, 193 cliques
presolved problem has 434 variables (434 bin, 0 int, 0 impl, 0 cont) and 187 constraints
    187 constraints of type <setppc>
Presolving Time: 0.02

 time | node  | left  |LP iter|LP it/n|mem/heur|mdpt |vars |cons |rows |cuts |sepa|confs|strbr|  dualbound   | primalbound  |  gap   | compl. 
  0.1s|     1 |     0 |  1098 |     - |  5519k |   0 | 434 | 187 | 187 |   0 |  0 |   0 |   0 | 7.711754e+03 |      --      |    Inf | unknown
d 0.1s|     1 |     0 |  1098 |     - |coefdivi|   0 | 434 | 187 | 187 |   0 |  1 |   0 |   0 | 7.711754e+03 | 3.254917e+03 | 136.93%| unknown
d 0.1s|     1 |     0 |  1236 |     - |coefdivi|   0 | 434 | 187 | 187 |   0 |  1 |   0 |   0 | 7.711754e+03 | 3.372258e+03 | 128.68%| unknown
d 0.1s|     1 |     0 |  1307 |     - |coefdivi|   0 | 434 | 187 | 187 |   0 |  1 |   0 |   0 | 7.711754e+03 | 4.882988e+03 |  57.93%| unknown
d 0.1s|     1 |     0 |  1329 |     - |coefdivi|   0 | 434 | 187 | 187 |   0 |  1 |   0 |   0 | 7.711754e+03 | 6.418302e+03 |  20.15%| unknown
  0.1s|     1 |     0 |  1329 |     - |  5632k |   0 | 434 | 187 | 187 |   0 |  1 |   0 |   0 | 7.711754e+03 | 6.418302e+03 |  20.15%| unknown
  0.2s|     1 |     2 |  1329 |     - |  5807k |   0 | 434 | 187 | 187 |   0 |  2 |   0 |  20 | 7.669098e+03 | 6.418302e+03 |  19.49%| unknown

SCIP Status        : solving was interrupted [node limit reached]
Solving Time (sec) : 0.22
Solving Nodes      : 1
Primal Bound       : +6.41830234614918e+03 (32 solutions)
Dual Bound         : +7.66909831746473e+03
Gap                : 19.49 %
