presolving:
(round 1, fast)       0 del vars, 2 del conss, 0 add conss, 0 chg bounds, 0 chg sides, 0 chg coeffs, 0 upgd conss, 0 impls, 189 clqs
   (0.0s) running MILP presolver
   (0.0s) MILP presolver (2 rounds): 0 aggregations, 14 fixings, 0 bound changes
(round 2, medium)     14 del vars, 2 del conss, 0 add conss, 0 chg bounds, 0 chg sides, 0 chg coeffs, 0 upgd conss, 0 impls, 189 clqs
(round 3, fast)       15 del vars, 3 del conss, 0 add conss, 0 chg bounds, 0 chg sides, 0 chg coeffs, 0 upgd conss, 0 impls, 188 clqs
(round 4, exhaustive) 15 del vars, 4 del conss, 0 add conss, 0 chg bounds, 1 chg sides, 0 chg coeffs, 0 upgd conss, 0 impls, 188 clqs
(round 5, exhaustive) 15 del vars, 4 del conss, 0 add conss, 0 chg bounds, 1 chg sides, 0 chg coeffs, 187 upgd conss, 0 impls, 188 clqs
(round 6, medium)     52 del vars, 4 del conss, 0 add conss, 0 chg bounds, 1 chg sides, 37 chg coeffs, 187 upgd conss, 0 impls, 188 clqs
(round 7, fast)       62 del vars, 4 del conss, 0 add conss, 0 chg bounds, 1 chg sides, 37 chg coeffs, 187 upgd conss, 0 impls, 188 clqs
(round 8, exhaustive) 62 del vars, 7 del conss, 0 add conss, 0 chg bounds, 1 chg sides, 37 chg coeffs, 187 upgd conss, 0 impls, 188 clqs
   (0.0s) probing: 51/438 (11.6%) - 0 fixings, 0 aggregations, 0 implications, 0 bound changes
   (0.0s) probing aborted: 50/50 successive totally useless probings
   (0.0s) symmetry computation started: requiring (bin +, int +, cont +), (fixed: bin -, int -, cont -)
   (0.0s) no symmetry present (symcode time: 0.00)
presolving (9 rounds: 9 fast, 6 medium, 4 exhaustive):
 62 deleted vars, 7 deleted constraints, 0 added constraints, 0 tightened bounds, 0 added holes, 1 changed sides, 37 changed coefficients
 0 implications, 188 cliques
presolved problem has 438 variables (438 bin, 0 int, 0 impl, 0 cont) and 184 constraints
    184 constraints of type <setppc>
Presolving Time: 0.02

 time | node  | left  |LP iter|LP it/n|mem/heur|mdpt |vars |cons |rows |cuts |sepa|confs|strbr|  dualbound   | primalbound  |  gap   | compl. 
  0.1s|     1 |     0 |  1851 |     - |  5529k |   0 | 438 | 184 | 184 |   0 |  0 |   0 |   0 | 7.767661e+03 |      --      |    Inf | unknown
d 0.1s|     1 |     0 |  1851 |     - |coefdivi|   0 | 438 | 184 | 184 |   0 |  1 |   0 |   0 | 7.767661e+03 | 2.684655e+03 | 189.34%| unknown
d 0.1s|     1 |     0 |  1991 |     - |coefdivi|   0 | 438 | 184 | 184 |   0 |  1 |   0 |   0 | 7.767661e+03 | 3.261080e+03 | 138.19%| unknown
d 0.1s|     1 |     0 |  2052 |     - |coefdivi|   0 | 438 | 184 | 184 |   0 |  1 |   0 |   0 | 7.767661e+03 | 4.287902e+03 |  81.15%| unknown
d 0.1s|     1 |     0 |  2085 |     - |coefdivi|   0 | 438 | 184 | 184 |   0 |  1 |   0 |   0 | 7.767661e+03 | 6.784673e+03 |  14.49%| unknown
  0.1s|     1 |     0 |  2085 |     - |  5649k |   0 | 438 | 184 | 184 |   0 |  1 |   0 |   0 | 7.767661e+03 | 6.784673e+03 |  14.49%| unknown
  0.4s|     1 |     2 |  2085 |     - |  5866k |   0 | 438 | 184 | 184 |   0 |  2 |   0 |  42 | 7.726493e+03 | 6.784673e+03 |  13.88%| unknown

SCIP Status        : solving was interrupted [node limit reached]
Solving Time (sec) : 0.38
Solving Nodes      : 1
Primal Bound       : +6.78467291323260e+03 (50 solutions)
Dual Bound         : +7.72649281040020e+03
Gap                : 13.88 %
