presolving:
(round 1, fast)       0 del vars, 1 del conss, 0 add conss, 0 chg bounds, 0 chg sides, 0 chg coeffs, 0 upgd conss, 0 impls, 187 clqs
   (0.0s) running MILP presolver
   (0.0s) MILP presolver (2 rounds): 0 aggregations, 18 fixings, 0 bound changes
(round 2, medium)     18 del vars, 1 del conss, 0 add conss, 0 chg bounds, 0 chg sides, 0 chg coeffs, 0 upgd conss, 0 impls, 187 clqs
(round 3, exhaustive) 18 del vars, 4 del conss, 0 add conss, 0 chg bounds, 3 chg sides, 0 chg coeffs, 0 upgd conss, 0 impls, 187 clqs
(round 4, exhaustive) 18 del vars, 4 del conss, 0 add conss, 0 chg bounds, 3 chg sides, 0 chg coeffs, 184 upgd conss, 0 impls, 187 clqs
(round 5, medium)     52 del vars, 4 del conss, 0 add conss, 0 chg bounds, 3 chg sides, 34 chg coeffs, 184 upgd conss, 0 impls, 187 clqs
(round 6, fast)       80 del vars, 5 del conss, 0 add conss, 0 chg bounds, 3 chg sides, 34 chg coeffs, 184 upgd conss, 0 impls, 186 clqs
(round 7, exhaustive) 80 del vars, 11 del conss, 0 add conss, 0 chg bounds, 3 chg sides, 34 chg coeffs, 184 upgd conss, 0 impls, 186 clqs
   (0.0s) probing: 51/420 (12.1%) - 0 fixings, 0 aggregations, 0 implications, 0 bound changes
   (0.0s) probing aborted: 50/50 successive totally useless probings
   (0.0s) symmetry computation started: requiring (bin +, int +, cont +), (fixed: bin -, int -, cont -)
   (0.0s) no symmetry present (symcode time: 0.00)
presolving (8 rounds: 8 fast, 6 medium, 4 exhaustive):
 80 deleted vars, 11 deleted constraints, 0 added constraints, 0 tightened bounds, 0 added holes, 3 changed sides, 34 changed coefficients
 0 implications, 186 cliques
presolved problem has 420 variables (420 bin, 0 int, 0 impl, 0 cont) and 177 constraints
    177 constraints of type <setppc>
Presolving Time: 0.04

 time | node  | left  |LP iter|LP it/n|mem/heur|mdpt |vars |cons |rows |cuts |sepa|confs|strbr|  dualbound   | primalbound  |  gap   | compl. 
  0.1s|     1 |     0 |  1205 |     - |  5373k |   0 | 420 | 177 | 177 |   0 |  0 |   0 |   0 | 7.237393e+03 |      --      |    Inf | unknown
d 0.1s|     1 |     0 |  1205 |     - |coefdivi|   0 | 420 | 177 | 177 |   0 |  1 |   0 |   0 | 7.237393e+03 | 2.493696e+03 | 190.23%| unknown
d 0.1s|     1 |     0 |  1299 |     - |coefdivi|   0 | 420 | 177 | 177 |   0 |  1 |   0 |   0 | 7.237393e+03 | 3.526561e+03 | 105.23%| unknown
d 0.1s|     1 |     0 |  1332 |     - |coefdivi|   0 | 420 | 177 | 177 |   0 |  1 |   0 |   0 | 7.237393e+03 | 3.925947e+03 |  84.35%| unknown
d 0.1s|     1 |     0 |  1347 |     - |coefdivi|   0 | 420 | 177 | 177 |   0 |  1 |   0 |   0 | 7.237393e+03 | 6.651048e+03 |   8.82%| unknown
  0.1s|     1 |     0 |  1347 |     - |  5495k |   0 | 420 | 177 | 177 |   0 |  1 |   0 |   0 | 7.237393e+03 | 6.651048e+03 |   8.82%| unknown
  0.3s|     1 |     2 |  1347 |     - |  5751k |   0 | 420 | 177 | 177 |   0 |  2 |   0 |  36 | 7.171993e+03 | 6.651048e+03 |   7.83%| unknown

SCIP Status        : solving was interrupted [node limit reached]
Solving Time (sec) : 0.33
Solving Nodes      : 1
Primal Bound       : +6.65104829135768e+03 (46 solutions)
Dual Bound         : +7.17199320905642e+03
Gap                : 7.83 %
