presolving:
(round 1, fast)       0 del vars, 1 del conss, 0 add conss, 0 chg bounds, 0 chg sides, 0 chg coeffs, 0 upgd conss, 0 impls, 192 clqs
   (0.0s) running MILP presolver
   (0.0s) MILP presolver (2 rounds): 0 aggregations, 13 fixings, 0 bound changes
(round 2, medium)     13 del vars, 1 del conss, 0 add conss, 0 chg bounds, 0 chg sides, 0 chg coeffs, 0 upgd conss, 0 impls, 192 clqs
(round 3, exhaustive) 13 del vars, 2 del conss, 0 add conss, 0 chg bounds, 1 chg sides, 0 chg coeffs, 0 upgd conss, 0 impls, 192 clqs
(round 4, exhaustive) 13 del vars, 2 del conss, 0 add conss, 0 chg bounds, 1 chg sides, 0 chg coeffs, 191 upgd conss, 0 impls, 192 clqs
(round 5, medium)     44 del vars, 2 del conss, 0 add conss, 0 chg bounds, 1 chg sides, 31 chg coeffs, 191 upgd conss, 0 impls, 192 clqs
(round 6, fast)       46 del vars, 2 del conss, 0 add conss, 0 chg bounds, 1 chg sides, 31 chg coeffs, 191 upgd conss, 0 impls, 192 clqs
(round 7, exhaustive) 46 del vars, 3 del conss, 0 add conss, 0 chg bounds, 1 chg sides, 31 chg coeffs, 191 upgd conss, 0 impls, 192 clqs
   (0.0s) probing: 51/454 (11.2%) - 0 fixings, 0 aggregations, 0 implications, 0 bound changes
   (0.0s) probing aborted: 50/50 successive totally useless probings
   (0.0s) symmetry computation started: requiring (bin +, int +, cont +), (fixed: bin -, int -, cont -)
   (0.0s) no symmetry present (symcode time: 0.00)
presolving (8 rounds: 8 fast, 6 medium, 4 exhaustive):
 46 deleted vars, 3 deleted constraints, 0 added constraints, 0 tightened bounds, 0 added holes, 1 changed sides, 31 changed coefficients
 0 implications, 192 cliques
presolved problem has 454 variables (454 bin, 0 int, 0 impl, 0 cont) and 190 constraints
    190 constraints of type <setppc>
Presolving Time: 0.02

 time | node  | left  |LP iter|LP it/n|mem/heur|mdpt |vars |cons |rows |cuts |sepa|confs|strbr|  dualbound   | primalbound  |  gap   | compl. 
  0.1s|     1 |     0 |  1304 |     - |  5931k |   0 | 454 | 190 | 190 |   0 |  0 |   0 |   0 | 8.213457e+03 |      --      |    Inf | unknown
d 0.1s|     1 |     0 |  1304 |     - |coefdivi|   0 | 454 | 190 | 190 |   0 |  1 |   0 |   0 | 8.213457e+03 | 2.777403e+03 | 195.72%| unknown
d 0.1s|     1 |     0 |  1506 |     - |coefdivi|   0 | 454 | 190 | 190 |   0 |  1 |   0 |   0 | 8.213457e+03 | 3.552955e+03 | 131.17%| unknown
d 0.1s|     1 |     0 |  1589 |     - |coefdivi|   0 | 454 | 190 | 190 |   0 |  1 |   0 |   0 | 8.213457e+03 | 4.534515e+03 |  81.13%| unknown
d 0.1s|     1 |     0 |  1613 |     - |coefdivi|   0 | 454 | 190 | 190 |   0 |  1 |   0 |   0 | 8.213457e+03 | 7.019206e+03 |  17.01%| unknown
  0.1s|     1 |     0 |  1613 |     - |  6088k |   0 | 454 | 190 | 190 |   0 |  1 |   0 |   0 | 8.213457e+03 | 7.019206e+03 |  17.01%| unknown
  0.2s|     1 |     2 |  1613 |     - |  6238k |   0 | 454 | 190 | 190 |   0 |  2 |   0 |  28 | 8.161139e+03 | 7.019206e+03 |  16.27%| unknown

SCIP Status        : solving was interrupted [node limit reached]
Solving Time (sec) : 0.20
Solving Nodes      : 1
Primal Bound       : +7.01920627987449e+03 (33 solutions)
Dual Bound         : +8.16113914492470e+03
Gap                : 16.27 %
