presolving:
   (0.0s) running MILP presolver
   (0.0s) MILP presolver (2 rounds): 0 aggregations, 19 fixings, 0 bound changes
(round 1, medium)     19 del vars, 0 del conss, 0 add conss, 0 chg bounds, 0 chg sides, 0 chg coeffs, 0 upgd conss, 0 impls, 190 clqs
(round 2, fast)       19 del vars, 1 del conss, 0 add conss, 0 chg bounds, 0 chg sides, 0 chg coeffs, 0 upgd conss, 0 impls, 190 clqs
(round 3, exhaustive) 19 del vars, 6 del conss, 0 add conss, 0 chg bounds, 5 chg sides, 0 chg coeffs, 0 upgd conss, 0 impls, 190 clqs
(round 4, exhaustive) 19 del vars, 6 del conss, 0 add conss, 0 chg bounds, 5 chg sides, 0 chg coeffs, 185 upgd conss, 0 impls, 190 clqs
(round 5, medium)     58 del vars, 6 del conss, 0 add conss, 0 chg bounds, 5 chg sides, 39 chg coeffs, 185 upgd conss, 0 impls, 190 clqs
(round 6, fast)       81 del vars, 7 del conss, 0 add conss, 0 chg bounds, 5 chg sides, 39 chg coeffs, 185 upgd conss, 0 impls, 188 clqs
(round 7, exhaustive) 81 del vars, 13 del conss, 0 add conss, 0 chg bounds, 5 chg sides, 39 chg coeffs, 185 upgd conss, 0 impls, 188 clqs
   (0.0s) probing: 51/419 (12.2%) - 0 fixings, 0 aggregations, 0 implications, 0 bound changes
   (0.0s) probing aborted: 50/50 successive totally useless probings
   (0.0s) symmetry computation started: requiring (bin +, int +, cont +), (fixed: bin -, int -, cont -)
   (0.0s) no symmetry present (symcode time: 0.00)
presolving (8 rounds: 8 fast, 6 medium, 4 exhaustive):
 81 deleted vars, 13 deleted constraints, 0 added constraints, 0 tightened bounds, 0 added holes, 5 changed sides, 39 changed coefficients
 0 implications, 188 cliques
presolved problem has 419 variables (419 bin, 0 int, 0 impl, 0 cont) and 178 constraints
    178 constraints of type <setppc>
Presolving Time: 0.01

 time | node  | left  |LP iter|LP it/n|mem/heur|mdpt |vars |cons |rows |cuts |sepa|confs|strbr|  dualbound   | primalbound  |  gap   | compl. 
  0.1s|     1 |     0 |  1412 |     - |  5158k |   0 | 419 | 178 | 178 |   0 |  0 |   0 |   0 | 7.521280e+03 |      --      |    Inf | unknown
d 0.1s|     1 |     0 |  1412 |     - |coefdivi|   0 | 419 | 178 | 178 |   0 |  1 |   0 |   0 | 7.521280e+03 | 2.999110e+03 | 150.78%| unknown
d 0.1s|     1 |     0 |  1526 |     - |coefdivi|   0 | 419 | 178 | 178 |   0 |  1 |   0 |   0 | 7.521280e+03 | 3.661042e+03 | 105.44%| unknown
d 0.1s|     1 |     0 |  1603 |     - |coefdivi|   0 | 419 | 178 | 178 |   0 |  1 |   0 |   0 | 7.521280e+03 | 5.318157e+03 |  41.43%| unknown
d 0.1s|     1 |     0 |  1632 |     - |coefdivi|   0 | 419 | 178 | 178 |   0 |  1 |   0 |   0 | 7.521280e+03 | 6.961698e+03 |   8.04%| unknown
  0.1s|     1 |     0 |  1632 |     - |  5271k |   0 | 419 | 178 | 178 |   0 |  1 |   0 |   0 | 7.521280e+03 | 6.961698e+03 |   8.04%| unknown
  0.3s|     1 |     2 |  1632 |     - |  5449k |   0 | 419 | 178 | 178 |   0 |  2 |   0 |  46 | 7.491574e+03 | 6.961698e+03 |   7.61%| unknown

SCIP Status        : solving was interrupted [node limit reached]
Solving Time (sec) : 0.30
Solving Nodes      : 1
Primal Bound       : +6.96169764374758e+03 (52 solutions)
Dual Bound         : +7.49157350562695e+03
Gap                : 7.61 %
