presolving:
(round 1, fast)       1 del vars, 2 del conss, 0 add conss, 0 chg bounds, 0 chg sides, 0 chg coeffs, 0 upgd conss, 0 impls, 192 clqs
   (0.0s) running MILP presolver
   (0.0s) MILP presolver (2 rounds): 0 aggregations, 17 fixings, 0 bound changes
(round 2, medium)     18 del vars, 2 del conss, 0 add conss, 0 chg bounds, 0 chg sides, 0 chg coeffs, 0 upgd conss, 0 impls, 191 clqs
(round 3, fast)       18 del vars, 3 del conss, 0 add conss, 0 chg bounds, 0 chg sides, 0 chg coeffs, 0 upgd conss, 0 impls, 191 clqs
(round 4, exhaustive) 18 del vars, 5 del conss, 0 add conss, 0 chg bounds, 2 chg sides, 0 chg coeffs, 0 upgd conss, 0 impls, 191 clqs
(round 5, exhaustive) 18 del vars, 5 del conss, 0 add conss, 0 chg bounds, 2 chg sides, 0 chg coeffs, 189 upgd conss, 0 impls, 191 clqs
(round 6, medium)     50 del vars, 5 del conss, 0 add conss, 0 chg bounds, 2 chg sides, 32 chg coeffs, 189 upgd conss, 0 impls, 191 clqs
(round 7, fast)       56 del vars, 5 del conss, 0 add conss, 0 chg bounds, 2 chg sides, 32 chg coeffs, 189 upgd conss, 0 impls, 191 clqs
(round 8, exhaustive) 56 del vars, 6 del conss, 0 add conss, 0 chg bounds, 2 chg sides, 32 chg coeffs, 189 upgd conss, 0 impls, 191 clqs
   (0.0s) probing: 51/444 (11.5%) - 0 fixings, 0 aggregations, 0 implications, 0 bound changes
   (0.0s) probing aborted: 50/50 successive totally useless probings
   (0.0s) symmetry computation started: requiring (bin +, int +, cont +), (fixed: bin -, int -, cont -)
   (0.0s) no symmetry present (symcode time: 0.00)
presolving (9 rounds: 9 fast, 6 medium, 4 exhaustive):
 56 deleted vars, 6 deleted constraints, 0 added constraints, 0 tightened bounds, 0 added holes, 2 changed sides, 32 changed coefficients
 0 implications, 191 cliques
presolved problem has 444 variables (444 bin, 0 int, 0 impl, 0 cont) and 188 constraints
    188 constraints of type <setppc>
Presolving Time: 0.02

 time | node  | left  |LP iter|LP it/n|mem/heur|mdpt |vars |cons |rows |cuts |sepa|confs|strbr|  dualbound   | primalbound  |  gap   | compl. 
  0.1s|     1 |     0 |  1670 |     - |  5319k |   0 | 444 | 188 | 188 |   0 |  0 |   0 |   0 | 7.553937e+03 |      --      |    Inf | unknown
d 0.1s|     1 |     0 |  1670 |     - |coefdivi|   0 | 444 | 188 | 188 |   0 |  1 |   0 |   0 | 7.553937e+03 | 2.237922e+03 | 237.54%| unknown
d 0.1s|     1 |     0 |  1774 |     - |coefdivi|   0 | 444 | 188 | 188 |   0 |  1 |   0 |   0 | 7.553937e+03 | 3.265771e+03 | 131.31%| unknown
d 0.1s|     1 |     0 |  1849 |     - |coefdivi|   0 | 444 | 188 | 188 |   0 |  1 |   0 |   0 | 7.553937e+03 | 3.595478e+03 | 110.10%| unknown
d 0.1s|     1 |     0 |  1882 |     - |coefdivi|   0 | 444 | 188 | 188 |   0 |  1 |   0 |   0 | 7.553937e+03 | 5.424155e+03 |  39.26%| unknown
d 0.1s|     1 |     0 |  1893 |     - |coefdivi|   0 | 444 | 188 | 188 |   0 |  1 |   0 |   0 | 7.553937e+03 | 6.617112e+03 |  14.16%| unknown
  0.1s|     1 |     0 |  1893 |     - |  5438k |   0 | 444 | 188 | 188 |   0 |  1 |   0 |   0 | 7.553937e+03 | 6.617112e+03 |  14.16%| unknown
  0.2s|     1 |     2 |  1893 |     - |  5541k |   0 | 444 | 188 | 188 |   0 |  2 |   0 |  20 | 7.530114e+03 | 6.617112e+03 |  13.80%| unknown

SCIP Status        : solving was interrupted [node limit reached]
Solving Time (sec) : 0.22
Solving Nodes      : 1
Primal Bound       : +6.61711178165578e+03 (27 solutions)
Dual Bound         : +7.53011442033976e+03
Gap                : 13.80 %
