presolving:
(round 1, fast)       0 del vars, 1 del conss, 0 add conss, 0 chg bounds, 0 chg sides, 0 chg coeffs, 0 upgd conss, 0 impls, 189 clqs
   (0.0s) running MILP presolver
   (0.0s) MILP presolver (2 rounds): 0 aggregations, 17 fixings, 0 bound changes
(round 2, medium)     17 del vars, 1 del conss, 0 add conss, 0 chg bounds, 0 chg sides, 0 chg coeffs, 0 upgd conss, 0 impls, 189 clqs
(round 3, exhaustive) 17 del vars, 6 del conss, 0 add conss, 0 chg bounds, 5 chg sides, 0 chg coeffs, 0 upgd conss, 0 impls, 189 clqs
(round 4, exhaustive) 17 del vars, 6 del conss, 0 add conss, 0 chg bounds, 5 chg sides, 0 chg coeffs, 184 upgd conss, 0 impls, 189 clqs
(round 5, medium)     49 del vars, 6 del conss, 0 add conss, 0 chg bounds, 5 chg sides, 32 chg coeffs, 184 upgd conss, 0 impls, 189 clqs
(round 6, fast)       61 del vars, 6 del conss, 0 add conss, 0 chg bounds, 5 chg sides, 32 chg coeffs, 184 upgd conss, 0 impls, 189 clqs
(round 7, exhaustive) 61 del vars, 10 del conss, 0 add conss, 0 chg bounds, 5 chg sides, 32 chg coeffs, 184 upgd conss, 0 impls, 189 clqs
   (0.0s) probing: 51/439 (11.6%) - 0 fixings, 0 aggregations, 0 implications, 0 bound changes
   (0.0s) probing aborted: 50/50 successive totally useless probings
   (0.0s) symmetry computation started: requiring (bin +, int +, cont +), (fixed: bin -, int -, cont -)
   (0.0s) no symmetry present (symcode time: 0.00)
presolving (8 rounds: 8 fast, 6 medium, 4 exhaustive):
 61 deleted vars, 10 deleted constraints, 0 added constraints, 0 tightened bounds, 0 added holes, 5 changed sides, 32 changed coefficients
 0 implications, 189 cliques
presolved problem has 439 variables (439 bin, 0 int, 0 impl, 0 cont) and 180 constraints
    180 constraints of type <setppc>
Presolving Time: 0.03

 time | node  | left  |LP iter|LP it/n|mem/heur|mdpt |vars |cons |rows |cuts |sepa|confs|strbr|  dualbound   | primalbound  |  gap   | compl. 
  0.1s|     1 |     0 |  1144 |     - |  5469k |   0 | 439 | 180 | 180 |   0 |  0 |   0 |   0 | 8.121896e+03 |      --      |    Inf | unknown
d 0.1s|     1 |     0 |  1144 |     - |coefdivi|   0 | 439 | 180 | 180 |   0 |  1 |   0 |   0 | 8.121896e+03 | 3.425017e+03 | 137.13%| unknown
d 0.1s|     1 |     0 |  1220 |     - |coefdivi|   0 | 439 | 180 | 180 |   0 |  1 |   0 |   0 | 8.121896e+03 | 3.702914e+03 | 119.34%| unknown
d 0.1s|     1 |     0 |  1416 |     - |coefdivi|   0 | 439 | 180 | 180 |   0 |  1 |   0 |   0 | 8.121896e+03 | 4.434735e+03 |  83.14%| unknown
d 0.1s|     1 |     0 |  1450 |     - |coefdivi|   0 | 439 | 180 | 180 |   0 |  1 |   0 |   0 | 8.121896e+03 | 6.500850e+03 |  24.94%| unknown
d 0.1s|     1 |     0 |  1466 |     - |coefdivi|   0 | 439 | 180 | 180 |   0 |  1 |   0 |   0 | 8.121896e+03 | 6.832311e+03 |  18.87%| unknown
d 0.1s|     1 |     0 |  1470 |     - |coefdivi|   0 | 439 | 180 | 180 |   0 |  1 |   0 |   0 | 8.121896e+03 | 6.949275e+03 |  16.87%| unknown
  0.1s|     1 |     0 |  1470 |     - |  5583k |   0 | 439 | 180 | 180 |   0 |  1 |   0 |   0 | 8.121896e+03 | 6.949275e+03 |  16.87%| unknown
* 0.1s|     1 |     0 |  1470 |     - |strongbr|   0 | 439 | 180 | 180 |   0 |  2 |   0 |   0 | 8.121896e+03 | 8.082936e+03 |   0.48%| unknown
  0.1s|     1 |     0 |  1501 |     - |  5759k |   0 | 439 | 180 | 180 |   0 |  2 | 221 |   5 | 8.099365e+03 | 8.082936e+03 |   0.20%| unknown

SCIP Status        : solving was interrupted [node limit reached]
Solving Time (sec) : 0.15
Solving Nodes      : 1
Primal Bound       : +8.08293592940579e+03 (15 solutions)
Dual Bound         : +8.09936489830168e+03
Gap                : 0.20 %
