presolving:
   (0.0s) running MILP presolver
   (0.0s) MILP presolver (2 rounds): 0 aggregations, 21 fixings, 0 bound changes
(round 1, medium)     21 del vars, 0 del conss, 0 add conss, 0 chg bounds, 0 chg sides, 0 chg coeffs, 0 upgd conss, 0 impls, 193 clqs
(round 2, fast)       22 del vars, 1 del conss, 0 add conss, 0 chg bounds, 0 chg sides, 0 chg coeffs, 0 upgd conss, 0 impls, 192 clqs
(round 3, exhaustive) 22 del vars, 6 del conss, 0 add conss, 0 chg bounds, 5 chg sides, 0 chg coeffs, 0 upgd conss, 0 impls, 192 clqs
(round 4, exhaustive) 22 del vars, 6 del conss, 0 add conss, 0 chg bounds, 5 chg sides, 0 chg coeffs, 187 upgd conss, 0 impls, 192 clqs
(round 5, medium)     56 del vars, 6 del conss, 0 add conss, 0 chg bounds, 5 chg sides, 34 chg coeffs, 187 upgd conss, 0 impls, 192 clqs
(round 6, fast)       68 del vars, 6 del conss, 0 add conss, 0 chg bounds, 5 chg sides, 34 chg coeffs, 187 upgd conss, 0 impls, 191 clqs
(round 7, exhaustive) 68 del vars, 8 del conss, 0 add conss, 0 chg bounds, 5 chg sides, 34 chg coeffs, 187 upgd conss, 0 impls, 191 clqs
   (0.0s) probing: 51/432 (11.8%) - 0 fixings, 0 aggregations, 0 implications, 0 bound changes
   (0.0s) probing aborted: 50/50 successive totally useless probings
   (0.0s) symmetry computation started: requiring (bin +, int +, cont +), (fixed: bin -, int -, cont -)
   (0.0s) no symmetry present (symcode time: 0.00)
presolving (8 rounds: 8 fast, 6 medium, 4 exhaustive):
 68 deleted vars, 8 deleted constraints, 0 added constraints, 0 tightened bounds, 0 added holes, 5 changed sides, 34 changed coefficients
 0 implications, 191 cliques
presolved problem has 432 variables (432 bin, 0 int, 0 impl, 0 cont) and 185 constraints
    185 constraints of type <setppc>
Presolving Time: 0.03

 time | node  | left  |LP iter|LP it/n|mem/heur|mdpt |vars |cons |rows |cuts |sepa|confs|strbr|  dualbound   | primalbound  |  gap   | compl. 
  0.1s|     1 |     0 |  1517 |     - |  5467k |   0 | 432 | 185 | 185 |   0 |  0 |   0 |   0 | 7.534726e+03 |      --      |    Inf | unknown
d 0.1s|     1 |     0 |  1517 |     - |coefdivi|   0 | 432 | 185 | 185 |   0 |  1 |   0 |   0 | 7.534726e+03 | 2.707608e+03 | 178.28%| unknown
d 0.1s|     1 |     0 |  1625 |     - |coefdivi|   0 | 432 | 185 | 185 |   0 |  1 |   0 |   0 | 7.534726e+03 | 4.238777e+03 |  77.76%| unknown
d 0.1s|     1 |     0 |  1659 |     - |coefdivi|   0 | 432 | 185 | 185 |   0 |  1 |   0 |   0 | 7.534726e+03 | 5.756823e+03 |  30.88%| unknown
d 0.1s|     1 |     0 |  1662 |     - |coefdivi|   0 | 432 | 185 | 185 |   0 |  1 |   0 |   0 | 7.534726e+03 | 6.904162e+03 |   9.13%| unknown
  0.1s|     1 |     0 |  1662 |     - |  5575k |   0 | 432 | 185 | 185 |   0 |  1 |   0 |   0 | 7.534726e+03 | 6.904162e+03 |   9.13%| unknown
  0.1s|     1 |     0 |  1662 |     - |  5575k |   0 | 432 | 185 | 185 |   0 |  1 |   0 |   0 | 7.534726e+03 | 6.904162e+03 |   9.13%| unknown
  0.2s|     1 |     2 |  1662 |     - |  5661k |   0 | 432 | 185 | 185 |   0 |  2 |   0 |  19 | 7.505402e+03 | 6.904162e+03 |   8.71%| unknown

SCIP Status        : solving was interrupted [node limit reached]
Solving Time (sec) : 0.23
Solving Nodes      : 1
Primal Bound       : +6.90416229388545e+03 (22 solutions)
Dual Bound         : +7.50540165910161e+03
Gap                : 8.71 %
