presolving:
   (0.0s) running MILP presolver
   (0.0s) MILP presolver (2 rounds): 0 aggregations, 20 fixings, 0 bound changes
(round 1, medium)     20 del vars, 0 del conss, 0 add conss, 0 chg bounds, 0 chg sides, 0 chg coeffs, 0 upgd conss, 0 impls, 189 clqs
(round 2, exhaustive) 20 del vars, 7 del conss, 0 add conss, 0 chg bounds, 7 chg sides, 0 chg coeffs, 0 upgd conss, 0 impls, 189 clqs
(round 3, exhaustive) 20 del vars, 7 del conss, 0 add conss, 0 chg bounds, 7 chg sides, 0 chg coeffs, 182 upgd conss, 0 impls, 189 clqs
(round 4, medium)     63 del vars, 7 del conss, 0 add conss, 0 chg bounds, 7 chg sides, 43 chg coeffs, 182 upgd conss, 0 impls, 189 clqs
(round 5, fast)       91 del vars, 8 del conss, 0 add conss, 0 chg bounds, 7 chg sides, 43 chg coeffs, 182 upgd conss, 0 impls, 188 clqs
(round 6, exhaustive) 91 del vars, 12 del conss, 0 add conss, 0 chg bounds, 7 chg sides, 43 chg coeffs, 182 upgd conss, 0 impls, 188 clqs
(round 7, exhaustive) 93 del vars, 12 del conss, 0 add conss, 0 chg bounds, 7 chg sides, 43 chg coeffs, 182 upgd conss, 0 impls, 187 clqs
   (0.0s) running MILP presolver
   (0.0s) MILP presolver (2 rounds): 0 aggregations, 4 fixings, 0 bound changes
(round 8, medium)     97 del vars, 12 del conss, 0 add conss, 0 chg bounds, 7 chg sides, 43 chg coeffs, 182 upgd conss, 0 impls, 187 clqs
(round 9, exhaustive) 97 del vars, 13 del conss, 0 add conss, 0 chg bounds, 7 chg sides, 43 chg coeffs, 182 upgd conss, 0 impls, 187 clqs
   (0.0s) probing: 51/403 (12.7%) - 0 fixings, 0 aggregations, 0 implications, 0 bound changes
   (0.0s) probing aborted: 50/50 successive totally useless probings
   (0.0s) symmetry computation started: requiring (bin +, int +, cont +), (fixed: bin -, int -, cont -)
   (0.0s) no symmetry present (symcode time: 0.00)
presolving (10 rounds: 10 fast, 9 medium, 6 exhaustive):
 97 deleted vars, 13 deleted constraints, 0 added constraints, 0 tightened bounds, 0 added holes, 7 changed sides, 43 changed coefficients
 0 implications, 187 cliques
presolved problem has 403 variables (403 bin, 0 int, 0 impl, 0 cont) and 176 constraints
    176 constraints of type <setppc>
Presolving Time: 0.02

 time | node  | left  |LP iter|LP it/n|mem/heur|mdpt |vars |cons |rows |cuts |sepa|confs|strbr|  dualbound   | primalbound  |  gap   | compl. 
  0.1s|     1 |     0 |   903 |     - |  5364k |   0 | 403 | 176 | 176 |   0 |  0 |   0 |   0 | 7.873138e+03 |      --      |    Inf | unknown
d 0.1s|     1 |     0 |   903 |     - |coefdivi|   0 | 403 | 176 | 176 |   0 |  1 |   0 |   0 | 7.873138e+03 | 3.468322e+03 | 127.00%| unknown
d 0.1s|     1 |     0 |  1001 |     - |coefdivi|   0 | 403 | 176 | 176 |   0 |  1 |   0 |   0 | 7.873138e+03 | 5.715169e+03 |  37.76%| unknown
d 0.1s|     1 |     0 |  1023 |     - |coefdivi|   0 | 403 | 176 | 176 |   0 |  1 |   0 |   0 | 7.873138e+03 | 7.258391e+03 |   8.47%| unknown
d 0.1s|     1 |     0 |  1027 |     - |coefdivi|   0 | 403 | 176 | 176 |   0 |  1 |   0 |   0 | 7.873138e+03 | 7.514507e+03 |   4.77%| unknown
  0.1s|     1 |     0 |  1027 |     - |  5476k |   0 | 403 | 176 | 176 |   0 |  1 |   0 |   0 | 7.873138e+03 | 7.514507e+03 |   4.77%| unknown
  0.1s|     1 |     0 |  1027 |     - |  5476k |   0 | 403 | 176 | 176 |   0 |  1 |   0 |   0 | 7.873138e+03 | 7.514507e+03 |   4.77%| unknown
  0.2s|     1 |     2 |  1027 |     - |  5602k |   0 | 403 | 176 | 176 |   0 |  2 |   0 |  22 | 7.795638e+03 | 7.514507e+03 |   3.74%| unknown

SCIP Status        : solving was interrupted [node limit reached]
Solving Time (sec) : 0.17
Solving Nodes      : 1
Primal Bound       : +7.51450680342040e+03 (28 solutions)
Dual Bound         : +7.79563776854753e+03
Gap                : 3.74 %
