presolving:
   (0.0s) running MILP presolver
   (0.0s) MILP presolver (2 rounds): 0 aggregations, 14 fixings, 0 bound changes
(round 1, medium)     14 del vars, 0 del conss, 0 add conss, 0 chg bounds, 0 chg sides, 0 chg coeffs, 0 upgd conss, 0 impls, 198 clqs
(round 2, exhaustive) 14 del vars, 3 del conss, 0 add conss, 0 chg bounds, 3 chg sides, 0 chg coeffs, 0 upgd conss, 0 impls, 198 clqs
(round 3, exhaustive) 14 del vars, 3 del conss, 0 add conss, 0 chg bounds, 3 chg sides, 0 chg coeffs, 195 upgd conss, 0 impls, 198 clqs
(round 4, medium)     54 del vars, 3 del conss, 0 add conss, 0 chg bounds, 3 chg sides, 40 chg coeffs, 195 upgd conss, 0 impls, 198 clqs
(round 5, fast)       78 del vars, 5 del conss, 0 add conss, 0 chg bounds, 3 chg sides, 40 chg coeffs, 195 upgd conss, 0 impls, 196 clqs
(round 6, exhaustive) 78 del vars, 9 del conss, 0 add conss, 0 chg bounds, 3 chg sides, 40 chg coeffs, 195 upgd conss, 0 impls, 196 clqs
   (0.0s) probing: 51/422 (12.1%) - 0 fixings, 0 aggregations, 0 implications, 0 bound changes
   (0.0s) probing aborted: 50/50 successive totally useless probings
   (0.0s) symmetry computation started: requiring (bin +, int +, cont +), (fixed: bin -, int -, cont -)
   (0.0s) no symmetry present (symcode time: 0.00)
presolving (7 rounds: 7 fast, 6 medium, 4 exhaustive):
 78 deleted vars, 9 deleted constraints, 0 added constraints, 0 tightened bounds, 0 added holes, 3 changed sides, 40 changed coefficients
 0 implications, 196 cliques
presolved problem has 422 variables (422 bin, 0 int, 0 impl, 0 cont) and 189 constraints
    189 constraints of type <setppc>
Presolving Time: 0.02

 time | node  | left  |LP iter|LP it/n|mem/heur|mdpt |vars |cons |rows |cuts |sepa|confs|strbr|  dualbound   | primalbound  |  gap   | compl. 
  0.1s|     1 |     0 |  1464 |     - |  5029k |   0 | 422 | 189 | 189 |   0 |  0 |   0 |   0 | 7.222054e+03 |      --      |    Inf | unknown
d 0.1s|     1 |     0 |  1464 |     - |coefdivi|   0 | 422 | 189 | 189 |   0 |  1 |   0 |   0 | 7.222054e+03 | 2.999143e+03 | 140.80%| unknown
d 0.1s|     1 |     0 |  1570 |     - |coefdivi|   0 | 422 | 189 | 189 |   0 |  1 |   0 |   0 | 7.222054e+03 | 3.625521e+03 |  99.20%| unknown
d 0.1s|     1 |     0 |  1619 |     - |coefdivi|   0 | 422 | 189 | 189 |   0 |  1 |   0 |   0 | 7.222054e+03 | 4.288340e+03 |  68.41%| unknown
d 0.1s|     1 |     0 |  1644 |     - |coefdivi|   0 | 422 | 189 | 189 |   0 |  1 |   0 |   0 | 7.222054e+03 | 4.551371e+03 |  58.68%| unknown
d 0.1s|     1 |     0 |  1663 |     - |coefdivi|   0 | 422 | 189 | 189 |   0 |  1 |   0 |   0 | 7.222054e+03 | 6.120012e+03 |  18.01%| unknown
  0.1s|     1 |     0 |  1663 |     - |  5128k |   0 | 422 | 189 | 189 |   0 |  1 |   0 |   0 | 7.222054e+03 | 6.120012e+03 |  18.01%| unknown
  0.2s|     1 |     2 |  1663 |     - |  5424k |   0 | 422 | 189 | 189 |   0 |  2 |   0 |  21 | 7.177318e+03 | 6.120012e+03 |  17.28%| unknown

SCIP Status        : solving was interrupted [node limit reached]
Solving Time (sec) : 0.22
Solving Nodes      : 1
Primal Bound       : +6.12001224232508e+03 (27 solutions)
Dual Bound         : +7.17731845854999e+03
Gap                : 17.28 %
