presolving:
(round 1, fast)       1 del vars, 1 del conss, 0 add conss, 0 chg bounds, 0 chg sides, 0 chg coeffs, 0 upgd conss, 0 impls, 196 clqs
(round 2, fast)       2 del vars, 1 del conss, 0 add conss, 0 chg bounds, 0 chg sides, 0 chg coeffs, 0 upgd conss, 0 impls, 196 clqs
   (0.0s) running MILP presolver
   (0.0s) MILP presolver (2 rounds): 0 aggregations, 20 fixings, 0 bound changes
(round 3, medium)     22 del vars, 1 del conss, 0 add conss, 0 chg bounds, 0 chg sides, 0 chg coeffs, 0 upgd conss, 0 impls, 195 clqs
(round 4, fast)       22 del vars, 2 del conss, 0 add conss, 0 chg bounds, 0 chg sides, 0 chg coeffs, 0 upgd conss, 0 impls, 195 clqs
(round 5, exhaustive) 22 del vars, 12 del conss, 0 add conss, 0 chg bounds, 10 chg sides, 0 chg coeffs, 0 upgd conss, 0 impls, 195 clqs
(round 6, exhaustive) 22 del vars, 12 del conss, 0 add conss, 0 chg bounds, 10 chg sides, 0 chg coeffs, 185 upgd conss, 0 impls, 195 clqs
(round 7, medium)     58 del vars, 12 del conss, 0 add conss, 0 chg bounds, 10 chg sides, 36 chg coeffs, 185 upgd conss, 0 impls, 195 clqs
(round 8, fast)       71 del vars, 13 del conss, 0 add conss, 0 chg bounds, 10 chg sides, 36 chg coeffs, 185 upgd conss, 0 impls, 194 clqs
(round 9, exhaustive) 71 del vars, 17 del conss, 0 add conss, 0 chg bounds, 10 chg sides, 36 chg coeffs, 185 upgd conss, 0 impls, 194 clqs
   (0.0s) probing: 51/429 (11.9%) - 0 fixings, 0 aggregations, 0 implications, 0 bound changes
   (0.0s) probing aborted: 50/50 successive totally useless probings
   (0.0s) symmetry computation started: requiring (bin +, int +, cont +), (fixed: bin -, int -, cont -)
   (0.0s) no symmetry present (symcode time: 0.00)
presolving (10 rounds: 10 fast, 6 medium, 4 exhaustive):
 71 deleted vars, 17 deleted constraints, 0 added constraints, 0 tightened bounds, 0 added holes, 10 changed sides, 36 changed coefficients
 0 implications, 194 cliques
presolved problem has 429 variables (429 bin, 0 int, 0 impl, 0 cont) and 180 constraints
    180 constraints of type <setppc>
Presolving Time: 0.02

 time | node  | left  |LP iter|LP it/n|mem/heur|mdpt |vars |cons |rows |cuts |sepa|confs|strbr|  dualbound   | primalbound  |  gap   | compl. 
  0.1s|     1 |     0 |  1330 |     - |  5395k |   0 | 429 | 180 | 180 |   0 |  0 |   0 |   0 | 7.686522e+03 |      --      |    Inf | unknown
d 0.1s|     1 |     0 |  1330 |     - |coefdivi|   0 | 429 | 180 | 180 |   0 |  1 |   0 |   0 | 7.686522e+03 | 2.791492e+03 | 175.36%| unknown
d 0.1s|     1 |     0 |  1460 |     - |coefdivi|   0 | 429 | 180 | 180 |   0 |  1 |   0 |   0 | 7.686522e+03 | 3.728455e+03 | 106.16%| unknown
d 0.1s|     1 |     0 |  1511 |     - |coefdivi|   0 | 429 | 180 | 180 |   0 |  1 |   0 |   0 | 7.686522e+03 | 7.078561e+03 |   8.59%| unknown
  0.1s|     1 |     0 |  1511 |     - |  5491k |   0 | 429 | 180 | 180 |   0 |  1 |   0 |   0 | 7.686522e+03 | 7.078561e+03 |   8.59%| unknown
  0.2s|     1 |     2 |  1511 |     - |  5592k |   0 | 429 | 180 | 180 |   0 |  2 |   0 |  19 | 7.650594e+03 | 7.078561e+03 |   8.08%| unknown

SCIP Status        : solving was interrupted [node limit reached]
Solving Time (sec) : 0.17
Solving Nodes      : 1
Primal Bound       : +7.07856149044641e+03 (25 solutions)
Dual Bound         : +7.65059404823954e+03
Gap                : 8.08 %
