presolving:
   (0.0s) running MILP presolver
   (0.0s) MILP presolver (2 rounds): 0 aggregations, 11 fixings, 0 bound changes
(round 1, medium)     11 del vars, 0 del conss, 0 add conss, 0 chg bounds, 0 chg sides, 0 chg coeffs, 0 upgd conss, 0 impls, 194 clqs
(round 2, exhaustive) 11 del vars, 2 del conss, 0 add conss, 0 chg bounds, 2 chg sides, 0 chg coeffs, 0 upgd conss, 0 impls, 194 clqs
(round 3, exhaustive) 11 del vars, 2 del conss, 0 add conss, 0 chg bounds, 2 chg sides, 0 chg coeffs, 192 upgd conss, 0 impls, 194 clqs
(round 4, medium)     47 del vars, 2 del conss, 0 add conss, 0 chg bounds, 2 chg sides, 36 chg coeffs, 192 upgd conss, 0 impls, 194 clqs
(round 5, fast)       63 del vars, 2 del conss, 0 add conss, 0 chg bounds, 2 chg sides, 36 chg coeffs, 192 upgd conss, 0 impls, 194 clqs
(round 6, exhaustive) 63 del vars, 4 del conss, 0 add conss, 0 chg bounds, 2 chg sides, 36 chg coeffs, 192 upgd conss, 0 impls, 194 clqs
   (0.0s) probing: 51/437 (11.7%) - 0 fixings, 0 aggregations, 0 implications, 0 bound changes
   (0.0s) probing aborted: 50/50 successive totally useless probings
   (0.0s) symmetry computation started: requiring (bin +, int +, cont +), (fixed: bin -, int -, cont -)
   (0.0s) no symmetry present (symcode time: 0.00)
presolving (7 rounds: 7 fast, 6 medium, 4 exhaustive):
 63 deleted vars, 4 deleted constraints, 0 added constraints, 0 tightened bounds, 0 added holes, 2 changed sides, 36 changed coefficients
 0 implications, 194 cliques
presolved problem has 437 variables (437 bin, 0 int, 0 impl, 0 cont) and 190 constraints
    190 constraints of type <setppc>
Presolving Time: 0.02

 time | node  | left  |LP iter|LP it/n|mem/heur|mdpt |vars |cons |rows |cuts |sepa|confs|strbr|  dualbound   | primalbound  |  gap   | compl. 
  0.1s|     1 |     0 |  1504 |     - |  5551k |   0 | 437 | 190 | 190 |   0 |  0 |   0 |   0 | 7.560676e+03 |      --      |    Inf | unknown
d 0.1s|     1 |     0 |  1504 |     - |coefdivi|   0 | 437 | 190 | 190 |   0 |  1 |   0 |   0 | 7.560676e+03 | 2.653396e+03 | 184.94%| unknown
d 0.1s|     1 |     0 |  1571 |     - |coefdivi|   0 | 437 | 190 | 190 |   0 |  1 |   0 |   0 | 7.560676e+03 | 3.377373e+03 | 123.86%| unknown
d 0.2s|     1 |     0 |  1704 |     - |coefdivi|   0 | 437 | 190 | 190 |   0 |  1 |   0 |   0 | 7.560676e+03 | 3.953601e+03 |  91.24%| unknown
d 0.2s|     1 |     0 |  1749 |     - |coefdivi|   0 | 437 | 190 | 190 |   0 |  1 |   0 |   0 | 7.560676e+03 | 6.949376e+03 |   8.80%| unknown
  0.2s|     1 |     0 |  1749 |     - |  5663k |   0 | 437 | 190 | 190 |   0 |  1 |   0 |   0 | 7.560676e+03 | 6.949376e+03 |   8.80%| unknown
  0.3s|     1 |     2 |  1749 |     - |  5769k |   0 | 437 | 190 | 190 |   0 |  2 |   0 |  21 | 7.527483e+03 | 6.949376e+03 |   8.32%| unknown

SCIP Status        : solving was interrupted [node limit reached]
Solving Time (sec) : 0.35
Solving Nodes      : 1
Primal Bound       : +6.94937551294503e+03 (25 solutions)
Dual Bound         : +7.52748292470015e+03
Gap                : 8.32 %
