presolving:
(round 1, fast)       1 del vars, 2 del conss, 0 add conss, 0 chg bounds, 0 chg sides, 0 chg coeffs, 0 upgd conss, 0 impls, 187 clqs
   (0.0s) running MILP presolver
   (0.0s) MILP presolver (2 rounds): 0 aggregations, 14 fixings, 0 bound changes
(round 2, medium)     15 del vars, 2 del conss, 0 add conss, 0 chg bounds, 0 chg sides, 0 chg coeffs, 0 upgd conss, 0 impls, 187 clqs
(round 3, exhaustive) 15 del vars, 3 del conss, 0 add conss, 0 chg bounds, 1 chg sides, 0 chg coeffs, 0 upgd conss, 0 impls, 187 clqs
(round 4, exhaustive) 15 del vars, 3 del conss, 0 add conss, 0 chg bounds, 1 chg sides, 0 chg coeffs, 186 upgd conss, 0 impls, 187 clqs
(round 5, medium)     52 del vars, 3 del conss, 0 add conss, 0 chg bounds, 1 chg sides, 37 chg coeffs, 186 upgd conss, 0 impls, 187 clqs
(round 6, fast)       67 del vars, 3 del conss, 0 add conss, 0 chg bounds, 1 chg sides, 37 chg coeffs, 186 upgd conss, 0 impls, 187 clqs
(round 7, exhaustive) 67 del vars, 9 del conss, 0 add conss, 0 chg bounds, 1 chg sides, 37 chg coeffs, 186 upgd conss, 0 impls, 187 clqs
   (0.0s) probing: 51/433 (11.8%) - 0 fixings, 0 aggregations, 0 implications, 0 bound changes
   (0.0s) probing aborted: 50/50 successive totally useless probings
   (0.0s) symmetry computation started: requiring (bin +, int +, cont +), (fixed: bin -, int -, cont -)
   (0.0s) no symmetry present (symcode time: 0.00)
presolving (8 rounds: 8 fast, 6 medium, 4 exhaustive):
 67 deleted vars, 9 deleted constraints, 0 added constraints, 0 tightened bounds, 0 added holes, 1 changed sides, 37 changed coefficients
 0 implications, 187 cliques
presolved problem has 433 variables (433 bin, 0 int, 0 impl, 0 cont) and 180 constraints
    180 constraints of type <setppc>
Presolving Time: 0.02

 time | node  | left  |LP iter|LP it/n|mem/heur|mdpt |vars |cons |rows |cuts |sepa|confs|strbr|  dualbound   | primalbound  |  gap   | compl. 
  0.1s|     1 |     0 |  1353 |     - |  5343k |   0 | 433 | 180 | 180 |   0 |  0 |   0 |   0 | 8.072685e+03 |      --      |    Inf | unknown
d 0.1s|     1 |     0 |  1353 |     - |coefdivi|   0 | 433 | 180 | 180 |   0 |  1 |   0 |   0 | 8.072685e+03 | 3.007686e+03 | 168.40%| unknown
d 0.1s|     1 |     0 |  1631 |     - |coefdivi|   0 | 433 | 180 | 180 |   0 |  1 |   0 |   0 | 8.072685e+03 | 3.388528e+03 | 138.24%| unknown
d 0.1s|     1 |     0 |  1735 |     - |coefdivi|   0 | 433 | 180 | 180 |   0 |  1 |   0 |   0 | 8.072685e+03 | 3.864250e+03 | 108.91%| unknown
d 0.1s|     1 |     0 |  1788 |     - |coefdivi|   0 | 433 | 180 | 180 |   0 |  1 |   0 |   0 | 8.072685e+03 | 4.829685e+03 |  67.15%| unknown
d 0.1s|     1 |     0 |  1795 |     - |coefdivi|   0 | 433 | 180 | 180 |   0 |  1 |   0 |   0 | 8.072685e+03 | 6.824043e+03 |  18.30%| unknown
  0.1s|     1 |     0 |  1795 |     - |  5459k |   0 | 433 | 180 | 180 |   0 |  1 |   0 |   0 | 8.072685e+03 | 6.824043e+03 |  18.30%| unknown
  0.2s|     1 |     2 |  1795 |     - |  5554k |   0 | 433 | 180 | 180 |   0 |  2 |   0 |  19 | 8.035034e+03 | 6.824043e+03 |  17.75%| unknown

SCIP Status        : solving was interrupted [node limit reached]
Solving Time (sec) : 0.20
Solving Nodes      : 1
Primal Bound       : +6.82404256913189e+03 (25 solutions)
Dual Bound         : +8.03503384666424e+03
Gap                : 17.75 %
