presolving:
(round 1, fast)       0 del vars, 1 del conss, 0 add conss, 0 chg bounds, 0 chg sides, 0 chg coeffs, 0 upgd conss, 0 impls, 197 clqs
   (0.0s) running MILP presolver
   (0.0s) MILP presolver (2 rounds): 0 aggregations, 18 fixings, 0 bound changes
(round 2, medium)     18 del vars, 1 del conss, 0 add conss, 0 chg bounds, 0 chg sides, 0 chg coeffs, 0 upgd conss, 0 impls, 197 clqs
(round 3, exhaustive) 18 del vars, 6 del conss, 0 add conss, 0 chg bounds, 5 chg sides, 0 chg coeffs, 0 upgd conss, 0 impls, 197 clqs
(round 4, exhaustive) 18 del vars, 6 del conss, 0 add conss, 0 chg bounds, 5 chg sides, 0 chg coeffs, 192 upgd conss, 0 impls, 197 clqs
(round 5, medium)     61 del vars, 6 del conss, 0 add conss, 0 chg bounds, 5 chg sides, 43 chg coeffs, 192 upgd conss, 0 impls, 197 clqs
(round 6, fast)       94 del vars, 12 del conss, 0 add conss, 0 chg bounds, 5 chg sides, 43 chg coeffs, 192 upgd conss, 0 impls, 190 clqs
   (0.0s) running MILP presolver
   (0.0s) MILP presolver (2 rounds): 0 aggregations, 3 fixings, 0 bound changes
(round 7, medium)     97 del vars, 12 del conss, 0 add conss, 0 chg bounds, 5 chg sides, 43 chg coeffs, 192 upgd conss, 0 impls, 190 clqs
(round 8, exhaustive) 97 del vars, 21 del conss, 0 add conss, 0 chg bounds, 5 chg sides, 43 chg coeffs, 192 upgd conss, 0 impls, 190 clqs
   (0.0s) probing: 51/403 (12.7%) - 0 fixings, 0 aggregations, 0 implications, 0 bound changes
   (0.0s) probing aborted: 50/50 successive totally useless probings
   (0.0s) symmetry computation started: requiring (bin +, int +, cont +), (fixed: bin -, int -, cont -)
   (0.0s) no symmetry present (symcode time: 0.00)
presolving (9 rounds: 9 fast, 7 medium, 4 exhaustive):
 97 deleted vars, 21 deleted constraints, 0 added constraints, 0 tightened bounds, 0 added holes, 5 changed sides, 43 changed coefficients
 0 implications, 190 cliques
presolved problem has 403 variables (403 bin, 0 int, 0 impl, 0 cont) and 177 constraints
    177 constraints of type <setppc>
Presolving Time: 0.04

 time | node  | left  |LP iter|LP it/n|mem/heur|mdpt |vars |cons |rows |cuts |sepa|confs|strbr|  dualbound   | primalbound  |  gap   | compl. 
  0.1s|     1 |     0 |  1356 |     - |  5069k |   0 | 403 | 177 | 177 |   0 |  0 |   0 |   0 | 7.712650e+03 |      --      |    Inf | unknown
d 0.2s|     1 |     0 |  1356 |     - |coefdivi|   0 | 403 | 177 | 177 |   0 |  1 |   0 |   0 | 7.712650e+03 | 3.288332e+03 | 134.55%| unknown
d 0.2s|     1 |     0 |  1446 |     - |coefdivi|   0 | 403 | 177 | 177 |   0 |  1 |   0 |   0 | 7.712650e+03 | 4.291379e+03 |  79.72%| unknown
d 0.2s|     1 |     0 |  1500 |     - |coefdivi|   0 | 403 | 177 | 177 |   0 |  1 |   0 |   0 | 7.712650e+03 | 5.146339e+03 |  49.87%| unknown
d 0.2s|     1 |     0 |  1508 |     - |coefdivi|   0 | 403 | 177 | 177 |   0 |  1 |   0 |   0 | 7.712650e+03 | 7.149147e+03 |   7.88%| unknown
  0.2s|     1 |     0 |  1508 |     - |  5168k |   0 | 403 | 177 | 177 |   0 |  1 |   0 |   0 | 7.712650e+03 | 7.149147e+03 |   7.88%| unknown
  0.2s|     1 |     0 |  1508 |     - |  5168k |   0 | 403 | 177 | 177 |   0 |  1 |   0 |   0 | 7.712650e+03 | 7.149147e+03 |   7.88%| unknown
  0.3s|     1 |     2 |  1508 |     - |  5287k |   0 | 403 | 177 | 177 |   0 |  2 |   0 |  22 | 7.654628e+03 | 7.149147e+03 |   7.07%| unknown

SCIP Status        : solving was interrupted [node limit reached]
Solving Time (sec) : 0.29
Solving Nodes      : 1
Primal Bound       : +7.14914724689936e+03 (27 solutions)
Dual Bound         : +7.65462777975658e+03
Gap                : 7.07 %
