presolving:
(round 1, fast)       0 del vars, 2 del conss, 0 add conss, 0 chg bounds, 0 chg sides, 0 chg coeffs, 0 upgd conss, 0 impls, 192 clqs
   (0.0s) running MILP presolver
   (0.0s) MILP presolver (2 rounds): 0 aggregations, 11 fixings, 0 bound changes
(round 2, medium)     11 del vars, 2 del conss, 0 add conss, 0 chg bounds, 0 chg sides, 0 chg coeffs, 0 upgd conss, 0 impls, 191 clqs
(round 3, fast)       11 del vars, 3 del conss, 0 add conss, 0 chg bounds, 0 chg sides, 0 chg coeffs, 0 upgd conss, 0 impls, 191 clqs
(round 4, exhaustive) 11 del vars, 8 del conss, 0 add conss, 0 chg bounds, 5 chg sides, 0 chg coeffs, 0 upgd conss, 0 impls, 191 clqs
(round 5, exhaustive) 11 del vars, 8 del conss, 0 add conss, 0 chg bounds, 5 chg sides, 0 chg coeffs, 186 upgd conss, 0 impls, 191 clqs
(round 6, medium)     46 del vars, 8 del conss, 0 add conss, 0 chg bounds, 5 chg sides, 35 chg coeffs, 186 upgd conss, 0 impls, 191 clqs
(round 7, fast)       59 del vars, 9 del conss, 0 add conss, 0 chg bounds, 5 chg sides, 35 chg coeffs, 186 upgd conss, 0 impls, 190 clqs
(round 8, exhaustive) 59 del vars, 10 del conss, 0 add conss, 0 chg bounds, 5 chg sides, 35 chg coeffs, 186 upgd conss, 0 impls, 190 clqs
(round 9, exhaustive) 60 del vars, 10 del conss, 0 add conss, 0 chg bounds, 5 chg sides, 35 chg coeffs, 186 upgd conss, 0 impls, 190 clqs
   (0.0s) probing: 51/440 (11.6%) - 0 fixings, 0 aggregations, 0 implications, 0 bound changes
   (0.0s) probing aborted: 50/50 successive totally useless probings
   (0.0s) symmetry computation started: requiring (bin +, int +, cont +), (fixed: bin -, int -, cont -)
   (0.0s) no symmetry present (symcode time: 0.00)
presolving (10 rounds: 10 fast, 7 medium, 5 exhaustive):
 60 deleted vars, 10 deleted constraints, 0 added constraints, 0 tightened bounds, 0 added holes, 5 changed sides, 35 changed coefficients
 0 implications, 190 cliques
presolved problem has 440 variables (440 bin, 0 int, 0 impl, 0 cont) and 184 constraints
    184 constraints of type <setppc>
Presolving Time: 0.02

 time | node  | left  |LP iter|LP it/n|mem/heur|mdpt |vars |cons |rows |cuts |sepa|confs|strbr|  dualbound   | primalbound  |  gap   | compl. 
  0.1s|     1 |     0 |  1672 |     - |  5489k |   0 | 440 | 184 | 184 |   0 |  0 |   0 |   0 | 6.949009e+03 |      --      |    Inf | unknown
d 0.1s|     1 |     0 |  1672 |     - |coefdivi|   0 | 440 | 184 | 184 |   0 |  1 |   0 |   0 | 6.949009e+03 | 2.243834e+03 | 209.69%| unknown
d 0.1s|     1 |     0 |  1927 |     - |coefdivi|   0 | 440 | 184 | 184 |   0 |  1 |   0 |   0 | 6.949009e+03 | 2.913286e+03 | 138.53%| unknown
d 0.1s|     1 |     0 |  2018 |     - |coefdivi|   0 | 440 | 184 | 184 |   0 |  1 |   0 |   0 | 6.949009e+03 | 3.823221e+03 |  81.76%| unknown
d 0.1s|     1 |     0 |  2028 |     - |coefdivi|   0 | 440 | 184 | 184 |   0 |  1 |   0 |   0 | 6.949009e+03 | 5.998633e+03 |  15.84%| unknown
  0.1s|     1 |     0 |  2028 |     - |  5603k |   0 | 440 | 184 | 184 |   0 |  1 |   0 |   0 | 6.949009e+03 | 5.998633e+03 |  15.84%| unknown
  0.2s|     1 |     2 |  2028 |     - |  5774k |   0 | 440 | 184 | 184 |   0 |  2 |   0 |  32 | 6.905559e+03 | 5.998633e+03 |  15.12%| unknown

SCIP Status        : solving was interrupted [node limit reached]
Solving Time (sec) : 0.24
Solving Nodes      : 1
Primal Bound       : +5.99863315878482e+03 (40 solutions)
Dual Bound         : +6.90555946735476e+03
Gap                : 15.12 %
