presolving:
   (0.0s) running MILP presolver
   (0.0s) MILP presolver (2 rounds): 0 aggregations, 18 fixings, 0 bound changes
(round 1, medium)     18 del vars, 0 del conss, 0 add conss, 0 chg bounds, 0 chg sides, 0 chg coeffs, 0 upgd conss, 0 impls, 194 clqs
(round 2, exhaustive) 18 del vars, 4 del conss, 0 add conss, 0 chg bounds, 4 chg sides, 0 chg coeffs, 0 upgd conss, 0 impls, 194 clqs
(round 3, exhaustive) 18 del vars, 4 del conss, 0 add conss, 0 chg bounds, 4 chg sides, 0 chg coeffs, 190 upgd conss, 0 impls, 194 clqs
(round 4, medium)     55 del vars, 4 del conss, 0 add conss, 0 chg bounds, 4 chg sides, 37 chg coeffs, 190 upgd conss, 0 impls, 194 clqs
(round 5, fast)       72 del vars, 5 del conss, 0 add conss, 0 chg bounds, 4 chg sides, 37 chg coeffs, 190 upgd conss, 0 impls, 193 clqs
(round 6, exhaustive) 72 del vars, 9 del conss, 0 add conss, 0 chg bounds, 4 chg sides, 37 chg coeffs, 190 upgd conss, 0 impls, 193 clqs
(round 7, exhaustive) 73 del vars, 9 del conss, 0 add conss, 0 chg bounds, 4 chg sides, 37 chg coeffs, 190 upgd conss, 0 impls, 193 clqs
   (0.0s) probing: 51/427 (11.9%) - 0 fixings, 0 aggregations, 0 implications, 0 bound changes
   (0.0s) probing aborted: 50/50 successive totally useless probings
   (0.0s) symmetry computation started: requiring (bin +, int +, cont +), (fixed: bin -, int -, cont -)
   (0.0s) no symmetry present (symcode time: 0.00)
presolving (8 rounds: 8 fast, 7 medium, 5 exhaustive):
 73 deleted vars, 9 deleted constraints, 0 added constraints, 0 tightened bounds, 0 added holes, 4 changed sides, 37 changed coefficients
 0 implications, 193 cliques
presolved problem has 427 variables (427 bin, 0 int, 0 impl, 0 cont) and 185 constraints
    185 constraints of type <setppc>
Presolving Time: 0.02

 time | node  | left  |LP iter|LP it/n|mem/heur|mdpt |vars |cons |rows |cuts |sepa|confs|strbr|  dualbound   | primalbound  |  gap   | compl. 
  0.1s|     1 |     0 |  1370 |     - |  5290k |   0 | 427 | 185 | 185 |   0 |  0 |   0 |   0 | 8.502191e+03 |      --      |    Inf | unknown
d 0.1s|     1 |     0 |  1370 |     - |coefdivi|   0 | 427 | 185 | 185 |   0 |  1 |   0 |   0 | 8.502191e+03 | 3.244989e+03 | 162.01%| unknown
d 0.1s|     1 |     0 |  1534 |     - |coefdivi|   0 | 427 | 185 | 185 |   0 |  1 |   0 |   0 | 8.502191e+03 | 3.774558e+03 | 125.25%| unknown
d 0.1s|     1 |     0 |  1647 |     - |coefdivi|   0 | 427 | 185 | 185 |   0 |  1 |   0 |   0 | 8.502191e+03 | 4.553723e+03 |  86.71%| unknown
d 0.1s|     1 |     0 |  1700 |     - |coefdivi|   0 | 427 | 185 | 185 |   0 |  1 |   0 |   0 | 8.502191e+03 | 4.968398e+03 |  71.13%| unknown
d 0.1s|     1 |     0 |  1727 |     - |coefdivi|   0 | 427 | 185 | 185 |   0 |  1 |   0 |   0 | 8.502191e+03 | 6.683668e+03 |  27.21%| unknown
d 0.1s|     1 |     0 |  1732 |     - |coefdivi|   0 | 427 | 185 | 185 |   0 |  1 |   0 |   0 | 8.502191e+03 | 7.131390e+03 |  19.22%| unknown
  0.1s|     1 |     0 |  1732 |     - |  5375k |   0 | 427 | 185 | 185 |   0 |  1 |   0 |   0 | 8.502191e+03 | 7.131390e+03 |  19.22%| unknown
  0.3s|     1 |     2 |  1732 |     - |  5579k |   0 | 427 | 185 | 185 |   0 |  2 |   0 |  21 | 8.449612e+03 | 7.131390e+03 |  18.48%| unknown

SCIP Status        : solving was interrupted [node limit reached]
Solving Time (sec) : 0.27
Solving Nodes      : 1
Primal Bound       : +7.13139027985647e+03 (32 solutions)
Dual Bound         : +8.44961181890347e+03
Gap                : 18.48 %
