presolving:
(round 1, fast)       1 del vars, 1 del conss, 0 add conss, 0 chg bounds, 0 chg sides, 0 chg coeffs, 0 upgd conss, 0 impls, 191 clqs
   (0.0s) running MILP presolver
   (0.0s) MILP presolver (2 rounds): 0 aggregations, 14 fixings, 0 bound changes
(round 2, medium)     15 del vars, 1 del conss, 0 add conss, 0 chg bounds, 0 chg sides, 0 chg coeffs, 0 upgd conss, 0 impls, 191 clqs
(round 3, exhaustive) 15 del vars, 3 del conss, 0 add conss, 0 chg bounds, 2 chg sides, 0 chg coeffs, 0 upgd conss, 0 impls, 191 clqs
(round 4, exhaustive) 15 del vars, 3 del conss, 0 add conss, 0 chg bounds, 2 chg sides, 0 chg coeffs, 189 upgd conss, 0 impls, 191 clqs
(round 5, medium)     49 del vars, 3 del conss, 0 add conss, 0 chg bounds, 2 chg sides, 34 chg coeffs, 189 upgd conss, 0 impls, 191 clqs
(round 6, fast)       62 del vars, 4 del conss, 0 add conss, 0 chg bounds, 2 chg sides, 34 chg coeffs, 189 upgd conss, 0 impls, 190 clqs
(round 7, exhaustive) 62 del vars, 9 del conss, 0 add conss, 0 chg bounds, 2 chg sides, 34 chg coeffs, 189 upgd conss, 0 impls, 190 clqs
   (0.0s) probing: 51/438 (11.6%) - 0 fixings, 0 aggregations, 0 implications, 0 bound changes
   (0.0s) probing aborted: 50/50 successive totally useless probings
   (0.0s) symmetry computation started: requiring (bin +, int +, cont +), (fixed: bin -, int -, cont -)
   (0.0s) no symmetry present (symcode time: 0.00)
presolving (8 rounds: 8 fast, 6 medium, 4 exhaustive):
 62 deleted vars, 9 deleted constraints, 0 added constraints, 0 tightened bounds, 0 added holes, 2 changed sides, 34 changed coefficients
 0 implications, 190 cliques
presolved problem has 438 variables (438 bin, 0 int, 0 impl, 0 cont) and 183 constraints
    183 constraints of type <setppc>
Presolving Time: 0.04

 time | node  | left  |LP iter|LP it/n|mem/heur|mdpt |vars |cons |rows |cuts |sepa|confs|strbr|  dualbound   | primalbound  |  gap   | compl. 
  0.1s|     1 |     0 |  1689 |     - |  5563k |   0 | 438 | 183 | 183 |   0 |  0 |   0 |   0 | 7.637226e+03 |      --      |    Inf | unknown
d 0.1s|     1 |     0 |  1689 |     - |coefdivi|   0 | 438 | 183 | 183 |   0 |  1 |   0 |   0 | 7.637226e+03 | 2.792180e+03 | 173.52%| unknown
d 0.1s|     1 |     0 |  1747 |     - |coefdivi|   0 | 438 | 183 | 183 |   0 |  1 |   0 |   0 | 7.637226e+03 | 4.197814e+03 |  81.93%| unknown
d 0.1s|     1 |     0 |  1800 |     - |coefdivi|   0 | 438 | 183 | 183 |   0 |  1 |   0 |   0 | 7.637226e+03 | 4.396290e+03 |  73.72%| unknown
d 0.1s|     1 |     0 |  1832 |     - |coefdivi|   0 | 438 | 183 | 183 |   0 |  1 |   0 |   0 | 7.637226e+03 | 6.975423e+03 |   9.49%| unknown
  0.2s|     1 |     0 |  1832 |     - |  5645k |   0 | 438 | 183 | 183 |   0 |  1 |   0 |   0 | 7.637226e+03 | 6.975423e+03 |   9.49%| unknown
  0.2s|     1 |     2 |  1832 |     - |  5803k |   0 | 438 | 183 | 183 |   0 |  2 |   0 |  19 | 7.614278e+03 | 6.975423e+03 |   9.16%| unknown

SCIP Status        : solving was interrupted [node limit reached]
Solving Time (sec) : 0.22
Solving Nodes      : 1
Primal Bound       : +6.97542334296967e+03 (26 solutions)
Dual Bound         : +7.61427848710762e+03
Gap                : 9.16 %
