presolving:
   (0.0s) running MILP presolver
   (0.0s) MILP presolver (2 rounds): 0 aggregations, 14 fixings, 0 bound changes
(round 1, medium)     14 del vars, 0 del conss, 0 add conss, 0 chg bounds, 0 chg sides, 0 chg coeffs, 0 upgd conss, 0 impls, 190 clqs
(round 2, exhaustive) 14 del vars, 3 del conss, 0 add conss, 0 chg bounds, 3 chg sides, 0 chg coeffs, 0 upgd conss, 0 impls, 190 clqs
(round 3, exhaustive) 14 del vars, 3 del conss, 0 add conss, 0 chg bounds, 3 chg sides, 0 chg coeffs, 187 upgd conss, 0 impls, 190 clqs
(round 4, medium)     51 del vars, 3 del conss, 0 add conss, 0 chg bounds, 3 chg sides, 37 chg coeffs, 187 upgd conss, 0 impls, 190 clqs
(round 5, fast)       64 del vars, 3 del conss, 0 add conss, 0 chg bounds, 3 chg sides, 37 chg coeffs, 187 upgd conss, 0 impls, 189 clqs
(round 6, exhaustive) 64 del vars, 6 del conss, 0 add conss, 0 chg bounds, 3 chg sides, 37 chg coeffs, 187 upgd conss, 0 impls, 189 clqs
   (0.0s) probing: 51/436 (11.7%) - 0 fixings, 0 aggregations, 0 implications, 0 bound changes
   (0.0s) probing aborted: 50/50 successive totally useless probings
   (0.0s) symmetry computation started: requiring (bin +, int +, cont +), (fixed: bin -, int -, cont -)
   (0.0s) no symmetry present (symcode time: 0.00)
presolving (7 rounds: 7 fast, 6 medium, 4 exhaustive):
 64 deleted vars, 6 deleted constraints, 0 added constraints, 0 tightened bounds, 0 added holes, 3 changed sides, 37 changed coefficients
 0 implications, 189 cliques
presolved problem has 436 variables (436 bin, 0 int, 0 impl, 0 cont) and 184 constraints
    184 constraints of type <setppc>
Presolving Time: 0.02

 time | node  | left  |LP iter|LP it/n|mem/heur|mdpt |vars |cons |rows |cuts |sepa|confs|strbr|  dualbound   | primalbound  |  gap   | compl. 
  0.1s|     1 |     0 |  1191 |     - |  5366k |   0 | 436 | 184 | 184 |   0 |  0 |   0 |   0 | 7.266750e+03 |      --      |    Inf | unknown
d 0.1s|     1 |     0 |  1191 |     - |coefdivi|   0 | 436 | 184 | 184 |   0 |  1 |   0 |   0 | 7.266750e+03 | 2.588010e+03 | 180.79%| unknown
d 0.1s|     1 |     0 |  1276 |     - |coefdivi|   0 | 436 | 184 | 184 |   0 |  1 |   0 |   0 | 7.266750e+03 | 3.297991e+03 | 120.34%| unknown
d 0.1s|     1 |     0 |  1325 |     - |coefdivi|   0 | 436 | 184 | 184 |   0 |  1 |   0 |   0 | 7.266750e+03 | 6.815065e+03 |   6.63%| unknown
  0.1s|     1 |     0 |  1325 |     - |  5471k |   0 | 436 | 184 | 184 |   0 |  1 |   0 |   0 | 7.266750e+03 | 6.815065e+03 |   6.63%| unknown
  0.1s|     1 |     0 |  1325 |     - |  5471k |   0 | 436 | 184 | 184 |   0 |  1 |   0 |   0 | 7.266750e+03 | 6.815065e+03 |   6.63%| unknown
  0.2s|     1 |     2 |  1325 |     - |  5650k |   0 | 436 | 184 | 184 |   0 |  2 |   0 |  36 | 7.238351e+03 | 6.815065e+03 |   6.21%| unknown

SCIP Status        : solving was interrupted [node limit reached]
Solving Time (sec) : 0.20
Solving Nodes      : 1
Primal Bound       : +6.81506479342810e+03 (41 solutions)
Dual Bound         : +7.23835072392145e+03
Gap                : 6.21 %
