presolving:
   (0.0s) running MILP presolver
   (0.0s) MILP presolver (2 rounds): 0 aggregations, 8 fixings, 0 bound changes
(round 1, medium)     8 del vars, 0 del conss, 0 add conss, 0 chg bounds, 0 chg sides, 0 chg coeffs, 0 upgd conss, 0 impls, 199 clqs
(round 2, exhaustive) 8 del vars, 7 del conss, 0 add conss, 0 chg bounds, 7 chg sides, 0 chg coeffs, 0 upgd conss, 0 impls, 199 clqs
(round 3, exhaustive) 8 del vars, 7 del conss, 0 add conss, 0 chg bounds, 7 chg sides, 0 chg coeffs, 192 upgd conss, 0 impls, 199 clqs
(round 4, medium)     32 del vars, 7 del conss, 0 add conss, 0 chg bounds, 7 chg sides, 24 chg coeffs, 192 upgd conss, 0 impls, 199 clqs
(round 5, fast)       36 del vars, 7 del conss, 0 add conss, 0 chg bounds, 7 chg sides, 24 chg coeffs, 192 upgd conss, 0 impls, 198 clqs
(round 6, exhaustive) 36 del vars, 10 del conss, 0 add conss, 0 chg bounds, 7 chg sides, 24 chg coeffs, 192 upgd conss, 0 impls, 198 clqs
   (0.0s) probing: 51/464 (11.0%) - 0 fixings, 0 aggregations, 0 implications, 0 bound changes
   (0.0s) probing aborted: 50/50 successive totally useless probings
   (0.0s) symmetry computation started: requiring (bin +, int +, cont +), (fixed: bin -, int -, cont -)
   (0.0s) no symmetry present (symcode time: 0.00)
presolving (7 rounds: 7 fast, 6 medium, 4 exhaustive):
 36 deleted vars, 10 deleted constraints, 0 added constraints, 0 tightened bounds, 0 added holes, 7 changed sides, 24 changed coefficients
 0 implications, 198 cliques
presolved problem has 464 variables (464 bin, 0 int, 0 impl, 0 cont) and 189 constraints
    189 constraints of type <setppc>
Presolving Time: 0.03

 time | node  | left  |LP iter|LP it/n|mem/heur|mdpt |vars |cons |rows |cuts |sepa|confs|strbr|  dualbound   | primalbound  |  gap   | compl. 
  0.1s|     1 |     0 |  2429 |     - |  5652k |   0 | 464 | 189 | 189 |   0 |  0 |   0 |   0 | 7.452961e+03 |      --      |    Inf | unknown
d 0.2s|     1 |     0 |  2429 |     - |coefdivi|   0 | 464 | 189 | 189 |   0 |  1 |   0 |   0 | 7.452961e+03 | 1.598025e+03 | 366.39%| unknown
d 0.2s|     1 |     0 |  2636 |     - |coefdivi|   0 | 464 | 189 | 189 |   0 |  1 |   0 |   0 | 7.452961e+03 | 2.314766e+03 | 221.97%| unknown
d 0.2s|     1 |     0 |  2700 |     - |coefdivi|   0 | 464 | 189 | 189 |   0 |  1 |   0 |   0 | 7.452961e+03 | 3.098043e+03 | 140.57%| unknown
d 0.2s|     1 |     0 |  2757 |     - |coefdivi|   0 | 464 | 189 | 189 |   0 |  1 |   0 |   0 | 7.452961e+03 | 4.397697e+03 |  69.47%| unknown
d 0.2s|     1 |     0 |  2772 |     - |coefdivi|   0 | 464 | 189 | 189 |   0 |  1 |   0 |   0 | 7.452961e+03 | 6.436854e+03 |  15.79%| unknown
  0.2s|     1 |     0 |  2772 |     - |  5752k |   0 | 464 | 189 | 189 |   0 |  1 |   0 |   0 | 7.452961e+03 | 6.436854e+03 |  15.79%| unknown
  0.3s|     1 |     2 |  2772 |     - |  5849k |   0 | 464 | 189 | 189 |   0 |  2 |   0 |  19 | 7.395040e+03 | 6.436854e+03 |  14.89%| unknown

SCIP Status        : solving was interrupted [node limit reached]
Solving Time (sec) : 0.27
Solving Nodes      : 1
Primal Bound       : +6.43685373216040e+03 (24 solutions)
Dual Bound         : +7.39504014765717e+03
Gap                : 14.89 %
