presolving:
(round 1, fast)       1 del vars, 2 del conss, 0 add conss, 0 chg bounds, 0 chg sides, 0 chg coeffs, 0 upgd conss, 0 impls, 195 clqs
   (0.0s) running MILP presolver
   (0.0s) MILP presolver (2 rounds): 0 aggregations, 15 fixings, 0 bound changes
(round 2, medium)     16 del vars, 2 del conss, 0 add conss, 0 chg bounds, 0 chg sides, 0 chg coeffs, 0 upgd conss, 0 impls, 194 clqs
(round 3, fast)       16 del vars, 3 del conss, 0 add conss, 0 chg bounds, 0 chg sides, 0 chg coeffs, 0 upgd conss, 0 impls, 194 clqs
(round 4, exhaustive) 16 del vars, 7 del conss, 0 add conss, 0 chg bounds, 4 chg sides, 0 chg coeffs, 0 upgd conss, 0 impls, 194 clqs
(round 5, exhaustive) 16 del vars, 7 del conss, 0 add conss, 0 chg bounds, 4 chg sides, 0 chg coeffs, 190 upgd conss, 0 impls, 194 clqs
(round 6, medium)     61 del vars, 7 del conss, 0 add conss, 0 chg bounds, 4 chg sides, 45 chg coeffs, 190 upgd conss, 0 impls, 194 clqs
(round 7, fast)       78 del vars, 8 del conss, 0 add conss, 0 chg bounds, 4 chg sides, 45 chg coeffs, 190 upgd conss, 0 impls, 193 clqs
(round 8, exhaustive) 78 del vars, 17 del conss, 0 add conss, 0 chg bounds, 4 chg sides, 45 chg coeffs, 190 upgd conss, 0 impls, 193 clqs
   (0.0s) probing: 51/422 (12.1%) - 0 fixings, 0 aggregations, 0 implications, 0 bound changes
   (0.0s) probing aborted: 50/50 successive totally useless probings
   (0.0s) symmetry computation started: requiring (bin +, int +, cont +), (fixed: bin -, int -, cont -)
   (0.0s) no symmetry present (symcode time: 0.00)
presolving (9 rounds: 9 fast, 6 medium, 4 exhaustive):
 78 deleted vars, 17 deleted constraints, 0 added constraints, 0 tightened bounds, 0 added holes, 4 changed sides, 45 changed coefficients
 0 implications, 193 cliques
presolved problem has 422 variables (422 bin, 0 int, 0 impl, 0 cont) and 180 constraints
    180 constraints of type <setppc>
Presolving Time: 0.02

 time | node  | left  |LP iter|LP it/n|mem/heur|mdpt |vars |cons |rows |cuts |sepa|confs|strbr|  dualbound   | primalbound  |  gap   | compl. 
  0.1s|     1 |     0 |  1506 |     - |  5314k |   0 | 422 | 180 | 180 |   0 |  0 |   0 |   0 | 7.551433e+03 |      --      |    Inf | unknown
d 0.1s|     1 |     0 |  1506 |     - |coefdivi|   0 | 422 | 180 | 180 |   0 |  1 |   0 |   0 | 7.551433e+03 | 3.222211e+03 | 134.36%| unknown
d 0.1s|     1 |     0 |  1640 |     - |coefdivi|   0 | 422 | 180 | 180 |   0 |  1 |   0 |   0 | 7.551433e+03 | 3.866160e+03 |  95.32%| unknown
d 0.1s|     1 |     0 |  1678 |     - |coefdivi|   0 | 422 | 180 | 180 |   0 |  1 |   0 |   0 | 7.551433e+03 | 4.347456e+03 |  73.70%| unknown
d 0.1s|     1 |     0 |  1711 |     - |coefdivi|   0 | 422 | 180 | 180 |   0 |  1 |   0 |   0 | 7.551433e+03 | 5.229076e+03 |  44.41%| unknown
d 0.1s|     1 |     0 |  1718 |     - |coefdivi|   0 | 422 | 180 | 180 |   0 |  1 |   0 |   0 | 7.551433e+03 | 6.991723e+03 |   8.01%| unknown
  0.1s|     1 |     0 |  1718 |     - |  5409k |   0 | 422 | 180 | 180 |   0 |  1 |   0 |   0 | 7.551433e+03 | 6.991723e+03 |   8.01%| unknown
  0.2s|     1 |     2 |  1718 |     - |  5599k |   0 | 422 | 180 | 180 |   0 |  2 |   0 |  19 | 7.519519e+03 | 6.991723e+03 |   7.55%| unknown

SCIP Status        : solving was interrupted [node limit reached]
Solving Time (sec) : 0.18
Solving Nodes      : 1
Primal Bound       : +6.99172318968631e+03 (32 solutions)
Dual Bound         : +7.51951922371217e+03
Gap                : 7.55 %
