presolving:
(round 1, fast)       0 del vars, 1 del conss, 0 add conss, 0 chg bounds, 0 chg sides, 0 chg coeffs, 0 upgd conss, 0 impls, 185 clqs
(round 2, fast)       1 del vars, 1 del conss, 0 add conss, 0 chg bounds, 0 chg sides, 0 chg coeffs, 0 upgd conss, 0 impls, 185 clqs
   (0.0s) running MILP presolver
   (0.0s) MILP presolver (2 rounds): 0 aggregations, 26 fixings, 0 bound changes
(round 3, medium)     27 del vars, 1 del conss, 0 add conss, 0 chg bounds, 0 chg sides, 0 chg coeffs, 0 upgd conss, 0 impls, 183 clqs
(round 4, fast)       27 del vars, 3 del conss, 0 add conss, 0 chg bounds, 0 chg sides, 0 chg coeffs, 0 upgd conss, 0 impls, 183 clqs
(round 5, exhaustive) 27 del vars, 4 del conss, 0 add conss, 0 chg bounds, 1 chg sides, 0 chg coeffs, 0 upgd conss, 0 impls, 183 clqs
(round 6, exhaustive) 27 del vars, 4 del conss, 0 add conss, 0 chg bounds, 1 chg sides, 0 chg coeffs, 182 upgd conss, 0 impls, 183 clqs
(round 7, medium)     68 del vars, 4 del conss, 0 add conss, 0 chg bounds, 1 chg sides, 41 chg coeffs, 182 upgd conss, 0 impls, 183 clqs
(round 8, fast)       80 del vars, 6 del conss, 0 add conss, 0 chg bounds, 1 chg sides, 41 chg coeffs, 182 upgd conss, 0 impls, 180 clqs
(round 9, exhaustive) 80 del vars, 9 del conss, 0 add conss, 0 chg bounds, 1 chg sides, 41 chg coeffs, 182 upgd conss, 0 impls, 180 clqs
   (0.0s) probing: 51/420 (12.1%) - 0 fixings, 0 aggregations, 0 implications, 0 bound changes
   (0.0s) probing aborted: 50/50 successive totally useless probings
   (0.0s) symmetry computation started: requiring (bin +, int +, cont +), (fixed: bin -, int -, cont -)
   (0.0s) no symmetry present (symcode time: 0.00)
presolving (10 rounds: 10 fast, 6 medium, 4 exhaustive):
 80 deleted vars, 9 deleted constraints, 0 added constraints, 0 tightened bounds, 0 added holes, 1 changed sides, 41 changed coefficients
 0 implications, 180 cliques
presolved problem has 420 variables (420 bin, 0 int, 0 impl, 0 cont) and 177 constraints
    177 constraints of type <setppc>
Presolving Time: 0.01

 time | node  | left  |LP iter|LP it/n|mem/heur|mdpt |vars |cons |rows |cuts |sepa|confs|strbr|  dualbound   | primalbound  |  gap   | compl. 
  0.1s|     1 |     0 |  1669 |     - |  5294k |   0 | 420 | 177 | 177 |   0 |  0 |   0 |   0 | 7.979194e+03 |      --      |    Inf | unknown
d 0.1s|     1 |     0 |  1669 |     - |coefdivi|   0 | 420 | 177 | 177 |   0 |  1 |   0 |   0 | 7.979194e+03 | 3.190510e+03 | 150.09%| unknown
d 0.1s|     1 |     0 |  1868 |     - |coefdivi|   0 | 420 | 177 | 177 |   0 |  1 |   0 |   0 | 7.979194e+03 | 4.466470e+03 |  78.65%| unknown
d 0.1s|     1 |     0 |  1908 |     - |coefdivi|   0 | 420 | 177 | 177 |   0 |  1 |   0 |   0 | 7.979194e+03 | 7.191293e+03 |  10.96%| unknown
  0.1s|     1 |     0 |  1908 |     - |  5434k |   0 | 420 | 177 | 177 |   0 |  1 |   0 |   0 | 7.979194e+03 | 7.191293e+03 |  10.96%| unknown
  0.2s|     1 |     2 |  1908 |     - |  5620k |   0 | 420 | 177 | 177 |   0 |  2 |   0 |  23 | 7.940415e+03 | 7.191293e+03 |  10.42%| unknown

SCIP Status        : solving was interrupted [node limit reached]
Solving Time (sec) : 0.24
Solving Nodes      : 1
Primal Bound       : +7.19129285071538e+03 (31 solutions)
Dual Bound         : +7.94041531987870e+03
Gap                : 10.42 %
