presolving:
(round 1, fast)       0 del vars, 1 del conss, 0 add conss, 0 chg bounds, 0 chg sides, 0 chg coeffs, 0 upgd conss, 0 impls, 195 clqs
   (0.0s) running MILP presolver
   (0.0s) MILP presolver (2 rounds): 0 aggregations, 5 fixings, 0 bound changes
(round 2, medium)     5 del vars, 1 del conss, 0 add conss, 0 chg bounds, 0 chg sides, 0 chg coeffs, 0 upgd conss, 0 impls, 195 clqs
(round 3, exhaustive) 5 del vars, 3 del conss, 0 add conss, 0 chg bounds, 2 chg sides, 0 chg coeffs, 0 upgd conss, 0 impls, 195 clqs
(round 4, exhaustive) 5 del vars, 3 del conss, 0 add conss, 0 chg bounds, 2 chg sides, 0 chg coeffs, 193 upgd conss, 0 impls, 195 clqs
(round 5, medium)     34 del vars, 3 del conss, 0 add conss, 0 chg bounds, 2 chg sides, 29 chg coeffs, 193 upgd conss, 0 impls, 195 clqs
(round 6, fast)       41 del vars, 3 del conss, 0 add conss, 0 chg bounds, 2 chg sides, 29 chg coeffs, 193 upgd conss, 0 impls, 195 clqs
(round 7, exhaustive) 41 del vars, 4 del conss, 0 add conss, 0 chg bounds, 2 chg sides, 29 chg coeffs, 193 upgd conss, 0 impls, 195 clqs
   (0.0s) probing: 51/459 (11.1%) - 0 fixings, 0 aggregations, 0 implications, 0 bound changes
   (0.0s) probing aborted: 50/50 successive totally useless probings
   (0.0s) symmetry computation started: requiring (bin +, int +, cont +), (fixed: bin -, int -, cont -)
   (0.0s) no symmetry present (symcode time: 0.00)
presolving (8 rounds: 8 fast, 6 medium, 4 exhaustive):
 41 deleted vars, 4 deleted constraints, 0 added constraints, 0 tightened bounds, 0 added holes, 2 changed sides, 29 changed coefficients
 0 implications, 195 cliques
presolved problem has 459 variables (459 bin, 0 int, 0 impl, 0 cont) and 192 constraints
    192 constraints of type <setppc>
Presolving Time: 0.03

 time | node  | left  |LP iter|LP it/n|mem/heur|mdpt |vars |cons |rows |cuts |sepa|confs|strbr|  dualbound   | primalbound  |  gap   | compl. 
  0.1s|     1 |     0 |  1477 |     - |  5553k |   0 | 459 | 192 | 192 |   0 |  0 |   0 |   0 | 7.518439e+03 |      --      |    Inf | unknown
d 0.1s|     1 |     0 |  1477 |     - |coefdivi|   0 | 459 | 192 | 192 |   0 |  1 |   0 |   0 | 7.518439e+03 | 2.080329e+03 | 261.41%| unknown
d 0.1s|     1 |     0 |  1628 |     - |coefdivi|   0 | 459 | 192 | 192 |   0 |  1 |   0 |   0 | 7.518439e+03 | 3.056329e+03 | 146.00%| unknown
d 0.1s|     1 |     0 |  1684 |     - |coefdivi|   0 | 459 | 192 | 192 |   0 |  1 |   0 |   0 | 7.518439e+03 | 5.861132e+03 |  28.28%| unknown
d 0.1s|     1 |     0 |  1698 |     - |coefdivi|   0 | 459 | 192 | 192 |   0 |  1 |   0 |   0 | 7.518439e+03 | 6.898179e+03 |   8.99%| unknown
  0.1s|     1 |     0 |  1698 |     - |  5666k |   0 | 459 | 192 | 192 |   0 |  1 |   0 |   0 | 7.518439e+03 | 6.898179e+03 |   8.99%| unknown
  0.2s|     1 |     2 |  1698 |     - |  5853k |   0 | 459 | 192 | 192 |   0 |  2 |   0 |  25 | 7.482817e+03 | 6.898179e+03 |   8.48%| unknown

SCIP Status        : solving was interrupted [node limit reached]
Solving Time (sec) : 0.25
Solving Nodes      : 1
Primal Bound       : +6.89817866039124e+03 (31 solutions)
Dual Bound         : +7.48281684690846e+03
Gap                : 8.48 %
