presolving:
   (0.0s) running MILP presolver
   (0.0s) MILP presolver (2 rounds): 0 aggregations, 20 fixings, 0 bound changes
(round 1, medium)     20 del vars, 0 del conss, 0 add conss, 0 chg bounds, 0 chg sides, 0 chg coeffs, 0 upgd conss, 0 impls, 191 clqs
(round 2, fast)       20 del vars, 1 del conss, 0 add conss, 0 chg bounds, 0 chg sides, 0 chg coeffs, 0 upgd conss, 0 impls, 191 clqs
(round 3, exhaustive) 20 del vars, 9 del conss, 0 add conss, 0 chg bounds, 8 chg sides, 0 chg coeffs, 0 upgd conss, 0 impls, 191 clqs
(round 4, exhaustive) 20 del vars, 9 del conss, 0 add conss, 0 chg bounds, 8 chg sides, 0 chg coeffs, 183 upgd conss, 0 impls, 191 clqs
(round 5, medium)     61 del vars, 9 del conss, 0 add conss, 0 chg bounds, 8 chg sides, 41 chg coeffs, 183 upgd conss, 0 impls, 191 clqs
(round 6, fast)       88 del vars, 10 del conss, 0 add conss, 0 chg bounds, 8 chg sides, 41 chg coeffs, 183 upgd conss, 0 impls, 187 clqs
(round 7, exhaustive) 88 del vars, 14 del conss, 0 add conss, 0 chg bounds, 8 chg sides, 41 chg coeffs, 183 upgd conss, 0 impls, 187 clqs
   (0.0s) probing: 51/412 (12.4%) - 0 fixings, 0 aggregations, 0 implications, 0 bound changes
   (0.0s) probing aborted: 50/50 successive totally useless probings
   (0.0s) symmetry computation started: requiring (bin +, int +, cont +), (fixed: bin -, int -, cont -)
   (0.0s) no symmetry present (symcode time: 0.00)
presolving (8 rounds: 8 fast, 6 medium, 4 exhaustive):
 88 deleted vars, 14 deleted constraints, 0 added constraints, 0 tightened bounds, 0 added holes, 8 changed sides, 41 changed coefficients
 0 implications, 187 cliques
presolved problem has 412 variables (412 bin, 0 int, 0 impl, 0 cont) and 178 constraints
    178 constraints of type <setppc>
Presolving Time: 0.02

 time | node  | left  |LP iter|LP it/n|mem/heur|mdpt |vars |cons |rows |cuts |sepa|confs|strbr|  dualbound   | primalbound  |  gap   | compl. 
  0.1s|     1 |     0 |   971 |     - |  5165k |   0 | 412 | 178 | 178 |   0 |  0 |   0 |   0 | 7.408416e+03 |      --      |    Inf | unknown
d 0.1s|     1 |     0 |   971 |     - |coefdivi|   0 | 412 | 178 | 178 |   0 |  1 |   0 |   0 | 7.408416e+03 | 3.448746e+03 | 114.81%| unknown
d 0.1s|     1 |     0 |  1081 |     - |coefdivi|   0 | 412 | 178 | 178 |   0 |  1 |   0 |   0 | 7.408416e+03 | 4.353171e+03 |  70.18%| unknown
d 0.1s|     1 |     0 |  1086 |     - |coefdivi|   0 | 412 | 178 | 178 |   0 |  1 |   0 |   0 | 7.408416e+03 | 5.494876e+03 |  34.82%| unknown
d 0.1s|     1 |     0 |  1092 |     - |coefdivi|   0 | 412 | 178 | 178 |   0 |  1 |   0 |   0 | 7.408416e+03 | 6.924010e+03 |   7.00%| unknown
d 0.1s|     1 |     0 |  1094 |     - |coefdivi|   0 | 412 | 178 | 178 |   0 |  1 |   0 |   0 | 7.408416e+03 | 7.160065e+03 |   3.47%| unknown
  0.1s|     1 |     0 |  1094 |     - |  5276k |   0 | 412 | 178 | 178 |   0 |  1 |   0 |   0 | 7.408416e+03 | 7.160065e+03 |   3.47%| unknown
  0.1s|     1 |     0 |  1094 |     - |  5276k |   0 | 412 | 178 | 176 |   0 |  1 |   0 |   0 | 7.408416e+03 | 7.160065e+03 |   3.47%| unknown
  0.1s|     1 |     2 |  1094 |     - |  5399k |   0 | 412 | 176 | 176 |   0 |  2 |   0 |  19 | 7.365030e+03 | 7.160065e+03 |   2.86%| unknown

SCIP Status        : solving was interrupted [node limit reached]
Solving Time (sec) : 0.14
Solving Nodes      : 1
Primal Bound       : +7.16006466702474e+03 (27 solutions)
Dual Bound         : +7.36503005278820e+03
Gap                : 2.86 %
