presolving:
(round 1, fast)       0 del vars, 1 del conss, 0 add conss, 0 chg bounds, 0 chg sides, 0 chg coeffs, 0 upgd conss, 0 impls, 193 clqs
(round 2, fast)       1 del vars, 1 del conss, 0 add conss, 0 chg bounds, 0 chg sides, 0 chg coeffs, 0 upgd conss, 0 impls, 193 clqs
   (0.0s) running MILP presolver
   (0.0s) MILP presolver (2 rounds): 0 aggregations, 20 fixings, 0 bound changes
(round 3, medium)     21 del vars, 1 del conss, 0 add conss, 0 chg bounds, 0 chg sides, 0 chg coeffs, 0 upgd conss, 0 impls, 193 clqs
(round 4, exhaustive) 21 del vars, 4 del conss, 0 add conss, 0 chg bounds, 3 chg sides, 0 chg coeffs, 0 upgd conss, 0 impls, 193 clqs
(round 5, exhaustive) 21 del vars, 4 del conss, 0 add conss, 0 chg bounds, 3 chg sides, 0 chg coeffs, 190 upgd conss, 0 impls, 193 clqs
(round 6, medium)     56 del vars, 4 del conss, 0 add conss, 0 chg bounds, 3 chg sides, 35 chg coeffs, 190 upgd conss, 0 impls, 193 clqs
(round 7, fast)       68 del vars, 5 del conss, 0 add conss, 0 chg bounds, 3 chg sides, 35 chg coeffs, 190 upgd conss, 0 impls, 192 clqs
(round 8, exhaustive) 68 del vars, 9 del conss, 0 add conss, 0 chg bounds, 3 chg sides, 35 chg coeffs, 190 upgd conss, 0 impls, 192 clqs
   (0.0s) probing: 51/432 (11.8%) - 0 fixings, 0 aggregations, 0 implications, 0 bound changes
   (0.0s) probing aborted: 50/50 successive totally useless probings
   (0.0s) symmetry computation started: requiring (bin +, int +, cont +), (fixed: bin -, int -, cont -)
   (0.0s) no symmetry present (symcode time: 0.00)
presolving (9 rounds: 9 fast, 6 medium, 4 exhaustive):
 68 deleted vars, 9 deleted constraints, 0 added constraints, 0 tightened bounds, 0 added holes, 3 changed sides, 35 changed coefficients
 0 implications, 192 cliques
presolved problem has 432 variables (432 bin, 0 int, 0 impl, 0 cont) and 185 constraints
    185 constraints of type <setppc>
Presolving Time: 0.02

 time | node  | left  |LP iter|LP it/n|mem/heur|mdpt |vars |cons |rows |cuts |sepa|confs|strbr|  dualbound   | primalbound  |  gap   | compl. 
  0.1s|     1 |     0 |  1674 |     - |  5351k |   0 | 432 | 185 | 185 |   0 |  0 |   0 |   0 | 8.499807e+03 |      --      |    Inf | unknown
d 0.1s|     1 |     0 |  1674 |     - |coefdivi|   0 | 432 | 185 | 185 |   0 |  1 |   0 |   0 | 8.499807e+03 | 3.186226e+03 | 166.77%| unknown
d 0.1s|     1 |     0 |  1865 |     - |coefdivi|   0 | 432 | 185 | 185 |   0 |  1 |   0 |   0 | 8.499807e+03 | 3.850549e+03 | 120.74%| unknown
d 0.1s|     1 |     0 |  1958 |     - |coefdivi|   0 | 432 | 185 | 185 |   0 |  1 |   0 |   0 | 8.499807e+03 | 4.867582e+03 |  74.62%| unknown
d 0.1s|     1 |     0 |  1988 |     - |coefdivi|   0 | 432 | 185 | 185 |   0 |  1 |   0 |   0 | 8.499807e+03 | 7.811362e+03 |   8.81%| unknown
  0.1s|     1 |     0 |  1988 |     - |  5453k |   0 | 432 | 185 | 185 |   0 |  1 |   0 |   0 | 8.499807e+03 | 7.811362e+03 |   8.81%| unknown
  0.2s|     1 |     2 |  1988 |     - |  5527k |   0 | 432 | 185 | 185 |   0 |  2 |   0 |  24 | 8.467013e+03 | 7.811362e+03 |   8.39%| unknown

SCIP Status        : solving was interrupted [node limit reached]
Solving Time (sec) : 0.22
Solving Nodes      : 1
Primal Bound       : +7.81136247899498e+03 (28 solutions)
Dual Bound         : +8.46701299537531e+03
Gap                : 8.39 %
