presolving:
(round 1, fast)       1 del vars, 2 del conss, 0 add conss, 0 chg bounds, 0 chg sides, 0 chg coeffs, 0 upgd conss, 0 impls, 192 clqs
(round 2, fast)       2 del vars, 2 del conss, 0 add conss, 0 chg bounds, 0 chg sides, 0 chg coeffs, 0 upgd conss, 0 impls, 192 clqs
   (0.0s) running MILP presolver
   (0.0s) MILP presolver (2 rounds): 0 aggregations, 12 fixings, 0 bound changes
(round 3, medium)     14 del vars, 2 del conss, 0 add conss, 0 chg bounds, 0 chg sides, 0 chg coeffs, 0 upgd conss, 0 impls, 191 clqs
(round 4, fast)       14 del vars, 3 del conss, 0 add conss, 0 chg bounds, 0 chg sides, 0 chg coeffs, 0 upgd conss, 0 impls, 191 clqs
(round 5, exhaustive) 14 del vars, 6 del conss, 0 add conss, 0 chg bounds, 3 chg sides, 0 chg coeffs, 0 upgd conss, 0 impls, 191 clqs
(round 6, exhaustive) 14 del vars, 6 del conss, 0 add conss, 0 chg bounds, 3 chg sides, 0 chg coeffs, 188 upgd conss, 0 impls, 191 clqs
(round 7, medium)     49 del vars, 6 del conss, 0 add conss, 0 chg bounds, 3 chg sides, 35 chg coeffs, 188 upgd conss, 0 impls, 191 clqs
(round 8, fast)       57 del vars, 6 del conss, 0 add conss, 0 chg bounds, 3 chg sides, 35 chg coeffs, 188 upgd conss, 0 impls, 191 clqs
(round 9, exhaustive) 57 del vars, 7 del conss, 0 add conss, 0 chg bounds, 3 chg sides, 35 chg coeffs, 188 upgd conss, 0 impls, 191 clqs
   (0.0s) probing: 51/443 (11.5%) - 0 fixings, 0 aggregations, 0 implications, 0 bound changes
   (0.0s) probing aborted: 50/50 successive totally useless probings
   (0.0s) symmetry computation started: requiring (bin +, int +, cont +), (fixed: bin -, int -, cont -)
   (0.0s) no symmetry present (symcode time: 0.00)
presolving (10 rounds: 10 fast, 6 medium, 4 exhaustive):
 57 deleted vars, 7 deleted constraints, 0 added constraints, 0 tightened bounds, 0 added holes, 3 changed sides, 35 changed coefficients
 0 implications, 191 cliques
presolved problem has 443 variables (443 bin, 0 int, 0 impl, 0 cont) and 187 constraints
    187 constraints of type <setppc>
Presolving Time: 0.02

 time | node  | left  |LP iter|LP it/n|mem/heur|mdpt |vars |cons |rows |cuts |sepa|confs|strbr|  dualbound   | primalbound  |  gap   | compl. 
  0.1s|     1 |     0 |  2085 |     - |  5459k |   0 | 443 | 187 | 187 |   0 |  0 |   0 |   0 | 7.772977e+03 |      --      |    Inf | unknown
d 0.1s|     1 |     0 |  2085 |     - |coefdivi|   0 | 443 | 187 | 187 |   0 |  1 |   0 |   0 | 7.772977e+03 | 2.826309e+03 | 175.02%| unknown
d 0.1s|     1 |     0 |  2175 |     - |coefdivi|   0 | 443 | 187 | 187 |   0 |  1 |   0 |   0 | 7.772977e+03 | 4.344958e+03 |  78.90%| unknown
d 0.1s|     1 |     0 |  2247 |     - |coefdivi|   0 | 443 | 187 | 187 |   0 |  1 |   0 |   0 | 7.772977e+03 | 4.350677e+03 |  78.66%| unknown
d 0.1s|     1 |     0 |  2274 |     - |coefdivi|   0 | 443 | 187 | 187 |   0 |  1 |   0 |   0 | 7.772977e+03 | 5.105818e+03 |  52.24%| unknown
d 0.1s|     1 |     0 |  2290 |     - |coefdivi|   0 | 443 | 187 | 187 |   0 |  1 |   0 |   0 | 7.772977e+03 | 6.640472e+03 |  17.05%| unknown
  0.1s|     1 |     0 |  2290 |     - |  5573k |   0 | 443 | 187 | 187 |   0 |  1 |   0 |   0 | 7.772977e+03 | 6.640472e+03 |  17.05%| unknown
  0.2s|     1 |     2 |  2290 |     - |  5747k |   0 | 443 | 187 | 187 |   0 |  2 |   0 |  21 | 7.753576e+03 | 6.640472e+03 |  16.76%| unknown

SCIP Status        : solving was interrupted [node limit reached]
Solving Time (sec) : 0.18
Solving Nodes      : 1
Primal Bound       : +6.64047222861476e+03 (30 solutions)
Dual Bound         : +7.75357619059037e+03
Gap                : 16.76 %
