presolving:
(round 1, fast)       1 del vars, 1 del conss, 0 add conss, 0 chg bounds, 0 chg sides, 0 chg coeffs, 0 upgd conss, 0 impls, 193 clqs
   (0.0s) running MILP presolver
   (0.0s) MILP presolver (2 rounds): 0 aggregations, 14 fixings, 0 bound changes
(round 2, medium)     15 del vars, 1 del conss, 0 add conss, 0 chg bounds, 0 chg sides, 0 chg coeffs, 0 upgd conss, 0 impls, 193 clqs
(round 3, exhaustive) 15 del vars, 6 del conss, 0 add conss, 0 chg bounds, 5 chg sides, 0 chg coeffs, 0 upgd conss, 0 impls, 193 clqs
(round 4, exhaustive) 15 del vars, 6 del conss, 0 add conss, 0 chg bounds, 5 chg sides, 0 chg coeffs, 188 upgd conss, 0 impls, 193 clqs
(round 5, medium)     53 del vars, 6 del conss, 0 add conss, 0 chg bounds, 5 chg sides, 38 chg coeffs, 188 upgd conss, 0 impls, 193 clqs
(round 6, fast)       69 del vars, 6 del conss, 0 add conss, 0 chg bounds, 5 chg sides, 38 chg coeffs, 188 upgd conss, 0 impls, 193 clqs
(round 7, exhaustive) 69 del vars, 7 del conss, 0 add conss, 0 chg bounds, 5 chg sides, 38 chg coeffs, 188 upgd conss, 0 impls, 193 clqs
   (0.0s) probing: 51/431 (11.8%) - 0 fixings, 0 aggregations, 0 implications, 0 bound changes
   (0.0s) probing aborted: 50/50 successive totally useless probings
   (0.0s) symmetry computation started: requiring (bin +, int +, cont +), (fixed: bin -, int -, cont -)
   (0.0s) no symmetry present (symcode time: 0.00)
presolving (8 rounds: 8 fast, 6 medium, 4 exhaustive):
 69 deleted vars, 7 deleted constraints, 0 added constraints, 0 tightened bounds, 0 added holes, 5 changed sides, 38 changed coefficients
 0 implications, 193 cliques
presolved problem has 431 variables (431 bin, 0 int, 0 impl, 0 cont) and 187 constraints
    187 constraints of type <setppc>
Presolving Time: 0.02

 time | node  | left  |LP iter|LP it/n|mem/heur|mdpt |vars |cons |rows |cuts |sepa|confs|strbr|  dualbound   | primalbound  |  gap   | compl. 
  0.1s|     1 |     0 |  1214 |     - |  5463k |   0 | 431 | 187 | 187 |   0 |  0 |   0 |   0 | 7.935737e+03 |      --      |    Inf | unknown
d 0.1s|     1 |     0 |  1214 |     - |coefdivi|   0 | 431 | 187 | 187 |   0 |  1 |   0 |   0 | 7.935737e+03 | 3.041035e+03 | 160.96%| unknown
d 0.1s|     1 |     0 |  1339 |     - |coefdivi|   0 | 431 | 187 | 187 |   0 |  1 |   0 |   0 | 7.935737e+03 | 4.668237e+03 |  69.99%| unknown
d 0.1s|     1 |     0 |  1408 |     - |coefdivi|   0 | 431 | 187 | 187 |   0 |  1 |   0 |   0 | 7.935737e+03 | 7.038289e+03 |  12.75%| unknown
  0.1s|     1 |     0 |  1408 |     - |  5589k |   0 | 431 | 187 | 187 |   0 |  1 |   0 |   0 | 7.935737e+03 | 7.038289e+03 |  12.75%| unknown
  0.2s|     1 |     2 |  1408 |     - |  5687k |   0 | 431 | 187 | 187 |   0 |  2 |   0 |  19 | 7.896328e+03 | 7.038289e+03 |  12.19%| unknown

SCIP Status        : solving was interrupted [node limit reached]
Solving Time (sec) : 0.18
Solving Nodes      : 1
Primal Bound       : +7.03828866499593e+03 (25 solutions)
Dual Bound         : +7.89632758139082e+03
Gap                : 12.19 %
