presolving:
(round 1, fast)       0 del vars, 1 del conss, 0 add conss, 0 chg bounds, 0 chg sides, 0 chg coeffs, 0 upgd conss, 0 impls, 192 clqs
   (0.0s) running MILP presolver
   (0.0s) MILP presolver (2 rounds): 0 aggregations, 20 fixings, 0 bound changes
(round 2, medium)     20 del vars, 1 del conss, 0 add conss, 0 chg bounds, 0 chg sides, 0 chg coeffs, 0 upgd conss, 0 impls, 192 clqs
(round 3, exhaustive) 20 del vars, 6 del conss, 0 add conss, 0 chg bounds, 5 chg sides, 0 chg coeffs, 0 upgd conss, 0 impls, 192 clqs
(round 4, exhaustive) 20 del vars, 6 del conss, 0 add conss, 0 chg bounds, 5 chg sides, 0 chg coeffs, 187 upgd conss, 0 impls, 192 clqs
(round 5, medium)     64 del vars, 6 del conss, 0 add conss, 0 chg bounds, 5 chg sides, 44 chg coeffs, 187 upgd conss, 0 impls, 192 clqs
(round 6, fast)       96 del vars, 10 del conss, 0 add conss, 0 chg bounds, 5 chg sides, 44 chg coeffs, 187 upgd conss, 0 impls, 186 clqs
   (0.0s) running MILP presolver
   (0.0s) MILP presolver (2 rounds): 0 aggregations, 2 fixings, 0 bound changes
(round 7, medium)     98 del vars, 10 del conss, 0 add conss, 0 chg bounds, 5 chg sides, 44 chg coeffs, 187 upgd conss, 0 impls, 186 clqs
(round 8, exhaustive) 98 del vars, 16 del conss, 0 add conss, 0 chg bounds, 5 chg sides, 44 chg coeffs, 187 upgd conss, 0 impls, 186 clqs
   (0.0s) probing: 51/402 (12.7%) - 0 fixings, 0 aggregations, 0 implications, 0 bound changes
   (0.0s) probing aborted: 50/50 successive totally useless probings
   (0.0s) symmetry computation started: requiring (bin +, int +, cont +), (fixed: bin -, int -, cont -)
   (0.0s) no symmetry present (symcode time: 0.00)
presolving (9 rounds: 9 fast, 7 medium, 4 exhaustive):
 98 deleted vars, 16 deleted constraints, 0 added constraints, 0 tightened bounds, 0 added holes, 5 changed sides, 44 changed coefficients
 0 implications, 186 cliques
presolved problem has 402 variables (402 bin, 0 int, 0 impl, 0 cont) and 177 constraints
    177 constraints of type <setppc>
Presolving Time: 0.02

 time | node  | left  |LP iter|LP it/n|mem/heur|mdpt |vars |cons |rows |cuts |sepa|confs|strbr|  dualbound   | primalbound  |  gap   | compl. 
  0.1s|     1 |     0 |  1316 |     - |  5091k |   0 | 402 | 177 | 177 |   0 |  0 |   0 |   0 | 7.578050e+03 |      --      |    Inf | unknown
d 0.1s|     1 |     0 |  1316 |     - |coefdivi|   0 | 402 | 177 | 177 |   0 |  1 |   0 |   0 | 7.578050e+03 | 4.107992e+03 |  84.47%| unknown
d 0.1s|     1 |     0 |  1423 |     - |coefdivi|   0 | 402 | 177 | 177 |   0 |  1 |   0 |   0 | 7.578050e+03 | 4.989379e+03 |  51.88%| unknown
d 0.1s|     1 |     0 |  1435 |     - |coefdivi|   0 | 402 | 177 | 177 |   0 |  1 |   0 |   0 | 7.578050e+03 | 7.314131e+03 |   3.61%| unknown
  0.1s|     1 |     0 |  1435 |     - |  5172k |   0 | 402 | 177 | 177 |   0 |  1 |   0 |   0 | 7.578050e+03 | 7.314131e+03 |   3.61%| unknown
  0.1s|     1 |     0 |  1435 |     - |  5172k |   0 | 402 | 177 | 176 |   0 |  1 |   0 |   0 | 7.578050e+03 | 7.314131e+03 |   3.61%| unknown
  0.2s|     1 |     2 |  1435 |     - |  5417k |   0 | 402 | 176 | 176 |   0 |  2 |   0 |  19 | 7.523316e+03 | 7.314131e+03 |   2.86%| unknown

SCIP Status        : solving was interrupted [node limit reached]
Solving Time (sec) : 0.19
Solving Nodes      : 1
Primal Bound       : +7.31413138708247e+03 (30 solutions)
Dual Bound         : +7.52331617133942e+03
Gap                : 2.86 %
