presolving:
   (0.0s) running MILP presolver
   (0.0s) MILP presolver (2 rounds): 0 aggregations, 20 fixings, 0 bound changes
(round 1, medium)     20 del vars, 0 del conss, 0 add conss, 0 chg bounds, 0 chg sides, 0 chg coeffs, 0 upgd conss, 0 impls, 191 clqs
(round 2, exhaustive) 20 del vars, 5 del conss, 0 add conss, 0 chg bounds, 5 chg sides, 0 chg coeffs, 0 upgd conss, 0 impls, 191 clqs
(round 3, exhaustive) 20 del vars, 5 del conss, 0 add conss, 0 chg bounds, 5 chg sides, 0 chg coeffs, 186 upgd conss, 0 impls, 191 clqs
(round 4, medium)     61 del vars, 5 del conss, 0 add conss, 0 chg bounds, 5 chg sides, 41 chg coeffs, 186 upgd conss, 0 impls, 191 clqs
(round 5, fast)       95 del vars, 7 del conss, 0 add conss, 0 chg bounds, 5 chg sides, 41 chg coeffs, 186 upgd conss, 0 impls, 188 clqs
   (0.0s) running MILP presolver
   (0.0s) MILP presolver found nothing
(round 6, exhaustive) 95 del vars, 13 del conss, 0 add conss, 0 chg bounds, 5 chg sides, 41 chg coeffs, 186 upgd conss, 0 impls, 188 clqs
   (0.0s) probing: 51/405 (12.6%) - 0 fixings, 0 aggregations, 0 implications, 0 bound changes
   (0.0s) probing aborted: 50/50 successive totally useless probings
   (0.0s) symmetry computation started: requiring (bin +, int +, cont +), (fixed: bin -, int -, cont -)
   (0.0s) no symmetry present (symcode time: 0.00)
presolving (7 rounds: 7 fast, 6 medium, 4 exhaustive):
 95 deleted vars, 13 deleted constraints, 0 added constraints, 0 tightened bounds, 0 added holes, 5 changed sides, 41 changed coefficients
 0 implications, 188 cliques
presolved problem has 405 variables (405 bin, 0 int, 0 impl, 0 cont) and 178 constraints
    178 constraints of type <setppc>
Presolving Time: 0.02

 time | node  | left  |LP iter|LP it/n|mem/heur|mdpt |vars |cons |rows |cuts |sepa|confs|strbr|  dualbound   | primalbound  |  gap   | compl. 
  0.1s|     1 |     0 |  1137 |     - |  5251k |   0 | 405 | 178 | 178 |   0 |  0 |   0 |   0 | 7.642422e+03 |      --      |    Inf | unknown
d 0.1s|     1 |     0 |  1137 |     - |coefdivi|   0 | 405 | 178 | 178 |   0 |  1 |   0 |   0 | 7.642422e+03 | 3.627500e+03 | 110.68%| unknown
d 0.1s|     1 |     0 |  1220 |     - |coefdivi|   0 | 405 | 178 | 178 |   0 |  1 |   0 |   0 | 7.642422e+03 | 4.572682e+03 |  67.13%| unknown
d 0.1s|     1 |     0 |  1259 |     - |coefdivi|   0 | 405 | 178 | 178 |   0 |  1 |   0 |   0 | 7.642422e+03 | 4.886200e+03 |  56.41%| unknown
d 0.1s|     1 |     0 |  1277 |     - |coefdivi|   0 | 405 | 178 | 178 |   0 |  1 |   0 |   0 | 7.642422e+03 | 6.857782e+03 |  11.44%| unknown
  0.1s|     1 |     0 |  1277 |     - |  5367k |   0 | 405 | 178 | 178 |   0 |  1 |   0 |   0 | 7.642422e+03 | 6.857782e+03 |  11.44%| unknown
  0.2s|     1 |     2 |  1277 |     - |  5526k |   0 | 405 | 178 | 178 |   0 |  2 |   0 |  47 | 7.593882e+03 | 6.857782e+03 |  10.73%| unknown

SCIP Status        : solving was interrupted [node limit reached]
Solving Time (sec) : 0.24
Solving Nodes      : 1
Primal Bound       : +6.85778163733848e+03 (50 solutions)
Dual Bound         : +7.59388220724852e+03
Gap                : 10.73 %
