presolving:
   (0.0s) running MILP presolver
   (0.0s) MILP presolver (2 rounds): 0 aggregations, 16 fixings, 0 bound changes
(round 1, medium)     16 del vars, 0 del conss, 0 add conss, 0 chg bounds, 0 chg sides, 0 chg coeffs, 0 upgd conss, 0 impls, 190 clqs
(round 2, exhaustive) 16 del vars, 2 del conss, 0 add conss, 0 chg bounds, 2 chg sides, 0 chg coeffs, 0 upgd conss, 0 impls, 190 clqs
(round 3, exhaustive) 16 del vars, 2 del conss, 0 add conss, 0 chg bounds, 2 chg sides, 0 chg coeffs, 188 upgd conss, 0 impls, 190 clqs
(round 4, medium)     56 del vars, 2 del conss, 0 add conss, 0 chg bounds, 2 chg sides, 40 chg coeffs, 188 upgd conss, 0 impls, 190 clqs
(round 5, fast)       65 del vars, 2 del conss, 0 add conss, 0 chg bounds, 2 chg sides, 40 chg coeffs, 188 upgd conss, 0 impls, 190 clqs
(round 6, exhaustive) 65 del vars, 6 del conss, 0 add conss, 0 chg bounds, 2 chg sides, 40 chg coeffs, 188 upgd conss, 0 impls, 190 clqs
   (0.0s) probing: 51/435 (11.7%) - 0 fixings, 0 aggregations, 0 implications, 0 bound changes
   (0.0s) probing aborted: 50/50 successive totally useless probings
   (0.0s) symmetry computation started: requiring (bin +, int +, cont +), (fixed: bin -, int -, cont -)
   (0.0s) no symmetry present (symcode time: 0.00)
presolving (7 rounds: 7 fast, 6 medium, 4 exhaustive):
 65 deleted vars, 6 deleted constraints, 0 added constraints, 0 tightened bounds, 0 added holes, 2 changed sides, 40 changed coefficients
 0 implications, 190 cliques
presolved problem has 435 variables (435 bin, 0 int, 0 impl, 0 cont) and 184 constraints
    184 constraints of type <setppc>
Presolving Time: 0.02

 time | node  | left  |LP iter|LP it/n|mem/heur|mdpt |vars |cons |rows |cuts |sepa|confs|strbr|  dualbound   | primalbound  |  gap   | compl. 
  0.1s|     1 |     0 |  1328 |     - |  5557k |   0 | 435 | 184 | 184 |   0 |  0 |   0 |   0 | 7.799175e+03 |      --      |    Inf | unknown
d 0.1s|     1 |     0 |  1328 |     - |coefdivi|   0 | 435 | 184 | 184 |   0 |  1 |   0 |   0 | 7.799175e+03 | 2.720947e+03 | 186.63%| unknown
d 0.1s|     1 |     0 |  1452 |     - |coefdivi|   0 | 435 | 184 | 184 |   0 |  1 |   0 |   0 | 7.799175e+03 | 3.725861e+03 | 109.33%| unknown
d 0.1s|     1 |     0 |  1502 |     - |coefdivi|   0 | 435 | 184 | 184 |   0 |  1 |   0 |   0 | 7.799175e+03 | 4.463288e+03 |  74.74%| unknown
d 0.1s|     1 |     0 |  1551 |     - |coefdivi|   0 | 435 | 184 | 184 |   0 |  1 |   0 |   0 | 7.799175e+03 | 5.253977e+03 |  48.44%| unknown
d 0.1s|     1 |     0 |  1573 |     - |coefdivi|   0 | 435 | 184 | 184 |   0 |  1 |   0 |   0 | 7.799175e+03 | 6.627656e+03 |  17.68%| unknown
  0.1s|     1 |     0 |  1573 |     - |  5656k |   0 | 435 | 184 | 184 |   0 |  1 |   0 |   0 | 7.799175e+03 | 6.627656e+03 |  17.68%| unknown
  0.2s|     1 |     2 |  1573 |     - |  5770k |   0 | 435 | 184 | 184 |   0 |  2 |   0 |  19 | 7.750725e+03 | 6.627656e+03 |  16.95%| unknown

SCIP Status        : solving was interrupted [node limit reached]
Solving Time (sec) : 0.17
Solving Nodes      : 1
Primal Bound       : +6.62765631647114e+03 (29 solutions)
Dual Bound         : +7.75072541223220e+03
Gap                : 16.95 %
