presolving:
(round 1, fast)       0 del vars, 1 del conss, 0 add conss, 0 chg bounds, 0 chg sides, 0 chg coeffs, 0 upgd conss, 0 impls, 191 clqs
   (0.0s) running MILP presolver
   (0.0s) MILP presolver (2 rounds): 0 aggregations, 23 fixings, 0 bound changes
(round 2, medium)     23 del vars, 1 del conss, 0 add conss, 0 chg bounds, 0 chg sides, 0 chg coeffs, 0 upgd conss, 0 impls, 190 clqs
(round 3, fast)       23 del vars, 2 del conss, 0 add conss, 0 chg bounds, 0 chg sides, 0 chg coeffs, 0 upgd conss, 0 impls, 190 clqs
(round 4, exhaustive) 23 del vars, 8 del conss, 0 add conss, 0 chg bounds, 6 chg sides, 0 chg coeffs, 0 upgd conss, 0 impls, 190 clqs
(round 5, exhaustive) 23 del vars, 8 del conss, 0 add conss, 0 chg bounds, 6 chg sides, 0 chg coeffs, 184 upgd conss, 0 impls, 190 clqs
(round 6, medium)     68 del vars, 8 del conss, 0 add conss, 0 chg bounds, 6 chg sides, 45 chg coeffs, 184 upgd conss, 0 impls, 190 clqs
(round 7, fast)       122 del vars, 11 del conss, 0 add conss, 0 chg bounds, 6 chg sides, 45 chg coeffs, 184 upgd conss, 0 impls, 184 clqs
   (0.0s) running MILP presolver
   (0.0s) MILP presolver (2 rounds): 0 aggregations, 2 fixings, 0 bound changes
(round 8, medium)     124 del vars, 11 del conss, 0 add conss, 0 chg bounds, 6 chg sides, 45 chg coeffs, 184 upgd conss, 0 impls, 184 clqs
(round 9, exhaustive) 124 del vars, 20 del conss, 0 add conss, 0 chg bounds, 6 chg sides, 45 chg coeffs, 184 upgd conss, 0 impls, 184 clqs
   (0.0s) probing: 51/376 (13.6%) - 0 fixings, 0 aggregations, 0 implications, 0 bound changes
   (0.0s) probing aborted: 50/50 successive totally useless probings
   (0.0s) symmetry computation started: requiring (bin +, int +, cont +), (fixed: bin -, int -, cont -)
   (0.0s) no symmetry present (symcode time: 0.00)
presolving (10 rounds: 10 fast, 7 medium, 4 exhaustive):
 124 deleted vars, 20 deleted constraints, 0 added constraints, 0 tightened bounds, 0 added holes, 6 changed sides, 45 changed coefficients
 0 implications, 184 cliques
presolved problem has 376 variables (376 bin, 0 int, 0 impl, 0 cont) and 172 constraints
    172 constraints of type <setppc>
Presolving Time: 0.02

 time | node  | left  |LP iter|LP it/n|mem/heur|mdpt |vars |cons |rows |cuts |sepa|confs|strbr|  dualbound   | primalbound  |  gap   | compl. 
  0.1s|     1 |     0 |  1330 |     - |  4957k |   0 | 376 | 172 | 172 |   0 |  0 |   0 |   0 | 7.347086e+03 |      --      |    Inf | unknown
d 0.1s|     1 |     0 |  1330 |     - |coefdivi|   0 | 376 | 172 | 172 |   0 |  1 |   0 |   0 | 7.347086e+03 | 3.347650e+03 | 119.47%| unknown
d 0.1s|     1 |     0 |  1460 |     - |coefdivi|   0 | 376 | 172 | 172 |   0 |  1 |   0 |   0 | 7.347086e+03 | 4.518464e+03 |  62.60%| unknown
d 0.1s|     1 |     0 |  1492 |     - |coefdivi|   0 | 376 | 172 | 172 |   0 |  1 |   0 |   0 | 7.347086e+03 | 5.165243e+03 |  42.24%| unknown
d 0.1s|     1 |     0 |  1504 |     - |coefdivi|   0 | 376 | 172 | 172 |   0 |  1 |   0 |   0 | 7.347086e+03 | 6.523581e+03 |  12.62%| unknown
  0.1s|     1 |     0 |  1504 |     - |  5060k |   0 | 376 | 172 | 172 |   0 |  1 |   0 |   0 | 7.347086e+03 | 6.523581e+03 |  12.62%| unknown
  0.3s|     1 |     2 |  1504 |     - |  5491k |   0 | 376 | 172 | 172 |   0 |  2 |   0 |  53 | 7.308204e+03 | 6.523581e+03 |  12.03%| unknown

SCIP Status        : solving was interrupted [node limit reached]
Solving Time (sec) : 0.25
Solving Nodes      : 1
Primal Bound       : +6.52358093618051e+03 (62 solutions)
Dual Bound         : +7.30820362365859e+03
Gap                : 12.03 %
