presolving:
(round 1, fast)       0 del vars, 1 del conss, 0 add conss, 0 chg bounds, 0 chg sides, 0 chg coeffs, 0 upgd conss, 0 impls, 189 clqs
   (0.0s) running MILP presolver
   (0.0s) MILP presolver (2 rounds): 0 aggregations, 11 fixings, 0 bound changes
(round 2, medium)     11 del vars, 1 del conss, 0 add conss, 0 chg bounds, 0 chg sides, 0 chg coeffs, 0 upgd conss, 0 impls, 189 clqs
(round 3, exhaustive) 11 del vars, 3 del conss, 0 add conss, 0 chg bounds, 2 chg sides, 0 chg coeffs, 0 upgd conss, 0 impls, 189 clqs
(round 4, exhaustive) 11 del vars, 3 del conss, 0 add conss, 0 chg bounds, 2 chg sides, 0 chg coeffs, 187 upgd conss, 0 impls, 189 clqs
(round 5, medium)     44 del vars, 3 del conss, 0 add conss, 0 chg bounds, 2 chg sides, 33 chg coeffs, 187 upgd conss, 0 impls, 189 clqs
(round 6, fast)       56 del vars, 4 del conss, 0 add conss, 0 chg bounds, 2 chg sides, 33 chg coeffs, 187 upgd conss, 0 impls, 188 clqs
(round 7, exhaustive) 56 del vars, 7 del conss, 0 add conss, 0 chg bounds, 2 chg sides, 33 chg coeffs, 187 upgd conss, 0 impls, 188 clqs
   (0.0s) probing: 51/444 (11.5%) - 0 fixings, 0 aggregations, 0 implications, 0 bound changes
   (0.0s) probing aborted: 50/50 successive totally useless probings
   (0.0s) symmetry computation started: requiring (bin +, int +, cont +), (fixed: bin -, int -, cont -)
   (0.0s) no symmetry present (symcode time: 0.00)
presolving (8 rounds: 8 fast, 6 medium, 4 exhaustive):
 56 deleted vars, 7 deleted constraints, 0 added constraints, 0 tightened bounds, 0 added holes, 2 changed sides, 33 changed coefficients
 0 implications, 188 cliques
presolved problem has 444 variables (444 bin, 0 int, 0 impl, 0 cont) and 183 constraints
    183 constraints of type <setppc>
Presolving Time: 0.02

 time | node  | left  |LP iter|LP it/n|mem/heur|mdpt |vars |cons |rows |cuts |sepa|confs|strbr|  dualbound   | primalbound  |  gap   | compl. 
  0.1s|     1 |     0 |  1303 |     - |  5695k |   0 | 444 | 183 | 183 |   0 |  0 |   0 |   0 | 7.489852e+03 |      --      |    Inf | unknown
d 0.1s|     1 |     0 |  1303 |     - |coefdivi|   0 | 444 | 183 | 183 |   0 |  1 |   0 |   0 | 7.489852e+03 | 2.524971e+03 | 196.63%| unknown
d 0.1s|     1 |     0 |  1448 |     - |coefdivi|   0 | 444 | 183 | 183 |   0 |  1 |   0 |   0 | 7.489852e+03 | 3.794205e+03 |  97.40%| unknown
d 0.1s|     1 |     0 |  1493 |     - |coefdivi|   0 | 444 | 183 | 183 |   0 |  1 |   0 |   0 | 7.489852e+03 | 5.714790e+03 |  31.06%| unknown
d 0.1s|     1 |     0 |  1507 |     - |coefdivi|   0 | 444 | 183 | 183 |   0 |  1 |   0 |   0 | 7.489852e+03 | 6.548657e+03 |  14.37%| unknown
d 0.1s|     1 |     0 |  1512 |     - |coefdivi|   0 | 444 | 183 | 183 |   0 |  1 |   0 |   0 | 7.489852e+03 | 6.554051e+03 |  14.28%| unknown
  0.1s|     1 |     0 |  1512 |     - |  5821k |   0 | 444 | 183 | 183 |   0 |  1 |   0 |   0 | 7.489852e+03 | 6.554051e+03 |  14.28%| unknown
  0.2s|     1 |     2 |  1512 |     - |  5925k |   0 | 444 | 183 | 183 |   0 |  2 |   0 |  21 | 7.442144e+03 | 6.554051e+03 |  13.55%| unknown

SCIP Status        : solving was interrupted [node limit reached]
Solving Time (sec) : 0.18
Solving Nodes      : 1
Primal Bound       : +6.55405126474769e+03 (30 solutions)
Dual Bound         : +7.44214378735589e+03
Gap                : 13.55 %
