presolving:
   (0.0s) running MILP presolver
   (0.0s) MILP presolver (2 rounds): 0 aggregations, 13 fixings, 0 bound changes
(round 1, medium)     13 del vars, 0 del conss, 0 add conss, 0 chg bounds, 0 chg sides, 0 chg coeffs, 0 upgd conss, 0 impls, 190 clqs
(round 2, fast)       13 del vars, 1 del conss, 0 add conss, 0 chg bounds, 0 chg sides, 0 chg coeffs, 0 upgd conss, 0 impls, 190 clqs
(round 3, exhaustive) 13 del vars, 6 del conss, 0 add conss, 0 chg bounds, 5 chg sides, 0 chg coeffs, 0 upgd conss, 0 impls, 190 clqs
(round 4, exhaustive) 13 del vars, 6 del conss, 0 add conss, 0 chg bounds, 5 chg sides, 0 chg coeffs, 185 upgd conss, 0 impls, 190 clqs
(round 5, medium)     54 del vars, 6 del conss, 0 add conss, 0 chg bounds, 5 chg sides, 41 chg coeffs, 185 upgd conss, 0 impls, 190 clqs
(round 6, fast)       63 del vars, 6 del conss, 0 add conss, 0 chg bounds, 5 chg sides, 41 chg coeffs, 185 upgd conss, 0 impls, 189 clqs
(round 7, exhaustive) 63 del vars, 9 del conss, 0 add conss, 0 chg bounds, 5 chg sides, 41 chg coeffs, 185 upgd conss, 0 impls, 189 clqs
   (0.0s) probing: 51/437 (11.7%) - 0 fixings, 0 aggregations, 0 implications, 0 bound changes
   (0.0s) probing aborted: 50/50 successive totally useless probings
   (0.0s) symmetry computation started: requiring (bin +, int +, cont +), (fixed: bin -, int -, cont -)
   (0.0s) no symmetry present (symcode time: 0.00)
presolving (8 rounds: 8 fast, 6 medium, 4 exhaustive):
 63 deleted vars, 9 deleted constraints, 0 added constraints, 0 tightened bounds, 0 added holes, 5 changed sides, 41 changed coefficients
 0 implications, 189 cliques
presolved problem has 437 variables (437 bin, 0 int, 0 impl, 0 cont) and 182 constraints
    182 constraints of type <setppc>
Presolving Time: 0.02

 time | node  | left  |LP iter|LP it/n|mem/heur|mdpt |vars |cons |rows |cuts |sepa|confs|strbr|  dualbound   | primalbound  |  gap   | compl. 
  0.1s|     1 |     0 |  2121 |     - |  5417k |   0 | 437 | 182 | 182 |   0 |  0 |   0 |   0 | 8.069880e+03 |      --      |    Inf | unknown
d 0.1s|     1 |     0 |  2121 |     - |coefdivi|   0 | 437 | 182 | 182 |   0 |  1 |   0 |   0 | 8.069880e+03 | 3.215821e+03 | 150.94%| unknown
d 0.1s|     1 |     0 |  2255 |     - |coefdivi|   0 | 437 | 182 | 182 |   0 |  1 |   0 |   0 | 8.069880e+03 | 4.051217e+03 |  99.20%| unknown
d 0.1s|     1 |     0 |  2312 |     - |coefdivi|   0 | 437 | 182 | 182 |   0 |  1 |   0 |   0 | 8.069880e+03 | 5.872975e+03 |  37.41%| unknown
d 0.2s|     1 |     0 |  2329 |     - |coefdivi|   0 | 437 | 182 | 182 |   0 |  1 |   0 |   0 | 8.069880e+03 | 7.277555e+03 |  10.89%| unknown
d 0.2s|     1 |     0 |  2330 |     - |coefdivi|   0 | 437 | 182 | 182 |   0 |  1 |   0 |   0 | 8.069880e+03 | 7.438978e+03 |   8.48%| unknown
  0.2s|     1 |     0 |  2330 |     - |  5524k |   0 | 437 | 182 | 182 |   0 |  1 |   0 |   0 | 8.069880e+03 | 7.438978e+03 |   8.48%| unknown
  0.4s|     1 |     2 |  2330 |     - |  5907k |   0 | 437 | 182 | 182 |   0 |  2 |   0 |  54 | 8.034615e+03 | 7.438978e+03 |   8.01%| unknown

SCIP Status        : solving was interrupted [node limit reached]
Solving Time (sec) : 0.41
Solving Nodes      : 1
Primal Bound       : +7.43897840779085e+03 (62 solutions)
Dual Bound         : +8.03461501634636e+03
Gap                : 8.01 %
