presolving:
   (0.0s) running MILP presolver
   (0.0s) MILP presolver (2 rounds): 0 aggregations, 12 fixings, 0 bound changes
(round 1, medium)     12 del vars, 0 del conss, 0 add conss, 0 chg bounds, 0 chg sides, 0 chg coeffs, 0 upgd conss, 0 impls, 195 clqs
(round 2, exhaustive) 12 del vars, 6 del conss, 0 add conss, 0 chg bounds, 6 chg sides, 0 chg coeffs, 0 upgd conss, 0 impls, 195 clqs
(round 3, exhaustive) 12 del vars, 6 del conss, 0 add conss, 0 chg bounds, 6 chg sides, 0 chg coeffs, 189 upgd conss, 0 impls, 195 clqs
(round 4, medium)     47 del vars, 6 del conss, 0 add conss, 0 chg bounds, 6 chg sides, 35 chg coeffs, 189 upgd conss, 0 impls, 195 clqs
(round 5, fast)       55 del vars, 6 del conss, 0 add conss, 0 chg bounds, 6 chg sides, 35 chg coeffs, 189 upgd conss, 0 impls, 194 clqs
   (0.0s) probing: 51/445 (11.5%) - 0 fixings, 0 aggregations, 0 implications, 0 bound changes
   (0.0s) probing aborted: 50/50 successive totally useless probings
   (0.0s) symmetry computation started: requiring (bin +, int +, cont +), (fixed: bin -, int -, cont -)
   (0.0s) no symmetry present (symcode time: 0.00)
presolving (6 rounds: 6 fast, 5 medium, 3 exhaustive):
 55 deleted vars, 6 deleted constraints, 0 added constraints, 0 tightened bounds, 0 added holes, 6 changed sides, 35 changed coefficients
 0 implications, 194 cliques
presolved problem has 445 variables (445 bin, 0 int, 0 impl, 0 cont) and 189 constraints
    189 constraints of type <setppc>
Presolving Time: 0.02

 time | node  | left  |LP iter|LP it/n|mem/heur|mdpt |vars |cons |rows |cuts |sepa|confs|strbr|  dualbound   | primalbound  |  gap   | compl. 
  0.1s|     1 |     0 |  1051 |     - |  5899k |   0 | 445 | 189 | 189 |   0 |  0 |   0 |   0 | 7.509488e+03 |      --      |    Inf | unknown
d 0.1s|     1 |     0 |  1051 |     - |coefdivi|   0 | 445 | 189 | 189 |   0 |  1 |   0 |   0 | 7.509488e+03 | 2.311805e+03 | 224.83%| unknown
d 0.1s|     1 |     0 |  1173 |     - |coefdivi|   0 | 445 | 189 | 189 |   0 |  1 |   0 |   0 | 7.509488e+03 | 3.616565e+03 | 107.64%| unknown
d 0.1s|     1 |     0 |  1204 |     - |coefdivi|   0 | 445 | 189 | 189 |   0 |  1 |   0 |   0 | 7.509488e+03 | 6.273931e+03 |  19.69%| unknown
d 0.1s|     1 |     0 |  1206 |     - |coefdivi|   0 | 445 | 189 | 189 |   0 |  1 |   0 |   0 | 7.509488e+03 | 6.703278e+03 |  12.03%| unknown
  0.1s|     1 |     0 |  1206 |     - |  6014k |   0 | 445 | 189 | 189 |   0 |  1 |   0 |   0 | 7.509488e+03 | 6.703278e+03 |  12.03%| unknown
  0.2s|     1 |     2 |  1206 |     - |  6112k |   0 | 445 | 189 | 189 |   0 |  2 |   0 |  19 | 7.475872e+03 | 6.703278e+03 |  11.53%| unknown

SCIP Status        : solving was interrupted [node limit reached]
Solving Time (sec) : 0.16
Solving Nodes      : 1
Primal Bound       : +6.70327760856204e+03 (23 solutions)
Dual Bound         : +7.47587182245217e+03
Gap                : 11.53 %
