presolving:
(round 1, fast)       0 del vars, 1 del conss, 0 add conss, 0 chg bounds, 0 chg sides, 0 chg coeffs, 0 upgd conss, 0 impls, 188 clqs
(round 2, fast)       1 del vars, 1 del conss, 0 add conss, 0 chg bounds, 0 chg sides, 0 chg coeffs, 0 upgd conss, 0 impls, 188 clqs
   (0.0s) running MILP presolver
   (0.0s) MILP presolver (2 rounds): 0 aggregations, 21 fixings, 0 bound changes
(round 3, medium)     22 del vars, 1 del conss, 0 add conss, 0 chg bounds, 0 chg sides, 0 chg coeffs, 0 upgd conss, 0 impls, 188 clqs
(round 4, exhaustive) 22 del vars, 4 del conss, 0 add conss, 0 chg bounds, 3 chg sides, 0 chg coeffs, 0 upgd conss, 0 impls, 188 clqs
(round 5, exhaustive) 22 del vars, 4 del conss, 0 add conss, 0 chg bounds, 3 chg sides, 0 chg coeffs, 185 upgd conss, 0 impls, 188 clqs
(round 6, medium)     67 del vars, 4 del conss, 0 add conss, 0 chg bounds, 3 chg sides, 45 chg coeffs, 185 upgd conss, 0 impls, 188 clqs
(round 7, fast)       101 del vars, 5 del conss, 0 add conss, 0 chg bounds, 3 chg sides, 45 chg coeffs, 185 upgd conss, 0 impls, 186 clqs
   (0.0s) running MILP presolver
   (0.0s) MILP presolver (2 rounds): 0 aggregations, 2 fixings, 0 bound changes
(round 8, medium)     103 del vars, 5 del conss, 0 add conss, 0 chg bounds, 3 chg sides, 45 chg coeffs, 185 upgd conss, 0 impls, 186 clqs
(round 9, exhaustive) 103 del vars, 10 del conss, 0 add conss, 0 chg bounds, 3 chg sides, 45 chg coeffs, 185 upgd conss, 0 impls, 186 clqs
   (0.0s) probing: 51/397 (12.8%) - 0 fixings, 0 aggregations, 0 implications, 0 bound changes
   (0.0s) probing aborted: 50/50 successive totally useless probings
   (0.0s) symmetry computation started: requiring (bin +, int +, cont +), (fixed: bin -, int -, cont -)
   (0.0s) no symmetry present (symcode time: 0.00)
presolving (10 rounds: 10 fast, 7 medium, 4 exhaustive):
 103 deleted vars, 10 deleted constraints, 0 added constraints, 0 tightened bounds, 0 added holes, 3 changed sides, 45 changed coefficients
 0 implications, 186 cliques
presolved problem has 397 variables (397 bin, 0 int, 0 impl, 0 cont) and 179 constraints
    179 constraints of type <setppc>
Presolving Time: 0.02

 time | node  | left  |LP iter|LP it/n|mem/heur|mdpt |vars |cons |rows |cuts |sepa|confs|strbr|  dualbound   | primalbound  |  gap   | compl. 
  0.1s|     1 |     0 |  1498 |     - |  5154k |   0 | 397 | 179 | 179 |   0 |  0 |   0 |   0 | 8.045020e+03 |      --      |    Inf | unknown
d 0.1s|     1 |     0 |  1498 |     - |coefdivi|   0 | 397 | 179 | 179 |   0 |  1 |   0 |   0 | 8.045020e+03 | 4.128673e+03 |  94.86%| unknown
d 0.1s|     1 |     0 |  1614 |     - |coefdivi|   0 | 397 | 179 | 179 |   0 |  1 |   0 |   0 | 8.045020e+03 | 5.396487e+03 |  49.08%| unknown
d 0.1s|     1 |     0 |  1660 |     - |coefdivi|   0 | 397 | 179 | 179 |   0 |  1 |   0 |   0 | 8.045020e+03 | 5.623195e+03 |  43.07%| unknown
d 0.1s|     1 |     0 |  1683 |     - |coefdivi|   0 | 397 | 179 | 179 |   0 |  1 |   0 |   0 | 8.045020e+03 | 7.200957e+03 |  11.72%| unknown
  0.1s|     1 |     0 |  1683 |     - |  5269k |   0 | 397 | 179 | 179 |   0 |  1 |   0 |   0 | 8.045020e+03 | 7.200957e+03 |  11.72%| unknown
  0.2s|     1 |     2 |  1683 |     - |  5352k |   0 | 397 | 179 | 179 |   0 |  2 |   0 |  23 | 7.993634e+03 | 7.200957e+03 |  11.01%| unknown

SCIP Status        : solving was interrupted [node limit reached]
Solving Time (sec) : 0.21
Solving Nodes      : 1
Primal Bound       : +7.20095721267417e+03 (28 solutions)
Dual Bound         : +7.99363415893217e+03
Gap                : 11.01 %
