presolving:
   (0.0s) running MILP presolver
   (0.0s) MILP presolver (2 rounds): 0 aggregations, 15 fixings, 0 bound changes
(round 1, medium)     15 del vars, 0 del conss, 0 add conss, 0 chg bounds, 0 chg sides, 0 chg coeffs, 0 upgd conss, 0 impls, 188 clqs
(round 2, exhaustive) 15 del vars, 5 del conss, 0 add conss, 0 chg bounds, 4 chg sides, 0 chg coeffs, 0 upgd conss, 0 impls, 188 clqs
(round 3, exhaustive) 15 del vars, 5 del conss, 0 add conss, 0 chg bounds, 4 chg sides, 0 chg coeffs, 184 upgd conss, 0 impls, 188 clqs
(round 4, medium)     53 del vars, 5 del conss, 0 add conss, 0 chg bounds, 4 chg sides, 38 chg coeffs, 184 upgd conss, 0 impls, 188 clqs
(round 5, fast)       66 del vars, 6 del conss, 0 add conss, 0 chg bounds, 4 chg sides, 38 chg coeffs, 184 upgd conss, 0 impls, 186 clqs
(round 6, exhaustive) 66 del vars, 9 del conss, 0 add conss, 0 chg bounds, 4 chg sides, 38 chg coeffs, 184 upgd conss, 0 impls, 186 clqs
   (0.0s) probing: 51/434 (11.8%) - 0 fixings, 0 aggregations, 0 implications, 0 bound changes
   (0.0s) probing aborted: 50/50 successive totally useless probings
   (0.0s) symmetry computation started: requiring (bin +, int +, cont +), (fixed: bin -, int -, cont -)
   (0.0s) no symmetry present (symcode time: 0.00)
presolving (7 rounds: 7 fast, 6 medium, 4 exhaustive):
 66 deleted vars, 9 deleted constraints, 0 added constraints, 0 tightened bounds, 0 added holes, 4 changed sides, 38 changed coefficients
 0 implications, 186 cliques
presolved problem has 434 variables (434 bin, 0 int, 0 impl, 0 cont) and 180 constraints
    180 constraints of type <setppc>
Presolving Time: 0.01

 time | node  | left  |LP iter|LP it/n|mem/heur|mdpt |vars |cons |rows |cuts |sepa|confs|strbr|  dualbound   | primalbound  |  gap   | compl. 
  0.1s|     1 |     0 |  1612 |     - |  5342k |   0 | 434 | 180 | 180 |   0 |  0 |   0 |   0 | 8.037488e+03 |      --      |    Inf | unknown
d 0.1s|     1 |     0 |  1612 |     - |coefdivi|   0 | 434 | 180 | 180 |   0 |  1 |   0 |   0 | 8.037488e+03 | 2.816800e+03 | 185.34%| unknown
d 0.1s|     1 |     0 |  1783 |     - |coefdivi|   0 | 434 | 180 | 180 |   0 |  1 |   0 |   0 | 8.037488e+03 | 3.884817e+03 | 106.89%| unknown
d 0.1s|     1 |     0 |  1872 |     - |coefdivi|   0 | 434 | 180 | 180 |   0 |  1 |   0 |   0 | 8.037488e+03 | 4.197107e+03 |  91.50%| unknown
d 0.1s|     1 |     0 |  1915 |     - |coefdivi|   0 | 434 | 180 | 180 |   0 |  1 |   0 |   0 | 8.037488e+03 | 6.694651e+03 |  20.06%| unknown
d 0.1s|     1 |     0 |  1918 |     - |coefdivi|   0 | 434 | 180 | 180 |   0 |  1 |   0 |   0 | 8.037488e+03 | 7.048794e+03 |  14.03%| unknown
  0.1s|     1 |     0 |  1918 |     - |  5447k |   0 | 434 | 180 | 180 |   0 |  1 |   0 |   0 | 8.037488e+03 | 7.048794e+03 |  14.03%| unknown
  0.3s|     1 |     2 |  1918 |     - |  5659k |   0 | 434 | 180 | 180 |   0 |  2 |   0 |  44 | 8.000878e+03 | 7.048794e+03 |  13.51%| unknown

SCIP Status        : solving was interrupted [node limit reached]
Solving Time (sec) : 0.34
Solving Nodes      : 1
Primal Bound       : +7.04879377242121e+03 (52 solutions)
Dual Bound         : +8.00087804697711e+03
Gap                : 13.51 %
