presolving:
(round 1, fast)       0 del vars, 1 del conss, 0 add conss, 0 chg bounds, 0 chg sides, 0 chg coeffs, 0 upgd conss, 0 impls, 190 clqs
   (0.0s) running MILP presolver
   (0.0s) MILP presolver (2 rounds): 0 aggregations, 28 fixings, 0 bound changes
(round 2, medium)     28 del vars, 1 del conss, 0 add conss, 0 chg bounds, 0 chg sides, 0 chg coeffs, 0 upgd conss, 0 impls, 188 clqs
(round 3, fast)       28 del vars, 3 del conss, 0 add conss, 0 chg bounds, 0 chg sides, 0 chg coeffs, 0 upgd conss, 0 impls, 188 clqs
(round 4, exhaustive) 28 del vars, 7 del conss, 0 add conss, 0 chg bounds, 4 chg sides, 0 chg coeffs, 0 upgd conss, 0 impls, 188 clqs
(round 5, exhaustive) 28 del vars, 7 del conss, 0 add conss, 0 chg bounds, 4 chg sides, 0 chg coeffs, 184 upgd conss, 0 impls, 188 clqs
(round 6, medium)     72 del vars, 7 del conss, 0 add conss, 0 chg bounds, 4 chg sides, 44 chg coeffs, 184 upgd conss, 0 impls, 188 clqs
(round 7, fast)       107 del vars, 12 del conss, 0 add conss, 0 chg bounds, 4 chg sides, 44 chg coeffs, 184 upgd conss, 0 impls, 181 clqs
(round 8, fast)       108 del vars, 12 del conss, 0 add conss, 0 chg bounds, 4 chg sides, 44 chg coeffs, 184 upgd conss, 0 impls, 181 clqs
   (0.0s) running MILP presolver
   (0.0s) MILP presolver (2 rounds): 0 aggregations, 4 fixings, 0 bound changes
(round 9, medium)     114 del vars, 13 del conss, 0 add conss, 0 chg bounds, 4 chg sides, 46 chg coeffs, 184 upgd conss, 0 impls, 180 clqs
(round 10, exhaustive) 114 del vars, 18 del conss, 0 add conss, 0 chg bounds, 4 chg sides, 46 chg coeffs, 184 upgd conss, 0 impls, 180 clqs
   (0.0s) probing: 51/386 (13.2%) - 0 fixings, 0 aggregations, 0 implications, 0 bound changes
   (0.0s) probing aborted: 50/50 successive totally useless probings
   (0.0s) symmetry computation started: requiring (bin +, int +, cont +), (fixed: bin -, int -, cont -)
   (0.0s) no symmetry present (symcode time: 0.00)
presolving (11 rounds: 11 fast, 7 medium, 4 exhaustive):
 114 deleted vars, 18 deleted constraints, 0 added constraints, 0 tightened bounds, 0 added holes, 4 changed sides, 46 changed coefficients
 0 implications, 180 cliques
presolved problem has 386 variables (386 bin, 0 int, 0 impl, 0 cont) and 173 constraints
    173 constraints of type <setppc>
Presolving Time: 0.02

 time | node  | left  |LP iter|LP it/n|mem/heur|mdpt |vars |cons |rows |cuts |sepa|confs|strbr|  dualbound   | primalbound  |  gap   | compl. 
  0.1s|     1 |     0 |  1434 |     - |  4961k |   0 | 386 | 173 | 173 |   0 |  0 |   0 |   0 | 7.970362e+03 |      --      |    Inf | unknown
d 0.1s|     1 |     0 |  1434 |     - |coefdivi|   0 | 386 | 173 | 173 |   0 |  1 |   0 |   0 | 7.970362e+03 | 3.415975e+03 | 133.33%| unknown
d 0.1s|     1 |     0 |  1580 |     - |coefdivi|   0 | 386 | 173 | 173 |   0 |  1 |   0 |   0 | 7.970362e+03 | 3.723261e+03 | 114.07%| unknown
d 0.1s|     1 |     0 |  1640 |     - |coefdivi|   0 | 386 | 173 | 173 |   0 |  1 |   0 |   0 | 7.970362e+03 | 5.928065e+03 |  34.45%| unknown
d 0.1s|     1 |     0 |  1648 |     - |coefdivi|   0 | 386 | 173 | 173 |   0 |  1 |   0 |   0 | 7.970362e+03 | 7.495882e+03 |   6.33%| unknown
  0.1s|     1 |     0 |  1648 |     - |  5073k |   0 | 386 | 173 | 173 |   0 |  1 |   0 |   0 | 7.970362e+03 | 7.495882e+03 |   6.33%| unknown
  0.2s|     1 |     2 |  1648 |     - |  5245k |   0 | 386 | 173 | 173 |   0 |  2 |   0 |  30 | 7.934594e+03 | 7.495882e+03 |   5.85%| unknown

SCIP Status        : solving was interrupted [node limit reached]
Solving Time (sec) : 0.19
Solving Nodes      : 1
Primal Bound       : +7.49588162682206e+03 (35 solutions)
Dual Bound         : +7.93459431341328e+03
Gap                : 5.85 %
