presolving:
   (0.0s) running MILP presolver
   (0.0s) MILP presolver (2 rounds): 0 aggregations, 9 fixings, 0 bound changes
(round 1, medium)     9 del vars, 0 del conss, 0 add conss, 0 chg bounds, 0 chg sides, 0 chg coeffs, 0 upgd conss, 0 impls, 192 clqs
(round 2, exhaustive) 9 del vars, 1 del conss, 0 add conss, 0 chg bounds, 1 chg sides, 0 chg coeffs, 0 upgd conss, 0 impls, 192 clqs
(round 3, exhaustive) 9 del vars, 1 del conss, 0 add conss, 0 chg bounds, 1 chg sides, 0 chg coeffs, 191 upgd conss, 0 impls, 192 clqs
(round 4, medium)     46 del vars, 1 del conss, 0 add conss, 0 chg bounds, 1 chg sides, 37 chg coeffs, 191 upgd conss, 0 impls, 192 clqs
(round 5, fast)       62 del vars, 1 del conss, 0 add conss, 0 chg bounds, 1 chg sides, 37 chg coeffs, 191 upgd conss, 0 impls, 192 clqs
(round 6, exhaustive) 62 del vars, 6 del conss, 0 add conss, 0 chg bounds, 1 chg sides, 37 chg coeffs, 191 upgd conss, 0 impls, 192 clqs
   (0.0s) probing: 51/438 (11.6%) - 0 fixings, 0 aggregations, 0 implications, 0 bound changes
   (0.0s) probing aborted: 50/50 successive totally useless probings
   (0.0s) symmetry computation started: requiring (bin +, int +, cont +), (fixed: bin -, int -, cont -)
   (0.0s) no symmetry present (symcode time: 0.00)
presolving (7 rounds: 7 fast, 6 medium, 4 exhaustive):
 62 deleted vars, 6 deleted constraints, 0 added constraints, 0 tightened bounds, 0 added holes, 1 changed sides, 37 changed coefficients
 0 implications, 192 cliques
presolved problem has 438 variables (438 bin, 0 int, 0 impl, 0 cont) and 186 constraints
    186 constraints of type <setppc>
Presolving Time: 0.03

 time | node  | left  |LP iter|LP it/n|mem/heur|mdpt |vars |cons |rows |cuts |sepa|confs|strbr|  dualbound   | primalbound  |  gap   | compl. 
  0.2s|     1 |     0 |  1589 |     - |  5539k |   0 | 438 | 186 | 186 |   0 |  0 |   0 |   0 | 7.595949e+03 |      --      |    Inf | unknown
d 0.2s|     1 |     0 |  1589 |     - |coefdivi|   0 | 438 | 186 | 186 |   0 |  1 |   0 |   0 | 7.595949e+03 | 2.817623e+03 | 169.59%| unknown
d 0.2s|     1 |     0 |  1743 |     - |coefdivi|   0 | 438 | 186 | 186 |   0 |  1 |   0 |   0 | 7.595949e+03 | 3.944258e+03 |  92.58%| unknown
d 0.2s|     1 |     0 |  1778 |     - |coefdivi|   0 | 438 | 186 | 186 |   0 |  1 |   0 |   0 | 7.595949e+03 | 6.932112e+03 |   9.58%| unknown
  0.2s|     1 |     0 |  1778 |     - |  5656k |   0 | 438 | 186 | 186 |   0 |  1 |   0 |   0 | 7.595949e+03 | 6.932112e+03 |   9.58%| unknown
  0.3s|     1 |     2 |  1778 |     - |  5874k |   0 | 438 | 186 | 186 |   0 |  2 |   0 |  35 | 7.561436e+03 | 6.932112e+03 |   9.08%| unknown

SCIP Status        : solving was interrupted [node limit reached]
Solving Time (sec) : 0.33
Solving Nodes      : 1
Primal Bound       : +6.93211187926666e+03 (39 solutions)
Dual Bound         : +7.56143637164376e+03
Gap                : 9.08 %
