presolving:
   (0.0s) running MILP presolver
   (0.0s) MILP presolver (2 rounds): 0 aggregations, 14 fixings, 0 bound changes
(round 1, medium)     14 del vars, 0 del conss, 0 add conss, 0 chg bounds, 0 chg sides, 0 chg coeffs, 0 upgd conss, 0 impls, 196 clqs
(round 2, exhaustive) 14 del vars, 2 del conss, 0 add conss, 0 chg bounds, 2 chg sides, 0 chg coeffs, 0 upgd conss, 0 impls, 196 clqs
(round 3, exhaustive) 14 del vars, 2 del conss, 0 add conss, 0 chg bounds, 2 chg sides, 0 chg coeffs, 194 upgd conss, 0 impls, 196 clqs
(round 4, medium)     59 del vars, 2 del conss, 0 add conss, 0 chg bounds, 2 chg sides, 45 chg coeffs, 194 upgd conss, 0 impls, 196 clqs
(round 5, fast)       102 del vars, 6 del conss, 0 add conss, 0 chg bounds, 2 chg sides, 45 chg coeffs, 194 upgd conss, 0 impls, 192 clqs
   (0.0s) running MILP presolver
   (0.0s) MILP presolver (2 rounds): 0 aggregations, 3 fixings, 0 bound changes
(round 6, medium)     105 del vars, 6 del conss, 0 add conss, 0 chg bounds, 2 chg sides, 45 chg coeffs, 194 upgd conss, 0 impls, 192 clqs
(round 7, exhaustive) 105 del vars, 15 del conss, 0 add conss, 0 chg bounds, 2 chg sides, 45 chg coeffs, 194 upgd conss, 0 impls, 192 clqs
   (0.0s) probing: 51/395 (12.9%) - 0 fixings, 0 aggregations, 0 implications, 0 bound changes
   (0.0s) probing aborted: 50/50 successive totally useless probings
   (0.0s) symmetry computation started: requiring (bin +, int +, cont +), (fixed: bin -, int -, cont -)
   (0.0s) no symmetry present (symcode time: 0.00)
presolving (8 rounds: 8 fast, 7 medium, 4 exhaustive):
 105 deleted vars, 15 deleted constraints, 0 added constraints, 0 tightened bounds, 0 added holes, 2 changed sides, 45 changed coefficients
 0 implications, 192 cliques
presolved problem has 395 variables (395 bin, 0 int, 0 impl, 0 cont) and 181 constraints
    181 constraints of type <setppc>
Presolving Time: 0.02

 time | node  | left  |LP iter|LP it/n|mem/heur|mdpt |vars |cons |rows |cuts |sepa|confs|strbr|  dualbound   | primalbound  |  gap   | compl. 
  0.1s|     1 |     0 |  1757 |     - |  4997k |   0 | 395 | 181 | 181 |   0 |  0 |   0 |   0 | 8.281707e+03 |      --      |    Inf | unknown
d 0.1s|     1 |     0 |  1757 |     - |coefdivi|   0 | 395 | 181 | 181 |   0 |  1 |   0 |   0 | 8.281707e+03 | 3.849761e+03 | 115.12%| unknown
d 0.1s|     1 |     0 |  1877 |     - |coefdivi|   0 | 395 | 181 | 181 |   0 |  1 |   0 |   0 | 8.281707e+03 | 7.787029e+03 |   6.35%| unknown
  0.1s|     1 |     0 |  1877 |     - |  5102k |   0 | 395 | 181 | 181 |   0 |  1 |   0 |   0 | 8.281707e+03 | 7.787029e+03 |   6.35%| unknown
  0.3s|     1 |     2 |  1877 |     - |  5441k |   0 | 395 | 181 | 181 |   0 |  2 |   0 |  35 | 8.258538e+03 | 7.787029e+03 |   6.06%| unknown

SCIP Status        : solving was interrupted [node limit reached]
Solving Time (sec) : 0.25
Solving Nodes      : 1
Primal Bound       : +7.78702919326304e+03 (38 solutions)
Dual Bound         : +8.25853832970653e+03
Gap                : 6.06 %
