presolving:
(round 1, fast)       0 del vars, 1 del conss, 0 add conss, 0 chg bounds, 0 chg sides, 0 chg coeffs, 0 upgd conss, 0 impls, 198 clqs
(round 2, fast)       1 del vars, 1 del conss, 0 add conss, 0 chg bounds, 0 chg sides, 0 chg coeffs, 0 upgd conss, 0 impls, 198 clqs
   (0.0s) running MILP presolver
   (0.0s) MILP presolver (2 rounds): 0 aggregations, 23 fixings, 0 bound changes
(round 3, medium)     24 del vars, 1 del conss, 0 add conss, 0 chg bounds, 0 chg sides, 0 chg coeffs, 0 upgd conss, 0 impls, 198 clqs
(round 4, exhaustive) 24 del vars, 9 del conss, 0 add conss, 0 chg bounds, 8 chg sides, 0 chg coeffs, 0 upgd conss, 0 impls, 198 clqs
(round 5, exhaustive) 24 del vars, 9 del conss, 0 add conss, 0 chg bounds, 8 chg sides, 0 chg coeffs, 190 upgd conss, 0 impls, 198 clqs
(round 6, medium)     60 del vars, 9 del conss, 0 add conss, 0 chg bounds, 8 chg sides, 36 chg coeffs, 190 upgd conss, 0 impls, 198 clqs
(round 7, fast)       89 del vars, 11 del conss, 0 add conss, 0 chg bounds, 8 chg sides, 36 chg coeffs, 190 upgd conss, 0 impls, 194 clqs
(round 8, exhaustive) 89 del vars, 16 del conss, 0 add conss, 0 chg bounds, 8 chg sides, 36 chg coeffs, 190 upgd conss, 0 impls, 194 clqs
(round 9, exhaustive) 90 del vars, 16 del conss, 0 add conss, 0 chg bounds, 8 chg sides, 36 chg coeffs, 190 upgd conss, 0 impls, 193 clqs
   (0.0s) probing: 51/410 (12.4%) - 0 fixings, 0 aggregations, 0 implications, 0 bound changes
   (0.0s) probing aborted: 50/50 successive totally useless probings
   (0.0s) symmetry computation started: requiring (bin +, int +, cont +), (fixed: bin -, int -, cont -)
   (0.0s) no symmetry present (symcode time: 0.00)
presolving (10 rounds: 10 fast, 7 medium, 5 exhaustive):
 90 deleted vars, 16 deleted constraints, 0 added constraints, 0 tightened bounds, 0 added holes, 8 changed sides, 36 changed coefficients
 0 implications, 193 cliques
presolved problem has 410 variables (410 bin, 0 int, 0 impl, 0 cont) and 183 constraints
    183 constraints of type <setppc>
Presolving Time: 0.02

 time | node  | left  |LP iter|LP it/n|mem/heur|mdpt |vars |cons |rows |cuts |sepa|confs|strbr|  dualbound   | primalbound  |  gap   | compl. 
  0.1s|     1 |     0 |  1206 |     - |  5074k |   0 | 410 | 183 | 183 |   0 |  0 |   0 |   0 | 7.994583e+03 |      --      |    Inf | unknown
d 0.1s|     1 |     0 |  1206 |     - |coefdivi|   0 | 410 | 183 | 183 |   0 |  1 |   0 |   0 | 7.994583e+03 | 3.186942e+03 | 150.85%| unknown
d 0.1s|     1 |     0 |  1367 |     - |coefdivi|   0 | 410 | 183 | 183 |   0 |  1 |   0 |   0 | 7.994583e+03 | 3.792671e+03 | 110.79%| unknown
d 0.1s|     1 |     0 |  1402 |     - |coefdivi|   0 | 410 | 183 | 183 |   0 |  1 |   0 |   0 | 7.994583e+03 | 4.411806e+03 |  81.21%| unknown
d 0.1s|     1 |     0 |  1444 |     - |coefdivi|   0 | 410 | 183 | 183 |   0 |  1 |   0 |   0 | 7.994583e+03 | 5.831062e+03 |  37.10%| unknown
d 0.1s|     1 |     0 |  1460 |     - |coefdivi|   0 | 410 | 183 | 183 |   0 |  1 |   0 |   0 | 7.994583e+03 | 7.056596e+03 |  13.29%| unknown
  0.1s|     1 |     0 |  1460 |     - |  5171k |   0 | 410 | 183 | 183 |   0 |  1 |   0 |   0 | 7.994583e+03 | 7.056596e+03 |  13.29%| unknown
  0.2s|     1 |     2 |  1460 |     - |  5360k |   0 | 410 | 183 | 183 |   0 |  2 |   0 |  19 | 7.975813e+03 | 7.056596e+03 |  13.03%| unknown

SCIP Status        : solving was interrupted [node limit reached]
Solving Time (sec) : 0.24
Solving Nodes      : 1
Primal Bound       : +7.05659643551900e+03 (31 solutions)
Dual Bound         : +7.97581304804673e+03
Gap                : 13.03 %
