presolving:
(round 1, fast)       0 del vars, 2 del conss, 0 add conss, 0 chg bounds, 0 chg sides, 0 chg coeffs, 0 upgd conss, 0 impls, 188 clqs
   (0.0s) running MILP presolver
   (0.0s) MILP presolver (2 rounds): 0 aggregations, 17 fixings, 0 bound changes
(round 2, medium)     17 del vars, 2 del conss, 0 add conss, 0 chg bounds, 0 chg sides, 0 chg coeffs, 0 upgd conss, 0 impls, 188 clqs
(round 3, exhaustive) 17 del vars, 8 del conss, 0 add conss, 0 chg bounds, 6 chg sides, 0 chg coeffs, 0 upgd conss, 0 impls, 188 clqs
(round 4, exhaustive) 17 del vars, 8 del conss, 0 add conss, 0 chg bounds, 6 chg sides, 0 chg coeffs, 182 upgd conss, 0 impls, 188 clqs
(round 5, medium)     57 del vars, 8 del conss, 0 add conss, 0 chg bounds, 6 chg sides, 40 chg coeffs, 182 upgd conss, 0 impls, 188 clqs
(round 6, fast)       96 del vars, 12 del conss, 0 add conss, 0 chg bounds, 6 chg sides, 40 chg coeffs, 182 upgd conss, 0 impls, 183 clqs
   (0.0s) running MILP presolver
   (0.0s) MILP presolver (2 rounds): 0 aggregations, 2 fixings, 0 bound changes
(round 7, medium)     98 del vars, 12 del conss, 0 add conss, 0 chg bounds, 6 chg sides, 40 chg coeffs, 182 upgd conss, 0 impls, 183 clqs
(round 8, exhaustive) 98 del vars, 17 del conss, 0 add conss, 0 chg bounds, 6 chg sides, 40 chg coeffs, 182 upgd conss, 0 impls, 183 clqs
   (0.0s) probing: 51/402 (12.7%) - 0 fixings, 0 aggregations, 0 implications, 0 bound changes
   (0.0s) probing aborted: 50/50 successive totally useless probings
   (0.0s) symmetry computation started: requiring (bin +, int +, cont +), (fixed: bin -, int -, cont -)
   (0.0s) no symmetry present (symcode time: 0.00)
presolving (9 rounds: 9 fast, 7 medium, 4 exhaustive):
 98 deleted vars, 17 deleted constraints, 0 added constraints, 0 tightened bounds, 0 added holes, 6 changed sides, 40 changed coefficients
 0 implications, 183 cliques
presolved problem has 402 variables (402 bin, 0 int, 0 impl, 0 cont) and 173 constraints
    173 constraints of type <setppc>
Presolving Time: 0.03

 time | node  | left  |LP iter|LP it/n|mem/heur|mdpt |vars |cons |rows |cuts |sepa|confs|strbr|  dualbound   | primalbound  |  gap   | compl. 
  0.1s|     1 |     0 |   957 |     - |  5243k |   0 | 402 | 173 | 173 |   0 |  0 |   0 |   0 | 7.692122e+03 |      --      |    Inf | unknown
d 0.1s|     1 |     0 |   957 |     - |coefdivi|   0 | 402 | 173 | 173 |   0 |  1 |   0 |   0 | 7.692122e+03 | 3.257123e+03 | 136.16%| unknown
d 0.1s|     1 |     0 |  1126 |     - |coefdivi|   0 | 402 | 173 | 173 |   0 |  1 |   0 |   0 | 7.692122e+03 | 4.264484e+03 |  80.38%| unknown
d 0.1s|     1 |     0 |  1181 |     - |coefdivi|   0 | 402 | 173 | 173 |   0 |  1 |   0 |   0 | 7.692122e+03 | 5.424220e+03 |  41.81%| unknown
d 0.1s|     1 |     0 |  1191 |     - |coefdivi|   0 | 402 | 173 | 173 |   0 |  1 |   0 |   0 | 7.692122e+03 | 6.854880e+03 |  12.21%| unknown
  0.1s|     1 |     0 |  1191 |     - |  5357k |   0 | 402 | 173 | 173 |   0 |  1 |   0 |   0 | 7.692122e+03 | 6.854880e+03 |  12.21%| unknown
  0.3s|     1 |     2 |  1191 |     - |  5509k |   0 | 402 | 173 | 173 |   0 |  2 |   0 |  30 | 7.656869e+03 | 6.854880e+03 |  11.70%| unknown

SCIP Status        : solving was interrupted [node limit reached]
Solving Time (sec) : 0.29
Solving Nodes      : 1
Primal Bound       : +6.85487967100334e+03 (33 solutions)
Dual Bound         : +7.65686944500974e+03
Gap                : 11.70 %
