presolving:
(round 1, fast)       1 del vars, 1 del conss, 0 add conss, 0 chg bounds, 0 chg sides, 0 chg coeffs, 0 upgd conss, 0 impls, 193 clqs
   (0.0s) running MILP presolver
   (0.0s) MILP presolver (2 rounds): 0 aggregations, 16 fixings, 0 bound changes
(round 2, medium)     17 del vars, 1 del conss, 0 add conss, 0 chg bounds, 0 chg sides, 0 chg coeffs, 0 upgd conss, 0 impls, 193 clqs
(round 3, exhaustive) 17 del vars, 3 del conss, 0 add conss, 0 chg bounds, 2 chg sides, 0 chg coeffs, 0 upgd conss, 0 impls, 193 clqs
(round 4, exhaustive) 17 del vars, 3 del conss, 0 add conss, 0 chg bounds, 2 chg sides, 0 chg coeffs, 191 upgd conss, 0 impls, 193 clqs
(round 5, medium)     59 del vars, 3 del conss, 0 add conss, 0 chg bounds, 2 chg sides, 42 chg coeffs, 191 upgd conss, 0 impls, 193 clqs
(round 6, fast)       80 del vars, 4 del conss, 0 add conss, 0 chg bounds, 2 chg sides, 42 chg coeffs, 191 upgd conss, 0 impls, 192 clqs
(round 7, exhaustive) 80 del vars, 10 del conss, 0 add conss, 0 chg bounds, 2 chg sides, 42 chg coeffs, 191 upgd conss, 0 impls, 192 clqs
   (0.0s) probing: 51/420 (12.1%) - 0 fixings, 0 aggregations, 0 implications, 0 bound changes
   (0.0s) probing aborted: 50/50 successive totally useless probings
   (0.0s) symmetry computation started: requiring (bin +, int +, cont +), (fixed: bin -, int -, cont -)
   (0.0s) no symmetry present (symcode time: 0.00)
presolving (8 rounds: 8 fast, 6 medium, 4 exhaustive):
 80 deleted vars, 10 deleted constraints, 0 added constraints, 0 tightened bounds, 0 added holes, 2 changed sides, 42 changed coefficients
 0 implications, 192 cliques
presolved problem has 420 variables (420 bin, 0 int, 0 impl, 0 cont) and 184 constraints
    184 constraints of type <setppc>
Presolving Time: 0.02

 time | node  | left  |LP iter|LP it/n|mem/heur|mdpt |vars |cons |rows |cuts |sepa|confs|strbr|  dualbound   | primalbound  |  gap   | compl. 
  0.1s|     1 |     0 |  1052 |     - |  5188k |   0 | 420 | 184 | 184 |   0 |  0 |   0 |   0 | 7.812519e+03 |      --      |    Inf | unknown
d 0.1s|     1 |     0 |  1052 |     - |coefdivi|   0 | 420 | 184 | 184 |   0 |  1 |   0 |   0 | 7.812519e+03 | 3.818798e+03 | 104.58%| unknown
d 0.1s|     1 |     0 |  1058 |     - |coefdivi|   0 | 420 | 184 | 184 |   0 |  1 |   0 |   0 | 7.812519e+03 | 5.180384e+03 |  50.81%| unknown
d 0.1s|     1 |     0 |  1087 |     - |coefdivi|   0 | 420 | 184 | 184 |   0 |  1 |   0 |   0 | 7.812519e+03 | 5.341033e+03 |  46.27%| unknown
d 0.1s|     1 |     0 |  1133 |     - |coefdivi|   0 | 420 | 184 | 184 |   0 |  1 |   0 |   0 | 7.812519e+03 | 7.353348e+03 |   6.24%| unknown
  0.1s|     1 |     0 |  1133 |     - |  5277k |   0 | 420 | 184 | 184 |   0 |  1 |   0 |   0 | 7.812519e+03 | 7.353348e+03 |   6.24%| unknown
* 0.2s|     1 |     0 |  1133 |     - |strongbr|   0 | 420 | 184 | 184 |   0 |  2 |   0 |  11 | 7.812519e+03 | 7.760215e+03 |   0.67%| unknown
  0.2s|     1 |     0 |  1185 |     - |  5763k |   0 | 420 | 185 | 184 |   0 |  2 | 202 |  16 | 7.780343e+03 | 7.760215e+03 |   0.26%| unknown

SCIP Status        : solving was interrupted [node limit reached]
Solving Time (sec) : 0.17
Solving Nodes      : 1
Primal Bound       : +7.76021470801859e+03 (24 solutions)
Dual Bound         : +7.78034309313206e+03
Gap                : 0.26 %
