presolving:
(round 1, fast)       1 del vars, 1 del conss, 0 add conss, 0 chg bounds, 0 chg sides, 0 chg coeffs, 0 upgd conss, 0 impls, 188 clqs
   (0.0s) running MILP presolver
   (0.0s) MILP presolver (2 rounds): 0 aggregations, 32 fixings, 0 bound changes
(round 2, medium)     33 del vars, 1 del conss, 0 add conss, 0 chg bounds, 0 chg sides, 0 chg coeffs, 0 upgd conss, 0 impls, 188 clqs
(round 3, exhaustive) 33 del vars, 8 del conss, 0 add conss, 0 chg bounds, 7 chg sides, 0 chg coeffs, 0 upgd conss, 0 impls, 188 clqs
(round 4, exhaustive) 33 del vars, 8 del conss, 0 add conss, 0 chg bounds, 7 chg sides, 0 chg coeffs, 181 upgd conss, 0 impls, 188 clqs
(round 5, medium)     75 del vars, 8 del conss, 0 add conss, 0 chg bounds, 7 chg sides, 42 chg coeffs, 181 upgd conss, 0 impls, 188 clqs
(round 6, fast)       101 del vars, 12 del conss, 0 add conss, 0 chg bounds, 7 chg sides, 42 chg coeffs, 181 upgd conss, 0 impls, 183 clqs
(round 7, exhaustive) 101 del vars, 15 del conss, 0 add conss, 0 chg bounds, 7 chg sides, 42 chg coeffs, 181 upgd conss, 0 impls, 183 clqs
   (0.0s) probing: 51/399 (12.8%) - 0 fixings, 0 aggregations, 0 implications, 0 bound changes
   (0.0s) probing aborted: 50/50 successive totally useless probings
   (0.0s) symmetry computation started: requiring (bin +, int +, cont +), (fixed: bin -, int -, cont -)
   (0.0s) no symmetry present (symcode time: 0.00)
presolving (8 rounds: 8 fast, 6 medium, 4 exhaustive):
 101 deleted vars, 15 deleted constraints, 0 added constraints, 0 tightened bounds, 0 added holes, 7 changed sides, 42 changed coefficients
 0 implications, 183 cliques
presolved problem has 399 variables (399 bin, 0 int, 0 impl, 0 cont) and 174 constraints
    174 constraints of type <setppc>
Presolving Time: 0.01

 time | node  | left  |LP iter|LP it/n|mem/heur|mdpt |vars |cons |rows |cuts |sepa|confs|strbr|  dualbound   | primalbound  |  gap   | compl. 
  0.1s|     1 |     0 |  1079 |     - |  4848k |   0 | 399 | 174 | 174 |   0 |  0 |   0 |   0 | 7.680097e+03 |      --      |    Inf | unknown
d 0.1s|     1 |     0 |  1079 |     - |coefdivi|   0 | 399 | 174 | 174 |   0 |  1 |   0 |   0 | 7.680097e+03 | 3.665114e+03 | 109.55%| unknown
d 0.1s|     1 |     0 |  1188 |     - |coefdivi|   0 | 399 | 174 | 174 |   0 |  1 |   0 |   0 | 7.680097e+03 | 4.891093e+03 |  57.02%| unknown
d 0.1s|     1 |     0 |  1213 |     - |coefdivi|   0 | 399 | 174 | 174 |   0 |  1 |   0 |   0 | 7.680097e+03 | 7.307687e+03 |   5.10%| unknown
  0.1s|     1 |     0 |  1213 |     - |  4948k |   0 | 399 | 174 | 174 |   0 |  1 |   0 |   0 | 7.680097e+03 | 7.307687e+03 |   5.10%| unknown
  0.1s|     1 |     0 |  1213 |     - |  4948k |   0 | 399 | 174 | 174 |   0 |  1 |   0 |   0 | 7.680097e+03 | 7.307687e+03 |   5.10%| unknown
  0.2s|     1 |     2 |  1213 |     - |  5107k |   0 | 399 | 174 | 174 |   0 |  2 |   0 |  19 | 7.633539e+03 | 7.307687e+03 |   4.46%| unknown

SCIP Status        : solving was interrupted [node limit reached]
Solving Time (sec) : 0.20
Solving Nodes      : 1
Primal Bound       : +7.30768704703357e+03 (26 solutions)
Dual Bound         : +7.63353889981160e+03
Gap                : 4.46 %
