presolving:
(round 1, fast)       0 del vars, 1 del conss, 0 add conss, 0 chg bounds, 0 chg sides, 0 chg coeffs, 0 upgd conss, 0 impls, 194 clqs
   (0.0s) running MILP presolver
   (0.0s) MILP presolver (2 rounds): 0 aggregations, 20 fixings, 0 bound changes
(round 2, medium)     20 del vars, 1 del conss, 0 add conss, 0 chg bounds, 0 chg sides, 0 chg coeffs, 0 upgd conss, 0 impls, 193 clqs
(round 3, fast)       20 del vars, 2 del conss, 0 add conss, 0 chg bounds, 0 chg sides, 0 chg coeffs, 0 upgd conss, 0 impls, 193 clqs
(round 4, exhaustive) 20 del vars, 7 del conss, 0 add conss, 0 chg bounds, 5 chg sides, 0 chg coeffs, 0 upgd conss, 0 impls, 193 clqs
(round 5, exhaustive) 20 del vars, 7 del conss, 0 add conss, 0 chg bounds, 5 chg sides, 0 chg coeffs, 188 upgd conss, 0 impls, 193 clqs
(round 6, medium)     57 del vars, 7 del conss, 0 add conss, 0 chg bounds, 5 chg sides, 37 chg coeffs, 188 upgd conss, 0 impls, 193 clqs
(round 7, fast)       95 del vars, 8 del conss, 0 add conss, 0 chg bounds, 5 chg sides, 37 chg coeffs, 188 upgd conss, 0 impls, 191 clqs
   (0.0s) running MILP presolver
   (0.0s) MILP presolver (2 rounds): 0 aggregations, 2 fixings, 0 bound changes
(round 8, medium)     97 del vars, 8 del conss, 0 add conss, 0 chg bounds, 5 chg sides, 37 chg coeffs, 188 upgd conss, 0 impls, 191 clqs
(round 9, exhaustive) 97 del vars, 20 del conss, 0 add conss, 0 chg bounds, 5 chg sides, 37 chg coeffs, 188 upgd conss, 0 impls, 191 clqs
   (0.0s) probing: 51/403 (12.7%) - 0 fixings, 0 aggregations, 0 implications, 0 bound changes
   (0.0s) probing aborted: 50/50 successive totally useless probings
   (0.0s) symmetry computation started: requiring (bin +, int +, cont +), (fixed: bin -, int -, cont -)
   (0.0s) no symmetry present (symcode time: 0.00)
presolving (10 rounds: 10 fast, 7 medium, 4 exhaustive):
 97 deleted vars, 20 deleted constraints, 0 added constraints, 0 tightened bounds, 0 added holes, 5 changed sides, 37 changed coefficients
 0 implications, 191 cliques
presolved problem has 403 variables (403 bin, 0 int, 0 impl, 0 cont) and 175 constraints
    175 constraints of type <setppc>
Presolving Time: 0.02

 time | node  | left  |LP iter|LP it/n|mem/heur|mdpt |vars |cons |rows |cuts |sepa|confs|strbr|  dualbound   | primalbound  |  gap   | compl. 
  0.1s|     1 |     0 |  1224 |     - |  5226k |   0 | 403 | 175 | 175 |   0 |  0 |   0 |   0 | 7.495386e+03 |      --      |    Inf | unknown
d 0.1s|     1 |     0 |  1224 |     - |coefdivi|   0 | 403 | 175 | 175 |   0 |  1 |   0 |   0 | 7.495386e+03 | 3.195719e+03 | 134.54%| unknown
d 0.1s|     1 |     0 |  1329 |     - |coefdivi|   0 | 403 | 175 | 175 |   0 |  1 |   0 |   0 | 7.495386e+03 | 4.126086e+03 |  81.66%| unknown
d 0.1s|     1 |     0 |  1391 |     - |coefdivi|   0 | 403 | 175 | 175 |   0 |  1 |   0 |   0 | 7.495386e+03 | 5.785026e+03 |  29.57%| unknown
d 0.1s|     1 |     0 |  1416 |     - |coefdivi|   0 | 403 | 175 | 175 |   0 |  1 |   0 |   0 | 7.495386e+03 | 6.068655e+03 |  23.51%| unknown
d 0.1s|     1 |     0 |  1424 |     - |coefdivi|   0 | 403 | 175 | 175 |   0 |  1 |   0 |   0 | 7.495386e+03 | 6.735065e+03 |  11.29%| unknown
  0.1s|     1 |     0 |  1424 |     - |  5326k |   0 | 403 | 175 | 175 |   0 |  1 |   0 |   0 | 7.495386e+03 | 6.735065e+03 |  11.29%| unknown
  0.2s|     1 |     2 |  1424 |     - |  5485k |   0 | 403 | 175 | 175 |   0 |  2 |   0 |  25 | 7.467579e+03 | 6.735065e+03 |  10.88%| unknown

SCIP Status        : solving was interrupted [node limit reached]
Solving Time (sec) : 0.15
Solving Nodes      : 1
Primal Bound       : +6.73506479809284e+03 (30 solutions)
Dual Bound         : +7.46757850612582e+03
Gap                : 10.88 %
