presolving:
(round 1, fast)       0 del vars, 1 del conss, 0 add conss, 0 chg bounds, 0 chg sides, 0 chg coeffs, 0 upgd conss, 0 impls, 192 clqs
   (0.0s) running MILP presolver
   (0.0s) MILP presolver (2 rounds): 0 aggregations, 24 fixings, 0 bound changes
(round 2, medium)     24 del vars, 1 del conss, 0 add conss, 0 chg bounds, 0 chg sides, 0 chg coeffs, 0 upgd conss, 0 impls, 192 clqs
(round 3, exhaustive) 24 del vars, 6 del conss, 0 add conss, 0 chg bounds, 5 chg sides, 0 chg coeffs, 0 upgd conss, 0 impls, 192 clqs
(round 4, exhaustive) 24 del vars, 6 del conss, 0 add conss, 0 chg bounds, 5 chg sides, 0 chg coeffs, 187 upgd conss, 0 impls, 192 clqs
(round 5, medium)     65 del vars, 6 del conss, 0 add conss, 0 chg bounds, 5 chg sides, 41 chg coeffs, 187 upgd conss, 0 impls, 192 clqs
(round 6, fast)       87 del vars, 6 del conss, 0 add conss, 0 chg bounds, 5 chg sides, 41 chg coeffs, 187 upgd conss, 0 impls, 190 clqs
(round 7, exhaustive) 87 del vars, 10 del conss, 0 add conss, 0 chg bounds, 5 chg sides, 41 chg coeffs, 187 upgd conss, 0 impls, 190 clqs
   (0.0s) probing: 51/413 (12.3%) - 0 fixings, 0 aggregations, 0 implications, 0 bound changes
   (0.0s) probing aborted: 50/50 successive totally useless probings
   (0.0s) symmetry computation started: requiring (bin +, int +, cont +), (fixed: bin -, int -, cont -)
   (0.0s) no symmetry present (symcode time: 0.00)
presolving (8 rounds: 8 fast, 6 medium, 4 exhaustive):
 87 deleted vars, 10 deleted constraints, 0 added constraints, 0 tightened bounds, 0 added holes, 5 changed sides, 41 changed coefficients
 0 implications, 190 cliques
presolved problem has 413 variables (413 bin, 0 int, 0 impl, 0 cont) and 183 constraints
    183 constraints of type <setppc>
Presolving Time: 0.04

 time | node  | left  |LP iter|LP it/n|mem/heur|mdpt |vars |cons |rows |cuts |sepa|confs|strbr|  dualbound   | primalbound  |  gap   | compl. 
  0.1s|     1 |     0 |  1243 |     - |  5037k |   0 | 413 | 183 | 183 |   0 |  0 |   0 |   0 | 8.224655e+03 |      --      |    Inf | unknown
d 0.1s|     1 |     0 |  1243 |     - |coefdivi|   0 | 413 | 183 | 183 |   0 |  1 |   0 |   0 | 8.224655e+03 | 3.118074e+03 | 163.77%| unknown
d 0.1s|     1 |     0 |  1362 |     - |coefdivi|   0 | 413 | 183 | 183 |   0 |  1 |   0 |   0 | 8.224655e+03 | 3.755806e+03 | 118.99%| unknown
d 0.1s|     1 |     0 |  1460 |     - |coefdivi|   0 | 413 | 183 | 183 |   0 |  1 |   0 |   0 | 8.224655e+03 | 4.943411e+03 |  66.38%| unknown
d 0.1s|     1 |     0 |  1462 |     - |coefdivi|   0 | 413 | 183 | 183 |   0 |  1 |   0 |   0 | 8.224655e+03 | 6.013850e+03 |  36.76%| unknown
d 0.1s|     1 |     0 |  1468 |     - |coefdivi|   0 | 413 | 183 | 183 |   0 |  1 |   0 |   0 | 8.224655e+03 | 7.462126e+03 |  10.22%| unknown
  0.1s|     1 |     0 |  1468 |     - |  5138k |   0 | 413 | 183 | 183 |   0 |  1 |   0 |   0 | 8.224655e+03 | 7.462126e+03 |  10.22%| unknown
  0.2s|     1 |     2 |  1468 |     - |  5424k |   0 | 413 | 183 | 183 |   0 |  2 |   0 |  33 | 8.191122e+03 | 7.462126e+03 |   9.77%| unknown

SCIP Status        : solving was interrupted [node limit reached]
Solving Time (sec) : 0.22
Solving Nodes      : 1
Primal Bound       : +7.46212580806638e+03 (37 solutions)
Dual Bound         : +8.19112162668865e+03
Gap                : 9.77 %
