presolving:
(round 1, fast)       1 del vars, 2 del conss, 0 add conss, 0 chg bounds, 0 chg sides, 0 chg coeffs, 0 upgd conss, 0 impls, 191 clqs
   (0.0s) running MILP presolver
   (0.0s) MILP presolver (2 rounds): 0 aggregations, 11 fixings, 0 bound changes
(round 2, medium)     12 del vars, 2 del conss, 0 add conss, 0 chg bounds, 0 chg sides, 0 chg coeffs, 0 upgd conss, 0 impls, 191 clqs
(round 3, exhaustive) 12 del vars, 2 del conss, 0 add conss, 0 chg bounds, 0 chg sides, 0 chg coeffs, 191 upgd conss, 0 impls, 191 clqs
(round 4, medium)     46 del vars, 2 del conss, 0 add conss, 0 chg bounds, 0 chg sides, 34 chg coeffs, 191 upgd conss, 0 impls, 191 clqs
(round 5, fast)       58 del vars, 2 del conss, 0 add conss, 0 chg bounds, 0 chg sides, 34 chg coeffs, 191 upgd conss, 0 impls, 191 clqs
(round 6, exhaustive) 58 del vars, 6 del conss, 0 add conss, 0 chg bounds, 0 chg sides, 34 chg coeffs, 191 upgd conss, 0 impls, 191 clqs
   (0.0s) probing: 51/442 (11.5%) - 0 fixings, 0 aggregations, 0 implications, 0 bound changes
   (0.0s) probing aborted: 50/50 successive totally useless probings
   (0.0s) symmetry computation started: requiring (bin +, int +, cont +), (fixed: bin -, int -, cont -)
   (0.0s) no symmetry present (symcode time: 0.00)
presolving (7 rounds: 7 fast, 5 medium, 3 exhaustive):
 58 deleted vars, 6 deleted constraints, 0 added constraints, 0 tightened bounds, 0 added holes, 0 changed sides, 34 changed coefficients
 0 implications, 191 cliques
presolved problem has 442 variables (442 bin, 0 int, 0 impl, 0 cont) and 187 constraints
    187 constraints of type <setppc>
Presolving Time: 0.02

 time | node  | left  |LP iter|LP it/n|mem/heur|mdpt |vars |cons |rows |cuts |sepa|confs|strbr|  dualbound   | primalbound  |  gap   | compl. 
  0.1s|     1 |     0 |  1942 |     - |  5408k |   0 | 442 | 187 | 187 |   0 |  0 |   0 |   0 | 7.359023e+03 |      --      |    Inf | unknown
d 0.1s|     1 |     0 |  1942 |     - |coefdivi|   0 | 442 | 187 | 187 |   0 |  1 |   0 |   0 | 7.359023e+03 | 2.492703e+03 | 195.22%| unknown
d 0.1s|     1 |     0 |  2068 |     - |coefdivi|   0 | 442 | 187 | 187 |   0 |  1 |   0 |   0 | 7.359023e+03 | 4.174224e+03 |  76.30%| unknown
d 0.1s|     1 |     0 |  2104 |     - |coefdivi|   0 | 442 | 187 | 187 |   0 |  1 |   0 |   0 | 7.359023e+03 | 6.826227e+03 |   7.81%| unknown
  0.1s|     1 |     0 |  2104 |     - |  5512k |   0 | 442 | 187 | 187 |   0 |  1 |   0 |   0 | 7.359023e+03 | 6.826227e+03 |   7.81%| unknown
  0.2s|     1 |     2 |  2104 |     - |  5599k |   0 | 442 | 187 | 187 |   0 |  2 |   0 |  24 | 7.316475e+03 | 6.826227e+03 |   7.18%| unknown

SCIP Status        : solving was interrupted [node limit reached]
Solving Time (sec) : 0.21
Solving Nodes      : 1
Primal Bound       : +6.82622728523686e+03 (29 solutions)
Dual Bound         : +7.31647484218245e+03
Gap                : 7.18 %
