presolving:
   (0.0s) running MILP presolver
   (0.0s) MILP presolver (2 rounds): 0 aggregations, 20 fixings, 0 bound changes
(round 1, medium)     20 del vars, 0 del conss, 0 add conss, 0 chg bounds, 0 chg sides, 0 chg coeffs, 0 upgd conss, 0 impls, 193 clqs
(round 2, exhaustive) 20 del vars, 6 del conss, 0 add conss, 0 chg bounds, 6 chg sides, 0 chg coeffs, 0 upgd conss, 0 impls, 193 clqs
(round 3, exhaustive) 20 del vars, 6 del conss, 0 add conss, 0 chg bounds, 6 chg sides, 0 chg coeffs, 187 upgd conss, 0 impls, 193 clqs
(round 4, medium)     58 del vars, 6 del conss, 0 add conss, 0 chg bounds, 6 chg sides, 38 chg coeffs, 187 upgd conss, 0 impls, 193 clqs
(round 5, fast)       83 del vars, 6 del conss, 0 add conss, 0 chg bounds, 6 chg sides, 38 chg coeffs, 187 upgd conss, 0 impls, 191 clqs
(round 6, exhaustive) 83 del vars, 16 del conss, 0 add conss, 0 chg bounds, 6 chg sides, 38 chg coeffs, 187 upgd conss, 0 impls, 191 clqs
   (0.0s) probing: 51/417 (12.2%) - 0 fixings, 0 aggregations, 0 implications, 0 bound changes
   (0.0s) probing aborted: 50/50 successive totally useless probings
   (0.0s) symmetry computation started: requiring (bin +, int +, cont +), (fixed: bin -, int -, cont -)
   (0.0s) no symmetry present (symcode time: 0.00)
presolving (7 rounds: 7 fast, 6 medium, 4 exhaustive):
 83 deleted vars, 16 deleted constraints, 0 added constraints, 0 tightened bounds, 0 added holes, 6 changed sides, 38 changed coefficients
 0 implications, 191 cliques
presolved problem has 417 variables (417 bin, 0 int, 0 impl, 0 cont) and 177 constraints
    177 constraints of type <setppc>
Presolving Time: 0.02

 time | node  | left  |LP iter|LP it/n|mem/heur|mdpt |vars |cons |rows |cuts |sepa|confs|strbr|  dualbound   | primalbound  |  gap   | compl. 
  0.1s|     1 |     0 |  1958 |     - |  5000k |   0 | 417 | 177 | 177 |   0 |  0 |   0 |   0 | 7.677220e+03 |      --      |    Inf | unknown
d 0.1s|     1 |     0 |  1958 |     - |coefdivi|   0 | 417 | 177 | 177 |   0 |  1 |   0 |   0 | 7.677220e+03 | 3.112703e+03 | 146.64%| unknown
d 0.1s|     1 |     0 |  2019 |     - |coefdivi|   0 | 417 | 177 | 177 |   0 |  1 |   0 |   0 | 7.677220e+03 | 3.919282e+03 |  95.88%| unknown
d 0.1s|     1 |     0 |  2083 |     - |coefdivi|   0 | 417 | 177 | 177 |   0 |  1 |   0 |   0 | 7.677220e+03 | 5.099010e+03 |  50.56%| unknown
d 0.1s|     1 |     0 |  2105 |     - |coefdivi|   0 | 417 | 177 | 177 |   0 |  1 |   0 |   0 | 7.677220e+03 | 5.860991e+03 |  30.99%| unknown
d 0.1s|     1 |     0 |  2112 |     - |coefdivi|   0 | 417 | 177 | 177 |   0 |  1 |   0 |   0 | 7.677220e+03 | 7.175040e+03 |   7.00%| unknown
  0.1s|     1 |     0 |  2112 |     - |  5087k |   0 | 417 | 177 | 177 |   0 |  1 |   0 |   0 | 7.677220e+03 | 7.175040e+03 |   7.00%| unknown
  0.1s|     1 |     0 |  2112 |     - |  5087k |   0 | 417 | 177 | 177 |   0 |  1 |   0 |   0 | 7.677220e+03 | 7.175040e+03 |   7.00%| unknown
  0.2s|     1 |     2 |  2112 |     - |  5415k |   0 | 417 | 177 | 177 |   0 |  2 |   0 |  28 | 7.658210e+03 | 7.175040e+03 |   6.73%| unknown

SCIP Status        : solving was interrupted [node limit reached]
Solving Time (sec) : 0.17
Solving Nodes      : 1
Primal Bound       : +7.17503979811027e+03 (35 solutions)
Dual Bound         : +7.65820975618657e+03
Gap                : 6.73 %
