presolving:
   (0.0s) running MILP presolver
   (0.0s) MILP presolver (2 rounds): 0 aggregations, 25 fixings, 0 bound changes
(round 1, medium)     25 del vars, 0 del conss, 0 add conss, 0 chg bounds, 0 chg sides, 0 chg coeffs, 0 upgd conss, 0 impls, 189 clqs
(round 2, exhaustive) 25 del vars, 7 del conss, 0 add conss, 0 chg bounds, 7 chg sides, 0 chg coeffs, 0 upgd conss, 0 impls, 189 clqs
(round 3, exhaustive) 25 del vars, 7 del conss, 0 add conss, 0 chg bounds, 7 chg sides, 0 chg coeffs, 182 upgd conss, 0 impls, 189 clqs
(round 4, medium)     68 del vars, 7 del conss, 0 add conss, 0 chg bounds, 7 chg sides, 43 chg coeffs, 182 upgd conss, 0 impls, 189 clqs
(round 5, fast)       101 del vars, 8 del conss, 0 add conss, 0 chg bounds, 7 chg sides, 43 chg coeffs, 182 upgd conss, 0 impls, 185 clqs
   (0.0s) running MILP presolver
   (0.0s) MILP presolver found nothing
(round 6, exhaustive) 101 del vars, 15 del conss, 0 add conss, 0 chg bounds, 7 chg sides, 43 chg coeffs, 182 upgd conss, 0 impls, 185 clqs
   (0.0s) probing: 51/399 (12.8%) - 0 fixings, 0 aggregations, 0 implications, 0 bound changes
   (0.0s) probing aborted: 50/50 successive totally useless probings
   (0.0s) symmetry computation started: requiring (bin +, int +, cont +), (fixed: bin -, int -, cont -)
   (0.0s) no symmetry present (symcode time: 0.00)
presolving (7 rounds: 7 fast, 6 medium, 4 exhaustive):
 101 deleted vars, 15 deleted constraints, 0 added constraints, 0 tightened bounds, 0 added holes, 7 changed sides, 43 changed coefficients
 0 implications, 185 cliques
presolved problem has 399 variables (399 bin, 0 int, 0 impl, 0 cont) and 174 constraints
    174 constraints of type <setppc>
Presolving Time: 0.02

 time | node  | left  |LP iter|LP it/n|mem/heur|mdpt |vars |cons |rows |cuts |sepa|confs|strbr|  dualbound   | primalbound  |  gap   | compl. 
  0.1s|     1 |     0 |  1123 |     - |  5080k |   0 | 399 | 174 | 174 |   0 |  0 |   0 |   0 | 7.729750e+03 |      --      |    Inf | unknown
d 0.1s|     1 |     0 |  1123 |     - |coefdivi|   0 | 399 | 174 | 174 |   0 |  1 |   0 |   0 | 7.729750e+03 | 3.793700e+03 | 103.75%| unknown
d 0.1s|     1 |     0 |  1297 |     - |coefdivi|   0 | 399 | 174 | 174 |   0 |  1 |   0 |   0 | 7.729750e+03 | 4.167923e+03 |  85.46%| unknown
d 0.1s|     1 |     0 |  1341 |     - |coefdivi|   0 | 399 | 174 | 174 |   0 |  1 |   0 |   0 | 7.729750e+03 | 5.183519e+03 |  49.12%| unknown
d 0.1s|     1 |     0 |  1371 |     - |coefdivi|   0 | 399 | 174 | 174 |   0 |  1 |   0 |   0 | 7.729750e+03 | 6.809577e+03 |  13.51%| unknown
  0.1s|     1 |     0 |  1371 |     - |  5188k |   0 | 399 | 174 | 174 |   0 |  1 |   0 |   0 | 7.729750e+03 | 6.809577e+03 |  13.51%| unknown
  0.2s|     1 |     2 |  1371 |     - |  5271k |   0 | 399 | 174 | 174 |   0 |  2 |   0 |  22 | 7.692572e+03 | 6.809577e+03 |  12.97%| unknown

SCIP Status        : solving was interrupted [node limit reached]
Solving Time (sec) : 0.20
Solving Nodes      : 1
Primal Bound       : +6.80957688753969e+03 (27 solutions)
Dual Bound         : +7.69257170420280e+03
Gap                : 12.97 %
