presolving:
   (0.0s) running MILP presolver
   (0.0s) MILP presolver (2 rounds): 0 aggregations, 18 fixings, 0 bound changes
(round 1, medium)     18 del vars, 0 del conss, 0 add conss, 0 chg bounds, 0 chg sides, 0 chg coeffs, 0 upgd conss, 0 impls, 189 clqs
(round 2, fast)       19 del vars, 2 del conss, 0 add conss, 0 chg bounds, 0 chg sides, 0 chg coeffs, 0 upgd conss, 0 impls, 188 clqs
(round 3, exhaustive) 19 del vars, 5 del conss, 0 add conss, 0 chg bounds, 3 chg sides, 0 chg coeffs, 0 upgd conss, 0 impls, 188 clqs
(round 4, exhaustive) 19 del vars, 5 del conss, 0 add conss, 0 chg bounds, 3 chg sides, 0 chg coeffs, 185 upgd conss, 0 impls, 188 clqs
(round 5, medium)     55 del vars, 5 del conss, 0 add conss, 0 chg bounds, 3 chg sides, 36 chg coeffs, 185 upgd conss, 0 impls, 188 clqs
(round 6, fast)       72 del vars, 6 del conss, 0 add conss, 0 chg bounds, 3 chg sides, 36 chg coeffs, 185 upgd conss, 0 impls, 187 clqs
(round 7, exhaustive) 72 del vars, 9 del conss, 0 add conss, 0 chg bounds, 3 chg sides, 36 chg coeffs, 185 upgd conss, 0 impls, 187 clqs
   (0.0s) probing: 51/428 (11.9%) - 0 fixings, 0 aggregations, 0 implications, 0 bound changes
   (0.0s) probing aborted: 50/50 successive totally useless probings
   (0.0s) symmetry computation started: requiring (bin +, int +, cont +), (fixed: bin -, int -, cont -)
   (0.0s) no symmetry present (symcode time: 0.00)
presolving (8 rounds: 8 fast, 6 medium, 4 exhaustive):
 72 deleted vars, 9 deleted constraints, 0 added constraints, 0 tightened bounds, 0 added holes, 3 changed sides, 36 changed coefficients
 0 implications, 187 cliques
presolved problem has 428 variables (428 bin, 0 int, 0 impl, 0 cont) and 181 constraints
    181 constraints of type <setppc>
Presolving Time: 0.02

 time | node  | left  |LP iter|LP it/n|mem/heur|mdpt |vars |cons |rows |cuts |sepa|confs|strbr|  dualbound   | primalbound  |  gap   | compl. 
  0.1s|     1 |     0 |  1508 |     - |  5356k |   0 | 428 | 181 | 181 |   0 |  0 |   0 |   0 | 7.566532e+03 |      --      |    Inf | unknown
d 0.1s|     1 |     0 |  1508 |     - |coefdivi|   0 | 428 | 181 | 181 |   0 |  1 |   0 |   0 | 7.566532e+03 | 2.961220e+03 | 155.52%| unknown
d 0.1s|     1 |     0 |  1681 |     - |coefdivi|   0 | 428 | 181 | 181 |   0 |  1 |   0 |   0 | 7.566532e+03 | 3.690842e+03 | 105.01%| unknown
d 0.1s|     1 |     0 |  1807 |     - |coefdivi|   0 | 428 | 181 | 181 |   0 |  1 |   0 |   0 | 7.566532e+03 | 4.248087e+03 |  78.12%| unknown
d 0.1s|     1 |     0 |  1825 |     - |coefdivi|   0 | 428 | 181 | 181 |   0 |  1 |   0 |   0 | 7.566532e+03 | 6.724767e+03 |  12.52%| unknown
  0.1s|     1 |     0 |  1825 |     - |  5473k |   0 | 428 | 181 | 181 |   0 |  1 |   0 |   0 | 7.566532e+03 | 6.724767e+03 |  12.52%| unknown
  0.2s|     1 |     2 |  1825 |     - |  5710k |   0 | 428 | 181 | 181 |   0 |  2 |   0 |  35 | 7.532014e+03 | 6.724767e+03 |  12.00%| unknown

SCIP Status        : solving was interrupted [node limit reached]
Solving Time (sec) : 0.24
Solving Nodes      : 1
Primal Bound       : +6.72476671541586e+03 (44 solutions)
Dual Bound         : +7.53201376640262e+03
Gap                : 12.00 %
