presolving:
(round 1, fast)       0 del vars, 2 del conss, 0 add conss, 0 chg bounds, 0 chg sides, 0 chg coeffs, 0 upgd conss, 0 impls, 187 clqs
(round 2, fast)       1 del vars, 2 del conss, 0 add conss, 0 chg bounds, 0 chg sides, 0 chg coeffs, 0 upgd conss, 0 impls, 187 clqs
   (0.0s) running MILP presolver
   (0.0s) MILP presolver (2 rounds): 0 aggregations, 13 fixings, 0 bound changes
(round 3, medium)     14 del vars, 2 del conss, 0 add conss, 0 chg bounds, 0 chg sides, 0 chg coeffs, 0 upgd conss, 0 impls, 187 clqs
(round 4, exhaustive) 14 del vars, 4 del conss, 0 add conss, 0 chg bounds, 2 chg sides, 0 chg coeffs, 0 upgd conss, 0 impls, 187 clqs
(round 5, exhaustive) 14 del vars, 4 del conss, 0 add conss, 0 chg bounds, 2 chg sides, 0 chg coeffs, 185 upgd conss, 0 impls, 187 clqs
(round 6, medium)     50 del vars, 4 del conss, 0 add conss, 0 chg bounds, 2 chg sides, 36 chg coeffs, 185 upgd conss, 0 impls, 187 clqs
(round 7, fast)       73 del vars, 5 del conss, 0 add conss, 0 chg bounds, 2 chg sides, 36 chg coeffs, 185 upgd conss, 0 impls, 186 clqs
(round 8, exhaustive) 73 del vars, 6 del conss, 0 add conss, 0 chg bounds, 2 chg sides, 36 chg coeffs, 185 upgd conss, 0 impls, 186 clqs
   (0.0s) probing: 51/427 (11.9%) - 0 fixings, 0 aggregations, 0 implications, 0 bound changes
   (0.0s) probing aborted: 50/50 successive totally useless probings
   (0.0s) symmetry computation started: requiring (bin +, int +, cont +), (fixed: bin -, int -, cont -)
   (0.0s) no symmetry present (symcode time: 0.00)
presolving (9 rounds: 9 fast, 6 medium, 4 exhaustive):
 73 deleted vars, 6 deleted constraints, 0 added constraints, 0 tightened bounds, 0 added holes, 2 changed sides, 36 changed coefficients
 0 implications, 186 cliques
presolved problem has 427 variables (427 bin, 0 int, 0 impl, 0 cont) and 183 constraints
    183 constraints of type <setppc>
Presolving Time: 0.02

 time | node  | left  |LP iter|LP it/n|mem/heur|mdpt |vars |cons |rows |cuts |sepa|confs|strbr|  dualbound   | primalbound  |  gap   | compl. 
  0.1s|     1 |     0 |  1010 |     - |  5465k |   0 | 427 | 183 | 183 |   0 |  0 |   0 |   0 | 7.246490e+03 |      --      |    Inf | unknown
d 0.1s|     1 |     0 |  1010 |     - |coefdivi|   0 | 427 | 183 | 183 |   0 |  1 |   0 |   0 | 7.246490e+03 | 2.596906e+03 | 179.04%| unknown
d 0.1s|     1 |     0 |  1215 |     - |coefdivi|   0 | 427 | 183 | 183 |   0 |  1 |   0 |   0 | 7.246490e+03 | 3.953072e+03 |  83.31%| unknown
d 0.1s|     1 |     0 |  1292 |     - |coefdivi|   0 | 427 | 183 | 183 |   0 |  1 |   0 |   0 | 7.246490e+03 | 6.359659e+03 |  13.94%| unknown
  0.1s|     1 |     0 |  1292 |     - |  5571k |   0 | 427 | 183 | 183 |   0 |  1 |   0 |   0 | 7.246490e+03 | 6.359659e+03 |  13.94%| unknown
  0.2s|     1 |     2 |  1292 |     - |  5657k |   0 | 427 | 183 | 183 |   0 |  2 |   0 |  23 | 7.196284e+03 | 6.359659e+03 |  13.16%| unknown

SCIP Status        : solving was interrupted [node limit reached]
Solving Time (sec) : 0.22
Solving Nodes      : 1
Primal Bound       : +6.35965898302256e+03 (26 solutions)
Dual Bound         : +7.19628447239059e+03
Gap                : 13.16 %
