presolving:
   (0.0s) running MILP presolver
   (0.0s) MILP presolver (2 rounds): 0 aggregations, 17 fixings, 0 bound changes
(round 1, medium)     17 del vars, 0 del conss, 0 add conss, 0 chg bounds, 0 chg sides, 0 chg coeffs, 0 upgd conss, 0 impls, 191 clqs
(round 2, exhaustive) 17 del vars, 5 del conss, 0 add conss, 0 chg bounds, 5 chg sides, 0 chg coeffs, 0 upgd conss, 0 impls, 191 clqs
(round 3, exhaustive) 17 del vars, 5 del conss, 0 add conss, 0 chg bounds, 5 chg sides, 0 chg coeffs, 186 upgd conss, 0 impls, 191 clqs
(round 4, medium)     54 del vars, 5 del conss, 0 add conss, 0 chg bounds, 5 chg sides, 37 chg coeffs, 186 upgd conss, 0 impls, 191 clqs
(round 5, fast)       71 del vars, 6 del conss, 0 add conss, 0 chg bounds, 5 chg sides, 37 chg coeffs, 186 upgd conss, 0 impls, 189 clqs
(round 6, exhaustive) 71 del vars, 7 del conss, 0 add conss, 0 chg bounds, 5 chg sides, 37 chg coeffs, 186 upgd conss, 0 impls, 189 clqs
   (0.0s) probing: 51/429 (11.9%) - 0 fixings, 0 aggregations, 0 implications, 0 bound changes
   (0.0s) probing aborted: 50/50 successive totally useless probings
   (0.0s) symmetry computation started: requiring (bin +, int +, cont +), (fixed: bin -, int -, cont -)
   (0.0s) no symmetry present (symcode time: 0.00)
presolving (7 rounds: 7 fast, 6 medium, 4 exhaustive):
 71 deleted vars, 7 deleted constraints, 0 added constraints, 0 tightened bounds, 0 added holes, 5 changed sides, 37 changed coefficients
 0 implications, 189 cliques
presolved problem has 429 variables (429 bin, 0 int, 0 impl, 0 cont) and 184 constraints
    184 constraints of type <setppc>
Presolving Time: 0.02

 time | node  | left  |LP iter|LP it/n|mem/heur|mdpt |vars |cons |rows |cuts |sepa|confs|strbr|  dualbound   | primalbound  |  gap   | compl. 
  0.1s|     1 |     0 |  1142 |     - |  5626k |   0 | 429 | 184 | 184 |   0 |  0 |   0 |   0 | 7.531856e+03 |      --      |    Inf | unknown
d 0.1s|     1 |     0 |  1142 |     - |coefdivi|   0 | 429 | 184 | 184 |   0 |  1 |   0 |   0 | 7.531856e+03 | 2.765174e+03 | 172.38%| unknown
d 0.1s|     1 |     0 |  1290 |     - |coefdivi|   0 | 429 | 184 | 184 |   0 |  1 |   0 |   0 | 7.531856e+03 | 3.870010e+03 |  94.62%| unknown
d 0.1s|     1 |     0 |  1313 |     - |coefdivi|   0 | 429 | 184 | 184 |   0 |  1 |   0 |   0 | 7.531856e+03 | 5.237381e+03 |  43.81%| unknown
d 0.1s|     1 |     0 |  1332 |     - |coefdivi|   0 | 429 | 184 | 184 |   0 |  1 |   0 |   0 | 7.531856e+03 | 6.890677e+03 |   9.31%| unknown
  0.2s|     1 |     0 |  1332 |     - |  5747k |   0 | 429 | 184 | 184 |   0 |  1 |   0 |   0 | 7.531856e+03 | 6.890677e+03 |   9.31%| unknown
  0.3s|     1 |     2 |  1332 |     - |  5853k |   0 | 429 | 184 | 184 |   0 |  2 |   0 |  21 | 7.502618e+03 | 6.890677e+03 |   8.88%| unknown

SCIP Status        : solving was interrupted [node limit reached]
Solving Time (sec) : 0.34
Solving Nodes      : 1
Primal Bound       : +6.89067739006195e+03 (27 solutions)
Dual Bound         : +7.50261831465686e+03
Gap                : 8.88 %
