presolving:
(round 1, fast)       0 del vars, 1 del conss, 0 add conss, 0 chg bounds, 0 chg sides, 0 chg coeffs, 0 upgd conss, 0 impls, 190 clqs
   (0.0s) running MILP presolver
   (0.0s) MILP presolver (2 rounds): 0 aggregations, 18 fixings, 0 bound changes
(round 2, medium)     18 del vars, 1 del conss, 0 add conss, 0 chg bounds, 0 chg sides, 0 chg coeffs, 0 upgd conss, 0 impls, 190 clqs
(round 3, exhaustive) 18 del vars, 4 del conss, 0 add conss, 0 chg bounds, 3 chg sides, 0 chg coeffs, 0 upgd conss, 0 impls, 190 clqs
(round 4, exhaustive) 18 del vars, 4 del conss, 0 add conss, 0 chg bounds, 3 chg sides, 0 chg coeffs, 187 upgd conss, 0 impls, 190 clqs
(round 5, medium)     52 del vars, 4 del conss, 0 add conss, 0 chg bounds, 3 chg sides, 34 chg coeffs, 187 upgd conss, 0 impls, 190 clqs
(round 6, fast)       62 del vars, 4 del conss, 0 add conss, 0 chg bounds, 3 chg sides, 34 chg coeffs, 187 upgd conss, 0 impls, 190 clqs
(round 7, exhaustive) 62 del vars, 7 del conss, 0 add conss, 0 chg bounds, 3 chg sides, 34 chg coeffs, 187 upgd conss, 0 impls, 190 clqs
(round 8, exhaustive) 63 del vars, 7 del conss, 0 add conss, 0 chg bounds, 3 chg sides, 34 chg coeffs, 187 upgd conss, 0 impls, 189 clqs
   (0.0s) probing: 51/437 (11.7%) - 0 fixings, 0 aggregations, 0 implications, 0 bound changes
   (0.0s) probing aborted: 50/50 successive totally useless probings
   (0.0s) symmetry computation started: requiring (bin +, int +, cont +), (fixed: bin -, int -, cont -)
   (0.0s) no symmetry present (symcode time: 0.00)
presolving (9 rounds: 9 fast, 7 medium, 5 exhaustive):
 63 deleted vars, 7 deleted constraints, 0 added constraints, 0 tightened bounds, 0 added holes, 3 changed sides, 34 changed coefficients
 0 implications, 189 cliques
presolved problem has 437 variables (437 bin, 0 int, 0 impl, 0 cont) and 184 constraints
    184 constraints of type <setppc>
Presolving Time: 0.02

 time | node  | left  |LP iter|LP it/n|mem/heur|mdpt |vars |cons |rows |cuts |sepa|confs|strbr|  dualbound   | primalbound  |  gap   | compl. 
  0.1s|     1 |     0 |  1291 |     - |  5555k |   0 | 437 | 184 | 184 |   0 |  0 |   0 |   0 | 7.965946e+03 |      --      |    Inf | unknown
d 0.1s|     1 |     0 |  1291 |     - |coefdivi|   0 | 437 | 184 | 184 |   0 |  1 |   0 |   0 | 7.965946e+03 | 2.577871e+03 | 209.01%| unknown
d 0.1s|     1 |     0 |  1412 |     - |coefdivi|   0 | 437 | 184 | 184 |   0 |  1 |   0 |   0 | 7.965946e+03 | 3.023312e+03 | 163.48%| unknown
d 0.1s|     1 |     0 |  1507 |     - |coefdivi|   0 | 437 | 184 | 184 |   0 |  1 |   0 |   0 | 7.965946e+03 | 4.316445e+03 |  84.55%| unknown
d 0.1s|     1 |     0 |  1560 |     - |coefdivi|   0 | 437 | 184 | 184 |   0 |  1 |   0 |   0 | 7.965946e+03 | 5.497053e+03 |  44.91%| unknown
d 0.1s|     1 |     0 |  1570 |     - |coefdivi|   0 | 437 | 184 | 184 |   0 |  1 |   0 |   0 | 7.965946e+03 | 6.335238e+03 |  25.74%| unknown
  0.1s|     1 |     0 |  1570 |     - |  5657k |   0 | 437 | 184 | 184 |   0 |  1 |   0 |   0 | 7.965946e+03 | 6.335238e+03 |  25.74%| unknown
  0.3s|     1 |     2 |  1570 |     - |  5863k |   0 | 437 | 184 | 184 |   0 |  2 |   0 |  36 | 7.928731e+03 | 6.335238e+03 |  25.15%| unknown

SCIP Status        : solving was interrupted [node limit reached]
Solving Time (sec) : 0.34
Solving Nodes      : 1
Primal Bound       : +6.33523769543167e+03 (43 solutions)
Dual Bound         : +7.92873106186505e+03
Gap                : 25.15 %
