presolving:
   (0.0s) running MILP presolver
   (0.0s) MILP presolver (2 rounds): 0 aggregations, 31 fixings, 0 bound changes
(round 1, medium)     31 del vars, 0 del conss, 0 add conss, 0 chg bounds, 0 chg sides, 0 chg coeffs, 0 upgd conss, 0 impls, 190 clqs
(round 2, fast)       31 del vars, 1 del conss, 0 add conss, 0 chg bounds, 0 chg sides, 0 chg coeffs, 0 upgd conss, 0 impls, 190 clqs
(round 3, exhaustive) 31 del vars, 6 del conss, 0 add conss, 0 chg bounds, 5 chg sides, 0 chg coeffs, 0 upgd conss, 0 impls, 190 clqs
(round 4, exhaustive) 31 del vars, 6 del conss, 0 add conss, 0 chg bounds, 5 chg sides, 0 chg coeffs, 185 upgd conss, 0 impls, 190 clqs
(round 5, medium)     74 del vars, 6 del conss, 0 add conss, 0 chg bounds, 5 chg sides, 43 chg coeffs, 185 upgd conss, 0 impls, 190 clqs
(round 6, fast)       104 del vars, 6 del conss, 0 add conss, 0 chg bounds, 5 chg sides, 43 chg coeffs, 185 upgd conss, 0 impls, 189 clqs
   (0.0s) running MILP presolver
   (0.0s) MILP presolver (2 rounds): 0 aggregations, 2 fixings, 0 bound changes
(round 7, medium)     106 del vars, 6 del conss, 0 add conss, 0 chg bounds, 5 chg sides, 43 chg coeffs, 185 upgd conss, 0 impls, 189 clqs
(round 8, exhaustive) 106 del vars, 13 del conss, 0 add conss, 0 chg bounds, 5 chg sides, 43 chg coeffs, 185 upgd conss, 0 impls, 189 clqs
   (0.0s) probing: 51/394 (12.9%) - 0 fixings, 0 aggregations, 0 implications, 0 bound changes
   (0.0s) probing aborted: 50/50 successive totally useless probings
   (0.0s) symmetry computation started: requiring (bin +, int +, cont +), (fixed: bin -, int -, cont -)
   (0.0s) no symmetry present (symcode time: 0.00)
presolving (9 rounds: 9 fast, 7 medium, 4 exhaustive):
 106 deleted vars, 13 deleted constraints, 0 added constraints, 0 tightened bounds, 0 added holes, 5 changed sides, 43 changed coefficients
 0 implications, 189 cliques
presolved problem has 394 variables (394 bin, 0 int, 0 impl, 0 cont) and 178 constraints
    178 constraints of type <setppc>
Presolving Time: 0.04

 time | node  | left  |LP iter|LP it/n|mem/heur|mdpt |vars |cons |rows |cuts |sepa|confs|strbr|  dualbound   | primalbound  |  gap   | compl. 
  0.1s|     1 |     0 |  1099 |     - |  5114k |   0 | 394 | 178 | 178 |   0 |  0 |   0 |   0 | 7.162964e+03 |      --      |    Inf | unknown
d 0.1s|     1 |     0 |  1099 |     - |coefdivi|   0 | 394 | 178 | 178 |   0 |  1 |   0 |   0 | 7.162964e+03 | 3.068072e+03 | 133.47%| unknown
d 0.1s|     1 |     0 |  1182 |     - |coefdivi|   0 | 394 | 178 | 178 |   0 |  1 |   0 |   0 | 7.162964e+03 | 4.172636e+03 |  71.67%| unknown
d 0.1s|     1 |     0 |  1207 |     - |coefdivi|   0 | 394 | 178 | 178 |   0 |  1 |   0 |   0 | 7.162964e+03 | 4.753870e+03 |  50.68%| unknown
d 0.1s|     1 |     0 |  1210 |     - |coefdivi|   0 | 394 | 178 | 178 |   0 |  1 |   0 |   0 | 7.162964e+03 | 6.698424e+03 |   6.94%| unknown
  0.1s|     1 |     0 |  1210 |     - |  5218k |   0 | 394 | 178 | 178 |   0 |  1 |   0 |   0 | 7.162964e+03 | 6.698424e+03 |   6.94%| unknown
  0.1s|     1 |     0 |  1210 |     - |  5218k |   0 | 394 | 178 | 178 |   0 |  1 |   0 |   0 | 7.162964e+03 | 6.698424e+03 |   6.94%| unknown
  0.2s|     1 |     2 |  1210 |     - |  5405k |   0 | 394 | 178 | 178 |   0 |  2 |   0 |  37 | 7.111074e+03 | 6.698424e+03 |   6.16%| unknown

SCIP Status        : solving was interrupted [node limit reached]
Solving Time (sec) : 0.23
Solving Nodes      : 1
Primal Bound       : +6.69842353399142e+03 (41 solutions)
Dual Bound         : +7.11107434106121e+03
Gap                : 6.16 %
