presolving:
(round 1, fast)       2 del vars, 2 del conss, 0 add conss, 0 chg bounds, 0 chg sides, 0 chg coeffs, 0 upgd conss, 0 impls, 191 clqs
   (0.0s) running MILP presolver
   (0.0s) MILP presolver (2 rounds): 0 aggregations, 19 fixings, 0 bound changes
(round 2, medium)     21 del vars, 2 del conss, 0 add conss, 0 chg bounds, 0 chg sides, 0 chg coeffs, 0 upgd conss, 0 impls, 191 clqs
(round 3, exhaustive) 21 del vars, 4 del conss, 0 add conss, 0 chg bounds, 2 chg sides, 0 chg coeffs, 0 upgd conss, 0 impls, 191 clqs
(round 4, exhaustive) 21 del vars, 4 del conss, 0 add conss, 0 chg bounds, 2 chg sides, 0 chg coeffs, 189 upgd conss, 0 impls, 191 clqs
(round 5, medium)     52 del vars, 4 del conss, 0 add conss, 0 chg bounds, 2 chg sides, 31 chg coeffs, 189 upgd conss, 0 impls, 191 clqs
(round 6, fast)       65 del vars, 5 del conss, 0 add conss, 0 chg bounds, 2 chg sides, 31 chg coeffs, 189 upgd conss, 0 impls, 190 clqs
(round 7, exhaustive) 65 del vars, 9 del conss, 0 add conss, 0 chg bounds, 2 chg sides, 31 chg coeffs, 189 upgd conss, 0 impls, 190 clqs
   (0.0s) probing: 51/435 (11.7%) - 0 fixings, 0 aggregations, 0 implications, 0 bound changes
   (0.0s) probing aborted: 50/50 successive totally useless probings
   (0.0s) symmetry computation started: requiring (bin +, int +, cont +), (fixed: bin -, int -, cont -)
   (0.0s) no symmetry present (symcode time: 0.00)
presolving (8 rounds: 8 fast, 6 medium, 4 exhaustive):
 65 deleted vars, 9 deleted constraints, 0 added constraints, 0 tightened bounds, 0 added holes, 2 changed sides, 31 changed coefficients
 0 implications, 190 cliques
presolved problem has 435 variables (435 bin, 0 int, 0 impl, 0 cont) and 184 constraints
    184 constraints of type <setppc>
Presolving Time: 0.02

 time | node  | left  |LP iter|LP it/n|mem/heur|mdpt |vars |cons |rows |cuts |sepa|confs|strbr|  dualbound   | primalbound  |  gap   | compl. 
  0.1s|     1 |     0 |  1481 |     - |  5440k |   0 | 435 | 184 | 184 |   0 |  0 |   0 |   0 | 7.808439e+03 |      --      |    Inf | unknown
d 0.1s|     1 |     0 |  1481 |     - |coefdivi|   0 | 435 | 184 | 184 |   0 |  1 |   0 |   0 | 7.808439e+03 | 2.155571e+03 | 262.24%| unknown
d 0.1s|     1 |     0 |  1594 |     - |coefdivi|   0 | 435 | 184 | 184 |   0 |  1 |   0 |   0 | 7.808439e+03 | 3.486306e+03 | 123.97%| unknown
d 0.1s|     1 |     0 |  1673 |     - |coefdivi|   0 | 435 | 184 | 184 |   0 |  1 |   0 |   0 | 7.808439e+03 | 4.559548e+03 |  71.25%| unknown
d 0.1s|     1 |     0 |  1710 |     - |coefdivi|   0 | 435 | 184 | 184 |   0 |  1 |   0 |   0 | 7.808439e+03 | 5.383013e+03 |  45.06%| unknown
d 0.1s|     1 |     0 |  1718 |     - |coefdivi|   0 | 435 | 184 | 184 |   0 |  1 |   0 |   0 | 7.808439e+03 | 6.890330e+03 |  13.32%| unknown
  0.1s|     1 |     0 |  1718 |     - |  5537k |   0 | 435 | 184 | 184 |   0 |  1 |   0 |   0 | 7.808439e+03 | 6.890330e+03 |  13.32%| unknown
  0.4s|     1 |     2 |  1718 |     - |  5747k |   0 | 435 | 184 | 184 |   0 |  2 |   0 |  38 | 7.767319e+03 | 6.890330e+03 |  12.73%| unknown

SCIP Status        : solving was interrupted [node limit reached]
Solving Time (sec) : 0.39
Solving Nodes      : 1
Primal Bound       : +6.89033029023852e+03 (48 solutions)
Dual Bound         : +7.76731909383797e+03
Gap                : 12.73 %
