presolving:
(round 1, fast)       0 del vars, 4 del conss, 0 add conss, 0 chg bounds, 0 chg sides, 0 chg coeffs, 0 upgd conss, 0 impls, 189 clqs
   (0.0s) running MILP presolver
   (0.0s) MILP presolver (2 rounds): 0 aggregations, 26 fixings, 0 bound changes
(round 2, medium)     26 del vars, 4 del conss, 0 add conss, 0 chg bounds, 0 chg sides, 0 chg coeffs, 0 upgd conss, 0 impls, 187 clqs
(round 3, fast)       26 del vars, 6 del conss, 0 add conss, 0 chg bounds, 0 chg sides, 0 chg coeffs, 0 upgd conss, 0 impls, 187 clqs
(round 4, exhaustive) 26 del vars, 10 del conss, 0 add conss, 0 chg bounds, 4 chg sides, 0 chg coeffs, 0 upgd conss, 0 impls, 187 clqs
(round 5, exhaustive) 26 del vars, 10 del conss, 0 add conss, 0 chg bounds, 4 chg sides, 0 chg coeffs, 183 upgd conss, 0 impls, 187 clqs
(round 6, fast)       27 del vars, 10 del conss, 0 add conss, 0 chg bounds, 4 chg sides, 0 chg coeffs, 183 upgd conss, 0 impls, 187 clqs
(round 7, medium)     67 del vars, 10 del conss, 0 add conss, 0 chg bounds, 4 chg sides, 40 chg coeffs, 183 upgd conss, 0 impls, 186 clqs
(round 8, fast)       85 del vars, 11 del conss, 0 add conss, 0 chg bounds, 4 chg sides, 40 chg coeffs, 183 upgd conss, 0 impls, 184 clqs
(round 9, exhaustive) 85 del vars, 18 del conss, 0 add conss, 0 chg bounds, 4 chg sides, 40 chg coeffs, 183 upgd conss, 0 impls, 184 clqs
   (0.0s) probing: 51/415 (12.3%) - 0 fixings, 0 aggregations, 0 implications, 0 bound changes
   (0.0s) probing aborted: 50/50 successive totally useless probings
   (0.0s) symmetry computation started: requiring (bin +, int +, cont +), (fixed: bin -, int -, cont -)
   (0.0s) no symmetry present (symcode time: 0.00)
presolving (10 rounds: 10 fast, 6 medium, 4 exhaustive):
 85 deleted vars, 18 deleted constraints, 0 added constraints, 0 tightened bounds, 0 added holes, 4 changed sides, 40 changed coefficients
 0 implications, 184 cliques
presolved problem has 415 variables (415 bin, 0 int, 0 impl, 0 cont) and 175 constraints
    175 constraints of type <setppc>
Presolving Time: 0.02

 time | node  | left  |LP iter|LP it/n|mem/heur|mdpt |vars |cons |rows |cuts |sepa|confs|strbr|  dualbound   | primalbound  |  gap   | compl. 
  0.1s|     1 |     0 |   987 |     - |  5134k |   0 | 415 | 175 | 175 |   0 |  0 |   0 |   0 | 7.110153e+03 |      --      |    Inf | unknown
d 0.1s|     1 |     0 |   987 |     - |coefdivi|   0 | 415 | 175 | 175 |   0 |  1 |   0 |   0 | 7.110153e+03 | 2.879475e+03 | 146.93%| unknown
d 0.1s|     1 |     0 |  1108 |     - |coefdivi|   0 | 415 | 175 | 175 |   0 |  1 |   0 |   0 | 7.110153e+03 | 3.658948e+03 |  94.32%| unknown
d 0.1s|     1 |     0 |  1131 |     - |coefdivi|   0 | 415 | 175 | 175 |   0 |  1 |   0 |   0 | 7.110153e+03 | 6.679348e+03 |   6.45%| unknown
  0.1s|     1 |     0 |  1131 |     - |  5226k |   0 | 415 | 175 | 175 |   0 |  1 |   0 |   0 | 7.110153e+03 | 6.679348e+03 |   6.45%| unknown
  0.1s|     1 |     0 |  1131 |     - |  5226k |   0 | 415 | 175 | 175 |   0 |  1 |   0 |   0 | 7.110153e+03 | 6.679348e+03 |   6.45%| unknown
  0.1s|     1 |     2 |  1131 |     - |  5458k |   0 | 415 | 175 | 175 |   0 |  2 |   0 |  23 | 7.080352e+03 | 6.679348e+03 |   6.00%| unknown

SCIP Status        : solving was interrupted [node limit reached]
Solving Time (sec) : 0.15
Solving Nodes      : 1
Primal Bound       : +6.67934839635791e+03 (28 solutions)
Dual Bound         : +7.08035190232727e+03
Gap                : 6.00 %
