presolving:
(round 1, fast)       1 del vars, 1 del conss, 0 add conss, 0 chg bounds, 0 chg sides, 0 chg coeffs, 0 upgd conss, 0 impls, 192 clqs
   (0.0s) running MILP presolver
   (0.0s) MILP presolver (2 rounds): 0 aggregations, 18 fixings, 0 bound changes
(round 2, medium)     19 del vars, 1 del conss, 0 add conss, 0 chg bounds, 0 chg sides, 0 chg coeffs, 0 upgd conss, 0 impls, 192 clqs
(round 3, exhaustive) 19 del vars, 5 del conss, 0 add conss, 0 chg bounds, 4 chg sides, 0 chg coeffs, 0 upgd conss, 0 impls, 192 clqs
(round 4, exhaustive) 19 del vars, 5 del conss, 0 add conss, 0 chg bounds, 4 chg sides, 0 chg coeffs, 188 upgd conss, 0 impls, 192 clqs
(round 5, medium)     57 del vars, 5 del conss, 0 add conss, 0 chg bounds, 4 chg sides, 38 chg coeffs, 188 upgd conss, 0 impls, 192 clqs
(round 6, fast)       76 del vars, 5 del conss, 0 add conss, 0 chg bounds, 4 chg sides, 38 chg coeffs, 188 upgd conss, 0 impls, 191 clqs
(round 7, exhaustive) 76 del vars, 9 del conss, 0 add conss, 0 chg bounds, 4 chg sides, 38 chg coeffs, 188 upgd conss, 0 impls, 191 clqs
   (0.0s) probing: 51/424 (12.0%) - 0 fixings, 0 aggregations, 0 implications, 0 bound changes
   (0.0s) probing aborted: 50/50 successive totally useless probings
   (0.0s) symmetry computation started: requiring (bin +, int +, cont +), (fixed: bin -, int -, cont -)
   (0.0s) no symmetry present (symcode time: 0.00)
presolving (8 rounds: 8 fast, 6 medium, 4 exhaustive):
 76 deleted vars, 9 deleted constraints, 0 added constraints, 0 tightened bounds, 0 added holes, 4 changed sides, 38 changed coefficients
 0 implications, 191 cliques
presolved problem has 424 variables (424 bin, 0 int, 0 impl, 0 cont) and 184 constraints
    184 constraints of type <setppc>
Presolving Time: 0.02

 time | node  | left  |LP iter|LP it/n|mem/heur|mdpt |vars |cons |rows |cuts |sepa|confs|strbr|  dualbound   | primalbound  |  gap   | compl. 
  0.1s|     1 |     0 |  1320 |     - |  5691k |   0 | 424 | 184 | 184 |   0 |  0 |   0 |   0 | 8.220518e+03 |      --      |    Inf | unknown
d 0.1s|     1 |     0 |  1320 |     - |coefdivi|   0 | 424 | 184 | 184 |   0 |  1 |   0 |   0 | 8.220518e+03 | 3.366771e+03 | 144.17%| unknown
d 0.1s|     1 |     0 |  1472 |     - |coefdivi|   0 | 424 | 184 | 184 |   0 |  1 |   0 |   0 | 8.220518e+03 | 4.324944e+03 |  90.07%| unknown
d 0.1s|     1 |     0 |  1510 |     - |coefdivi|   0 | 424 | 184 | 184 |   0 |  1 |   0 |   0 | 8.220518e+03 | 5.123176e+03 |  60.46%| unknown
d 0.1s|     1 |     0 |  1534 |     - |coefdivi|   0 | 424 | 184 | 184 |   0 |  1 |   0 |   0 | 8.220518e+03 | 7.415305e+03 |  10.86%| unknown
  0.1s|     1 |     0 |  1534 |     - |  5826k |   0 | 424 | 184 | 184 |   0 |  1 |   0 |   0 | 8.220518e+03 | 7.415305e+03 |  10.86%| unknown
  0.3s|     1 |     2 |  1534 |     - |  6040k |   0 | 424 | 184 | 184 |   0 |  2 |   0 |  25 | 8.150942e+03 | 7.415305e+03 |   9.92%| unknown

SCIP Status        : solving was interrupted [node limit reached]
Solving Time (sec) : 0.33
Solving Nodes      : 1
Primal Bound       : +7.41530548433571e+03 (31 solutions)
Dual Bound         : +8.15094235355406e+03
Gap                : 9.92 %
