presolving:
   (0.0s) running MILP presolver
   (0.0s) MILP presolver (2 rounds): 0 aggregations, 12 fixings, 0 bound changes
(round 1, medium)     12 del vars, 0 del conss, 0 add conss, 0 chg bounds, 0 chg sides, 0 chg coeffs, 0 upgd conss, 0 impls, 198 clqs
(round 2, exhaustive) 12 del vars, 3 del conss, 0 add conss, 0 chg bounds, 3 chg sides, 0 chg coeffs, 0 upgd conss, 0 impls, 198 clqs
(round 3, exhaustive) 12 del vars, 3 del conss, 0 add conss, 0 chg bounds, 3 chg sides, 0 chg coeffs, 195 upgd conss, 0 impls, 198 clqs
(round 4, medium)     39 del vars, 3 del conss, 0 add conss, 0 chg bounds, 3 chg sides, 27 chg coeffs, 195 upgd conss, 0 impls, 198 clqs
(round 5, fast)       54 del vars, 4 del conss, 0 add conss, 0 chg bounds, 3 chg sides, 27 chg coeffs, 195 upgd conss, 0 impls, 197 clqs
(round 6, exhaustive) 54 del vars, 9 del conss, 0 add conss, 0 chg bounds, 3 chg sides, 27 chg coeffs, 195 upgd conss, 0 impls, 197 clqs
   (0.0s) probing: 51/446 (11.4%) - 0 fixings, 0 aggregations, 0 implications, 0 bound changes
   (0.0s) probing aborted: 50/50 successive totally useless probings
   (0.0s) symmetry computation started: requiring (bin +, int +, cont +), (fixed: bin -, int -, cont -)
   (0.0s) no symmetry present (symcode time: 0.00)
presolving (7 rounds: 7 fast, 6 medium, 4 exhaustive):
 54 deleted vars, 9 deleted constraints, 0 added constraints, 0 tightened bounds, 0 added holes, 3 changed sides, 27 changed coefficients
 0 implications, 197 cliques
presolved problem has 446 variables (446 bin, 0 int, 0 impl, 0 cont) and 189 constraints
    189 constraints of type <setppc>
Presolving Time: 0.02

 time | node  | left  |LP iter|LP it/n|mem/heur|mdpt |vars |cons |rows |cuts |sepa|confs|strbr|  dualbound   | primalbound  |  gap   | compl. 
  0.1s|     1 |     0 |  2500 |     - |  5405k |   0 | 446 | 189 | 189 |   0 |  0 |   0 |   0 | 7.763104e+03 |      --      |    Inf | unknown
d 0.1s|     1 |     0 |  2500 |     - |coefdivi|   0 | 446 | 189 | 189 |   0 |  1 |   0 |   0 | 7.763104e+03 | 2.107451e+03 | 268.36%| unknown
d 0.1s|     1 |     0 |  2669 |     - |coefdivi|   0 | 446 | 189 | 189 |   0 |  1 |   0 |   0 | 7.763104e+03 | 2.875317e+03 | 169.99%| unknown
d 0.1s|     1 |     0 |  2780 |     - |coefdivi|   0 | 446 | 189 | 189 |   0 |  1 |   0 |   0 | 7.763104e+03 | 3.857100e+03 | 101.27%| unknown
d 0.1s|     1 |     0 |  2800 |     - |coefdivi|   0 | 446 | 189 | 189 |   0 |  1 |   0 |   0 | 7.763104e+03 | 6.749078e+03 |  15.02%| unknown
  0.1s|     1 |     0 |  2800 |     - |  5519k |   0 | 446 | 189 | 189 |   0 |  1 |   0 |   0 | 7.763104e+03 | 6.749078e+03 |  15.02%| unknown
  0.3s|     1 |     2 |  2800 |     - |  5678k |   0 | 446 | 189 | 189 |   0 |  2 |   0 |  28 | 7.727594e+03 | 6.749078e+03 |  14.50%| unknown

SCIP Status        : solving was interrupted [node limit reached]
Solving Time (sec) : 0.28
Solving Nodes      : 1
Primal Bound       : +6.74907763026098e+03 (33 solutions)
Dual Bound         : +7.72759424495049e+03
Gap                : 14.50 %
