presolving:
(round 1, fast)       1 del vars, 2 del conss, 0 add conss, 0 chg bounds, 0 chg sides, 0 chg coeffs, 0 upgd conss, 0 impls, 185 clqs
   (0.0s) running MILP presolver
   (0.0s) MILP presolver (2 rounds): 0 aggregations, 16 fixings, 0 bound changes
(round 2, medium)     17 del vars, 2 del conss, 0 add conss, 0 chg bounds, 0 chg sides, 0 chg coeffs, 0 upgd conss, 0 impls, 185 clqs
(round 3, exhaustive) 17 del vars, 5 del conss, 0 add conss, 0 chg bounds, 3 chg sides, 0 chg coeffs, 0 upgd conss, 0 impls, 185 clqs
(round 4, exhaustive) 17 del vars, 5 del conss, 0 add conss, 0 chg bounds, 3 chg sides, 0 chg coeffs, 182 upgd conss, 0 impls, 185 clqs
(round 5, medium)     55 del vars, 5 del conss, 0 add conss, 0 chg bounds, 3 chg sides, 38 chg coeffs, 182 upgd conss, 0 impls, 185 clqs
(round 6, fast)       76 del vars, 6 del conss, 0 add conss, 0 chg bounds, 3 chg sides, 38 chg coeffs, 182 upgd conss, 0 impls, 184 clqs
(round 7, exhaustive) 76 del vars, 9 del conss, 0 add conss, 0 chg bounds, 3 chg sides, 38 chg coeffs, 182 upgd conss, 0 impls, 184 clqs
   (0.0s) probing: 51/424 (12.0%) - 0 fixings, 0 aggregations, 0 implications, 0 bound changes
   (0.0s) probing aborted: 50/50 successive totally useless probings
   (0.0s) symmetry computation started: requiring (bin +, int +, cont +), (fixed: bin -, int -, cont -)
   (0.0s) no symmetry present (symcode time: 0.00)
presolving (8 rounds: 8 fast, 6 medium, 4 exhaustive):
 76 deleted vars, 9 deleted constraints, 0 added constraints, 0 tightened bounds, 0 added holes, 3 changed sides, 38 changed coefficients
 0 implications, 184 cliques
presolved problem has 424 variables (424 bin, 0 int, 0 impl, 0 cont) and 178 constraints
    178 constraints of type <setppc>
Presolving Time: 0.02

 time | node  | left  |LP iter|LP it/n|mem/heur|mdpt |vars |cons |rows |cuts |sepa|confs|strbr|  dualbound   | primalbound  |  gap   | compl. 
  0.1s|     1 |     0 |  1139 |     - |  5378k |   0 | 424 | 178 | 178 |   0 |  0 |   0 |   0 | 7.559923e+03 |      --      |    Inf | unknown
d 0.1s|     1 |     0 |  1139 |     - |coefdivi|   0 | 424 | 178 | 178 |   0 |  1 |   0 |   0 | 7.559923e+03 | 2.906347e+03 | 160.12%| unknown
d 0.1s|     1 |     0 |  1306 |     - |coefdivi|   0 | 424 | 178 | 178 |   0 |  1 |   0 |   0 | 7.559923e+03 | 4.157127e+03 |  81.85%| unknown
d 0.1s|     1 |     0 |  1376 |     - |coefdivi|   0 | 424 | 178 | 178 |   0 |  1 |   0 |   0 | 7.559923e+03 | 5.802511e+03 |  30.29%| unknown
d 0.1s|     1 |     0 |  1390 |     - |coefdivi|   0 | 424 | 178 | 178 |   0 |  1 |   0 |   0 | 7.559923e+03 | 6.961869e+03 |   8.59%| unknown
  0.1s|     1 |     0 |  1390 |     - |  5512k |   0 | 424 | 178 | 178 |   0 |  1 |   0 |   0 | 7.559923e+03 | 6.961869e+03 |   8.59%| unknown
  0.2s|     1 |     2 |  1390 |     - |  5672k |   0 | 424 | 178 | 178 |   0 |  2 |   0 |  33 | 7.520721e+03 | 6.961869e+03 |   8.03%| unknown

SCIP Status        : solving was interrupted [node limit reached]
Solving Time (sec) : 0.20
Solving Nodes      : 1
Primal Bound       : +6.96186949408699e+03 (38 solutions)
Dual Bound         : +7.52072062018187e+03
Gap                : 8.03 %
