presolving:
(round 1, fast)       1 del vars, 3 del conss, 0 add conss, 0 chg bounds, 0 chg sides, 0 chg coeffs, 0 upgd conss, 0 impls, 193 clqs
   (0.0s) running MILP presolver
   (0.0s) MILP presolver (2 rounds): 0 aggregations, 9 fixings, 0 bound changes
(round 2, medium)     10 del vars, 3 del conss, 0 add conss, 0 chg bounds, 0 chg sides, 0 chg coeffs, 0 upgd conss, 0 impls, 193 clqs
(round 3, exhaustive) 10 del vars, 4 del conss, 0 add conss, 0 chg bounds, 1 chg sides, 0 chg coeffs, 0 upgd conss, 0 impls, 193 clqs
(round 4, exhaustive) 10 del vars, 4 del conss, 0 add conss, 0 chg bounds, 1 chg sides, 0 chg coeffs, 192 upgd conss, 0 impls, 193 clqs
(round 5, medium)     46 del vars, 4 del conss, 0 add conss, 0 chg bounds, 1 chg sides, 36 chg coeffs, 192 upgd conss, 0 impls, 193 clqs
(round 6, fast)       70 del vars, 6 del conss, 0 add conss, 0 chg bounds, 1 chg sides, 36 chg coeffs, 192 upgd conss, 0 impls, 191 clqs
(round 7, exhaustive) 70 del vars, 11 del conss, 0 add conss, 0 chg bounds, 1 chg sides, 36 chg coeffs, 192 upgd conss, 0 impls, 191 clqs
   (0.0s) probing: 51/430 (11.9%) - 0 fixings, 0 aggregations, 0 implications, 0 bound changes
   (0.0s) probing aborted: 50/50 successive totally useless probings
   (0.0s) symmetry computation started: requiring (bin +, int +, cont +), (fixed: bin -, int -, cont -)
   (0.0s) no symmetry present (symcode time: 0.00)
presolving (8 rounds: 8 fast, 6 medium, 4 exhaustive):
 70 deleted vars, 11 deleted constraints, 0 added constraints, 0 tightened bounds, 0 added holes, 1 changed sides, 36 changed coefficients
 0 implications, 191 cliques
presolved problem has 430 variables (430 bin, 0 int, 0 impl, 0 cont) and 185 constraints
    185 constraints of type <setppc>
Presolving Time: 0.02

 time | node  | left  |LP iter|LP it/n|mem/heur|mdpt |vars |cons |rows |cuts |sepa|confs|strbr|  dualbound   | primalbound  |  gap   | compl. 
  0.1s|     1 |     0 |  1050 |     - |  5315k |   0 | 430 | 185 | 185 |   0 |  0 |   0 |   0 | 7.769914e+03 |      --      |    Inf | unknown
d 0.1s|     1 |     0 |  1050 |     - |coefdivi|   0 | 430 | 185 | 185 |   0 |  1 |   0 |   0 | 7.769914e+03 | 2.487524e+03 | 212.36%| unknown
d 0.1s|     1 |     0 |  1131 |     - |coefdivi|   0 | 430 | 185 | 185 |   0 |  1 |   0 |   0 | 7.769914e+03 | 3.904329e+03 |  99.01%| unknown
d 0.1s|     1 |     0 |  1178 |     - |coefdivi|   0 | 430 | 185 | 185 |   0 |  1 |   0 |   0 | 7.769914e+03 | 4.377321e+03 |  77.50%| unknown
d 0.1s|     1 |     0 |  1248 |     - |coefdivi|   0 | 430 | 185 | 185 |   0 |  1 |   0 |   0 | 7.769914e+03 | 5.893866e+03 |  31.83%| unknown
d 0.1s|     1 |     0 |  1262 |     - |coefdivi|   0 | 430 | 185 | 185 |   0 |  1 |   0 |   0 | 7.769914e+03 | 6.718212e+03 |  15.65%| unknown
d 0.1s|     1 |     0 |  1267 |     - |coefdivi|   0 | 430 | 185 | 185 |   0 |  1 |   0 |   0 | 7.769914e+03 | 7.064299e+03 |   9.99%| unknown
  0.1s|     1 |     0 |  1267 |     - |  5432k |   0 | 430 | 185 | 185 |   0 |  1 |   0 |   0 | 7.769914e+03 | 7.064299e+03 |   9.99%| unknown
  0.1s|     1 |     2 |  1267 |     - |  5502k |   0 | 430 | 185 | 185 |   0 |  2 |   0 |  19 | 7.745209e+03 | 7.064299e+03 |   9.64%| unknown

SCIP Status        : solving was interrupted [node limit reached]
Solving Time (sec) : 0.14
Solving Nodes      : 1
Primal Bound       : +7.06429929234908e+03 (27 solutions)
Dual Bound         : +7.74520859692897e+03
Gap                : 9.64 %
