presolving:
(round 1, fast)       0 del vars, 1 del conss, 0 add conss, 0 chg bounds, 0 chg sides, 0 chg coeffs, 0 upgd conss, 0 impls, 187 clqs
   (0.0s) running MILP presolver
   (0.0s) MILP presolver (2 rounds): 0 aggregations, 20 fixings, 0 bound changes
(round 2, medium)     20 del vars, 1 del conss, 0 add conss, 0 chg bounds, 0 chg sides, 0 chg coeffs, 0 upgd conss, 0 impls, 187 clqs
(round 3, exhaustive) 20 del vars, 7 del conss, 0 add conss, 0 chg bounds, 6 chg sides, 0 chg coeffs, 0 upgd conss, 0 impls, 187 clqs
(round 4, exhaustive) 20 del vars, 7 del conss, 0 add conss, 0 chg bounds, 6 chg sides, 0 chg coeffs, 181 upgd conss, 0 impls, 187 clqs
(round 5, medium)     60 del vars, 7 del conss, 0 add conss, 0 chg bounds, 6 chg sides, 40 chg coeffs, 181 upgd conss, 0 impls, 187 clqs
(round 6, fast)       79 del vars, 7 del conss, 0 add conss, 0 chg bounds, 6 chg sides, 40 chg coeffs, 181 upgd conss, 0 impls, 185 clqs
(round 7, exhaustive) 79 del vars, 10 del conss, 0 add conss, 0 chg bounds, 6 chg sides, 40 chg coeffs, 181 upgd conss, 0 impls, 185 clqs
   (0.0s) probing: 51/421 (12.1%) - 0 fixings, 0 aggregations, 0 implications, 0 bound changes
   (0.0s) probing aborted: 50/50 successive totally useless probings
   (0.0s) symmetry computation started: requiring (bin +, int +, cont +), (fixed: bin -, int -, cont -)
   (0.0s) no symmetry present (symcode time: 0.00)
presolving (8 rounds: 8 fast, 6 medium, 4 exhaustive):
 79 deleted vars, 10 deleted constraints, 0 added constraints, 0 tightened bounds, 0 added holes, 6 changed sides, 40 changed coefficients
 0 implications, 185 cliques
presolved problem has 421 variables (421 bin, 0 int, 0 impl, 0 cont) and 178 constraints
    178 constraints of type <setppc>
Presolving Time: 0.02

 time | node  | left  |LP iter|LP it/n|mem/heur|mdpt |vars |cons |rows |cuts |sepa|confs|strbr|  dualbound   | primalbound  |  gap   | compl. 
  0.1s|     1 |     0 |  1391 |     - |  5504k |   0 | 421 | 178 | 178 |   0 |  0 |   0 |   0 | 7.819187e+03 |      --      |    Inf | unknown
d 0.1s|     1 |     0 |  1391 |     - |coefdivi|   0 | 421 | 178 | 178 |   0 |  1 |   0 |   0 | 7.819187e+03 | 3.304820e+03 | 136.60%| unknown
d 0.1s|     1 |     0 |  1486 |     - |coefdivi|   0 | 421 | 178 | 178 |   0 |  1 |   0 |   0 | 7.819187e+03 | 5.489403e+03 |  42.44%| unknown
d 0.1s|     1 |     0 |  1510 |     - |coefdivi|   0 | 421 | 178 | 178 |   0 |  1 |   0 |   0 | 7.819187e+03 | 7.257543e+03 |   7.74%| unknown
  0.1s|     1 |     0 |  1510 |     - |  5610k |   0 | 421 | 178 | 178 |   0 |  1 |   0 |   0 | 7.819187e+03 | 7.257543e+03 |   7.74%| unknown
  0.1s|     1 |     0 |  1510 |     - |  5610k |   0 | 421 | 178 | 178 |   0 |  1 |   0 |   0 | 7.819187e+03 | 7.257543e+03 |   7.74%| unknown
  0.2s|     1 |     2 |  1510 |     - |  5820k |   0 | 421 | 178 | 178 |   0 |  2 |   0 |  29 | 7.785387e+03 | 7.257543e+03 |   7.27%| unknown

SCIP Status        : solving was interrupted [node limit reached]
Solving Time (sec) : 0.20
Solving Nodes      : 1
Primal Bound       : +7.25754332892087e+03 (38 solutions)
Dual Bound         : +7.78538713164381e+03
Gap                : 7.27 %
