presolving:
(round 1, fast)       1 del vars, 2 del conss, 0 add conss, 0 chg bounds, 0 chg sides, 0 chg coeffs, 0 upgd conss, 0 impls, 181 clqs
(round 2, fast)       2 del vars, 2 del conss, 0 add conss, 0 chg bounds, 0 chg sides, 0 chg coeffs, 0 upgd conss, 0 impls, 181 clqs
   (0.0s) running MILP presolver
   (0.0s) MILP presolver (2 rounds): 0 aggregations, 19 fixings, 0 bound changes
(round 3, medium)     21 del vars, 2 del conss, 0 add conss, 0 chg bounds, 0 chg sides, 0 chg coeffs, 0 upgd conss, 0 impls, 180 clqs
(round 4, fast)       21 del vars, 3 del conss, 0 add conss, 0 chg bounds, 0 chg sides, 0 chg coeffs, 0 upgd conss, 0 impls, 180 clqs
(round 5, exhaustive) 21 del vars, 4 del conss, 0 add conss, 0 chg bounds, 1 chg sides, 0 chg coeffs, 0 upgd conss, 0 impls, 180 clqs
(round 6, exhaustive) 21 del vars, 4 del conss, 0 add conss, 0 chg bounds, 1 chg sides, 0 chg coeffs, 179 upgd conss, 0 impls, 180 clqs
(round 7, medium)     64 del vars, 4 del conss, 0 add conss, 0 chg bounds, 1 chg sides, 43 chg coeffs, 179 upgd conss, 0 impls, 180 clqs
(round 8, fast)       93 del vars, 6 del conss, 0 add conss, 0 chg bounds, 1 chg sides, 43 chg coeffs, 179 upgd conss, 0 impls, 178 clqs
   (0.0s) running MILP presolver
   (0.0s) MILP presolver (2 rounds): 0 aggregations, 8 fixings, 0 bound changes
(round 9, medium)     101 del vars, 6 del conss, 0 add conss, 0 chg bounds, 1 chg sides, 43 chg coeffs, 179 upgd conss, 0 impls, 178 clqs
(round 10, exhaustive) 101 del vars, 14 del conss, 0 add conss, 0 chg bounds, 1 chg sides, 43 chg coeffs, 179 upgd conss, 0 impls, 178 clqs
(round 11, exhaustive) 102 del vars, 14 del conss, 0 add conss, 0 chg bounds, 1 chg sides, 43 chg coeffs, 179 upgd conss, 0 impls, 178 clqs
   (0.0s) probing: 51/398 (12.8%) - 0 fixings, 0 aggregations, 0 implications, 0 bound changes
   (0.0s) probing aborted: 50/50 successive totally useless probings
   (0.0s) symmetry computation started: requiring (bin +, int +, cont +), (fixed: bin -, int -, cont -)
   (0.0s) no symmetry present (symcode time: 0.00)
presolving (12 rounds: 12 fast, 8 medium, 5 exhaustive):
 102 deleted vars, 14 deleted constraints, 0 added constraints, 0 tightened bounds, 0 added holes, 1 changed sides, 43 changed coefficients
 0 implications, 178 cliques
presolved problem has 398 variables (398 bin, 0 int, 0 impl, 0 cont) and 169 constraints
    169 constraints of type <setppc>
Presolving Time: 0.02

 time | node  | left  |LP iter|LP it/n|mem/heur|mdpt |vars |cons |rows |cuts |sepa|confs|strbr|  dualbound   | primalbound  |  gap   | compl. 
  0.1s|     1 |     0 |  1080 |     - |  4901k |   0 | 398 | 169 | 169 |   0 |  0 |   0 |   0 | 7.474197e+03 |      --      |    Inf | unknown
d 0.1s|     1 |     0 |  1080 |     - |coefdivi|   0 | 398 | 169 | 169 |   0 |  1 |   0 |   0 | 7.474197e+03 | 3.698579e+03 | 102.08%| unknown
d 0.1s|     1 |     0 |  1163 |     - |coefdivi|   0 | 398 | 169 | 169 |   0 |  1 |   0 |   0 | 7.474197e+03 | 4.217246e+03 |  77.23%| unknown
d 0.1s|     1 |     0 |  1236 |     - |coefdivi|   0 | 398 | 169 | 169 |   0 |  1 |   0 |   0 | 7.474197e+03 | 4.711671e+03 |  58.63%| unknown
d 0.1s|     1 |     0 |  1271 |     - |coefdivi|   0 | 398 | 169 | 169 |   0 |  1 |   0 |   0 | 7.474197e+03 | 5.520386e+03 |  35.39%| unknown
d 0.1s|     1 |     0 |  1274 |     - |coefdivi|   0 | 398 | 169 | 169 |   0 |  1 |   0 |   0 | 7.474197e+03 | 6.869555e+03 |   8.80%| unknown
  0.1s|     1 |     0 |  1274 |     - |  5000k |   0 | 398 | 169 | 169 |   0 |  1 |   0 |   0 | 7.474197e+03 | 6.869555e+03 |   8.80%| unknown
  0.2s|     1 |     2 |  1274 |     - |  5360k |   0 | 398 | 169 | 169 |   0 |  2 |   0 |  33 | 7.434644e+03 | 6.869555e+03 |   8.23%| unknown

SCIP Status        : solving was interrupted [node limit reached]
Solving Time (sec) : 0.17
Solving Nodes      : 1
Primal Bound       : +6.86955510362070e+03 (44 solutions)
Dual Bound         : +7.43464407783830e+03
Gap                : 8.23 %
