presolving:
(round 1, fast)       1 del vars, 1 del conss, 0 add conss, 0 chg bounds, 0 chg sides, 0 chg coeffs, 0 upgd conss, 0 impls, 196 clqs
   (0.0s) running MILP presolver
   (0.0s) MILP presolver (2 rounds): 0 aggregations, 14 fixings, 0 bound changes
(round 2, medium)     15 del vars, 1 del conss, 0 add conss, 0 chg bounds, 0 chg sides, 0 chg coeffs, 0 upgd conss, 0 impls, 195 clqs
(round 3, fast)       15 del vars, 2 del conss, 0 add conss, 0 chg bounds, 0 chg sides, 0 chg coeffs, 0 upgd conss, 0 impls, 195 clqs
(round 4, exhaustive) 15 del vars, 7 del conss, 0 add conss, 0 chg bounds, 5 chg sides, 0 chg coeffs, 0 upgd conss, 0 impls, 195 clqs
(round 5, exhaustive) 15 del vars, 7 del conss, 0 add conss, 0 chg bounds, 5 chg sides, 0 chg coeffs, 190 upgd conss, 0 impls, 195 clqs
(round 6, medium)     50 del vars, 7 del conss, 0 add conss, 0 chg bounds, 5 chg sides, 35 chg coeffs, 190 upgd conss, 0 impls, 195 clqs
(round 7, fast)       70 del vars, 8 del conss, 0 add conss, 0 chg bounds, 5 chg sides, 35 chg coeffs, 190 upgd conss, 0 impls, 193 clqs
(round 8, exhaustive) 70 del vars, 10 del conss, 0 add conss, 0 chg bounds, 5 chg sides, 35 chg coeffs, 190 upgd conss, 0 impls, 193 clqs
   (0.0s) probing: 51/430 (11.9%) - 0 fixings, 0 aggregations, 0 implications, 0 bound changes
   (0.0s) probing aborted: 50/50 successive totally useless probings
   (0.0s) symmetry computation started: requiring (bin +, int +, cont +), (fixed: bin -, int -, cont -)
   (0.0s) no symmetry present (symcode time: 0.00)
presolving (9 rounds: 9 fast, 6 medium, 4 exhaustive):
 70 deleted vars, 10 deleted constraints, 0 added constraints, 0 tightened bounds, 0 added holes, 5 changed sides, 35 changed coefficients
 0 implications, 193 cliques
presolved problem has 430 variables (430 bin, 0 int, 0 impl, 0 cont) and 187 constraints
    187 constraints of type <setppc>
Presolving Time: 0.02

 time | node  | left  |LP iter|LP it/n|mem/heur|mdpt |vars |cons |rows |cuts |sepa|confs|strbr|  dualbound   | primalbound  |  gap   | compl. 
  0.1s|     1 |     0 |  1386 |     - |  5425k |   0 | 430 | 187 | 187 |   0 |  0 |   0 |   0 | 7.972094e+03 |      --      |    Inf | unknown
d 0.1s|     1 |     0 |  1386 |     - |coefdivi|   0 | 430 | 187 | 187 |   0 |  1 |   0 |   0 | 7.972094e+03 | 2.472728e+03 | 222.40%| unknown
d 0.1s|     1 |     0 |  1538 |     - |coefdivi|   0 | 430 | 187 | 187 |   0 |  1 |   0 |   0 | 7.972094e+03 | 2.957062e+03 | 169.60%| unknown
d 0.1s|     1 |     0 |  1586 |     - |coefdivi|   0 | 430 | 187 | 187 |   0 |  1 |   0 |   0 | 7.972094e+03 | 4.204936e+03 |  89.59%| unknown
d 0.1s|     1 |     0 |  1615 |     - |coefdivi|   0 | 430 | 187 | 187 |   0 |  1 |   0 |   0 | 7.972094e+03 | 5.559372e+03 |  43.40%| unknown
d 0.1s|     1 |     0 |  1621 |     - |coefdivi|   0 | 430 | 187 | 187 |   0 |  1 |   0 |   0 | 7.972094e+03 | 6.993754e+03 |  13.99%| unknown
  0.1s|     1 |     0 |  1621 |     - |  5541k |   0 | 430 | 187 | 187 |   0 |  1 |   0 |   0 | 7.972094e+03 | 6.993754e+03 |  13.99%| unknown
  0.3s|     1 |     2 |  1621 |     - |  5690k |   0 | 430 | 187 | 187 |   0 |  2 |   0 |  31 | 7.920643e+03 | 6.993754e+03 |  13.25%| unknown

SCIP Status        : solving was interrupted [node limit reached]
Solving Time (sec) : 0.31
Solving Nodes      : 1
Primal Bound       : +6.99375405730574e+03 (37 solutions)
Dual Bound         : +7.92064295255375e+03
Gap                : 13.25 %
