presolving:
   (0.0s) running MILP presolver
   (0.0s) MILP presolver (2 rounds): 0 aggregations, 22 fixings, 0 bound changes
(round 1, medium)     22 del vars, 0 del conss, 0 add conss, 0 chg bounds, 0 chg sides, 0 chg coeffs, 0 upgd conss, 0 impls, 187 clqs
(round 2, exhaustive) 22 del vars, 9 del conss, 0 add conss, 0 chg bounds, 9 chg sides, 0 chg coeffs, 0 upgd conss, 0 impls, 187 clqs
(round 3, exhaustive) 22 del vars, 9 del conss, 0 add conss, 0 chg bounds, 9 chg sides, 0 chg coeffs, 178 upgd conss, 0 impls, 187 clqs
(round 4, medium)     72 del vars, 9 del conss, 0 add conss, 0 chg bounds, 9 chg sides, 50 chg coeffs, 178 upgd conss, 0 impls, 187 clqs
(round 5, fast)       103 del vars, 9 del conss, 0 add conss, 0 chg bounds, 9 chg sides, 50 chg coeffs, 178 upgd conss, 0 impls, 186 clqs
   (0.0s) running MILP presolver
   (0.0s) MILP presolver (2 rounds): 0 aggregations, 4 fixings, 0 bound changes
(round 6, medium)     107 del vars, 10 del conss, 0 add conss, 0 chg bounds, 9 chg sides, 50 chg coeffs, 178 upgd conss, 0 impls, 185 clqs
(round 7, exhaustive) 107 del vars, 16 del conss, 0 add conss, 0 chg bounds, 9 chg sides, 50 chg coeffs, 178 upgd conss, 0 impls, 185 clqs
   (0.0s) probing: 51/393 (13.0%) - 0 fixings, 0 aggregations, 0 implications, 0 bound changes
   (0.0s) probing aborted: 50/50 successive totally useless probings
   (0.0s) symmetry computation started: requiring (bin +, int +, cont +), (fixed: bin -, int -, cont -)
   (0.0s) no symmetry present (symcode time: 0.00)
presolving (8 rounds: 8 fast, 7 medium, 4 exhaustive):
 107 deleted vars, 16 deleted constraints, 0 added constraints, 0 tightened bounds, 0 added holes, 9 changed sides, 50 changed coefficients
 0 implications, 185 cliques
presolved problem has 393 variables (393 bin, 0 int, 0 impl, 0 cont) and 171 constraints
    171 constraints of type <setppc>
Presolving Time: 0.02

 time | node  | left  |LP iter|LP it/n|mem/heur|mdpt |vars |cons |rows |cuts |sepa|confs|strbr|  dualbound   | primalbound  |  gap   | compl. 
  0.1s|     1 |     0 |  1150 |     - |  5048k |   0 | 393 | 171 | 171 |   0 |  0 |   0 |   0 | 7.899223e+03 |      --      |    Inf | unknown
d 0.1s|     1 |     0 |  1150 |     - |coefdivi|   0 | 393 | 171 | 171 |   0 |  1 |   0 |   0 | 7.899223e+03 | 3.894472e+03 | 102.83%| unknown
d 0.1s|     1 |     0 |  1289 |     - |coefdivi|   0 | 393 | 171 | 171 |   0 |  1 |   0 |   0 | 7.899223e+03 | 4.603946e+03 |  71.58%| unknown
d 0.1s|     1 |     0 |  1323 |     - |coefdivi|   0 | 393 | 171 | 171 |   0 |  1 |   0 |   0 | 7.899223e+03 | 5.770015e+03 |  36.90%| unknown
d 0.1s|     1 |     0 |  1339 |     - |coefdivi|   0 | 393 | 171 | 171 |   0 |  1 |   0 |   0 | 7.899223e+03 | 7.125025e+03 |  10.87%| unknown
  0.1s|     1 |     0 |  1339 |     - |  5165k |   0 | 393 | 171 | 171 |   0 |  1 |   0 |   0 | 7.899223e+03 | 7.125025e+03 |  10.87%| unknown
  0.2s|     1 |     2 |  1339 |     - |  5246k |   0 | 393 | 171 | 171 |   0 |  2 |   0 |  20 | 7.859534e+03 | 7.125025e+03 |  10.31%| unknown

SCIP Status        : solving was interrupted [node limit reached]
Solving Time (sec) : 0.17
Solving Nodes      : 1
Primal Bound       : +7.12502531840610e+03 (25 solutions)
Dual Bound         : +7.85953428401428e+03
Gap                : 10.31 %
