presolving:
(round 1, fast)       2 del vars, 2 del conss, 0 add conss, 0 chg bounds, 0 chg sides, 0 chg coeffs, 0 upgd conss, 0 impls, 189 clqs
   (0.0s) running MILP presolver
   (0.0s) MILP presolver (2 rounds): 0 aggregations, 18 fixings, 0 bound changes
(round 2, medium)     20 del vars, 2 del conss, 0 add conss, 0 chg bounds, 0 chg sides, 0 chg coeffs, 0 upgd conss, 0 impls, 189 clqs
(round 3, exhaustive) 20 del vars, 4 del conss, 0 add conss, 0 chg bounds, 2 chg sides, 0 chg coeffs, 0 upgd conss, 0 impls, 189 clqs
(round 4, exhaustive) 20 del vars, 4 del conss, 0 add conss, 0 chg bounds, 2 chg sides, 0 chg coeffs, 187 upgd conss, 0 impls, 189 clqs
(round 5, medium)     61 del vars, 4 del conss, 0 add conss, 0 chg bounds, 2 chg sides, 41 chg coeffs, 187 upgd conss, 0 impls, 189 clqs
(round 6, fast)       78 del vars, 4 del conss, 0 add conss, 0 chg bounds, 2 chg sides, 41 chg coeffs, 187 upgd conss, 0 impls, 188 clqs
(round 7, exhaustive) 78 del vars, 7 del conss, 0 add conss, 0 chg bounds, 2 chg sides, 41 chg coeffs, 187 upgd conss, 0 impls, 188 clqs
   (0.0s) probing: 51/422 (12.1%) - 0 fixings, 0 aggregations, 0 implications, 0 bound changes
   (0.0s) probing aborted: 50/50 successive totally useless probings
   (0.0s) symmetry computation started: requiring (bin +, int +, cont +), (fixed: bin -, int -, cont -)
   (0.0s) no symmetry present (symcode time: 0.00)
presolving (8 rounds: 8 fast, 6 medium, 4 exhaustive):
 78 deleted vars, 7 deleted constraints, 0 added constraints, 0 tightened bounds, 0 added holes, 2 changed sides, 41 changed coefficients
 0 implications, 188 cliques
presolved problem has 422 variables (422 bin, 0 int, 0 impl, 0 cont) and 184 constraints
    184 constraints of type <setppc>
Presolving Time: 0.02

 time | node  | left  |LP iter|LP it/n|mem/heur|mdpt |vars |cons |rows |cuts |sepa|confs|strbr|  dualbound   | primalbound  |  gap   | compl. 
  0.1s|     1 |     0 |  1231 |     - |  5412k |   0 | 422 | 184 | 184 |   0 |  0 |   0 |   0 | 7.975321e+03 |      --      |    Inf | unknown
d 0.1s|     1 |     0 |  1231 |     - |coefdivi|   0 | 422 | 184 | 184 |   0 |  1 |   0 |   0 | 7.975321e+03 | 3.264379e+03 | 144.31%| unknown
d 0.1s|     1 |     0 |  1296 |     - |coefdivi|   0 | 422 | 184 | 184 |   0 |  1 |   0 |   0 | 7.975321e+03 | 4.663939e+03 |  71.00%| unknown
d 0.1s|     1 |     0 |  1341 |     - |coefdivi|   0 | 422 | 184 | 184 |   0 |  1 |   0 |   0 | 7.975321e+03 | 5.192348e+03 |  53.60%| unknown
d 0.1s|     1 |     0 |  1372 |     - |coefdivi|   0 | 422 | 184 | 184 |   0 |  1 |   0 |   0 | 7.975321e+03 | 7.232098e+03 |  10.28%| unknown
d 0.1s|     1 |     0 |  1375 |     - |coefdivi|   0 | 422 | 184 | 184 |   0 |  1 |   0 |   0 | 7.975321e+03 | 7.324786e+03 |   8.88%| unknown
  0.1s|     1 |     0 |  1375 |     - |  5527k |   0 | 422 | 184 | 184 |   0 |  1 |   0 |   0 | 7.975321e+03 | 7.324786e+03 |   8.88%| unknown
  0.1s|     1 |     2 |  1375 |     - |  5636k |   0 | 422 | 184 | 184 |   0 |  2 |   0 |  20 | 7.953791e+03 | 7.324786e+03 |   8.59%| unknown

SCIP Status        : solving was interrupted [node limit reached]
Solving Time (sec) : 0.15
Solving Nodes      : 1
Primal Bound       : +7.32478568897213e+03 (27 solutions)
Dual Bound         : +7.95379132014176e+03
Gap                : 8.59 %
