presolving:
(round 1, fast)       0 del vars, 1 del conss, 0 add conss, 0 chg bounds, 0 chg sides, 0 chg coeffs, 0 upgd conss, 0 impls, 188 clqs
(round 2, fast)       1 del vars, 1 del conss, 0 add conss, 0 chg bounds, 0 chg sides, 0 chg coeffs, 0 upgd conss, 0 impls, 188 clqs
   (0.0s) running MILP presolver
   (0.0s) MILP presolver (2 rounds): 0 aggregations, 24 fixings, 0 bound changes
(round 3, medium)     25 del vars, 1 del conss, 0 add conss, 0 chg bounds, 0 chg sides, 0 chg coeffs, 0 upgd conss, 0 impls, 188 clqs
(round 4, exhaustive) 25 del vars, 7 del conss, 0 add conss, 0 chg bounds, 6 chg sides, 0 chg coeffs, 0 upgd conss, 0 impls, 188 clqs
(round 5, exhaustive) 25 del vars, 7 del conss, 0 add conss, 0 chg bounds, 6 chg sides, 0 chg coeffs, 182 upgd conss, 0 impls, 188 clqs
(round 6, medium)     57 del vars, 7 del conss, 0 add conss, 0 chg bounds, 6 chg sides, 32 chg coeffs, 182 upgd conss, 0 impls, 188 clqs
(round 7, fast)       67 del vars, 8 del conss, 0 add conss, 0 chg bounds, 6 chg sides, 32 chg coeffs, 182 upgd conss, 0 impls, 186 clqs
(round 8, exhaustive) 67 del vars, 10 del conss, 0 add conss, 0 chg bounds, 6 chg sides, 32 chg coeffs, 182 upgd conss, 0 impls, 186 clqs
   (0.1s) probing: 51/433 (11.8%) - 0 fixings, 0 aggregations, 0 implications, 0 bound changes
   (0.1s) probing aborted: 50/50 successive totally useless probings
   (0.1s) symmetry computation started: requiring (bin +, int +, cont +), (fixed: bin -, int -, cont -)
   (0.1s) no symmetry present (symcode time: 0.00)
presolving (9 rounds: 9 fast, 6 medium, 4 exhaustive):
 67 deleted vars, 10 deleted constraints, 0 added constraints, 0 tightened bounds, 0 added holes, 6 changed sides, 32 changed coefficients
 0 implications, 186 cliques
presolved problem has 433 variables (433 bin, 0 int, 0 impl, 0 cont) and 179 constraints
    179 constraints of type <setppc>
Presolving Time: 0.06

 time | node  | left  |LP iter|LP it/n|mem/heur|mdpt |vars |cons |rows |cuts |sepa|confs|strbr|  dualbound   | primalbound  |  gap   | compl. 
  0.2s|     1 |     0 |  1373 |     - |  5345k |   0 | 433 | 179 | 179 |   0 |  0 |   0 |   0 | 6.964969e+03 |      --      |    Inf | unknown
d 0.2s|     1 |     0 |  1373 |     - |coefdivi|   0 | 433 | 179 | 179 |   0 |  1 |   0 |   0 | 6.964969e+03 | 2.091368e+03 | 233.03%| unknown
d 0.2s|     1 |     0 |  1510 |     - |coefdivi|   0 | 433 | 179 | 179 |   0 |  1 |   0 |   0 | 6.964969e+03 | 3.006080e+03 | 131.70%| unknown
d 0.2s|     1 |     0 |  1545 |     - |coefdivi|   0 | 433 | 179 | 179 |   0 |  1 |   0 |   0 | 6.964969e+03 | 6.442047e+03 |   8.12%| unknown
  0.2s|     1 |     0 |  1545 |     - |  5437k |   0 | 433 | 179 | 179 |   0 |  1 |   0 |   0 | 6.964969e+03 | 6.442047e+03 |   8.12%| unknown
  0.3s|     1 |     2 |  1545 |     - |  5523k |   0 | 433 | 179 | 179 |   0 |  2 |   0 |  19 | 6.900723e+03 | 6.442047e+03 |   7.12%| unknown

SCIP Status        : solving was interrupted [node limit reached]
Solving Time (sec) : 0.29
Solving Nodes      : 1
Primal Bound       : +6.44204684601611e+03 (23 solutions)
Dual Bound         : +6.90072288161626e+03
Gap                : 7.12 %
