presolving:
(round 1, fast)       1 del vars, 4 del conss, 0 add conss, 0 chg bounds, 0 chg sides, 0 chg coeffs, 0 upgd conss, 0 impls, 187 clqs
(round 2, fast)       2 del vars, 4 del conss, 0 add conss, 0 chg bounds, 0 chg sides, 0 chg coeffs, 0 upgd conss, 0 impls, 187 clqs
   (0.0s) running MILP presolver
   (0.0s) MILP presolver (2 rounds): 0 aggregations, 20 fixings, 0 bound changes
(round 3, medium)     22 del vars, 4 del conss, 0 add conss, 0 chg bounds, 0 chg sides, 0 chg coeffs, 0 upgd conss, 0 impls, 187 clqs
(round 4, exhaustive) 22 del vars, 7 del conss, 0 add conss, 0 chg bounds, 3 chg sides, 0 chg coeffs, 0 upgd conss, 0 impls, 187 clqs
(round 5, exhaustive) 22 del vars, 7 del conss, 0 add conss, 0 chg bounds, 3 chg sides, 0 chg coeffs, 184 upgd conss, 0 impls, 187 clqs
(round 6, medium)     57 del vars, 7 del conss, 0 add conss, 0 chg bounds, 3 chg sides, 35 chg coeffs, 184 upgd conss, 0 impls, 187 clqs
(round 7, fast)       84 del vars, 10 del conss, 0 add conss, 0 chg bounds, 3 chg sides, 35 chg coeffs, 184 upgd conss, 0 impls, 183 clqs
(round 8, exhaustive) 84 del vars, 12 del conss, 0 add conss, 0 chg bounds, 3 chg sides, 35 chg coeffs, 184 upgd conss, 0 impls, 183 clqs
   (0.0s) probing: 51/416 (12.3%) - 0 fixings, 0 aggregations, 0 implications, 0 bound changes
   (0.0s) probing aborted: 50/50 successive totally useless probings
   (0.0s) symmetry computation started: requiring (bin +, int +, cont +), (fixed: bin -, int -, cont -)
   (0.0s) no symmetry present (symcode time: 0.00)
presolving (9 rounds: 9 fast, 6 medium, 4 exhaustive):
 84 deleted vars, 12 deleted constraints, 0 added constraints, 0 tightened bounds, 0 added holes, 3 changed sides, 35 changed coefficients
 0 implications, 183 cliques
presolved problem has 416 variables (416 bin, 0 int, 0 impl, 0 cont) and 179 constraints
    179 constraints of type <setppc>
Presolving Time: 0.02

 time | node  | left  |LP iter|LP it/n|mem/heur|mdpt |vars |cons |rows |cuts |sepa|confs|strbr|  dualbound   | primalbound  |  gap   | compl. 
  0.1s|     1 |     0 |  1603 |     - |  5360k |   0 | 416 | 179 | 179 |   0 |  0 |   0 |   0 | 7.509263e+03 |      --      |    Inf | unknown
d 0.1s|     1 |     0 |  1603 |     - |coefdivi|   0 | 416 | 179 | 179 |   0 |  1 |   0 |   0 | 7.509263e+03 | 3.024574e+03 | 148.28%| unknown
d 0.1s|     1 |     0 |  1702 |     - |coefdivi|   0 | 416 | 179 | 179 |   0 |  1 |   0 |   0 | 7.509263e+03 | 3.961338e+03 |  89.56%| unknown
d 0.1s|     1 |     0 |  1746 |     - |coefdivi|   0 | 416 | 179 | 179 |   0 |  1 |   0 |   0 | 7.509263e+03 | 5.226092e+03 |  43.69%| unknown
d 0.1s|     1 |     0 |  1767 |     - |coefdivi|   0 | 416 | 179 | 179 |   0 |  1 |   0 |   0 | 7.509263e+03 | 5.840802e+03 |  28.57%| unknown
d 0.1s|     1 |     0 |  1769 |     - |coefdivi|   0 | 416 | 179 | 179 |   0 |  1 |   0 |   0 | 7.509263e+03 | 7.050040e+03 |   6.51%| unknown
  0.1s|     1 |     0 |  1769 |     - |  5485k |   0 | 416 | 179 | 179 |   0 |  1 |   0 |   0 | 7.509263e+03 | 7.050040e+03 |   6.51%| unknown
  0.1s|     1 |     0 |  1769 |     - |  5485k |   0 | 416 | 179 | 179 |   0 |  1 |   0 |   0 | 7.509263e+03 | 7.050040e+03 |   6.51%| unknown
  0.2s|     1 |     2 |  1769 |     - |  5609k |   0 | 416 | 179 | 179 |   0 |  2 |   0 |  19 | 7.479098e+03 | 7.050040e+03 |   6.09%| unknown

SCIP Status        : solving was interrupted [node limit reached]
Solving Time (sec) : 0.21
Solving Nodes      : 1
Primal Bound       : +7.05004022843420e+03 (25 solutions)
Dual Bound         : +7.47909767581452e+03
Gap                : 6.09 %
