presolving:
(round 1, fast)       2 del vars, 3 del conss, 0 add conss, 0 chg bounds, 0 chg sides, 0 chg coeffs, 0 upgd conss, 0 impls, 191 clqs
(round 2, fast)       3 del vars, 3 del conss, 0 add conss, 0 chg bounds, 0 chg sides, 0 chg coeffs, 0 upgd conss, 0 impls, 191 clqs
   (0.0s) running MILP presolver
   (0.0s) MILP presolver (2 rounds): 0 aggregations, 13 fixings, 0 bound changes
(round 3, medium)     16 del vars, 3 del conss, 0 add conss, 0 chg bounds, 0 chg sides, 0 chg coeffs, 0 upgd conss, 0 impls, 191 clqs
(round 4, exhaustive) 16 del vars, 5 del conss, 0 add conss, 0 chg bounds, 2 chg sides, 0 chg coeffs, 0 upgd conss, 0 impls, 191 clqs
(round 5, exhaustive) 16 del vars, 5 del conss, 0 add conss, 0 chg bounds, 2 chg sides, 0 chg coeffs, 189 upgd conss, 0 impls, 191 clqs
(round 6, medium)     52 del vars, 5 del conss, 0 add conss, 0 chg bounds, 2 chg sides, 36 chg coeffs, 189 upgd conss, 0 impls, 191 clqs
(round 7, fast)       81 del vars, 5 del conss, 0 add conss, 0 chg bounds, 2 chg sides, 36 chg coeffs, 189 upgd conss, 0 impls, 191 clqs
(round 8, exhaustive) 81 del vars, 8 del conss, 0 add conss, 0 chg bounds, 2 chg sides, 36 chg coeffs, 189 upgd conss, 0 impls, 191 clqs
   (0.0s) probing: 51/419 (12.2%) - 0 fixings, 0 aggregations, 0 implications, 0 bound changes
   (0.0s) probing aborted: 50/50 successive totally useless probings
   (0.0s) symmetry computation started: requiring (bin +, int +, cont +), (fixed: bin -, int -, cont -)
   (0.0s) no symmetry present (symcode time: 0.00)
presolving (9 rounds: 9 fast, 6 medium, 4 exhaustive):
 81 deleted vars, 8 deleted constraints, 0 added constraints, 0 tightened bounds, 0 added holes, 2 changed sides, 36 changed coefficients
 0 implications, 191 cliques
presolved problem has 419 variables (419 bin, 0 int, 0 impl, 0 cont) and 186 constraints
    186 constraints of type <setppc>
Presolving Time: 0.02

 time | node  | left  |LP iter|LP it/n|mem/heur|mdpt |vars |cons |rows |cuts |sepa|confs|strbr|  dualbound   | primalbound  |  gap   | compl. 
  0.1s|     1 |     0 |  1917 |     - |  5334k |   0 | 419 | 186 | 186 |   0 |  0 |   0 |   0 | 8.682385e+03 |      --      |    Inf | unknown
d 0.1s|     1 |     0 |  1917 |     - |coefdivi|   0 | 419 | 186 | 186 |   0 |  1 |   0 |   0 | 8.682385e+03 | 3.097344e+03 | 180.32%| unknown
d 0.1s|     1 |     0 |  2029 |     - |coefdivi|   0 | 419 | 186 | 186 |   0 |  1 |   0 |   0 | 8.682385e+03 | 4.479567e+03 |  93.82%| unknown
d 0.1s|     1 |     0 |  2072 |     - |coefdivi|   0 | 419 | 186 | 186 |   0 |  1 |   0 |   0 | 8.682385e+03 | 5.736497e+03 |  51.35%| unknown
d 0.1s|     1 |     0 |  2079 |     - |coefdivi|   0 | 419 | 186 | 186 |   0 |  1 |   0 |   0 | 8.682385e+03 | 8.001662e+03 |   8.51%| unknown
  0.1s|     1 |     0 |  2079 |     - |  5451k |   0 | 419 | 186 | 186 |   0 |  1 |   0 |   0 | 8.682385e+03 | 8.001662e+03 |   8.51%| unknown
  0.2s|     1 |     2 |  2079 |     - |  5536k |   0 | 419 | 186 | 186 |   0 |  2 |   0 |  19 | 8.646604e+03 | 8.001662e+03 |   8.06%| unknown

SCIP Status        : solving was interrupted [node limit reached]
Solving Time (sec) : 0.18
Solving Nodes      : 1
Primal Bound       : +8.00166206459817e+03 (24 solutions)
Dual Bound         : +8.64660395735773e+03
Gap                : 8.06 %
