presolving:
   (0.0s) running MILP presolver
   (0.0s) MILP presolver (2 rounds): 0 aggregations, 15 fixings, 0 bound changes
(round 1, medium)     15 del vars, 0 del conss, 0 add conss, 0 chg bounds, 0 chg sides, 0 chg coeffs, 0 upgd conss, 0 impls, 192 clqs
(round 2, exhaustive) 15 del vars, 3 del conss, 0 add conss, 0 chg bounds, 3 chg sides, 0 chg coeffs, 0 upgd conss, 0 impls, 192 clqs
(round 3, exhaustive) 15 del vars, 3 del conss, 0 add conss, 0 chg bounds, 3 chg sides, 0 chg coeffs, 189 upgd conss, 0 impls, 192 clqs
(round 4, medium)     47 del vars, 3 del conss, 0 add conss, 0 chg bounds, 3 chg sides, 32 chg coeffs, 189 upgd conss, 0 impls, 192 clqs
(round 5, fast)       54 del vars, 4 del conss, 0 add conss, 0 chg bounds, 3 chg sides, 32 chg coeffs, 189 upgd conss, 0 impls, 191 clqs
   (0.0s) probing: 51/446 (11.4%) - 0 fixings, 0 aggregations, 0 implications, 0 bound changes
   (0.0s) probing aborted: 50/50 successive totally useless probings
   (0.0s) symmetry computation started: requiring (bin +, int +, cont +), (fixed: bin -, int -, cont -)
   (0.0s) no symmetry present (symcode time: 0.00)
presolving (6 rounds: 6 fast, 5 medium, 3 exhaustive):
 54 deleted vars, 4 deleted constraints, 0 added constraints, 0 tightened bounds, 0 added holes, 3 changed sides, 32 changed coefficients
 0 implications, 191 cliques
presolved problem has 446 variables (446 bin, 0 int, 0 impl, 0 cont) and 188 constraints
    188 constraints of type <setppc>
Presolving Time: 0.01

 time | node  | left  |LP iter|LP it/n|mem/heur|mdpt |vars |cons |rows |cuts |sepa|confs|strbr|  dualbound   | primalbound  |  gap   | compl. 
  0.1s|     1 |     0 |  1472 |     - |  5664k |   0 | 446 | 188 | 188 |   0 |  0 |   0 |   0 | 7.749083e+03 |      --      |    Inf | unknown
  0.1s|     1 |     0 |  1514 |     - |    21M |   0 | 446 | 188 | 191 |   3 |  1 |   0 |   0 | 7.713229e+03 |      --      |    Inf | unknown
  0.2s|     1 |     0 |  1530 |     - |    31M |   0 | 446 | 188 | 193 |   5 |  2 |   0 |   0 | 7.709128e+03 |      --      |    Inf | unknown
  0.2s|     1 |     0 |  1544 |     - |    42M |   0 | 446 | 188 | 196 |   8 |  3 |   0 |   0 | 7.706753e+03 |      --      |    Inf | unknown
  0.3s|     1 |     0 |  1566 |     - |    54M |   0 | 446 | 188 | 199 |  11 |  4 |   0 |   0 | 7.699030e+03 |      --      |    Inf | unknown
  0.3s|     1 |     0 |  1605 |     - |    65M |   0 | 446 | 188 | 201 |  13 |  5 |   0 |   0 | 7.691478e+03 |      --      |    Inf | unknown
  0.4s|     1 |     0 |  1636 |     - |    77M |   0 | 446 | 188 | 204 |  16 |  6 |   0 |   0 | 7.683856e+03 |      --      |    Inf | unknown
  0.4s|     1 |     0 |  1689 |     - |    80M |   0 | 446 | 188 | 206 |  18 |  7 |   0 |   0 | 7.679648e+03 |      --      |    Inf | unknown
  0.5s|     1 |     0 |  1722 |     - |    89M |   0 | 446 | 188 | 209 |  21 |  8 |   0 |   0 | 7.678663e+03 |      --      |    Inf | unknown
  0.5s|     1 |     0 |  1764 |     - |    92M |   0 | 446 | 188 | 214 |  26 |  9 |   0 |   0 | 7.677022e+03 |      --      |    Inf | unknown
  0.6s|     1 |     0 |  1818 |     - |   101M |   0 | 446 | 188 | 216 |  28 | 10 |   0 |   0 | 7.674210e+03 |      --      |    Inf | unknown
  0.6s|     1 |     0 |  1846 |     - |   101M |   0 | 446 | 188 | 218 |  30 | 11 |   0 |   0 | 7.673958e+03 |      --      |    Inf | unknown
  0.6s|     1 |     0 |  1874 |     - |   101M |   0 | 446 | 188 | 221 |  33 | 12 |   0 |   0 | 7.673299e+03 |      --      |    Inf | unknown
  0.6s|     1 |     0 |  1892 |     - |   101M |   0 | 446 | 188 | 223 |  35 | 13 |   0 |   0 | 7.673097e+03 |      --      |    Inf | unknown
  0.7s|     1 |     0 |  1905 |     - |   102M |   0 | 446 | 188 | 224 |  36 | 14 |   0 |   0 | 7.672985e+03 |      --      |    Inf | unknown
 time | node  | left  |LP iter|LP it/n|mem/heur|mdpt |vars |cons |rows |cuts |sepa|confs|strbr|  dualbound   | primalbound  |  gap   | compl. 
  0.7s|     1 |     0 |  1920 |     - |   102M |   0 | 446 | 188 | 225 |  37 | 15 |   0 |   0 | 7.672764e+03 |      --      |    Inf | unknown
  0.7s|     1 |     0 |  1930 |     - |   102M |   0 | 446 | 188 | 226 |  38 | 16 |   0 |   0 | 7.672624e+03 |      --      |    Inf | unknown
  0.7s|     1 |     0 |  1944 |     - |   102M |   0 | 446 | 188 | 223 |  39 | 17 |   0 |   0 | 7.672356e+03 |      --      |    Inf | unknown
  0.7s|     1 |     0 |  1964 |     - |   102M |   0 | 446 | 188 | 224 |  40 | 18 |   0 |   0 | 7.672124e+03 |      --      |    Inf | unknown
  0.8s|     1 |     0 |  1975 |     - |   102M |   0 | 446 | 188 | 225 |  41 | 19 |   0 |   0 | 7.671901e+03 |      --      |    Inf | unknown
  0.8s|     1 |     0 |  1977 |     - |   102M |   0 | 446 | 188 | 226 |  42 | 20 |   0 |   0 | 7.671889e+03 |      --      |    Inf | unknown
  0.8s|     1 |     0 |  1985 |     - |   102M |   0 | 446 | 188 | 227 |  43 | 21 |   0 |   0 | 7.671852e+03 |      --      |    Inf | unknown
  0.8s|     1 |     0 |  1988 |     - |   102M |   0 | 446 | 188 | 228 |  44 | 22 |   0 |   0 | 7.671851e+03 |      --      |    Inf | unknown
d 0.8s|     1 |     0 |  1988 |     - |frac2div|   0 | 446 | 188 | 228 |   0 | 22 |   0 |   0 | 7.671851e+03 | 2.549446e+03 | 200.92%| unknown
d 0.9s|     1 |     0 |  2305 |     - |frac2div|   0 | 446 | 188 | 228 |   0 | 22 |   0 |   0 | 7.671851e+03 | 3.796647e+03 | 102.07%| unknown
d 1.0s|     1 |     0 |  2400 |     - |frac2div|   0 | 446 | 188 | 228 |   0 | 22 |   0 |   0 | 7.671851e+03 | 4.459527e+03 |  72.03%| unknown
d 1.1s|     1 |     0 |  2432 |     - |frac2div|   0 | 446 | 188 | 228 |   0 | 22 |   0 |   0 | 7.671851e+03 | 6.787162e+03 |  13.03%| unknown
  1.1s|     1 |     0 |  2432 |     - |   102M |   0 | 446 | 188 | 228 |  44 | 22 |   0 |   0 | 7.671851e+03 | 6.787162e+03 |  13.03%| unknown
  1.1s|     1 |     0 |  2433 |     - |   102M |   0 | 446 | 188 | 229 |  45 | 23 |   0 |   0 | 7.671850e+03 | 6.787162e+03 |  13.03%| unknown
  1.1s|     1 |     0 |  2437 |     - |   102M |   0 | 446 | 188 | 230 |  46 | 24 |   0 |   0 | 7.671836e+03 | 6.787162e+03 |  13.03%| unknown
 time | node  | left  |LP iter|LP it/n|mem/heur|mdpt |vars |cons |rows |cuts |sepa|confs|strbr|  dualbound   | primalbound  |  gap   | compl. 
  1.5s|     1 |     2 |  2437 |     - |   102M |   0 | 446 | 188 | 230 |  46 | 24 |   0 |  38 | 7.662315e+03 | 6.787162e+03 |  12.89%| unknown
* 1.7s|     4 |     3 |  2653 | 220.0 |strongbr|   3 | 446 | 188 | 217 |  46 |  1 |   0 |  93 | 7.662315e+03 | 7.369621e+03 |   3.97%| unknown
* 2.2s|    13 |     2 |  3549 | 129.7 |strongbr|   4 | 446 | 204 | 217 |  46 |  1 |  16 | 269 | 7.651069e+03 | 7.375084e+03 |   3.74%|  39.82%
* 5.5s|    80 |     7 |  9101 |  90.0 |strongbr|  12 | 446 | 327 | 227 | 102 |  1 | 139 |1013 | 7.572784e+03 | 7.376803e+03 |   2.66%|  77.52%
  6.5s|   100 |     9 | 10857 |  89.5 |   179M |  15 | 446 | 355 | 223 | 127 |  2 | 167 |1174 | 7.538746e+03 | 7.376803e+03 |   2.20%|  79.30%
* 6.5s|   104 |    10 | 10922 |  86.7 |    LP  |  17 | 446 | 357 | 223 | 127 |  1 | 169 |1178 | 7.538746e+03 | 7.410135e+03 |   1.74%|  79.32%
* 6.5s|   106 |     8 | 10925 |  85.1 |    LP  |  17 | 446 | 345 | 223 | 127 |  1 | 169 |1178 | 7.538746e+03 | 7.431090e+03 |   1.45%|  79.36%

SCIP Status        : problem is solved [optimal solution found]
Solving Time (sec) : 7.40
Solving Nodes      : 160
Primal Bound       : +7.43108961500601e+03 (255 solutions)
Dual Bound         : +7.43108961500601e+03
Gap                : 0.00 %
