presolving:
(round 1, fast)       0 del vars, 1 del conss, 0 add conss, 0 chg bounds, 0 chg sides, 0 chg coeffs, 0 upgd conss, 0 impls, 188 clqs
   (0.0s) running MILP presolver
   (0.0s) MILP presolver (2 rounds): 0 aggregations, 28 fixings, 0 bound changes
(round 2, medium)     28 del vars, 1 del conss, 0 add conss, 0 chg bounds, 0 chg sides, 0 chg coeffs, 0 upgd conss, 0 impls, 188 clqs
(round 3, exhaustive) 28 del vars, 7 del conss, 0 add conss, 0 chg bounds, 6 chg sides, 0 chg coeffs, 0 upgd conss, 0 impls, 188 clqs
(round 4, exhaustive) 28 del vars, 7 del conss, 0 add conss, 0 chg bounds, 6 chg sides, 0 chg coeffs, 182 upgd conss, 0 impls, 188 clqs
(round 5, medium)     76 del vars, 7 del conss, 0 add conss, 0 chg bounds, 6 chg sides, 48 chg coeffs, 182 upgd conss, 0 impls, 188 clqs
(round 6, fast)       100 del vars, 9 del conss, 0 add conss, 0 chg bounds, 6 chg sides, 48 chg coeffs, 182 upgd conss, 0 impls, 185 clqs
   (0.0s) running MILP presolver
   (0.0s) MILP presolver (2 rounds): 0 aggregations, 1 fixings, 0 bound changes
(round 7, medium)     101 del vars, 9 del conss, 0 add conss, 0 chg bounds, 6 chg sides, 48 chg coeffs, 182 upgd conss, 0 impls, 185 clqs
(round 8, exhaustive) 101 del vars, 11 del conss, 0 add conss, 0 chg bounds, 6 chg sides, 48 chg coeffs, 182 upgd conss, 0 impls, 185 clqs
   (0.0s) probing: 51/399 (12.8%) - 0 fixings, 0 aggregations, 0 implications, 0 bound changes
   (0.0s) probing aborted: 50/50 successive totally useless probings
   (0.0s) symmetry computation started: requiring (bin +, int +, cont +), (fixed: bin -, int -, cont -)
   (0.0s) no symmetry present (symcode time: 0.00)
presolving (9 rounds: 9 fast, 7 medium, 4 exhaustive):
 101 deleted vars, 11 deleted constraints, 0 added constraints, 0 tightened bounds, 0 added holes, 6 changed sides, 48 changed coefficients
 0 implications, 185 cliques
presolved problem has 399 variables (399 bin, 0 int, 0 impl, 0 cont) and 178 constraints
    178 constraints of type <setppc>
Presolving Time: 0.01

 time | node  | left  |LP iter|LP it/n|mem/heur|mdpt |vars |cons |rows |cuts |sepa|confs|strbr|  dualbound   | primalbound  |  gap   | compl. 
  0.0s|     1 |     0 |  1282 |     - |  5297k |   0 | 399 | 178 | 178 |   0 |  0 |   0 |   0 | 8.264128e+03 |      --      |    Inf | unknown
  0.1s|     1 |     0 |  1335 |     - |    19M |   0 | 399 | 178 | 180 |   2 |  1 |   0 |   0 | 8.252989e+03 |      --      |    Inf | unknown
  0.2s|     1 |     0 |  1373 |     - |    27M |   0 | 399 | 178 | 183 |   5 |  2 |   0 |   0 | 8.243968e+03 |      --      |    Inf | unknown
  0.2s|     1 |     0 |  1416 |     - |    35M |   0 | 399 | 178 | 188 |  10 |  3 |   0 |   0 | 8.235644e+03 |      --      |    Inf | unknown
  0.2s|     1 |     0 |  1443 |     - |    41M |   0 | 399 | 178 | 190 |  12 |  4 |   0 |   0 | 8.230925e+03 |      --      |    Inf | unknown
  0.3s|     1 |     0 |  1493 |     - |    47M |   0 | 399 | 178 | 193 |  15 |  5 |   0 |   0 | 8.226063e+03 |      --      |    Inf | unknown
  0.3s|     1 |     0 |  1521 |     - |    54M |   0 | 399 | 178 | 195 |  17 |  6 |   0 |   0 | 8.223778e+03 |      --      |    Inf | unknown
  0.4s|     1 |     0 |  1572 |     - |    62M |   0 | 399 | 178 | 197 |  19 |  7 |   0 |   0 | 8.219252e+03 |      --      |    Inf | unknown
  0.4s|     1 |     0 |  1613 |     - |    63M |   0 | 399 | 178 | 198 |  20 |  8 |   0 |   0 | 8.217852e+03 |      --      |    Inf | unknown
  0.5s|     1 |     0 |  1642 |     - |    70M |   0 | 399 | 178 | 201 |  23 |  9 |   0 |   0 | 8.217562e+03 |      --      |    Inf | unknown
  0.5s|     1 |     0 |  1712 |     - |    75M |   0 | 399 | 178 | 202 |  24 | 10 |   0 |   0 | 8.215802e+03 |      --      |    Inf | unknown
  0.5s|     1 |     0 |  1727 |     - |    75M |   0 | 399 | 178 | 204 |  26 | 11 |   0 |   0 | 8.215349e+03 |      --      |    Inf | unknown
  0.5s|     1 |     0 |  1750 |     - |    75M |   0 | 399 | 178 | 206 |  28 | 12 |   0 |   0 | 8.214744e+03 |      --      |    Inf | unknown
  0.6s|     1 |     0 |  1765 |     - |    75M |   0 | 399 | 178 | 207 |  29 | 13 |   0 |   0 | 8.214350e+03 |      --      |    Inf | unknown
  0.6s|     1 |     0 |  1791 |     - |    75M |   0 | 399 | 178 | 208 |  30 | 14 |   0 |   0 | 8.214072e+03 |      --      |    Inf | unknown
 time | node  | left  |LP iter|LP it/n|mem/heur|mdpt |vars |cons |rows |cuts |sepa|confs|strbr|  dualbound   | primalbound  |  gap   | compl. 
  0.6s|     1 |     0 |  1820 |     - |    75M |   0 | 399 | 178 | 209 |  31 | 15 |   0 |   0 | 8.213676e+03 |      --      |    Inf | unknown
  0.6s|     1 |     0 |  1832 |     - |    75M |   0 | 399 | 178 | 210 |  32 | 16 |   0 |   0 | 8.213602e+03 |      --      |    Inf | unknown
  0.6s|     1 |     0 |  1846 |     - |    75M |   0 | 399 | 178 | 209 |  34 | 17 |   0 |   0 | 8.213555e+03 |      --      |    Inf | unknown
  0.6s|     1 |     0 |  1862 |     - |    75M |   0 | 399 | 178 | 211 |  36 | 18 |   0 |   0 | 8.213445e+03 |      --      |    Inf | unknown
  0.7s|     1 |     0 |  1881 |     - |    75M |   0 | 399 | 178 | 212 |  37 | 19 |   0 |   0 | 8.213360e+03 |      --      |    Inf | unknown
  0.7s|     1 |     0 |  1918 |     - |    75M |   0 | 399 | 178 | 214 |  39 | 20 |   0 |   0 | 8.213049e+03 |      --      |    Inf | unknown
  0.7s|     1 |     0 |  1943 |     - |    75M |   0 | 399 | 178 | 217 |  42 | 21 |   0 |   0 | 8.212684e+03 |      --      |    Inf | unknown
  0.7s|     1 |     0 |  1955 |     - |    75M |   0 | 399 | 178 | 218 |  43 | 22 |   0 |   0 | 8.212609e+03 |      --      |    Inf | unknown
d 0.7s|     1 |     0 |  1955 |     - |linesear|   0 | 399 | 178 | 218 |   0 | 22 |   0 |   0 | 8.212609e+03 | 3.880238e+03 | 111.65%| unknown
d 0.8s|     1 |     0 |  1978 |     - |linesear|   0 | 399 | 178 | 218 |   0 | 22 |   0 |   0 | 8.212609e+03 | 4.043528e+03 | 103.11%| unknown
d 1.0s|     1 |     0 |  2090 |     - |linesear|   0 | 399 | 178 | 218 |   0 | 22 |   0 |   0 | 8.212609e+03 | 4.594466e+03 |  78.75%| unknown
d 1.1s|     1 |     0 |  2139 |     - |linesear|   0 | 399 | 178 | 218 |   0 | 22 |   0 |   0 | 8.212609e+03 | 4.800419e+03 |  71.08%| unknown
d 1.3s|     1 |     0 |  2192 |     - |linesear|   0 | 399 | 178 | 218 |   0 | 22 |   0 |   0 | 8.212609e+03 | 5.393415e+03 |  52.27%| unknown
d 1.4s|     1 |     0 |  2221 |     - |linesear|   0 | 399 | 178 | 218 |   0 | 22 |   0 |   0 | 8.212609e+03 | 7.935306e+03 |   3.49%| unknown
  1.4s|     1 |     0 |  2221 |     - |    75M |   0 | 399 | 178 | 218 |  43 | 22 |   0 |   0 | 8.212609e+03 | 7.935306e+03 |   3.49%| unknown
 time | node  | left  |LP iter|LP it/n|mem/heur|mdpt |vars |cons |rows |cuts |sepa|confs|strbr|  dualbound   | primalbound  |  gap   | compl. 
  1.4s|     1 |     0 |  2221 |     - |    75M |   0 | 399 | 178 | 218 |  43 | 22 |   0 |   0 | 8.212609e+03 | 7.935306e+03 |   3.49%| unknown
  1.4s|     1 |     0 |  2226 |     - |    75M |   0 | 399 | 178 | 219 |  44 | 23 |   0 |   0 | 8.212604e+03 | 7.935306e+03 |   3.49%| unknown
  1.4s|     1 |     0 |  2233 |     - |    75M |   0 | 399 | 178 | 215 |  45 | 24 |   0 |   0 | 8.212584e+03 | 7.935306e+03 |   3.49%| unknown
  1.9s|     1 |     2 |  2233 |     - |    75M |   0 | 399 | 178 | 215 |  45 | 24 |   0 |  43 | 8.202897e+03 | 7.935306e+03 |   3.37%| unknown
* 2.0s|     4 |     3 |  2465 | 166.0 |strongbr|   3 | 399 | 178 | 207 |  45 |  1 |   0 |  84 | 8.202897e+03 | 8.002618e+03 |   2.50%| unknown
* 2.4s|    12 |     3 |  3144 | 107.0 |strongbr|   5 | 399 | 182 | 207 |  45 |  1 |   4 | 196 | 8.184366e+03 | 8.082971e+03 |   1.25%|  35.05%

SCIP Status        : problem is solved [optimal solution found]
Solving Time (sec) : 2.76
Solving Nodes      : 17
Primal Bound       : +8.08297057871942e+03 (179 solutions)
Dual Bound         : +8.08297057871942e+03
Gap                : 0.00 %
