presolving:
(round 1, fast)       1 del vars, 1 del conss, 0 add conss, 0 chg bounds, 0 chg sides, 0 chg coeffs, 0 upgd conss, 0 impls, 190 clqs
   (0.0s) running MILP presolver
   (0.0s) MILP presolver (2 rounds): 0 aggregations, 14 fixings, 0 bound changes
(round 2, medium)     15 del vars, 1 del conss, 0 add conss, 0 chg bounds, 0 chg sides, 0 chg coeffs, 0 upgd conss, 0 impls, 190 clqs
(round 3, exhaustive) 15 del vars, 4 del conss, 0 add conss, 0 chg bounds, 3 chg sides, 0 chg coeffs, 0 upgd conss, 0 impls, 190 clqs
(round 4, exhaustive) 15 del vars, 4 del conss, 0 add conss, 0 chg bounds, 3 chg sides, 0 chg coeffs, 187 upgd conss, 0 impls, 190 clqs
(round 5, medium)     55 del vars, 4 del conss, 0 add conss, 0 chg bounds, 3 chg sides, 40 chg coeffs, 187 upgd conss, 0 impls, 190 clqs
(round 6, fast)       73 del vars, 7 del conss, 0 add conss, 0 chg bounds, 3 chg sides, 40 chg coeffs, 187 upgd conss, 0 impls, 187 clqs
(round 7, exhaustive) 73 del vars, 9 del conss, 0 add conss, 0 chg bounds, 3 chg sides, 40 chg coeffs, 187 upgd conss, 0 impls, 187 clqs
   (0.0s) probing: 51/427 (11.9%) - 0 fixings, 0 aggregations, 0 implications, 0 bound changes
   (0.0s) probing aborted: 50/50 successive totally useless probings
   (0.0s) symmetry computation started: requiring (bin +, int +, cont +), (fixed: bin -, int -, cont -)
   (0.0s) no symmetry present (symcode time: 0.00)
presolving (8 rounds: 8 fast, 6 medium, 4 exhaustive):
 73 deleted vars, 9 deleted constraints, 0 added constraints, 0 tightened bounds, 0 added holes, 3 changed sides, 40 changed coefficients
 0 implications, 187 cliques
presolved problem has 427 variables (427 bin, 0 int, 0 impl, 0 cont) and 182 constraints
    182 constraints of type <setppc>
Presolving Time: 0.01

 time | node  | left  |LP iter|LP it/n|mem/heur|mdpt |vars |cons |rows |cuts |sepa|confs|strbr|  dualbound   | primalbound  |  gap   | compl. 
  0.0s|     1 |     0 |  1357 |     - |  5229k |   0 | 427 | 182 | 182 |   0 |  0 |   0 |   0 | 7.928539e+03 |      --      |    Inf | unknown
  0.1s|     1 |     0 |  1391 |     - |    10M |   0 | 427 | 182 | 184 |   2 |  1 |   0 |   0 | 7.911763e+03 |      --      |    Inf | unknown
  0.1s|     1 |     0 |  1415 |     - |    15M |   0 | 427 | 182 | 187 |   5 |  2 |   0 |   0 | 7.901249e+03 |      --      |    Inf | unknown
  0.2s|     1 |     0 |  1441 |     - |    21M |   0 | 427 | 182 | 189 |   7 |  3 |   0 |   0 | 7.893882e+03 |      --      |    Inf | unknown
  0.2s|     1 |     0 |  1475 |     - |    23M |   0 | 427 | 182 | 191 |   9 |  4 |   0 |   0 | 7.888862e+03 |      --      |    Inf | unknown
  0.3s|     1 |     0 |  1495 |     - |    27M |   0 | 427 | 182 | 193 |  11 |  5 |   0 |   0 | 7.882143e+03 |      --      |    Inf | unknown
  0.3s|     1 |     0 |  1513 |     - |    29M |   0 | 427 | 182 | 194 |  12 |  6 |   0 |   0 | 7.880829e+03 |      --      |    Inf | unknown
  0.3s|     1 |     0 |  1534 |     - |    32M |   0 | 427 | 182 | 196 |  14 |  7 |   0 |   0 | 7.879927e+03 |      --      |    Inf | unknown
  0.4s|     1 |     0 |  1559 |     - |    36M |   0 | 427 | 182 | 199 |  17 |  8 |   0 |   0 | 7.878220e+03 |      --      |    Inf | unknown
  0.4s|     1 |     0 |  1583 |     - |    39M |   0 | 427 | 182 | 200 |  18 |  9 |   0 |   0 | 7.876836e+03 |      --      |    Inf | unknown
  0.4s|     1 |     0 |  1606 |     - |    44M |   0 | 427 | 182 | 201 |  19 | 10 |   0 |   0 | 7.874580e+03 |      --      |    Inf | unknown
  0.5s|     1 |     0 |  1613 |     - |    44M |   0 | 427 | 182 | 203 |  21 | 11 |   0 |   0 | 7.874256e+03 |      --      |    Inf | unknown
  0.5s|     1 |     0 |  1618 |     - |    44M |   0 | 427 | 182 | 204 |  22 | 12 |   0 |   0 | 7.874179e+03 |      --      |    Inf | unknown
  0.5s|     1 |     0 |  1636 |     - |    44M |   0 | 427 | 182 | 206 |  24 | 13 |   0 |   0 | 7.872662e+03 |      --      |    Inf | unknown
  0.5s|     1 |     0 |  1649 |     - |    44M |   0 | 427 | 182 | 208 |  26 | 14 |   0 |   0 | 7.872375e+03 |      --      |    Inf | unknown
 time | node  | left  |LP iter|LP it/n|mem/heur|mdpt |vars |cons |rows |cuts |sepa|confs|strbr|  dualbound   | primalbound  |  gap   | compl. 
  0.5s|     1 |     0 |  1653 |     - |    44M |   0 | 427 | 182 | 209 |  27 | 15 |   0 |   0 | 7.872149e+03 |      --      |    Inf | unknown
  0.5s|     1 |     0 |  1664 |     - |    44M |   0 | 427 | 182 | 210 |  28 | 16 |   0 |   0 | 7.871852e+03 |      --      |    Inf | unknown
  0.5s|     1 |     0 |  1677 |     - |    44M |   0 | 427 | 182 | 213 |  32 | 17 |   0 |   0 | 7.871351e+03 |      --      |    Inf | unknown
  0.5s|     1 |     0 |  1684 |     - |    44M |   0 | 427 | 182 | 215 |  34 | 18 |   0 |   0 | 7.870993e+03 |      --      |    Inf | unknown
  0.6s|     1 |     0 |  1696 |     - |    44M |   0 | 427 | 182 | 217 |  36 | 19 |   0 |   0 | 7.870451e+03 |      --      |    Inf | unknown
  0.6s|     1 |     0 |  1711 |     - |    44M |   0 | 427 | 182 | 219 |  38 | 20 |   0 |   0 | 7.870018e+03 |      --      |    Inf | unknown
  0.6s|     1 |     0 |  1713 |     - |    44M |   0 | 427 | 182 | 220 |  39 | 21 |   0 |   0 | 7.870009e+03 |      --      |    Inf | unknown
  0.6s|     1 |     0 |  1728 |     - |    44M |   0 | 427 | 182 | 226 |  45 | 22 |   0 |   0 | 7.869463e+03 |      --      |    Inf | unknown
  0.6s|     1 |     0 |  1733 |     - |    44M |   0 | 427 | 182 | 222 |  47 | 23 |   0 |   0 | 7.869276e+03 |      --      |    Inf | unknown
  0.6s|     1 |     0 |  1748 |     - |    44M |   0 | 427 | 182 | 225 |  50 | 24 |   0 |   0 | 7.868612e+03 |      --      |    Inf | unknown
  0.6s|     1 |     0 |  1752 |     - |    44M |   0 | 427 | 182 | 226 |  51 | 25 |   0 |   0 | 7.868578e+03 |      --      |    Inf | unknown
  0.6s|     1 |     0 |  1757 |     - |    44M |   0 | 427 | 182 | 228 |  53 | 26 |   0 |   0 | 7.868477e+03 |      --      |    Inf | unknown
  0.7s|     1 |     0 |  1768 |     - |    44M |   0 | 427 | 182 | 233 |  58 | 27 |   0 |   0 | 7.868167e+03 |      --      |    Inf | unknown
  0.7s|     1 |     0 |  1779 |     - |    44M |   0 | 427 | 182 | 235 |  60 | 28 |   0 |   0 | 7.867991e+03 |      --      |    Inf | unknown
d 0.7s|     1 |     0 |  1779 |     - |linesear|   0 | 427 | 182 | 235 |   0 | 29 |   0 |   0 | 7.867991e+03 | 3.173802e+03 | 147.90%| unknown
 time | node  | left  |LP iter|LP it/n|mem/heur|mdpt |vars |cons |rows |cuts |sepa|confs|strbr|  dualbound   | primalbound  |  gap   | compl. 
d 0.8s|     1 |     0 |  1794 |     - |linesear|   0 | 427 | 182 | 235 |   0 | 29 |   0 |   0 | 7.867991e+03 | 3.796545e+03 | 107.24%| unknown
d 0.9s|     1 |     0 |  1834 |     - |linesear|   0 | 427 | 182 | 235 |   0 | 29 |   0 |   0 | 7.867991e+03 | 4.851357e+03 |  62.18%| unknown
d 1.1s|     1 |     0 |  1884 |     - |linesear|   0 | 427 | 182 | 235 |   0 | 29 |   0 |   0 | 7.867991e+03 | 5.443010e+03 |  44.55%| unknown
d 1.2s|     1 |     0 |  1907 |     - |linesear|   0 | 427 | 182 | 235 |   0 | 29 |   0 |   0 | 7.867991e+03 | 7.677679e+03 |   2.48%| unknown
  1.2s|     1 |     0 |  1907 |     - |    44M |   0 | 427 | 182 | 235 |  60 | 29 |   0 |   0 | 7.867991e+03 | 7.677679e+03 |   2.48%| unknown
  1.2s|     1 |     0 |  1907 |     - |    44M |   0 | 427 | 182 | 232 |  60 | 29 |   0 |   0 | 7.867991e+03 | 7.677679e+03 |   2.48%| unknown
(run 1, node 1) restarting after 50 global fixings of integer variables

(restart) converted 53 cuts from the global cut pool into linear constraints

presolving:
(round 1, fast)       50 del vars, 0 del conss, 0 add conss, 0 chg bounds, 0 chg sides, 0 chg coeffs, 0 upgd conss, 0 impls, 215 clqs
   (1.3s) running MILP presolver
   (1.3s) MILP presolver found nothing
(round 2, exhaustive) 50 del vars, 3 del conss, 0 add conss, 0 chg bounds, 0 chg sides, 0 chg coeffs, 0 upgd conss, 0 impls, 215 clqs
(round 3, exhaustive) 50 del vars, 3 del conss, 0 add conss, 0 chg bounds, 0 chg sides, 0 chg coeffs, 43 upgd conss, 0 impls, 215 clqs
(round 4, exhaustive) 50 del vars, 3 del conss, 0 add conss, 0 chg bounds, 0 chg sides, 1 chg coeffs, 43 upgd conss, 0 impls, 215 clqs
(round 5, exhaustive) 50 del vars, 3 del conss, 0 add conss, 0 chg bounds, 0 chg sides, 2 chg coeffs, 43 upgd conss, 0 impls, 215 clqs
(round 6, exhaustive) 50 del vars, 3 del conss, 0 add conss, 0 chg bounds, 0 chg sides, 3 chg coeffs, 43 upgd conss, 0 impls, 215 clqs
(round 7, exhaustive) 50 del vars, 3 del conss, 0 add conss, 0 chg bounds, 0 chg sides, 4 chg coeffs, 43 upgd conss, 0 impls, 215 clqs
(round 8, exhaustive) 50 del vars, 3 del conss, 0 add conss, 0 chg bounds, 0 chg sides, 5 chg coeffs, 43 upgd conss, 0 impls, 215 clqs
(round 9, exhaustive) 50 del vars, 3 del conss, 0 add conss, 0 chg bounds, 0 chg sides, 6 chg coeffs, 43 upgd conss, 0 impls, 215 clqs
(round 10, exhaustive) 50 del vars, 3 del conss, 0 add conss, 0 chg bounds, 0 chg sides, 7 chg coeffs, 43 upgd conss, 0 impls, 215 clqs
presolving (11 rounds: 11 fast, 10 medium, 10 exhaustive):
 50 deleted vars, 3 deleted constraints, 0 added constraints, 0 tightened bounds, 0 added holes, 0 changed sides, 7 changed coefficients
 0 implications, 215 cliques
presolved problem has 377 variables (377 bin, 0 int, 0 impl, 0 cont) and 229 constraints
     10 constraints of type <knapsack>
    209 constraints of type <setppc>
     10 constraints of type <linear>
Presolving Time: 0.02
transformed 5/5 original solutions to the transformed problem space

 time | node  | left  |LP iter|LP it/n|mem/heur|mdpt |vars |cons |rows |cuts |sepa|confs|strbr|  dualbound   | primalbound  |  gap   | compl. 
  1.3s|     1 |     0 |  3280 |     - |    44M |   0 | 377 | 229 | 229 |   0 |  0 |   0 |   0 | 7.867991e+03 | 7.677679e+03 |   2.48%| unknown
  1.4s|     1 |     0 |  3358 |     - |    46M |   0 | 377 | 229 | 230 |   1 |  1 |   0 |   0 | 7.863382e+03 | 7.677679e+03 |   2.42%| unknown
  1.4s|     1 |     0 |  3386 |     - |    50M |   0 | 377 | 229 | 232 |   3 |  2 |   0 |   0 | 7.861558e+03 | 7.677679e+03 |   2.39%| unknown
  1.5s|     1 |     0 |  3436 |     - |    51M |   0 | 377 | 229 | 233 |   4 |  3 |   0 |   0 | 7.858809e+03 | 7.677679e+03 |   2.36%| unknown
  1.5s|     1 |     0 |  3484 |     - |    53M |   0 | 377 | 229 | 234 |   5 |  4 |   0 |   0 | 7.858116e+03 | 7.677679e+03 |   2.35%| unknown
  1.6s|     1 |     0 |  3545 |     - |    54M |   0 | 377 | 229 | 235 |   6 |  5 |   0 |   0 | 7.856708e+03 | 7.677679e+03 |   2.33%| unknown
  1.6s|     1 |     0 |  3600 |     - |    55M |   0 | 377 | 229 | 236 |   7 |  6 |   0 |   0 | 7.855923e+03 | 7.677679e+03 |   2.32%| unknown
  1.6s|     1 |     0 |  3630 |     - |    55M |   0 | 377 | 229 | 237 |   8 |  7 |   0 |   0 | 7.855393e+03 | 7.677679e+03 |   2.31%| unknown
  1.7s|     1 |     0 |  3682 |     - |    55M |   0 | 377 | 229 | 239 |  10 |  8 |   0 |   0 | 7.854477e+03 | 7.677679e+03 |   2.30%| unknown
  1.7s|     1 |     0 |  3682 |     - |    55M |   0 | 377 | 229 | 239 |  10 |  8 |   0 |   0 | 7.854477e+03 | 7.677679e+03 |   2.30%| unknown
  1.7s|     1 |     0 |  3715 |     - |    58M |   0 | 377 | 229 | 240 |  11 |  9 |   0 |   0 | 7.854016e+03 | 7.677679e+03 |   2.30%| unknown
  1.8s|     1 |     0 |  3752 |     - |    64M |   0 | 377 | 229 | 241 |  12 | 10 |   0 |   0 | 7.853800e+03 | 7.677679e+03 |   2.29%| unknown
  1.8s|     1 |     0 |  3792 |     - |    64M |   0 | 377 | 229 | 242 |  13 | 11 |   0 |   0 | 7.853731e+03 | 7.677679e+03 |   2.29%| unknown
  1.8s|     1 |     0 |  3827 |     - |    64M |   0 | 377 | 229 | 243 |  14 | 12 |   0 |   0 | 7.853627e+03 | 7.677679e+03 |   2.29%| unknown
  1.9s|     1 |     0 |  3838 |     - |    64M |   0 | 377 | 229 | 244 |  15 | 13 |   0 |   0 | 7.853619e+03 | 7.677679e+03 |   2.29%| unknown
 time | node  | left  |LP iter|LP it/n|mem/heur|mdpt |vars |cons |rows |cuts |sepa|confs|strbr|  dualbound   | primalbound  |  gap   | compl. 
  1.9s|     1 |     0 |  3893 |     - |    64M |   0 | 377 | 229 | 229 |  16 | 14 |   0 |   0 | 7.853338e+03 | 7.677679e+03 |   2.29%| unknown
  1.9s|     1 |     0 |  3928 |     - |    64M |   0 | 377 | 229 | 231 |  18 | 15 |   0 |   0 | 7.853152e+03 | 7.677679e+03 |   2.29%| unknown
  1.9s|     1 |     0 |  3980 |     - |    64M |   0 | 377 | 229 | 233 |  20 | 16 |   0 |   0 | 7.852753e+03 | 7.677679e+03 |   2.28%| unknown
  1.9s|     1 |     0 |  4014 |     - |    64M |   0 | 377 | 229 | 235 |  22 | 17 |   0 |   0 | 7.852279e+03 | 7.677679e+03 |   2.27%| unknown
  2.0s|     1 |     0 |  4050 |     - |    64M |   0 | 377 | 229 | 237 |  24 | 18 |   0 |   0 | 7.852086e+03 | 7.677679e+03 |   2.27%| unknown
  2.0s|     1 |     0 |  4069 |     - |    64M |   0 | 377 | 229 | 239 |  26 | 19 |   0 |   0 | 7.851976e+03 | 7.677679e+03 |   2.27%| unknown
  2.0s|     1 |     0 |  4089 |     - |    64M |   0 | 377 | 229 | 234 |  27 | 20 |   0 |   0 | 7.851786e+03 | 7.677679e+03 |   2.27%| unknown
  2.0s|     1 |     0 |  4101 |     - |    64M |   0 | 377 | 229 | 235 |  28 | 21 |   0 |   0 | 7.851767e+03 | 7.677679e+03 |   2.27%| unknown
  2.0s|     1 |     0 |  4116 |     - |    64M |   0 | 377 | 229 | 236 |  29 | 22 |   0 |   0 | 7.851716e+03 | 7.677679e+03 |   2.27%| unknown
  2.0s|     1 |     0 |  4130 |     - |    64M |   0 | 377 | 229 | 237 |  30 | 23 |   0 |   0 | 7.851656e+03 | 7.677679e+03 |   2.27%| unknown
  2.1s|     1 |     0 |  4134 |     - |    64M |   0 | 377 | 229 | 238 |  31 | 24 |   0 |   0 | 7.851650e+03 | 7.677679e+03 |   2.27%| unknown
  2.1s|     1 |     0 |  4138 |     - |    64M |   0 | 377 | 229 | 239 |  32 | 25 |   0 |   0 | 7.851647e+03 | 7.677679e+03 |   2.27%| unknown
  2.1s|     1 |     0 |  4143 |     - |    64M |   0 | 377 | 229 | 228 |  33 | 26 |   0 |   0 | 7.851642e+03 | 7.677679e+03 |   2.27%| unknown
  2.1s|     1 |     0 |  4166 |     - |    64M |   0 | 377 | 229 | 229 |  34 | 27 |   0 |   0 | 7.851567e+03 | 7.677679e+03 |   2.26%| unknown
d 2.5s|     1 |     0 |  4341 |     - |linesear|   0 | 377 | 229 | 229 |   0 | 27 |   0 |   0 | 7.851567e+03 | 7.818385e+03 |   0.42%| unknown
 time | node  | left  |LP iter|LP it/n|mem/heur|mdpt |vars |cons |rows |cuts |sepa|confs|strbr|  dualbound   | primalbound  |  gap   | compl. 
  2.5s|     1 |     0 |  4341 |     - |    64M |   0 | 377 | 229 | 229 |  34 | 27 |   0 |   0 | 7.851567e+03 | 7.818385e+03 |   0.42%| unknown
  2.5s|     1 |     0 |  4341 |     - |    64M |   0 | 377 | 229 | 197 |  34 | 27 |   0 |   0 | 7.851567e+03 | 7.818385e+03 |   0.42%| unknown
  2.5s|     1 |     0 |  4343 |     - |    64M |   0 | 377 | 197 | 198 |  35 | 28 |   0 |   0 | 7.851567e+03 | 7.818385e+03 |   0.42%| unknown
  2.5s|     1 |     0 |  4346 |     - |    64M |   0 | 377 | 197 | 191 |  36 | 29 |   0 |   0 | 7.851566e+03 | 7.818385e+03 |   0.42%| unknown
(run 2, node 1) restarting after 199 global fixings of integer variables

(restart) converted 28 cuts from the global cut pool into linear constraints

presolving:
(round 1, fast)       199 del vars, 0 del conss, 0 add conss, 0 chg bounds, 0 chg sides, 0 chg coeffs, 0 upgd conss, 0 impls, 180 clqs
   (2.5s) running MILP presolver
   (2.5s) MILP presolver found nothing
(round 2, exhaustive) 199 del vars, 0 del conss, 0 add conss, 0 chg bounds, 0 chg sides, 6 chg coeffs, 0 upgd conss, 0 impls, 180 clqs
(round 3, exhaustive) 199 del vars, 0 del conss, 0 add conss, 0 chg bounds, 0 chg sides, 9 chg coeffs, 0 upgd conss, 0 impls, 180 clqs
(round 4, exhaustive) 199 del vars, 25 del conss, 0 add conss, 0 chg bounds, 0 chg sides, 9 chg coeffs, 0 upgd conss, 0 impls, 180 clqs
(round 5, exhaustive) 199 del vars, 25 del conss, 0 add conss, 0 chg bounds, 0 chg sides, 9 chg coeffs, 12 upgd conss, 0 impls, 180 clqs
(round 6, exhaustive) 199 del vars, 25 del conss, 0 add conss, 0 chg bounds, 0 chg sides, 11 chg coeffs, 12 upgd conss, 0 impls, 180 clqs
presolving (7 rounds: 7 fast, 6 medium, 6 exhaustive):
 199 deleted vars, 25 deleted constraints, 0 added constraints, 0 tightened bounds, 0 added holes, 0 changed sides, 11 changed coefficients
 0 implications, 180 cliques
presolved problem has 178 variables (178 bin, 0 int, 0 impl, 0 cont) and 200 constraints
     19 constraints of type <knapsack>
    155 constraints of type <setppc>
     26 constraints of type <linear>
Presolving Time: 0.03
transformed 8/8 original solutions to the transformed problem space

 time | node  | left  |LP iter|LP it/n|mem/heur|mdpt |vars |cons |rows |cuts |sepa|confs|strbr|  dualbound   | primalbound  |  gap   | compl. 
  2.6s|     1 |     0 |  5508 |     - |    64M |   0 | 178 | 200 | 200 |   0 |  0 |   0 |   0 | 7.851566e+03 | 7.818385e+03 |   0.42%| unknown
  2.6s|     1 |     0 |  5546 |     - |    64M |   0 | 178 | 200 | 201 |   1 |  1 |   0 |   0 | 7.851245e+03 | 7.818385e+03 |   0.42%| unknown
  2.6s|     1 |     0 |  5585 |     - |    64M |   0 | 178 | 200 | 202 |   2 |  2 |   0 |   0 | 7.850965e+03 | 7.818385e+03 |   0.42%| unknown
  2.6s|     1 |     0 |  5585 |     - |    64M |   0 | 178 | 200 | 202 |   2 |  2 |   0 |   0 | 7.850965e+03 | 7.818385e+03 |   0.42%| unknown
  2.7s|     1 |     0 |  5604 |     - |    64M |   0 | 178 | 200 | 203 |   3 |  3 |   0 |   0 | 7.850863e+03 | 7.818385e+03 |   0.42%| unknown
  2.7s|     1 |     0 |  5630 |     - |    66M |   0 | 178 | 200 | 204 |   4 |  4 |   0 |   0 | 7.850768e+03 | 7.818385e+03 |   0.41%| unknown
  2.7s|     1 |     0 |  5650 |     - |    66M |   0 | 178 | 200 | 205 |   5 |  5 |   0 |   0 | 7.850665e+03 | 7.818385e+03 |   0.41%| unknown
  2.8s|     1 |     0 |  5712 |     - |    66M |   0 | 178 | 200 | 206 |   6 |  6 |   0 |   0 | 7.850063e+03 | 7.818385e+03 |   0.41%| unknown
  2.8s|     1 |     0 |  5769 |     - |    67M |   0 | 178 | 200 | 207 |   7 |  7 |   0 |   0 | 7.849490e+03 | 7.818385e+03 |   0.40%| unknown
  2.8s|     1 |     0 |  5769 |     - |    67M |   0 | 178 | 200 | 207 |   7 |  7 |   0 |   0 | 7.849490e+03 | 7.818385e+03 |   0.40%| unknown
  2.8s|     1 |     0 |  5783 |     - |    68M |   0 | 178 | 200 | 208 |   8 |  8 |   0 |   0 | 7.849456e+03 | 7.818385e+03 |   0.40%| unknown
  2.9s|     1 |     0 |  5806 |     - |    72M |   0 | 178 | 200 | 210 |  10 |  9 |   0 |   0 | 7.849384e+03 | 7.818385e+03 |   0.40%| unknown
  2.9s|     1 |     0 |  5840 |     - |    74M |   0 | 178 | 200 | 213 |  13 | 10 |   0 |   0 | 7.849263e+03 | 7.818385e+03 |   0.39%| unknown
  2.9s|     1 |     0 |  5852 |     - |    74M |   0 | 178 | 200 | 188 |  15 | 11 |   0 |   0 | 7.849243e+03 | 7.818385e+03 |   0.39%| unknown
  2.9s|     1 |     0 |  5867 |     - |    74M |   0 | 178 | 200 | 189 |  16 | 12 |   0 |   0 | 7.849211e+03 | 7.818385e+03 |   0.39%| unknown
 time | node  | left  |LP iter|LP it/n|mem/heur|mdpt |vars |cons |rows |cuts |sepa|confs|strbr|  dualbound   | primalbound  |  gap   | compl. 
  3.0s|     1 |     0 |  5923 |     - |    74M |   0 | 178 | 200 | 190 |  17 | 13 |   0 |   0 | 7.849055e+03 | 7.818385e+03 |   0.39%| unknown
  3.0s|     1 |     0 |  5940 |     - |    74M |   0 | 178 | 200 | 191 |  18 | 14 |   0 |   0 | 7.848965e+03 | 7.818385e+03 |   0.39%| unknown
  3.0s|     1 |     0 |  5959 |     - |    74M |   0 | 178 | 200 | 193 |  20 | 15 |   0 |   0 | 7.848909e+03 | 7.818385e+03 |   0.39%| unknown
  3.0s|     1 |     0 |  5959 |     - |    74M |   0 | 178 | 200 | 192 |  20 | 15 |   0 |   0 | 7.848909e+03 | 7.818385e+03 |   0.39%| unknown
  3.0s|     1 |     0 |  5975 |     - |    74M |   0 | 178 | 199 | 193 |  21 | 16 |   0 |   0 | 7.848837e+03 | 7.818385e+03 |   0.39%| unknown
  3.0s|     1 |     0 |  6020 |     - |    75M |   0 | 178 | 199 | 180 |  22 | 17 |   0 |   0 | 7.848716e+03 | 7.818385e+03 |   0.39%| unknown
  3.0s|     1 |     0 |  6020 |     - |    75M |   0 | 178 | 199 | 180 |  22 | 17 |   0 |   0 | 7.848716e+03 | 7.818385e+03 |   0.39%| unknown
  3.6s|     1 |     0 |  6235 |     - |    75M |   0 | 178 | 213 | 180 |  22 | 17 |  16 |  13 | 7.844675e+03 | 7.818385e+03 |   0.34%| unknown
(run 3, node 1) restarting after 59 global fixings of integer variables

(restart) converted 19 cuts from the global cut pool into linear constraints

presolving:
(round 1, fast)       59 del vars, 39 del conss, 0 add conss, 0 chg bounds, 0 chg sides, 48 chg coeffs, 0 upgd conss, 0 impls, 130 clqs
   (3.6s) running MILP presolver
   (3.6s) MILP presolver found nothing
(round 2, medium)     60 del vars, 45 del conss, 7 add conss, 0 chg bounds, 7 chg sides, 73 chg coeffs, 0 upgd conss, 0 impls, 132 clqs
(round 3, exhaustive) 60 del vars, 45 del conss, 7 add conss, 0 chg bounds, 7 chg sides, 78 chg coeffs, 0 upgd conss, 0 impls, 132 clqs
(round 4, exhaustive) 60 del vars, 45 del conss, 7 add conss, 0 chg bounds, 7 chg sides, 82 chg coeffs, 0 upgd conss, 0 impls, 132 clqs
(round 5, exhaustive) 60 del vars, 45 del conss, 7 add conss, 0 chg bounds, 7 chg sides, 83 chg coeffs, 0 upgd conss, 0 impls, 132 clqs
(round 6, exhaustive) 60 del vars, 45 del conss, 7 add conss, 0 chg bounds, 7 chg sides, 84 chg coeffs, 0 upgd conss, 0 impls, 132 clqs
(round 7, exhaustive) 60 del vars, 45 del conss, 7 add conss, 0 chg bounds, 7 chg sides, 85 chg coeffs, 0 upgd conss, 0 impls, 132 clqs
(round 8, exhaustive) 60 del vars, 45 del conss, 7 add conss, 0 chg bounds, 7 chg sides, 86 chg coeffs, 0 upgd conss, 0 impls, 132 clqs
(round 9, exhaustive) 60 del vars, 60 del conss, 7 add conss, 0 chg bounds, 7 chg sides, 86 chg coeffs, 0 upgd conss, 0 impls, 132 clqs
(round 10, exhaustive) 60 del vars, 60 del conss, 7 add conss, 0 chg bounds, 7 chg sides, 86 chg coeffs, 16 upgd conss, 0 impls, 132 clqs
(round 11, exhaustive) 60 del vars, 61 del conss, 7 add conss, 0 chg bounds, 7 chg sides, 86 chg coeffs, 16 upgd conss, 0 impls, 132 clqs
(round 12, exhaustive) 60 del vars, 62 del conss, 7 add conss, 0 chg bounds, 7 chg sides, 87 chg coeffs, 16 upgd conss, 0 impls, 132 clqs
presolving (13 rounds: 13 fast, 12 medium, 11 exhaustive):
 60 deleted vars, 62 deleted constraints, 7 added constraints, 0 tightened bounds, 0 added holes, 7 changed sides, 87 changed coefficients
 0 implications, 132 cliques
presolved problem has 118 variables (118 bin, 0 int, 0 impl, 0 cont) and 177 constraints
     29 constraints of type <knapsack>
    106 constraints of type <setppc>
     29 constraints of type <linear>
     13 constraints of type <logicor>
Presolving Time: 0.04
transformed 7/25 original solutions to the transformed problem space

 time | node  | left  |LP iter|LP it/n|mem/heur|mdpt |vars |cons |rows |cuts |sepa|confs|strbr|  dualbound   | primalbound  |  gap   | compl. 
  3.6s|     1 |     0 |  6695 |     - |    72M |   0 | 118 | 177 | 164 |   0 |  0 |  16 |  13 | 7.844675e+03 | 7.818385e+03 |   0.34%| unknown
  3.6s|     1 |     0 |  6695 |     - |    72M |   0 | 118 | 177 | 162 |   0 |  0 |  16 |  13 | 7.844675e+03 | 7.818385e+03 |   0.34%| unknown
  3.6s|     1 |     0 |  6706 |     - |    72M |   0 | 118 | 175 | 163 |   1 |  1 |  16 |  13 | 7.844675e+03 | 7.818385e+03 |   0.34%| unknown
  3.6s|     1 |     0 |  6724 |     - |    72M |   0 | 118 | 175 | 164 |   2 |  2 |  16 |  13 | 7.843247e+03 | 7.818385e+03 |   0.32%| unknown
  3.6s|     1 |     0 |  6761 |     - |    72M |   0 | 118 | 175 | 165 |   3 |  3 |  16 |  13 | 7.841741e+03 | 7.818385e+03 |   0.30%| unknown
  3.7s|     1 |     0 |  6786 |     - |    72M |   0 | 118 | 175 | 167 |   5 |  4 |  16 |  13 | 7.841388e+03 | 7.818385e+03 |   0.29%| unknown
  3.7s|     1 |     0 |  6786 |     - |    72M |   0 | 118 | 175 | 167 |   5 |  4 |  16 |  13 | 7.841388e+03 | 7.818385e+03 |   0.29%| unknown
  3.7s|     1 |     0 |  6807 |     - |    72M |   0 | 118 | 175 | 168 |   6 |  5 |  16 |  13 | 7.840945e+03 | 7.818385e+03 |   0.29%| unknown
  3.7s|     1 |     0 |  6828 |     - |    72M |   0 | 118 | 175 | 169 |   7 |  6 |  16 |  13 | 7.840809e+03 | 7.818385e+03 |   0.29%| unknown
  3.7s|     1 |     0 |  6868 |     - |    73M |   0 | 118 | 175 | 171 |   9 |  7 |  16 |  13 | 7.840181e+03 | 7.818385e+03 |   0.28%| unknown
  3.7s|     1 |     0 |  6868 |     - |    73M |   0 | 118 | 175 | 171 |   9 |  7 |  16 |  13 | 7.840181e+03 | 7.818385e+03 |   0.28%| unknown
  3.7s|     1 |     0 |  6874 |     - |    73M |   0 | 118 | 175 | 172 |  10 |  8 |  16 |  13 | 7.840142e+03 | 7.818385e+03 |   0.28%| unknown
  3.7s|     1 |     0 |  6906 |     - |    73M |   0 | 118 | 175 | 174 |  12 |  9 |  16 |  13 | 7.839484e+03 | 7.818385e+03 |   0.27%| unknown
  3.8s|     1 |     0 |  6926 |     - |    73M |   0 | 118 | 175 | 177 |  15 | 10 |  16 |  13 | 7.839306e+03 | 7.818385e+03 |   0.27%| unknown
  3.8s|     1 |     0 |  6944 |     - |    73M |   0 | 118 | 175 | 134 |  16 | 11 |  16 |  13 | 7.839188e+03 | 7.818385e+03 |   0.27%| unknown
 time | node  | left  |LP iter|LP it/n|mem/heur|mdpt |vars |cons |rows |cuts |sepa|confs|strbr|  dualbound   | primalbound  |  gap   | compl. 
  3.8s|     1 |     0 |  6957 |     - |    73M |   0 | 118 | 175 | 136 |  18 | 12 |  16 |  13 | 7.839094e+03 | 7.818385e+03 |   0.26%| unknown
  3.8s|     1 |     0 |  6964 |     - |    73M |   0 | 118 | 175 | 138 |  20 | 13 |  16 |  13 | 7.839055e+03 | 7.818385e+03 |   0.26%| unknown
  3.8s|     1 |     0 |  6974 |     - |    73M |   0 | 118 | 175 | 139 |  21 | 14 |  16 |  13 | 7.838919e+03 | 7.818385e+03 |   0.26%| unknown
  3.8s|     1 |     0 |  6992 |     - |    73M |   0 | 118 | 175 | 140 |  22 | 15 |  16 |  13 | 7.838699e+03 | 7.818385e+03 |   0.26%| unknown
  3.8s|     1 |     0 |  7001 |     - |    73M |   0 | 118 | 175 | 141 |  23 | 16 |  16 |  13 | 7.838483e+03 | 7.818385e+03 |   0.26%| unknown
  3.8s|     1 |     0 |  7017 |     - |    73M |   0 | 118 | 175 | 130 |  24 | 17 |  16 |  13 | 7.838391e+03 | 7.818385e+03 |   0.26%| unknown
  3.8s|     1 |     0 |  7040 |     - |    73M |   0 | 118 | 175 | 131 |  25 | 18 |  16 |  13 | 7.838168e+03 | 7.818385e+03 |   0.25%| unknown
  3.8s|     1 |     0 |  7060 |     - |    73M |   0 | 118 | 175 | 132 |  26 | 19 |  16 |  13 | 7.837825e+03 | 7.818385e+03 |   0.25%| unknown
d 4.1s|     1 |     0 |  7125 |     - |linesear|   0 | 118 | 175 | 132 |   0 | 19 |  16 |  13 | 7.837825e+03 | 7.824739e+03 |   0.17%| unknown
(run 4, node 1) restarting after 14 global fixings of integer variables

(restart) converted 23 cuts from the global cut pool into linear constraints

presolving:
(round 1, fast)       14 del vars, 0 del conss, 0 add conss, 0 chg bounds, 0 chg sides, 1 chg coeffs, 0 upgd conss, 0 impls, 129 clqs
(round 2, exhaustive) 14 del vars, 0 del conss, 0 add conss, 0 chg bounds, 0 chg sides, 2 chg coeffs, 0 upgd conss, 0 impls, 129 clqs
(round 3, exhaustive) 14 del vars, 5 del conss, 0 add conss, 0 chg bounds, 0 chg sides, 2 chg coeffs, 0 upgd conss, 0 impls, 129 clqs
(round 4, exhaustive) 14 del vars, 5 del conss, 0 add conss, 0 chg bounds, 0 chg sides, 2 chg coeffs, 19 upgd conss, 0 impls, 129 clqs
(round 5, exhaustive) 14 del vars, 5 del conss, 0 add conss, 0 chg bounds, 0 chg sides, 3 chg coeffs, 19 upgd conss, 0 impls, 129 clqs
presolving (6 rounds: 6 fast, 5 medium, 5 exhaustive):
 14 deleted vars, 5 deleted constraints, 0 added constraints, 0 tightened bounds, 0 added holes, 0 changed sides, 3 changed coefficients
 0 implications, 129 cliques
presolved problem has 104 variables (104 bin, 0 int, 0 impl, 0 cont) and 193 constraints
     43 constraints of type <knapsack>
    104 constraints of type <setppc>
     33 constraints of type <linear>
     13 constraints of type <logicor>
Presolving Time: 0.05
transformed 11/34 original solutions to the transformed problem space

 time | node  | left  |LP iter|LP it/n|mem/heur|mdpt |vars |cons |rows |cuts |sepa|confs|strbr|  dualbound   | primalbound  |  gap   | compl. 
  4.1s|     1 |     0 |  7549 |     - |    73M |   0 | 104 | 193 | 180 |   0 |  0 |  16 |  13 | 7.837825e+03 | 7.824739e+03 |   0.17%| unknown
  4.1s|     1 |     0 |  7549 |     - |    73M |   0 | 104 | 193 | 178 |   0 |  0 |  16 |  13 | 7.837825e+03 | 7.824739e+03 |   0.17%| unknown
  4.1s|     1 |     0 |  7574 |     - |    73M |   0 | 104 | 191 | 179 |   1 |  1 |  16 |  13 | 7.837621e+03 | 7.824739e+03 |   0.16%| unknown
  4.2s|     1 |     0 |  7590 |     - |    73M |   0 | 104 | 191 | 180 |   2 |  2 |  16 |  13 | 7.837273e+03 | 7.824739e+03 |   0.16%| unknown
  4.2s|     1 |     0 |  7626 |     - |    73M |   0 | 104 | 191 | 182 |   4 |  3 |  16 |  13 | 7.836318e+03 | 7.824739e+03 |   0.15%| unknown
  4.2s|     1 |     0 |  7626 |     - |    73M |   0 | 104 | 191 | 182 |   4 |  3 |  16 |  13 | 7.836318e+03 | 7.824739e+03 |   0.15%| unknown
  4.2s|     1 |     0 |  7645 |     - |    73M |   0 | 104 | 191 | 185 |   7 |  4 |  16 |  13 | 7.836091e+03 | 7.824739e+03 |   0.15%| unknown
  4.2s|     1 |     0 |  7663 |     - |    73M |   0 | 104 | 191 | 186 |   8 |  5 |  16 |  13 | 7.835989e+03 | 7.824739e+03 |   0.14%| unknown
  4.2s|     1 |     0 |  7680 |     - |    73M |   0 | 104 | 191 | 187 |   9 |  6 |  16 |  13 | 7.835903e+03 | 7.824739e+03 |   0.14%| unknown
  4.3s|     1 |     0 |  7692 |     - |    73M |   0 | 104 | 191 | 188 |  10 |  7 |  16 |  13 | 7.835859e+03 | 7.824739e+03 |   0.14%| unknown
  4.3s|     1 |     0 |  7723 |     - |    75M |   0 | 104 | 191 | 189 |  11 |  8 |  16 |  13 | 7.835607e+03 | 7.824739e+03 |   0.14%| unknown
  4.3s|     1 |     0 |  7750 |     - |    75M |   0 | 104 | 191 | 190 |  12 |  9 |  16 |  13 | 7.835489e+03 | 7.824739e+03 |   0.14%| unknown
  4.3s|     1 |     0 |  7750 |     - |    75M |   0 | 104 | 191 | 190 |  12 |  9 |  16 |  13 | 7.835489e+03 | 7.824739e+03 |   0.14%| unknown
  4.3s|     1 |     0 |  7757 |     - |    75M |   0 | 104 | 191 | 192 |  14 | 10 |  16 |  13 | 7.835482e+03 | 7.824739e+03 |   0.14%| unknown
  4.3s|     1 |     0 |  7793 |     - |    75M |   0 | 104 | 191 | 193 |  15 | 11 |  16 |  13 | 7.835244e+03 | 7.824739e+03 |   0.13%| unknown
 time | node  | left  |LP iter|LP it/n|mem/heur|mdpt |vars |cons |rows |cuts |sepa|confs|strbr|  dualbound   | primalbound  |  gap   | compl. 
  4.3s|     1 |     0 |  7793 |     - |    75M |   0 | 104 | 191 | 193 |  15 | 11 |  16 |  13 | 7.835244e+03 | 7.824739e+03 |   0.13%| unknown
  4.4s|     1 |     0 |  7817 |     - |    75M |   0 | 104 | 191 | 137 |  16 | 12 |  16 |  13 | 7.835092e+03 | 7.824739e+03 |   0.13%| unknown
  4.4s|     1 |     0 |  7843 |     - |    75M |   0 | 104 | 191 | 138 |  17 | 13 |  16 |  13 | 7.834962e+03 | 7.824739e+03 |   0.13%| unknown
(run 5, node 1) restarting after 12 global fixings of integer variables

(restart) converted 17 cuts from the global cut pool into linear constraints

presolving:
(round 1, fast)       12 del vars, 0 del conss, 0 add conss, 0 chg bounds, 0 chg sides, 0 chg coeffs, 0 upgd conss, 0 impls, 128 clqs
   (4.8s) running MILP presolver
   (4.8s) MILP presolver found nothing
(round 2, exhaustive) 12 del vars, 1 del conss, 0 add conss, 0 chg bounds, 0 chg sides, 0 chg coeffs, 0 upgd conss, 0 impls, 128 clqs
(round 3, exhaustive) 12 del vars, 1 del conss, 0 add conss, 0 chg bounds, 0 chg sides, 0 chg coeffs, 15 upgd conss, 0 impls, 128 clqs
(round 4, exhaustive) 12 del vars, 1 del conss, 0 add conss, 0 chg bounds, 0 chg sides, 1 chg coeffs, 15 upgd conss, 0 impls, 128 clqs
(round 5, exhaustive) 12 del vars, 1 del conss, 0 add conss, 0 chg bounds, 0 chg sides, 2 chg coeffs, 15 upgd conss, 0 impls, 128 clqs
(round 6, exhaustive) 12 del vars, 4 del conss, 0 add conss, 0 chg bounds, 0 chg sides, 2 chg coeffs, 15 upgd conss, 0 impls, 128 clqs
(round 7, exhaustive) 12 del vars, 4 del conss, 0 add conss, 0 chg bounds, 0 chg sides, 6 chg coeffs, 15 upgd conss, 0 impls, 128 clqs
presolving (8 rounds: 8 fast, 7 medium, 7 exhaustive):
 12 deleted vars, 4 deleted constraints, 0 added constraints, 0 tightened bounds, 0 added holes, 0 changed sides, 6 changed coefficients
 0 implications, 128 cliques
presolved problem has 92 variables (92 bin, 0 int, 0 impl, 0 cont) and 214 constraints
     53 constraints of type <knapsack>
    103 constraints of type <setppc>
     35 constraints of type <linear>
     23 constraints of type <logicor>
Presolving Time: 0.05
transformed 12/35 original solutions to the transformed problem space

 time | node  | left  |LP iter|LP it/n|mem/heur|mdpt |vars |cons |rows |cuts |sepa|confs|strbr|  dualbound   | primalbound  |  gap   | compl. 
  4.8s|     1 |     0 |  8310 |     - |    75M |   0 |  92 | 214 | 191 |   0 |  0 |  26 |  13 | 7.834922e+03 | 7.824739e+03 |   0.13%| unknown
  4.8s|     1 |     0 |  8325 |     - |    75M |   0 |  92 | 214 | 192 |   1 |  1 |  26 |  13 | 7.834818e+03 | 7.824739e+03 |   0.13%| unknown
  4.9s|     1 |     0 |  8339 |     - |    75M |   0 |  92 | 214 | 193 |   2 |  2 |  26 |  13 | 7.834781e+03 | 7.824739e+03 |   0.13%| unknown
  4.9s|     1 |     0 |  8371 |     - |    75M |   0 |  92 | 214 | 194 |   3 |  3 |  26 |  13 | 7.834633e+03 | 7.824739e+03 |   0.13%| unknown
  4.9s|     1 |     0 |  8381 |     - |    75M |   0 |  92 | 214 | 195 |   4 |  4 |  26 |  13 | 7.834572e+03 | 7.824739e+03 |   0.13%| unknown
  4.9s|     1 |     0 |  8435 |     - |    75M |   0 |  92 | 214 | 196 |   5 |  5 |  26 |  13 | 7.833913e+03 | 7.824739e+03 |   0.12%| unknown
  4.9s|     1 |     0 |  8451 |     - |    75M |   0 |  92 | 214 | 197 |   6 |  6 |  26 |  13 | 7.833821e+03 | 7.824739e+03 |   0.12%| unknown
  5.0s|     1 |     0 |  8465 |     - |    75M |   0 |  92 | 214 | 198 |   7 |  7 |  26 |  13 | 7.833736e+03 | 7.824739e+03 |   0.11%| unknown
  5.0s|     1 |     0 |  8465 |     - |    75M |   0 |  92 | 214 | 198 |   7 |  7 |  26 |  13 | 7.833736e+03 | 7.824739e+03 |   0.11%| unknown
  5.0s|     1 |     0 |  8477 |     - |    75M |   0 |  92 | 214 | 199 |   8 |  8 |  26 |  13 | 7.833679e+03 | 7.824739e+03 |   0.11%| unknown
  5.0s|     1 |     0 |  8498 |     - |    75M |   0 |  92 | 214 | 200 |   9 |  9 |  26 |  13 | 7.833621e+03 | 7.824739e+03 |   0.11%| unknown
  5.0s|     1 |     0 |  8505 |     - |    79M |   0 |  92 | 214 | 133 |  10 | 10 |  26 |  13 | 7.833612e+03 | 7.824739e+03 |   0.11%| unknown
  5.0s|     1 |     0 |  8523 |     - |    79M |   0 |  92 | 214 | 134 |  11 | 11 |  26 |  13 | 7.833571e+03 | 7.824739e+03 |   0.11%| unknown
  5.0s|     1 |     0 |  8530 |     - |    79M |   0 |  92 | 214 | 135 |  12 | 12 |  26 |  13 | 7.833564e+03 | 7.824739e+03 |   0.11%| unknown
  5.0s|     1 |     0 |  8541 |     - |    79M |   0 |  92 | 214 | 136 |  13 | 13 |  26 |  13 | 7.833551e+03 | 7.824739e+03 |   0.11%| unknown
 time | node  | left  |LP iter|LP it/n|mem/heur|mdpt |vars |cons |rows |cuts |sepa|confs|strbr|  dualbound   | primalbound  |  gap   | compl. 
  5.1s|     1 |     0 |  8552 |     - |    79M |   0 |  92 | 214 | 137 |  14 | 14 |  26 |  13 | 7.833535e+03 | 7.824739e+03 |   0.11%| unknown
  5.1s|     1 |     0 |  8589 |     - |    79M |   0 |  92 | 214 | 138 |  15 | 15 |  26 |  13 | 7.833169e+03 | 7.824739e+03 |   0.11%| unknown
  5.1s|     1 |     0 |  8589 |     - |    79M |   0 |  92 | 214 | 138 |  15 | 15 |  26 |  13 | 7.833169e+03 | 7.824739e+03 |   0.11%| unknown
  5.5s|     1 |     0 |  8733 |     - |    79M |   0 |  92 | 218 | 138 |  15 | 15 |  32 |  14 | 7.827439e+03 | 7.824739e+03 |   0.03%| unknown
(run 6, node 1) restarting after 20 global fixings of integer variables

(restart) converted 15 cuts from the global cut pool into linear constraints

presolving:
(round 1, fast)       21 del vars, 28 del conss, 1 add conss, 0 chg bounds, 0 chg sides, 18 chg coeffs, 0 upgd conss, 0 impls, 99 clqs
(round 2, fast)       22 del vars, 30 del conss, 1 add conss, 0 chg bounds, 0 chg sides, 18 chg coeffs, 0 upgd conss, 0 impls, 98 clqs
   (5.5s) running MILP presolver
   (5.5s) MILP presolver found nothing
(round 3, medium)     23 del vars, 40 del conss, 14 add conss, 0 chg bounds, 13 chg sides, 55 chg coeffs, 0 upgd conss, 0 impls, 104 clqs
(round 4, exhaustive) 23 del vars, 40 del conss, 14 add conss, 0 chg bounds, 13 chg sides, 74 chg coeffs, 0 upgd conss, 0 impls, 104 clqs
(round 5, medium)     23 del vars, 40 del conss, 15 add conss, 0 chg bounds, 14 chg sides, 78 chg coeffs, 0 upgd conss, 0 impls, 105 clqs
(round 6, exhaustive) 23 del vars, 40 del conss, 15 add conss, 0 chg bounds, 14 chg sides, 86 chg coeffs, 0 upgd conss, 0 impls, 105 clqs
(round 7, medium)     23 del vars, 40 del conss, 16 add conss, 0 chg bounds, 15 chg sides, 90 chg coeffs, 0 upgd conss, 0 impls, 106 clqs
(round 8, exhaustive) 23 del vars, 40 del conss, 16 add conss, 0 chg bounds, 15 chg sides, 95 chg coeffs, 0 upgd conss, 0 impls, 106 clqs
(round 9, exhaustive) 23 del vars, 40 del conss, 16 add conss, 0 chg bounds, 15 chg sides, 97 chg coeffs, 0 upgd conss, 0 impls, 106 clqs
(round 10, exhaustive) 23 del vars, 62 del conss, 16 add conss, 0 chg bounds, 15 chg sides, 97 chg coeffs, 0 upgd conss, 0 impls, 106 clqs
(round 11, exhaustive) 23 del vars, 62 del conss, 16 add conss, 0 chg bounds, 15 chg sides, 97 chg coeffs, 10 upgd conss, 0 impls, 106 clqs
(round 12, exhaustive) 23 del vars, 62 del conss, 16 add conss, 0 chg bounds, 15 chg sides, 100 chg coeffs, 10 upgd conss, 0 impls, 106 clqs
(round 13, exhaustive) 23 del vars, 62 del conss, 16 add conss, 0 chg bounds, 15 chg sides, 101 chg coeffs, 10 upgd conss, 0 impls, 106 clqs
(round 14, exhaustive) 23 del vars, 63 del conss, 16 add conss, 0 chg bounds, 15 chg sides, 101 chg coeffs, 10 upgd conss, 0 impls, 106 clqs
presolving (15 rounds: 15 fast, 13 medium, 10 exhaustive):
 23 deleted vars, 63 deleted constraints, 16 added constraints, 0 tightened bounds, 0 added holes, 15 changed sides, 101 changed coefficients
 0 implications, 106 cliques
presolved problem has 69 variables (69 bin, 0 int, 0 impl, 0 cont) and 186 constraints
     59 constraints of type <knapsack>
     71 constraints of type <setppc>
     40 constraints of type <linear>
     16 constraints of type <logicor>
Presolving Time: 0.07
transformed 3/38 original solutions to the transformed problem space

 time | node  | left  |LP iter|LP it/n|mem/heur|mdpt |vars |cons |rows |cuts |sepa|confs|strbr|  dualbound   | primalbound  |  gap   | compl. 
  5.5s|     1 |     0 |  8944 |     - |    79M |   0 |  69 | 186 | 170 |   0 |  0 |  32 |  14 | 7.825388e+03 | 7.824739e+03 |   0.01%| unknown
  5.5s|     1 |     0 |  8944 |     - |    79M |   0 |  69 | 186 | 164 |   0 |  0 |  32 |  14 | 7.825388e+03 | 7.824739e+03 |   0.01%| unknown
  5.5s|     1 |     0 |  8945 |     - |    79M |   0 |  69 | 180 | 165 |   1 |  1 |  32 |  14 | 7.824739e+03 | 7.824739e+03 |   0.00%| unknown
  5.5s|     1 |     0 |  8945 |     - |    79M |   0 |  69 | 180 | 165 |   1 |  1 |  32 |  14 | 7.824739e+03 | 7.824739e+03 |   0.00%| unknown

SCIP Status        : problem is solved [optimal solution found]
Solving Time (sec) : 5.51
Solving Nodes      : 1 (total of 7 nodes in 7 runs)
Primal Bound       : +7.82473946654401e+03 (38 solutions)
Dual Bound         : +7.82473946654401e+03
Gap                : 0.00 %
