presolving:
(round 1, fast)       1 del vars, 1 del conss, 0 add conss, 0 chg bounds, 0 chg sides, 0 chg coeffs, 0 upgd conss, 0 impls, 193 clqs
   (0.0s) running MILP presolver
   (0.0s) MILP presolver (2 rounds): 0 aggregations, 19 fixings, 0 bound changes
(round 2, medium)     20 del vars, 1 del conss, 0 add conss, 0 chg bounds, 0 chg sides, 0 chg coeffs, 0 upgd conss, 0 impls, 192 clqs
(round 3, fast)       20 del vars, 2 del conss, 0 add conss, 0 chg bounds, 0 chg sides, 0 chg coeffs, 0 upgd conss, 0 impls, 192 clqs
(round 4, exhaustive) 20 del vars, 5 del conss, 0 add conss, 0 chg bounds, 3 chg sides, 0 chg coeffs, 0 upgd conss, 0 impls, 192 clqs
(round 5, exhaustive) 20 del vars, 5 del conss, 0 add conss, 0 chg bounds, 3 chg sides, 0 chg coeffs, 189 upgd conss, 0 impls, 192 clqs
(round 6, medium)     54 del vars, 5 del conss, 0 add conss, 0 chg bounds, 3 chg sides, 34 chg coeffs, 189 upgd conss, 0 impls, 192 clqs
(round 7, fast)       71 del vars, 7 del conss, 0 add conss, 0 chg bounds, 3 chg sides, 34 chg coeffs, 189 upgd conss, 0 impls, 190 clqs
(round 8, exhaustive) 71 del vars, 11 del conss, 0 add conss, 0 chg bounds, 3 chg sides, 34 chg coeffs, 189 upgd conss, 0 impls, 190 clqs
(round 9, exhaustive) 72 del vars, 11 del conss, 0 add conss, 0 chg bounds, 3 chg sides, 34 chg coeffs, 189 upgd conss, 0 impls, 190 clqs
   (0.0s) probing: 51/428 (11.9%) - 0 fixings, 0 aggregations, 0 implications, 0 bound changes
   (0.0s) probing aborted: 50/50 successive totally useless probings
   (0.0s) symmetry computation started: requiring (bin +, int +, cont +), (fixed: bin -, int -, cont -)
   (0.0s) no symmetry present (symcode time: 0.00)
presolving (10 rounds: 10 fast, 7 medium, 5 exhaustive):
 72 deleted vars, 11 deleted constraints, 0 added constraints, 0 tightened bounds, 0 added holes, 3 changed sides, 34 changed coefficients
 0 implications, 190 cliques
presolved problem has 428 variables (428 bin, 0 int, 0 impl, 0 cont) and 183 constraints
    183 constraints of type <setppc>
Presolving Time: 0.01

 time | node  | left  |LP iter|LP it/n|mem/heur|mdpt |vars |cons |rows |cuts |sepa|confs|strbr|  dualbound   | primalbound  |  gap   | compl. 
  0.0s|     1 |     0 |  1023 |     - |  5240k |   0 | 428 | 183 | 183 |   0 |  0 |   0 |   0 | 7.538332e+03 |      --      |    Inf | unknown
  0.1s|     1 |     0 |  1069 |     - |    16M |   0 | 428 | 183 | 185 |   3 |  1 |   0 |   0 | 7.500306e+03 |      --      |    Inf | unknown
  0.1s|     1 |     0 |  1105 |     - |    25M |   0 | 428 | 182 | 187 |   5 |  2 |   0 |   0 | 7.493218e+03 |      --      |    Inf | unknown
  0.2s|     1 |     0 |  1134 |     - |    30M |   0 | 428 | 182 | 192 |  10 |  3 |   0 |   0 | 7.486020e+03 |      --      |    Inf | unknown
  0.2s|     1 |     0 |  1150 |     - |    33M |   0 | 428 | 182 | 195 |  13 |  4 |   0 |   0 | 7.477974e+03 |      --      |    Inf | unknown
  0.2s|     1 |     0 |  1173 |     - |    38M |   0 | 428 | 182 | 196 |  14 |  5 |   0 |   0 | 7.473333e+03 |      --      |    Inf | unknown
  0.3s|     1 |     0 |  1200 |     - |    41M |   0 | 428 | 182 | 198 |  16 |  6 |   0 |   0 | 7.470738e+03 |      --      |    Inf | unknown
  0.3s|     1 |     0 |  1259 |     - |    46M |   0 | 428 | 182 | 200 |  18 |  7 |   0 |   0 | 7.463879e+03 |      --      |    Inf | unknown
  0.4s|     1 |     0 |  1302 |     - |    50M |   0 | 428 | 182 | 203 |  21 |  8 |   0 |   0 | 7.462197e+03 |      --      |    Inf | unknown
  0.4s|     1 |     0 |  1347 |     - |    55M |   0 | 428 | 182 | 205 |  23 |  9 |   0 |   0 | 7.458822e+03 |      --      |    Inf | unknown
  0.4s|     1 |     0 |  1378 |     - |    62M |   0 | 428 | 182 | 206 |  24 | 10 |   0 |   0 | 7.455799e+03 |      --      |    Inf | unknown
  0.5s|     1 |     0 |  1419 |     - |    62M |   0 | 428 | 182 | 209 |  27 | 11 |   0 |   0 | 7.454690e+03 |      --      |    Inf | unknown
  0.5s|     1 |     0 |  1440 |     - |    62M |   0 | 428 | 182 | 213 |  31 | 12 |   0 |   0 | 7.454042e+03 |      --      |    Inf | unknown
  0.5s|     1 |     0 |  1450 |     - |    63M |   0 | 428 | 182 | 215 |  33 | 13 |   0 |   0 | 7.453825e+03 |      --      |    Inf | unknown
  0.5s|     1 |     0 |  1473 |     - |    63M |   0 | 428 | 182 | 217 |  35 | 14 |   0 |   0 | 7.453502e+03 |      --      |    Inf | unknown
 time | node  | left  |LP iter|LP it/n|mem/heur|mdpt |vars |cons |rows |cuts |sepa|confs|strbr|  dualbound   | primalbound  |  gap   | compl. 
  0.5s|     1 |     0 |  1493 |     - |    63M |   0 | 428 | 182 | 218 |  36 | 15 |   0 |   0 | 7.453234e+03 |      --      |    Inf | unknown
  0.5s|     1 |     0 |  1521 |     - |    63M |   0 | 428 | 182 | 220 |  38 | 16 |   0 |   0 | 7.452974e+03 |      --      |    Inf | unknown
  0.6s|     1 |     0 |  1532 |     - |    64M |   0 | 428 | 182 | 219 |  40 | 17 |   0 |   0 | 7.452922e+03 |      --      |    Inf | unknown
  0.6s|     1 |     0 |  1534 |     - |    64M |   0 | 428 | 182 | 220 |  41 | 18 |   0 |   0 | 7.452922e+03 |      --      |    Inf | unknown
  0.6s|     1 |     0 |  1536 |     - |    64M |   0 | 428 | 182 | 221 |  42 | 19 |   0 |   0 | 7.452920e+03 |      --      |    Inf | unknown
  0.6s|     1 |     0 |  1540 |     - |    64M |   0 | 428 | 182 | 222 |  43 | 20 |   0 |   0 | 7.452901e+03 |      --      |    Inf | unknown
  0.6s|     1 |     0 |  1543 |     - |    64M |   0 | 428 | 182 | 223 |  44 | 21 |   0 |   0 | 7.452892e+03 |      --      |    Inf | unknown
  0.6s|     1 |     0 |  1602 |     - |    64M |   0 | 428 | 182 | 226 |  47 | 22 |   0 |   0 | 7.451458e+03 |      --      |    Inf | unknown
  0.7s|     1 |     0 |  1614 |     - |    64M |   0 | 428 | 182 | 224 |  49 | 23 |   0 |   0 | 7.451230e+03 |      --      |    Inf | unknown
  0.7s|     1 |     0 |  1637 |     - |    64M |   0 | 428 | 182 | 228 |  53 | 24 |   0 |   0 | 7.450288e+03 |      --      |    Inf | unknown
  0.7s|     1 |     0 |  1658 |     - |    64M |   0 | 428 | 182 | 232 |  57 | 25 |   0 |   0 | 7.449116e+03 |      --      |    Inf | unknown
  0.7s|     1 |     0 |  1668 |     - |    64M |   0 | 428 | 182 | 235 |  60 | 26 |   0 |   0 | 7.449038e+03 |      --      |    Inf | unknown
  0.7s|     1 |     0 |  1681 |     - |    64M |   0 | 428 | 182 | 238 |  63 | 27 |   0 |   0 | 7.448949e+03 |      --      |    Inf | unknown
  0.7s|     1 |     0 |  1691 |     - |    64M |   0 | 428 | 182 | 241 |  66 | 28 |   0 |   0 | 7.448893e+03 |      --      |    Inf | unknown
  0.8s|     1 |     0 |  1698 |     - |    64M |   0 | 428 | 182 | 237 |  67 | 29 |   0 |   0 | 7.448871e+03 |      --      |    Inf | unknown
 time | node  | left  |LP iter|LP it/n|mem/heur|mdpt |vars |cons |rows |cuts |sepa|confs|strbr|  dualbound   | primalbound  |  gap   | compl. 
  0.8s|     1 |     0 |  1703 |     - |    64M |   0 | 428 | 182 | 239 |  69 | 30 |   0 |   0 | 7.448866e+03 |      --      |    Inf | unknown
  0.8s|     1 |     0 |  1705 |     - |    64M |   0 | 428 | 182 | 240 |  70 | 31 |   0 |   0 | 7.448864e+03 |      --      |    Inf | unknown
d 0.8s|     1 |     0 |  1705 |     - |linesear|   0 | 428 | 182 | 240 |   0 | 32 |   0 |   0 | 7.448864e+03 | 2.622156e+03 | 184.07%| unknown
d 1.0s|     1 |     0 |  1754 |     - |linesear|   0 | 428 | 182 | 240 |   0 | 32 |   0 |   0 | 7.448864e+03 | 2.832783e+03 | 162.95%| unknown
d 1.1s|     1 |     0 |  1844 |     - |linesear|   0 | 428 | 182 | 240 |   0 | 32 |   0 |   0 | 7.448864e+03 | 3.600892e+03 | 106.86%| unknown
d 1.2s|     1 |     0 |  1899 |     - |linesear|   0 | 428 | 182 | 240 |   0 | 32 |   0 |   0 | 7.448864e+03 | 3.956323e+03 |  88.28%| unknown
d 1.4s|     1 |     0 |  1926 |     - |linesear|   0 | 428 | 182 | 240 |   0 | 32 |   0 |   0 | 7.448864e+03 | 4.487780e+03 |  65.98%| unknown
d 1.6s|     1 |     0 |  1933 |     - |linesear|   0 | 428 | 182 | 240 |   0 | 32 |   0 |   0 | 7.448864e+03 | 7.226908e+03 |   3.07%| unknown
  1.6s|     1 |     0 |  1933 |     - |    64M |   0 | 428 | 182 | 240 |  70 | 32 |   0 |   0 | 7.448864e+03 | 7.226908e+03 |   3.07%| unknown
  1.6s|     1 |     0 |  1933 |     - |    64M |   0 | 428 | 182 | 237 |  70 | 32 |   0 |   0 | 7.448864e+03 | 7.226908e+03 |   3.07%| unknown
(run 1, node 1) restarting after 49 global fixings of integer variables

(restart) converted 58 cuts from the global cut pool into linear constraints

presolving:
(round 1, fast)       49 del vars, 0 del conss, 0 add conss, 0 chg bounds, 0 chg sides, 0 chg coeffs, 0 upgd conss, 0 impls, 226 clqs
   (1.6s) running MILP presolver
   (1.6s) MILP presolver found nothing
(round 2, exhaustive) 49 del vars, 6 del conss, 0 add conss, 0 chg bounds, 0 chg sides, 0 chg coeffs, 0 upgd conss, 0 impls, 226 clqs
(round 3, exhaustive) 49 del vars, 10 del conss, 0 add conss, 0 chg bounds, 4 chg sides, 0 chg coeffs, 0 upgd conss, 0 impls, 226 clqs
(round 4, exhaustive) 49 del vars, 10 del conss, 0 add conss, 0 chg bounds, 4 chg sides, 0 chg coeffs, 44 upgd conss, 0 impls, 226 clqs
(round 5, exhaustive) 49 del vars, 12 del conss, 0 add conss, 0 chg bounds, 4 chg sides, 0 chg coeffs, 44 upgd conss, 0 impls, 226 clqs
presolving (6 rounds: 6 fast, 5 medium, 5 exhaustive):
 49 deleted vars, 12 deleted constraints, 0 added constraints, 0 tightened bounds, 0 added holes, 4 changed sides, 0 changed coefficients
 0 implications, 226 cliques
presolved problem has 379 variables (379 bin, 0 int, 0 impl, 0 cont) and 225 constraints
      9 constraints of type <knapsack>
    206 constraints of type <setppc>
     10 constraints of type <linear>
Presolving Time: 0.02
transformed 6/6 original solutions to the transformed problem space

 time | node  | left  |LP iter|LP it/n|mem/heur|mdpt |vars |cons |rows |cuts |sepa|confs|strbr|  dualbound   | primalbound  |  gap   | compl. 
  1.7s|     1 |     0 |  3572 |     - |    59M |   0 | 379 | 225 | 225 |   0 |  0 |   0 |   0 | 7.448864e+03 | 7.226908e+03 |   3.07%| unknown
  1.7s|     1 |     0 |  3629 |     - |    59M |   0 | 379 | 225 | 227 |   2 |  1 |   0 |   0 | 7.446182e+03 | 7.226908e+03 |   3.03%| unknown
  1.8s|     1 |     0 |  3675 |     - |    60M |   0 | 379 | 225 | 228 |   3 |  2 |   0 |   0 | 7.445325e+03 | 7.226908e+03 |   3.02%| unknown
  1.8s|     1 |     0 |  3743 |     - |    62M |   0 | 379 | 225 | 229 |   4 |  3 |   0 |   0 | 7.444366e+03 | 7.226908e+03 |   3.01%| unknown
  1.9s|     1 |     0 |  3781 |     - |    63M |   0 | 379 | 225 | 232 |   7 |  4 |   0 |   0 | 7.443673e+03 | 7.226908e+03 |   3.00%| unknown
  2.0s|     1 |     0 |  3860 |     - |    64M |   0 | 379 | 225 | 235 |  10 |  5 |   0 |   0 | 7.442075e+03 | 7.226908e+03 |   2.98%| unknown
  2.0s|     1 |     0 |  3902 |     - |    62M |   0 | 379 | 225 | 237 |  12 |  6 |   0 |   0 | 7.441526e+03 | 7.226908e+03 |   2.97%| unknown
  2.1s|     1 |     0 |  3964 |     - |    65M |   0 | 379 | 225 | 238 |  13 |  7 |   0 |   0 | 7.440848e+03 | 7.226908e+03 |   2.96%| unknown
  2.1s|     1 |     0 |  4043 |     - |    67M |   0 | 379 | 225 | 240 |  15 |  8 |   0 |   0 | 7.439493e+03 | 7.226908e+03 |   2.94%| unknown
  2.2s|     1 |     0 |  4085 |     - |    70M |   0 | 379 | 225 | 241 |  16 |  9 |   0 |   0 | 7.438901e+03 | 7.226908e+03 |   2.93%| unknown
  2.2s|     1 |     0 |  4115 |     - |    76M |   0 | 379 | 225 | 238 |  18 | 10 |   0 |   0 | 7.438708e+03 | 7.226908e+03 |   2.93%| unknown
  2.3s|     1 |     0 |  4150 |     - |    76M |   0 | 379 | 225 | 239 |  19 | 11 |   0 |   0 | 7.438333e+03 | 7.226908e+03 |   2.93%| unknown
  2.3s|     1 |     0 |  4179 |     - |    76M |   0 | 379 | 225 | 242 |  22 | 12 |   0 |   0 | 7.438176e+03 | 7.226908e+03 |   2.92%| unknown
  2.3s|     1 |     0 |  4190 |     - |    76M |   0 | 379 | 225 | 244 |  24 | 13 |   0 |   0 | 7.438084e+03 | 7.226908e+03 |   2.92%| unknown
  2.3s|     1 |     0 |  4226 |     - |    76M |   0 | 379 | 225 | 245 |  25 | 14 |   0 |   0 | 7.437859e+03 | 7.226908e+03 |   2.92%| unknown
 time | node  | left  |LP iter|LP it/n|mem/heur|mdpt |vars |cons |rows |cuts |sepa|confs|strbr|  dualbound   | primalbound  |  gap   | compl. 
  2.4s|     1 |     0 |  4257 |     - |    76M |   0 | 379 | 225 | 246 |  26 | 15 |   0 |   0 | 7.437709e+03 | 7.226908e+03 |   2.92%| unknown
  2.4s|     1 |     0 |  4283 |     - |    76M |   0 | 379 | 225 | 236 |  28 | 16 |   0 |   0 | 7.437482e+03 | 7.226908e+03 |   2.91%| unknown
  2.4s|     1 |     0 |  4289 |     - |    76M |   0 | 379 | 225 | 237 |  29 | 17 |   0 |   0 | 7.437477e+03 | 7.226908e+03 |   2.91%| unknown
  2.4s|     1 |     0 |  4311 |     - |    76M |   0 | 379 | 225 | 239 |  31 | 18 |   0 |   0 | 7.437437e+03 | 7.226908e+03 |   2.91%| unknown
  2.4s|     1 |     0 |  4318 |     - |    76M |   0 | 379 | 225 | 241 |  33 | 19 |   0 |   0 | 7.437399e+03 | 7.226908e+03 |   2.91%| unknown
d 3.2s|     1 |     0 |  4593 |     - |linesear|   0 | 379 | 225 | 241 |   0 | 19 |   0 |   0 | 7.437399e+03 | 7.344447e+03 |   1.27%| unknown
  3.2s|     1 |     0 |  4593 |     - |    76M |   0 | 379 | 225 | 241 |  33 | 19 |   0 |   0 | 7.437399e+03 | 7.344447e+03 |   1.27%| unknown
  3.2s|     1 |     0 |  4593 |     - |    76M |   0 | 379 | 225 | 231 |  33 | 19 |   0 |   0 | 7.437399e+03 | 7.344447e+03 |   1.27%| unknown
  3.2s|     1 |     0 |  4596 |     - |    76M |   0 | 379 | 215 | 232 |  34 | 20 |   0 |   0 | 7.437384e+03 | 7.344447e+03 |   1.27%| unknown
  3.2s|     1 |     0 |  4597 |     - |    76M |   0 | 379 | 215 | 233 |  35 | 21 |   0 |   0 | 7.437384e+03 | 7.344447e+03 |   1.27%| unknown
(run 2, node 1) restarting after 78 global fixings of integer variables

(restart) converted 34 cuts from the global cut pool into linear constraints

presolving:
(round 1, fast)       78 del vars, 0 del conss, 0 add conss, 0 chg bounds, 0 chg sides, 0 chg coeffs, 0 upgd conss, 0 impls, 233 clqs
   (3.2s) running MILP presolver
   (3.2s) MILP presolver found nothing
(round 2, exhaustive) 78 del vars, 0 del conss, 0 add conss, 0 chg bounds, 0 chg sides, 1 chg coeffs, 0 upgd conss, 0 impls, 233 clqs
(round 3, exhaustive) 78 del vars, 9 del conss, 0 add conss, 0 chg bounds, 0 chg sides, 1 chg coeffs, 0 upgd conss, 0 impls, 234 clqs
(round 4, exhaustive) 78 del vars, 9 del conss, 0 add conss, 0 chg bounds, 0 chg sides, 1 chg coeffs, 17 upgd conss, 0 impls, 234 clqs
(round 5, exhaustive) 78 del vars, 9 del conss, 0 add conss, 0 chg bounds, 0 chg sides, 5 chg coeffs, 17 upgd conss, 0 impls, 234 clqs
(round 6, exhaustive) 78 del vars, 9 del conss, 0 add conss, 0 chg bounds, 0 chg sides, 8 chg coeffs, 17 upgd conss, 0 impls, 244 clqs
(round 7, exhaustive) 78 del vars, 9 del conss, 0 add conss, 0 chg bounds, 0 chg sides, 10 chg coeffs, 17 upgd conss, 0 impls, 251 clqs
presolving (8 rounds: 8 fast, 7 medium, 7 exhaustive):
 78 deleted vars, 9 deleted constraints, 0 added constraints, 0 tightened bounds, 0 added holes, 0 changed sides, 10 changed coefficients
 0 implications, 252 cliques
presolved problem has 301 variables (301 bin, 0 int, 0 impl, 0 cont) and 240 constraints
     18 constraints of type <knapsack>
    195 constraints of type <setppc>
     27 constraints of type <linear>
Presolving Time: 0.03
transformed 12/12 original solutions to the transformed problem space

 time | node  | left  |LP iter|LP it/n|mem/heur|mdpt |vars |cons |rows |cuts |sepa|confs|strbr|  dualbound   | primalbound  |  gap   | compl. 
  3.3s|     1 |     0 |  6827 |     - |    74M |   0 | 301 | 240 | 240 |   0 |  0 |   0 |   0 | 7.437367e+03 | 7.344447e+03 |   1.27%| unknown
  3.4s|     1 |     0 |  6889 |     - |    75M |   0 | 301 | 240 | 242 |   2 |  1 |   0 |   0 | 7.436794e+03 | 7.344447e+03 |   1.26%| unknown
  3.4s|     1 |     0 |  6915 |     - |    76M |   0 | 301 | 240 | 243 |   3 |  2 |   0 |   0 | 7.436668e+03 | 7.344447e+03 |   1.26%| unknown
  3.5s|     1 |     0 |  6956 |     - |    76M |   0 | 301 | 240 | 244 |   4 |  3 |   0 |   0 | 7.436474e+03 | 7.344447e+03 |   1.25%| unknown
  3.5s|     1 |     0 |  7036 |     - |    78M |   0 | 301 | 240 | 245 |   5 |  4 |   0 |   0 | 7.436194e+03 | 7.344447e+03 |   1.25%| unknown
  3.6s|     1 |     0 |  7078 |     - |    79M |   0 | 301 | 240 | 246 |   6 |  5 |   0 |   0 | 7.435930e+03 | 7.344447e+03 |   1.25%| unknown
  3.7s|     1 |     0 |  7123 |     - |    83M |   0 | 301 | 240 | 248 |   8 |  6 |   0 |   0 | 7.435783e+03 | 7.344447e+03 |   1.24%| unknown
  3.7s|     1 |     0 |  7179 |     - |    86M |   0 | 301 | 240 | 249 |   9 |  7 |   0 |   0 | 7.435618e+03 | 7.344447e+03 |   1.24%| unknown
  3.7s|     1 |     0 |  7179 |     - |    86M |   0 | 301 | 240 | 249 |   9 |  7 |   0 |   0 | 7.435618e+03 | 7.344447e+03 |   1.24%| unknown
  3.8s|     1 |     0 |  7214 |     - |    87M |   0 | 301 | 240 | 250 |  10 |  8 |   0 |   0 | 7.435308e+03 | 7.344447e+03 |   1.24%| unknown
  3.9s|     1 |     0 |  7251 |     - |    88M |   0 | 301 | 240 | 254 |  14 |  9 |   0 |   0 | 7.435056e+03 | 7.344447e+03 |   1.23%| unknown
  3.9s|     1 |     0 |  7299 |     - |    95M |   0 | 301 | 240 | 255 |  15 | 10 |   0 |   0 | 7.434775e+03 | 7.344447e+03 |   1.23%| unknown
  4.0s|     1 |     0 |  7325 |     - |    95M |   0 | 301 | 240 | 256 |  16 | 11 |   0 |   0 | 7.434740e+03 | 7.344447e+03 |   1.23%| unknown
  4.0s|     1 |     0 |  7325 |     - |    95M |   0 | 301 | 240 | 256 |  16 | 11 |   0 |   0 | 7.434740e+03 | 7.344447e+03 |   1.23%| unknown
  5.2s|     1 |     2 |  7672 |     - |    95M |   0 | 301 | 240 | 256 |  16 | 11 |   0 |  22 | 7.420704e+03 | 7.344447e+03 |   1.04%| unknown

SCIP Status        : problem is solved [optimal solution found]
Solving Time (sec) : 5.63
Solving Nodes      : 5 (total of 7 nodes in 3 runs)
Primal Bound       : +7.34444740746864e+03 (115 solutions)
Dual Bound         : +7.34444740746864e+03
Gap                : 0.00 %
