presolving:
   (0.0s) running MILP presolver
   (0.0s) MILP presolver (2 rounds): 0 aggregations, 11 fixings, 0 bound changes
(round 1, medium)     11 del vars, 0 del conss, 0 add conss, 0 chg bounds, 0 chg sides, 0 chg coeffs, 0 upgd conss, 0 impls, 195 clqs
(round 2, exhaustive) 11 del vars, 5 del conss, 0 add conss, 0 chg bounds, 5 chg sides, 0 chg coeffs, 0 upgd conss, 0 impls, 195 clqs
(round 3, exhaustive) 11 del vars, 5 del conss, 0 add conss, 0 chg bounds, 5 chg sides, 0 chg coeffs, 190 upgd conss, 0 impls, 195 clqs
(round 4, medium)     50 del vars, 5 del conss, 0 add conss, 0 chg bounds, 5 chg sides, 39 chg coeffs, 190 upgd conss, 0 impls, 195 clqs
(round 5, fast)       72 del vars, 6 del conss, 0 add conss, 0 chg bounds, 5 chg sides, 39 chg coeffs, 190 upgd conss, 0 impls, 194 clqs
(round 6, exhaustive) 72 del vars, 9 del conss, 0 add conss, 0 chg bounds, 5 chg sides, 39 chg coeffs, 190 upgd conss, 0 impls, 194 clqs
   (0.0s) probing: 51/428 (11.9%) - 0 fixings, 0 aggregations, 0 implications, 0 bound changes
   (0.0s) probing aborted: 50/50 successive totally useless probings
   (0.0s) symmetry computation started: requiring (bin +, int +, cont +), (fixed: bin -, int -, cont -)
   (0.0s) no symmetry present (symcode time: 0.00)
presolving (7 rounds: 7 fast, 6 medium, 4 exhaustive):
 72 deleted vars, 9 deleted constraints, 0 added constraints, 0 tightened bounds, 0 added holes, 5 changed sides, 39 changed coefficients
 0 implications, 194 cliques
presolved problem has 428 variables (428 bin, 0 int, 0 impl, 0 cont) and 186 constraints
    186 constraints of type <setppc>
Presolving Time: 0.01

 time | node  | left  |LP iter|LP it/n|mem/heur|mdpt |vars |cons |rows |cuts |sepa|confs|strbr|  dualbound   | primalbound  |  gap   | compl. 
  0.1s|     1 |     0 |  1597 |     - |  5453k |   0 | 428 | 186 | 186 |   0 |  0 |   0 |   0 | 7.786625e+03 |      --      |    Inf | unknown
  0.1s|     1 |     0 |  1672 |     - |    20M |   0 | 428 | 186 | 189 |   3 |  1 |   0 |   0 | 7.750487e+03 |      --      |    Inf | unknown
  0.2s|     1 |     0 |  1711 |     - |    30M |   0 | 428 | 186 | 193 |   7 |  2 |   0 |   0 | 7.740238e+03 |      --      |    Inf | unknown
  0.2s|     1 |     0 |  1801 |     - |    39M |   0 | 428 | 186 | 196 |  10 |  3 |   0 |   0 | 7.728479e+03 |      --      |    Inf | unknown
  0.3s|     1 |     0 |  1841 |     - |    48M |   0 | 428 | 186 | 199 |  13 |  4 |   0 |   0 | 7.717489e+03 |      --      |    Inf | unknown
  0.3s|     1 |     0 |  1906 |     - |    57M |   0 | 428 | 186 | 201 |  15 |  5 |   0 |   0 | 7.708509e+03 |      --      |    Inf | unknown
  0.4s|     1 |     0 |  2004 |     - |    64M |   0 | 428 | 186 | 203 |  17 |  6 |   0 |   0 | 7.702977e+03 |      --      |    Inf | unknown
  0.4s|     1 |     0 |  2042 |     - |    69M |   0 | 428 | 186 | 205 |  19 |  7 |   0 |   0 | 7.701163e+03 |      --      |    Inf | unknown
  0.5s|     1 |     0 |  2089 |     - |    77M |   0 | 428 | 186 | 206 |  20 |  8 |   0 |   0 | 7.698130e+03 |      --      |    Inf | unknown
  0.5s|     1 |     0 |  2133 |     - |    77M |   0 | 428 | 186 | 208 |  22 |  9 |   0 |   0 | 7.695367e+03 |      --      |    Inf | unknown
  0.6s|     1 |     0 |  2197 |     - |    89M |   0 | 428 | 186 | 210 |  24 | 10 |   0 |   0 | 7.693650e+03 |      --      |    Inf | unknown
  0.6s|     1 |     0 |  2219 |     - |    89M |   0 | 428 | 186 | 212 |  26 | 11 |   0 |   0 | 7.693243e+03 |      --      |    Inf | unknown
  0.6s|     1 |     0 |  2252 |     - |    89M |   0 | 428 | 186 | 214 |  28 | 12 |   0 |   0 | 7.692622e+03 |      --      |    Inf | unknown
  0.6s|     1 |     0 |  2286 |     - |    89M |   0 | 428 | 186 | 215 |  29 | 13 |   0 |   0 | 7.691896e+03 |      --      |    Inf | unknown
  0.6s|     1 |     0 |  2303 |     - |    89M |   0 | 428 | 186 | 217 |  31 | 14 |   0 |   0 | 7.691666e+03 |      --      |    Inf | unknown
 time | node  | left  |LP iter|LP it/n|mem/heur|mdpt |vars |cons |rows |cuts |sepa|confs|strbr|  dualbound   | primalbound  |  gap   | compl. 
  0.7s|     1 |     0 |  2329 |     - |    89M |   0 | 428 | 186 | 218 |  32 | 15 |   0 |   0 | 7.691266e+03 |      --      |    Inf | unknown
  0.7s|     1 |     0 |  2362 |     - |    89M |   0 | 428 | 186 | 219 |  33 | 16 |   0 |   0 | 7.690712e+03 |      --      |    Inf | unknown
  0.7s|     1 |     0 |  2380 |     - |    89M |   0 | 428 | 186 | 219 |  34 | 17 |   0 |   0 | 7.690624e+03 |      --      |    Inf | unknown
  0.7s|     1 |     0 |  2413 |     - |    89M |   0 | 428 | 186 | 221 |  36 | 18 |   0 |   0 | 7.690315e+03 |      --      |    Inf | unknown
  0.7s|     1 |     0 |  2428 |     - |    89M |   0 | 428 | 186 | 222 |  37 | 19 |   0 |   0 | 7.690186e+03 |      --      |    Inf | unknown
  0.8s|     1 |     0 |  2440 |     - |    89M |   0 | 428 | 186 | 224 |  39 | 20 |   0 |   0 | 7.690064e+03 |      --      |    Inf | unknown
  0.8s|     1 |     0 |  2460 |     - |    89M |   0 | 428 | 186 | 226 |  41 | 21 |   0 |   0 | 7.689555e+03 |      --      |    Inf | unknown
  0.8s|     1 |     0 |  2476 |     - |    89M |   0 | 428 | 186 | 227 |  42 | 22 |   0 |   0 | 7.689406e+03 |      --      |    Inf | unknown
  0.8s|     1 |     0 |  2493 |     - |    89M |   0 | 428 | 186 | 227 |  44 | 23 |   0 |   0 | 7.689123e+03 |      --      |    Inf | unknown
  0.8s|     1 |     0 |  2497 |     - |    89M |   0 | 428 | 186 | 228 |  45 | 24 |   0 |   0 | 7.689114e+03 |      --      |    Inf | unknown
  0.9s|     1 |     0 |  2501 |     - |    89M |   0 | 428 | 186 | 229 |  46 | 25 |   0 |   0 | 7.689091e+03 |      --      |    Inf | unknown
  0.9s|     1 |     0 |  2508 |     - |    89M |   0 | 428 | 186 | 230 |  47 | 26 |   0 |   0 | 7.689070e+03 |      --      |    Inf | unknown
  0.9s|     1 |     0 |  2509 |     - |    89M |   0 | 428 | 186 | 231 |  48 | 27 |   0 |   0 | 7.689061e+03 |      --      |    Inf | unknown
  0.9s|     1 |     0 |  2519 |     - |    89M |   0 | 428 | 186 | 232 |  49 | 28 |   0 |   0 | 7.689002e+03 |      --      |    Inf | unknown
  0.9s|     1 |     0 |  2540 |     - |    89M |   0 | 428 | 186 | 231 |  51 | 29 |   0 |   0 | 7.688416e+03 |      --      |    Inf | unknown
 time | node  | left  |LP iter|LP it/n|mem/heur|mdpt |vars |cons |rows |cuts |sepa|confs|strbr|  dualbound   | primalbound  |  gap   | compl. 
  1.0s|     1 |     0 |  2545 |     - |    89M |   0 | 428 | 186 | 232 |  52 | 30 |   0 |   0 | 7.688401e+03 |      --      |    Inf | unknown
  1.0s|     1 |     0 |  2553 |     - |    89M |   0 | 428 | 186 | 233 |  53 | 31 |   0 |   0 | 7.688337e+03 |      --      |    Inf | unknown
  1.0s|     1 |     0 |  2557 |     - |    89M |   0 | 428 | 186 | 234 |  54 | 32 |   0 |   0 | 7.688325e+03 |      --      |    Inf | unknown
  1.0s|     1 |     0 |  2559 |     - |    89M |   0 | 428 | 186 | 235 |  55 | 33 |   0 |   0 | 7.688322e+03 |      --      |    Inf | unknown
  1.1s|     1 |     0 |  2569 |     - |    89M |   0 | 428 | 186 | 236 |  56 | 34 |   0 |   0 | 7.688261e+03 |      --      |    Inf | unknown
  1.1s|     1 |     0 |  2573 |     - |    89M |   0 | 428 | 186 | 231 |  57 | 35 |   0 |   0 | 7.688261e+03 |      --      |    Inf | unknown
  1.1s|     1 |     0 |  2576 |     - |    89M |   0 | 428 | 186 | 232 |  58 | 36 |   0 |   0 | 7.688250e+03 |      --      |    Inf | unknown
  1.1s|     1 |     0 |  2600 |     - |    89M |   0 | 428 | 186 | 234 |  60 | 37 |   0 |   0 | 7.687787e+03 |      --      |    Inf | unknown
  1.2s|     1 |     0 |  2607 |     - |    89M |   0 | 428 | 186 | 236 |  62 | 38 |   0 |   0 | 7.687783e+03 |      --      |    Inf | unknown
  1.2s|     1 |     0 |  2609 |     - |    89M |   0 | 428 | 186 | 237 |  63 | 39 |   0 |   0 | 7.687781e+03 |      --      |    Inf | unknown
d 1.2s|     1 |     0 |  2609 |     - |linesear|   0 | 428 | 186 | 237 |   0 | 39 |   0 |   0 | 7.687781e+03 | 2.896580e+03 | 165.41%| unknown
d 1.5s|     1 |     0 |  2670 |     - |linesear|   0 | 428 | 186 | 237 |   0 | 39 |   0 |   0 | 7.687781e+03 | 3.294608e+03 | 133.34%| unknown
d 1.6s|     1 |     0 |  2714 |     - |linesear|   0 | 428 | 186 | 237 |   0 | 39 |   0 |   0 | 7.687781e+03 | 3.832190e+03 | 100.61%| unknown
d 1.8s|     1 |     0 |  2758 |     - |linesear|   0 | 428 | 186 | 237 |   0 | 39 |   0 |   0 | 7.687781e+03 | 4.218407e+03 |  82.24%| unknown
d 2.0s|     1 |     0 |  2768 |     - |linesear|   0 | 428 | 186 | 237 |   0 | 39 |   0 |   0 | 7.687781e+03 | 4.913835e+03 |  56.45%| unknown
 time | node  | left  |LP iter|LP it/n|mem/heur|mdpt |vars |cons |rows |cuts |sepa|confs|strbr|  dualbound   | primalbound  |  gap   | compl. 
d 2.1s|     1 |     0 |  2804 |     - |linesear|   0 | 428 | 186 | 237 |   0 | 39 |   0 |   0 | 7.687781e+03 | 6.130344e+03 |  25.41%| unknown
d 2.2s|     1 |     0 |  2816 |     - |linesear|   0 | 428 | 186 | 237 |   0 | 39 |   0 |   0 | 7.687781e+03 | 7.373213e+03 |   4.27%| unknown
  2.2s|     1 |     0 |  2816 |     - |    89M |   0 | 428 | 186 | 237 |  63 | 39 |   0 |   0 | 7.687781e+03 | 7.373213e+03 |   4.27%| unknown
  2.2s|     1 |     0 |  2816 |     - |    89M |   0 | 428 | 186 | 237 |  63 | 39 |   0 |   0 | 7.687781e+03 | 7.373213e+03 |   4.27%| unknown
  2.2s|     1 |     0 |  2820 |     - |    89M |   0 | 428 | 186 | 238 |  64 | 40 |   0 |   0 | 7.687776e+03 | 7.373213e+03 |   4.27%| unknown
  2.2s|     1 |     0 |  2833 |     - |    89M |   0 | 428 | 186 | 234 |  65 | 41 |   0 |   0 | 7.687754e+03 | 7.373213e+03 |   4.27%| unknown
  2.5s|     1 |     2 |  2833 |     - |    89M |   0 | 428 | 186 | 234 |  65 | 41 |   0 |  19 | 7.666729e+03 | 7.373213e+03 |   3.98%| unknown
(run 1, node 1) restarting after 15 global fixings of integer variables

(restart) converted 48 cuts from the global cut pool into linear constraints

presolving:
(round 1, fast)       15 del vars, 0 del conss, 0 add conss, 0 chg bounds, 0 chg sides, 0 chg coeffs, 0 upgd conss, 0 impls, 214 clqs
   (2.6s) running MILP presolver
   (2.6s) MILP presolver found nothing
(round 2, exhaustive) 15 del vars, 2 del conss, 0 add conss, 0 chg bounds, 0 chg sides, 0 chg coeffs, 0 upgd conss, 0 impls, 214 clqs
(round 3, exhaustive) 15 del vars, 2 del conss, 0 add conss, 0 chg bounds, 0 chg sides, 0 chg coeffs, 26 upgd conss, 0 impls, 214 clqs
presolving (4 rounds: 4 fast, 3 medium, 3 exhaustive):
 15 deleted vars, 2 deleted constraints, 0 added constraints, 0 tightened bounds, 0 added holes, 0 changed sides, 0 changed coefficients
 0 implications, 214 cliques
presolved problem has 413 variables (413 bin, 0 int, 0 impl, 0 cont) and 232 constraints
      6 constraints of type <knapsack>
    204 constraints of type <setppc>
     22 constraints of type <linear>
Presolving Time: 0.03
transformed 28/28 original solutions to the transformed problem space

 time | node  | left  |LP iter|LP it/n|mem/heur|mdpt |vars |cons |rows |cuts |sepa|confs|strbr|  dualbound   | primalbound  |  gap   | compl. 
  2.7s|     1 |     0 |  4200 |     - |    83M |   0 | 413 | 232 | 232 |   0 |  0 |   0 |  19 | 7.666729e+03 | 7.373213e+03 |   3.98%| unknown
  2.7s|     1 |     0 |  4260 |     - |    83M |   0 | 413 | 232 | 233 |   1 |  1 |   0 |  19 | 7.666729e+03 | 7.373213e+03 |   3.98%| unknown
  2.8s|     1 |     0 |  4336 |     - |    83M |   0 | 413 | 232 | 235 |   3 |  2 |   0 |  19 | 7.666729e+03 | 7.373213e+03 |   3.98%| unknown
  2.9s|     1 |     0 |  4437 |     - |    88M |   0 | 413 | 232 | 236 |   4 |  3 |   0 |  19 | 7.666729e+03 | 7.373213e+03 |   3.98%| unknown
  3.0s|     1 |     0 |  4468 |     - |    90M |   0 | 413 | 232 | 237 |   5 |  4 |   0 |  19 | 7.666729e+03 | 7.373213e+03 |   3.98%| unknown
  3.0s|     1 |     0 |  4568 |     - |    87M |   0 | 413 | 232 | 238 |   6 |  5 |   0 |  19 | 7.666729e+03 | 7.373213e+03 |   3.98%| unknown
  3.1s|     1 |     0 |  4611 |     - |    91M |   0 | 413 | 232 | 241 |   9 |  6 |   0 |  19 | 7.666729e+03 | 7.373213e+03 |   3.98%| unknown
  3.2s|     1 |     0 |  4670 |     - |    93M |   0 | 413 | 232 | 242 |  10 |  7 |   0 |  19 | 7.666729e+03 | 7.373213e+03 |   3.98%| unknown
  3.3s|     1 |     0 |  4707 |     - |    96M |   0 | 413 | 232 | 244 |  12 |  8 |   0 |  19 | 7.666729e+03 | 7.373213e+03 |   3.98%| unknown
  3.3s|     1 |     0 |  4764 |     - |   101M |   0 | 413 | 232 | 245 |  13 |  9 |   0 |  19 | 7.666729e+03 | 7.373213e+03 |   3.98%| unknown
  3.4s|     1 |     0 |  4808 |     - |   102M |   0 | 413 | 232 | 246 |  14 | 10 |   0 |  19 | 7.666729e+03 | 7.373213e+03 |   3.98%| unknown
  3.5s|     1 |     0 |  4887 |     - |   102M |   0 | 413 | 232 | 237 |  16 | 11 |   0 |  19 | 7.666729e+03 | 7.373213e+03 |   3.98%| unknown
  3.5s|     1 |     0 |  4918 |     - |   102M |   0 | 413 | 232 | 238 |  17 | 12 |   0 |  19 | 7.666729e+03 | 7.373213e+03 |   3.98%| unknown
  3.5s|     1 |     0 |  4947 |     - |   102M |   0 | 413 | 232 | 240 |  19 | 13 |   0 |  19 | 7.666729e+03 | 7.373213e+03 |   3.98%| unknown
  3.6s|     1 |     0 |  4987 |     - |   102M |   0 | 413 | 232 | 242 |  21 | 14 |   0 |  19 | 7.666729e+03 | 7.373213e+03 |   3.98%| unknown
 time | node  | left  |LP iter|LP it/n|mem/heur|mdpt |vars |cons |rows |cuts |sepa|confs|strbr|  dualbound   | primalbound  |  gap   | compl. 
  3.6s|     1 |     0 |  5021 |     - |   102M |   0 | 413 | 232 | 244 |  23 | 15 |   0 |  19 | 7.666729e+03 | 7.373213e+03 |   3.98%| unknown
  3.6s|     1 |     0 |  5025 |     - |   102M |   0 | 413 | 232 | 245 |  24 | 16 |   0 |  19 | 7.666729e+03 | 7.373213e+03 |   3.98%| unknown
  3.7s|     1 |     0 |  5039 |     - |   102M |   0 | 413 | 232 | 237 |  25 | 17 |   0 |  19 | 7.666729e+03 | 7.373213e+03 |   3.98%| unknown
  3.7s|     1 |     0 |  5057 |     - |   102M |   0 | 413 | 232 | 238 |  26 | 18 |   0 |  19 | 7.666729e+03 | 7.373213e+03 |   3.98%| unknown
  3.7s|     1 |     0 |  5063 |     - |   102M |   0 | 413 | 232 | 239 |  27 | 19 |   0 |  19 | 7.666729e+03 | 7.373213e+03 |   3.98%| unknown
  3.7s|     1 |     0 |  5068 |     - |   102M |   0 | 413 | 232 | 240 |  28 | 20 |   0 |  19 | 7.666729e+03 | 7.373213e+03 |   3.98%| unknown
  3.8s|     1 |     0 |  5071 |     - |   102M |   0 | 413 | 232 | 241 |  29 | 21 |   0 |  19 | 7.666729e+03 | 7.373213e+03 |   3.98%| unknown
  3.8s|     1 |     0 |  5076 |     - |   102M |   0 | 413 | 232 | 242 |  30 | 22 |   0 |  19 | 7.666729e+03 | 7.373213e+03 |   3.98%| unknown
  3.8s|     1 |     0 |  5082 |     - |   102M |   0 | 413 | 232 | 233 |  31 | 23 |   0 |  19 | 7.666729e+03 | 7.373213e+03 |   3.98%| unknown
  3.9s|     1 |     0 |  5084 |     - |   102M |   0 | 413 | 232 | 234 |  32 | 24 |   0 |  19 | 7.666729e+03 | 7.373213e+03 |   3.98%| unknown
d 4.3s|     1 |     0 |  5299 |     - |linesear|   0 | 413 | 232 | 234 |   0 | 24 |   0 |  19 | 7.666729e+03 | 7.628704e+03 |   0.50%| unknown
  4.3s|     1 |     0 |  5299 |     - |   102M |   0 | 413 | 232 | 234 |  32 | 24 |   0 |  19 | 7.666729e+03 | 7.628704e+03 |   0.50%| unknown
  4.3s|     1 |     0 |  5299 |     - |   102M |   0 | 413 | 232 | 206 |  32 | 24 |   0 |  19 | 7.666729e+03 | 7.628704e+03 |   0.50%| unknown
  4.4s|     1 |     0 |  5312 |     - |   102M |   0 | 413 | 204 | 208 |  34 | 25 |   0 |  19 | 7.666729e+03 | 7.628704e+03 |   0.50%| unknown
  4.4s|     1 |     0 |  5315 |     - |   102M |   0 | 413 | 204 | 206 |  35 | 26 |   0 |  19 | 7.666729e+03 | 7.628704e+03 |   0.50%| unknown
 time | node  | left  |LP iter|LP it/n|mem/heur|mdpt |vars |cons |rows |cuts |sepa|confs|strbr|  dualbound   | primalbound  |  gap   | compl. 
  4.4s|     1 |     0 |  5484 |     - |   102M |   0 | 413 | 178 | 206 |  35 | 26 |   2 |  22 | 7.662185e+03 | 7.628704e+03 |   0.44%| unknown
  4.4s|     1 |     0 |  5484 |     - |   102M |   0 | 413 | 178 | 185 |  35 | 26 |   2 |  22 | 7.662185e+03 | 7.628704e+03 |   0.44%| unknown
  4.5s|     1 |     0 |  5508 |     - |   102M |   0 | 413 | 173 | 187 |  37 | 27 |   2 |  22 | 7.662185e+03 | 7.628704e+03 |   0.44%| unknown
  4.5s|     1 |     0 |  5508 |     - |   102M |   0 | 413 | 173 | 184 |  37 | 27 |   2 |  22 | 7.662185e+03 | 7.628704e+03 |   0.44%| unknown
  4.5s|     1 |     0 |  5569 |     - |   102M |   0 | 413 | 173 | 190 |  43 | 28 |   2 |  22 | 7.660101e+03 | 7.628704e+03 |   0.41%| unknown
  4.5s|     1 |     0 |  5569 |     - |   102M |   0 | 413 | 173 | 188 |  43 | 28 |   2 |  22 | 7.660101e+03 | 7.628704e+03 |   0.41%| unknown
  4.5s|     1 |     0 |  5607 |     - |   102M |   0 | 413 | 163 | 188 |  43 | 28 |   4 |  24 | 7.635849e+03 | 7.628704e+03 |   0.09%| unknown
  4.5s|     1 |     0 |  5607 |     - |   102M |   0 | 413 | 163 | 179 |  43 | 28 |   4 |  24 | 7.635849e+03 | 7.628704e+03 |   0.09%| unknown
  4.5s|     1 |     0 |  5641 |     - |   102M |   0 | 413 | 159 | 184 |  48 | 29 |   4 |  24 | 7.635849e+03 | 7.628704e+03 |   0.09%| unknown
  4.5s|     1 |     0 |  5641 |     - |   102M |   0 | 413 | 159 | 182 |  48 | 29 |   4 |  24 | 7.635849e+03 | 7.628704e+03 |   0.09%| unknown
  4.5s|     1 |     0 |  5642 |     - |   102M |   0 | 413 | 159 | 181 |  49 | 30 |   4 |  24 | 7.635849e+03 | 7.628704e+03 |   0.09%| unknown
  4.5s|     1 |     0 |  5642 |     - |   102M |   0 | 413 | 159 | 181 |  49 | 30 |   4 |  24 | 7.635849e+03 | 7.628704e+03 |   0.09%| unknown
  4.5s|     1 |     0 |  5687 |     - |   102M |   0 | 413 | 152 | 181 |  49 | 30 |   6 |  25 | 7.633341e+03 | 7.628704e+03 |   0.06%| unknown
  4.5s|     1 |     0 |  5687 |     - |   102M |   0 | 413 | 152 | 169 |  49 | 30 |   6 |  25 | 7.633341e+03 | 7.628704e+03 |   0.06%| unknown
  4.5s|     1 |     0 |  5693 |     - |   102M |   0 | 413 | 143 | 174 |  54 | 31 |   6 |  25 | 7.628704e+03 | 7.628704e+03 |   0.00%| unknown
 time | node  | left  |LP iter|LP it/n|mem/heur|mdpt |vars |cons |rows |cuts |sepa|confs|strbr|  dualbound   | primalbound  |  gap   | compl. 
  4.5s|     1 |     0 |  5693 |     - |   102M |   0 | 413 | 143 | 174 |  54 | 31 |   6 |  25 | 7.628704e+03 | 7.628704e+03 |   0.00%| unknown

SCIP Status        : problem is solved [optimal solution found]
Solving Time (sec) : 4.52
Solving Nodes      : 1 (total of 2 nodes in 2 runs)
Primal Bound       : +7.62870439782595e+03 (37 solutions)
Dual Bound         : +7.62870439782595e+03
Gap                : 0.00 %
