presolving:
   (0.0s) running MILP presolver
   (0.0s) MILP presolver (2 rounds): 0 aggregations, 12 fixings, 0 bound changes
(round 1, medium)     12 del vars, 0 del conss, 0 add conss, 0 chg bounds, 0 chg sides, 0 chg coeffs, 0 upgd conss, 0 impls, 192 clqs
(round 2, exhaustive) 12 del vars, 2 del conss, 0 add conss, 0 chg bounds, 2 chg sides, 0 chg coeffs, 0 upgd conss, 0 impls, 192 clqs
(round 3, exhaustive) 12 del vars, 2 del conss, 0 add conss, 0 chg bounds, 2 chg sides, 0 chg coeffs, 190 upgd conss, 0 impls, 192 clqs
(round 4, medium)     46 del vars, 2 del conss, 0 add conss, 0 chg bounds, 2 chg sides, 34 chg coeffs, 190 upgd conss, 0 impls, 192 clqs
(round 5, fast)       53 del vars, 2 del conss, 0 add conss, 0 chg bounds, 2 chg sides, 34 chg coeffs, 190 upgd conss, 0 impls, 192 clqs
(round 6, exhaustive) 53 del vars, 7 del conss, 0 add conss, 0 chg bounds, 2 chg sides, 34 chg coeffs, 190 upgd conss, 0 impls, 192 clqs
   (0.0s) probing: 51/447 (11.4%) - 0 fixings, 0 aggregations, 0 implications, 0 bound changes
   (0.0s) probing aborted: 50/50 successive totally useless probings
   (0.0s) symmetry computation started: requiring (bin +, int +, cont +), (fixed: bin -, int -, cont -)
   (0.0s) no symmetry present (symcode time: 0.00)
presolving (7 rounds: 7 fast, 6 medium, 4 exhaustive):
 53 deleted vars, 7 deleted constraints, 0 added constraints, 0 tightened bounds, 0 added holes, 2 changed sides, 34 changed coefficients
 0 implications, 192 cliques
presolved problem has 447 variables (447 bin, 0 int, 0 impl, 0 cont) and 185 constraints
    185 constraints of type <setppc>
Presolving Time: 0.01

 time | node  | left  |LP iter|LP it/n|mem/heur|mdpt |vars |cons |rows |cuts |sepa|confs|strbr|  dualbound   | primalbound  |  gap   | compl. 
  0.1s|     1 |     0 |  1906 |     - |  5493k |   0 | 447 | 185 | 185 |   0 |  0 |   0 |   0 | 7.673359e+03 |      --      |    Inf | unknown
  0.1s|     1 |     0 |  1929 |     - |    12M |   0 | 447 | 185 | 187 |   2 |  1 |   0 |   0 | 7.661634e+03 |      --      |    Inf | unknown
  0.2s|     1 |     0 |  1962 |     - |    24M |   0 | 447 | 185 | 189 |   4 |  2 |   0 |   0 | 7.649727e+03 |      --      |    Inf | unknown
  0.2s|     1 |     0 |  2001 |     - |    28M |   0 | 447 | 185 | 190 |   5 |  3 |   0 |   0 | 7.640854e+03 |      --      |    Inf | unknown
  0.2s|     1 |     0 |  2044 |     - |    33M |   0 | 447 | 185 | 191 |   6 |  4 |   0 |   0 | 7.636866e+03 |      --      |    Inf | unknown
  0.3s|     1 |     0 |  2065 |     - |    36M |   0 | 447 | 185 | 193 |   8 |  5 |   0 |   0 | 7.634996e+03 |      --      |    Inf | unknown
  0.3s|     1 |     0 |  2088 |     - |    40M |   0 | 447 | 185 | 194 |   9 |  6 |   0 |   0 | 7.632714e+03 |      --      |    Inf | unknown
  0.3s|     1 |     0 |  2121 |     - |    45M |   0 | 447 | 185 | 196 |  11 |  7 |   0 |   0 | 7.631542e+03 |      --      |    Inf | unknown
  0.4s|     1 |     0 |  2145 |     - |    47M |   0 | 447 | 185 | 198 |  13 |  8 |   0 |   0 | 7.630096e+03 |      --      |    Inf | unknown
  0.4s|     1 |     0 |  2166 |     - |    56M |   0 | 447 | 185 | 200 |  15 |  9 |   0 |   0 | 7.629098e+03 |      --      |    Inf | unknown
  0.5s|     1 |     0 |  2185 |     - |    57M |   0 | 447 | 185 | 202 |  17 | 10 |   0 |   0 | 7.628763e+03 |      --      |    Inf | unknown
  0.5s|     1 |     0 |  2205 |     - |    57M |   0 | 447 | 185 | 204 |  19 | 11 |   0 |   0 | 7.628536e+03 |      --      |    Inf | unknown
  0.5s|     1 |     0 |  2239 |     - |    57M |   0 | 447 | 185 | 208 |  23 | 12 |   0 |   0 | 7.627675e+03 |      --      |    Inf | unknown
  0.5s|     1 |     0 |  2250 |     - |    57M |   0 | 447 | 185 | 210 |  25 | 13 |   0 |   0 | 7.627517e+03 |      --      |    Inf | unknown
  0.5s|     1 |     0 |  2254 |     - |    57M |   0 | 447 | 185 | 211 |  26 | 14 |   0 |   0 | 7.627499e+03 |      --      |    Inf | unknown
 time | node  | left  |LP iter|LP it/n|mem/heur|mdpt |vars |cons |rows |cuts |sepa|confs|strbr|  dualbound   | primalbound  |  gap   | compl. 
  0.5s|     1 |     0 |  2258 |     - |    57M |   0 | 447 | 185 | 212 |  27 | 15 |   0 |   0 | 7.627484e+03 |      --      |    Inf | unknown
  0.6s|     1 |     0 |  2275 |     - |    57M |   0 | 447 | 185 | 214 |  29 | 16 |   0 |   0 | 7.627160e+03 |      --      |    Inf | unknown
  0.6s|     1 |     0 |  2278 |     - |    57M |   0 | 447 | 185 | 213 |  30 | 17 |   0 |   0 | 7.627151e+03 |      --      |    Inf | unknown
  0.6s|     1 |     0 |  2285 |     - |    57M |   0 | 447 | 185 | 214 |  31 | 18 |   0 |   0 | 7.627060e+03 |      --      |    Inf | unknown
  0.6s|     1 |     0 |  2287 |     - |    57M |   0 | 447 | 185 | 215 |  32 | 19 |   0 |   0 | 7.627053e+03 |      --      |    Inf | unknown
  0.6s|     1 |     0 |  2294 |     - |    57M |   0 | 447 | 185 | 216 |  33 | 20 |   0 |   0 | 7.626955e+03 |      --      |    Inf | unknown
  0.7s|     1 |     0 |  2296 |     - |    57M |   0 | 447 | 185 | 217 |  34 | 21 |   0 |   0 | 7.626954e+03 |      --      |    Inf | unknown
  0.7s|     1 |     0 |  2300 |     - |    57M |   0 | 447 | 185 | 218 |  35 | 22 |   0 |   0 | 7.626933e+03 |      --      |    Inf | unknown
d 0.7s|     1 |     0 |  2300 |     - |linesear|   0 | 447 | 185 | 218 |   0 | 22 |   0 |   0 | 7.626933e+03 | 2.532487e+03 | 201.16%| unknown
d 0.8s|     1 |     0 |  2323 |     - |linesear|   0 | 447 | 185 | 218 |   0 | 22 |   0 |   0 | 7.626933e+03 | 2.745121e+03 | 177.84%| unknown
d 1.0s|     1 |     0 |  2363 |     - |linesear|   0 | 447 | 185 | 218 |   0 | 22 |   0 |   0 | 7.626933e+03 | 3.097655e+03 | 146.22%| unknown
d 1.2s|     1 |     0 |  2384 |     - |linesear|   0 | 447 | 185 | 218 |   0 | 22 |   0 |   0 | 7.626933e+03 | 3.942867e+03 |  93.44%| unknown
d 1.3s|     1 |     0 |  2410 |     - |linesear|   0 | 447 | 185 | 218 |   0 | 22 |   0 |   0 | 7.626933e+03 | 6.802836e+03 |  12.11%| unknown
d 1.3s|     1 |     0 |  2423 |     - |linesear|   0 | 447 | 185 | 218 |   0 | 22 |   0 |   0 | 7.626933e+03 | 7.436044e+03 |   2.57%| unknown
  1.3s|     1 |     0 |  2423 |     - |    57M |   0 | 447 | 185 | 218 |  35 | 22 |   0 |   0 | 7.626933e+03 | 7.436044e+03 |   2.57%| unknown
 time | node  | left  |LP iter|LP it/n|mem/heur|mdpt |vars |cons |rows |cuts |sepa|confs|strbr|  dualbound   | primalbound  |  gap   | compl. 
  1.3s|     1 |     0 |  2423 |     - |    57M |   0 | 447 | 185 | 217 |  35 | 22 |   0 |   0 | 7.626933e+03 | 7.436044e+03 |   2.57%| unknown
  1.4s|     1 |     0 |  2425 |     - |    57M |   0 | 447 | 184 | 218 |  36 | 23 |   0 |   0 | 7.626931e+03 | 7.436044e+03 |   2.57%| unknown
  1.4s|     1 |     0 |  2427 |     - |    57M |   0 | 447 | 184 | 213 |  37 | 24 |   0 |   0 | 7.626931e+03 | 7.436044e+03 |   2.57%| unknown
  1.5s|     1 |     2 |  2427 |     - |    57M |   0 | 447 | 184 | 213 |  37 | 24 |   0 |  21 | 7.615436e+03 | 7.436044e+03 |   2.41%| unknown
(run 1, node 1) restarting after 40 global fixings of integer variables

(restart) converted 29 cuts from the global cut pool into linear constraints

presolving:
(round 1, fast)       40 del vars, 0 del conss, 0 add conss, 0 chg bounds, 0 chg sides, 0 chg coeffs, 0 upgd conss, 0 impls, 199 clqs
   (1.5s) running MILP presolver
   (1.5s) MILP presolver found nothing
(round 2, exhaustive) 40 del vars, 3 del conss, 0 add conss, 0 chg bounds, 0 chg sides, 0 chg coeffs, 0 upgd conss, 0 impls, 199 clqs
(round 3, exhaustive) 40 del vars, 3 del conss, 0 add conss, 0 chg bounds, 0 chg sides, 0 chg coeffs, 11 upgd conss, 0 impls, 199 clqs
(round 4, exhaustive) 40 del vars, 3 del conss, 0 add conss, 0 chg bounds, 0 chg sides, 2 chg coeffs, 11 upgd conss, 0 impls, 199 clqs
(round 5, exhaustive) 40 del vars, 3 del conss, 0 add conss, 0 chg bounds, 0 chg sides, 4 chg coeffs, 11 upgd conss, 0 impls, 199 clqs
presolving (6 rounds: 6 fast, 5 medium, 5 exhaustive):
 40 deleted vars, 3 deleted constraints, 0 added constraints, 0 tightened bounds, 0 added holes, 0 changed sides, 4 changed coefficients
 0 implications, 199 cliques
presolved problem has 407 variables (407 bin, 0 int, 0 impl, 0 cont) and 210 constraints
      3 constraints of type <knapsack>
    189 constraints of type <setppc>
     18 constraints of type <linear>
Presolving Time: 0.02
transformed 32/32 original solutions to the transformed problem space

 time | node  | left  |LP iter|LP it/n|mem/heur|mdpt |vars |cons |rows |cuts |sepa|confs|strbr|  dualbound   | primalbound  |  gap   | compl. 
  1.6s|     1 |     0 |  4021 |     - |    54M |   0 | 407 | 210 | 210 |   0 |  0 |   0 |  21 | 7.615436e+03 | 7.436044e+03 |   2.41%| unknown
  1.6s|     1 |     0 |  4021 |     - |    54M |   0 | 407 | 210 | 210 |   0 |  0 |   0 |  21 | 7.615436e+03 | 7.436044e+03 |   2.41%| unknown
  1.6s|     1 |     0 |  4081 |     - |    56M |   0 | 407 | 210 | 211 |   1 |  1 |   0 |  21 | 7.615436e+03 | 7.436044e+03 |   2.41%| unknown
  1.7s|     1 |     0 |  4113 |     - |    56M |   0 | 407 | 210 | 212 |   2 |  2 |   0 |  21 | 7.615436e+03 | 7.436044e+03 |   2.41%| unknown
  1.7s|     1 |     0 |  4113 |     - |    56M |   0 | 407 | 210 | 212 |   2 |  2 |   0 |  21 | 7.615436e+03 | 7.436044e+03 |   2.41%| unknown
  1.7s|     1 |     0 |  4161 |     - |    56M |   0 | 407 | 210 | 214 |   4 |  3 |   0 |  21 | 7.615436e+03 | 7.436044e+03 |   2.41%| unknown
  1.8s|     1 |     0 |  4196 |     - |    58M |   0 | 407 | 210 | 216 |   6 |  4 |   0 |  21 | 7.615436e+03 | 7.436044e+03 |   2.41%| unknown
  1.8s|     1 |     0 |  4208 |     - |    60M |   0 | 407 | 210 | 217 |   7 |  5 |   0 |  21 | 7.615436e+03 | 7.436044e+03 |   2.41%| unknown
  1.9s|     1 |     0 |  4258 |     - |    59M |   0 | 407 | 210 | 218 |   8 |  6 |   0 |  21 | 7.615436e+03 | 7.436044e+03 |   2.41%| unknown
  2.0s|     1 |     0 |  4278 |     - |    59M |   0 | 407 | 210 | 220 |  10 |  7 |   0 |  21 | 7.615436e+03 | 7.436044e+03 |   2.41%| unknown
  2.0s|     1 |     0 |  4305 |     - |    61M |   0 | 407 | 210 | 221 |  11 |  8 |   0 |  21 | 7.615436e+03 | 7.436044e+03 |   2.41%| unknown
  2.1s|     1 |     0 |  4345 |     - |    62M |   0 | 407 | 210 | 222 |  12 |  9 |   0 |  21 | 7.615436e+03 | 7.436044e+03 |   2.41%| unknown
  2.1s|     1 |     0 |  4390 |     - |    63M |   0 | 407 | 210 | 223 |  13 | 10 |   0 |  21 | 7.615436e+03 | 7.436044e+03 |   2.41%| unknown
  2.2s|     1 |     0 |  4400 |     - |    64M |   0 | 407 | 210 | 214 |  14 | 11 |   0 |  21 | 7.615436e+03 | 7.436044e+03 |   2.41%| unknown
  2.2s|     1 |     0 |  4420 |     - |    64M |   0 | 407 | 210 | 215 |  15 | 12 |   0 |  21 | 7.615436e+03 | 7.436044e+03 |   2.41%| unknown
 time | node  | left  |LP iter|LP it/n|mem/heur|mdpt |vars |cons |rows |cuts |sepa|confs|strbr|  dualbound   | primalbound  |  gap   | compl. 
  2.2s|     1 |     0 |  4447 |     - |    64M |   0 | 407 | 210 | 216 |  16 | 13 |   0 |  21 | 7.615436e+03 | 7.436044e+03 |   2.41%| unknown
  2.2s|     1 |     0 |  4453 |     - |    64M |   0 | 407 | 210 | 217 |  17 | 14 |   0 |  21 | 7.615436e+03 | 7.436044e+03 |   2.41%| unknown
  2.3s|     1 |     0 |  4459 |     - |    64M |   0 | 407 | 210 | 218 |  18 | 15 |   0 |  21 | 7.615436e+03 | 7.436044e+03 |   2.41%| unknown
  2.3s|     1 |     0 |  4474 |     - |    64M |   0 | 407 | 210 | 219 |  19 | 16 |   0 |  21 | 7.615436e+03 | 7.436044e+03 |   2.41%| unknown
d 3.0s|     1 |     0 |  4615 |     - |linesear|   0 | 407 | 210 | 219 |   0 | 16 |   0 |  21 | 7.615436e+03 | 7.470774e+03 |   1.94%| unknown
  3.0s|     1 |     0 |  4615 |     - |    64M |   0 | 407 | 210 | 219 |  19 | 16 |   0 |  21 | 7.615436e+03 | 7.470774e+03 |   1.94%| unknown
  3.0s|     1 |     0 |  4615 |     - |    64M |   0 | 407 | 210 | 218 |  19 | 16 |   0 |  21 | 7.615436e+03 | 7.470774e+03 |   1.94%| unknown
  3.0s|     1 |     0 |  4628 |     - |    64M |   0 | 407 | 209 | 219 |  20 | 17 |   0 |  21 | 7.615436e+03 | 7.470774e+03 |   1.94%| unknown
  3.0s|     1 |     0 |  4637 |     - |    64M |   0 | 407 | 209 | 216 |  21 | 18 |   0 |  21 | 7.615436e+03 | 7.470774e+03 |   1.94%| unknown
  3.2s|     1 |     2 |  4637 |     - |    64M |   0 | 407 | 209 | 216 |  21 | 18 |   0 |  45 | 7.614498e+03 | 7.470774e+03 |   1.92%| unknown
* 3.4s|     4 |     3 |  4786 | 103.2 |strongbr|   3 | 407 | 209 | 203 |  21 |  1 |   0 |  87 | 7.596083e+03 | 7.544683e+03 |   0.68%| unknown
* 3.4s|     4 |     3 |  4807 | 108.5 |strongbr|   3 | 407 | 212 | 203 |  21 |  3 |   3 |  90 | 7.596083e+03 | 7.548821e+03 |   0.63%| unknown
* 3.4s|     4 |     2 |  4807 | 108.5 |strongbr|   3 | 407 | 212 | 203 |  21 |  3 |   3 |  93 | 7.596083e+03 | 7.568854e+03 |   0.36%|  10.56%
* 3.4s|     5 |     1 |  4932 | 111.8 |    LP  |   3 | 407 | 213 | 203 |  21 |  2 |   4 |  96 | 7.596083e+03 | 7.577559e+03 |   0.24%|  22.60%

SCIP Status        : problem is solved [optimal solution found]
Solving Time (sec) : 3.39
Solving Nodes      : 6 (total of 7 nodes in 2 runs)
Primal Bound       : +7.57755877287512e+03 (122 solutions)
Dual Bound         : +7.57755877287512e+03
Gap                : 0.00 %
