presolving:
(round 1, fast)       0 del vars, 1 del conss, 0 add conss, 0 chg bounds, 0 chg sides, 0 chg coeffs, 0 upgd conss, 0 impls, 190 clqs
   (0.0s) running MILP presolver
   (0.0s) MILP presolver (2 rounds): 0 aggregations, 18 fixings, 0 bound changes
(round 2, medium)     18 del vars, 1 del conss, 0 add conss, 0 chg bounds, 0 chg sides, 0 chg coeffs, 0 upgd conss, 0 impls, 190 clqs
(round 3, exhaustive) 18 del vars, 2 del conss, 0 add conss, 0 chg bounds, 1 chg sides, 0 chg coeffs, 0 upgd conss, 0 impls, 190 clqs
(round 4, exhaustive) 18 del vars, 2 del conss, 0 add conss, 0 chg bounds, 1 chg sides, 0 chg coeffs, 189 upgd conss, 0 impls, 190 clqs
(round 5, medium)     54 del vars, 2 del conss, 0 add conss, 0 chg bounds, 1 chg sides, 36 chg coeffs, 189 upgd conss, 0 impls, 190 clqs
(round 6, fast)       84 del vars, 3 del conss, 0 add conss, 0 chg bounds, 1 chg sides, 36 chg coeffs, 189 upgd conss, 0 impls, 189 clqs
(round 7, exhaustive) 84 del vars, 12 del conss, 0 add conss, 0 chg bounds, 1 chg sides, 36 chg coeffs, 189 upgd conss, 0 impls, 189 clqs
(round 8, exhaustive) 85 del vars, 12 del conss, 0 add conss, 0 chg bounds, 1 chg sides, 36 chg coeffs, 189 upgd conss, 0 impls, 188 clqs
   (0.0s) probing: 51/415 (12.3%) - 0 fixings, 0 aggregations, 0 implications, 0 bound changes
   (0.0s) probing aborted: 50/50 successive totally useless probings
   (0.0s) symmetry computation started: requiring (bin +, int +, cont +), (fixed: bin -, int -, cont -)
   (0.0s) no symmetry present (symcode time: 0.00)
presolving (9 rounds: 9 fast, 7 medium, 5 exhaustive):
 85 deleted vars, 12 deleted constraints, 0 added constraints, 0 tightened bounds, 0 added holes, 1 changed sides, 36 changed coefficients
 0 implications, 188 cliques
presolved problem has 415 variables (415 bin, 0 int, 0 impl, 0 cont) and 179 constraints
    179 constraints of type <setppc>
Presolving Time: 0.01

 time | node  | left  |LP iter|LP it/n|mem/heur|mdpt |vars |cons |rows |cuts |sepa|confs|strbr|  dualbound   | primalbound  |  gap   | compl. 
  0.1s|     1 |     0 |  2138 |     - |  5307k |   0 | 415 | 179 | 179 |   0 |  0 |   0 |   0 | 7.757649e+03 |      --      |    Inf | unknown
  0.1s|     1 |     0 |  2194 |     - |    18M |   0 | 415 | 179 | 182 |   3 |  1 |   0 |   0 | 7.716867e+03 |      --      |    Inf | unknown
  0.2s|     1 |     0 |  2226 |     - |    28M |   0 | 415 | 179 | 185 |   6 |  2 |   0 |   0 | 7.691245e+03 |      --      |    Inf | unknown
  0.2s|     1 |     0 |  2282 |     - |    35M |   0 | 415 | 179 | 187 |   8 |  3 |   0 |   0 | 7.676773e+03 |      --      |    Inf | unknown
  0.3s|     1 |     0 |  2316 |     - |    42M |   0 | 415 | 179 | 188 |   9 |  4 |   0 |   0 | 7.671604e+03 |      --      |    Inf | unknown
  0.3s|     1 |     0 |  2342 |     - |    46M |   0 | 415 | 179 | 189 |  10 |  5 |   0 |   0 | 7.668997e+03 |      --      |    Inf | unknown
  0.3s|     1 |     0 |  2365 |     - |    52M |   0 | 415 | 179 | 192 |  13 |  6 |   0 |   0 | 7.666721e+03 |      --      |    Inf | unknown
  0.4s|     1 |     0 |  2409 |     - |    59M |   0 | 415 | 179 | 194 |  15 |  7 |   0 |   0 | 7.663301e+03 |      --      |    Inf | unknown
  0.4s|     1 |     0 |  2439 |     - |    62M |   0 | 415 | 179 | 195 |  16 |  8 |   0 |   0 | 7.661766e+03 |      --      |    Inf | unknown
  0.5s|     1 |     0 |  2486 |     - |    71M |   0 | 415 | 179 | 198 |  19 |  9 |   0 |   0 | 7.657395e+03 |      --      |    Inf | unknown
  0.5s|     1 |     0 |  2516 |     - |    72M |   0 | 415 | 179 | 204 |  25 | 10 |   0 |   0 | 7.653474e+03 |      --      |    Inf | unknown
  0.5s|     1 |     0 |  2558 |     - |    72M |   0 | 415 | 179 | 207 |  28 | 11 |   0 |   0 | 7.650280e+03 |      --      |    Inf | unknown
  0.5s|     1 |     0 |  2584 |     - |    72M |   0 | 415 | 179 | 208 |  29 | 12 |   0 |   0 | 7.647755e+03 |      --      |    Inf | unknown
  0.5s|     1 |     0 |  2609 |     - |    72M |   0 | 415 | 179 | 210 |  31 | 13 |   0 |   0 | 7.646947e+03 |      --      |    Inf | unknown
  0.6s|     1 |     0 |  2626 |     - |    72M |   0 | 415 | 179 | 211 |  32 | 14 |   0 |   0 | 7.646156e+03 |      --      |    Inf | unknown
 time | node  | left  |LP iter|LP it/n|mem/heur|mdpt |vars |cons |rows |cuts |sepa|confs|strbr|  dualbound   | primalbound  |  gap   | compl. 
  0.6s|     1 |     0 |  2640 |     - |    72M |   0 | 415 | 179 | 212 |  33 | 15 |   0 |   0 | 7.645854e+03 |      --      |    Inf | unknown
  0.6s|     1 |     0 |  2654 |     - |    72M |   0 | 415 | 179 | 213 |  34 | 16 |   0 |   0 | 7.645478e+03 |      --      |    Inf | unknown
  0.6s|     1 |     0 |  2701 |     - |    72M |   0 | 415 | 179 | 216 |  37 | 17 |   0 |   0 | 7.640642e+03 |      --      |    Inf | unknown
  0.6s|     1 |     0 |  2738 |     - |    72M |   0 | 415 | 179 | 218 |  39 | 18 |   0 |   0 | 7.637084e+03 |      --      |    Inf | unknown
  0.6s|     1 |     0 |  2750 |     - |    72M |   0 | 415 | 179 | 219 |  40 | 19 |   0 |   0 | 7.636580e+03 |      --      |    Inf | unknown
  0.7s|     1 |     0 |  2775 |     - |    72M |   0 | 415 | 179 | 222 |  43 | 20 |   0 |   0 | 7.634705e+03 |      --      |    Inf | unknown
  0.7s|     1 |     0 |  2783 |     - |    72M |   0 | 415 | 179 | 223 |  44 | 21 |   0 |   0 | 7.634630e+03 |      --      |    Inf | unknown
  0.7s|     1 |     0 |  2807 |     - |    72M |   0 | 415 | 179 | 227 |  48 | 22 |   0 |   0 | 7.634038e+03 |      --      |    Inf | unknown
  0.7s|     1 |     0 |  2825 |     - |    72M |   0 | 415 | 179 | 223 |  50 | 23 |   0 |   0 | 7.633586e+03 |      --      |    Inf | unknown
  0.7s|     1 |     0 |  2844 |     - |    72M |   0 | 415 | 179 | 227 |  54 | 24 |   0 |   0 | 7.633094e+03 |      --      |    Inf | unknown
  0.7s|     1 |     0 |  2869 |     - |    72M |   0 | 415 | 179 | 232 |  59 | 25 |   0 |   0 | 7.631084e+03 |      --      |    Inf | unknown
  0.7s|     1 |     0 |  2894 |     - |    72M |   0 | 415 | 179 | 241 |  68 | 26 |   0 |   0 | 7.630191e+03 |      --      |    Inf | unknown
  0.7s|     1 |     0 |  2920 |     - |    72M |   0 | 415 | 179 | 251 |  78 | 27 |   0 |   0 | 7.629550e+03 |      --      |    Inf | unknown
  0.8s|     1 |     0 |  2945 |     - |    72M |   0 | 415 | 179 | 258 |  85 | 28 |   0 |   0 | 7.629099e+03 |      --      |    Inf | unknown
  0.8s|     1 |     0 |  2977 |     - |    72M |   0 | 415 | 179 | 256 |  90 | 29 |   0 |   0 | 7.627870e+03 |      --      |    Inf | unknown
 time | node  | left  |LP iter|LP it/n|mem/heur|mdpt |vars |cons |rows |cuts |sepa|confs|strbr|  dualbound   | primalbound  |  gap   | compl. 
  0.8s|     1 |     0 |  2978 |     - |    72M |   0 | 415 | 179 | 257 |  91 | 30 |   0 |   0 | 7.627868e+03 |      --      |    Inf | unknown
  0.8s|     1 |     0 |  2994 |     - |    72M |   0 | 415 | 179 | 260 |  94 | 31 |   0 |   0 | 7.627463e+03 |      --      |    Inf | unknown
  0.8s|     1 |     0 |  3012 |     - |    72M |   0 | 415 | 179 | 264 |  98 | 32 |   0 |   0 | 7.627173e+03 |      --      |    Inf | unknown
  0.8s|     1 |     0 |  3020 |     - |    72M |   0 | 415 | 179 | 271 | 105 | 33 |   0 |   0 | 7.627044e+03 |      --      |    Inf | unknown
  0.8s|     1 |     0 |  3027 |     - |    72M |   0 | 415 | 179 | 274 | 108 | 34 |   0 |   0 | 7.627010e+03 |      --      |    Inf | unknown
  0.8s|     1 |     0 |  3029 |     - |    72M |   0 | 415 | 179 | 266 | 110 | 35 |   0 |   0 | 7.627007e+03 |      --      |    Inf | unknown
d 0.8s|     1 |     0 |  3029 |     - |linesear|   0 | 415 | 179 | 266 |   0 | 36 |   0 |   0 | 7.627007e+03 | 2.995360e+03 | 154.63%| unknown
d 1.1s|     1 |     0 |  3166 |     - |linesear|   0 | 415 | 179 | 266 |   0 | 36 |   0 |   0 | 7.627007e+03 | 3.379490e+03 | 125.69%| unknown
d 1.2s|     1 |     0 |  3261 |     - |linesear|   0 | 415 | 179 | 266 |   0 | 36 |   0 |   0 | 7.627007e+03 | 3.807656e+03 | 100.31%| unknown
d 1.4s|     1 |     0 |  3322 |     - |linesear|   0 | 415 | 179 | 266 |   0 | 36 |   0 |   0 | 7.627007e+03 | 4.283045e+03 |  78.07%| unknown
d 1.5s|     1 |     0 |  3363 |     - |linesear|   0 | 415 | 179 | 266 |   0 | 36 |   0 |   0 | 7.627007e+03 | 4.649394e+03 |  64.04%| unknown
d 1.7s|     1 |     0 |  3398 |     - |linesear|   0 | 415 | 179 | 266 |   0 | 36 |   0 |   0 | 7.627007e+03 | 5.745256e+03 |  32.75%| unknown
d 1.7s|     1 |     0 |  3410 |     - |linesear|   0 | 415 | 179 | 266 |   0 | 36 |   0 |   0 | 7.627007e+03 | 6.909754e+03 |  10.38%| unknown
  1.7s|     1 |     0 |  3410 |     - |    72M |   0 | 415 | 179 | 266 | 110 | 36 |   0 |   0 | 7.627007e+03 | 6.909754e+03 |  10.38%| unknown
  2.1s|     1 |     2 |  3410 |     - |    73M |   0 | 415 | 179 | 266 | 110 | 37 |   0 |  39 | 7.597911e+03 | 6.909754e+03 |   9.96%| unknown
 time | node  | left  |LP iter|LP it/n|mem/heur|mdpt |vars |cons |rows |cuts |sepa|confs|strbr|  dualbound   | primalbound  |  gap   | compl. 
* 2.2s|     3 |     2 |  3638 | 304.5 |strongbr|   2 | 415 | 179 | 223 | 110 |  1 |   0 |  54 | 7.597911e+03 | 7.474487e+03 |   1.65%| unknown

SCIP Status        : problem is solved [optimal solution found]
Solving Time (sec) : 2.70
Solving Nodes      : 7
Primal Bound       : +7.47448651231815e+03 (104 solutions)
Dual Bound         : +7.47448651231815e+03
Gap                : 0.00 %
