presolving:
(round 1, fast)       1 del vars, 2 del conss, 0 add conss, 0 chg bounds, 0 chg sides, 0 chg coeffs, 0 upgd conss, 0 impls, 185 clqs
   (0.0s) running MILP presolver
   (0.0s) MILP presolver (2 rounds): 0 aggregations, 25 fixings, 0 bound changes
(round 2, medium)     26 del vars, 2 del conss, 0 add conss, 0 chg bounds, 0 chg sides, 0 chg coeffs, 0 upgd conss, 0 impls, 183 clqs
(round 3, fast)       26 del vars, 4 del conss, 0 add conss, 0 chg bounds, 0 chg sides, 0 chg coeffs, 0 upgd conss, 0 impls, 183 clqs
(round 4, exhaustive) 26 del vars, 7 del conss, 0 add conss, 0 chg bounds, 3 chg sides, 0 chg coeffs, 0 upgd conss, 0 impls, 183 clqs
(round 5, exhaustive) 26 del vars, 7 del conss, 0 add conss, 0 chg bounds, 3 chg sides, 0 chg coeffs, 180 upgd conss, 0 impls, 183 clqs
(round 6, medium)     60 del vars, 7 del conss, 0 add conss, 0 chg bounds, 3 chg sides, 34 chg coeffs, 180 upgd conss, 0 impls, 183 clqs
(round 7, fast)       71 del vars, 7 del conss, 0 add conss, 0 chg bounds, 3 chg sides, 34 chg coeffs, 180 upgd conss, 0 impls, 183 clqs
(round 8, exhaustive) 71 del vars, 9 del conss, 0 add conss, 0 chg bounds, 3 chg sides, 34 chg coeffs, 180 upgd conss, 0 impls, 183 clqs
   (0.0s) probing: 51/429 (11.9%) - 0 fixings, 0 aggregations, 0 implications, 0 bound changes
   (0.0s) probing aborted: 50/50 successive totally useless probings
   (0.0s) symmetry computation started: requiring (bin +, int +, cont +), (fixed: bin -, int -, cont -)
   (0.0s) no symmetry present (symcode time: 0.00)
presolving (9 rounds: 9 fast, 6 medium, 4 exhaustive):
 71 deleted vars, 9 deleted constraints, 0 added constraints, 0 tightened bounds, 0 added holes, 3 changed sides, 34 changed coefficients
 0 implications, 183 cliques
presolved problem has 429 variables (429 bin, 0 int, 0 impl, 0 cont) and 178 constraints
    178 constraints of type <setppc>
Presolving Time: 0.01

 time | node  | left  |LP iter|LP it/n|mem/heur|mdpt |vars |cons |rows |cuts |sepa|confs|strbr|  dualbound   | primalbound  |  gap   | compl. 
  0.0s|     1 |     0 |  1439 |     - |  5456k |   0 | 429 | 178 | 178 |   0 |  0 |   0 |   0 | 7.401136e+03 |      --      |    Inf | unknown
  0.1s|     1 |     0 |  1468 |     - |    19M |   0 | 429 | 178 | 180 |   2 |  1 |   0 |   0 | 7.381643e+03 |      --      |    Inf | unknown
  0.2s|     1 |     0 |  1511 |     - |    31M |   0 | 429 | 178 | 183 |   5 |  2 |   0 |   0 | 7.363540e+03 |      --      |    Inf | unknown
  0.2s|     1 |     0 |  1580 |     - |    38M |   0 | 429 | 178 | 186 |   8 |  3 |   0 |   0 | 7.349466e+03 |      --      |    Inf | unknown
  0.2s|     1 |     0 |  1640 |     - |    40M |   0 | 429 | 178 | 189 |  11 |  4 |   0 |   0 | 7.342775e+03 |      --      |    Inf | unknown
  0.3s|     1 |     0 |  1674 |     - |    47M |   0 | 429 | 178 | 193 |  15 |  5 |   0 |   0 | 7.335443e+03 |      --      |    Inf | unknown
  0.3s|     1 |     0 |  1702 |     - |    54M |   0 | 429 | 178 | 194 |  16 |  6 |   0 |   0 | 7.332504e+03 |      --      |    Inf | unknown
  0.4s|     1 |     0 |  1764 |     - |    56M |   0 | 429 | 178 | 200 |  22 |  7 |   0 |   0 | 7.327411e+03 |      --      |    Inf | unknown
  0.4s|     1 |     0 |  1787 |     - |    65M |   0 | 429 | 178 | 202 |  24 |  8 |   0 |   0 | 7.325457e+03 |      --      |    Inf | unknown
  0.4s|     1 |     0 |  1828 |     - |    66M |   0 | 429 | 178 | 205 |  27 |  9 |   0 |   0 | 7.316986e+03 |      --      |    Inf | unknown
  0.5s|     1 |     0 |  1867 |     - |    76M |   0 | 429 | 178 | 206 |  28 | 10 |   0 |   0 | 7.313549e+03 |      --      |    Inf | unknown
  0.5s|     1 |     0 |  1899 |     - |    76M |   0 | 429 | 178 | 210 |  32 | 11 |   0 |   0 | 7.312116e+03 |      --      |    Inf | unknown
  0.5s|     1 |     0 |  1925 |     - |    76M |   0 | 429 | 178 | 212 |  34 | 12 |   0 |   0 | 7.311190e+03 |      --      |    Inf | unknown
  0.5s|     1 |     0 |  1947 |     - |    77M |   0 | 429 | 178 | 213 |  35 | 13 |   0 |   0 | 7.310759e+03 |      --      |    Inf | unknown
  0.6s|     1 |     0 |  1966 |     - |    77M |   0 | 429 | 178 | 214 |  36 | 14 |   0 |   0 | 7.310361e+03 |      --      |    Inf | unknown
 time | node  | left  |LP iter|LP it/n|mem/heur|mdpt |vars |cons |rows |cuts |sepa|confs|strbr|  dualbound   | primalbound  |  gap   | compl. 
  0.6s|     1 |     0 |  1985 |     - |    77M |   0 | 429 | 178 | 215 |  37 | 15 |   0 |   0 | 7.310006e+03 |      --      |    Inf | unknown
  0.6s|     1 |     0 |  2007 |     - |    77M |   0 | 429 | 178 | 217 |  39 | 16 |   0 |   0 | 7.308606e+03 |      --      |    Inf | unknown
  0.6s|     1 |     0 |  2021 |     - |    77M |   0 | 429 | 178 | 218 |  41 | 17 |   0 |   0 | 7.308468e+03 |      --      |    Inf | unknown
  0.6s|     1 |     0 |  2060 |     - |    77M |   0 | 429 | 178 | 221 |  44 | 18 |   0 |   0 | 7.306865e+03 |      --      |    Inf | unknown
  0.7s|     1 |     0 |  2093 |     - |    77M |   0 | 429 | 178 | 222 |  45 | 19 |   0 |   0 | 7.306286e+03 |      --      |    Inf | unknown
  0.7s|     1 |     0 |  2165 |     - |    77M |   0 | 429 | 178 | 224 |  47 | 20 |   0 |   0 | 7.303808e+03 |      --      |    Inf | unknown
  0.7s|     1 |     0 |  2213 |     - |    77M |   0 | 429 | 178 | 227 |  50 | 21 |   0 |   0 | 7.302267e+03 |      --      |    Inf | unknown
  0.7s|     1 |     0 |  2232 |     - |    77M |   0 | 429 | 178 | 230 |  53 | 22 |   0 |   0 | 7.301846e+03 |      --      |    Inf | unknown
  0.7s|     1 |     0 |  2245 |     - |    77M |   0 | 429 | 178 | 228 |  55 | 23 |   0 |   0 | 7.301581e+03 |      --      |    Inf | unknown
  0.7s|     1 |     0 |  2250 |     - |    77M |   0 | 429 | 178 | 229 |  56 | 24 |   0 |   0 | 7.301536e+03 |      --      |    Inf | unknown
  0.8s|     1 |     0 |  2279 |     - |    77M |   0 | 429 | 178 | 232 |  59 | 25 |   0 |   0 | 7.301099e+03 |      --      |    Inf | unknown
  0.8s|     1 |     0 |  2301 |     - |    77M |   0 | 429 | 178 | 237 |  64 | 26 |   0 |   0 | 7.300321e+03 |      --      |    Inf | unknown
  0.8s|     1 |     0 |  2306 |     - |    77M |   0 | 429 | 178 | 238 |  65 | 27 |   0 |   0 | 7.300290e+03 |      --      |    Inf | unknown
  0.8s|     1 |     0 |  2310 |     - |    77M |   0 | 429 | 178 | 240 |  67 | 28 |   0 |   0 | 7.300263e+03 |      --      |    Inf | unknown
d 0.8s|     1 |     0 |  2310 |     - |linesear|   0 | 429 | 178 | 240 |   0 | 29 |   0 |   0 | 7.300263e+03 | 2.663750e+03 | 174.06%| unknown
 time | node  | left  |LP iter|LP it/n|mem/heur|mdpt |vars |cons |rows |cuts |sepa|confs|strbr|  dualbound   | primalbound  |  gap   | compl. 
d 1.0s|     1 |     0 |  2366 |     - |linesear|   0 | 429 | 178 | 240 |   0 | 29 |   0 |   0 | 7.300263e+03 | 3.036806e+03 | 140.39%| unknown
d 1.1s|     1 |     0 |  2438 |     - |linesear|   0 | 429 | 178 | 240 |   0 | 29 |   0 |   0 | 7.300263e+03 | 3.478891e+03 | 109.84%| unknown
d 1.3s|     1 |     0 |  2499 |     - |linesear|   0 | 429 | 178 | 240 |   0 | 29 |   0 |   0 | 7.300263e+03 | 3.998974e+03 |  82.55%| unknown
d 1.4s|     1 |     0 |  2531 |     - |linesear|   0 | 429 | 178 | 240 |   0 | 29 |   0 |   0 | 7.300263e+03 | 5.118945e+03 |  42.61%| unknown
d 1.5s|     1 |     0 |  2551 |     - |linesear|   0 | 429 | 178 | 240 |   0 | 29 |   0 |   0 | 7.300263e+03 | 7.007024e+03 |   4.18%| unknown
  1.5s|     1 |     0 |  2551 |     - |    77M |   0 | 429 | 178 | 240 |  67 | 29 |   0 |   0 | 7.300263e+03 | 7.007024e+03 |   4.18%| unknown
  1.5s|     1 |     0 |  2551 |     - |    77M |   0 | 429 | 178 | 240 |  67 | 29 |   0 |   0 | 7.300263e+03 | 7.007024e+03 |   4.18%| unknown
  1.7s|     1 |     2 |  2551 |     - |    77M |   0 | 429 | 178 | 240 |  67 | 30 |   0 |  22 | 7.276815e+03 | 7.007024e+03 |   3.85%| unknown
(run 1, node 1) restarting after 11 global fixings of integer variables

(restart) converted 62 cuts from the global cut pool into linear constraints

presolving:
(round 1, fast)       11 del vars, 0 del conss, 0 add conss, 0 chg bounds, 0 chg sides, 0 chg coeffs, 0 upgd conss, 0 impls, 223 clqs
(round 2, exhaustive) 11 del vars, 2 del conss, 0 add conss, 0 chg bounds, 0 chg sides, 0 chg coeffs, 0 upgd conss, 0 impls, 223 clqs
(round 3, exhaustive) 11 del vars, 2 del conss, 0 add conss, 0 chg bounds, 0 chg sides, 0 chg coeffs, 50 upgd conss, 0 impls, 223 clqs
(round 4, exhaustive) 11 del vars, 4 del conss, 0 add conss, 0 chg bounds, 0 chg sides, 0 chg coeffs, 50 upgd conss, 0 impls, 223 clqs
presolving (5 rounds: 5 fast, 4 medium, 4 exhaustive):
 11 deleted vars, 4 deleted constraints, 0 added constraints, 0 tightened bounds, 0 added holes, 0 changed sides, 0 changed coefficients
 0 implications, 223 cliques
presolved problem has 418 variables (418 bin, 0 int, 0 impl, 0 cont) and 236 constraints
     10 constraints of type <knapsack>
    214 constraints of type <setppc>
     12 constraints of type <linear>
Presolving Time: 0.02
transformed 28/28 original solutions to the transformed problem space

 time | node  | left  |LP iter|LP it/n|mem/heur|mdpt |vars |cons |rows |cuts |sepa|confs|strbr|  dualbound   | primalbound  |  gap   | compl. 
  1.8s|     1 |     0 |  4220 |     - |    73M |   0 | 418 | 236 | 236 |   0 |  0 |   0 |  22 | 7.276815e+03 | 7.007024e+03 |   3.85%| unknown
  1.9s|     1 |     0 |  4257 |     - |    73M |   0 | 418 | 236 | 237 |   1 |  1 |   0 |  22 | 7.276815e+03 | 7.007024e+03 |   3.85%| unknown
  2.0s|     1 |     0 |  4313 |     - |    75M |   0 | 418 | 236 | 238 |   2 |  2 |   0 |  22 | 7.276815e+03 | 7.007024e+03 |   3.85%| unknown
  2.0s|     1 |     0 |  4348 |     - |    76M |   0 | 418 | 236 | 239 |   3 |  3 |   0 |  22 | 7.276815e+03 | 7.007024e+03 |   3.85%| unknown
  2.1s|     1 |     0 |  4409 |     - |    77M |   0 | 418 | 236 | 240 |   4 |  4 |   0 |  22 | 7.276815e+03 | 7.007024e+03 |   3.85%| unknown
  2.2s|     1 |     0 |  4432 |     - |    80M |   0 | 418 | 236 | 242 |   6 |  5 |   0 |  22 | 7.276815e+03 | 7.007024e+03 |   3.85%| unknown
  2.2s|     1 |     0 |  4488 |     - |    81M |   0 | 418 | 236 | 243 |   7 |  6 |   0 |  22 | 7.276815e+03 | 7.007024e+03 |   3.85%| unknown
  2.3s|     1 |     0 |  4546 |     - |    82M |   0 | 418 | 236 | 244 |   8 |  7 |   0 |  22 | 7.276815e+03 | 7.007024e+03 |   3.85%| unknown
  2.4s|     1 |     0 |  4606 |     - |    85M |   0 | 418 | 236 | 245 |   9 |  8 |   0 |  22 | 7.276815e+03 | 7.007024e+03 |   3.85%| unknown
  2.5s|     1 |     0 |  4634 |     - |    87M |   0 | 418 | 236 | 247 |  11 |  9 |   0 |  22 | 7.276815e+03 | 7.007024e+03 |   3.85%| unknown
  2.5s|     1 |     0 |  4671 |     - |    90M |   0 | 418 | 236 | 248 |  12 | 10 |   0 |  22 | 7.276815e+03 | 7.007024e+03 |   3.85%| unknown
  2.6s|     1 |     0 |  4692 |     - |    90M |   0 | 418 | 236 | 249 |  13 | 11 |   0 |  22 | 7.276815e+03 | 7.007024e+03 |   3.85%| unknown
  2.6s|     1 |     0 |  4727 |     - |    91M |   0 | 418 | 236 | 251 |  15 | 12 |   0 |  22 | 7.276815e+03 | 7.007024e+03 |   3.85%| unknown
  2.6s|     1 |     0 |  4750 |     - |    91M |   0 | 418 | 236 | 232 |  16 | 13 |   0 |  22 | 7.276815e+03 | 7.007024e+03 |   3.85%| unknown
  2.6s|     1 |     0 |  4757 |     - |    91M |   0 | 418 | 236 | 233 |  17 | 14 |   0 |  22 | 7.276815e+03 | 7.007024e+03 |   3.85%| unknown
 time | node  | left  |LP iter|LP it/n|mem/heur|mdpt |vars |cons |rows |cuts |sepa|confs|strbr|  dualbound   | primalbound  |  gap   | compl. 
  2.7s|     1 |     0 |  4774 |     - |    91M |   0 | 418 | 236 | 234 |  18 | 15 |   0 |  22 | 7.276815e+03 | 7.007024e+03 |   3.85%| unknown
  2.7s|     1 |     0 |  4793 |     - |    91M |   0 | 418 | 236 | 235 |  19 | 16 |   0 |  22 | 7.276815e+03 | 7.007024e+03 |   3.85%| unknown
  2.7s|     1 |     0 |  4843 |     - |    91M |   0 | 418 | 236 | 236 |  20 | 17 |   0 |  22 | 7.276815e+03 | 7.007024e+03 |   3.85%| unknown
  2.7s|     1 |     0 |  4872 |     - |    91M |   0 | 418 | 236 | 238 |  22 | 18 |   0 |  22 | 7.276815e+03 | 7.007024e+03 |   3.85%| unknown
  3.6s|     1 |     2 |  5207 |     - |    91M |   0 | 418 | 236 | 238 |  22 | 18 |   0 |  41 | 7.276815e+03 | 7.007024e+03 |   3.85%| unknown
* 3.7s|     5 |     4 |  5458 | 165.4 |strongbr|   4 | 418 | 236 | 212 |  22 |  2 |   0 | 102 | 7.276815e+03 | 7.013116e+03 |   3.76%| unknown
* 3.7s|     5 |     4 |  5458 | 165.4 |strongbr|   4 | 418 | 236 | 212 |  22 |  2 |   0 | 108 | 7.276815e+03 | 7.013416e+03 |   3.76%| unknown
* 3.8s|     6 |     3 |  5498 | 144.5 |strongbr|   4 | 418 | 238 | 212 |  22 |  3 |   2 | 153 | 7.276815e+03 | 7.121381e+03 |   2.18%|   4.58%
* 4.0s|    12 |     3 |  5732 |  91.8 |strongbr|   5 | 418 | 248 | 212 |  22 |  1 |  12 | 242 | 7.276815e+03 | 7.123195e+03 |   2.16%|  20.76%

SCIP Status        : problem is solved [optimal solution found]
Solving Time (sec) : 4.95
Solving Nodes      : 19 (total of 20 nodes in 2 runs)
Primal Bound       : +7.12319507544683e+03 (190 solutions)
Dual Bound         : +7.12319507544683e+03
Gap                : 0.00 %
