presolving:
   (0.0s) running MILP presolver
   (0.0s) MILP presolver (2 rounds): 0 aggregations, 18 fixings, 0 bound changes
(round 1, medium)     18 del vars, 0 del conss, 0 add conss, 0 chg bounds, 0 chg sides, 0 chg coeffs, 0 upgd conss, 0 impls, 195 clqs
(round 2, fast)       18 del vars, 1 del conss, 0 add conss, 0 chg bounds, 0 chg sides, 0 chg coeffs, 0 upgd conss, 0 impls, 195 clqs
(round 3, exhaustive) 18 del vars, 7 del conss, 0 add conss, 0 chg bounds, 6 chg sides, 0 chg coeffs, 0 upgd conss, 0 impls, 195 clqs
(round 4, exhaustive) 18 del vars, 7 del conss, 0 add conss, 0 chg bounds, 6 chg sides, 0 chg coeffs, 189 upgd conss, 0 impls, 195 clqs
(round 5, medium)     53 del vars, 7 del conss, 0 add conss, 0 chg bounds, 6 chg sides, 35 chg coeffs, 189 upgd conss, 0 impls, 195 clqs
(round 6, fast)       80 del vars, 8 del conss, 0 add conss, 0 chg bounds, 6 chg sides, 35 chg coeffs, 189 upgd conss, 0 impls, 193 clqs
(round 7, exhaustive) 80 del vars, 14 del conss, 0 add conss, 0 chg bounds, 6 chg sides, 35 chg coeffs, 189 upgd conss, 0 impls, 193 clqs
   (0.0s) probing: 51/420 (12.1%) - 0 fixings, 0 aggregations, 0 implications, 0 bound changes
   (0.0s) probing aborted: 50/50 successive totally useless probings
   (0.0s) symmetry computation started: requiring (bin +, int +, cont +), (fixed: bin -, int -, cont -)
   (0.0s) no symmetry present (symcode time: 0.00)
presolving (8 rounds: 8 fast, 6 medium, 4 exhaustive):
 80 deleted vars, 14 deleted constraints, 0 added constraints, 0 tightened bounds, 0 added holes, 6 changed sides, 35 changed coefficients
 0 implications, 193 cliques
presolved problem has 420 variables (420 bin, 0 int, 0 impl, 0 cont) and 182 constraints
    182 constraints of type <setppc>
Presolving Time: 0.01

 time | node  | left  |LP iter|LP it/n|mem/heur|mdpt |vars |cons |rows |cuts |sepa|confs|strbr|  dualbound   | primalbound  |  gap   | compl. 
  0.1s|     1 |     0 |  1417 |     - |  5296k |   0 | 420 | 182 | 182 |   0 |  0 |   0 |   0 | 7.698694e+03 |      --      |    Inf | unknown
  0.1s|     1 |     0 |  1525 |     - |    18M |   0 | 420 | 182 | 185 |   3 |  1 |   0 |   0 | 7.664306e+03 |      --      |    Inf | unknown
  0.1s|     1 |     0 |  1598 |     - |    25M |   0 | 420 | 182 | 190 |   8 |  2 |   0 |   0 | 7.637224e+03 |      --      |    Inf | unknown
  0.2s|     1 |     0 |  1658 |     - |    31M |   0 | 420 | 182 | 193 |  11 |  3 |   0 |   0 | 7.618856e+03 |      --      |    Inf | unknown
  0.2s|     1 |     0 |  1767 |     - |    36M |   0 | 420 | 182 | 196 |  14 |  4 |   0 |   0 | 7.608455e+03 |      --      |    Inf | unknown
  0.3s|     1 |     0 |  1801 |     - |    41M |   0 | 420 | 182 | 197 |  15 |  5 |   0 |   0 | 7.606248e+03 |      --      |    Inf | unknown
  0.3s|     1 |     0 |  1843 |     - |    46M |   0 | 420 | 182 | 199 |  17 |  6 |   0 |   0 | 7.604456e+03 |      --      |    Inf | unknown
  0.3s|     1 |     0 |  1909 |     - |    52M |   0 | 420 | 182 | 200 |  18 |  7 |   0 |   0 | 7.602800e+03 |      --      |    Inf | unknown
  0.4s|     1 |     0 |  1966 |     - |    55M |   0 | 420 | 182 | 202 |  20 |  8 |   0 |   0 | 7.601302e+03 |      --      |    Inf | unknown
  0.4s|     1 |     0 |  2010 |     - |    61M |   0 | 420 | 182 | 204 |  22 |  9 |   0 |   0 | 7.600698e+03 |      --      |    Inf | unknown
  0.5s|     1 |     0 |  2057 |     - |    64M |   0 | 420 | 182 | 208 |  26 | 10 |   0 |   0 | 7.600178e+03 |      --      |    Inf | unknown
  0.5s|     1 |     0 |  2078 |     - |    64M |   0 | 420 | 182 | 210 |  28 | 11 |   0 |   0 | 7.599753e+03 |      --      |    Inf | unknown
  0.5s|     1 |     0 |  2098 |     - |    64M |   0 | 420 | 182 | 211 |  29 | 12 |   0 |   0 | 7.599500e+03 |      --      |    Inf | unknown
  0.5s|     1 |     0 |  2116 |     - |    64M |   0 | 420 | 182 | 212 |  30 | 13 |   0 |   0 | 7.599423e+03 |      --      |    Inf | unknown
  0.5s|     1 |     0 |  2179 |     - |    65M |   0 | 420 | 182 | 215 |  33 | 14 |   0 |   0 | 7.598929e+03 |      --      |    Inf | unknown
 time | node  | left  |LP iter|LP it/n|mem/heur|mdpt |vars |cons |rows |cuts |sepa|confs|strbr|  dualbound   | primalbound  |  gap   | compl. 
  0.6s|     1 |     0 |  2205 |     - |    65M |   0 | 420 | 182 | 219 |  37 | 15 |   0 |   0 | 7.598518e+03 |      --      |    Inf | unknown
  0.6s|     1 |     0 |  2219 |     - |    65M |   0 | 420 | 182 | 220 |  38 | 16 |   0 |   0 | 7.598359e+03 |      --      |    Inf | unknown
  0.6s|     1 |     0 |  2242 |     - |    65M |   0 | 420 | 182 | 219 |  39 | 17 |   0 |   0 | 7.598140e+03 |      --      |    Inf | unknown
  0.6s|     1 |     0 |  2264 |     - |    65M |   0 | 420 | 182 | 221 |  41 | 18 |   0 |   0 | 7.597897e+03 |      --      |    Inf | unknown
  0.6s|     1 |     0 |  2300 |     - |    65M |   0 | 420 | 182 | 222 |  42 | 19 |   0 |   0 | 7.597599e+03 |      --      |    Inf | unknown
  0.7s|     1 |     0 |  2323 |     - |    66M |   0 | 420 | 182 | 223 |  43 | 20 |   0 |   0 | 7.596987e+03 |      --      |    Inf | unknown
  0.7s|     1 |     0 |  2326 |     - |    66M |   0 | 420 | 182 | 224 |  44 | 21 |   0 |   0 | 7.596966e+03 |      --      |    Inf | unknown
  0.7s|     1 |     0 |  2330 |     - |    66M |   0 | 420 | 182 | 225 |  45 | 22 |   0 |   0 | 7.596946e+03 |      --      |    Inf | unknown
  0.7s|     1 |     0 |  2336 |     - |    66M |   0 | 420 | 182 | 223 |  46 | 23 |   0 |   0 | 7.596922e+03 |      --      |    Inf | unknown
  0.7s|     1 |     0 |  2344 |     - |    66M |   0 | 420 | 182 | 224 |  47 | 24 |   0 |   0 | 7.596899e+03 |      --      |    Inf | unknown
  0.7s|     1 |     0 |  2355 |     - |    66M |   0 | 420 | 182 | 226 |  49 | 25 |   0 |   0 | 7.596853e+03 |      --      |    Inf | unknown
  0.8s|     1 |     0 |  2369 |     - |    66M |   0 | 420 | 182 | 228 |  51 | 26 |   0 |   0 | 7.596684e+03 |      --      |    Inf | unknown
  0.8s|     1 |     0 |  2374 |     - |    66M |   0 | 420 | 182 | 229 |  52 | 27 |   0 |   0 | 7.596672e+03 |      --      |    Inf | unknown
  0.8s|     1 |     0 |  2382 |     - |    66M |   0 | 420 | 182 | 230 |  53 | 28 |   0 |   0 | 7.596651e+03 |      --      |    Inf | unknown
  0.8s|     1 |     0 |  2385 |     - |    66M |   0 | 420 | 182 | 227 |  54 | 29 |   0 |   0 | 7.596645e+03 |      --      |    Inf | unknown
 time | node  | left  |LP iter|LP it/n|mem/heur|mdpt |vars |cons |rows |cuts |sepa|confs|strbr|  dualbound   | primalbound  |  gap   | compl. 
  0.9s|     1 |     0 |  2391 |     - |    66M |   0 | 420 | 182 | 228 |  55 | 30 |   0 |   0 | 7.596630e+03 |      --      |    Inf | unknown
d 0.9s|     1 |     0 |  2391 |     - |linesear|   0 | 420 | 182 | 228 |   0 | 30 |   0 |   0 | 7.596630e+03 | 2.588306e+03 | 193.50%| unknown
d 1.1s|     1 |     0 |  2568 |     - |linesear|   0 | 420 | 182 | 228 |   0 | 30 |   0 |   0 | 7.596630e+03 | 3.121565e+03 | 143.36%| unknown
d 1.3s|     1 |     0 |  2622 |     - |linesear|   0 | 420 | 182 | 228 |   0 | 30 |   0 |   0 | 7.596630e+03 | 3.686852e+03 | 106.05%| unknown
d 1.4s|     1 |     0 |  2674 |     - |linesear|   0 | 420 | 182 | 228 |   0 | 30 |   0 |   0 | 7.596630e+03 | 4.048054e+03 |  87.66%| unknown
d 1.6s|     1 |     0 |  2720 |     - |linesear|   0 | 420 | 182 | 228 |   0 | 30 |   0 |   0 | 7.596630e+03 | 4.638493e+03 |  63.77%| unknown
d 1.7s|     1 |     0 |  2731 |     - |linesear|   0 | 420 | 182 | 228 |   0 | 30 |   0 |   0 | 7.596630e+03 | 7.400768e+03 |   2.65%| unknown
  1.7s|     1 |     0 |  2731 |     - |    66M |   0 | 420 | 182 | 228 |  55 | 30 |   0 |   0 | 7.596630e+03 | 7.400768e+03 |   2.65%| unknown
  1.7s|     1 |     0 |  2731 |     - |    66M |   0 | 420 | 182 | 228 |  55 | 30 |   0 |   0 | 7.596630e+03 | 7.400768e+03 |   2.65%| unknown
  1.7s|     1 |     0 |  2739 |     - |    66M |   0 | 420 | 182 | 229 |  56 | 31 |   0 |   0 | 7.596616e+03 | 7.400768e+03 |   2.65%| unknown
  1.7s|     1 |     0 |  2741 |     - |    66M |   0 | 420 | 182 | 230 |  57 | 32 |   0 |   0 | 7.596614e+03 | 7.400768e+03 |   2.65%| unknown
  2.1s|     1 |     2 |  2741 |     - |    66M |   0 | 420 | 182 | 230 |  57 | 32 |   0 |  23 | 7.578801e+03 | 7.400768e+03 |   2.41%| unknown
(run 1, node 1) restarting after 23 global fixings of integer variables

(restart) converted 48 cuts from the global cut pool into linear constraints

presolving:
(round 1, fast)       23 del vars, 0 del conss, 0 add conss, 0 chg bounds, 0 chg sides, 0 chg coeffs, 0 upgd conss, 0 impls, 214 clqs
   (2.1s) running MILP presolver
   (2.1s) MILP presolver found nothing
(round 2, exhaustive) 23 del vars, 3 del conss, 0 add conss, 0 chg bounds, 0 chg sides, 0 chg coeffs, 0 upgd conss, 0 impls, 214 clqs
(round 3, exhaustive) 23 del vars, 3 del conss, 0 add conss, 0 chg bounds, 0 chg sides, 0 chg coeffs, 28 upgd conss, 0 impls, 214 clqs
(round 4, exhaustive) 23 del vars, 3 del conss, 0 add conss, 0 chg bounds, 0 chg sides, 1 chg coeffs, 28 upgd conss, 0 impls, 214 clqs
presolving (5 rounds: 5 fast, 4 medium, 4 exhaustive):
 23 deleted vars, 3 deleted constraints, 0 added constraints, 0 tightened bounds, 0 added holes, 0 changed sides, 1 changed coefficients
 0 implications, 214 cliques
presolved problem has 397 variables (397 bin, 0 int, 0 impl, 0 cont) and 227 constraints
      7 constraints of type <knapsack>
    200 constraints of type <setppc>
     20 constraints of type <linear>
Presolving Time: 0.02
transformed 29/29 original solutions to the transformed problem space

 time | node  | left  |LP iter|LP it/n|mem/heur|mdpt |vars |cons |rows |cuts |sepa|confs|strbr|  dualbound   | primalbound  |  gap   | compl. 
  2.2s|     1 |     0 |  5301 |     - |    63M |   0 | 397 | 227 | 227 |   0 |  0 |   0 |  23 | 7.578801e+03 | 7.400768e+03 |   2.41%| unknown
  2.3s|     1 |     0 |  5350 |     - |    63M |   0 | 397 | 227 | 228 |   1 |  1 |   0 |  23 | 7.578801e+03 | 7.400768e+03 |   2.41%| unknown
  2.3s|     1 |     0 |  5381 |     - |    63M |   0 | 397 | 227 | 230 |   3 |  2 |   0 |  23 | 7.578801e+03 | 7.400768e+03 |   2.41%| unknown
  2.4s|     1 |     0 |  5416 |     - |    66M |   0 | 397 | 227 | 231 |   4 |  3 |   0 |  23 | 7.578801e+03 | 7.400768e+03 |   2.41%| unknown
  2.5s|     1 |     0 |  5499 |     - |    67M |   0 | 397 | 227 | 234 |   7 |  4 |   0 |  23 | 7.578801e+03 | 7.400768e+03 |   2.41%| unknown
  2.5s|     1 |     0 |  5499 |     - |    67M |   0 | 397 | 227 | 234 |   7 |  4 |   0 |  23 | 7.578801e+03 | 7.400768e+03 |   2.41%| unknown
  2.5s|     1 |     0 |  5546 |     - |    68M |   0 | 397 | 227 | 235 |   8 |  5 |   0 |  23 | 7.578801e+03 | 7.400768e+03 |   2.41%| unknown
  2.6s|     1 |     0 |  5604 |     - |    68M |   0 | 397 | 227 | 237 |  10 |  6 |   0 |  23 | 7.578801e+03 | 7.400768e+03 |   2.41%| unknown
  2.7s|     1 |     0 |  5670 |     - |    71M |   0 | 397 | 227 | 238 |  11 |  7 |   0 |  23 | 7.578801e+03 | 7.400768e+03 |   2.41%| unknown
  2.7s|     1 |     0 |  5699 |     - |    72M |   0 | 397 | 227 | 239 |  12 |  8 |   0 |  23 | 7.578801e+03 | 7.400768e+03 |   2.41%| unknown
  2.8s|     1 |     0 |  5779 |     - |    82M |   0 | 397 | 227 | 240 |  13 |  9 |   0 |  23 | 7.578801e+03 | 7.400768e+03 |   2.41%| unknown
  2.9s|     1 |     0 |  5839 |     - |    83M |   0 | 397 | 227 | 244 |  17 | 10 |   0 |  23 | 7.578801e+03 | 7.400768e+03 |   2.41%| unknown
  2.9s|     1 |     0 |  5889 |     - |    83M |   0 | 397 | 227 | 248 |  21 | 11 |   0 |  23 | 7.578801e+03 | 7.400768e+03 |   2.41%| unknown
  3.0s|     1 |     0 |  5916 |     - |    83M |   0 | 397 | 227 | 249 |  22 | 12 |   0 |  23 | 7.578801e+03 | 7.400768e+03 |   2.41%| unknown
  3.0s|     1 |     0 |  5930 |     - |    83M |   0 | 397 | 227 | 250 |  23 | 13 |   0 |  23 | 7.578801e+03 | 7.400768e+03 |   2.41%| unknown
 time | node  | left  |LP iter|LP it/n|mem/heur|mdpt |vars |cons |rows |cuts |sepa|confs|strbr|  dualbound   | primalbound  |  gap   | compl. 
  3.0s|     1 |     0 |  5935 |     - |    83M |   0 | 397 | 227 | 251 |  24 | 14 |   0 |  23 | 7.578801e+03 | 7.400768e+03 |   2.41%| unknown
  3.1s|     1 |     0 |  5962 |     - |    83M |   0 | 397 | 227 | 231 |  25 | 15 |   0 |  23 | 7.578801e+03 | 7.400768e+03 |   2.41%| unknown
  3.1s|     1 |     0 |  5988 |     - |    83M |   0 | 397 | 227 | 233 |  27 | 16 |   0 |  23 | 7.578801e+03 | 7.400768e+03 |   2.41%| unknown
  3.1s|     1 |     0 |  6014 |     - |    83M |   0 | 397 | 227 | 235 |  29 | 17 |   0 |  23 | 7.578801e+03 | 7.400768e+03 |   2.41%| unknown
  3.1s|     1 |     0 |  6041 |     - |    83M |   0 | 397 | 227 | 236 |  30 | 18 |   0 |  23 | 7.578801e+03 | 7.400768e+03 |   2.41%| unknown
  3.1s|     1 |     0 |  6080 |     - |    83M |   0 | 397 | 227 | 238 |  32 | 19 |   0 |  23 | 7.578801e+03 | 7.400768e+03 |   2.41%| unknown
  3.2s|     1 |     0 |  6094 |     - |    83M |   0 | 397 | 227 | 240 |  34 | 20 |   0 |  23 | 7.578801e+03 | 7.400768e+03 |   2.41%| unknown
  3.2s|     1 |     0 |  6101 |     - |    83M |   0 | 397 | 227 | 232 |  35 | 21 |   0 |  23 | 7.578801e+03 | 7.400768e+03 |   2.41%| unknown
  4.3s|     1 |     2 |  6408 |     - |    83M |   0 | 397 | 227 | 232 |  35 | 21 |   0 |  42 | 7.575134e+03 | 7.400768e+03 |   2.36%| unknown
* 4.5s|     6 |     2 |  6710 | 158.2 |strongbr|   4 | 397 | 228 | 213 |  35 |  1 |   1 | 116 | 7.575134e+03 | 7.423976e+03 |   2.04%|  21.88%
* 4.9s|     8 |     2 |  7209 | 181.0 |strongbr|   4 | 397 | 253 | 213 |  35 | 12 |  26 | 231 | 7.561469e+03 | 7.426756e+03 |   1.81%|  37.54%
* 4.9s|     9 |     3 |  7218 | 161.9 |strongbr|   4 | 397 | 254 | 213 |  35 |  1 |  27 | 233 | 7.561469e+03 | 7.464355e+03 |   1.30%|  37.54%

SCIP Status        : problem is solved [optimal solution found]
Solving Time (sec) : 5.11
Solving Nodes      : 12 (total of 13 nodes in 2 runs)
Primal Bound       : +7.46435468929024e+03 (165 solutions)
Dual Bound         : +7.46435468929024e+03
Gap                : 0.00 %
