presolving:
   (0.0s) running MILP presolver
   (0.0s) MILP presolver (2 rounds): 0 aggregations, 29 fixings, 0 bound changes
(round 1, medium)     29 del vars, 0 del conss, 0 add conss, 0 chg bounds, 0 chg sides, 0 chg coeffs, 0 upgd conss, 0 impls, 185 clqs
(round 2, fast)       29 del vars, 1 del conss, 0 add conss, 0 chg bounds, 0 chg sides, 0 chg coeffs, 0 upgd conss, 0 impls, 185 clqs
(round 3, exhaustive) 29 del vars, 3 del conss, 0 add conss, 0 chg bounds, 2 chg sides, 0 chg coeffs, 0 upgd conss, 0 impls, 185 clqs
(round 4, exhaustive) 29 del vars, 3 del conss, 0 add conss, 0 chg bounds, 2 chg sides, 0 chg coeffs, 183 upgd conss, 0 impls, 185 clqs
(round 5, medium)     72 del vars, 3 del conss, 0 add conss, 0 chg bounds, 2 chg sides, 43 chg coeffs, 183 upgd conss, 0 impls, 185 clqs
(round 6, fast)       102 del vars, 3 del conss, 0 add conss, 0 chg bounds, 2 chg sides, 43 chg coeffs, 183 upgd conss, 0 impls, 184 clqs
   (0.0s) running MILP presolver
   (0.0s) MILP presolver (2 rounds): 0 aggregations, 3 fixings, 0 bound changes
(round 7, medium)     105 del vars, 3 del conss, 0 add conss, 0 chg bounds, 2 chg sides, 43 chg coeffs, 183 upgd conss, 0 impls, 184 clqs
(round 8, exhaustive) 105 del vars, 12 del conss, 0 add conss, 0 chg bounds, 2 chg sides, 43 chg coeffs, 183 upgd conss, 0 impls, 184 clqs
   (0.0s) probing: 51/395 (12.9%) - 0 fixings, 0 aggregations, 0 implications, 0 bound changes
   (0.0s) probing aborted: 50/50 successive totally useless probings
   (0.0s) symmetry computation started: requiring (bin +, int +, cont +), (fixed: bin -, int -, cont -)
   (0.0s) no symmetry present (symcode time: 0.00)
presolving (9 rounds: 9 fast, 7 medium, 4 exhaustive):
 105 deleted vars, 12 deleted constraints, 0 added constraints, 0 tightened bounds, 0 added holes, 2 changed sides, 43 changed coefficients
 0 implications, 184 cliques
presolved problem has 395 variables (395 bin, 0 int, 0 impl, 0 cont) and 174 constraints
    174 constraints of type <setppc>
Presolving Time: 0.02

 time | node  | left  |LP iter|LP it/n|mem/heur|mdpt |vars |cons |rows |cuts |sepa|confs|strbr|  dualbound   | primalbound  |  gap   | compl. 
  0.1s|     1 |     0 |  1975 |     - |  5319k |   0 | 395 | 174 | 174 |   0 |  0 |   0 |   0 | 7.356042e+03 |      --      |    Inf | unknown
d 0.1s|     1 |     0 |  1975 |     - |farkasdi|   0 | 395 | 174 | 174 |   0 |  1 |   0 |   0 | 7.356042e+03 | 3.096176e+03 | 137.58%| unknown
d 0.1s|     1 |     0 |  2094 |     - |farkasdi|   0 | 395 | 174 | 174 |   0 |  1 |   0 |   0 | 7.356042e+03 | 4.163324e+03 |  76.69%| unknown
d 0.1s|     1 |     0 |  2107 |     - |farkasdi|   0 | 395 | 174 | 174 |   0 |  1 |   0 |   0 | 7.356042e+03 | 4.743551e+03 |  55.07%| unknown
d 0.1s|     1 |     0 |  2118 |     - |farkasdi|   0 | 395 | 174 | 174 |   0 |  1 |   0 |   0 | 7.356042e+03 | 6.993742e+03 |   5.18%| unknown
  0.1s|     1 |     0 |  2118 |     - |  5453k |   0 | 395 | 174 | 174 |   0 |  1 |   0 |   0 | 7.356042e+03 | 6.993742e+03 |   5.18%| unknown
  0.1s|     1 |     0 |  2118 |     - |  5453k |   0 | 395 | 174 | 174 |   0 |  1 |   0 |   0 | 7.356042e+03 | 6.993742e+03 |   5.18%| unknown
  0.2s|     1 |     2 |  2118 |     - |  5606k |   0 | 395 | 174 | 174 |   0 |  2 |   0 |  38 | 7.319490e+03 | 6.993742e+03 |   4.66%| unknown

SCIP Status        : solving was interrupted [node limit reached]
Solving Time (sec) : 0.25
Solving Nodes      : 1
Primal Bound       : +6.99374236254191e+03 (42 solutions)
Dual Bound         : +7.31949006512679e+03
Gap                : 4.66 %
