presolving:
   (0.0s) running MILP presolver
   (0.0s) MILP presolver (2 rounds): 0 aggregations, 13 fixings, 0 bound changes
(round 1, medium)     13 del vars, 0 del conss, 0 add conss, 0 chg bounds, 0 chg sides, 0 chg coeffs, 0 upgd conss, 0 impls, 190 clqs
(round 2, exhaustive) 13 del vars, 4 del conss, 0 add conss, 0 chg bounds, 4 chg sides, 0 chg coeffs, 0 upgd conss, 0 impls, 190 clqs
(round 3, exhaustive) 13 del vars, 4 del conss, 0 add conss, 0 chg bounds, 4 chg sides, 0 chg coeffs, 186 upgd conss, 0 impls, 190 clqs
(round 4, medium)     48 del vars, 4 del conss, 0 add conss, 0 chg bounds, 4 chg sides, 35 chg coeffs, 186 upgd conss, 0 impls, 190 clqs
(round 5, fast)       66 del vars, 5 del conss, 0 add conss, 0 chg bounds, 4 chg sides, 35 chg coeffs, 186 upgd conss, 0 impls, 189 clqs
   (0.0s) probing: 51/434 (11.8%) - 0 fixings, 0 aggregations, 0 implications, 0 bound changes
   (0.0s) probing aborted: 50/50 successive totally useless probings
   (0.0s) symmetry computation started: requiring (bin +, int +, cont +), (fixed: bin -, int -, cont -)
   (0.0s) no symmetry present (symcode time: 0.00)
presolving (6 rounds: 6 fast, 5 medium, 3 exhaustive):
 66 deleted vars, 5 deleted constraints, 0 added constraints, 0 tightened bounds, 0 added holes, 4 changed sides, 35 changed coefficients
 0 implications, 189 cliques
presolved problem has 434 variables (434 bin, 0 int, 0 impl, 0 cont) and 185 constraints
    185 constraints of type <setppc>
Presolving Time: 0.01

 time | node  | left  |LP iter|LP it/n|mem/heur|mdpt |vars |cons |rows |cuts |sepa|confs|strbr|  dualbound   | primalbound  |  gap   | compl. 
  0.1s|     1 |     0 |  1293 |     - |  5456k |   0 | 434 | 185 | 185 |   0 |  0 |   0 |   0 | 7.107853e+03 |      --      |    Inf | unknown
d 0.1s|     1 |     0 |  1293 |     - |farkasdi|   0 | 434 | 185 | 185 |   0 |  1 |   0 |   0 | 7.107853e+03 | 2.359186e+03 | 201.28%| unknown
d 0.1s|     1 |     0 |  1484 |     - |farkasdi|   0 | 434 | 185 | 185 |   0 |  1 |   0 |   0 | 7.107853e+03 | 3.156865e+03 | 125.16%| unknown
d 0.1s|     1 |     0 |  1508 |     - |farkasdi|   0 | 434 | 185 | 185 |   0 |  1 |   0 |   0 | 7.107853e+03 | 3.614884e+03 |  96.63%| unknown
d 0.1s|     1 |     0 |  1568 |     - |farkasdi|   0 | 434 | 185 | 185 |   0 |  1 |   0 |   0 | 7.107853e+03 | 5.289904e+03 |  34.37%| unknown
d 0.1s|     1 |     0 |  1593 |     - |farkasdi|   0 | 434 | 185 | 185 |   0 |  1 |   0 |   0 | 7.107853e+03 | 5.595734e+03 |  27.02%| unknown
d 0.1s|     1 |     0 |  1595 |     - |farkasdi|   0 | 434 | 185 | 185 |   0 |  1 |   0 |   0 | 7.107853e+03 | 5.706779e+03 |  24.55%| unknown
d 0.1s|     1 |     0 |  1597 |     - |farkasdi|   0 | 434 | 185 | 185 |   0 |  1 |   0 |   0 | 7.107853e+03 | 5.916265e+03 |  20.14%| unknown
d 0.1s|     1 |     0 |  1600 |     - |farkasdi|   0 | 434 | 185 | 185 |   0 |  1 |   0 |   0 | 7.107853e+03 | 6.127145e+03 |  16.01%| unknown
  0.1s|     1 |     0 |  1600 |     - |  5629k |   0 | 434 | 185 | 185 |   0 |  1 |   0 |   0 | 7.107853e+03 | 6.127145e+03 |  16.01%| unknown
  0.2s|     1 |     2 |  1600 |     - |  5765k |   0 | 434 | 185 | 185 |   0 |  2 |   0 |  22 | 7.057484e+03 | 6.127145e+03 |  15.18%| unknown

SCIP Status        : solving was interrupted [node limit reached]
Solving Time (sec) : 0.20
Solving Nodes      : 1
Primal Bound       : +6.12714481259286e+03 (33 solutions)
Dual Bound         : +7.05748380846135e+03
Gap                : 15.18 %
