presolving:
(round 1, fast)       0 del vars, 1 del conss, 0 add conss, 0 chg bounds, 0 chg sides, 0 chg coeffs, 0 upgd conss, 0 impls, 197 clqs
(round 2, fast)       1 del vars, 1 del conss, 0 add conss, 0 chg bounds, 0 chg sides, 0 chg coeffs, 0 upgd conss, 0 impls, 197 clqs
   (0.0s) running MILP presolver
   (0.0s) MILP presolver (2 rounds): 0 aggregations, 11 fixings, 0 bound changes
(round 3, medium)     12 del vars, 1 del conss, 0 add conss, 0 chg bounds, 0 chg sides, 0 chg coeffs, 0 upgd conss, 0 impls, 197 clqs
(round 4, exhaustive) 12 del vars, 4 del conss, 0 add conss, 0 chg bounds, 3 chg sides, 0 chg coeffs, 0 upgd conss, 0 impls, 197 clqs
(round 5, exhaustive) 12 del vars, 4 del conss, 0 add conss, 0 chg bounds, 3 chg sides, 0 chg coeffs, 194 upgd conss, 0 impls, 197 clqs
(round 6, medium)     43 del vars, 4 del conss, 0 add conss, 0 chg bounds, 3 chg sides, 31 chg coeffs, 194 upgd conss, 0 impls, 197 clqs
(round 7, fast)       50 del vars, 4 del conss, 0 add conss, 0 chg bounds, 3 chg sides, 31 chg coeffs, 194 upgd conss, 0 impls, 197 clqs
(round 8, exhaustive) 50 del vars, 6 del conss, 0 add conss, 0 chg bounds, 3 chg sides, 31 chg coeffs, 194 upgd conss, 0 impls, 197 clqs
   (0.0s) probing: 51/450 (11.3%) - 0 fixings, 0 aggregations, 0 implications, 0 bound changes
   (0.0s) probing aborted: 50/50 successive totally useless probings
   (0.0s) symmetry computation started: requiring (bin +, int +, cont +), (fixed: bin -, int -, cont -)
   (0.0s) no symmetry present (symcode time: 0.00)
presolving (9 rounds: 9 fast, 6 medium, 4 exhaustive):
 50 deleted vars, 6 deleted constraints, 0 added constraints, 0 tightened bounds, 0 added holes, 3 changed sides, 31 changed coefficients
 0 implications, 197 cliques
presolved problem has 450 variables (450 bin, 0 int, 0 impl, 0 cont) and 192 constraints
    192 constraints of type <setppc>
Presolving Time: 0.01

 time | node  | left  |LP iter|LP it/n|mem/heur|mdpt |vars |cons |rows |cuts |sepa|confs|strbr|  dualbound   | primalbound  |  gap   | compl. 
  0.1s|     1 |     0 |  1972 |     - |  5365k |   0 | 450 | 192 | 192 |   0 |  0 |   0 |   0 | 7.865590e+03 |      --      |    Inf | unknown
d 0.1s|     1 |     0 |  1972 |     - |farkasdi|   0 | 450 | 192 | 192 |   0 |  1 |   0 |   0 | 7.865590e+03 | 2.493446e+03 | 215.45%| unknown
d 0.1s|     1 |     0 |  2086 |     - |farkasdi|   0 | 450 | 192 | 192 |   0 |  1 |   0 |   0 | 7.865590e+03 | 3.138107e+03 | 150.65%| unknown
d 0.1s|     1 |     0 |  2197 |     - |farkasdi|   0 | 450 | 192 | 192 |   0 |  1 |   0 |   0 | 7.865590e+03 | 4.110420e+03 |  91.36%| unknown
d 0.1s|     1 |     0 |  2255 |     - |farkasdi|   0 | 450 | 192 | 192 |   0 |  1 |   0 |   0 | 7.865590e+03 | 4.847858e+03 |  62.25%| unknown
d 0.1s|     1 |     0 |  2263 |     - |farkasdi|   0 | 450 | 192 | 192 |   0 |  1 |   0 |   0 | 7.865590e+03 | 5.815901e+03 |  35.24%| unknown
d 0.1s|     1 |     0 |  2273 |     - |farkasdi|   0 | 450 | 192 | 192 |   0 |  1 |   0 |   0 | 7.865590e+03 | 6.073860e+03 |  29.50%| unknown
d 0.1s|     1 |     0 |  2287 |     - |farkasdi|   0 | 450 | 192 | 192 |   0 |  1 |   0 |   0 | 7.865590e+03 | 6.342482e+03 |  24.01%| unknown
d 0.1s|     1 |     0 |  2291 |     - |farkasdi|   0 | 450 | 192 | 192 |   0 |  1 |   0 |   0 | 7.865590e+03 | 6.853325e+03 |  14.77%| unknown
d 0.1s|     1 |     0 |  2293 |     - |farkasdi|   0 | 450 | 192 | 192 |   0 |  1 |   0 |   0 | 7.865590e+03 | 7.039803e+03 |  11.73%| unknown
d 0.1s|     1 |     0 |  2296 |     - |farkasdi|   0 | 450 | 192 | 192 |   0 |  1 |   0 |   0 | 7.865590e+03 | 7.146776e+03 |  10.06%| unknown
  0.1s|     1 |     0 |  2296 |     - |  5501k |   0 | 450 | 192 | 192 |   0 |  1 |   0 |   0 | 7.865590e+03 | 7.146776e+03 |  10.06%| unknown
  0.2s|     1 |     2 |  2296 |     - |  5693k |   0 | 450 | 192 | 192 |   0 |  2 |   0 |  19 | 7.820093e+03 | 7.146776e+03 |   9.42%| unknown

SCIP Status        : solving was interrupted [node limit reached]
Solving Time (sec) : 0.22
Solving Nodes      : 1
Primal Bound       : +7.14677569745425e+03 (31 solutions)
Dual Bound         : +7.82009300743119e+03
Gap                : 9.42 %
