presolving:
(round 1, fast)       0 del vars, 1 del conss, 0 add conss, 0 chg bounds, 0 chg sides, 0 chg coeffs, 0 upgd conss, 0 impls, 191 clqs
   (0.0s) running MILP presolver
   (0.0s) MILP presolver (2 rounds): 0 aggregations, 18 fixings, 0 bound changes
(round 2, medium)     18 del vars, 1 del conss, 0 add conss, 0 chg bounds, 0 chg sides, 0 chg coeffs, 0 upgd conss, 0 impls, 191 clqs
(round 3, exhaustive) 18 del vars, 3 del conss, 0 add conss, 0 chg bounds, 2 chg sides, 0 chg coeffs, 0 upgd conss, 0 impls, 191 clqs
(round 4, exhaustive) 18 del vars, 3 del conss, 0 add conss, 0 chg bounds, 2 chg sides, 0 chg coeffs, 189 upgd conss, 0 impls, 191 clqs
(round 5, medium)     51 del vars, 3 del conss, 0 add conss, 0 chg bounds, 2 chg sides, 33 chg coeffs, 189 upgd conss, 0 impls, 191 clqs
(round 6, fast)       65 del vars, 3 del conss, 0 add conss, 0 chg bounds, 2 chg sides, 33 chg coeffs, 189 upgd conss, 0 impls, 190 clqs
(round 7, exhaustive) 65 del vars, 7 del conss, 0 add conss, 0 chg bounds, 2 chg sides, 33 chg coeffs, 189 upgd conss, 0 impls, 190 clqs
   (0.0s) probing: 51/435 (11.7%) - 0 fixings, 0 aggregations, 0 implications, 0 bound changes
   (0.0s) probing aborted: 50/50 successive totally useless probings
   (0.0s) symmetry computation started: requiring (bin +, int +, cont +), (fixed: bin -, int -, cont -)
   (0.0s) no symmetry present (symcode time: 0.00)
presolving (8 rounds: 8 fast, 6 medium, 4 exhaustive):
 65 deleted vars, 7 deleted constraints, 0 added constraints, 0 tightened bounds, 0 added holes, 2 changed sides, 33 changed coefficients
 0 implications, 190 cliques
presolved problem has 435 variables (435 bin, 0 int, 0 impl, 0 cont) and 185 constraints
    185 constraints of type <setppc>
Presolving Time: 0.02

 time | node  | left  |LP iter|LP it/n|mem/heur|mdpt |vars |cons |rows |cuts |sepa|confs|strbr|  dualbound   | primalbound  |  gap   | compl. 
  0.2s|     1 |     0 |  1985 |     - |  5493k |   0 | 435 | 185 | 185 |   0 |  0 |   0 |   0 | 7.612917e+03 |      --      |    Inf | unknown
d 0.2s|     1 |     0 |  1985 |     - |farkasdi|   0 | 435 | 185 | 185 |   0 |  1 |   0 |   0 | 7.612917e+03 | 2.462341e+03 | 209.17%| unknown
d 0.2s|     1 |     0 |  2095 |     - |farkasdi|   0 | 435 | 185 | 185 |   0 |  1 |   0 |   0 | 7.612917e+03 | 3.380886e+03 | 125.18%| unknown
d 0.2s|     1 |     0 |  2171 |     - |farkasdi|   0 | 435 | 185 | 185 |   0 |  1 |   0 |   0 | 7.612917e+03 | 4.236457e+03 |  79.70%| unknown
d 0.2s|     1 |     0 |  2221 |     - |farkasdi|   0 | 435 | 185 | 185 |   0 |  1 |   0 |   0 | 7.612917e+03 | 4.284791e+03 |  77.67%| unknown
d 0.2s|     1 |     0 |  2244 |     - |farkasdi|   0 | 435 | 185 | 185 |   0 |  1 |   0 |   0 | 7.612917e+03 | 5.534176e+03 |  37.56%| unknown
d 0.2s|     1 |     0 |  2249 |     - |farkasdi|   0 | 435 | 185 | 185 |   0 |  1 |   0 |   0 | 7.612917e+03 | 6.508038e+03 |  16.98%| unknown
d 0.2s|     1 |     0 |  2251 |     - |farkasdi|   0 | 435 | 185 | 185 |   0 |  1 |   0 |   0 | 7.612917e+03 | 6.787029e+03 |  12.17%| unknown
  0.2s|     1 |     0 |  2251 |     - |  5615k |   0 | 435 | 185 | 185 |   0 |  1 |   0 |   0 | 7.612917e+03 | 6.787029e+03 |  12.17%| unknown
  0.4s|     1 |     2 |  2251 |     - |  5760k |   0 | 435 | 185 | 185 |   0 |  2 |   0 |  23 | 7.574819e+03 | 6.787029e+03 |  11.61%| unknown

SCIP Status        : solving was interrupted [node limit reached]
Solving Time (sec) : 0.36
Solving Nodes      : 1
Primal Bound       : +6.78702935701385e+03 (32 solutions)
Dual Bound         : +7.57481859032639e+03
Gap                : 11.61 %
