presolving:
   (0.0s) running MILP presolver
   (0.0s) MILP presolver (2 rounds): 0 aggregations, 18 fixings, 0 bound changes
(round 1, medium)     18 del vars, 0 del conss, 0 add conss, 0 chg bounds, 0 chg sides, 0 chg coeffs, 0 upgd conss, 0 impls, 192 clqs
(round 2, fast)       18 del vars, 1 del conss, 0 add conss, 0 chg bounds, 0 chg sides, 0 chg coeffs, 0 upgd conss, 0 impls, 192 clqs
(round 3, exhaustive) 18 del vars, 6 del conss, 0 add conss, 0 chg bounds, 5 chg sides, 0 chg coeffs, 0 upgd conss, 0 impls, 192 clqs
(round 4, exhaustive) 18 del vars, 6 del conss, 0 add conss, 0 chg bounds, 5 chg sides, 0 chg coeffs, 187 upgd conss, 0 impls, 192 clqs
(round 5, medium)     48 del vars, 6 del conss, 0 add conss, 0 chg bounds, 5 chg sides, 30 chg coeffs, 187 upgd conss, 0 impls, 192 clqs
(round 6, fast)       73 del vars, 7 del conss, 0 add conss, 0 chg bounds, 5 chg sides, 30 chg coeffs, 187 upgd conss, 0 impls, 189 clqs
(round 7, exhaustive) 73 del vars, 13 del conss, 0 add conss, 0 chg bounds, 5 chg sides, 30 chg coeffs, 187 upgd conss, 0 impls, 189 clqs
(round 8, exhaustive) 74 del vars, 13 del conss, 0 add conss, 0 chg bounds, 5 chg sides, 30 chg coeffs, 187 upgd conss, 0 impls, 188 clqs
   (0.0s) probing: 51/426 (12.0%) - 0 fixings, 0 aggregations, 0 implications, 0 bound changes
   (0.0s) probing aborted: 50/50 successive totally useless probings
   (0.0s) symmetry computation started: requiring (bin +, int +, cont +), (fixed: bin -, int -, cont -)
   (0.0s) no symmetry present (symcode time: 0.00)
presolving (9 rounds: 9 fast, 7 medium, 5 exhaustive):
 74 deleted vars, 13 deleted constraints, 0 added constraints, 0 tightened bounds, 0 added holes, 5 changed sides, 30 changed coefficients
 0 implications, 188 cliques
presolved problem has 426 variables (426 bin, 0 int, 0 impl, 0 cont) and 180 constraints
    180 constraints of type <setppc>
Presolving Time: 0.03

 time | node  | left  |LP iter|LP it/n|mem/heur|mdpt |vars |cons |rows |cuts |sepa|confs|strbr|  dualbound   | primalbound  |  gap   | compl. 
  0.1s|     1 |     0 |  1522 |     - |  5331k |   0 | 426 | 180 | 180 |   0 |  0 |   0 |   0 | 7.568634e+03 |      --      |    Inf | unknown
d 0.1s|     1 |     0 |  1522 |     - |farkasdi|   0 | 426 | 180 | 180 |   0 |  1 |   0 |   0 | 7.568634e+03 | 2.928665e+03 | 158.43%| unknown
d 0.1s|     1 |     0 |  1632 |     - |farkasdi|   0 | 426 | 180 | 180 |   0 |  1 |   0 |   0 | 7.568634e+03 | 3.973142e+03 |  90.49%| unknown
d 0.1s|     1 |     0 |  1752 |     - |farkasdi|   0 | 426 | 180 | 180 |   0 |  1 |   0 |   0 | 7.568634e+03 | 5.537191e+03 |  36.69%| unknown
d 0.1s|     1 |     0 |  1754 |     - |farkasdi|   0 | 426 | 180 | 180 |   0 |  1 |   0 |   0 | 7.568634e+03 | 6.225398e+03 |  21.58%| unknown
d 0.1s|     1 |     0 |  1760 |     - |farkasdi|   0 | 426 | 180 | 180 |   0 |  1 |   0 |   0 | 7.568634e+03 | 7.132450e+03 |   6.12%| unknown
  0.1s|     1 |     0 |  1760 |     - |  5443k |   0 | 426 | 180 | 180 |   0 |  1 |   0 |   0 | 7.568634e+03 | 7.132450e+03 |   6.12%| unknown
  0.2s|     1 |     2 |  1760 |     - |  5706k |   0 | 426 | 180 | 180 |   0 |  2 |   0 |  23 | 7.542649e+03 | 7.132450e+03 |   5.75%| unknown

SCIP Status        : solving was interrupted [node limit reached]
Solving Time (sec) : 0.24
Solving Nodes      : 1
Primal Bound       : +7.13245044994496e+03 (36 solutions)
Dual Bound         : +7.54264903623777e+03
Gap                : 5.75 %
