presolving:
(round 1, fast)       0 del vars, 1 del conss, 0 add conss, 0 chg bounds, 0 chg sides, 0 chg coeffs, 0 upgd conss, 0 impls, 193 clqs
(round 2, fast)       1 del vars, 1 del conss, 0 add conss, 0 chg bounds, 0 chg sides, 0 chg coeffs, 0 upgd conss, 0 impls, 193 clqs
   (0.0s) running MILP presolver
   (0.0s) MILP presolver (2 rounds): 0 aggregations, 19 fixings, 0 bound changes
(round 3, medium)     20 del vars, 1 del conss, 0 add conss, 0 chg bounds, 0 chg sides, 0 chg coeffs, 0 upgd conss, 0 impls, 193 clqs
(round 4, exhaustive) 20 del vars, 5 del conss, 0 add conss, 0 chg bounds, 4 chg sides, 0 chg coeffs, 0 upgd conss, 0 impls, 193 clqs
(round 5, exhaustive) 20 del vars, 5 del conss, 0 add conss, 0 chg bounds, 4 chg sides, 0 chg coeffs, 189 upgd conss, 0 impls, 193 clqs
(round 6, medium)     57 del vars, 5 del conss, 0 add conss, 0 chg bounds, 4 chg sides, 37 chg coeffs, 189 upgd conss, 0 impls, 193 clqs
(round 7, fast)       84 del vars, 7 del conss, 0 add conss, 0 chg bounds, 4 chg sides, 37 chg coeffs, 189 upgd conss, 0 impls, 191 clqs
(round 8, exhaustive) 84 del vars, 12 del conss, 0 add conss, 0 chg bounds, 4 chg sides, 37 chg coeffs, 189 upgd conss, 0 impls, 191 clqs
   (0.0s) probing: 51/416 (12.3%) - 0 fixings, 0 aggregations, 0 implications, 0 bound changes
   (0.0s) probing aborted: 50/50 successive totally useless probings
   (0.0s) symmetry computation started: requiring (bin +, int +, cont +), (fixed: bin -, int -, cont -)
   (0.0s) no symmetry present (symcode time: 0.00)
presolving (9 rounds: 9 fast, 6 medium, 4 exhaustive):
 84 deleted vars, 12 deleted constraints, 0 added constraints, 0 tightened bounds, 0 added holes, 4 changed sides, 37 changed coefficients
 0 implications, 191 cliques
presolved problem has 416 variables (416 bin, 0 int, 0 impl, 0 cont) and 182 constraints
    182 constraints of type <setppc>
Presolving Time: 0.02

 time | node  | left  |LP iter|LP it/n|mem/heur|mdpt |vars |cons |rows |cuts |sepa|confs|strbr|  dualbound   | primalbound  |  gap   | compl. 
  0.1s|     1 |     0 |  1840 |     - |  5132k |   0 | 416 | 182 | 182 |   0 |  0 |   0 |   0 | 7.749223e+03 |      --      |    Inf | unknown
d 0.1s|     1 |     0 |  1840 |     - |farkasdi|   0 | 416 | 182 | 182 |   0 |  1 |   0 |   0 | 7.749223e+03 | 3.014090e+03 | 157.10%| unknown
d 0.1s|     1 |     0 |  1885 |     - |farkasdi|   0 | 416 | 182 | 182 |   0 |  1 |   0 |   0 | 7.749223e+03 | 4.303329e+03 |  80.08%| unknown
d 0.1s|     1 |     0 |  1905 |     - |farkasdi|   0 | 416 | 182 | 182 |   0 |  1 |   0 |   0 | 7.749223e+03 | 6.983122e+03 |  10.97%| unknown
d 0.1s|     1 |     0 |  1918 |     - |farkasdi|   0 | 416 | 182 | 182 |   0 |  1 |   0 |   0 | 7.749223e+03 | 7.153527e+03 |   8.33%| unknown
d 0.1s|     1 |     0 |  1920 |     - |farkasdi|   0 | 416 | 182 | 182 |   0 |  1 |   0 |   0 | 7.749223e+03 | 7.557147e+03 |   2.54%| unknown
  0.1s|     1 |     0 |  1920 |     - |  5262k |   0 | 416 | 182 | 182 |   0 |  1 |   0 |   0 | 7.749223e+03 | 7.557147e+03 |   2.54%| unknown
  0.1s|     1 |     0 |  1920 |     - |  5262k |   0 | 416 | 182 | 179 |   0 |  1 |   0 |   0 | 7.749223e+03 | 7.557147e+03 |   2.54%| unknown

SCIP Status        : solving was interrupted [node limit reached]
Solving Time (sec) : 0.09
Solving Nodes      : 1
Primal Bound       : +7.55714703587621e+03 (5 solutions)
Dual Bound         : +7.74922282234089e+03
Gap                : 2.54 %
