presolving:
(round 1, fast)       1 del vars, 3 del conss, 0 add conss, 0 chg bounds, 0 chg sides, 0 chg coeffs, 0 upgd conss, 0 impls, 191 clqs
(round 2, fast)       2 del vars, 3 del conss, 0 add conss, 0 chg bounds, 0 chg sides, 0 chg coeffs, 0 upgd conss, 0 impls, 191 clqs
   (0.0s) running MILP presolver
   (0.0s) MILP presolver (2 rounds): 0 aggregations, 19 fixings, 0 bound changes
(round 3, medium)     21 del vars, 3 del conss, 0 add conss, 0 chg bounds, 0 chg sides, 0 chg coeffs, 0 upgd conss, 0 impls, 191 clqs
(round 4, exhaustive) 21 del vars, 9 del conss, 0 add conss, 0 chg bounds, 6 chg sides, 0 chg coeffs, 0 upgd conss, 0 impls, 191 clqs
(round 5, exhaustive) 21 del vars, 9 del conss, 0 add conss, 0 chg bounds, 6 chg sides, 0 chg coeffs, 185 upgd conss, 0 impls, 191 clqs
(round 6, medium)     58 del vars, 9 del conss, 0 add conss, 0 chg bounds, 6 chg sides, 37 chg coeffs, 185 upgd conss, 0 impls, 191 clqs
(round 7, fast)       82 del vars, 12 del conss, 0 add conss, 0 chg bounds, 6 chg sides, 37 chg coeffs, 185 upgd conss, 0 impls, 188 clqs
(round 8, exhaustive) 82 del vars, 15 del conss, 0 add conss, 0 chg bounds, 6 chg sides, 37 chg coeffs, 185 upgd conss, 0 impls, 188 clqs
   (0.0s) probing: 51/418 (12.2%) - 0 fixings, 0 aggregations, 0 implications, 0 bound changes
   (0.0s) probing aborted: 50/50 successive totally useless probings
   (0.0s) symmetry computation started: requiring (bin +, int +, cont +), (fixed: bin -, int -, cont -)
   (0.0s) no symmetry present (symcode time: 0.00)
presolving (9 rounds: 9 fast, 6 medium, 4 exhaustive):
 82 deleted vars, 15 deleted constraints, 0 added constraints, 0 tightened bounds, 0 added holes, 6 changed sides, 37 changed coefficients
 0 implications, 188 cliques
presolved problem has 418 variables (418 bin, 0 int, 0 impl, 0 cont) and 179 constraints
    179 constraints of type <setppc>
Presolving Time: 0.02

 time | node  | left  |LP iter|LP it/n|mem/heur|mdpt |vars |cons |rows |cuts |sepa|confs|strbr|  dualbound   | primalbound  |  gap   | compl. 
  0.2s|     1 |     0 |  2032 |     - |  5175k |   0 | 418 | 179 | 179 |   0 |  0 |   0 |   0 | 7.753347e+03 |      --      |    Inf | unknown
d 0.2s|     1 |     0 |  2032 |     - |farkasdi|   0 | 418 | 179 | 179 |   0 |  1 |   0 |   0 | 7.753347e+03 | 3.802000e+03 | 103.93%| unknown
d 0.2s|     1 |     0 |  2139 |     - |farkasdi|   0 | 418 | 179 | 179 |   0 |  1 |   0 |   0 | 7.753347e+03 | 4.597054e+03 |  68.66%| unknown
d 0.2s|     1 |     0 |  2200 |     - |farkasdi|   0 | 418 | 179 | 179 |   0 |  1 |   0 |   0 | 7.753347e+03 | 4.996506e+03 |  55.18%| unknown
d 0.2s|     1 |     0 |  2236 |     - |farkasdi|   0 | 418 | 179 | 179 |   0 |  1 |   0 |   0 | 7.753347e+03 | 5.585362e+03 |  38.82%| unknown
d 0.2s|     1 |     0 |  2246 |     - |farkasdi|   0 | 418 | 179 | 179 |   0 |  1 |   0 |   0 | 7.753347e+03 | 6.472556e+03 |  19.79%| unknown
d 0.2s|     1 |     0 |  2254 |     - |farkasdi|   0 | 418 | 179 | 179 |   0 |  1 |   0 |   0 | 7.753347e+03 | 7.250063e+03 |   6.94%| unknown
  0.2s|     1 |     0 |  2254 |     - |  5313k |   0 | 418 | 179 | 179 |   0 |  1 |   0 |   0 | 7.753347e+03 | 7.250063e+03 |   6.94%| unknown
  0.4s|     1 |     2 |  2254 |     - |  5833k |   0 | 418 | 179 | 179 |   0 |  2 |   0 |  45 | 7.735641e+03 | 7.250063e+03 |   6.70%| unknown

SCIP Status        : solving was interrupted [node limit reached]
Solving Time (sec) : 0.40
Solving Nodes      : 1
Primal Bound       : +7.25006322371967e+03 (67 solutions)
Dual Bound         : +7.73564117199586e+03
Gap                : 6.70 %
