presolving:
   (0.0s) running MILP presolver
   (0.0s) MILP presolver (2 rounds): 0 aggregations, 23 fixings, 0 bound changes
(round 1, medium)     23 del vars, 0 del conss, 0 add conss, 0 chg bounds, 0 chg sides, 0 chg coeffs, 0 upgd conss, 0 impls, 186 clqs
(round 2, fast)       23 del vars, 1 del conss, 0 add conss, 0 chg bounds, 0 chg sides, 0 chg coeffs, 0 upgd conss, 0 impls, 186 clqs
(round 3, exhaustive) 23 del vars, 2 del conss, 0 add conss, 0 chg bounds, 1 chg sides, 0 chg coeffs, 0 upgd conss, 0 impls, 186 clqs
(round 4, exhaustive) 23 del vars, 2 del conss, 0 add conss, 0 chg bounds, 1 chg sides, 0 chg coeffs, 185 upgd conss, 0 impls, 186 clqs
(round 5, medium)     58 del vars, 2 del conss, 0 add conss, 0 chg bounds, 1 chg sides, 35 chg coeffs, 185 upgd conss, 0 impls, 186 clqs
(round 6, fast)       80 del vars, 2 del conss, 0 add conss, 0 chg bounds, 1 chg sides, 35 chg coeffs, 185 upgd conss, 0 impls, 186 clqs
(round 7, exhaustive) 80 del vars, 4 del conss, 0 add conss, 0 chg bounds, 1 chg sides, 35 chg coeffs, 185 upgd conss, 0 impls, 186 clqs
   (0.0s) probing: 51/420 (12.1%) - 0 fixings, 0 aggregations, 0 implications, 0 bound changes
   (0.0s) probing aborted: 50/50 successive totally useless probings
   (0.0s) symmetry computation started: requiring (bin +, int +, cont +), (fixed: bin -, int -, cont -)
   (0.0s) no symmetry present (symcode time: 0.00)
presolving (8 rounds: 8 fast, 6 medium, 4 exhaustive):
 80 deleted vars, 4 deleted constraints, 0 added constraints, 0 tightened bounds, 0 added holes, 1 changed sides, 35 changed coefficients
 0 implications, 186 cliques
presolved problem has 420 variables (420 bin, 0 int, 0 impl, 0 cont) and 183 constraints
    183 constraints of type <setppc>
Presolving Time: 0.02

 time | node  | left  |LP iter|LP it/n|mem/heur|mdpt |vars |cons |rows |cuts |sepa|confs|strbr|  dualbound   | primalbound  |  gap   | compl. 
  0.1s|     1 |     0 |  1321 |     - |  5348k |   0 | 420 | 183 | 183 |   0 |  0 |   0 |   0 | 7.166419e+03 |      --      |    Inf | unknown
d 0.1s|     1 |     0 |  1321 |     - |farkasdi|   0 | 420 | 183 | 183 |   0 |  1 |   0 |   0 | 7.166419e+03 | 2.767554e+03 | 158.94%| unknown
d 0.1s|     1 |     0 |  1446 |     - |farkasdi|   0 | 420 | 183 | 183 |   0 |  1 |   0 |   0 | 7.166419e+03 | 3.688189e+03 |  94.31%| unknown
d 0.1s|     1 |     0 |  1546 |     - |farkasdi|   0 | 420 | 183 | 183 |   0 |  1 |   0 |   0 | 7.166419e+03 | 4.051702e+03 |  76.87%| unknown
d 0.1s|     1 |     0 |  1550 |     - |farkasdi|   0 | 420 | 183 | 183 |   0 |  1 |   0 |   0 | 7.166419e+03 | 6.476631e+03 |  10.65%| unknown
  0.1s|     1 |     0 |  1550 |     - |  5466k |   0 | 420 | 183 | 183 |   0 |  1 |   0 |   0 | 7.166419e+03 | 6.476631e+03 |  10.65%| unknown
  0.2s|     1 |     2 |  1550 |     - |  5635k |   0 | 420 | 183 | 183 |   0 |  2 |   0 |  25 | 7.117178e+03 | 6.476631e+03 |   9.89%| unknown

SCIP Status        : solving was interrupted [node limit reached]
Solving Time (sec) : 0.18
Solving Nodes      : 1
Primal Bound       : +6.47663087232444e+03 (30 solutions)
Dual Bound         : +7.11717812572227e+03
Gap                : 9.89 %
