presolving:
   (0.0s) running MILP presolver
   (0.0s) MILP presolver (2 rounds): 0 aggregations, 11 fixings, 0 bound changes
(round 1, medium)     11 del vars, 0 del conss, 0 add conss, 0 chg bounds, 0 chg sides, 0 chg coeffs, 0 upgd conss, 0 impls, 194 clqs
(round 2, exhaustive) 11 del vars, 3 del conss, 0 add conss, 0 chg bounds, 3 chg sides, 0 chg coeffs, 0 upgd conss, 0 impls, 194 clqs
(round 3, exhaustive) 11 del vars, 3 del conss, 0 add conss, 0 chg bounds, 3 chg sides, 0 chg coeffs, 191 upgd conss, 0 impls, 194 clqs
(round 4, medium)     41 del vars, 3 del conss, 0 add conss, 0 chg bounds, 3 chg sides, 30 chg coeffs, 191 upgd conss, 0 impls, 194 clqs
(round 5, fast)       43 del vars, 3 del conss, 0 add conss, 0 chg bounds, 3 chg sides, 30 chg coeffs, 191 upgd conss, 0 impls, 194 clqs
(round 6, exhaustive) 43 del vars, 4 del conss, 0 add conss, 0 chg bounds, 3 chg sides, 30 chg coeffs, 191 upgd conss, 0 impls, 194 clqs
(round 7, exhaustive) 44 del vars, 4 del conss, 0 add conss, 0 chg bounds, 3 chg sides, 30 chg coeffs, 191 upgd conss, 0 impls, 194 clqs
   (0.0s) probing: 51/456 (11.2%) - 0 fixings, 0 aggregations, 0 implications, 0 bound changes
   (0.0s) probing aborted: 50/50 successive totally useless probings
   (0.0s) symmetry computation started: requiring (bin +, int +, cont +), (fixed: bin -, int -, cont -)
   (0.0s) no symmetry present (symcode time: 0.00)
presolving (8 rounds: 8 fast, 7 medium, 5 exhaustive):
 44 deleted vars, 4 deleted constraints, 0 added constraints, 0 tightened bounds, 0 added holes, 3 changed sides, 30 changed coefficients
 0 implications, 194 cliques
presolved problem has 456 variables (456 bin, 0 int, 0 impl, 0 cont) and 190 constraints
    190 constraints of type <setppc>
Presolving Time: 0.02

 time | node  | left  |LP iter|LP it/n|mem/heur|mdpt |vars |cons |rows |cuts |sepa|confs|strbr|  dualbound   | primalbound  |  gap   | compl. 
  0.1s|     1 |     0 |  1576 |     - |  5440k |   0 | 456 | 190 | 190 |   0 |  0 |   0 |   0 | 7.940994e+03 |      --      |    Inf | unknown
d 0.1s|     1 |     0 |  1576 |     - |farkasdi|   0 | 456 | 190 | 190 |   0 |  1 |   0 |   0 | 7.940994e+03 | 2.161225e+03 | 267.43%| unknown
d 0.1s|     1 |     0 |  1680 |     - |farkasdi|   0 | 456 | 190 | 190 |   0 |  1 |   0 |   0 | 7.940994e+03 | 2.847439e+03 | 178.88%| unknown
d 0.1s|     1 |     0 |  1742 |     - |farkasdi|   0 | 456 | 190 | 190 |   0 |  1 |   0 |   0 | 7.940994e+03 | 3.540419e+03 | 124.30%| unknown
d 0.1s|     1 |     0 |  1784 |     - |farkasdi|   0 | 456 | 190 | 190 |   0 |  1 |   0 |   0 | 7.940994e+03 | 4.438143e+03 |  78.93%| unknown
d 0.1s|     1 |     0 |  1801 |     - |farkasdi|   0 | 456 | 190 | 190 |   0 |  1 |   0 |   0 | 7.940994e+03 | 5.168488e+03 |  53.64%| unknown
d 0.1s|     1 |     0 |  1809 |     - |farkasdi|   0 | 456 | 190 | 190 |   0 |  1 |   0 |   0 | 7.940994e+03 | 6.460491e+03 |  22.92%| unknown
d 0.1s|     1 |     0 |  1812 |     - |farkasdi|   0 | 456 | 190 | 190 |   0 |  1 |   0 |   0 | 7.940994e+03 | 6.836207e+03 |  16.16%| unknown
d 0.1s|     1 |     0 |  1821 |     - |farkasdi|   0 | 456 | 190 | 190 |   0 |  1 |   0 |   0 | 7.940994e+03 | 7.227141e+03 |   9.88%| unknown
  0.1s|     1 |     0 |  1821 |     - |  5591k |   0 | 456 | 190 | 190 |   0 |  1 |   0 |   0 | 7.940994e+03 | 7.227141e+03 |   9.88%| unknown
  0.3s|     1 |     2 |  1821 |     - |  5786k |   0 | 456 | 190 | 190 |   0 |  2 |   0 |  31 | 7.866571e+03 | 7.227141e+03 |   8.85%| unknown

SCIP Status        : solving was interrupted [node limit reached]
Solving Time (sec) : 0.27
Solving Nodes      : 1
Primal Bound       : +7.22714093385045e+03 (43 solutions)
Dual Bound         : +7.86657142501918e+03
Gap                : 8.85 %
