presolving:
   (0.0s) running MILP presolver
   (0.0s) MILP presolver (2 rounds): 0 aggregations, 19 fixings, 0 bound changes
(round 1, medium)     19 del vars, 0 del conss, 0 add conss, 0 chg bounds, 0 chg sides, 0 chg coeffs, 0 upgd conss, 0 impls, 190 clqs
(round 2, fast)       19 del vars, 1 del conss, 0 add conss, 0 chg bounds, 0 chg sides, 0 chg coeffs, 0 upgd conss, 0 impls, 190 clqs
(round 3, exhaustive) 19 del vars, 4 del conss, 0 add conss, 0 chg bounds, 3 chg sides, 0 chg coeffs, 0 upgd conss, 0 impls, 190 clqs
(round 4, exhaustive) 19 del vars, 4 del conss, 0 add conss, 0 chg bounds, 3 chg sides, 0 chg coeffs, 187 upgd conss, 0 impls, 190 clqs
(round 5, medium)     52 del vars, 4 del conss, 0 add conss, 0 chg bounds, 3 chg sides, 33 chg coeffs, 187 upgd conss, 0 impls, 190 clqs
(round 6, fast)       70 del vars, 6 del conss, 0 add conss, 0 chg bounds, 3 chg sides, 33 chg coeffs, 187 upgd conss, 0 impls, 188 clqs
(round 7, exhaustive) 70 del vars, 12 del conss, 0 add conss, 0 chg bounds, 3 chg sides, 33 chg coeffs, 187 upgd conss, 0 impls, 188 clqs
   (0.0s) probing: 51/430 (11.9%) - 0 fixings, 0 aggregations, 0 implications, 0 bound changes
   (0.0s) probing aborted: 50/50 successive totally useless probings
   (0.0s) symmetry computation started: requiring (bin +, int +, cont +), (fixed: bin -, int -, cont -)
   (0.0s) no symmetry present (symcode time: 0.00)
presolving (8 rounds: 8 fast, 6 medium, 4 exhaustive):
 70 deleted vars, 12 deleted constraints, 0 added constraints, 0 tightened bounds, 0 added holes, 3 changed sides, 33 changed coefficients
 0 implications, 188 cliques
presolved problem has 430 variables (430 bin, 0 int, 0 impl, 0 cont) and 179 constraints
    179 constraints of type <setppc>
Presolving Time: 0.02

 time | node  | left  |LP iter|LP it/n|mem/heur|mdpt |vars |cons |rows |cuts |sepa|confs|strbr|  dualbound   | primalbound  |  gap   | compl. 
  0.1s|     1 |     0 |  1898 |     - |  5480k |   0 | 430 | 179 | 179 |   0 |  0 |   0 |   0 | 7.117826e+03 |      --      |    Inf | unknown
d 0.1s|     1 |     0 |  1898 |     - |farkasdi|   0 | 430 | 179 | 179 |   0 |  1 |   0 |   0 | 7.117826e+03 | 2.499840e+03 | 184.73%| unknown
d 0.1s|     1 |     0 |  2018 |     - |farkasdi|   0 | 430 | 179 | 179 |   0 |  1 |   0 |   0 | 7.117826e+03 | 3.235850e+03 | 119.97%| unknown
d 0.1s|     1 |     0 |  2090 |     - |farkasdi|   0 | 430 | 179 | 179 |   0 |  1 |   0 |   0 | 7.117826e+03 | 3.810070e+03 |  86.82%| unknown
d 0.1s|     1 |     0 |  2154 |     - |farkasdi|   0 | 430 | 179 | 179 |   0 |  1 |   0 |   0 | 7.117826e+03 | 6.650282e+03 |   7.03%| unknown
  0.1s|     1 |     0 |  2154 |     - |  5573k |   0 | 430 | 179 | 179 |   0 |  1 |   0 |   0 | 7.117826e+03 | 6.650282e+03 |   7.03%| unknown
  0.2s|     1 |     2 |  2154 |     - |  5786k |   0 | 430 | 179 | 179 |   0 |  2 |   0 |  25 | 7.084525e+03 | 6.650282e+03 |   6.53%| unknown

SCIP Status        : solving was interrupted [node limit reached]
Solving Time (sec) : 0.21
Solving Nodes      : 1
Primal Bound       : +6.65028214119843e+03 (30 solutions)
Dual Bound         : +7.08452478228106e+03
Gap                : 6.53 %
