presolving:
(round 1, fast)       0 del vars, 1 del conss, 0 add conss, 0 chg bounds, 0 chg sides, 0 chg coeffs, 0 upgd conss, 0 impls, 192 clqs
(round 2, fast)       1 del vars, 1 del conss, 0 add conss, 0 chg bounds, 0 chg sides, 0 chg coeffs, 0 upgd conss, 0 impls, 192 clqs
   (0.0s) running MILP presolver
   (0.0s) MILP presolver (2 rounds): 0 aggregations, 21 fixings, 0 bound changes
(round 3, medium)     22 del vars, 1 del conss, 0 add conss, 0 chg bounds, 0 chg sides, 0 chg coeffs, 0 upgd conss, 0 impls, 192 clqs
(round 4, exhaustive) 22 del vars, 9 del conss, 0 add conss, 0 chg bounds, 8 chg sides, 0 chg coeffs, 0 upgd conss, 0 impls, 192 clqs
(round 5, exhaustive) 22 del vars, 9 del conss, 0 add conss, 0 chg bounds, 8 chg sides, 0 chg coeffs, 184 upgd conss, 0 impls, 192 clqs
(round 6, medium)     55 del vars, 9 del conss, 0 add conss, 0 chg bounds, 8 chg sides, 33 chg coeffs, 184 upgd conss, 0 impls, 192 clqs
(round 7, fast)       75 del vars, 10 del conss, 0 add conss, 0 chg bounds, 8 chg sides, 33 chg coeffs, 184 upgd conss, 0 impls, 190 clqs
(round 8, exhaustive) 75 del vars, 11 del conss, 0 add conss, 0 chg bounds, 8 chg sides, 33 chg coeffs, 184 upgd conss, 0 impls, 190 clqs
   (0.0s) probing: 51/425 (12.0%) - 0 fixings, 0 aggregations, 0 implications, 0 bound changes
   (0.0s) probing aborted: 50/50 successive totally useless probings
   (0.0s) symmetry computation started: requiring (bin +, int +, cont +), (fixed: bin -, int -, cont -)
   (0.0s) no symmetry present (symcode time: 0.00)
presolving (9 rounds: 9 fast, 6 medium, 4 exhaustive):
 75 deleted vars, 11 deleted constraints, 0 added constraints, 0 tightened bounds, 0 added holes, 8 changed sides, 33 changed coefficients
 0 implications, 190 cliques
presolved problem has 425 variables (425 bin, 0 int, 0 impl, 0 cont) and 182 constraints
    182 constraints of type <setppc>
Presolving Time: 0.01

 time | node  | left  |LP iter|LP it/n|mem/heur|mdpt |vars |cons |rows |cuts |sepa|confs|strbr|  dualbound   | primalbound  |  gap   | compl. 
  0.1s|     1 |     0 |  1350 |     - |  5414k |   0 | 425 | 182 | 182 |   0 |  0 |   0 |   0 | 7.623462e+03 |      --      |    Inf | unknown
d 0.1s|     1 |     0 |  1350 |     - |farkasdi|   0 | 425 | 182 | 182 |   0 |  1 |   0 |   0 | 7.623462e+03 | 2.704500e+03 | 181.88%| unknown
d 0.1s|     1 |     0 |  1468 |     - |farkasdi|   0 | 425 | 182 | 182 |   0 |  1 |   0 |   0 | 7.623462e+03 | 4.368944e+03 |  74.49%| unknown
d 0.1s|     1 |     0 |  1550 |     - |farkasdi|   0 | 425 | 182 | 182 |   0 |  1 |   0 |   0 | 7.623462e+03 | 4.873809e+03 |  56.42%| unknown
d 0.1s|     1 |     0 |  1577 |     - |farkasdi|   0 | 425 | 182 | 182 |   0 |  1 |   0 |   0 | 7.623462e+03 | 6.654499e+03 |  14.56%| unknown
  0.1s|     1 |     0 |  1577 |     - |  5522k |   0 | 425 | 182 | 182 |   0 |  1 |   0 |   0 | 7.623462e+03 | 6.654499e+03 |  14.56%| unknown
  0.3s|     1 |     2 |  1577 |     - |  5677k |   0 | 425 | 182 | 182 |   0 |  2 |   0 |  42 | 7.574174e+03 | 6.654499e+03 |  13.82%| unknown

SCIP Status        : solving was interrupted [node limit reached]
Solving Time (sec) : 0.32
Solving Nodes      : 1
Primal Bound       : +6.65449875048149e+03 (46 solutions)
Dual Bound         : +7.57417362911094e+03
Gap                : 13.82 %
