presolving:
(round 1, fast)       2 del vars, 2 del conss, 0 add conss, 0 chg bounds, 0 chg sides, 0 chg coeffs, 0 upgd conss, 0 impls, 192 clqs
(round 2, fast)       3 del vars, 2 del conss, 0 add conss, 0 chg bounds, 0 chg sides, 0 chg coeffs, 0 upgd conss, 0 impls, 192 clqs
   (0.0s) running MILP presolver
   (0.0s) MILP presolver (2 rounds): 0 aggregations, 21 fixings, 0 bound changes
(round 3, medium)     24 del vars, 2 del conss, 0 add conss, 0 chg bounds, 0 chg sides, 0 chg coeffs, 0 upgd conss, 0 impls, 192 clqs
(round 4, fast)       25 del vars, 3 del conss, 0 add conss, 0 chg bounds, 0 chg sides, 0 chg coeffs, 0 upgd conss, 0 impls, 191 clqs
(round 5, exhaustive) 25 del vars, 6 del conss, 0 add conss, 0 chg bounds, 3 chg sides, 0 chg coeffs, 0 upgd conss, 0 impls, 191 clqs
(round 6, exhaustive) 25 del vars, 6 del conss, 0 add conss, 0 chg bounds, 3 chg sides, 0 chg coeffs, 188 upgd conss, 0 impls, 191 clqs
(round 7, medium)     59 del vars, 6 del conss, 0 add conss, 0 chg bounds, 3 chg sides, 34 chg coeffs, 188 upgd conss, 0 impls, 191 clqs
(round 8, fast)       85 del vars, 7 del conss, 0 add conss, 0 chg bounds, 3 chg sides, 34 chg coeffs, 188 upgd conss, 0 impls, 190 clqs
(round 9, exhaustive) 85 del vars, 11 del conss, 0 add conss, 0 chg bounds, 3 chg sides, 34 chg coeffs, 188 upgd conss, 0 impls, 190 clqs
   (0.0s) probing: 51/415 (12.3%) - 0 fixings, 0 aggregations, 0 implications, 0 bound changes
   (0.0s) probing aborted: 50/50 successive totally useless probings
   (0.0s) symmetry computation started: requiring (bin +, int +, cont +), (fixed: bin -, int -, cont -)
   (0.0s) no symmetry present (symcode time: 0.00)
presolving (10 rounds: 10 fast, 6 medium, 4 exhaustive):
 85 deleted vars, 11 deleted constraints, 0 added constraints, 0 tightened bounds, 0 added holes, 3 changed sides, 34 changed coefficients
 0 implications, 190 cliques
presolved problem has 415 variables (415 bin, 0 int, 0 impl, 0 cont) and 183 constraints
    183 constraints of type <setppc>
Presolving Time: 0.02

 time | node  | left  |LP iter|LP it/n|mem/heur|mdpt |vars |cons |rows |cuts |sepa|confs|strbr|  dualbound   | primalbound  |  gap   | compl. 
  0.1s|     1 |     0 |  1158 |     - |  5113k |   0 | 415 | 183 | 183 |   0 |  0 |   0 |   0 | 7.670373e+03 |      --      |    Inf | unknown
d 0.1s|     1 |     0 |  1158 |     - |farkasdi|   0 | 415 | 183 | 183 |   0 |  1 |   0 |   0 | 7.670373e+03 | 3.146256e+03 | 143.79%| unknown
d 0.1s|     1 |     0 |  1258 |     - |farkasdi|   0 | 415 | 183 | 183 |   0 |  1 |   0 |   0 | 7.670373e+03 | 3.486057e+03 | 120.03%| unknown
d 0.1s|     1 |     0 |  1300 |     - |farkasdi|   0 | 415 | 183 | 183 |   0 |  1 |   0 |   0 | 7.670373e+03 | 4.182041e+03 |  83.41%| unknown
d 0.1s|     1 |     0 |  1313 |     - |farkasdi|   0 | 415 | 183 | 183 |   0 |  1 |   0 |   0 | 7.670373e+03 | 7.137306e+03 |   7.47%| unknown
d 0.1s|     1 |     0 |  1317 |     - |farkasdi|   0 | 415 | 183 | 183 |   0 |  1 |   0 |   0 | 7.670373e+03 | 7.329209e+03 |   4.65%| unknown
  0.1s|     1 |     0 |  1317 |     - |  5205k |   0 | 415 | 183 | 183 |   0 |  1 |   0 |   0 | 7.670373e+03 | 7.329209e+03 |   4.65%| unknown
  0.1s|     1 |     0 |  1317 |     - |  5205k |   0 | 415 | 183 | 183 |   0 |  1 |   0 |   0 | 7.670373e+03 | 7.329209e+03 |   4.65%| unknown
  0.2s|     1 |     2 |  1317 |     - |  5464k |   0 | 415 | 183 | 183 |   0 |  2 |   0 |  35 | 7.646280e+03 | 7.329209e+03 |   4.33%| unknown

SCIP Status        : solving was interrupted [node limit reached]
Solving Time (sec) : 0.18
Solving Nodes      : 1
Primal Bound       : +7.32920904076213e+03 (44 solutions)
Dual Bound         : +7.64627988008403e+03
Gap                : 4.33 %
