presolving:
(round 1, fast)       0 del vars, 1 del conss, 0 add conss, 0 chg bounds, 0 chg sides, 0 chg coeffs, 0 upgd conss, 0 impls, 198 clqs
   (0.0s) running MILP presolver
   (0.0s) MILP presolver (2 rounds): 0 aggregations, 11 fixings, 0 bound changes
(round 2, medium)     11 del vars, 1 del conss, 0 add conss, 0 chg bounds, 0 chg sides, 0 chg coeffs, 0 upgd conss, 0 impls, 198 clqs
(round 3, exhaustive) 11 del vars, 6 del conss, 0 add conss, 0 chg bounds, 5 chg sides, 0 chg coeffs, 0 upgd conss, 0 impls, 198 clqs
(round 4, exhaustive) 11 del vars, 6 del conss, 0 add conss, 0 chg bounds, 5 chg sides, 0 chg coeffs, 193 upgd conss, 0 impls, 198 clqs
(round 5, medium)     45 del vars, 6 del conss, 0 add conss, 0 chg bounds, 5 chg sides, 34 chg coeffs, 193 upgd conss, 0 impls, 198 clqs
(round 6, fast)       54 del vars, 7 del conss, 0 add conss, 0 chg bounds, 5 chg sides, 34 chg coeffs, 193 upgd conss, 0 impls, 197 clqs
(round 7, exhaustive) 54 del vars, 8 del conss, 0 add conss, 0 chg bounds, 5 chg sides, 34 chg coeffs, 193 upgd conss, 0 impls, 197 clqs
   (0.0s) probing: 51/446 (11.4%) - 0 fixings, 0 aggregations, 0 implications, 0 bound changes
   (0.0s) probing aborted: 50/50 successive totally useless probings
   (0.0s) symmetry computation started: requiring (bin +, int +, cont +), (fixed: bin -, int -, cont -)
   (0.0s) no symmetry present (symcode time: 0.00)
presolving (8 rounds: 8 fast, 6 medium, 4 exhaustive):
 54 deleted vars, 8 deleted constraints, 0 added constraints, 0 tightened bounds, 0 added holes, 5 changed sides, 34 changed coefficients
 0 implications, 197 cliques
presolved problem has 446 variables (446 bin, 0 int, 0 impl, 0 cont) and 191 constraints
    191 constraints of type <setppc>
Presolving Time: 0.03

 time | node  | left  |LP iter|LP it/n|mem/heur|mdpt |vars |cons |rows |cuts |sepa|confs|strbr|  dualbound   | primalbound  |  gap   | compl. 
  0.1s|     1 |     0 |  1580 |     - |  5832k |   0 | 446 | 191 | 191 |   0 |  0 |   0 |   0 | 7.424891e+03 |      --      |    Inf | unknown
d 0.1s|     1 |     0 |  1580 |     - |farkasdi|   0 | 446 | 191 | 191 |   0 |  1 |   0 |   0 | 7.424891e+03 | 2.800203e+03 | 165.16%| unknown
d 0.1s|     1 |     0 |  1732 |     - |farkasdi|   0 | 446 | 191 | 191 |   0 |  1 |   0 |   0 | 7.424891e+03 | 4.256172e+03 |  74.45%| unknown
d 0.1s|     1 |     0 |  1743 |     - |farkasdi|   0 | 446 | 191 | 191 |   0 |  1 |   0 |   0 | 7.424891e+03 | 4.916200e+03 |  51.03%| unknown
d 0.1s|     1 |     0 |  1774 |     - |farkasdi|   0 | 446 | 191 | 191 |   0 |  1 |   0 |   0 | 7.424891e+03 | 5.210174e+03 |  42.51%| unknown
d 0.1s|     1 |     0 |  1788 |     - |farkasdi|   0 | 446 | 191 | 191 |   0 |  1 |   0 |   0 | 7.424891e+03 | 5.391286e+03 |  37.72%| unknown
d 0.1s|     1 |     0 |  1805 |     - |farkasdi|   0 | 446 | 191 | 191 |   0 |  1 |   0 |   0 | 7.424891e+03 | 6.858142e+03 |   8.26%| unknown
d 0.1s|     1 |     0 |  1807 |     - |farkasdi|   0 | 446 | 191 | 191 |   0 |  1 |   0 |   0 | 7.424891e+03 | 6.928141e+03 |   7.17%| unknown
  0.1s|     1 |     0 |  1807 |     - |  5974k |   0 | 446 | 191 | 191 |   0 |  1 |   0 |   0 | 7.424891e+03 | 6.928141e+03 |   7.17%| unknown
  0.1s|     1 |     0 |  1807 |     - |  5974k |   0 | 446 | 191 | 191 |   0 |  1 |   0 |   0 | 7.424891e+03 | 6.928141e+03 |   7.17%| unknown
  0.2s|     1 |     2 |  1807 |     - |  6161k |   0 | 446 | 191 | 191 |   0 |  2 |   0 |  34 | 7.392153e+03 | 6.928141e+03 |   6.70%| unknown

SCIP Status        : solving was interrupted [node limit reached]
Solving Time (sec) : 0.24
Solving Nodes      : 1
Primal Bound       : +6.92814053944807e+03 (44 solutions)
Dual Bound         : +7.39215276927764e+03
Gap                : 6.70 %
