presolving:
(round 1, fast)       0 del vars, 1 del conss, 0 add conss, 0 chg bounds, 0 chg sides, 0 chg coeffs, 0 upgd conss, 0 impls, 192 clqs
   (0.0s) running MILP presolver
   (0.0s) MILP presolver (2 rounds): 0 aggregations, 18 fixings, 0 bound changes
(round 2, medium)     18 del vars, 1 del conss, 0 add conss, 0 chg bounds, 0 chg sides, 0 chg coeffs, 0 upgd conss, 0 impls, 192 clqs
(round 3, exhaustive) 18 del vars, 1 del conss, 0 add conss, 0 chg bounds, 0 chg sides, 0 chg coeffs, 192 upgd conss, 0 impls, 192 clqs
(round 4, medium)     51 del vars, 1 del conss, 0 add conss, 0 chg bounds, 0 chg sides, 33 chg coeffs, 192 upgd conss, 0 impls, 192 clqs
(round 5, fast)       67 del vars, 2 del conss, 0 add conss, 0 chg bounds, 0 chg sides, 33 chg coeffs, 192 upgd conss, 0 impls, 191 clqs
(round 6, exhaustive) 67 del vars, 5 del conss, 0 add conss, 0 chg bounds, 0 chg sides, 33 chg coeffs, 192 upgd conss, 0 impls, 191 clqs
   (0.0s) probing: 51/433 (11.8%) - 0 fixings, 0 aggregations, 0 implications, 0 bound changes
   (0.0s) probing aborted: 50/50 successive totally useless probings
   (0.0s) symmetry computation started: requiring (bin +, int +, cont +), (fixed: bin -, int -, cont -)
   (0.0s) no symmetry present (symcode time: 0.00)
presolving (7 rounds: 7 fast, 5 medium, 3 exhaustive):
 67 deleted vars, 5 deleted constraints, 0 added constraints, 0 tightened bounds, 0 added holes, 0 changed sides, 33 changed coefficients
 0 implications, 191 cliques
presolved problem has 433 variables (433 bin, 0 int, 0 impl, 0 cont) and 188 constraints
    188 constraints of type <setppc>
Presolving Time: 0.02

 time | node  | left  |LP iter|LP it/n|mem/heur|mdpt |vars |cons |rows |cuts |sepa|confs|strbr|  dualbound   | primalbound  |  gap   | compl. 
  0.1s|     1 |     0 |  1409 |     - |  5580k |   0 | 433 | 188 | 188 |   0 |  0 |   0 |   0 | 7.668479e+03 |      --      |    Inf | unknown
d 0.1s|     1 |     0 |  1409 |     - |farkasdi|   0 | 433 | 188 | 188 |   0 |  1 |   0 |   0 | 7.668479e+03 | 2.376132e+03 | 222.73%| unknown
d 0.1s|     1 |     0 |  1511 |     - |farkasdi|   0 | 433 | 188 | 188 |   0 |  1 |   0 |   0 | 7.668479e+03 | 2.955017e+03 | 159.51%| unknown
d 0.1s|     1 |     0 |  1629 |     - |farkasdi|   0 | 433 | 188 | 188 |   0 |  1 |   0 |   0 | 7.668479e+03 | 3.949716e+03 |  94.15%| unknown
d 0.1s|     1 |     0 |  1674 |     - |farkasdi|   0 | 433 | 188 | 188 |   0 |  1 |   0 |   0 | 7.668479e+03 | 5.088461e+03 |  50.70%| unknown
d 0.1s|     1 |     0 |  1678 |     - |farkasdi|   0 | 433 | 188 | 188 |   0 |  1 |   0 |   0 | 7.668479e+03 | 6.031617e+03 |  27.14%| unknown
d 0.1s|     1 |     0 |  1681 |     - |farkasdi|   0 | 433 | 188 | 188 |   0 |  1 |   0 |   0 | 7.668479e+03 | 6.803178e+03 |  12.72%| unknown
  0.1s|     1 |     0 |  1681 |     - |  5682k |   0 | 433 | 188 | 188 |   0 |  1 |   0 |   0 | 7.668479e+03 | 6.803178e+03 |  12.72%| unknown
  0.2s|     1 |     2 |  1681 |     - |  5829k |   0 | 433 | 188 | 188 |   0 |  2 |   0 |  25 | 7.615922e+03 | 6.803178e+03 |  11.95%| unknown

SCIP Status        : solving was interrupted [node limit reached]
Solving Time (sec) : 0.22
Solving Nodes      : 1
Primal Bound       : +6.80317811590155e+03 (31 solutions)
Dual Bound         : +7.61592168223464e+03
Gap                : 11.95 %
