presolving:
   (0.0s) running MILP presolver
   (0.0s) MILP presolver (2 rounds): 0 aggregations, 13 fixings, 0 bound changes
(round 1, medium)     13 del vars, 0 del conss, 0 add conss, 0 chg bounds, 0 chg sides, 0 chg coeffs, 0 upgd conss, 0 impls, 197 clqs
(round 2, exhaustive) 13 del vars, 5 del conss, 0 add conss, 0 chg bounds, 5 chg sides, 0 chg coeffs, 0 upgd conss, 0 impls, 197 clqs
(round 3, exhaustive) 13 del vars, 5 del conss, 0 add conss, 0 chg bounds, 5 chg sides, 0 chg coeffs, 192 upgd conss, 0 impls, 197 clqs
(round 4, medium)     47 del vars, 5 del conss, 0 add conss, 0 chg bounds, 5 chg sides, 34 chg coeffs, 192 upgd conss, 0 impls, 197 clqs
(round 5, fast)       59 del vars, 6 del conss, 0 add conss, 0 chg bounds, 5 chg sides, 34 chg coeffs, 192 upgd conss, 0 impls, 196 clqs
(round 6, exhaustive) 59 del vars, 12 del conss, 0 add conss, 0 chg bounds, 5 chg sides, 34 chg coeffs, 192 upgd conss, 0 impls, 196 clqs
   (0.0s) probing: 51/441 (11.6%) - 0 fixings, 0 aggregations, 0 implications, 0 bound changes
   (0.0s) probing aborted: 50/50 successive totally useless probings
   (0.0s) symmetry computation started: requiring (bin +, int +, cont +), (fixed: bin -, int -, cont -)
   (0.0s) no symmetry present (symcode time: 0.00)
presolving (7 rounds: 7 fast, 6 medium, 4 exhaustive):
 59 deleted vars, 12 deleted constraints, 0 added constraints, 0 tightened bounds, 0 added holes, 5 changed sides, 34 changed coefficients
 0 implications, 196 cliques
presolved problem has 441 variables (441 bin, 0 int, 0 impl, 0 cont) and 185 constraints
    185 constraints of type <setppc>
Presolving Time: 0.02

 time | node  | left  |LP iter|LP it/n|mem/heur|mdpt |vars |cons |rows |cuts |sepa|confs|strbr|  dualbound   | primalbound  |  gap   | compl. 
  0.1s|     1 |     0 |  1789 |     - |  5442k |   0 | 441 | 185 | 185 |   0 |  0 |   0 |   0 | 7.347568e+03 |      --      |    Inf | unknown
d 0.1s|     1 |     0 |  1789 |     - |farkasdi|   0 | 441 | 185 | 185 |   0 |  1 |   0 |   0 | 7.347568e+03 | 2.390926e+03 | 207.31%| unknown
d 0.1s|     1 |     0 |  1960 |     - |farkasdi|   0 | 441 | 185 | 185 |   0 |  1 |   0 |   0 | 7.347568e+03 | 3.003768e+03 | 144.61%| unknown
d 0.1s|     1 |     0 |  2010 |     - |farkasdi|   0 | 441 | 185 | 185 |   0 |  1 |   0 |   0 | 7.347568e+03 | 4.170476e+03 |  76.18%| unknown
d 0.1s|     1 |     0 |  2027 |     - |farkasdi|   0 | 441 | 185 | 185 |   0 |  1 |   0 |   0 | 7.347568e+03 | 4.280852e+03 |  71.64%| unknown
d 0.1s|     1 |     0 |  2040 |     - |farkasdi|   0 | 441 | 185 | 185 |   0 |  1 |   0 |   0 | 7.347568e+03 | 4.909557e+03 |  49.66%| unknown
d 0.1s|     1 |     0 |  2050 |     - |farkasdi|   0 | 441 | 185 | 185 |   0 |  1 |   0 |   0 | 7.347568e+03 | 5.591073e+03 |  31.42%| unknown
d 0.1s|     1 |     0 |  2054 |     - |farkasdi|   0 | 441 | 185 | 185 |   0 |  1 |   0 |   0 | 7.347568e+03 | 6.548206e+03 |  12.21%| unknown
  0.1s|     1 |     0 |  2054 |     - |  5554k |   0 | 441 | 185 | 185 |   0 |  1 |   0 |   0 | 7.347568e+03 | 6.548206e+03 |  12.21%| unknown
  0.3s|     1 |     2 |  2054 |     - |  5753k |   0 | 441 | 185 | 185 |   0 |  2 |   0 |  35 | 7.319628e+03 | 6.548206e+03 |  11.78%| unknown

SCIP Status        : solving was interrupted [node limit reached]
Solving Time (sec) : 0.29
Solving Nodes      : 1
Primal Bound       : +6.54820629197370e+03 (44 solutions)
Dual Bound         : +7.31962839786950e+03
Gap                : 11.78 %
