presolving:
(round 1, fast)       1 del vars, 2 del conss, 0 add conss, 0 chg bounds, 0 chg sides, 0 chg coeffs, 0 upgd conss, 0 impls, 188 clqs
(round 2, fast)       2 del vars, 2 del conss, 0 add conss, 0 chg bounds, 0 chg sides, 0 chg coeffs, 0 upgd conss, 0 impls, 188 clqs
   (0.0s) running MILP presolver
   (0.0s) MILP presolver (2 rounds): 0 aggregations, 18 fixings, 0 bound changes
(round 3, medium)     20 del vars, 2 del conss, 0 add conss, 0 chg bounds, 0 chg sides, 0 chg coeffs, 0 upgd conss, 0 impls, 188 clqs
(round 4, exhaustive) 20 del vars, 5 del conss, 0 add conss, 0 chg bounds, 3 chg sides, 0 chg coeffs, 0 upgd conss, 0 impls, 188 clqs
(round 5, exhaustive) 20 del vars, 5 del conss, 0 add conss, 0 chg bounds, 3 chg sides, 0 chg coeffs, 185 upgd conss, 0 impls, 188 clqs
(round 6, medium)     60 del vars, 5 del conss, 0 add conss, 0 chg bounds, 3 chg sides, 40 chg coeffs, 185 upgd conss, 0 impls, 188 clqs
(round 7, fast)       81 del vars, 6 del conss, 0 add conss, 0 chg bounds, 3 chg sides, 40 chg coeffs, 185 upgd conss, 0 impls, 187 clqs
(round 8, exhaustive) 81 del vars, 12 del conss, 0 add conss, 0 chg bounds, 3 chg sides, 40 chg coeffs, 185 upgd conss, 0 impls, 187 clqs
   (0.0s) probing: 51/419 (12.2%) - 0 fixings, 0 aggregations, 0 implications, 0 bound changes
   (0.0s) probing aborted: 50/50 successive totally useless probings
   (0.0s) symmetry computation started: requiring (bin +, int +, cont +), (fixed: bin -, int -, cont -)
   (0.0s) no symmetry present (symcode time: 0.00)
presolving (9 rounds: 9 fast, 6 medium, 4 exhaustive):
 81 deleted vars, 12 deleted constraints, 0 added constraints, 0 tightened bounds, 0 added holes, 3 changed sides, 40 changed coefficients
 0 implications, 187 cliques
presolved problem has 419 variables (419 bin, 0 int, 0 impl, 0 cont) and 178 constraints
    178 constraints of type <setppc>
Presolving Time: 0.02

 time | node  | left  |LP iter|LP it/n|mem/heur|mdpt |vars |cons |rows |cuts |sepa|confs|strbr|  dualbound   | primalbound  |  gap   | compl. 
  0.1s|     1 |     0 |  1171 |     - |  5338k |   0 | 419 | 178 | 178 |   0 |  0 |   0 |   0 | 7.936307e+03 |      --      |    Inf | unknown
d 0.1s|     1 |     0 |  1171 |     - |farkasdi|   0 | 419 | 178 | 178 |   0 |  1 |   0 |   0 | 7.936307e+03 | 3.336902e+03 | 137.83%| unknown
d 0.1s|     1 |     0 |  1256 |     - |farkasdi|   0 | 419 | 178 | 178 |   0 |  1 |   0 |   0 | 7.936307e+03 | 4.022416e+03 |  97.30%| unknown
d 0.1s|     1 |     0 |  1313 |     - |farkasdi|   0 | 419 | 178 | 178 |   0 |  1 |   0 |   0 | 7.936307e+03 | 4.948296e+03 |  60.38%| unknown
d 0.1s|     1 |     0 |  1333 |     - |farkasdi|   0 | 419 | 178 | 178 |   0 |  1 |   0 |   0 | 7.936307e+03 | 5.420767e+03 |  46.41%| unknown
d 0.1s|     1 |     0 |  1342 |     - |farkasdi|   0 | 419 | 178 | 178 |   0 |  1 |   0 |   0 | 7.936307e+03 | 7.406074e+03 |   7.16%| unknown
  0.1s|     1 |     0 |  1342 |     - |  5456k |   0 | 419 | 178 | 178 |   0 |  1 |   0 |   0 | 7.936307e+03 | 7.406074e+03 |   7.16%| unknown
  0.2s|     1 |     2 |  1342 |     - |  5539k |   0 | 419 | 178 | 178 |   0 |  2 |   0 |  19 | 7.906813e+03 | 7.406074e+03 |   6.76%| unknown

SCIP Status        : solving was interrupted [node limit reached]
Solving Time (sec) : 0.17
Solving Nodes      : 1
Primal Bound       : +7.40607383105316e+03 (24 solutions)
Dual Bound         : +7.90681273004809e+03
Gap                : 6.76 %
