presolving:
   (0.0s) running MILP presolver
   (0.0s) MILP presolver (2 rounds): 0 aggregations, 23 fixings, 0 bound changes
(round 1, medium)     23 del vars, 0 del conss, 0 add conss, 0 chg bounds, 0 chg sides, 0 chg coeffs, 0 upgd conss, 0 impls, 192 clqs
(round 2, exhaustive) 23 del vars, 6 del conss, 0 add conss, 0 chg bounds, 6 chg sides, 0 chg coeffs, 0 upgd conss, 0 impls, 192 clqs
(round 3, exhaustive) 23 del vars, 6 del conss, 0 add conss, 0 chg bounds, 6 chg sides, 0 chg coeffs, 186 upgd conss, 0 impls, 192 clqs
(round 4, medium)     66 del vars, 6 del conss, 0 add conss, 0 chg bounds, 6 chg sides, 43 chg coeffs, 186 upgd conss, 0 impls, 192 clqs
(round 5, fast)       107 del vars, 8 del conss, 0 add conss, 0 chg bounds, 6 chg sides, 43 chg coeffs, 186 upgd conss, 0 impls, 190 clqs
   (0.0s) running MILP presolver
   (0.0s) MILP presolver (2 rounds): 0 aggregations, 4 fixings, 0 bound changes
(round 6, medium)     111 del vars, 8 del conss, 0 add conss, 0 chg bounds, 6 chg sides, 43 chg coeffs, 186 upgd conss, 0 impls, 189 clqs
(round 7, exhaustive) 111 del vars, 16 del conss, 0 add conss, 0 chg bounds, 6 chg sides, 43 chg coeffs, 186 upgd conss, 0 impls, 189 clqs
(round 8, exhaustive) 112 del vars, 16 del conss, 0 add conss, 0 chg bounds, 6 chg sides, 43 chg coeffs, 186 upgd conss, 0 impls, 189 clqs
   (0.0s) probing: 51/388 (13.1%) - 0 fixings, 0 aggregations, 0 implications, 0 bound changes
   (0.0s) probing aborted: 50/50 successive totally useless probings
   (0.0s) symmetry computation started: requiring (bin +, int +, cont +), (fixed: bin -, int -, cont -)
   (0.0s) no symmetry present (symcode time: 0.00)
presolving (9 rounds: 9 fast, 8 medium, 5 exhaustive):
 112 deleted vars, 16 deleted constraints, 0 added constraints, 0 tightened bounds, 0 added holes, 6 changed sides, 43 changed coefficients
 0 implications, 189 cliques
presolved problem has 388 variables (388 bin, 0 int, 0 impl, 0 cont) and 176 constraints
    176 constraints of type <setppc>
Presolving Time: 0.02

 time | node  | left  |LP iter|LP it/n|mem/heur|mdpt |vars |cons |rows |cuts |sepa|confs|strbr|  dualbound   | primalbound  |  gap   | compl. 
  0.1s|     1 |     0 |  1067 |     - |  4831k |   0 | 388 | 176 | 176 |   0 |  0 |   0 |   0 | 7.803000e+03 |      --      |    Inf | unknown
d 0.1s|     1 |     0 |  1067 |     - |farkasdi|   0 | 388 | 176 | 176 |   0 |  1 |   0 |   0 | 7.803000e+03 | 4.486419e+03 |  73.92%| unknown
d 0.1s|     1 |     0 |  1105 |     - |farkasdi|   0 | 388 | 176 | 176 |   0 |  1 |   0 |   0 | 7.803000e+03 | 4.495895e+03 |  73.56%| unknown
d 0.1s|     1 |     0 |  1181 |     - |farkasdi|   0 | 388 | 176 | 176 |   0 |  1 |   0 |   0 | 7.803000e+03 | 4.741625e+03 |  64.56%| unknown
d 0.1s|     1 |     0 |  1202 |     - |farkasdi|   0 | 388 | 176 | 176 |   0 |  1 |   0 |   0 | 7.803000e+03 | 4.939527e+03 |  57.97%| unknown
d 0.1s|     1 |     0 |  1210 |     - |farkasdi|   0 | 388 | 176 | 176 |   0 |  1 |   0 |   0 | 7.803000e+03 | 6.205979e+03 |  25.73%| unknown
d 0.1s|     1 |     0 |  1226 |     - |farkasdi|   0 | 388 | 176 | 176 |   0 |  1 |   0 |   0 | 7.803000e+03 | 6.492050e+03 |  20.19%| unknown
d 0.1s|     1 |     0 |  1227 |     - |farkasdi|   0 | 388 | 176 | 176 |   0 |  1 |   0 |   0 | 7.803000e+03 | 6.734164e+03 |  15.87%| unknown
d 0.1s|     1 |     0 |  1231 |     - |farkasdi|   0 | 388 | 176 | 176 |   0 |  1 |   0 |   0 | 7.803000e+03 | 7.449137e+03 |   4.75%| unknown
  0.1s|     1 |     0 |  1231 |     - |  4968k |   0 | 388 | 176 | 176 |   0 |  1 |   0 |   0 | 7.803000e+03 | 7.449137e+03 |   4.75%| unknown
  0.1s|     1 |     0 |  1231 |     - |  4968k |   0 | 388 | 176 | 176 |   0 |  1 |   0 |   0 | 7.803000e+03 | 7.449137e+03 |   4.75%| unknown
  0.2s|     1 |     2 |  1231 |     - |  5369k |   0 | 388 | 176 | 176 |   0 |  2 |   0 |  25 | 7.782401e+03 | 7.449137e+03 |   4.47%| unknown

SCIP Status        : solving was interrupted [node limit reached]
Solving Time (sec) : 0.21
Solving Nodes      : 1
Primal Bound       : +7.44913723689818e+03 (54 solutions)
Dual Bound         : +7.78240099621610e+03
Gap                : 4.47 %
