presolving:
(round 1, fast)       0 del vars, 2 del conss, 0 add conss, 0 chg bounds, 0 chg sides, 0 chg coeffs, 0 upgd conss, 0 impls, 190 clqs
   (0.0s) running MILP presolver
   (0.0s) MILP presolver (2 rounds): 0 aggregations, 20 fixings, 0 bound changes
(round 2, medium)     20 del vars, 2 del conss, 0 add conss, 0 chg bounds, 0 chg sides, 0 chg coeffs, 0 upgd conss, 0 impls, 190 clqs
(round 3, exhaustive) 20 del vars, 7 del conss, 0 add conss, 0 chg bounds, 5 chg sides, 0 chg coeffs, 0 upgd conss, 0 impls, 190 clqs
(round 4, exhaustive) 20 del vars, 7 del conss, 0 add conss, 0 chg bounds, 5 chg sides, 0 chg coeffs, 185 upgd conss, 0 impls, 190 clqs
(round 5, medium)     57 del vars, 7 del conss, 0 add conss, 0 chg bounds, 5 chg sides, 37 chg coeffs, 185 upgd conss, 0 impls, 190 clqs
(round 6, fast)       79 del vars, 7 del conss, 0 add conss, 0 chg bounds, 5 chg sides, 37 chg coeffs, 185 upgd conss, 0 impls, 188 clqs
(round 7, exhaustive) 79 del vars, 10 del conss, 0 add conss, 0 chg bounds, 5 chg sides, 37 chg coeffs, 185 upgd conss, 0 impls, 188 clqs
   (0.0s) probing: 51/421 (12.1%) - 0 fixings, 0 aggregations, 0 implications, 0 bound changes
   (0.0s) probing aborted: 50/50 successive totally useless probings
   (0.0s) symmetry computation started: requiring (bin +, int +, cont +), (fixed: bin -, int -, cont -)
   (0.0s) no symmetry present (symcode time: 0.00)
presolving (8 rounds: 8 fast, 6 medium, 4 exhaustive):
 79 deleted vars, 10 deleted constraints, 0 added constraints, 0 tightened bounds, 0 added holes, 5 changed sides, 37 changed coefficients
 0 implications, 188 cliques
presolved problem has 421 variables (421 bin, 0 int, 0 impl, 0 cont) and 182 constraints
    182 constraints of type <setppc>
Presolving Time: 0.02

 time | node  | left  |LP iter|LP it/n|mem/heur|mdpt |vars |cons |rows |cuts |sepa|confs|strbr|  dualbound   | primalbound  |  gap   | compl. 
  0.1s|     1 |     0 |  1370 |     - |  5291k |   0 | 421 | 182 | 182 |   0 |  0 |   0 |   0 | 6.981610e+03 |      --      |    Inf | unknown
d 0.1s|     1 |     0 |  1370 |     - |farkasdi|   0 | 421 | 182 | 182 |   0 |  1 |   0 |   0 | 6.981610e+03 | 2.413867e+03 | 189.23%| unknown
d 0.1s|     1 |     0 |  1517 |     - |farkasdi|   0 | 421 | 182 | 182 |   0 |  1 |   0 |   0 | 6.981610e+03 | 3.118520e+03 | 123.88%| unknown
d 0.1s|     1 |     0 |  1546 |     - |farkasdi|   0 | 421 | 182 | 182 |   0 |  1 |   0 |   0 | 6.981610e+03 | 4.612952e+03 |  51.35%| unknown
d 0.1s|     1 |     0 |  1557 |     - |farkasdi|   0 | 421 | 182 | 182 |   0 |  1 |   0 |   0 | 6.981610e+03 | 5.309409e+03 |  31.50%| unknown
d 0.1s|     1 |     0 |  1558 |     - |farkasdi|   0 | 421 | 182 | 182 |   0 |  1 |   0 |   0 | 6.981610e+03 | 5.677558e+03 |  22.97%| unknown
d 0.1s|     1 |     0 |  1559 |     - |farkasdi|   0 | 421 | 182 | 182 |   0 |  1 |   0 |   0 | 6.981610e+03 | 6.411447e+03 |   8.89%| unknown
  0.1s|     1 |     0 |  1559 |     - |  5412k |   0 | 421 | 182 | 182 |   0 |  1 |   0 |   0 | 6.981610e+03 | 6.411447e+03 |   8.89%| unknown
  0.2s|     1 |     2 |  1559 |     - |  5646k |   0 | 421 | 182 | 182 |   0 |  2 |   0 |  49 | 6.956677e+03 | 6.411447e+03 |   8.50%| unknown

SCIP Status        : solving was interrupted [node limit reached]
Solving Time (sec) : 0.25
Solving Nodes      : 1
Primal Bound       : +6.41144749613049e+03 (57 solutions)
Dual Bound         : +6.95667665880358e+03
Gap                : 8.50 %
