presolving:
(round 1, fast)       0 del vars, 1 del conss, 0 add conss, 0 chg bounds, 0 chg sides, 0 chg coeffs, 0 upgd conss, 0 impls, 185 clqs
   (0.0s) running MILP presolver
   (0.0s) MILP presolver (2 rounds): 0 aggregations, 14 fixings, 0 bound changes
(round 2, medium)     14 del vars, 1 del conss, 0 add conss, 0 chg bounds, 0 chg sides, 0 chg coeffs, 0 upgd conss, 0 impls, 184 clqs
(round 3, fast)       14 del vars, 2 del conss, 0 add conss, 0 chg bounds, 0 chg sides, 0 chg coeffs, 0 upgd conss, 0 impls, 184 clqs
(round 4, exhaustive) 14 del vars, 6 del conss, 0 add conss, 0 chg bounds, 4 chg sides, 0 chg coeffs, 0 upgd conss, 0 impls, 184 clqs
(round 5, exhaustive) 14 del vars, 6 del conss, 0 add conss, 0 chg bounds, 4 chg sides, 0 chg coeffs, 180 upgd conss, 0 impls, 184 clqs
(round 6, medium)     53 del vars, 6 del conss, 0 add conss, 0 chg bounds, 4 chg sides, 39 chg coeffs, 180 upgd conss, 0 impls, 184 clqs
(round 7, fast)       65 del vars, 6 del conss, 0 add conss, 0 chg bounds, 4 chg sides, 39 chg coeffs, 180 upgd conss, 0 impls, 184 clqs
(round 8, exhaustive) 65 del vars, 8 del conss, 0 add conss, 0 chg bounds, 4 chg sides, 39 chg coeffs, 180 upgd conss, 0 impls, 184 clqs
(round 9, exhaustive) 66 del vars, 8 del conss, 0 add conss, 0 chg bounds, 4 chg sides, 39 chg coeffs, 180 upgd conss, 0 impls, 184 clqs
   (0.0s) probing: 51/434 (11.8%) - 0 fixings, 0 aggregations, 0 implications, 0 bound changes
   (0.0s) probing aborted: 50/50 successive totally useless probings
   (0.0s) symmetry computation started: requiring (bin +, int +, cont +), (fixed: bin -, int -, cont -)
   (0.0s) no symmetry present (symcode time: 0.00)
presolving (10 rounds: 10 fast, 7 medium, 5 exhaustive):
 66 deleted vars, 8 deleted constraints, 0 added constraints, 0 tightened bounds, 0 added holes, 4 changed sides, 39 changed coefficients
 0 implications, 184 cliques
presolved problem has 434 variables (434 bin, 0 int, 0 impl, 0 cont) and 178 constraints
    178 constraints of type <setppc>
Presolving Time: 0.02

 time | node  | left  |LP iter|LP it/n|mem/heur|mdpt |vars |cons |rows |cuts |sepa|confs|strbr|  dualbound   | primalbound  |  gap   | compl. 
  0.1s|     1 |     0 |  1106 |     - |  5326k |   0 | 434 | 178 | 178 |   0 |  0 |   0 |   0 | 7.643931e+03 |      --      |    Inf | unknown
d 0.1s|     1 |     0 |  1106 |     - |farkasdi|   0 | 434 | 178 | 178 |   0 |  1 |   0 |   0 | 7.643931e+03 | 3.230072e+03 | 136.65%| unknown
d 0.1s|     1 |     0 |  1187 |     - |farkasdi|   0 | 434 | 178 | 178 |   0 |  1 |   0 |   0 | 7.643931e+03 | 3.757017e+03 | 103.46%| unknown
d 0.1s|     1 |     0 |  1199 |     - |farkasdi|   0 | 434 | 178 | 178 |   0 |  1 |   0 |   0 | 7.643931e+03 | 5.007769e+03 |  52.64%| unknown
d 0.1s|     1 |     0 |  1211 |     - |farkasdi|   0 | 434 | 178 | 178 |   0 |  1 |   0 |   0 | 7.643931e+03 | 5.437646e+03 |  40.57%| unknown
d 0.1s|     1 |     0 |  1223 |     - |farkasdi|   0 | 434 | 178 | 178 |   0 |  1 |   0 |   0 | 7.643931e+03 | 7.196252e+03 |   6.22%| unknown
  0.1s|     1 |     0 |  1223 |     - |  5451k |   0 | 434 | 178 | 178 |   0 |  1 |   0 |   0 | 7.643931e+03 | 7.196252e+03 |   6.22%| unknown
  0.2s|     1 |     2 |  1223 |     - |  5581k |   0 | 434 | 178 | 178 |   0 |  2 |   0 |  23 | 7.577095e+03 | 7.196252e+03 |   5.29%| unknown

SCIP Status        : solving was interrupted [node limit reached]
Solving Time (sec) : 0.21
Solving Nodes      : 1
Primal Bound       : +7.19625168533393e+03 (29 solutions)
Dual Bound         : +7.57709518230950e+03
Gap                : 5.29 %
