presolving:
(round 1, fast)       1 del vars, 1 del conss, 0 add conss, 0 chg bounds, 0 chg sides, 0 chg coeffs, 0 upgd conss, 0 impls, 190 clqs
   (0.0s) running MILP presolver
   (0.0s) MILP presolver (2 rounds): 0 aggregations, 6 fixings, 0 bound changes
(round 2, medium)     7 del vars, 1 del conss, 0 add conss, 0 chg bounds, 0 chg sides, 0 chg coeffs, 0 upgd conss, 0 impls, 190 clqs
(round 3, exhaustive) 7 del vars, 1 del conss, 0 add conss, 0 chg bounds, 0 chg sides, 0 chg coeffs, 190 upgd conss, 0 impls, 190 clqs
(round 4, medium)     35 del vars, 1 del conss, 0 add conss, 0 chg bounds, 0 chg sides, 28 chg coeffs, 190 upgd conss, 0 impls, 190 clqs
(round 5, fast)       41 del vars, 1 del conss, 0 add conss, 0 chg bounds, 0 chg sides, 28 chg coeffs, 190 upgd conss, 0 impls, 190 clqs
(round 6, exhaustive) 41 del vars, 3 del conss, 0 add conss, 0 chg bounds, 0 chg sides, 28 chg coeffs, 190 upgd conss, 0 impls, 190 clqs
   (0.0s) probing: 51/459 (11.1%) - 0 fixings, 0 aggregations, 0 implications, 0 bound changes
   (0.0s) probing aborted: 50/50 successive totally useless probings
   (0.0s) symmetry computation started: requiring (bin +, int +, cont +), (fixed: bin -, int -, cont -)
   (0.0s) no symmetry present (symcode time: 0.00)
presolving (7 rounds: 7 fast, 5 medium, 3 exhaustive):
 41 deleted vars, 3 deleted constraints, 0 added constraints, 0 tightened bounds, 0 added holes, 0 changed sides, 28 changed coefficients
 0 implications, 190 cliques
presolved problem has 459 variables (459 bin, 0 int, 0 impl, 0 cont) and 188 constraints
    188 constraints of type <setppc>
Presolving Time: 0.02

 time | node  | left  |LP iter|LP it/n|mem/heur|mdpt |vars |cons |rows |cuts |sepa|confs|strbr|  dualbound   | primalbound  |  gap   | compl. 
  0.1s|     1 |     0 |  1604 |     - |  5639k |   0 | 459 | 188 | 188 |   0 |  0 |   0 |   0 | 7.372503e+03 |      --      |    Inf | unknown
d 0.1s|     1 |     0 |  1604 |     - |farkasdi|   0 | 459 | 188 | 188 |   0 |  1 |   0 |   0 | 7.372503e+03 | 2.023456e+03 | 264.35%| unknown
d 0.1s|     1 |     0 |  1708 |     - |farkasdi|   0 | 459 | 188 | 188 |   0 |  1 |   0 |   0 | 7.372503e+03 | 2.941463e+03 | 150.64%| unknown
d 0.1s|     1 |     0 |  1757 |     - |farkasdi|   0 | 459 | 188 | 188 |   0 |  1 |   0 |   0 | 7.372503e+03 | 3.937337e+03 |  87.25%| unknown
d 0.1s|     1 |     0 |  1776 |     - |farkasdi|   0 | 459 | 188 | 188 |   0 |  1 |   0 |   0 | 7.372503e+03 | 6.136481e+03 |  20.14%| unknown
d 0.1s|     1 |     0 |  1789 |     - |farkasdi|   0 | 459 | 188 | 188 |   0 |  1 |   0 |   0 | 7.372503e+03 | 6.299925e+03 |  17.03%| unknown
d 0.1s|     1 |     0 |  1803 |     - |farkasdi|   0 | 459 | 188 | 188 |   0 |  1 |   0 |   0 | 7.372503e+03 | 6.888753e+03 |   7.02%| unknown
  0.1s|     1 |     0 |  1803 |     - |  5743k |   0 | 459 | 188 | 188 |   0 |  1 |   0 |   0 | 7.372503e+03 | 6.888753e+03 |   7.02%| unknown
  0.2s|     1 |     2 |  1803 |     - |  5835k |   0 | 459 | 188 | 188 |   0 |  2 |   0 |  19 | 7.349499e+03 | 6.888753e+03 |   6.69%| unknown

SCIP Status        : solving was interrupted [node limit reached]
Solving Time (sec) : 0.21
Solving Nodes      : 1
Primal Bound       : +6.88875294040854e+03 (25 solutions)
Dual Bound         : +7.34949896111838e+03
Gap                : 6.69 %
