presolving:
(round 1, fast)       1 del vars, 2 del conss, 0 add conss, 0 chg bounds, 0 chg sides, 0 chg coeffs, 0 upgd conss, 0 impls, 189 clqs
   (0.0s) running MILP presolver
   (0.0s) MILP presolver (2 rounds): 0 aggregations, 20 fixings, 0 bound changes
(round 2, medium)     21 del vars, 2 del conss, 0 add conss, 0 chg bounds, 0 chg sides, 0 chg coeffs, 0 upgd conss, 0 impls, 189 clqs
(round 3, fast)       22 del vars, 3 del conss, 0 add conss, 0 chg bounds, 0 chg sides, 0 chg coeffs, 0 upgd conss, 0 impls, 188 clqs
(round 4, exhaustive) 22 del vars, 9 del conss, 0 add conss, 0 chg bounds, 6 chg sides, 0 chg coeffs, 0 upgd conss, 0 impls, 188 clqs
(round 5, exhaustive) 22 del vars, 9 del conss, 0 add conss, 0 chg bounds, 6 chg sides, 0 chg coeffs, 182 upgd conss, 0 impls, 188 clqs
(round 6, fast)       23 del vars, 9 del conss, 0 add conss, 0 chg bounds, 6 chg sides, 0 chg coeffs, 182 upgd conss, 0 impls, 188 clqs
(round 7, medium)     64 del vars, 9 del conss, 0 add conss, 0 chg bounds, 6 chg sides, 41 chg coeffs, 182 upgd conss, 0 impls, 187 clqs
(round 8, fast)       100 del vars, 10 del conss, 0 add conss, 0 chg bounds, 6 chg sides, 41 chg coeffs, 182 upgd conss, 0 impls, 185 clqs
   (0.0s) running MILP presolver
   (0.0s) MILP presolver (2 rounds): 0 aggregations, 3 fixings, 0 bound changes
(round 9, medium)     103 del vars, 10 del conss, 0 add conss, 0 chg bounds, 6 chg sides, 41 chg coeffs, 182 upgd conss, 0 impls, 185 clqs
(round 10, exhaustive) 103 del vars, 17 del conss, 0 add conss, 0 chg bounds, 6 chg sides, 41 chg coeffs, 182 upgd conss, 0 impls, 185 clqs
   (0.0s) probing: 51/397 (12.8%) - 0 fixings, 0 aggregations, 0 implications, 0 bound changes
   (0.0s) probing aborted: 50/50 successive totally useless probings
   (0.0s) symmetry computation started: requiring (bin +, int +, cont +), (fixed: bin -, int -, cont -)
   (0.0s) no symmetry present (symcode time: 0.00)
presolving (11 rounds: 11 fast, 7 medium, 4 exhaustive):
 103 deleted vars, 17 deleted constraints, 0 added constraints, 0 tightened bounds, 0 added holes, 6 changed sides, 41 changed coefficients
 0 implications, 185 cliques
presolved problem has 397 variables (397 bin, 0 int, 0 impl, 0 cont) and 174 constraints
    174 constraints of type <setppc>
Presolving Time: 0.02

 time | node  | left  |LP iter|LP it/n|mem/heur|mdpt |vars |cons |rows |cuts |sepa|confs|strbr|  dualbound   | primalbound  |  gap   | compl. 
  0.1s|     1 |     0 |  1021 |     - |  4905k |   0 | 397 | 174 | 174 |   0 |  0 |   0 |   0 | 7.525981e+03 |      --      |    Inf | unknown
d 0.1s|     1 |     0 |  1021 |     - |farkasdi|   0 | 397 | 174 | 174 |   0 |  1 |   0 |   0 | 7.525981e+03 | 3.654533e+03 | 105.94%| unknown
d 0.1s|     1 |     0 |  1132 |     - |farkasdi|   0 | 397 | 174 | 174 |   0 |  1 |   0 |   0 | 7.525981e+03 | 4.397670e+03 |  71.14%| unknown
d 0.1s|     1 |     0 |  1151 |     - |farkasdi|   0 | 397 | 174 | 174 |   0 |  1 |   0 |   0 | 7.525981e+03 | 5.194459e+03 |  44.88%| unknown
d 0.1s|     1 |     0 |  1197 |     - |farkasdi|   0 | 397 | 174 | 174 |   0 |  1 |   0 |   0 | 7.525981e+03 | 7.057513e+03 |   6.64%| unknown
  0.1s|     1 |     0 |  1197 |     - |  5011k |   0 | 397 | 174 | 174 |   0 |  1 |   0 |   0 | 7.525981e+03 | 7.057513e+03 |   6.64%| unknown
  0.3s|     1 |     2 |  1197 |     - |  5202k |   0 | 397 | 174 | 174 |   0 |  2 |   0 |  22 | 7.463853e+03 | 7.057513e+03 |   5.76%| unknown

SCIP Status        : solving was interrupted [node limit reached]
Solving Time (sec) : 0.26
Solving Nodes      : 1
Primal Bound       : +7.05751302695223e+03 (35 solutions)
Dual Bound         : +7.46385319666066e+03
Gap                : 5.76 %
