presolving:
(round 1, fast)       1 del vars, 1 del conss, 0 add conss, 0 chg bounds, 0 chg sides, 0 chg coeffs, 0 upgd conss, 0 impls, 192 clqs
   (0.0s) running MILP presolver
   (0.0s) MILP presolver (2 rounds): 0 aggregations, 11 fixings, 0 bound changes
(round 2, medium)     12 del vars, 1 del conss, 0 add conss, 0 chg bounds, 0 chg sides, 0 chg coeffs, 0 upgd conss, 0 impls, 192 clqs
(round 3, exhaustive) 12 del vars, 4 del conss, 0 add conss, 0 chg bounds, 3 chg sides, 0 chg coeffs, 0 upgd conss, 0 impls, 192 clqs
(round 4, exhaustive) 12 del vars, 4 del conss, 0 add conss, 0 chg bounds, 3 chg sides, 0 chg coeffs, 189 upgd conss, 0 impls, 192 clqs
(round 5, medium)     43 del vars, 4 del conss, 0 add conss, 0 chg bounds, 3 chg sides, 31 chg coeffs, 189 upgd conss, 0 impls, 192 clqs
(round 6, fast)       55 del vars, 4 del conss, 0 add conss, 0 chg bounds, 3 chg sides, 31 chg coeffs, 189 upgd conss, 0 impls, 192 clqs
(round 7, exhaustive) 55 del vars, 9 del conss, 0 add conss, 0 chg bounds, 3 chg sides, 31 chg coeffs, 189 upgd conss, 0 impls, 192 clqs
   (0.0s) probing: 51/445 (11.5%) - 0 fixings, 0 aggregations, 0 implications, 0 bound changes
   (0.0s) probing aborted: 50/50 successive totally useless probings
   (0.0s) symmetry computation started: requiring (bin +, int +, cont +), (fixed: bin -, int -, cont -)
   (0.0s) no symmetry present (symcode time: 0.00)
presolving (8 rounds: 8 fast, 6 medium, 4 exhaustive):
 55 deleted vars, 9 deleted constraints, 0 added constraints, 0 tightened bounds, 0 added holes, 3 changed sides, 31 changed coefficients
 0 implications, 192 cliques
presolved problem has 445 variables (445 bin, 0 int, 0 impl, 0 cont) and 184 constraints
    184 constraints of type <setppc>
Presolving Time: 0.02

 time | node  | left  |LP iter|LP it/n|mem/heur|mdpt |vars |cons |rows |cuts |sepa|confs|strbr|  dualbound   | primalbound  |  gap   | compl. 
  0.1s|     1 |     0 |  1335 |     - |  5524k |   0 | 445 | 184 | 184 |   0 |  0 |   0 |   0 | 7.632667e+03 |      --      |    Inf | unknown
d 0.1s|     1 |     0 |  1335 |     - |farkasdi|   0 | 445 | 184 | 184 |   0 |  1 |   0 |   0 | 7.632667e+03 | 2.407717e+03 | 217.01%| unknown
d 0.1s|     1 |     0 |  1405 |     - |farkasdi|   0 | 445 | 184 | 184 |   0 |  1 |   0 |   0 | 7.632667e+03 | 3.515914e+03 | 117.09%| unknown
d 0.1s|     1 |     0 |  1461 |     - |farkasdi|   0 | 445 | 184 | 184 |   0 |  1 |   0 |   0 | 7.632667e+03 | 4.305376e+03 |  77.28%| unknown
d 0.1s|     1 |     0 |  1472 |     - |farkasdi|   0 | 445 | 184 | 184 |   0 |  1 |   0 |   0 | 7.632667e+03 | 5.951340e+03 |  28.25%| unknown
d 0.1s|     1 |     0 |  1480 |     - |farkasdi|   0 | 445 | 184 | 184 |   0 |  1 |   0 |   0 | 7.632667e+03 | 6.362058e+03 |  19.97%| unknown
d 0.1s|     1 |     0 |  1490 |     - |farkasdi|   0 | 445 | 184 | 184 |   0 |  1 |   0 |   0 | 7.632667e+03 | 6.523469e+03 |  17.00%| unknown
d 0.1s|     1 |     0 |  1492 |     - |farkasdi|   0 | 445 | 184 | 184 |   0 |  1 |   0 |   0 | 7.632667e+03 | 7.065024e+03 |   8.03%| unknown
  0.1s|     1 |     0 |  1492 |     - |  5659k |   0 | 445 | 184 | 184 |   0 |  1 |   0 |   0 | 7.632667e+03 | 7.065024e+03 |   8.03%| unknown
  0.3s|     1 |     2 |  1492 |     - |  5732k |   0 | 445 | 184 | 184 |   0 |  2 |   0 |  19 | 7.594502e+03 | 7.065024e+03 |   7.49%| unknown

SCIP Status        : solving was interrupted [node limit reached]
Solving Time (sec) : 0.31
Solving Nodes      : 1
Primal Bound       : +7.06502422002218e+03 (25 solutions)
Dual Bound         : +7.59450218482835e+03
Gap                : 7.49 %
