presolving:
   (0.0s) running MILP presolver
   (0.0s) MILP presolver (2 rounds): 0 aggregations, 17 fixings, 0 bound changes
(round 1, medium)     17 del vars, 0 del conss, 0 add conss, 0 chg bounds, 0 chg sides, 0 chg coeffs, 0 upgd conss, 0 impls, 192 clqs
(round 2, fast)       17 del vars, 1 del conss, 0 add conss, 0 chg bounds, 0 chg sides, 0 chg coeffs, 0 upgd conss, 0 impls, 192 clqs
(round 3, exhaustive) 17 del vars, 9 del conss, 0 add conss, 0 chg bounds, 8 chg sides, 0 chg coeffs, 0 upgd conss, 0 impls, 192 clqs
(round 4, exhaustive) 17 del vars, 9 del conss, 0 add conss, 0 chg bounds, 8 chg sides, 0 chg coeffs, 184 upgd conss, 0 impls, 192 clqs
(round 5, medium)     48 del vars, 9 del conss, 0 add conss, 0 chg bounds, 8 chg sides, 31 chg coeffs, 184 upgd conss, 0 impls, 192 clqs
(round 6, fast)       63 del vars, 9 del conss, 0 add conss, 0 chg bounds, 8 chg sides, 31 chg coeffs, 184 upgd conss, 0 impls, 191 clqs
(round 7, exhaustive) 63 del vars, 11 del conss, 0 add conss, 0 chg bounds, 8 chg sides, 31 chg coeffs, 184 upgd conss, 0 impls, 191 clqs
   (0.0s) probing: 51/437 (11.7%) - 0 fixings, 0 aggregations, 0 implications, 0 bound changes
   (0.0s) probing aborted: 50/50 successive totally useless probings
   (0.0s) symmetry computation started: requiring (bin +, int +, cont +), (fixed: bin -, int -, cont -)
   (0.0s) no symmetry present (symcode time: 0.00)
presolving (8 rounds: 8 fast, 6 medium, 4 exhaustive):
 63 deleted vars, 11 deleted constraints, 0 added constraints, 0 tightened bounds, 0 added holes, 8 changed sides, 31 changed coefficients
 0 implications, 191 cliques
presolved problem has 437 variables (437 bin, 0 int, 0 impl, 0 cont) and 182 constraints
    182 constraints of type <setppc>
Presolving Time: 0.02

 time | node  | left  |LP iter|LP it/n|mem/heur|mdpt |vars |cons |rows |cuts |sepa|confs|strbr|  dualbound   | primalbound  |  gap   | compl. 
  0.1s|     1 |     0 |  1260 |     - |  5373k |   0 | 437 | 182 | 182 |   0 |  0 |   0 |   0 | 7.115866e+03 |      --      |    Inf | unknown
d 0.1s|     1 |     0 |  1260 |     - |farkasdi|   0 | 437 | 182 | 182 |   0 |  1 |   0 |   0 | 7.115866e+03 | 2.414456e+03 | 194.72%| unknown
d 0.1s|     1 |     0 |  1323 |     - |farkasdi|   0 | 437 | 182 | 182 |   0 |  1 |   0 |   0 | 7.115866e+03 | 3.308191e+03 | 115.10%| unknown
d 0.1s|     1 |     0 |  1374 |     - |farkasdi|   0 | 437 | 182 | 182 |   0 |  1 |   0 |   0 | 7.115866e+03 | 3.801031e+03 |  87.21%| unknown
d 0.1s|     1 |     0 |  1414 |     - |farkasdi|   0 | 437 | 182 | 182 |   0 |  1 |   0 |   0 | 7.115866e+03 | 5.045440e+03 |  41.04%| unknown
d 0.1s|     1 |     0 |  1430 |     - |farkasdi|   0 | 437 | 182 | 182 |   0 |  1 |   0 |   0 | 7.115866e+03 | 6.562307e+03 |   8.44%| unknown
  0.1s|     1 |     0 |  1430 |     - |  5466k |   0 | 437 | 182 | 182 |   0 |  1 |   0 |   0 | 7.115866e+03 | 6.562307e+03 |   8.44%| unknown
  0.2s|     1 |     2 |  1430 |     - |  5623k |   0 | 437 | 182 | 182 |   0 |  2 |   0 |  26 | 7.072615e+03 | 6.562307e+03 |   7.78%| unknown

SCIP Status        : solving was interrupted [node limit reached]
Solving Time (sec) : 0.21
Solving Nodes      : 1
Primal Bound       : +6.56230734653216e+03 (30 solutions)
Dual Bound         : +7.07261502477998e+03
Gap                : 7.78 %
