presolving:
(round 1, fast)       1 del vars, 1 del conss, 0 add conss, 0 chg bounds, 0 chg sides, 0 chg coeffs, 0 upgd conss, 0 impls, 196 clqs
   (0.0s) running MILP presolver
   (0.0s) MILP presolver (2 rounds): 0 aggregations, 15 fixings, 0 bound changes
(round 2, medium)     16 del vars, 1 del conss, 0 add conss, 0 chg bounds, 0 chg sides, 0 chg coeffs, 0 upgd conss, 0 impls, 196 clqs
(round 3, exhaustive) 16 del vars, 5 del conss, 0 add conss, 0 chg bounds, 4 chg sides, 0 chg coeffs, 0 upgd conss, 0 impls, 196 clqs
(round 4, exhaustive) 16 del vars, 5 del conss, 0 add conss, 0 chg bounds, 4 chg sides, 0 chg coeffs, 192 upgd conss, 0 impls, 196 clqs
(round 5, medium)     49 del vars, 5 del conss, 0 add conss, 0 chg bounds, 4 chg sides, 33 chg coeffs, 192 upgd conss, 0 impls, 196 clqs
(round 6, fast)       61 del vars, 5 del conss, 0 add conss, 0 chg bounds, 4 chg sides, 33 chg coeffs, 192 upgd conss, 0 impls, 195 clqs
(round 7, exhaustive) 61 del vars, 11 del conss, 0 add conss, 0 chg bounds, 4 chg sides, 33 chg coeffs, 192 upgd conss, 0 impls, 195 clqs
   (0.0s) probing: 51/439 (11.6%) - 0 fixings, 0 aggregations, 0 implications, 0 bound changes
   (0.0s) probing aborted: 50/50 successive totally useless probings
   (0.0s) symmetry computation started: requiring (bin +, int +, cont +), (fixed: bin -, int -, cont -)
   (0.0s) no symmetry present (symcode time: 0.00)
presolving (8 rounds: 8 fast, 6 medium, 4 exhaustive):
 61 deleted vars, 11 deleted constraints, 0 added constraints, 0 tightened bounds, 0 added holes, 4 changed sides, 33 changed coefficients
 0 implications, 195 cliques
presolved problem has 439 variables (439 bin, 0 int, 0 impl, 0 cont) and 186 constraints
    186 constraints of type <setppc>
Presolving Time: 0.02

 time | node  | left  |LP iter|LP it/n|mem/heur|mdpt |vars |cons |rows |cuts |sepa|confs|strbr|  dualbound   | primalbound  |  gap   | compl. 
  0.1s|     1 |     0 |  1322 |     - |  5412k |   0 | 439 | 186 | 186 |   0 |  0 |   0 |   0 | 7.716838e+03 |      --      |    Inf | unknown
d 0.1s|     1 |     0 |  1322 |     - |farkasdi|   0 | 439 | 186 | 186 |   0 |  1 |   0 |   0 | 7.716838e+03 | 2.814098e+03 | 174.22%| unknown
d 0.1s|     1 |     0 |  1379 |     - |farkasdi|   0 | 439 | 186 | 186 |   0 |  1 |   0 |   0 | 7.716838e+03 | 3.456631e+03 | 123.25%| unknown
d 0.1s|     1 |     0 |  1399 |     - |farkasdi|   0 | 439 | 186 | 186 |   0 |  1 |   0 |   0 | 7.716838e+03 | 4.535610e+03 |  70.14%| unknown
d 0.1s|     1 |     0 |  1411 |     - |farkasdi|   0 | 439 | 186 | 186 |   0 |  1 |   0 |   0 | 7.716838e+03 | 7.540425e+03 |   2.34%| unknown
  0.1s|     1 |     0 |  1411 |     - |  5514k |   0 | 439 | 186 | 186 |   0 |  1 |   0 |   0 | 7.716838e+03 | 7.540425e+03 |   2.34%| unknown
  0.1s|     1 |     0 |  1411 |     - |  5514k |   0 | 439 | 186 | 185 |   0 |  1 |   0 |   0 | 7.716838e+03 | 7.540425e+03 |   2.34%| unknown

SCIP Status        : solving was interrupted [node limit reached]
Solving Time (sec) : 0.10
Solving Nodes      : 1
Primal Bound       : +7.54042459388979e+03 (4 solutions)
Dual Bound         : +7.71683751578980e+03
Gap                : 2.34 %
