presolving:
(round 1, fast)       1 del vars, 4 del conss, 0 add conss, 0 chg bounds, 0 chg sides, 0 chg coeffs, 0 upgd conss, 0 impls, 188 clqs
(round 2, fast)       2 del vars, 4 del conss, 0 add conss, 0 chg bounds, 0 chg sides, 0 chg coeffs, 0 upgd conss, 0 impls, 188 clqs
   (0.0s) running MILP presolver
   (0.0s) MILP presolver (2 rounds): 0 aggregations, 20 fixings, 0 bound changes
(round 3, medium)     22 del vars, 4 del conss, 0 add conss, 0 chg bounds, 0 chg sides, 0 chg coeffs, 0 upgd conss, 0 impls, 188 clqs
(round 4, exhaustive) 22 del vars, 10 del conss, 0 add conss, 0 chg bounds, 6 chg sides, 0 chg coeffs, 0 upgd conss, 0 impls, 188 clqs
(round 5, exhaustive) 22 del vars, 10 del conss, 0 add conss, 0 chg bounds, 6 chg sides, 0 chg coeffs, 182 upgd conss, 0 impls, 188 clqs
(round 6, medium)     50 del vars, 10 del conss, 0 add conss, 0 chg bounds, 6 chg sides, 28 chg coeffs, 182 upgd conss, 0 impls, 188 clqs
(round 7, fast)       66 del vars, 10 del conss, 0 add conss, 0 chg bounds, 6 chg sides, 28 chg coeffs, 182 upgd conss, 0 impls, 188 clqs
(round 8, exhaustive) 66 del vars, 13 del conss, 0 add conss, 0 chg bounds, 6 chg sides, 28 chg coeffs, 182 upgd conss, 0 impls, 188 clqs
   (0.0s) probing: 51/434 (11.8%) - 0 fixings, 0 aggregations, 0 implications, 0 bound changes
   (0.0s) probing aborted: 50/50 successive totally useless probings
   (0.0s) symmetry computation started: requiring (bin +, int +, cont +), (fixed: bin -, int -, cont -)
   (0.0s) no symmetry present (symcode time: 0.00)
presolving (9 rounds: 9 fast, 6 medium, 4 exhaustive):
 66 deleted vars, 13 deleted constraints, 0 added constraints, 0 tightened bounds, 0 added holes, 6 changed sides, 28 changed coefficients
 0 implications, 188 cliques
presolved problem has 434 variables (434 bin, 0 int, 0 impl, 0 cont) and 179 constraints
    179 constraints of type <setppc>
Presolving Time: 0.02

 time | node  | left  |LP iter|LP it/n|mem/heur|mdpt |vars |cons |rows |cuts |sepa|confs|strbr|  dualbound   | primalbound  |  gap   | compl. 
  0.1s|     1 |     0 |  1482 |     - |  5665k |   0 | 434 | 179 | 179 |   0 |  0 |   0 |   0 | 7.256241e+03 |      --      |    Inf | unknown
d 0.1s|     1 |     0 |  1482 |     - |farkasdi|   0 | 434 | 179 | 179 |   0 |  1 |   0 |   0 | 7.256241e+03 | 2.819805e+03 | 157.33%| unknown
d 0.1s|     1 |     0 |  1692 |     - |farkasdi|   0 | 434 | 179 | 179 |   0 |  1 |   0 |   0 | 7.256241e+03 | 3.208332e+03 | 126.17%| unknown
d 0.1s|     1 |     0 |  1775 |     - |farkasdi|   0 | 434 | 179 | 179 |   0 |  1 |   0 |   0 | 7.256241e+03 | 3.560332e+03 | 103.81%| unknown
d 0.1s|     1 |     0 |  1817 |     - |farkasdi|   0 | 434 | 179 | 179 |   0 |  1 |   0 |   0 | 7.256241e+03 | 4.975120e+03 |  45.85%| unknown
d 0.1s|     1 |     0 |  1820 |     - |farkasdi|   0 | 434 | 179 | 179 |   0 |  1 |   0 |   0 | 7.256241e+03 | 5.554242e+03 |  30.64%| unknown
d 0.1s|     1 |     0 |  1827 |     - |farkasdi|   0 | 434 | 179 | 179 |   0 |  1 |   0 |   0 | 7.256241e+03 | 6.636340e+03 |   9.34%| unknown
  0.1s|     1 |     0 |  1827 |     - |  5771k |   0 | 434 | 179 | 179 |   0 |  1 |   0 |   0 | 7.256241e+03 | 6.636340e+03 |   9.34%| unknown
  0.1s|     1 |     0 |  1827 |     - |  5771k |   0 | 434 | 179 | 179 |   0 |  1 |   0 |   0 | 7.256241e+03 | 6.636340e+03 |   9.34%| unknown
  0.2s|     1 |     2 |  1827 |     - |  5867k |   0 | 434 | 179 | 179 |   0 |  2 |   0 |  19 | 7.214219e+03 | 6.636340e+03 |   8.71%| unknown

SCIP Status        : solving was interrupted [node limit reached]
Solving Time (sec) : 0.18
Solving Nodes      : 1
Primal Bound       : +6.63633984433721e+03 (29 solutions)
Dual Bound         : +7.21421915433486e+03
Gap                : 8.71 %
