presolving:
   (0.0s) running MILP presolver
   (0.0s) MILP presolver (2 rounds): 0 aggregations, 14 fixings, 0 bound changes
(round 1, medium)     14 del vars, 0 del conss, 0 add conss, 0 chg bounds, 0 chg sides, 0 chg coeffs, 0 upgd conss, 0 impls, 190 clqs
(round 2, fast)       14 del vars, 1 del conss, 0 add conss, 0 chg bounds, 0 chg sides, 0 chg coeffs, 0 upgd conss, 0 impls, 190 clqs
(round 3, exhaustive) 14 del vars, 4 del conss, 0 add conss, 0 chg bounds, 3 chg sides, 0 chg coeffs, 0 upgd conss, 0 impls, 190 clqs
(round 4, exhaustive) 14 del vars, 4 del conss, 0 add conss, 0 chg bounds, 3 chg sides, 0 chg coeffs, 187 upgd conss, 0 impls, 190 clqs
(round 5, medium)     56 del vars, 4 del conss, 0 add conss, 0 chg bounds, 3 chg sides, 42 chg coeffs, 187 upgd conss, 0 impls, 190 clqs
(round 6, fast)       70 del vars, 4 del conss, 0 add conss, 0 chg bounds, 3 chg sides, 42 chg coeffs, 187 upgd conss, 0 impls, 189 clqs
(round 7, exhaustive) 70 del vars, 8 del conss, 0 add conss, 0 chg bounds, 3 chg sides, 42 chg coeffs, 187 upgd conss, 0 impls, 189 clqs
   (0.0s) probing: 51/430 (11.9%) - 0 fixings, 0 aggregations, 0 implications, 0 bound changes
   (0.0s) probing aborted: 50/50 successive totally useless probings
   (0.0s) symmetry computation started: requiring (bin +, int +, cont +), (fixed: bin -, int -, cont -)
   (0.0s) no symmetry present (symcode time: 0.00)
presolving (8 rounds: 8 fast, 6 medium, 4 exhaustive):
 70 deleted vars, 8 deleted constraints, 0 added constraints, 0 tightened bounds, 0 added holes, 3 changed sides, 42 changed coefficients
 0 implications, 189 cliques
presolved problem has 430 variables (430 bin, 0 int, 0 impl, 0 cont) and 183 constraints
    183 constraints of type <setppc>
Presolving Time: 0.02

 time | node  | left  |LP iter|LP it/n|mem/heur|mdpt |vars |cons |rows |cuts |sepa|confs|strbr|  dualbound   | primalbound  |  gap   | compl. 
  0.1s|     1 |     0 |  1818 |     - |  5502k |   0 | 430 | 183 | 183 |   0 |  0 |   0 |   0 | 7.100688e+03 |      --      |    Inf | unknown
d 0.1s|     1 |     0 |  1818 |     - |farkasdi|   0 | 430 | 183 | 183 |   0 |  1 |   0 |   0 | 7.100688e+03 | 2.799630e+03 | 153.63%| unknown
d 0.1s|     1 |     0 |  1975 |     - |farkasdi|   0 | 430 | 183 | 183 |   0 |  1 |   0 |   0 | 7.100688e+03 | 3.511295e+03 | 102.22%| unknown
d 0.1s|     1 |     0 |  2023 |     - |farkasdi|   0 | 430 | 183 | 183 |   0 |  1 |   0 |   0 | 7.100688e+03 | 4.767691e+03 |  48.93%| unknown
d 0.1s|     1 |     0 |  2027 |     - |farkasdi|   0 | 430 | 183 | 183 |   0 |  1 |   0 |   0 | 7.100688e+03 | 5.430029e+03 |  30.77%| unknown
d 0.1s|     1 |     0 |  2032 |     - |farkasdi|   0 | 430 | 183 | 183 |   0 |  1 |   0 |   0 | 7.100688e+03 | 6.553704e+03 |   8.35%| unknown
  0.1s|     1 |     0 |  2032 |     - |  5618k |   0 | 430 | 183 | 183 |   0 |  1 |   0 |   0 | 7.100688e+03 | 6.553704e+03 |   8.35%| unknown
  0.1s|     1 |     0 |  2032 |     - |  5618k |   0 | 430 | 183 | 183 |   0 |  1 |   0 |   0 | 7.100688e+03 | 6.553704e+03 |   8.35%| unknown
  0.4s|     1 |     2 |  2032 |     - |  5900k |   0 | 430 | 183 | 183 |   0 |  2 |   0 |  33 | 7.060465e+03 | 6.553704e+03 |   7.73%| unknown

SCIP Status        : solving was interrupted [node limit reached]
Solving Time (sec) : 0.36
Solving Nodes      : 1
Primal Bound       : +6.55370364698432e+03 (49 solutions)
Dual Bound         : +7.06046521435403e+03
Gap                : 7.73 %
