presolving:
(round 1, fast)       0 del vars, 1 del conss, 0 add conss, 0 chg bounds, 0 chg sides, 0 chg coeffs, 0 upgd conss, 0 impls, 190 clqs
   (0.0s) running MILP presolver
   (0.0s) MILP presolver (2 rounds): 0 aggregations, 15 fixings, 0 bound changes
(round 2, medium)     15 del vars, 1 del conss, 0 add conss, 0 chg bounds, 0 chg sides, 0 chg coeffs, 0 upgd conss, 0 impls, 190 clqs
(round 3, exhaustive) 15 del vars, 3 del conss, 0 add conss, 0 chg bounds, 2 chg sides, 0 chg coeffs, 0 upgd conss, 0 impls, 190 clqs
(round 4, exhaustive) 15 del vars, 3 del conss, 0 add conss, 0 chg bounds, 2 chg sides, 0 chg coeffs, 188 upgd conss, 0 impls, 190 clqs
(round 5, medium)     52 del vars, 3 del conss, 0 add conss, 0 chg bounds, 2 chg sides, 37 chg coeffs, 188 upgd conss, 0 impls, 190 clqs
(round 6, fast)       75 del vars, 5 del conss, 0 add conss, 0 chg bounds, 2 chg sides, 37 chg coeffs, 188 upgd conss, 0 impls, 188 clqs
(round 7, exhaustive) 75 del vars, 9 del conss, 0 add conss, 0 chg bounds, 2 chg sides, 37 chg coeffs, 188 upgd conss, 0 impls, 188 clqs
   (0.0s) probing: 51/425 (12.0%) - 0 fixings, 0 aggregations, 0 implications, 0 bound changes
   (0.0s) probing aborted: 50/50 successive totally useless probings
   (0.0s) symmetry computation started: requiring (bin +, int +, cont +), (fixed: bin -, int -, cont -)
   (0.0s) no symmetry present (symcode time: 0.00)
presolving (8 rounds: 8 fast, 6 medium, 4 exhaustive):
 75 deleted vars, 9 deleted constraints, 0 added constraints, 0 tightened bounds, 0 added holes, 2 changed sides, 37 changed coefficients
 0 implications, 188 cliques
presolved problem has 425 variables (425 bin, 0 int, 0 impl, 0 cont) and 182 constraints
    182 constraints of type <setppc>
Presolving Time: 0.02

 time | node  | left  |LP iter|LP it/n|mem/heur|mdpt |vars |cons |rows |cuts |sepa|confs|strbr|  dualbound   | primalbound  |  gap   | compl. 
  0.1s|     1 |     0 |  1929 |     - |  5447k |   0 | 425 | 182 | 182 |   0 |  0 |   0 |   0 | 7.936769e+03 |      --      |    Inf | unknown
d 0.1s|     1 |     0 |  1929 |     - |farkasdi|   0 | 425 | 182 | 182 |   0 |  1 |   0 |   0 | 7.936769e+03 | 3.036202e+03 | 161.40%| unknown
d 0.1s|     1 |     0 |  2073 |     - |farkasdi|   0 | 425 | 182 | 182 |   0 |  1 |   0 |   0 | 7.936769e+03 | 4.084324e+03 |  94.32%| unknown
d 0.1s|     1 |     0 |  2141 |     - |farkasdi|   0 | 425 | 182 | 182 |   0 |  1 |   0 |   0 | 7.936769e+03 | 5.083924e+03 |  56.12%| unknown
d 0.1s|     1 |     0 |  2164 |     - |farkasdi|   0 | 425 | 182 | 182 |   0 |  1 |   0 |   0 | 7.936769e+03 | 7.164950e+03 |  10.77%| unknown
  0.1s|     1 |     0 |  2164 |     - |  5562k |   0 | 425 | 182 | 182 |   0 |  1 |   0 |   0 | 7.936769e+03 | 7.164950e+03 |  10.77%| unknown
  0.3s|     1 |     2 |  2164 |     - |  5761k |   0 | 425 | 182 | 182 |   0 |  2 |   0 |  38 | 7.889691e+03 | 7.164950e+03 |  10.12%| unknown

SCIP Status        : solving was interrupted [node limit reached]
Solving Time (sec) : 0.33
Solving Nodes      : 1
Primal Bound       : +7.16495037133634e+03 (42 solutions)
Dual Bound         : +7.88969056940435e+03
Gap                : 10.12 %
