presolving:
(round 1, fast)       0 del vars, 1 del conss, 0 add conss, 0 chg bounds, 0 chg sides, 0 chg coeffs, 0 upgd conss, 0 impls, 191 clqs
   (0.0s) running MILP presolver
   (0.0s) MILP presolver (2 rounds): 0 aggregations, 32 fixings, 0 bound changes
(round 2, medium)     32 del vars, 1 del conss, 0 add conss, 0 chg bounds, 0 chg sides, 0 chg coeffs, 0 upgd conss, 0 impls, 190 clqs
(round 3, fast)       32 del vars, 2 del conss, 0 add conss, 0 chg bounds, 0 chg sides, 0 chg coeffs, 0 upgd conss, 0 impls, 190 clqs
(round 4, exhaustive) 32 del vars, 7 del conss, 0 add conss, 0 chg bounds, 5 chg sides, 0 chg coeffs, 0 upgd conss, 0 impls, 190 clqs
(round 5, exhaustive) 32 del vars, 7 del conss, 0 add conss, 0 chg bounds, 5 chg sides, 0 chg coeffs, 185 upgd conss, 0 impls, 190 clqs
(round 6, medium)     76 del vars, 7 del conss, 0 add conss, 0 chg bounds, 5 chg sides, 44 chg coeffs, 185 upgd conss, 0 impls, 190 clqs
(round 7, fast)       105 del vars, 8 del conss, 0 add conss, 0 chg bounds, 5 chg sides, 44 chg coeffs, 185 upgd conss, 0 impls, 188 clqs
   (0.0s) running MILP presolver
   (0.0s) MILP presolver (2 rounds): 0 aggregations, 4 fixings, 0 bound changes
(round 8, medium)     109 del vars, 9 del conss, 0 add conss, 0 chg bounds, 5 chg sides, 44 chg coeffs, 185 upgd conss, 0 impls, 187 clqs
(round 9, exhaustive) 109 del vars, 14 del conss, 0 add conss, 0 chg bounds, 5 chg sides, 44 chg coeffs, 185 upgd conss, 0 impls, 187 clqs
   (0.0s) probing: 51/391 (13.0%) - 0 fixings, 0 aggregations, 0 implications, 0 bound changes
   (0.0s) probing aborted: 50/50 successive totally useless probings
   (0.0s) symmetry computation started: requiring (bin +, int +, cont +), (fixed: bin -, int -, cont -)
   (0.0s) no symmetry present (symcode time: 0.00)
presolving (10 rounds: 10 fast, 7 medium, 4 exhaustive):
 109 deleted vars, 14 deleted constraints, 0 added constraints, 0 tightened bounds, 0 added holes, 5 changed sides, 44 changed coefficients
 0 implications, 187 cliques
presolved problem has 391 variables (391 bin, 0 int, 0 impl, 0 cont) and 178 constraints
    178 constraints of type <setppc>
Presolving Time: 0.02

 time | node  | left  |LP iter|LP it/n|mem/heur|mdpt |vars |cons |rows |cuts |sepa|confs|strbr|  dualbound   | primalbound  |  gap   | compl. 
  0.1s|     1 |     0 |  1077 |     - |  4898k |   0 | 391 | 178 | 178 |   0 |  0 |   0 |   0 | 8.129421e+03 |      --      |    Inf | unknown
d 0.1s|     1 |     0 |  1077 |     - |farkasdi|   0 | 391 | 178 | 178 |   0 |  1 |   0 |   0 | 8.129421e+03 | 3.875316e+03 | 109.77%| unknown
d 0.1s|     1 |     0 |  1104 |     - |farkasdi|   0 | 391 | 178 | 178 |   0 |  1 |   0 |   0 | 8.129421e+03 | 5.860766e+03 |  38.71%| unknown
d 0.1s|     1 |     0 |  1105 |     - |farkasdi|   0 | 391 | 178 | 178 |   0 |  1 |   0 |   0 | 8.129421e+03 | 6.862297e+03 |  18.47%| unknown
d 0.1s|     1 |     0 |  1124 |     - |farkasdi|   0 | 391 | 178 | 178 |   0 |  1 |   0 |   0 | 8.129421e+03 | 7.953050e+03 |   2.22%| unknown
  0.1s|     1 |     0 |  1124 |     - |  5002k |   0 | 391 | 178 | 178 |   0 |  1 |   0 |   0 | 8.129421e+03 | 7.953050e+03 |   2.22%| unknown
  0.1s|     1 |     0 |  1124 |     - |  5002k |   0 | 391 | 178 | 173 |   0 |  1 |   0 |   0 | 8.129421e+03 | 7.953050e+03 |   2.22%| unknown

SCIP Status        : solving was interrupted [node limit reached]
Solving Time (sec) : 0.06
Solving Nodes      : 1
Primal Bound       : +7.95304969098468e+03 (4 solutions)
Dual Bound         : +8.12942149631697e+03
Gap                : 2.22 %
