presolving:
(round 1, fast)       0 del vars, 1 del conss, 0 add conss, 0 chg bounds, 0 chg sides, 0 chg coeffs, 0 upgd conss, 0 impls, 191 clqs
   (0.0s) running MILP presolver
   (0.0s) MILP presolver (2 rounds): 0 aggregations, 20 fixings, 0 bound changes
(round 2, medium)     20 del vars, 1 del conss, 0 add conss, 0 chg bounds, 0 chg sides, 0 chg coeffs, 0 upgd conss, 0 impls, 191 clqs
(round 3, fast)       21 del vars, 2 del conss, 0 add conss, 0 chg bounds, 0 chg sides, 0 chg coeffs, 0 upgd conss, 0 impls, 190 clqs
(round 4, exhaustive) 21 del vars, 7 del conss, 0 add conss, 0 chg bounds, 5 chg sides, 0 chg coeffs, 0 upgd conss, 0 impls, 190 clqs
(round 5, exhaustive) 21 del vars, 7 del conss, 0 add conss, 0 chg bounds, 5 chg sides, 0 chg coeffs, 185 upgd conss, 0 impls, 190 clqs
(round 6, medium)     61 del vars, 7 del conss, 0 add conss, 0 chg bounds, 5 chg sides, 40 chg coeffs, 185 upgd conss, 0 impls, 190 clqs
(round 7, fast)       73 del vars, 7 del conss, 0 add conss, 0 chg bounds, 5 chg sides, 40 chg coeffs, 185 upgd conss, 0 impls, 189 clqs
(round 8, exhaustive) 73 del vars, 10 del conss, 0 add conss, 0 chg bounds, 5 chg sides, 40 chg coeffs, 185 upgd conss, 0 impls, 189 clqs
   (0.0s) probing: 51/427 (11.9%) - 0 fixings, 0 aggregations, 0 implications, 0 bound changes
   (0.0s) probing aborted: 50/50 successive totally useless probings
   (0.0s) symmetry computation started: requiring (bin +, int +, cont +), (fixed: bin -, int -, cont -)
   (0.0s) no symmetry present (symcode time: 0.00)
presolving (9 rounds: 9 fast, 6 medium, 4 exhaustive):
 73 deleted vars, 10 deleted constraints, 0 added constraints, 0 tightened bounds, 0 added holes, 5 changed sides, 40 changed coefficients
 0 implications, 189 cliques
presolved problem has 427 variables (427 bin, 0 int, 0 impl, 0 cont) and 182 constraints
    182 constraints of type <setppc>
Presolving Time: 0.02

 time | node  | left  |LP iter|LP it/n|mem/heur|mdpt |vars |cons |rows |cuts |sepa|confs|strbr|  dualbound   | primalbound  |  gap   | compl. 
  0.1s|     1 |     0 |  1651 |     - |  5349k |   0 | 427 | 182 | 182 |   0 |  0 |   0 |   0 | 7.322814e+03 |      --      |    Inf | unknown
d 0.1s|     1 |     0 |  1651 |     - |farkasdi|   0 | 427 | 182 | 182 |   0 |  1 |   0 |   0 | 7.322814e+03 | 2.735838e+03 | 167.66%| unknown
d 0.1s|     1 |     0 |  1780 |     - |farkasdi|   0 | 427 | 182 | 182 |   0 |  1 |   0 |   0 | 7.322814e+03 | 3.580139e+03 | 104.54%| unknown
d 0.1s|     1 |     0 |  1832 |     - |farkasdi|   0 | 427 | 182 | 182 |   0 |  1 |   0 |   0 | 7.322814e+03 | 4.389865e+03 |  66.81%| unknown
d 0.1s|     1 |     0 |  1847 |     - |farkasdi|   0 | 427 | 182 | 182 |   0 |  1 |   0 |   0 | 7.322814e+03 | 5.625679e+03 |  30.17%| unknown
d 0.1s|     1 |     0 |  1855 |     - |farkasdi|   0 | 427 | 182 | 182 |   0 |  1 |   0 |   0 | 7.322814e+03 | 6.636696e+03 |  10.34%| unknown
d 0.1s|     1 |     0 |  1859 |     - |farkasdi|   0 | 427 | 182 | 182 |   0 |  1 |   0 |   0 | 7.322814e+03 | 6.787260e+03 |   7.89%| unknown
  0.1s|     1 |     0 |  1859 |     - |  5464k |   0 | 427 | 182 | 182 |   0 |  1 |   0 |   0 | 7.322814e+03 | 6.787260e+03 |   7.89%| unknown
  0.3s|     1 |     2 |  1859 |     - |  5550k |   0 | 427 | 182 | 182 |   0 |  2 |   0 |  19 | 7.241145e+03 | 6.787260e+03 |   6.69%| unknown

SCIP Status        : solving was interrupted [node limit reached]
Solving Time (sec) : 0.29
Solving Nodes      : 1
Primal Bound       : +6.78726037953885e+03 (26 solutions)
Dual Bound         : +7.24114461696469e+03
Gap                : 6.69 %
