presolving:
(round 1, fast)       0 del vars, 1 del conss, 0 add conss, 0 chg bounds, 0 chg sides, 0 chg coeffs, 0 upgd conss, 0 impls, 194 clqs
(round 2, fast)       1 del vars, 1 del conss, 0 add conss, 0 chg bounds, 0 chg sides, 0 chg coeffs, 0 upgd conss, 0 impls, 194 clqs
   (0.0s) running MILP presolver
   (0.0s) MILP presolver (2 rounds): 0 aggregations, 11 fixings, 0 bound changes
(round 3, medium)     12 del vars, 1 del conss, 0 add conss, 0 chg bounds, 0 chg sides, 0 chg coeffs, 0 upgd conss, 0 impls, 194 clqs
(round 4, exhaustive) 12 del vars, 4 del conss, 0 add conss, 0 chg bounds, 3 chg sides, 0 chg coeffs, 0 upgd conss, 0 impls, 194 clqs
(round 5, exhaustive) 12 del vars, 4 del conss, 0 add conss, 0 chg bounds, 3 chg sides, 0 chg coeffs, 191 upgd conss, 0 impls, 194 clqs
(round 6, medium)     44 del vars, 4 del conss, 0 add conss, 0 chg bounds, 3 chg sides, 32 chg coeffs, 191 upgd conss, 0 impls, 194 clqs
(round 7, fast)       59 del vars, 4 del conss, 0 add conss, 0 chg bounds, 3 chg sides, 32 chg coeffs, 191 upgd conss, 0 impls, 194 clqs
(round 8, exhaustive) 59 del vars, 6 del conss, 0 add conss, 0 chg bounds, 3 chg sides, 32 chg coeffs, 191 upgd conss, 0 impls, 194 clqs
   (0.0s) probing: 51/441 (11.6%) - 0 fixings, 0 aggregations, 0 implications, 0 bound changes
   (0.0s) probing aborted: 50/50 successive totally useless probings
   (0.0s) symmetry computation started: requiring (bin +, int +, cont +), (fixed: bin -, int -, cont -)
   (0.0s) no symmetry present (symcode time: 0.00)
presolving (9 rounds: 9 fast, 6 medium, 4 exhaustive):
 59 deleted vars, 6 deleted constraints, 0 added constraints, 0 tightened bounds, 0 added holes, 3 changed sides, 32 changed coefficients
 0 implications, 194 cliques
presolved problem has 441 variables (441 bin, 0 int, 0 impl, 0 cont) and 189 constraints
    189 constraints of type <setppc>
Presolving Time: 0.02

 time | node  | left  |LP iter|LP it/n|mem/heur|mdpt |vars |cons |rows |cuts |sepa|confs|strbr|  dualbound   | primalbound  |  gap   | compl. 
  0.1s|     1 |     0 |  1787 |     - |  5627k |   0 | 441 | 189 | 189 |   0 |  0 |   0 |   0 | 7.660545e+03 |      --      |    Inf | unknown
d 0.1s|     1 |     0 |  1787 |     - |farkasdi|   0 | 441 | 189 | 189 |   0 |  1 |   0 |   0 | 7.660545e+03 | 2.848323e+03 | 168.95%| unknown
d 0.1s|     1 |     0 |  1897 |     - |farkasdi|   0 | 441 | 189 | 189 |   0 |  1 |   0 |   0 | 7.660545e+03 | 3.352535e+03 | 128.50%| unknown
d 0.1s|     1 |     0 |  2011 |     - |farkasdi|   0 | 441 | 189 | 189 |   0 |  1 |   0 |   0 | 7.660545e+03 | 4.275740e+03 |  79.16%| unknown
d 0.1s|     1 |     0 |  2048 |     - |farkasdi|   0 | 441 | 189 | 189 |   0 |  1 |   0 |   0 | 7.660545e+03 | 5.403324e+03 |  41.77%| unknown
d 0.1s|     1 |     0 |  2061 |     - |farkasdi|   0 | 441 | 189 | 189 |   0 |  1 |   0 |   0 | 7.660545e+03 | 6.120549e+03 |  25.16%| unknown
d 0.1s|     1 |     0 |  2063 |     - |farkasdi|   0 | 441 | 189 | 189 |   0 |  1 |   0 |   0 | 7.660545e+03 | 6.848476e+03 |  11.86%| unknown
  0.1s|     1 |     0 |  2063 |     - |  5736k |   0 | 441 | 189 | 189 |   0 |  1 |   0 |   0 | 7.660545e+03 | 6.848476e+03 |  11.86%| unknown
  0.3s|     1 |     2 |  2063 |     - |  6012k |   0 | 441 | 189 | 189 |   0 |  2 |   0 |  26 | 7.616032e+03 | 6.848476e+03 |  11.21%| unknown

SCIP Status        : solving was interrupted [node limit reached]
Solving Time (sec) : 0.30
Solving Nodes      : 1
Primal Bound       : +6.84847619661671e+03 (37 solutions)
Dual Bound         : +7.61603169862841e+03
Gap                : 11.21 %
