presolving:
   (0.0s) running MILP presolver
   (0.0s) MILP presolver (2 rounds): 0 aggregations, 10 fixings, 0 bound changes
(round 1, medium)     10 del vars, 0 del conss, 0 add conss, 0 chg bounds, 0 chg sides, 0 chg coeffs, 0 upgd conss, 0 impls, 195 clqs
(round 2, exhaustive) 10 del vars, 7 del conss, 0 add conss, 0 chg bounds, 7 chg sides, 0 chg coeffs, 0 upgd conss, 0 impls, 195 clqs
(round 3, exhaustive) 10 del vars, 7 del conss, 0 add conss, 0 chg bounds, 7 chg sides, 0 chg coeffs, 188 upgd conss, 0 impls, 195 clqs
(round 4, medium)     47 del vars, 7 del conss, 0 add conss, 0 chg bounds, 7 chg sides, 37 chg coeffs, 188 upgd conss, 0 impls, 195 clqs
(round 5, fast)       63 del vars, 7 del conss, 0 add conss, 0 chg bounds, 7 chg sides, 37 chg coeffs, 188 upgd conss, 0 impls, 195 clqs
(round 6, exhaustive) 63 del vars, 9 del conss, 0 add conss, 0 chg bounds, 7 chg sides, 37 chg coeffs, 188 upgd conss, 0 impls, 195 clqs
(round 7, exhaustive) 64 del vars, 9 del conss, 0 add conss, 0 chg bounds, 7 chg sides, 37 chg coeffs, 188 upgd conss, 0 impls, 194 clqs
   (0.0s) probing: 51/436 (11.7%) - 0 fixings, 0 aggregations, 0 implications, 0 bound changes
   (0.0s) probing aborted: 50/50 successive totally useless probings
   (0.0s) symmetry computation started: requiring (bin +, int +, cont +), (fixed: bin -, int -, cont -)
   (0.0s) no symmetry present (symcode time: 0.00)
presolving (8 rounds: 8 fast, 7 medium, 5 exhaustive):
 64 deleted vars, 9 deleted constraints, 0 added constraints, 0 tightened bounds, 0 added holes, 7 changed sides, 37 changed coefficients
 0 implications, 194 cliques
presolved problem has 436 variables (436 bin, 0 int, 0 impl, 0 cont) and 186 constraints
    186 constraints of type <setppc>
Presolving Time: 0.04

 time | node  | left  |LP iter|LP it/n|mem/heur|mdpt |vars |cons |rows |cuts |sepa|confs|strbr|  dualbound   | primalbound  |  gap   | compl. 
  0.2s|     1 |     0 |  2475 |     - |  5207k |   0 | 436 | 186 | 186 |   0 |  0 |   0 |   0 | 8.358665e+03 |      --      |    Inf | unknown
d 0.2s|     1 |     0 |  2475 |     - |farkasdi|   0 | 436 | 186 | 186 |   0 |  1 |   0 |   0 | 8.358665e+03 | 2.975407e+03 | 180.93%| unknown
d 0.2s|     1 |     0 |  2640 |     - |farkasdi|   0 | 436 | 186 | 186 |   0 |  1 |   0 |   0 | 8.358665e+03 | 3.371447e+03 | 147.93%| unknown
d 0.2s|     1 |     0 |  2735 |     - |farkasdi|   0 | 436 | 186 | 186 |   0 |  1 |   0 |   0 | 8.358665e+03 | 7.124225e+03 |  17.33%| unknown
d 0.3s|     1 |     0 |  2741 |     - |farkasdi|   0 | 436 | 186 | 186 |   0 |  1 |   0 |   0 | 8.358665e+03 | 7.568060e+03 |  10.45%| unknown
  0.3s|     1 |     0 |  2741 |     - |  5328k |   0 | 436 | 186 | 186 |   0 |  1 |   0 |   0 | 8.358665e+03 | 7.568060e+03 |  10.45%| unknown
* 0.3s|     1 |     0 |  2741 |     - |strongbr|   0 | 436 | 186 | 186 |   0 |  2 |   0 |   2 | 8.358665e+03 | 8.345492e+03 |   0.16%| unknown
  0.3s|     1 |     0 |  2752 |     - |  5437k |   0 | 436 | 186 | 186 |   0 |  2 | 313 |   7 | 8.345492e+03 | 8.345492e+03 |   0.00%| unknown

SCIP Status        : problem is solved [optimal solution found]
Solving Time (sec) : 0.26
Solving Nodes      : 1
Primal Bound       : +8.34549191273303e+03 (9 solutions)
Dual Bound         : +8.34549191273303e+03
Gap                : 0.00 %
