presolving:
(round 1, fast)       0 del vars, 1 del conss, 0 add conss, 0 chg bounds, 0 chg sides, 0 chg coeffs, 0 upgd conss, 0 impls, 194 clqs
   (0.0s) running MILP presolver
   (0.0s) MILP presolver (2 rounds): 0 aggregations, 11 fixings, 0 bound changes
(round 2, medium)     11 del vars, 1 del conss, 0 add conss, 0 chg bounds, 0 chg sides, 0 chg coeffs, 0 upgd conss, 0 impls, 194 clqs
(round 3, exhaustive) 11 del vars, 3 del conss, 0 add conss, 0 chg bounds, 2 chg sides, 0 chg coeffs, 0 upgd conss, 0 impls, 194 clqs
(round 4, exhaustive) 11 del vars, 3 del conss, 0 add conss, 0 chg bounds, 2 chg sides, 0 chg coeffs, 192 upgd conss, 0 impls, 194 clqs
(round 5, medium)     42 del vars, 3 del conss, 0 add conss, 0 chg bounds, 2 chg sides, 31 chg coeffs, 192 upgd conss, 0 impls, 194 clqs
(round 6, fast)       47 del vars, 3 del conss, 0 add conss, 0 chg bounds, 2 chg sides, 31 chg coeffs, 192 upgd conss, 0 impls, 194 clqs
(round 7, exhaustive) 47 del vars, 5 del conss, 0 add conss, 0 chg bounds, 2 chg sides, 31 chg coeffs, 192 upgd conss, 0 impls, 194 clqs
   (0.0s) probing: 51/453 (11.3%) - 0 fixings, 0 aggregations, 0 implications, 0 bound changes
   (0.0s) probing aborted: 50/50 successive totally useless probings
   (0.0s) symmetry computation started: requiring (bin +, int +, cont +), (fixed: bin -, int -, cont -)
   (0.0s) no symmetry present (symcode time: 0.00)
presolving (8 rounds: 8 fast, 6 medium, 4 exhaustive):
 47 deleted vars, 5 deleted constraints, 0 added constraints, 0 tightened bounds, 0 added holes, 2 changed sides, 31 changed coefficients
 0 implications, 194 cliques
presolved problem has 453 variables (453 bin, 0 int, 0 impl, 0 cont) and 190 constraints
    190 constraints of type <setppc>
Presolving Time: 0.02

 time | node  | left  |LP iter|LP it/n|mem/heur|mdpt |vars |cons |rows |cuts |sepa|confs|strbr|  dualbound   | primalbound  |  gap   | compl. 
  0.2s|     1 |     0 |  2019 |     - |  5592k |   0 | 453 | 190 | 190 |   0 |  0 |   0 |   0 | 7.891173e+03 |      --      |    Inf | unknown
d 0.2s|     1 |     0 |  2019 |     - |farkasdi|   0 | 453 | 190 | 190 |   0 |  1 |   0 |   0 | 7.891173e+03 | 2.487801e+03 | 217.19%| unknown
d 0.2s|     1 |     0 |  2101 |     - |farkasdi|   0 | 453 | 190 | 190 |   0 |  1 |   0 |   0 | 7.891173e+03 | 4.104045e+03 |  92.28%| unknown
d 0.2s|     1 |     0 |  2176 |     - |farkasdi|   0 | 453 | 190 | 190 |   0 |  1 |   0 |   0 | 7.891173e+03 | 4.365835e+03 |  80.75%| unknown
d 0.2s|     1 |     0 |  2203 |     - |farkasdi|   0 | 453 | 190 | 190 |   0 |  1 |   0 |   0 | 7.891173e+03 | 6.041216e+03 |  30.62%| unknown
d 0.2s|     1 |     0 |  2212 |     - |farkasdi|   0 | 453 | 190 | 190 |   0 |  1 |   0 |   0 | 7.891173e+03 | 6.996280e+03 |  12.79%| unknown
  0.2s|     1 |     0 |  2212 |     - |  5733k |   0 | 453 | 190 | 190 |   0 |  1 |   0 |   0 | 7.891173e+03 | 6.996280e+03 |  12.79%| unknown
  0.3s|     1 |     2 |  2212 |     - |  5816k |   0 | 453 | 190 | 190 |   0 |  2 |   0 |  19 | 7.860126e+03 | 6.996280e+03 |  12.35%| unknown

SCIP Status        : solving was interrupted [node limit reached]
Solving Time (sec) : 0.30
Solving Nodes      : 1
Primal Bound       : +6.99628023105343e+03 (25 solutions)
Dual Bound         : +7.86012550984216e+03
Gap                : 12.35 %
