presolving:
   (0.0s) running MILP presolver
   (0.0s) MILP presolver (2 rounds): 0 aggregations, 17 fixings, 0 bound changes
(round 1, medium)     17 del vars, 0 del conss, 0 add conss, 0 chg bounds, 0 chg sides, 0 chg coeffs, 0 upgd conss, 0 impls, 191 clqs
(round 2, exhaustive) 17 del vars, 0 del conss, 0 add conss, 0 chg bounds, 0 chg sides, 0 chg coeffs, 191 upgd conss, 0 impls, 191 clqs
(round 3, medium)     57 del vars, 0 del conss, 0 add conss, 0 chg bounds, 0 chg sides, 40 chg coeffs, 191 upgd conss, 0 impls, 191 clqs
(round 4, fast)       71 del vars, 0 del conss, 0 add conss, 0 chg bounds, 0 chg sides, 40 chg coeffs, 191 upgd conss, 0 impls, 191 clqs
(round 5, exhaustive) 71 del vars, 4 del conss, 0 add conss, 0 chg bounds, 0 chg sides, 40 chg coeffs, 191 upgd conss, 0 impls, 191 clqs
   (0.0s) probing: 51/429 (11.9%) - 0 fixings, 0 aggregations, 0 implications, 0 bound changes
   (0.0s) probing aborted: 50/50 successive totally useless probings
   (0.0s) symmetry computation started: requiring (bin +, int +, cont +), (fixed: bin -, int -, cont -)
   (0.0s) no symmetry present (symcode time: 0.00)
presolving (6 rounds: 6 fast, 5 medium, 3 exhaustive):
 71 deleted vars, 4 deleted constraints, 0 added constraints, 0 tightened bounds, 0 added holes, 0 changed sides, 40 changed coefficients
 0 implications, 191 cliques
presolved problem has 429 variables (429 bin, 0 int, 0 impl, 0 cont) and 187 constraints
    187 constraints of type <setppc>
Presolving Time: 0.02

 time | node  | left  |LP iter|LP it/n|mem/heur|mdpt |vars |cons |rows |cuts |sepa|confs|strbr|  dualbound   | primalbound  |  gap   | compl. 
  0.1s|     1 |     0 |  1727 |     - |  5412k |   0 | 429 | 187 | 187 |   0 |  0 |   0 |   0 | 8.026395e+03 |      --      |    Inf | unknown
d 0.1s|     1 |     0 |  1727 |     - |farkasdi|   0 | 429 | 187 | 187 |   0 |  1 |   0 |   0 | 8.026395e+03 | 3.067109e+03 | 161.69%| unknown
d 0.1s|     1 |     0 |  1797 |     - |farkasdi|   0 | 429 | 187 | 187 |   0 |  1 |   0 |   0 | 8.026395e+03 | 6.000285e+03 |  33.77%| unknown
d 0.1s|     1 |     0 |  1821 |     - |farkasdi|   0 | 429 | 187 | 187 |   0 |  1 |   0 |   0 | 8.026395e+03 | 6.774312e+03 |  18.48%| unknown
d 0.1s|     1 |     0 |  1824 |     - |farkasdi|   0 | 429 | 187 | 187 |   0 |  1 |   0 |   0 | 8.026395e+03 | 7.637452e+03 |   5.09%| unknown
  0.1s|     1 |     0 |  1824 |     - |  5552k |   0 | 429 | 187 | 187 |   0 |  1 |   0 |   0 | 8.026395e+03 | 7.637452e+03 |   5.09%| unknown
  0.1s|     1 |     0 |  1824 |     - |  5552k |   0 | 429 | 187 | 187 |   0 |  1 |   0 |   0 | 8.026395e+03 | 7.637452e+03 |   5.09%| unknown
  0.2s|     1 |     2 |  1824 |     - |  5765k |   0 | 429 | 187 | 187 |   0 |  2 |   0 |  20 | 7.999745e+03 | 7.637452e+03 |   4.74%| unknown

SCIP Status        : solving was interrupted [node limit reached]
Solving Time (sec) : 0.17
Solving Nodes      : 1
Primal Bound       : +7.63745202556826e+03 (31 solutions)
Dual Bound         : +7.99974480025586e+03
Gap                : 4.74 %
