presolving:
(round 1, fast)       1 del vars, 2 del conss, 0 add conss, 0 chg bounds, 0 chg sides, 0 chg coeffs, 0 upgd conss, 0 impls, 190 clqs
   (0.0s) running MILP presolver
   (0.0s) MILP presolver (2 rounds): 0 aggregations, 17 fixings, 0 bound changes
(round 2, medium)     18 del vars, 2 del conss, 0 add conss, 0 chg bounds, 0 chg sides, 0 chg coeffs, 0 upgd conss, 0 impls, 190 clqs
(round 3, exhaustive) 18 del vars, 4 del conss, 0 add conss, 0 chg bounds, 2 chg sides, 0 chg coeffs, 0 upgd conss, 0 impls, 190 clqs
(round 4, exhaustive) 18 del vars, 4 del conss, 0 add conss, 0 chg bounds, 2 chg sides, 0 chg coeffs, 188 upgd conss, 0 impls, 190 clqs
(round 5, medium)     57 del vars, 4 del conss, 0 add conss, 0 chg bounds, 2 chg sides, 39 chg coeffs, 188 upgd conss, 0 impls, 190 clqs
(round 6, fast)       74 del vars, 4 del conss, 0 add conss, 0 chg bounds, 2 chg sides, 39 chg coeffs, 188 upgd conss, 0 impls, 190 clqs
(round 7, exhaustive) 74 del vars, 8 del conss, 0 add conss, 0 chg bounds, 2 chg sides, 39 chg coeffs, 188 upgd conss, 0 impls, 190 clqs
   (0.0s) probing: 51/426 (12.0%) - 0 fixings, 0 aggregations, 0 implications, 0 bound changes
   (0.0s) probing aborted: 50/50 successive totally useless probings
   (0.0s) symmetry computation started: requiring (bin +, int +, cont +), (fixed: bin -, int -, cont -)
   (0.0s) no symmetry present (symcode time: 0.00)
presolving (8 rounds: 8 fast, 6 medium, 4 exhaustive):
 74 deleted vars, 8 deleted constraints, 0 added constraints, 0 tightened bounds, 0 added holes, 2 changed sides, 39 changed coefficients
 0 implications, 190 cliques
presolved problem has 426 variables (426 bin, 0 int, 0 impl, 0 cont) and 184 constraints
    184 constraints of type <setppc>
Presolving Time: 0.03

 time | node  | left  |LP iter|LP it/n|mem/heur|mdpt |vars |cons |rows |cuts |sepa|confs|strbr|  dualbound   | primalbound  |  gap   | compl. 
  0.1s|     1 |     0 |  1035 |     - |  5449k |   0 | 426 | 184 | 184 |   0 |  0 |   0 |   0 | 7.509021e+03 |      --      |    Inf | unknown
d 0.1s|     1 |     0 |  1035 |     - |farkasdi|   0 | 426 | 184 | 184 |   0 |  1 |   0 |   0 | 7.509021e+03 | 2.951431e+03 | 154.42%| unknown
d 0.1s|     1 |     0 |  1125 |     - |farkasdi|   0 | 426 | 184 | 184 |   0 |  1 |   0 |   0 | 7.509021e+03 | 4.953300e+03 |  51.60%| unknown
d 0.1s|     1 |     0 |  1148 |     - |farkasdi|   0 | 426 | 184 | 184 |   0 |  1 |   0 |   0 | 7.509021e+03 | 5.373043e+03 |  39.75%| unknown
d 0.1s|     1 |     0 |  1150 |     - |farkasdi|   0 | 426 | 184 | 184 |   0 |  1 |   0 |   0 | 7.509021e+03 | 6.111515e+03 |  22.87%| unknown
d 0.1s|     1 |     0 |  1151 |     - |farkasdi|   0 | 426 | 184 | 184 |   0 |  1 |   0 |   0 | 7.509021e+03 | 6.903908e+03 |   8.76%| unknown
  0.1s|     1 |     0 |  1151 |     - |  5569k |   0 | 426 | 184 | 184 |   0 |  1 |   0 |   0 | 7.509021e+03 | 6.903908e+03 |   8.76%| unknown
  0.2s|     1 |     2 |  1151 |     - |  5680k |   0 | 426 | 184 | 184 |   0 |  2 |   0 |  20 | 7.453836e+03 | 6.903908e+03 |   7.97%| unknown

SCIP Status        : solving was interrupted [node limit reached]
Solving Time (sec) : 0.17
Solving Nodes      : 1
Primal Bound       : +6.90390771894679e+03 (27 solutions)
Dual Bound         : +7.45383605176201e+03
Gap                : 7.97 %
