presolving:
(round 1, fast)       0 del vars, 1 del conss, 0 add conss, 0 chg bounds, 0 chg sides, 0 chg coeffs, 0 upgd conss, 0 impls, 195 clqs
   (0.0s) running MILP presolver
   (0.0s) MILP presolver (2 rounds): 0 aggregations, 6 fixings, 0 bound changes
(round 2, medium)     6 del vars, 1 del conss, 0 add conss, 0 chg bounds, 0 chg sides, 0 chg coeffs, 0 upgd conss, 0 impls, 195 clqs
(round 3, exhaustive) 6 del vars, 4 del conss, 0 add conss, 0 chg bounds, 3 chg sides, 0 chg coeffs, 0 upgd conss, 0 impls, 195 clqs
(round 4, exhaustive) 6 del vars, 4 del conss, 0 add conss, 0 chg bounds, 3 chg sides, 0 chg coeffs, 192 upgd conss, 0 impls, 195 clqs
(round 5, medium)     29 del vars, 4 del conss, 0 add conss, 0 chg bounds, 3 chg sides, 23 chg coeffs, 192 upgd conss, 0 impls, 195 clqs
(round 6, fast)       33 del vars, 4 del conss, 0 add conss, 0 chg bounds, 3 chg sides, 23 chg coeffs, 192 upgd conss, 0 impls, 195 clqs
(round 7, exhaustive) 33 del vars, 6 del conss, 0 add conss, 0 chg bounds, 3 chg sides, 23 chg coeffs, 192 upgd conss, 0 impls, 195 clqs
   (0.0s) probing: 51/467 (10.9%) - 0 fixings, 0 aggregations, 0 implications, 0 bound changes
   (0.0s) probing aborted: 50/50 successive totally useless probings
   (0.0s) symmetry computation started: requiring (bin +, int +, cont +), (fixed: bin -, int -, cont -)
   (0.0s) no symmetry present (symcode time: 0.00)
presolving (8 rounds: 8 fast, 6 medium, 4 exhaustive):
 33 deleted vars, 6 deleted constraints, 0 added constraints, 0 tightened bounds, 0 added holes, 3 changed sides, 23 changed coefficients
 0 implications, 195 cliques
presolved problem has 467 variables (467 bin, 0 int, 0 impl, 0 cont) and 190 constraints
    190 constraints of type <setppc>
Presolving Time: 0.03

 time | node  | left  |LP iter|LP it/n|mem/heur|mdpt |vars |cons |rows |cuts |sepa|confs|strbr|  dualbound   | primalbound  |  gap   | compl. 
  0.1s|     1 |     0 |  1253 |     - |  5557k |   0 | 467 | 190 | 190 |   0 |  0 |   0 |   0 | 7.349357e+03 |      --      |    Inf | unknown
d 0.1s|     1 |     0 |  1253 |     - |farkasdi|   0 | 467 | 190 | 190 |   0 |  1 |   0 |   0 | 7.349357e+03 | 1.569244e+03 | 368.34%| unknown
d 0.1s|     1 |     0 |  1336 |     - |farkasdi|   0 | 467 | 190 | 190 |   0 |  1 |   0 |   0 | 7.349357e+03 | 2.249278e+03 | 226.74%| unknown
d 0.1s|     1 |     0 |  1382 |     - |farkasdi|   0 | 467 | 190 | 190 |   0 |  1 |   0 |   0 | 7.349357e+03 | 2.808051e+03 | 161.72%| unknown
d 0.1s|     1 |     0 |  1411 |     - |farkasdi|   0 | 467 | 190 | 190 |   0 |  1 |   0 |   0 | 7.349357e+03 | 3.313089e+03 | 121.83%| unknown
d 0.1s|     1 |     0 |  1436 |     - |farkasdi|   0 | 467 | 190 | 190 |   0 |  1 |   0 |   0 | 7.349357e+03 | 3.973718e+03 |  84.95%| unknown
d 0.2s|     1 |     0 |  1482 |     - |farkasdi|   0 | 467 | 190 | 190 |   0 |  1 |   0 |   0 | 7.349357e+03 | 4.193304e+03 |  75.26%| unknown
d 0.2s|     1 |     0 |  1484 |     - |farkasdi|   0 | 467 | 190 | 190 |   0 |  1 |   0 |   0 | 7.349357e+03 | 5.562545e+03 |  32.12%| unknown
d 0.2s|     1 |     0 |  1489 |     - |farkasdi|   0 | 467 | 190 | 190 |   0 |  1 |   0 |   0 | 7.349357e+03 | 6.816524e+03 |   7.82%| unknown
  0.2s|     1 |     0 |  1489 |     - |  5718k |   0 | 467 | 190 | 190 |   0 |  1 |   0 |   0 | 7.349357e+03 | 6.816524e+03 |   7.82%| unknown
  0.3s|     1 |     2 |  1489 |     - |  5834k |   0 | 467 | 190 | 190 |   0 |  2 |   0 |  19 | 7.311279e+03 | 6.816524e+03 |   7.26%| unknown

SCIP Status        : solving was interrupted [node limit reached]
Solving Time (sec) : 0.32
Solving Nodes      : 1
Primal Bound       : +6.81652364294486e+03 (28 solutions)
Dual Bound         : +7.31127881783927e+03
Gap                : 7.26 %
