presolving:
(round 1, fast)       0 del vars, 2 del conss, 0 add conss, 0 chg bounds, 0 chg sides, 0 chg coeffs, 0 upgd conss, 0 impls, 193 clqs
(round 2, fast)       1 del vars, 2 del conss, 0 add conss, 0 chg bounds, 0 chg sides, 0 chg coeffs, 0 upgd conss, 0 impls, 193 clqs
   (0.0s) running MILP presolver
   (0.0s) MILP presolver (2 rounds): 0 aggregations, 13 fixings, 0 bound changes
(round 3, medium)     14 del vars, 2 del conss, 0 add conss, 0 chg bounds, 0 chg sides, 0 chg coeffs, 0 upgd conss, 0 impls, 192 clqs
(round 4, fast)       14 del vars, 3 del conss, 0 add conss, 0 chg bounds, 0 chg sides, 0 chg coeffs, 0 upgd conss, 0 impls, 192 clqs
(round 5, exhaustive) 14 del vars, 7 del conss, 0 add conss, 0 chg bounds, 4 chg sides, 0 chg coeffs, 0 upgd conss, 0 impls, 192 clqs
(round 6, exhaustive) 14 del vars, 7 del conss, 0 add conss, 0 chg bounds, 4 chg sides, 0 chg coeffs, 188 upgd conss, 0 impls, 192 clqs
(round 7, medium)     40 del vars, 7 del conss, 0 add conss, 0 chg bounds, 4 chg sides, 26 chg coeffs, 188 upgd conss, 0 impls, 192 clqs
(round 8, fast)       56 del vars, 8 del conss, 0 add conss, 0 chg bounds, 4 chg sides, 26 chg coeffs, 188 upgd conss, 0 impls, 191 clqs
(round 9, exhaustive) 56 del vars, 11 del conss, 0 add conss, 0 chg bounds, 4 chg sides, 26 chg coeffs, 188 upgd conss, 0 impls, 191 clqs
   (0.0s) probing: 51/444 (11.5%) - 0 fixings, 0 aggregations, 0 implications, 0 bound changes
   (0.0s) probing aborted: 50/50 successive totally useless probings
   (0.0s) symmetry computation started: requiring (bin +, int +, cont +), (fixed: bin -, int -, cont -)
   (0.0s) no symmetry present (symcode time: 0.00)
presolving (10 rounds: 10 fast, 6 medium, 4 exhaustive):
 56 deleted vars, 11 deleted constraints, 0 added constraints, 0 tightened bounds, 0 added holes, 4 changed sides, 26 changed coefficients
 0 implications, 191 cliques
presolved problem has 444 variables (444 bin, 0 int, 0 impl, 0 cont) and 184 constraints
    184 constraints of type <setppc>
Presolving Time: 0.02

 time | node  | left  |LP iter|LP it/n|mem/heur|mdpt |vars |cons |rows |cuts |sepa|confs|strbr|  dualbound   | primalbound  |  gap   | compl. 
  0.1s|     1 |     0 |  1607 |     - |  5513k |   0 | 444 | 184 | 184 |   0 |  0 |   0 |   0 | 7.131361e+03 |      --      |    Inf | unknown
d 0.1s|     1 |     0 |  1607 |     - |farkasdi|   0 | 444 | 184 | 184 |   0 |  1 |   0 |   0 | 7.131361e+03 | 2.022191e+03 | 252.66%| unknown
d 0.2s|     1 |     0 |  1779 |     - |farkasdi|   0 | 444 | 184 | 184 |   0 |  1 |   0 |   0 | 7.131361e+03 | 3.029655e+03 | 135.39%| unknown
d 0.2s|     1 |     0 |  1899 |     - |farkasdi|   0 | 444 | 184 | 184 |   0 |  1 |   0 |   0 | 7.131361e+03 | 5.665089e+03 |  25.88%| unknown
d 0.2s|     1 |     0 |  1901 |     - |farkasdi|   0 | 444 | 184 | 184 |   0 |  1 |   0 |   0 | 7.131361e+03 | 6.091180e+03 |  17.08%| unknown
  0.2s|     1 |     0 |  1901 |     - |  5648k |   0 | 444 | 184 | 184 |   0 |  1 |   0 |   0 | 7.131361e+03 | 6.091180e+03 |  17.08%| unknown
  0.5s|     1 |     2 |  1901 |     - |  5812k |   0 | 444 | 184 | 184 |   0 |  2 |   0 |  35 | 7.070463e+03 | 6.091180e+03 |  16.08%| unknown

SCIP Status        : solving was interrupted [node limit reached]
Solving Time (sec) : 0.49
Solving Nodes      : 1
Primal Bound       : +6.09118049230543e+03 (40 solutions)
Dual Bound         : +7.07046278493181e+03
Gap                : 16.08 %
