presolving:
(round 1, fast)       0 del vars, 2 del conss, 0 add conss, 0 chg bounds, 0 chg sides, 0 chg coeffs, 0 upgd conss, 0 impls, 187 clqs
(round 2, fast)       1 del vars, 2 del conss, 0 add conss, 0 chg bounds, 0 chg sides, 0 chg coeffs, 0 upgd conss, 0 impls, 187 clqs
   (0.0s) running MILP presolver
   (0.0s) MILP presolver (2 rounds): 0 aggregations, 6 fixings, 0 bound changes
(round 3, medium)     7 del vars, 2 del conss, 0 add conss, 0 chg bounds, 0 chg sides, 0 chg coeffs, 0 upgd conss, 0 impls, 187 clqs
(round 4, exhaustive) 7 del vars, 4 del conss, 0 add conss, 0 chg bounds, 2 chg sides, 0 chg coeffs, 0 upgd conss, 0 impls, 187 clqs
(round 5, exhaustive) 7 del vars, 4 del conss, 0 add conss, 0 chg bounds, 2 chg sides, 0 chg coeffs, 185 upgd conss, 0 impls, 187 clqs
(round 6, medium)     47 del vars, 4 del conss, 0 add conss, 0 chg bounds, 2 chg sides, 40 chg coeffs, 185 upgd conss, 0 impls, 187 clqs
(round 7, fast)       49 del vars, 4 del conss, 0 add conss, 0 chg bounds, 2 chg sides, 40 chg coeffs, 185 upgd conss, 0 impls, 187 clqs
(round 8, exhaustive) 49 del vars, 6 del conss, 0 add conss, 0 chg bounds, 2 chg sides, 40 chg coeffs, 185 upgd conss, 0 impls, 187 clqs
   (0.0s) probing: 51/451 (11.3%) - 0 fixings, 0 aggregations, 0 implications, 0 bound changes
   (0.0s) probing aborted: 50/50 successive totally useless probings
   (0.0s) symmetry computation started: requiring (bin +, int +, cont +), (fixed: bin -, int -, cont -)
   (0.0s) no symmetry present (symcode time: 0.00)
presolving (9 rounds: 9 fast, 6 medium, 4 exhaustive):
 49 deleted vars, 6 deleted constraints, 0 added constraints, 0 tightened bounds, 0 added holes, 2 changed sides, 40 changed coefficients
 0 implications, 187 cliques
presolved problem has 451 variables (451 bin, 0 int, 0 impl, 0 cont) and 183 constraints
    183 constraints of type <setppc>
Presolving Time: 0.02

 time | node  | left  |LP iter|LP it/n|mem/heur|mdpt |vars |cons |rows |cuts |sepa|confs|strbr|  dualbound   | primalbound  |  gap   | compl. 
  0.1s|     1 |     0 |  1126 |     - |  5635k |   0 | 451 | 183 | 183 |   0 |  0 |   0 |   0 | 7.510717e+03 |      --      |    Inf | unknown
d 0.1s|     1 |     0 |  1126 |     - |farkasdi|   0 | 451 | 183 | 183 |   0 |  1 |   0 |   0 | 7.510717e+03 | 2.620638e+03 | 186.60%| unknown
d 0.1s|     1 |     0 |  1294 |     - |farkasdi|   0 | 451 | 183 | 183 |   0 |  1 |   0 |   0 | 7.510717e+03 | 3.791646e+03 |  98.09%| unknown
d 0.1s|     1 |     0 |  1329 |     - |farkasdi|   0 | 451 | 183 | 183 |   0 |  1 |   0 |   0 | 7.510717e+03 | 4.240658e+03 |  77.11%| unknown
d 0.1s|     1 |     0 |  1345 |     - |farkasdi|   0 | 451 | 183 | 183 |   0 |  1 |   0 |   0 | 7.510717e+03 | 5.118417e+03 |  46.74%| unknown
d 0.1s|     1 |     0 |  1357 |     - |farkasdi|   0 | 451 | 183 | 183 |   0 |  1 |   0 |   0 | 7.510717e+03 | 5.394526e+03 |  39.23%| unknown
d 0.1s|     1 |     0 |  1362 |     - |farkasdi|   0 | 451 | 183 | 183 |   0 |  1 |   0 |   0 | 7.510717e+03 | 6.742594e+03 |  11.39%| unknown
  0.1s|     1 |     0 |  1362 |     - |  5783k |   0 | 451 | 183 | 183 |   0 |  1 |   0 |   0 | 7.510717e+03 | 6.742594e+03 |  11.39%| unknown
  0.3s|     1 |     2 |  1362 |     - |  5850k |   0 | 451 | 183 | 183 |   0 |  2 |   0 |  19 | 7.467903e+03 | 6.742594e+03 |  10.76%| unknown

SCIP Status        : solving was interrupted [node limit reached]
Solving Time (sec) : 0.29
Solving Nodes      : 1
Primal Bound       : +6.74259441637300e+03 (25 solutions)
Dual Bound         : +7.46790313416383e+03
Gap                : 10.76 %
