presolving:
   (0.0s) running MILP presolver
   (0.0s) MILP presolver (2 rounds): 0 aggregations, 23 fixings, 0 bound changes
(round 1, medium)     23 del vars, 0 del conss, 0 add conss, 0 chg bounds, 0 chg sides, 0 chg coeffs, 0 upgd conss, 0 impls, 194 clqs
(round 2, exhaustive) 23 del vars, 9 del conss, 0 add conss, 0 chg bounds, 9 chg sides, 0 chg coeffs, 0 upgd conss, 0 impls, 194 clqs
(round 3, exhaustive) 23 del vars, 9 del conss, 0 add conss, 0 chg bounds, 9 chg sides, 0 chg coeffs, 185 upgd conss, 0 impls, 194 clqs
(round 4, medium)     67 del vars, 9 del conss, 0 add conss, 0 chg bounds, 9 chg sides, 44 chg coeffs, 185 upgd conss, 0 impls, 194 clqs
(round 5, fast)       87 del vars, 9 del conss, 0 add conss, 0 chg bounds, 9 chg sides, 44 chg coeffs, 185 upgd conss, 0 impls, 194 clqs
(round 6, exhaustive) 87 del vars, 15 del conss, 0 add conss, 0 chg bounds, 9 chg sides, 44 chg coeffs, 185 upgd conss, 0 impls, 194 clqs
(round 7, exhaustive) 88 del vars, 15 del conss, 0 add conss, 0 chg bounds, 9 chg sides, 44 chg coeffs, 185 upgd conss, 0 impls, 194 clqs
   (0.0s) probing: 51/412 (12.4%) - 0 fixings, 0 aggregations, 0 implications, 0 bound changes
   (0.0s) probing aborted: 50/50 successive totally useless probings
   (0.0s) symmetry computation started: requiring (bin +, int +, cont +), (fixed: bin -, int -, cont -)
   (0.0s) no symmetry present (symcode time: 0.00)
presolving (8 rounds: 8 fast, 7 medium, 5 exhaustive):
 88 deleted vars, 15 deleted constraints, 0 added constraints, 0 tightened bounds, 0 added holes, 9 changed sides, 44 changed coefficients
 0 implications, 194 cliques
presolved problem has 412 variables (412 bin, 0 int, 0 impl, 0 cont) and 179 constraints
    179 constraints of type <setppc>
Presolving Time: 0.02

 time | node  | left  |LP iter|LP it/n|mem/heur|mdpt |vars |cons |rows |cuts |sepa|confs|strbr|  dualbound   | primalbound  |  gap   | compl. 
  0.1s|     1 |     0 |  1589 |     - |  5113k |   0 | 412 | 179 | 179 |   0 |  0 |   0 |   0 | 7.905766e+03 |      --      |    Inf | unknown
d 0.1s|     1 |     0 |  1589 |     - |farkasdi|   0 | 412 | 179 | 179 |   0 |  1 |   0 |   0 | 7.905766e+03 | 3.053226e+03 | 158.93%| unknown
d 0.1s|     1 |     0 |  1664 |     - |farkasdi|   0 | 412 | 179 | 179 |   0 |  1 |   0 |   0 | 7.905766e+03 | 4.253977e+03 |  85.84%| unknown
d 0.1s|     1 |     0 |  1700 |     - |farkasdi|   0 | 412 | 179 | 179 |   0 |  1 |   0 |   0 | 7.905766e+03 | 4.736837e+03 |  66.90%| unknown
d 0.1s|     1 |     0 |  1710 |     - |farkasdi|   0 | 412 | 179 | 179 |   0 |  1 |   0 |   0 | 7.905766e+03 | 7.455340e+03 |   6.04%| unknown
  0.1s|     1 |     0 |  1710 |     - |  5215k |   0 | 412 | 179 | 179 |   0 |  1 |   0 |   0 | 7.905766e+03 | 7.455340e+03 |   6.04%| unknown
  0.1s|     1 |     0 |  1710 |     - |  5215k |   0 | 412 | 179 | 179 |   0 |  1 |   0 |   0 | 7.905766e+03 | 7.455340e+03 |   6.04%| unknown
  0.1s|     1 |     2 |  1710 |     - |  5318k |   0 | 412 | 179 | 179 |   0 |  2 |   0 |  20 | 7.858805e+03 | 7.455340e+03 |   5.41%| unknown

SCIP Status        : solving was interrupted [node limit reached]
Solving Time (sec) : 0.14
Solving Nodes      : 1
Primal Bound       : +7.45533990102341e+03 (26 solutions)
Dual Bound         : +7.85880548863470e+03
Gap                : 5.41 %
