presolving:
(round 1, fast)       1 del vars, 2 del conss, 0 add conss, 0 chg bounds, 0 chg sides, 0 chg coeffs, 0 upgd conss, 0 impls, 193 clqs
(round 2, fast)       2 del vars, 2 del conss, 0 add conss, 0 chg bounds, 0 chg sides, 0 chg coeffs, 0 upgd conss, 0 impls, 193 clqs
   (0.0s) running MILP presolver
   (0.0s) MILP presolver (2 rounds): 0 aggregations, 10 fixings, 0 bound changes
(round 3, medium)     12 del vars, 2 del conss, 0 add conss, 0 chg bounds, 0 chg sides, 0 chg coeffs, 0 upgd conss, 0 impls, 193 clqs
(round 4, exhaustive) 12 del vars, 5 del conss, 0 add conss, 0 chg bounds, 3 chg sides, 0 chg coeffs, 0 upgd conss, 0 impls, 193 clqs
(round 5, exhaustive) 12 del vars, 5 del conss, 0 add conss, 0 chg bounds, 3 chg sides, 0 chg coeffs, 190 upgd conss, 0 impls, 193 clqs
(round 6, medium)     44 del vars, 5 del conss, 0 add conss, 0 chg bounds, 3 chg sides, 32 chg coeffs, 190 upgd conss, 0 impls, 193 clqs
(round 7, fast)       64 del vars, 6 del conss, 0 add conss, 0 chg bounds, 3 chg sides, 32 chg coeffs, 190 upgd conss, 0 impls, 191 clqs
(round 8, exhaustive) 64 del vars, 10 del conss, 0 add conss, 0 chg bounds, 3 chg sides, 32 chg coeffs, 190 upgd conss, 0 impls, 191 clqs
   (0.0s) probing: 51/436 (11.7%) - 0 fixings, 0 aggregations, 0 implications, 0 bound changes
   (0.0s) probing aborted: 50/50 successive totally useless probings
   (0.0s) symmetry computation started: requiring (bin +, int +, cont +), (fixed: bin -, int -, cont -)
   (0.0s) no symmetry present (symcode time: 0.00)
presolving (9 rounds: 9 fast, 6 medium, 4 exhaustive):
 64 deleted vars, 10 deleted constraints, 0 added constraints, 0 tightened bounds, 0 added holes, 3 changed sides, 32 changed coefficients
 0 implications, 191 cliques
presolved problem has 436 variables (436 bin, 0 int, 0 impl, 0 cont) and 185 constraints
    185 constraints of type <setppc>
Presolving Time: 0.03

 time | node  | left  |LP iter|LP it/n|mem/heur|mdpt |vars |cons |rows |cuts |sepa|confs|strbr|  dualbound   | primalbound  |  gap   | compl. 
  0.1s|     1 |     0 |  2067 |     - |  5534k |   0 | 436 | 185 | 185 |   0 |  0 |   0 |   0 | 6.960855e+03 |      --      |    Inf | unknown
d 0.1s|     1 |     0 |  2067 |     - |farkasdi|   0 | 436 | 185 | 185 |   0 |  1 |   0 |   0 | 6.960855e+03 | 2.352527e+03 | 195.89%| unknown
d 0.2s|     1 |     0 |  2184 |     - |farkasdi|   0 | 436 | 185 | 185 |   0 |  1 |   0 |   0 | 6.960855e+03 | 3.518046e+03 |  97.86%| unknown
d 0.2s|     1 |     0 |  2208 |     - |farkasdi|   0 | 436 | 185 | 185 |   0 |  1 |   0 |   0 | 6.960855e+03 | 5.694404e+03 |  22.24%| unknown
d 0.2s|     1 |     0 |  2220 |     - |farkasdi|   0 | 436 | 185 | 185 |   0 |  1 |   0 |   0 | 6.960855e+03 | 5.753891e+03 |  20.98%| unknown
d 0.2s|     1 |     0 |  2225 |     - |farkasdi|   0 | 436 | 185 | 185 |   0 |  1 |   0 |   0 | 6.960855e+03 | 6.122321e+03 |  13.70%| unknown
d 0.2s|     1 |     0 |  2226 |     - |farkasdi|   0 | 436 | 185 | 185 |   0 |  1 |   0 |   0 | 6.960855e+03 | 6.330487e+03 |   9.96%| unknown
d 0.2s|     1 |     0 |  2227 |     - |farkasdi|   0 | 436 | 185 | 185 |   0 |  1 |   0 |   0 | 6.960855e+03 | 6.581371e+03 |   5.77%| unknown
  0.2s|     1 |     0 |  2227 |     - |  5708k |   0 | 436 | 185 | 185 |   0 |  1 |   0 |   0 | 6.960855e+03 | 6.581371e+03 |   5.77%| unknown
  0.2s|     1 |     0 |  2227 |     - |  5708k |   0 | 436 | 185 | 185 |   0 |  1 |   0 |   0 | 6.960855e+03 | 6.581371e+03 |   5.77%| unknown
  0.3s|     1 |     2 |  2227 |     - |  5772k |   0 | 436 | 185 | 185 |   0 |  2 |   0 |  19 | 6.919746e+03 | 6.581371e+03 |   5.14%| unknown

SCIP Status        : solving was interrupted [node limit reached]
Solving Time (sec) : 0.30
Solving Nodes      : 1
Primal Bound       : +6.58137062823490e+03 (28 solutions)
Dual Bound         : +6.91974610545684e+03
Gap                : 5.14 %
