presolving:
   (0.0s) running MILP presolver
   (0.0s) MILP presolver (2 rounds): 0 aggregations, 12 fixings, 0 bound changes
(round 1, medium)     12 del vars, 0 del conss, 0 add conss, 0 chg bounds, 0 chg sides, 0 chg coeffs, 0 upgd conss, 0 impls, 194 clqs
(round 2, exhaustive) 12 del vars, 5 del conss, 0 add conss, 0 chg bounds, 5 chg sides, 0 chg coeffs, 0 upgd conss, 0 impls, 194 clqs
(round 3, exhaustive) 12 del vars, 5 del conss, 0 add conss, 0 chg bounds, 5 chg sides, 0 chg coeffs, 189 upgd conss, 0 impls, 194 clqs
(round 4, medium)     45 del vars, 5 del conss, 0 add conss, 0 chg bounds, 5 chg sides, 33 chg coeffs, 189 upgd conss, 0 impls, 194 clqs
(round 5, fast)       59 del vars, 6 del conss, 0 add conss, 0 chg bounds, 5 chg sides, 33 chg coeffs, 189 upgd conss, 0 impls, 193 clqs
(round 6, exhaustive) 59 del vars, 12 del conss, 0 add conss, 0 chg bounds, 5 chg sides, 33 chg coeffs, 189 upgd conss, 0 impls, 193 clqs
(round 7, exhaustive) 60 del vars, 12 del conss, 0 add conss, 0 chg bounds, 5 chg sides, 33 chg coeffs, 189 upgd conss, 0 impls, 193 clqs
   (0.0s) probing: 51/440 (11.6%) - 0 fixings, 0 aggregations, 0 implications, 0 bound changes
   (0.0s) probing aborted: 50/50 successive totally useless probings
   (0.0s) symmetry computation started: requiring (bin +, int +, cont +), (fixed: bin -, int -, cont -)
   (0.0s) no symmetry present (symcode time: 0.00)
presolving (8 rounds: 8 fast, 7 medium, 5 exhaustive):
 60 deleted vars, 12 deleted constraints, 0 added constraints, 0 tightened bounds, 0 added holes, 5 changed sides, 33 changed coefficients
 0 implications, 193 cliques
presolved problem has 440 variables (440 bin, 0 int, 0 impl, 0 cont) and 182 constraints
    182 constraints of type <setppc>
Presolving Time: 0.02

 time | node  | left  |LP iter|LP it/n|mem/heur|mdpt |vars |cons |rows |cuts |sepa|confs|strbr|  dualbound   | primalbound  |  gap   | compl. 
  0.1s|     1 |     0 |  1362 |     - |  5537k |   0 | 440 | 182 | 182 |   0 |  0 |   0 |   0 | 7.844621e+03 |      --      |    Inf | unknown
d 0.1s|     1 |     0 |  1362 |     - |farkasdi|   0 | 440 | 182 | 182 |   0 |  1 |   0 |   0 | 7.844621e+03 | 2.887938e+03 | 171.63%| unknown
d 0.1s|     1 |     0 |  1620 |     - |farkasdi|   0 | 440 | 182 | 182 |   0 |  1 |   0 |   0 | 7.844621e+03 | 3.941306e+03 |  99.04%| unknown
d 0.1s|     1 |     0 |  1642 |     - |farkasdi|   0 | 440 | 182 | 182 |   0 |  1 |   0 |   0 | 7.844621e+03 | 4.489661e+03 |  74.73%| unknown
d 0.1s|     1 |     0 |  1673 |     - |farkasdi|   0 | 440 | 182 | 182 |   0 |  1 |   0 |   0 | 7.844621e+03 | 4.926721e+03 |  59.23%| unknown
d 0.1s|     1 |     0 |  1691 |     - |farkasdi|   0 | 440 | 182 | 182 |   0 |  1 |   0 |   0 | 7.844621e+03 | 5.836631e+03 |  34.40%| unknown
d 0.1s|     1 |     0 |  1708 |     - |farkasdi|   0 | 440 | 182 | 182 |   0 |  1 |   0 |   0 | 7.844621e+03 | 5.922694e+03 |  32.45%| unknown
d 0.1s|     1 |     0 |  1714 |     - |farkasdi|   0 | 440 | 182 | 182 |   0 |  1 |   0 |   0 | 7.844621e+03 | 7.220051e+03 |   8.65%| unknown
  0.1s|     1 |     0 |  1714 |     - |  5659k |   0 | 440 | 182 | 182 |   0 |  1 |   0 |   0 | 7.844621e+03 | 7.220051e+03 |   8.65%| unknown
  0.2s|     1 |     2 |  1714 |     - |  5730k |   0 | 440 | 182 | 182 |   0 |  2 |   0 |  20 | 7.793275e+03 | 7.220051e+03 |   7.94%| unknown

SCIP Status        : solving was interrupted [node limit reached]
Solving Time (sec) : 0.19
Solving Nodes      : 1
Primal Bound       : +7.22005112905174e+03 (28 solutions)
Dual Bound         : +7.79327491401948e+03
Gap                : 7.94 %
