presolving:
   (0.0s) running MILP presolver
   (0.0s) MILP presolver (2 rounds): 0 aggregations, 11 fixings, 0 bound changes
(round 1, medium)     11 del vars, 0 del conss, 0 add conss, 0 chg bounds, 0 chg sides, 0 chg coeffs, 0 upgd conss, 0 impls, 197 clqs
(round 2, exhaustive) 11 del vars, 4 del conss, 0 add conss, 0 chg bounds, 4 chg sides, 0 chg coeffs, 0 upgd conss, 0 impls, 197 clqs
(round 3, exhaustive) 11 del vars, 4 del conss, 0 add conss, 0 chg bounds, 4 chg sides, 0 chg coeffs, 193 upgd conss, 0 impls, 197 clqs
(round 4, medium)     45 del vars, 4 del conss, 0 add conss, 0 chg bounds, 4 chg sides, 34 chg coeffs, 193 upgd conss, 0 impls, 197 clqs
(round 5, fast)       51 del vars, 5 del conss, 0 add conss, 0 chg bounds, 4 chg sides, 34 chg coeffs, 193 upgd conss, 0 impls, 196 clqs
(round 6, exhaustive) 51 del vars, 8 del conss, 0 add conss, 0 chg bounds, 4 chg sides, 34 chg coeffs, 193 upgd conss, 0 impls, 196 clqs
   (0.0s) probing: 51/449 (11.4%) - 0 fixings, 0 aggregations, 0 implications, 0 bound changes
   (0.0s) probing aborted: 50/50 successive totally useless probings
   (0.0s) symmetry computation started: requiring (bin +, int +, cont +), (fixed: bin -, int -, cont -)
   (0.0s) no symmetry present (symcode time: 0.00)
presolving (7 rounds: 7 fast, 6 medium, 4 exhaustive):
 51 deleted vars, 8 deleted constraints, 0 added constraints, 0 tightened bounds, 0 added holes, 4 changed sides, 34 changed coefficients
 0 implications, 196 cliques
presolved problem has 449 variables (449 bin, 0 int, 0 impl, 0 cont) and 189 constraints
    189 constraints of type <setppc>
Presolving Time: 0.02

 time | node  | left  |LP iter|LP it/n|mem/heur|mdpt |vars |cons |rows |cuts |sepa|confs|strbr|  dualbound   | primalbound  |  gap   | compl. 
  0.1s|     1 |     0 |  1498 |     - |  5615k |   0 | 449 | 189 | 189 |   0 |  0 |   0 |   0 | 7.631740e+03 |      --      |    Inf | unknown
d 0.1s|     1 |     0 |  1498 |     - |farkasdi|   0 | 449 | 189 | 189 |   0 |  1 |   0 |   0 | 7.631740e+03 | 2.438431e+03 | 212.98%| unknown
d 0.1s|     1 |     0 |  1609 |     - |farkasdi|   0 | 449 | 189 | 189 |   0 |  1 |   0 |   0 | 7.631740e+03 | 3.493884e+03 | 118.43%| unknown
d 0.1s|     1 |     0 |  1687 |     - |farkasdi|   0 | 449 | 189 | 189 |   0 |  1 |   0 |   0 | 7.631740e+03 | 4.448921e+03 |  71.54%| unknown
d 0.1s|     1 |     0 |  1698 |     - |farkasdi|   0 | 449 | 189 | 189 |   0 |  1 |   0 |   0 | 7.631740e+03 | 4.632724e+03 |  64.74%| unknown
d 0.1s|     1 |     0 |  1704 |     - |farkasdi|   0 | 449 | 189 | 189 |   0 |  1 |   0 |   0 | 7.631740e+03 | 4.965956e+03 |  53.68%| unknown
d 0.1s|     1 |     0 |  1705 |     - |farkasdi|   0 | 449 | 189 | 189 |   0 |  1 |   0 |   0 | 7.631740e+03 | 5.433101e+03 |  40.47%| unknown
d 0.1s|     1 |     0 |  1710 |     - |farkasdi|   0 | 449 | 189 | 189 |   0 |  1 |   0 |   0 | 7.631740e+03 | 6.702491e+03 |  13.86%| unknown
  0.1s|     1 |     0 |  1710 |     - |  5728k |   0 | 449 | 189 | 189 |   0 |  1 |   0 |   0 | 7.631740e+03 | 6.702491e+03 |  13.86%| unknown
  0.2s|     1 |     2 |  1710 |     - |  5820k |   0 | 449 | 189 | 189 |   0 |  2 |   0 |  19 | 7.598641e+03 | 6.702491e+03 |  13.37%| unknown

SCIP Status        : solving was interrupted [node limit reached]
Solving Time (sec) : 0.19
Solving Nodes      : 1
Primal Bound       : +6.70249139727179e+03 (26 solutions)
Dual Bound         : +7.59864090888863e+03
Gap                : 13.37 %
