presolving:
(round 1, fast)       0 del vars, 1 del conss, 0 add conss, 0 chg bounds, 0 chg sides, 0 chg coeffs, 0 upgd conss, 0 impls, 188 clqs
   (0.0s) running MILP presolver
   (0.0s) MILP presolver (2 rounds): 0 aggregations, 16 fixings, 0 bound changes
(round 2, medium)     16 del vars, 1 del conss, 0 add conss, 0 chg bounds, 0 chg sides, 0 chg coeffs, 0 upgd conss, 0 impls, 188 clqs
(round 3, fast)       17 del vars, 2 del conss, 0 add conss, 0 chg bounds, 0 chg sides, 0 chg coeffs, 0 upgd conss, 0 impls, 187 clqs
(round 4, exhaustive) 17 del vars, 7 del conss, 0 add conss, 0 chg bounds, 5 chg sides, 0 chg coeffs, 0 upgd conss, 0 impls, 187 clqs
(round 5, exhaustive) 17 del vars, 7 del conss, 0 add conss, 0 chg bounds, 5 chg sides, 0 chg coeffs, 182 upgd conss, 0 impls, 187 clqs
(round 6, medium)     61 del vars, 7 del conss, 0 add conss, 0 chg bounds, 5 chg sides, 44 chg coeffs, 182 upgd conss, 0 impls, 187 clqs
(round 7, fast)       108 del vars, 11 del conss, 0 add conss, 0 chg bounds, 5 chg sides, 44 chg coeffs, 182 upgd conss, 0 impls, 182 clqs
   (0.0s) running MILP presolver
   (0.0s) MILP presolver (2 rounds): 0 aggregations, 2 fixings, 0 bound changes
(round 8, medium)     110 del vars, 11 del conss, 0 add conss, 0 chg bounds, 5 chg sides, 44 chg coeffs, 182 upgd conss, 0 impls, 182 clqs
(round 9, exhaustive) 110 del vars, 18 del conss, 0 add conss, 0 chg bounds, 5 chg sides, 44 chg coeffs, 182 upgd conss, 0 impls, 182 clqs
   (0.0s) probing: 51/390 (13.1%) - 0 fixings, 0 aggregations, 0 implications, 0 bound changes
   (0.0s) probing aborted: 50/50 successive totally useless probings
   (0.0s) symmetry computation started: requiring (bin +, int +, cont +), (fixed: bin -, int -, cont -)
   (0.0s) no symmetry present (symcode time: 0.00)
presolving (10 rounds: 10 fast, 7 medium, 4 exhaustive):
 110 deleted vars, 18 deleted constraints, 0 added constraints, 0 tightened bounds, 0 added holes, 5 changed sides, 44 changed coefficients
 0 implications, 182 cliques
presolved problem has 390 variables (390 bin, 0 int, 0 impl, 0 cont) and 171 constraints
    171 constraints of type <setppc>
Presolving Time: 0.04

 time | node  | left  |LP iter|LP it/n|mem/heur|mdpt |vars |cons |rows |cuts |sepa|confs|strbr|  dualbound   | primalbound  |  gap   | compl. 
  0.1s|     1 |     0 |   689 |     - |  4992k |   0 | 390 | 171 | 171 |   0 |  0 |   0 |   0 | 8.363127e+03 |      --      |    Inf | unknown
d 0.1s|     1 |     0 |   689 |     - |farkasdi|   0 | 390 | 171 | 171 |   0 |  1 |   0 |   0 | 8.363127e+03 | 4.325216e+03 |  93.36%| unknown
d 0.1s|     1 |     0 |   828 |     - |farkasdi|   0 | 390 | 171 | 171 |   0 |  1 |   0 |   0 | 8.363127e+03 | 5.137597e+03 |  62.78%| unknown
d 0.1s|     1 |     0 |   852 |     - |farkasdi|   0 | 390 | 171 | 171 |   0 |  1 |   0 |   0 | 8.363127e+03 | 5.435876e+03 |  53.85%| unknown
d 0.1s|     1 |     0 |   874 |     - |farkasdi|   0 | 390 | 171 | 171 |   0 |  1 |   0 |   0 | 8.363127e+03 | 6.572539e+03 |  27.24%| unknown
d 0.1s|     1 |     0 |   885 |     - |farkasdi|   0 | 390 | 171 | 171 |   0 |  1 |   0 |   0 | 8.363127e+03 | 7.639142e+03 |   9.48%| unknown
  0.1s|     1 |     0 |   885 |     - |  5125k |   0 | 390 | 171 | 171 |   0 |  1 |   0 |   0 | 8.363127e+03 | 7.639142e+03 |   9.48%| unknown
  0.2s|     1 |     2 |   885 |     - |  5251k |   0 | 390 | 171 | 171 |   0 |  2 |   0 |  19 | 8.293422e+03 | 7.639142e+03 |   8.56%| unknown

SCIP Status        : solving was interrupted [node limit reached]
Solving Time (sec) : 0.23
Solving Nodes      : 1
Primal Bound       : +7.63914210121906e+03 (24 solutions)
Dual Bound         : +8.29342248202629e+03
Gap                : 8.56 %
