presolving:
   (0.0s) running MILP presolver
   (0.0s) MILP presolver (2 rounds): 0 aggregations, 17 fixings, 0 bound changes
(round 1, medium)     17 del vars, 0 del conss, 0 add conss, 0 chg bounds, 0 chg sides, 0 chg coeffs, 0 upgd conss, 0 impls, 192 clqs
(round 2, exhaustive) 17 del vars, 4 del conss, 0 add conss, 0 chg bounds, 4 chg sides, 0 chg coeffs, 0 upgd conss, 0 impls, 192 clqs
(round 3, exhaustive) 17 del vars, 4 del conss, 0 add conss, 0 chg bounds, 4 chg sides, 0 chg coeffs, 188 upgd conss, 0 impls, 192 clqs
(round 4, medium)     57 del vars, 4 del conss, 0 add conss, 0 chg bounds, 4 chg sides, 40 chg coeffs, 188 upgd conss, 0 impls, 192 clqs
(round 5, fast)       77 del vars, 5 del conss, 0 add conss, 0 chg bounds, 4 chg sides, 40 chg coeffs, 188 upgd conss, 0 impls, 189 clqs
(round 6, exhaustive) 77 del vars, 11 del conss, 0 add conss, 0 chg bounds, 4 chg sides, 40 chg coeffs, 188 upgd conss, 0 impls, 189 clqs
   (0.0s) probing: 51/423 (12.1%) - 0 fixings, 0 aggregations, 0 implications, 0 bound changes
   (0.0s) probing aborted: 50/50 successive totally useless probings
   (0.0s) symmetry computation started: requiring (bin +, int +, cont +), (fixed: bin -, int -, cont -)
   (0.0s) no symmetry present (symcode time: 0.00)
presolving (7 rounds: 7 fast, 6 medium, 4 exhaustive):
 77 deleted vars, 11 deleted constraints, 0 added constraints, 0 tightened bounds, 0 added holes, 4 changed sides, 40 changed coefficients
 0 implications, 189 cliques
presolved problem has 423 variables (423 bin, 0 int, 0 impl, 0 cont) and 181 constraints
    181 constraints of type <setppc>
Presolving Time: 0.02

 time | node  | left  |LP iter|LP it/n|mem/heur|mdpt |vars |cons |rows |cuts |sepa|confs|strbr|  dualbound   | primalbound  |  gap   | compl. 
  0.1s|     1 |     0 |  1219 |     - |  5402k |   0 | 423 | 181 | 181 |   0 |  0 |   0 |   0 | 7.427726e+03 |      --      |    Inf | unknown
d 0.1s|     1 |     0 |  1219 |     - |farkasdi|   0 | 423 | 181 | 181 |   0 |  1 |   0 |   0 | 7.427726e+03 | 2.896357e+03 | 156.45%| unknown
d 0.1s|     1 |     0 |  1388 |     - |farkasdi|   0 | 423 | 181 | 181 |   0 |  1 |   0 |   0 | 7.427726e+03 | 4.688116e+03 |  58.44%| unknown
d 0.1s|     1 |     0 |  1421 |     - |farkasdi|   0 | 423 | 181 | 181 |   0 |  1 |   0 |   0 | 7.427726e+03 | 5.577810e+03 |  33.17%| unknown
d 0.1s|     1 |     0 |  1426 |     - |farkasdi|   0 | 423 | 181 | 181 |   0 |  1 |   0 |   0 | 7.427726e+03 | 7.022015e+03 |   5.78%| unknown
  0.1s|     1 |     0 |  1426 |     - |  5523k |   0 | 423 | 181 | 181 |   0 |  1 |   0 |   0 | 7.427726e+03 | 7.022015e+03 |   5.78%| unknown
  0.1s|     1 |     0 |  1426 |     - |  5523k |   0 | 423 | 181 | 181 |   0 |  1 |   0 |   0 | 7.427726e+03 | 7.022015e+03 |   5.78%| unknown
  0.4s|     1 |     2 |  1426 |     - |  5952k |   0 | 423 | 181 | 181 |   0 |  2 |   0 |  58 | 7.399786e+03 | 7.022015e+03 |   5.38%| unknown

SCIP Status        : solving was interrupted [node limit reached]
Solving Time (sec) : 0.36
Solving Nodes      : 1
Primal Bound       : +7.02201528977720e+03 (62 solutions)
Dual Bound         : +7.39978583365076e+03
Gap                : 5.38 %
