presolving:
(round 1, fast)       2 del vars, 2 del conss, 0 add conss, 0 chg bounds, 0 chg sides, 0 chg coeffs, 0 upgd conss, 0 impls, 189 clqs
   (0.0s) running MILP presolver
   (0.0s) MILP presolver (2 rounds): 0 aggregations, 13 fixings, 0 bound changes
(round 2, medium)     15 del vars, 2 del conss, 0 add conss, 0 chg bounds, 0 chg sides, 0 chg coeffs, 0 upgd conss, 0 impls, 189 clqs
(round 3, fast)       16 del vars, 3 del conss, 0 add conss, 0 chg bounds, 0 chg sides, 0 chg coeffs, 0 upgd conss, 0 impls, 188 clqs
(round 4, exhaustive) 16 del vars, 7 del conss, 0 add conss, 0 chg bounds, 4 chg sides, 0 chg coeffs, 0 upgd conss, 0 impls, 188 clqs
(round 5, exhaustive) 16 del vars, 7 del conss, 0 add conss, 0 chg bounds, 4 chg sides, 0 chg coeffs, 184 upgd conss, 0 impls, 188 clqs
(round 6, fast)       17 del vars, 7 del conss, 0 add conss, 0 chg bounds, 4 chg sides, 0 chg coeffs, 184 upgd conss, 0 impls, 188 clqs
(round 7, medium)     55 del vars, 7 del conss, 0 add conss, 0 chg bounds, 4 chg sides, 38 chg coeffs, 184 upgd conss, 0 impls, 188 clqs
(round 8, fast)       78 del vars, 7 del conss, 0 add conss, 0 chg bounds, 4 chg sides, 38 chg coeffs, 184 upgd conss, 0 impls, 187 clqs
(round 9, exhaustive) 78 del vars, 12 del conss, 0 add conss, 0 chg bounds, 4 chg sides, 38 chg coeffs, 184 upgd conss, 0 impls, 187 clqs
   (0.0s) probing: 51/422 (12.1%) - 0 fixings, 0 aggregations, 0 implications, 0 bound changes
   (0.0s) probing aborted: 50/50 successive totally useless probings
   (0.0s) symmetry computation started: requiring (bin +, int +, cont +), (fixed: bin -, int -, cont -)
   (0.0s) no symmetry present (symcode time: 0.00)
presolving (10 rounds: 10 fast, 6 medium, 4 exhaustive):
 78 deleted vars, 12 deleted constraints, 0 added constraints, 0 tightened bounds, 0 added holes, 4 changed sides, 38 changed coefficients
 0 implications, 187 cliques
presolved problem has 422 variables (422 bin, 0 int, 0 impl, 0 cont) and 179 constraints
    179 constraints of type <setppc>
Presolving Time: 0.02

 time | node  | left  |LP iter|LP it/n|mem/heur|mdpt |vars |cons |rows |cuts |sepa|confs|strbr|  dualbound   | primalbound  |  gap   | compl. 
  0.1s|     1 |     0 |  1399 |     - |  5221k |   0 | 422 | 179 | 179 |   0 |  0 |   0 |   0 | 7.819686e+03 |      --      |    Inf | unknown
d 0.1s|     1 |     0 |  1399 |     - |farkasdi|   0 | 422 | 179 | 179 |   0 |  1 |   0 |   0 | 7.819686e+03 | 2.886711e+03 | 170.89%| unknown
d 0.1s|     1 |     0 |  1620 |     - |farkasdi|   0 | 422 | 179 | 179 |   0 |  1 |   0 |   0 | 7.819686e+03 | 3.740728e+03 | 109.04%| unknown
d 0.1s|     1 |     0 |  1680 |     - |farkasdi|   0 | 422 | 179 | 179 |   0 |  1 |   0 |   0 | 7.819686e+03 | 4.289867e+03 |  82.28%| unknown
d 0.1s|     1 |     0 |  1703 |     - |farkasdi|   0 | 422 | 179 | 179 |   0 |  1 |   0 |   0 | 7.819686e+03 | 5.021558e+03 |  55.72%| unknown
d 0.1s|     1 |     0 |  1712 |     - |farkasdi|   0 | 422 | 179 | 179 |   0 |  1 |   0 |   0 | 7.819686e+03 | 7.117694e+03 |   9.86%| unknown
  0.1s|     1 |     0 |  1712 |     - |  5335k |   0 | 422 | 179 | 179 |   0 |  1 |   0 |   0 | 7.819686e+03 | 7.117694e+03 |   9.86%| unknown
  0.3s|     1 |     2 |  1712 |     - |  5477k |   0 | 422 | 179 | 179 |   0 |  2 |   0 |  37 | 7.774346e+03 | 7.117694e+03 |   9.23%| unknown

SCIP Status        : solving was interrupted [node limit reached]
Solving Time (sec) : 0.29
Solving Nodes      : 1
Primal Bound       : +7.11769350926585e+03 (41 solutions)
Dual Bound         : +7.77434604709135e+03
Gap                : 9.23 %
