presolving:
(round 1, fast)       1 del vars, 1 del conss, 0 add conss, 0 chg bounds, 0 chg sides, 0 chg coeffs, 0 upgd conss, 0 impls, 196 clqs
   (0.0s) running MILP presolver
   (0.0s) MILP presolver (2 rounds): 0 aggregations, 26 fixings, 0 bound changes
(round 2, medium)     27 del vars, 1 del conss, 0 add conss, 0 chg bounds, 0 chg sides, 0 chg coeffs, 0 upgd conss, 0 impls, 195 clqs
(round 3, fast)       28 del vars, 3 del conss, 0 add conss, 0 chg bounds, 0 chg sides, 0 chg coeffs, 0 upgd conss, 0 impls, 194 clqs
(round 4, exhaustive) 28 del vars, 9 del conss, 0 add conss, 0 chg bounds, 6 chg sides, 0 chg coeffs, 0 upgd conss, 0 impls, 194 clqs
(round 5, exhaustive) 28 del vars, 9 del conss, 0 add conss, 0 chg bounds, 6 chg sides, 0 chg coeffs, 188 upgd conss, 0 impls, 194 clqs
(round 6, medium)     66 del vars, 9 del conss, 0 add conss, 0 chg bounds, 6 chg sides, 38 chg coeffs, 188 upgd conss, 0 impls, 194 clqs
(round 7, fast)       96 del vars, 12 del conss, 0 add conss, 0 chg bounds, 6 chg sides, 38 chg coeffs, 188 upgd conss, 0 impls, 191 clqs
(round 8, exhaustive) 96 del vars, 16 del conss, 0 add conss, 0 chg bounds, 6 chg sides, 38 chg coeffs, 188 upgd conss, 0 impls, 191 clqs
   (0.0s) probing: 51/404 (12.6%) - 0 fixings, 0 aggregations, 0 implications, 0 bound changes
   (0.0s) probing aborted: 50/50 successive totally useless probings
   (0.0s) symmetry computation started: requiring (bin +, int +, cont +), (fixed: bin -, int -, cont -)
   (0.0s) no symmetry present (symcode time: 0.00)
presolving (9 rounds: 9 fast, 6 medium, 4 exhaustive):
 96 deleted vars, 16 deleted constraints, 0 added constraints, 0 tightened bounds, 0 added holes, 6 changed sides, 38 changed coefficients
 0 implications, 191 cliques
presolved problem has 404 variables (404 bin, 0 int, 0 impl, 0 cont) and 181 constraints
    181 constraints of type <setppc>
Presolving Time: 0.02

 time | node  | left  |LP iter|LP it/n|mem/heur|mdpt |vars |cons |rows |cuts |sepa|confs|strbr|  dualbound   | primalbound  |  gap   | compl. 
  0.1s|     1 |     0 |  1620 |     - |  5056k |   0 | 404 | 181 | 181 |   0 |  0 |   0 |   0 | 7.711128e+03 |      --      |    Inf | unknown
d 0.1s|     1 |     0 |  1620 |     - |farkasdi|   0 | 404 | 181 | 181 |   0 |  1 |   0 |   0 | 7.711128e+03 | 3.059956e+03 | 152.00%| unknown
d 0.1s|     1 |     0 |  1746 |     - |farkasdi|   0 | 404 | 181 | 181 |   0 |  1 |   0 |   0 | 7.711128e+03 | 4.486948e+03 |  71.86%| unknown
d 0.1s|     1 |     0 |  1768 |     - |farkasdi|   0 | 404 | 181 | 181 |   0 |  1 |   0 |   0 | 7.711128e+03 | 4.925335e+03 |  56.56%| unknown
d 0.1s|     1 |     0 |  1780 |     - |farkasdi|   0 | 404 | 181 | 181 |   0 |  1 |   0 |   0 | 7.711128e+03 | 5.558592e+03 |  38.72%| unknown
d 0.1s|     1 |     0 |  1803 |     - |farkasdi|   0 | 404 | 181 | 181 |   0 |  1 |   0 |   0 | 7.711128e+03 | 6.491752e+03 |  18.78%| unknown
d 0.1s|     1 |     0 |  1804 |     - |farkasdi|   0 | 404 | 181 | 181 |   0 |  1 |   0 |   0 | 7.711128e+03 | 7.082573e+03 |   8.87%| unknown
  0.1s|     1 |     0 |  1804 |     - |  5189k |   0 | 404 | 181 | 181 |   0 |  1 |   0 |   0 | 7.711128e+03 | 7.082573e+03 |   8.87%| unknown
  0.2s|     1 |     2 |  1804 |     - |  5476k |   0 | 404 | 181 | 181 |   0 |  2 |   0 |  29 | 7.682222e+03 | 7.082573e+03 |   8.47%| unknown

SCIP Status        : solving was interrupted [node limit reached]
Solving Time (sec) : 0.20
Solving Nodes      : 1
Primal Bound       : +7.08257263883642e+03 (37 solutions)
Dual Bound         : +7.68222214741430e+03
Gap                : 8.47 %
