presolving:
(round 1, fast)       0 del vars, 2 del conss, 0 add conss, 0 chg bounds, 0 chg sides, 0 chg coeffs, 0 upgd conss, 0 impls, 187 clqs
   (0.0s) running MILP presolver
   (0.0s) MILP presolver (2 rounds): 0 aggregations, 18 fixings, 0 bound changes
(round 2, medium)     18 del vars, 2 del conss, 0 add conss, 0 chg bounds, 0 chg sides, 0 chg coeffs, 0 upgd conss, 0 impls, 187 clqs
(round 3, exhaustive) 18 del vars, 4 del conss, 0 add conss, 0 chg bounds, 2 chg sides, 0 chg coeffs, 0 upgd conss, 0 impls, 187 clqs
(round 4, exhaustive) 18 del vars, 4 del conss, 0 add conss, 0 chg bounds, 2 chg sides, 0 chg coeffs, 185 upgd conss, 0 impls, 187 clqs
(round 5, medium)     54 del vars, 4 del conss, 0 add conss, 0 chg bounds, 2 chg sides, 36 chg coeffs, 185 upgd conss, 0 impls, 187 clqs
(round 6, fast)       73 del vars, 4 del conss, 0 add conss, 0 chg bounds, 2 chg sides, 36 chg coeffs, 185 upgd conss, 0 impls, 186 clqs
(round 7, exhaustive) 73 del vars, 7 del conss, 0 add conss, 0 chg bounds, 2 chg sides, 36 chg coeffs, 185 upgd conss, 0 impls, 186 clqs
   (0.0s) probing: 51/427 (11.9%) - 0 fixings, 0 aggregations, 0 implications, 0 bound changes
   (0.0s) probing aborted: 50/50 successive totally useless probings
   (0.0s) symmetry computation started: requiring (bin +, int +, cont +), (fixed: bin -, int -, cont -)
   (0.0s) no symmetry present (symcode time: 0.00)
presolving (8 rounds: 8 fast, 6 medium, 4 exhaustive):
 73 deleted vars, 7 deleted constraints, 0 added constraints, 0 tightened bounds, 0 added holes, 2 changed sides, 36 changed coefficients
 0 implications, 186 cliques
presolved problem has 427 variables (427 bin, 0 int, 0 impl, 0 cont) and 182 constraints
    182 constraints of type <setppc>
Presolving Time: 0.02

 time | node  | left  |LP iter|LP it/n|mem/heur|mdpt |vars |cons |rows |cuts |sepa|confs|strbr|  dualbound   | primalbound  |  gap   | compl. 
  0.1s|     1 |     0 |  1580 |     - |  5179k |   0 | 427 | 182 | 182 |   0 |  0 |   0 |   0 | 7.579599e+03 |      --      |    Inf | unknown
d 0.1s|     1 |     0 |  1580 |     - |farkasdi|   0 | 427 | 182 | 182 |   0 |  1 |   0 |   0 | 7.579599e+03 | 2.765242e+03 | 174.10%| unknown
d 0.1s|     1 |     0 |  1769 |     - |farkasdi|   0 | 427 | 182 | 182 |   0 |  1 |   0 |   0 | 7.579599e+03 | 3.407733e+03 | 122.42%| unknown
d 0.1s|     1 |     0 |  1834 |     - |farkasdi|   0 | 427 | 182 | 182 |   0 |  1 |   0 |   0 | 7.579599e+03 | 4.299903e+03 |  76.27%| unknown
d 0.1s|     1 |     0 |  1849 |     - |farkasdi|   0 | 427 | 182 | 182 |   0 |  1 |   0 |   0 | 7.579599e+03 | 6.128015e+03 |  23.69%| unknown
d 0.1s|     1 |     0 |  1851 |     - |farkasdi|   0 | 427 | 182 | 182 |   0 |  1 |   0 |   0 | 7.579599e+03 | 6.859960e+03 |  10.49%| unknown
d 0.1s|     1 |     0 |  1856 |     - |farkasdi|   0 | 427 | 182 | 182 |   0 |  1 |   0 |   0 | 7.579599e+03 | 7.046434e+03 |   7.57%| unknown
  0.1s|     1 |     0 |  1856 |     - |  5298k |   0 | 427 | 182 | 182 |   0 |  1 |   0 |   0 | 7.579599e+03 | 7.046434e+03 |   7.57%| unknown
  0.1s|     1 |     0 |  1856 |     - |  5298k |   0 | 427 | 182 | 182 |   0 |  1 |   0 |   0 | 7.579599e+03 | 7.046434e+03 |   7.57%| unknown
  0.3s|     1 |     2 |  1856 |     - |  5579k |   0 | 427 | 182 | 182 |   0 |  2 |   0 |  26 | 7.538496e+03 | 7.046434e+03 |   6.98%| unknown

SCIP Status        : solving was interrupted [node limit reached]
Solving Time (sec) : 0.25
Solving Nodes      : 1
Primal Bound       : +7.04643371560530e+03 (31 solutions)
Dual Bound         : +7.53849613134767e+03
Gap                : 6.98 %
