presolving:
(round 1, fast)       1 del vars, 1 del conss, 0 add conss, 0 chg bounds, 0 chg sides, 0 chg coeffs, 0 upgd conss, 0 impls, 189 clqs
(round 2, fast)       2 del vars, 1 del conss, 0 add conss, 0 chg bounds, 0 chg sides, 0 chg coeffs, 0 upgd conss, 0 impls, 189 clqs
   (0.0s) running MILP presolver
   (0.0s) MILP presolver (2 rounds): 0 aggregations, 25 fixings, 0 bound changes
(round 3, medium)     27 del vars, 1 del conss, 0 add conss, 0 chg bounds, 0 chg sides, 0 chg coeffs, 0 upgd conss, 0 impls, 189 clqs
(round 4, exhaustive) 27 del vars, 8 del conss, 0 add conss, 0 chg bounds, 7 chg sides, 0 chg coeffs, 0 upgd conss, 0 impls, 189 clqs
(round 5, exhaustive) 27 del vars, 8 del conss, 0 add conss, 0 chg bounds, 7 chg sides, 0 chg coeffs, 182 upgd conss, 0 impls, 189 clqs
(round 6, medium)     71 del vars, 8 del conss, 0 add conss, 0 chg bounds, 7 chg sides, 44 chg coeffs, 182 upgd conss, 0 impls, 189 clqs
(round 7, fast)       95 del vars, 11 del conss, 0 add conss, 0 chg bounds, 7 chg sides, 44 chg coeffs, 182 upgd conss, 0 impls, 184 clqs
(round 8, exhaustive) 95 del vars, 15 del conss, 0 add conss, 0 chg bounds, 7 chg sides, 44 chg coeffs, 182 upgd conss, 0 impls, 184 clqs
   (0.0s) probing: 51/405 (12.6%) - 0 fixings, 0 aggregations, 0 implications, 0 bound changes
   (0.0s) probing aborted: 50/50 successive totally useless probings
   (0.0s) symmetry computation started: requiring (bin +, int +, cont +), (fixed: bin -, int -, cont -)
   (0.0s) no symmetry present (symcode time: 0.00)
presolving (9 rounds: 9 fast, 6 medium, 4 exhaustive):
 95 deleted vars, 15 deleted constraints, 0 added constraints, 0 tightened bounds, 0 added holes, 7 changed sides, 44 changed coefficients
 0 implications, 184 cliques
presolved problem has 405 variables (405 bin, 0 int, 0 impl, 0 cont) and 175 constraints
    175 constraints of type <setppc>
Presolving Time: 0.02

 time | node  | left  |LP iter|LP it/n|mem/heur|mdpt |vars |cons |rows |cuts |sepa|confs|strbr|  dualbound   | primalbound  |  gap   | compl. 
  0.1s|     1 |     0 |  1527 |     - |  5170k |   0 | 405 | 175 | 175 |   0 |  0 |   0 |   0 | 8.036005e+03 |      --      |    Inf | unknown
d 0.1s|     1 |     0 |  1527 |     - |farkasdi|   0 | 405 | 175 | 175 |   0 |  1 |   0 |   0 | 8.036005e+03 | 3.263871e+03 | 146.21%| unknown
d 0.1s|     1 |     0 |  1687 |     - |farkasdi|   0 | 405 | 175 | 175 |   0 |  1 |   0 |   0 | 8.036005e+03 | 4.221338e+03 |  90.37%| unknown
d 0.1s|     1 |     0 |  1733 |     - |farkasdi|   0 | 405 | 175 | 175 |   0 |  1 |   0 |   0 | 8.036005e+03 | 4.958322e+03 |  62.07%| unknown
d 0.1s|     1 |     0 |  1799 |     - |farkasdi|   0 | 405 | 175 | 175 |   0 |  1 |   0 |   0 | 8.036005e+03 | 5.457977e+03 |  47.23%| unknown
d 0.1s|     1 |     0 |  1806 |     - |farkasdi|   0 | 405 | 175 | 175 |   0 |  1 |   0 |   0 | 8.036005e+03 | 7.351914e+03 |   9.30%| unknown
  0.1s|     1 |     0 |  1806 |     - |  5280k |   0 | 405 | 175 | 175 |   0 |  1 |   0 |   0 | 8.036005e+03 | 7.351914e+03 |   9.30%| unknown
  0.3s|     1 |     2 |  1806 |     - |  5491k |   0 | 405 | 175 | 175 |   0 |  2 |   0 |  34 | 7.993517e+03 | 7.351914e+03 |   8.73%| unknown

SCIP Status        : solving was interrupted [node limit reached]
Solving Time (sec) : 0.26
Solving Nodes      : 1
Primal Bound       : +7.35191364334745e+03 (43 solutions)
Dual Bound         : +7.99351697212092e+03
Gap                : 8.73 %
