presolving:
   (0.0s) running MILP presolver
   (0.0s) MILP presolver (2 rounds): 0 aggregations, 13 fixings, 0 bound changes
(round 1, medium)     13 del vars, 0 del conss, 0 add conss, 0 chg bounds, 0 chg sides, 0 chg coeffs, 0 upgd conss, 0 impls, 188 clqs
(round 2, fast)       13 del vars, 1 del conss, 0 add conss, 0 chg bounds, 0 chg sides, 0 chg coeffs, 0 upgd conss, 0 impls, 188 clqs
(round 3, exhaustive) 13 del vars, 3 del conss, 0 add conss, 0 chg bounds, 2 chg sides, 0 chg coeffs, 0 upgd conss, 0 impls, 188 clqs
(round 4, exhaustive) 13 del vars, 3 del conss, 0 add conss, 0 chg bounds, 2 chg sides, 0 chg coeffs, 186 upgd conss, 0 impls, 188 clqs
(round 5, medium)     48 del vars, 3 del conss, 0 add conss, 0 chg bounds, 2 chg sides, 35 chg coeffs, 186 upgd conss, 0 impls, 188 clqs
(round 6, fast)       68 del vars, 4 del conss, 0 add conss, 0 chg bounds, 2 chg sides, 35 chg coeffs, 186 upgd conss, 0 impls, 187 clqs
(round 7, exhaustive) 68 del vars, 9 del conss, 0 add conss, 0 chg bounds, 2 chg sides, 35 chg coeffs, 186 upgd conss, 0 impls, 187 clqs
(round 8, exhaustive) 69 del vars, 9 del conss, 0 add conss, 0 chg bounds, 2 chg sides, 35 chg coeffs, 186 upgd conss, 0 impls, 187 clqs
   (0.0s) probing: 51/431 (11.8%) - 0 fixings, 0 aggregations, 0 implications, 0 bound changes
   (0.0s) probing aborted: 50/50 successive totally useless probings
   (0.0s) symmetry computation started: requiring (bin +, int +, cont +), (fixed: bin -, int -, cont -)
   (0.0s) no symmetry present (symcode time: 0.00)
presolving (9 rounds: 9 fast, 7 medium, 5 exhaustive):
 69 deleted vars, 9 deleted constraints, 0 added constraints, 0 tightened bounds, 0 added holes, 2 changed sides, 35 changed coefficients
 0 implications, 187 cliques
presolved problem has 431 variables (431 bin, 0 int, 0 impl, 0 cont) and 180 constraints
    180 constraints of type <setppc>
Presolving Time: 0.02

 time | node  | left  |LP iter|LP it/n|mem/heur|mdpt |vars |cons |rows |cuts |sepa|confs|strbr|  dualbound   | primalbound  |  gap   | compl. 
  0.1s|     1 |     0 |  1297 |     - |  5441k |   0 | 431 | 180 | 180 |   0 |  0 |   0 |   0 | 7.196774e+03 |      --      |    Inf | unknown
d 0.1s|     1 |     0 |  1297 |     - |farkasdi|   0 | 431 | 180 | 180 |   0 |  1 |   0 |   0 | 7.196774e+03 | 2.681525e+03 | 168.38%| unknown
d 0.1s|     1 |     0 |  1326 |     - |farkasdi|   0 | 431 | 180 | 180 |   0 |  1 |   0 |   0 | 7.196774e+03 | 3.539759e+03 | 103.31%| unknown
d 0.1s|     1 |     0 |  1356 |     - |farkasdi|   0 | 431 | 180 | 180 |   0 |  1 |   0 |   0 | 7.196774e+03 | 4.117118e+03 |  74.80%| unknown
d 0.1s|     1 |     0 |  1399 |     - |farkasdi|   0 | 431 | 180 | 180 |   0 |  1 |   0 |   0 | 7.196774e+03 | 4.408013e+03 |  63.27%| unknown
d 0.1s|     1 |     0 |  1410 |     - |farkasdi|   0 | 431 | 180 | 180 |   0 |  1 |   0 |   0 | 7.196774e+03 | 4.913844e+03 |  46.46%| unknown
d 0.1s|     1 |     0 |  1433 |     - |farkasdi|   0 | 431 | 180 | 180 |   0 |  1 |   0 |   0 | 7.196774e+03 | 6.118495e+03 |  17.62%| unknown
d 0.1s|     1 |     0 |  1438 |     - |farkasdi|   0 | 431 | 180 | 180 |   0 |  1 |   0 |   0 | 7.196774e+03 | 6.402433e+03 |  12.41%| unknown
d 0.1s|     1 |     0 |  1440 |     - |farkasdi|   0 | 431 | 180 | 180 |   0 |  1 |   0 |   0 | 7.196774e+03 | 6.587628e+03 |   9.25%| unknown
  0.1s|     1 |     0 |  1440 |     - |  5587k |   0 | 431 | 180 | 180 |   0 |  1 |   0 |   0 | 7.196774e+03 | 6.587628e+03 |   9.25%| unknown
  0.2s|     1 |     2 |  1440 |     - |  5865k |   0 | 431 | 180 | 180 |   0 |  2 |   0 |  38 | 7.149671e+03 | 6.587628e+03 |   8.53%| unknown

SCIP Status        : solving was interrupted [node limit reached]
Solving Time (sec) : 0.24
Solving Nodes      : 1
Primal Bound       : +6.58762751649592e+03 (48 solutions)
Dual Bound         : +7.14967131638130e+03
Gap                : 8.53 %
