presolving:
(round 1, fast)       1 del vars, 1 del conss, 0 add conss, 0 chg bounds, 0 chg sides, 0 chg coeffs, 0 upgd conss, 0 impls, 189 clqs
(round 2, fast)       2 del vars, 1 del conss, 0 add conss, 0 chg bounds, 0 chg sides, 0 chg coeffs, 0 upgd conss, 0 impls, 189 clqs
   (0.0s) running MILP presolver
   (0.0s) MILP presolver (2 rounds): 0 aggregations, 12 fixings, 0 bound changes
(round 3, medium)     14 del vars, 1 del conss, 0 add conss, 0 chg bounds, 0 chg sides, 0 chg coeffs, 0 upgd conss, 0 impls, 189 clqs
(round 4, exhaustive) 14 del vars, 3 del conss, 0 add conss, 0 chg bounds, 2 chg sides, 0 chg coeffs, 0 upgd conss, 0 impls, 189 clqs
(round 5, exhaustive) 14 del vars, 3 del conss, 0 add conss, 0 chg bounds, 2 chg sides, 0 chg coeffs, 187 upgd conss, 0 impls, 189 clqs
(round 6, medium)     46 del vars, 3 del conss, 0 add conss, 0 chg bounds, 2 chg sides, 32 chg coeffs, 187 upgd conss, 0 impls, 189 clqs
(round 7, fast)       57 del vars, 4 del conss, 0 add conss, 0 chg bounds, 2 chg sides, 32 chg coeffs, 187 upgd conss, 0 impls, 188 clqs
   (0.0s) probing: 51/443 (11.5%) - 0 fixings, 0 aggregations, 0 implications, 0 bound changes
   (0.0s) probing aborted: 50/50 successive totally useless probings
   (0.0s) symmetry computation started: requiring (bin +, int +, cont +), (fixed: bin -, int -, cont -)
   (0.0s) no symmetry present (symcode time: 0.00)
presolving (8 rounds: 8 fast, 5 medium, 3 exhaustive):
 57 deleted vars, 4 deleted constraints, 0 added constraints, 0 tightened bounds, 0 added holes, 2 changed sides, 32 changed coefficients
 0 implications, 188 cliques
presolved problem has 443 variables (443 bin, 0 int, 0 impl, 0 cont) and 186 constraints
    186 constraints of type <setppc>
Presolving Time: 0.01

 time | node  | left  |LP iter|LP it/n|mem/heur|mdpt |vars |cons |rows |cuts |sepa|confs|strbr|  dualbound   | primalbound  |  gap   | compl. 
  0.1s|     1 |     0 |  1333 |     - |  5275k |   0 | 443 | 186 | 186 |   0 |  0 |   0 |   0 | 7.795771e+03 |      --      |    Inf | unknown
d 0.1s|     1 |     0 |  1333 |     - |farkasdi|   0 | 443 | 186 | 186 |   0 |  1 |   0 |   0 | 7.795771e+03 | 3.043391e+03 | 156.15%| unknown
d 0.1s|     1 |     0 |  1418 |     - |farkasdi|   0 | 443 | 186 | 186 |   0 |  1 |   0 |   0 | 7.795771e+03 | 3.224133e+03 | 141.79%| unknown
d 0.1s|     1 |     0 |  1505 |     - |farkasdi|   0 | 443 | 186 | 186 |   0 |  1 |   0 |   0 | 7.795771e+03 | 3.943757e+03 |  97.67%| unknown
d 0.1s|     1 |     0 |  1558 |     - |farkasdi|   0 | 443 | 186 | 186 |   0 |  1 |   0 |   0 | 7.795771e+03 | 5.097631e+03 |  52.93%| unknown
d 0.1s|     1 |     0 |  1568 |     - |farkasdi|   0 | 443 | 186 | 186 |   0 |  1 |   0 |   0 | 7.795771e+03 | 7.243958e+03 |   7.62%| unknown
  0.1s|     1 |     0 |  1568 |     - |  5386k |   0 | 443 | 186 | 186 |   0 |  1 |   0 |   0 | 7.795771e+03 | 7.243958e+03 |   7.62%| unknown
  0.2s|     1 |     2 |  1568 |     - |  5571k |   0 | 443 | 186 | 186 |   0 |  2 |   0 |  28 | 7.751025e+03 | 7.243958e+03 |   7.00%| unknown

SCIP Status        : solving was interrupted [node limit reached]
Solving Time (sec) : 0.21
Solving Nodes      : 1
Primal Bound       : +7.24395792437148e+03 (36 solutions)
Dual Bound         : +7.75102542112314e+03
Gap                : 7.00 %
