presolving:
(round 1, fast)       0 del vars, 2 del conss, 0 add conss, 0 chg bounds, 0 chg sides, 0 chg coeffs, 0 upgd conss, 0 impls, 192 clqs
   (0.0s) running MILP presolver
   (0.0s) MILP presolver (2 rounds): 0 aggregations, 17 fixings, 0 bound changes
(round 2, medium)     17 del vars, 2 del conss, 0 add conss, 0 chg bounds, 0 chg sides, 0 chg coeffs, 0 upgd conss, 0 impls, 192 clqs
(round 3, exhaustive) 17 del vars, 5 del conss, 0 add conss, 0 chg bounds, 3 chg sides, 0 chg coeffs, 0 upgd conss, 0 impls, 192 clqs
(round 4, exhaustive) 17 del vars, 5 del conss, 0 add conss, 0 chg bounds, 3 chg sides, 0 chg coeffs, 189 upgd conss, 0 impls, 192 clqs
(round 5, medium)     57 del vars, 5 del conss, 0 add conss, 0 chg bounds, 3 chg sides, 40 chg coeffs, 189 upgd conss, 0 impls, 192 clqs
(round 6, fast)       83 del vars, 6 del conss, 0 add conss, 0 chg bounds, 3 chg sides, 40 chg coeffs, 189 upgd conss, 0 impls, 190 clqs
(round 7, exhaustive) 83 del vars, 11 del conss, 0 add conss, 0 chg bounds, 3 chg sides, 40 chg coeffs, 189 upgd conss, 0 impls, 190 clqs
   (0.0s) probing: 51/417 (12.2%) - 0 fixings, 0 aggregations, 0 implications, 0 bound changes
   (0.0s) probing aborted: 50/50 successive totally useless probings
   (0.0s) symmetry computation started: requiring (bin +, int +, cont +), (fixed: bin -, int -, cont -)
   (0.0s) no symmetry present (symcode time: 0.00)
presolving (8 rounds: 8 fast, 6 medium, 4 exhaustive):
 83 deleted vars, 11 deleted constraints, 0 added constraints, 0 tightened bounds, 0 added holes, 3 changed sides, 40 changed coefficients
 0 implications, 190 cliques
presolved problem has 417 variables (417 bin, 0 int, 0 impl, 0 cont) and 183 constraints
    183 constraints of type <setppc>
Presolving Time: 0.02

 time | node  | left  |LP iter|LP it/n|mem/heur|mdpt |vars |cons |rows |cuts |sepa|confs|strbr|  dualbound   | primalbound  |  gap   | compl. 
  0.1s|     1 |     0 |  1149 |     - |  5095k |   0 | 417 | 183 | 183 |   0 |  0 |   0 |   0 | 7.573209e+03 |      --      |    Inf | unknown
d 0.1s|     1 |     0 |  1149 |     - |farkasdi|   0 | 417 | 183 | 183 |   0 |  1 |   0 |   0 | 7.573209e+03 | 3.032900e+03 | 149.70%| unknown
d 0.1s|     1 |     0 |  1235 |     - |farkasdi|   0 | 417 | 183 | 183 |   0 |  1 |   0 |   0 | 7.573209e+03 | 3.730284e+03 | 103.02%| unknown
d 0.1s|     1 |     0 |  1265 |     - |farkasdi|   0 | 417 | 183 | 183 |   0 |  1 |   0 |   0 | 7.573209e+03 | 4.618366e+03 |  63.98%| unknown
d 0.1s|     1 |     0 |  1291 |     - |farkasdi|   0 | 417 | 183 | 183 |   0 |  1 |   0 |   0 | 7.573209e+03 | 6.004721e+03 |  26.12%| unknown
d 0.1s|     1 |     0 |  1295 |     - |farkasdi|   0 | 417 | 183 | 183 |   0 |  1 |   0 |   0 | 7.573209e+03 | 6.403710e+03 |  18.26%| unknown
d 0.1s|     1 |     0 |  1310 |     - |farkasdi|   0 | 417 | 183 | 183 |   0 |  1 |   0 |   0 | 7.573209e+03 | 6.577482e+03 |  15.14%| unknown
d 0.1s|     1 |     0 |  1313 |     - |farkasdi|   0 | 417 | 183 | 183 |   0 |  1 |   0 |   0 | 7.573209e+03 | 6.967150e+03 |   8.70%| unknown
d 0.1s|     1 |     0 |  1316 |     - |farkasdi|   0 | 417 | 183 | 183 |   0 |  1 |   0 |   0 | 7.573209e+03 | 7.157420e+03 |   5.81%| unknown
  0.1s|     1 |     0 |  1316 |     - |  5249k |   0 | 417 | 183 | 183 |   0 |  1 |   0 |   0 | 7.573209e+03 | 7.157420e+03 |   5.81%| unknown
  0.1s|     1 |     0 |  1316 |     - |  5249k |   0 | 417 | 183 | 183 |   0 |  1 |   0 |   0 | 7.573209e+03 | 7.157420e+03 |   5.81%| unknown
  0.2s|     1 |     2 |  1316 |     - |  5308k |   0 | 417 | 183 | 183 |   0 |  2 |   0 |  19 | 7.517524e+03 | 7.157420e+03 |   5.03%| unknown

SCIP Status        : solving was interrupted [node limit reached]
Solving Time (sec) : 0.15
Solving Nodes      : 1
Primal Bound       : +7.15741954044748e+03 (27 solutions)
Dual Bound         : +7.51752374838430e+03
Gap                : 5.03 %
