presolving:
   (0.0s) running MILP presolver
   (0.0s) MILP presolver (2 rounds): 0 aggregations, 23 fixings, 0 bound changes
(round 1, medium)     23 del vars, 0 del conss, 0 add conss, 0 chg bounds, 0 chg sides, 0 chg coeffs, 0 upgd conss, 0 impls, 193 clqs
(round 2, exhaustive) 23 del vars, 9 del conss, 0 add conss, 0 chg bounds, 9 chg sides, 0 chg coeffs, 0 upgd conss, 0 impls, 193 clqs
(round 3, exhaustive) 23 del vars, 9 del conss, 0 add conss, 0 chg bounds, 9 chg sides, 0 chg coeffs, 184 upgd conss, 0 impls, 193 clqs
(round 4, medium)     60 del vars, 9 del conss, 0 add conss, 0 chg bounds, 9 chg sides, 37 chg coeffs, 184 upgd conss, 0 impls, 193 clqs
(round 5, fast)       99 del vars, 14 del conss, 0 add conss, 0 chg bounds, 9 chg sides, 37 chg coeffs, 184 upgd conss, 0 impls, 186 clqs
   (0.0s) running MILP presolver
   (0.0s) MILP presolver found nothing
(round 6, exhaustive) 99 del vars, 15 del conss, 0 add conss, 0 chg bounds, 9 chg sides, 37 chg coeffs, 184 upgd conss, 0 impls, 186 clqs
   (0.0s) probing: 51/401 (12.7%) - 0 fixings, 0 aggregations, 0 implications, 0 bound changes
   (0.0s) probing aborted: 50/50 successive totally useless probings
   (0.0s) symmetry computation started: requiring (bin +, int +, cont +), (fixed: bin -, int -, cont -)
   (0.0s) no symmetry present (symcode time: 0.00)
presolving (7 rounds: 7 fast, 6 medium, 4 exhaustive):
 99 deleted vars, 15 deleted constraints, 0 added constraints, 0 tightened bounds, 0 added holes, 9 changed sides, 37 changed coefficients
 0 implications, 186 cliques
presolved problem has 401 variables (401 bin, 0 int, 0 impl, 0 cont) and 178 constraints
    178 constraints of type <setppc>
Presolving Time: 0.02

 time | node  | left  |LP iter|LP it/n|mem/heur|mdpt |vars |cons |rows |cuts |sepa|confs|strbr|  dualbound   | primalbound  |  gap   | compl. 
  0.1s|     1 |     0 |  1315 |     - |  4961k |   0 | 401 | 178 | 178 |   0 |  0 |   0 |   0 | 8.078680e+03 |      --      |    Inf | unknown
d 0.1s|     1 |     0 |  1315 |     - |farkasdi|   0 | 401 | 178 | 178 |   0 |  1 |   0 |   0 | 8.078680e+03 | 3.364102e+03 | 140.14%| unknown
d 0.1s|     1 |     0 |  1420 |     - |farkasdi|   0 | 401 | 178 | 178 |   0 |  1 |   0 |   0 | 8.078680e+03 | 3.974387e+03 | 103.27%| unknown
d 0.1s|     1 |     0 |  1437 |     - |farkasdi|   0 | 401 | 178 | 178 |   0 |  1 |   0 |   0 | 8.078680e+03 | 4.551873e+03 |  77.48%| unknown
d 0.1s|     1 |     0 |  1513 |     - |farkasdi|   0 | 401 | 178 | 178 |   0 |  1 |   0 |   0 | 8.078680e+03 | 5.480477e+03 |  47.41%| unknown
d 0.1s|     1 |     0 |  1515 |     - |farkasdi|   0 | 401 | 178 | 178 |   0 |  1 |   0 |   0 | 8.078680e+03 | 7.504732e+03 |   7.65%| unknown
  0.1s|     1 |     0 |  1515 |     - |  5059k |   0 | 401 | 178 | 178 |   0 |  1 |   0 |   0 | 8.078680e+03 | 7.504732e+03 |   7.65%| unknown
  0.2s|     1 |     2 |  1515 |     - |  5226k |   0 | 401 | 178 | 178 |   0 |  2 |   0 |  25 | 8.027426e+03 | 7.504732e+03 |   6.96%| unknown

SCIP Status        : solving was interrupted [node limit reached]
Solving Time (sec) : 0.18
Solving Nodes      : 1
Primal Bound       : +7.50473160958407e+03 (31 solutions)
Dual Bound         : +8.02742636119942e+03
Gap                : 6.96 %
