presolving:
(round 1, fast)       0 del vars, 1 del conss, 0 add conss, 0 chg bounds, 0 chg sides, 0 chg coeffs, 0 upgd conss, 0 impls, 191 clqs
   (0.0s) running MILP presolver
   (0.0s) MILP presolver (2 rounds): 0 aggregations, 12 fixings, 0 bound changes
(round 2, medium)     12 del vars, 1 del conss, 0 add conss, 0 chg bounds, 0 chg sides, 0 chg coeffs, 0 upgd conss, 0 impls, 191 clqs
(round 3, exhaustive) 12 del vars, 4 del conss, 0 add conss, 0 chg bounds, 3 chg sides, 0 chg coeffs, 0 upgd conss, 0 impls, 191 clqs
(round 4, exhaustive) 12 del vars, 4 del conss, 0 add conss, 0 chg bounds, 3 chg sides, 0 chg coeffs, 188 upgd conss, 0 impls, 191 clqs
(round 5, medium)     44 del vars, 4 del conss, 0 add conss, 0 chg bounds, 3 chg sides, 32 chg coeffs, 188 upgd conss, 0 impls, 191 clqs
(round 6, fast)       55 del vars, 5 del conss, 0 add conss, 0 chg bounds, 3 chg sides, 32 chg coeffs, 188 upgd conss, 0 impls, 190 clqs
(round 7, exhaustive) 55 del vars, 6 del conss, 0 add conss, 0 chg bounds, 3 chg sides, 32 chg coeffs, 188 upgd conss, 0 impls, 190 clqs
   (0.0s) probing: 51/445 (11.5%) - 0 fixings, 0 aggregations, 0 implications, 0 bound changes
   (0.0s) probing aborted: 50/50 successive totally useless probings
   (0.0s) symmetry computation started: requiring (bin +, int +, cont +), (fixed: bin -, int -, cont -)
   (0.0s) no symmetry present (symcode time: 0.00)
presolving (8 rounds: 8 fast, 6 medium, 4 exhaustive):
 55 deleted vars, 6 deleted constraints, 0 added constraints, 0 tightened bounds, 0 added holes, 3 changed sides, 32 changed coefficients
 0 implications, 190 cliques
presolved problem has 445 variables (445 bin, 0 int, 0 impl, 0 cont) and 186 constraints
    186 constraints of type <setppc>
Presolving Time: 0.02

 time | node  | left  |LP iter|LP it/n|mem/heur|mdpt |vars |cons |rows |cuts |sepa|confs|strbr|  dualbound   | primalbound  |  gap   | compl. 
  0.1s|     1 |     0 |  1876 |     - |  5510k |   0 | 445 | 186 | 186 |   0 |  0 |   0 |   0 | 7.569445e+03 |      --      |    Inf | unknown
d 0.2s|     1 |     0 |  1876 |     - |farkasdi|   0 | 445 | 186 | 186 |   0 |  1 |   0 |   0 | 7.569445e+03 | 2.308258e+03 | 227.93%| unknown
d 0.2s|     1 |     0 |  2018 |     - |farkasdi|   0 | 445 | 186 | 186 |   0 |  1 |   0 |   0 | 7.569445e+03 | 3.990807e+03 |  89.67%| unknown
d 0.2s|     1 |     0 |  2088 |     - |farkasdi|   0 | 445 | 186 | 186 |   0 |  1 |   0 |   0 | 7.569445e+03 | 4.113780e+03 |  84.00%| unknown
d 0.2s|     1 |     0 |  2107 |     - |farkasdi|   0 | 445 | 186 | 186 |   0 |  1 |   0 |   0 | 7.569445e+03 | 7.084302e+03 |   6.85%| unknown
  0.2s|     1 |     0 |  2107 |     - |  5614k |   0 | 445 | 186 | 186 |   0 |  1 |   0 |   0 | 7.569445e+03 | 7.084302e+03 |   6.85%| unknown
  0.3s|     1 |     2 |  2107 |     - |  5694k |   0 | 445 | 186 | 186 |   0 |  2 |   0 |  19 | 7.509772e+03 | 7.084302e+03 |   6.01%| unknown

SCIP Status        : solving was interrupted [node limit reached]
Solving Time (sec) : 0.30
Solving Nodes      : 1
Primal Bound       : +7.08430153461324e+03 (23 solutions)
Dual Bound         : +7.50977185403831e+03
Gap                : 6.01 %
