presolving:
(round 1, fast)       1 del vars, 2 del conss, 0 add conss, 0 chg bounds, 0 chg sides, 0 chg coeffs, 0 upgd conss, 0 impls, 180 clqs
   (0.0s) running MILP presolver
   (0.0s) MILP presolver (2 rounds): 0 aggregations, 22 fixings, 0 bound changes
(round 2, medium)     23 del vars, 2 del conss, 0 add conss, 0 chg bounds, 0 chg sides, 0 chg coeffs, 0 upgd conss, 0 impls, 179 clqs
(round 3, fast)       24 del vars, 4 del conss, 0 add conss, 0 chg bounds, 0 chg sides, 0 chg coeffs, 0 upgd conss, 0 impls, 178 clqs
(round 4, exhaustive) 24 del vars, 7 del conss, 0 add conss, 0 chg bounds, 3 chg sides, 0 chg coeffs, 0 upgd conss, 0 impls, 178 clqs
(round 5, exhaustive) 24 del vars, 7 del conss, 0 add conss, 0 chg bounds, 3 chg sides, 0 chg coeffs, 175 upgd conss, 0 impls, 178 clqs
(round 6, medium)     59 del vars, 7 del conss, 0 add conss, 0 chg bounds, 3 chg sides, 35 chg coeffs, 175 upgd conss, 0 impls, 178 clqs
(round 7, fast)       70 del vars, 7 del conss, 0 add conss, 0 chg bounds, 3 chg sides, 35 chg coeffs, 175 upgd conss, 0 impls, 178 clqs
   (0.0s) probing: 51/430 (11.9%) - 0 fixings, 0 aggregations, 0 implications, 0 bound changes
   (0.0s) probing aborted: 50/50 successive totally useless probings
   (0.0s) symmetry computation started: requiring (bin +, int +, cont +), (fixed: bin -, int -, cont -)
   (0.0s) no symmetry present (symcode time: 0.00)
presolving (8 rounds: 8 fast, 5 medium, 3 exhaustive):
 70 deleted vars, 7 deleted constraints, 0 added constraints, 0 tightened bounds, 0 added holes, 3 changed sides, 35 changed coefficients
 0 implications, 178 cliques
presolved problem has 430 variables (430 bin, 0 int, 0 impl, 0 cont) and 175 constraints
    175 constraints of type <setppc>
Presolving Time: 0.02

 time | node  | left  |LP iter|LP it/n|mem/heur|mdpt |vars |cons |rows |cuts |sepa|confs|strbr|  dualbound   | primalbound  |  gap   | compl. 
  0.1s|     1 |     0 |  1893 |     - |  5342k |   0 | 430 | 175 | 175 |   0 |  0 |   0 |   0 | 7.680141e+03 |      --      |    Inf | unknown
d 0.1s|     1 |     0 |  1893 |     - |farkasdi|   0 | 430 | 175 | 175 |   0 |  1 |   0 |   0 | 7.680141e+03 | 3.083142e+03 | 149.10%| unknown
d 0.1s|     1 |     0 |  2032 |     - |farkasdi|   0 | 430 | 175 | 175 |   0 |  1 |   0 |   0 | 7.680141e+03 | 3.940376e+03 |  94.91%| unknown
d 0.1s|     1 |     0 |  2076 |     - |farkasdi|   0 | 430 | 175 | 175 |   0 |  1 |   0 |   0 | 7.680141e+03 | 7.339542e+03 |   4.64%| unknown
  0.1s|     1 |     0 |  2076 |     - |  5433k |   0 | 430 | 175 | 175 |   0 |  1 |   0 |   0 | 7.680141e+03 | 7.339542e+03 |   4.64%| unknown
  0.1s|     1 |     0 |  2076 |     - |  5433k |   0 | 430 | 175 | 175 |   0 |  1 |   0 |   0 | 7.680141e+03 | 7.339542e+03 |   4.64%| unknown
  0.3s|     1 |     2 |  2076 |     - |  5612k |   0 | 430 | 175 | 175 |   0 |  2 |   0 |  34 | 7.657488e+03 | 7.339542e+03 |   4.33%| unknown

SCIP Status        : solving was interrupted [node limit reached]
Solving Time (sec) : 0.27
Solving Nodes      : 1
Primal Bound       : +7.33954226530883e+03 (38 solutions)
Dual Bound         : +7.65748814560929e+03
Gap                : 4.33 %
