presolving:
(round 1, fast)       0 del vars, 1 del conss, 0 add conss, 0 chg bounds, 0 chg sides, 0 chg coeffs, 0 upgd conss, 0 impls, 194 clqs
   (0.0s) running MILP presolver
   (0.0s) MILP presolver (2 rounds): 0 aggregations, 17 fixings, 0 bound changes
(round 2, medium)     17 del vars, 1 del conss, 0 add conss, 0 chg bounds, 0 chg sides, 0 chg coeffs, 0 upgd conss, 0 impls, 194 clqs
(round 3, exhaustive) 17 del vars, 6 del conss, 0 add conss, 0 chg bounds, 5 chg sides, 0 chg coeffs, 0 upgd conss, 0 impls, 194 clqs
(round 4, exhaustive) 17 del vars, 6 del conss, 0 add conss, 0 chg bounds, 5 chg sides, 0 chg coeffs, 189 upgd conss, 0 impls, 194 clqs
(round 5, medium)     50 del vars, 6 del conss, 0 add conss, 0 chg bounds, 5 chg sides, 33 chg coeffs, 189 upgd conss, 0 impls, 194 clqs
(round 6, fast)       63 del vars, 7 del conss, 0 add conss, 0 chg bounds, 5 chg sides, 33 chg coeffs, 189 upgd conss, 0 impls, 191 clqs
(round 7, exhaustive) 63 del vars, 10 del conss, 0 add conss, 0 chg bounds, 5 chg sides, 33 chg coeffs, 189 upgd conss, 0 impls, 191 clqs
   (0.0s) probing: 51/437 (11.7%) - 0 fixings, 0 aggregations, 0 implications, 0 bound changes
   (0.0s) probing aborted: 50/50 successive totally useless probings
   (0.0s) symmetry computation started: requiring (bin +, int +, cont +), (fixed: bin -, int -, cont -)
   (0.0s) no symmetry present (symcode time: 0.00)
presolving (8 rounds: 8 fast, 6 medium, 4 exhaustive):
 63 deleted vars, 10 deleted constraints, 0 added constraints, 0 tightened bounds, 0 added holes, 5 changed sides, 33 changed coefficients
 0 implications, 191 cliques
presolved problem has 437 variables (437 bin, 0 int, 0 impl, 0 cont) and 185 constraints
    185 constraints of type <setppc>
Presolving Time: 0.02

 time | node  | left  |LP iter|LP it/n|mem/heur|mdpt |vars |cons |rows |cuts |sepa|confs|strbr|  dualbound   | primalbound  |  gap   | compl. 
  0.1s|     1 |     0 |  1688 |     - |  5475k |   0 | 437 | 185 | 185 |   0 |  0 |   0 |   0 | 7.908227e+03 |      --      |    Inf | unknown
d 0.1s|     1 |     0 |  1688 |     - |farkasdi|   0 | 437 | 185 | 185 |   0 |  1 |   0 |   0 | 7.908227e+03 | 2.588118e+03 | 205.56%| unknown
d 0.1s|     1 |     0 |  1786 |     - |farkasdi|   0 | 437 | 185 | 185 |   0 |  1 |   0 |   0 | 7.908227e+03 | 3.888378e+03 | 103.38%| unknown
d 0.1s|     1 |     0 |  1799 |     - |farkasdi|   0 | 437 | 185 | 185 |   0 |  1 |   0 |   0 | 7.908227e+03 | 4.850945e+03 |  63.02%| unknown
d 0.1s|     1 |     0 |  1837 |     - |farkasdi|   0 | 437 | 185 | 185 |   0 |  1 |   0 |   0 | 7.908227e+03 | 6.543727e+03 |  20.85%| unknown
d 0.1s|     1 |     0 |  1865 |     - |farkasdi|   0 | 437 | 185 | 185 |   0 |  1 |   0 |   0 | 7.908227e+03 | 7.357500e+03 |   7.49%| unknown
  0.1s|     1 |     0 |  1865 |     - |  5608k |   0 | 437 | 185 | 185 |   0 |  1 |   0 |   0 | 7.908227e+03 | 7.357500e+03 |   7.49%| unknown
  0.3s|     1 |     2 |  1865 |     - |  5803k |   0 | 437 | 185 | 185 |   0 |  2 |   0 |  44 | 7.854125e+03 | 7.357500e+03 |   6.75%| unknown

SCIP Status        : solving was interrupted [node limit reached]
Solving Time (sec) : 0.31
Solving Nodes      : 1
Primal Bound       : +7.35749995774723e+03 (49 solutions)
Dual Bound         : +7.85412465625532e+03
Gap                : 6.75 %
