presolving:
   (0.0s) running MILP presolver
   (0.0s) MILP presolver (2 rounds): 0 aggregations, 15 fixings, 0 bound changes
(round 1, medium)     15 del vars, 0 del conss, 0 add conss, 0 chg bounds, 0 chg sides, 0 chg coeffs, 0 upgd conss, 0 impls, 191 clqs
(round 2, fast)       15 del vars, 1 del conss, 0 add conss, 0 chg bounds, 0 chg sides, 0 chg coeffs, 0 upgd conss, 0 impls, 191 clqs
(round 3, exhaustive) 15 del vars, 3 del conss, 0 add conss, 0 chg bounds, 2 chg sides, 0 chg coeffs, 0 upgd conss, 0 impls, 191 clqs
(round 4, exhaustive) 15 del vars, 3 del conss, 0 add conss, 0 chg bounds, 2 chg sides, 0 chg coeffs, 189 upgd conss, 0 impls, 191 clqs
(round 5, medium)     54 del vars, 3 del conss, 0 add conss, 0 chg bounds, 2 chg sides, 39 chg coeffs, 189 upgd conss, 0 impls, 191 clqs
(round 6, fast)       66 del vars, 4 del conss, 0 add conss, 0 chg bounds, 2 chg sides, 39 chg coeffs, 189 upgd conss, 0 impls, 190 clqs
(round 7, exhaustive) 66 del vars, 5 del conss, 0 add conss, 0 chg bounds, 2 chg sides, 39 chg coeffs, 189 upgd conss, 0 impls, 190 clqs
(round 8, exhaustive) 67 del vars, 5 del conss, 0 add conss, 0 chg bounds, 2 chg sides, 39 chg coeffs, 189 upgd conss, 0 impls, 189 clqs
   (0.0s) probing: 51/433 (11.8%) - 0 fixings, 0 aggregations, 0 implications, 0 bound changes
   (0.0s) probing aborted: 50/50 successive totally useless probings
   (0.0s) symmetry computation started: requiring (bin +, int +, cont +), (fixed: bin -, int -, cont -)
   (0.0s) no symmetry present (symcode time: 0.00)
presolving (9 rounds: 9 fast, 7 medium, 5 exhaustive):
 67 deleted vars, 5 deleted constraints, 0 added constraints, 0 tightened bounds, 0 added holes, 2 changed sides, 39 changed coefficients
 0 implications, 189 cliques
presolved problem has 433 variables (433 bin, 0 int, 0 impl, 0 cont) and 187 constraints
    187 constraints of type <setppc>
Presolving Time: 0.02

 time | node  | left  |LP iter|LP it/n|mem/heur|mdpt |vars |cons |rows |cuts |sepa|confs|strbr|  dualbound   | primalbound  |  gap   | compl. 
  0.1s|     1 |     0 |  1733 |     - |  5408k |   0 | 433 | 187 | 187 |   0 |  0 |   0 |   0 | 7.550749e+03 |      --      |    Inf | unknown
d 0.1s|     1 |     0 |  1733 |     - |farkasdi|   0 | 433 | 187 | 187 |   0 |  1 |   0 |   0 | 7.550749e+03 | 2.757530e+03 | 173.82%| unknown
d 0.1s|     1 |     0 |  1845 |     - |farkasdi|   0 | 433 | 187 | 187 |   0 |  1 |   0 |   0 | 7.550749e+03 | 3.586064e+03 | 110.56%| unknown
d 0.1s|     1 |     0 |  1877 |     - |farkasdi|   0 | 433 | 187 | 187 |   0 |  1 |   0 |   0 | 7.550749e+03 | 7.072632e+03 |   6.76%| unknown
  0.1s|     1 |     0 |  1877 |     - |  5510k |   0 | 433 | 187 | 187 |   0 |  1 |   0 |   0 | 7.550749e+03 | 7.072632e+03 |   6.76%| unknown
  0.3s|     1 |     2 |  1877 |     - |  5684k |   0 | 433 | 187 | 187 |   0 |  2 |   0 |  27 | 7.512919e+03 | 7.072632e+03 |   6.23%| unknown

SCIP Status        : solving was interrupted [node limit reached]
Solving Time (sec) : 0.26
Solving Nodes      : 1
Primal Bound       : +7.07263219289321e+03 (32 solutions)
Dual Bound         : +7.51291862790330e+03
Gap                : 6.23 %
