presolving:
   (0.0s) running MILP presolver
   (0.0s) MILP presolver (2 rounds): 0 aggregations, 16 fixings, 0 bound changes
(round 1, medium)     16 del vars, 0 del conss, 0 add conss, 0 chg bounds, 0 chg sides, 0 chg coeffs, 0 upgd conss, 0 impls, 200 clqs
(round 2, exhaustive) 16 del vars, 4 del conss, 0 add conss, 0 chg bounds, 4 chg sides, 0 chg coeffs, 0 upgd conss, 0 impls, 200 clqs
(round 3, exhaustive) 16 del vars, 4 del conss, 0 add conss, 0 chg bounds, 4 chg sides, 0 chg coeffs, 196 upgd conss, 0 impls, 200 clqs
(round 4, medium)     51 del vars, 4 del conss, 0 add conss, 0 chg bounds, 4 chg sides, 35 chg coeffs, 196 upgd conss, 0 impls, 200 clqs
(round 5, fast)       63 del vars, 4 del conss, 0 add conss, 0 chg bounds, 4 chg sides, 35 chg coeffs, 196 upgd conss, 0 impls, 198 clqs
(round 6, exhaustive) 63 del vars, 10 del conss, 0 add conss, 0 chg bounds, 4 chg sides, 35 chg coeffs, 196 upgd conss, 0 impls, 198 clqs
   (0.0s) probing: 51/437 (11.7%) - 0 fixings, 0 aggregations, 0 implications, 0 bound changes
   (0.0s) probing aborted: 50/50 successive totally useless probings
   (0.0s) symmetry computation started: requiring (bin +, int +, cont +), (fixed: bin -, int -, cont -)
   (0.0s) no symmetry present (symcode time: 0.00)
presolving (7 rounds: 7 fast, 6 medium, 4 exhaustive):
 63 deleted vars, 10 deleted constraints, 0 added constraints, 0 tightened bounds, 0 added holes, 4 changed sides, 35 changed coefficients
 0 implications, 198 cliques
presolved problem has 437 variables (437 bin, 0 int, 0 impl, 0 cont) and 190 constraints
    190 constraints of type <setppc>
Presolving Time: 0.02

 time | node  | left  |LP iter|LP it/n|mem/heur|mdpt |vars |cons |rows |cuts |sepa|confs|strbr|  dualbound   | primalbound  |  gap   | compl. 
  0.1s|     1 |     0 |  1729 |     - |  5124k |   0 | 437 | 190 | 190 |   0 |  0 |   0 |   0 | 7.629115e+03 |      --      |    Inf | unknown
d 0.1s|     1 |     0 |  1729 |     - |farkasdi|   0 | 437 | 190 | 190 |   0 |  1 |   0 |   0 | 7.629115e+03 | 2.515706e+03 | 203.26%| unknown
d 0.1s|     1 |     0 |  1892 |     - |farkasdi|   0 | 437 | 190 | 190 |   0 |  1 |   0 |   0 | 7.629115e+03 | 3.756794e+03 | 103.08%| unknown
d 0.1s|     1 |     0 |  1921 |     - |farkasdi|   0 | 437 | 190 | 190 |   0 |  1 |   0 |   0 | 7.629115e+03 | 4.274498e+03 |  78.48%| unknown
d 0.1s|     1 |     0 |  1948 |     - |farkasdi|   0 | 437 | 190 | 190 |   0 |  1 |   0 |   0 | 7.629115e+03 | 4.826639e+03 |  58.06%| unknown
d 0.1s|     1 |     0 |  1961 |     - |farkasdi|   0 | 437 | 190 | 190 |   0 |  1 |   0 |   0 | 7.629115e+03 | 5.997155e+03 |  27.21%| unknown
d 0.1s|     1 |     0 |  1976 |     - |farkasdi|   0 | 437 | 190 | 190 |   0 |  1 |   0 |   0 | 7.629115e+03 | 7.045747e+03 |   8.28%| unknown
  0.1s|     1 |     0 |  1976 |     - |  5247k |   0 | 437 | 190 | 190 |   0 |  1 |   0 |   0 | 7.629115e+03 | 7.045747e+03 |   8.28%| unknown
  0.3s|     1 |     2 |  1976 |     - |  5539k |   0 | 437 | 190 | 190 |   0 |  2 |   0 |  31 | 7.574903e+03 | 7.045747e+03 |   7.51%| unknown

SCIP Status        : solving was interrupted [node limit reached]
Solving Time (sec) : 0.33
Solving Nodes      : 1
Primal Bound       : +7.04574727174073e+03 (42 solutions)
Dual Bound         : +7.57490308408767e+03
Gap                : 7.51 %
