presolving:
(round 1, fast)       1 del vars, 1 del conss, 0 add conss, 0 chg bounds, 0 chg sides, 0 chg coeffs, 0 upgd conss, 0 impls, 189 clqs
   (0.0s) running MILP presolver
   (0.0s) MILP presolver (2 rounds): 0 aggregations, 12 fixings, 0 bound changes
(round 2, medium)     13 del vars, 1 del conss, 0 add conss, 0 chg bounds, 0 chg sides, 0 chg coeffs, 0 upgd conss, 0 impls, 189 clqs
(round 3, exhaustive) 13 del vars, 5 del conss, 0 add conss, 0 chg bounds, 4 chg sides, 0 chg coeffs, 0 upgd conss, 0 impls, 189 clqs
(round 4, exhaustive) 13 del vars, 5 del conss, 0 add conss, 0 chg bounds, 4 chg sides, 0 chg coeffs, 185 upgd conss, 0 impls, 189 clqs
(round 5, medium)     50 del vars, 5 del conss, 0 add conss, 0 chg bounds, 4 chg sides, 37 chg coeffs, 185 upgd conss, 0 impls, 189 clqs
(round 6, fast)       76 del vars, 7 del conss, 0 add conss, 0 chg bounds, 4 chg sides, 37 chg coeffs, 185 upgd conss, 0 impls, 187 clqs
(round 7, exhaustive) 76 del vars, 10 del conss, 0 add conss, 0 chg bounds, 4 chg sides, 37 chg coeffs, 185 upgd conss, 0 impls, 187 clqs
   (0.0s) probing: 51/424 (12.0%) - 0 fixings, 0 aggregations, 0 implications, 0 bound changes
   (0.0s) probing aborted: 50/50 successive totally useless probings
   (0.0s) symmetry computation started: requiring (bin +, int +, cont +), (fixed: bin -, int -, cont -)
   (0.0s) no symmetry present (symcode time: 0.00)
presolving (8 rounds: 8 fast, 6 medium, 4 exhaustive):
 76 deleted vars, 10 deleted constraints, 0 added constraints, 0 tightened bounds, 0 added holes, 4 changed sides, 37 changed coefficients
 0 implications, 187 cliques
presolved problem has 424 variables (424 bin, 0 int, 0 impl, 0 cont) and 180 constraints
    180 constraints of type <setppc>
Presolving Time: 0.02

 time | node  | left  |LP iter|LP it/n|mem/heur|mdpt |vars |cons |rows |cuts |sepa|confs|strbr|  dualbound   | primalbound  |  gap   | compl. 
  0.1s|     1 |     0 |  1185 |     - |  5427k |   0 | 424 | 180 | 180 |   0 |  0 |   0 |   0 | 7.366717e+03 |      --      |    Inf | unknown
d 0.1s|     1 |     0 |  1185 |     - |farkasdi|   0 | 424 | 180 | 180 |   0 |  1 |   0 |   0 | 7.366717e+03 | 3.034692e+03 | 142.75%| unknown
d 0.1s|     1 |     0 |  1328 |     - |farkasdi|   0 | 424 | 180 | 180 |   0 |  1 |   0 |   0 | 7.366717e+03 | 4.027512e+03 |  82.91%| unknown
d 0.1s|     1 |     0 |  1341 |     - |farkasdi|   0 | 424 | 180 | 180 |   0 |  1 |   0 |   0 | 7.366717e+03 | 5.345505e+03 |  37.81%| unknown
d 0.1s|     1 |     0 |  1344 |     - |farkasdi|   0 | 424 | 180 | 180 |   0 |  1 |   0 |   0 | 7.366717e+03 | 5.824982e+03 |  26.47%| unknown
d 0.1s|     1 |     0 |  1345 |     - |farkasdi|   0 | 424 | 180 | 180 |   0 |  1 |   0 |   0 | 7.366717e+03 | 6.805344e+03 |   8.25%| unknown
  0.1s|     1 |     0 |  1345 |     - |  5572k |   0 | 424 | 180 | 180 |   0 |  1 |   0 |   0 | 7.366717e+03 | 6.805344e+03 |   8.25%| unknown
  0.2s|     1 |     2 |  1345 |     - |  5733k |   0 | 424 | 180 | 180 |   0 |  2 |   0 |  39 | 7.333475e+03 | 6.805344e+03 |   7.76%| unknown

SCIP Status        : solving was interrupted [node limit reached]
Solving Time (sec) : 0.24
Solving Nodes      : 1
Primal Bound       : +6.80534443352844e+03 (45 solutions)
Dual Bound         : +7.33347506810567e+03
Gap                : 7.76 %
