presolving:
   (0.0s) running MILP presolver
   (0.0s) MILP presolver (2 rounds): 0 aggregations, 10 fixings, 0 bound changes
(round 1, medium)     10 del vars, 0 del conss, 0 add conss, 0 chg bounds, 0 chg sides, 0 chg coeffs, 0 upgd conss, 0 impls, 188 clqs
(round 2, exhaustive) 10 del vars, 4 del conss, 0 add conss, 0 chg bounds, 4 chg sides, 0 chg coeffs, 0 upgd conss, 0 impls, 188 clqs
(round 3, exhaustive) 10 del vars, 4 del conss, 0 add conss, 0 chg bounds, 4 chg sides, 0 chg coeffs, 184 upgd conss, 0 impls, 188 clqs
(round 4, medium)     41 del vars, 4 del conss, 0 add conss, 0 chg bounds, 4 chg sides, 31 chg coeffs, 184 upgd conss, 0 impls, 188 clqs
(round 5, fast)       50 del vars, 5 del conss, 0 add conss, 0 chg bounds, 4 chg sides, 31 chg coeffs, 184 upgd conss, 0 impls, 187 clqs
(round 6, exhaustive) 50 del vars, 7 del conss, 0 add conss, 0 chg bounds, 4 chg sides, 31 chg coeffs, 184 upgd conss, 0 impls, 187 clqs
   (0.0s) probing: 51/450 (11.3%) - 0 fixings, 0 aggregations, 0 implications, 0 bound changes
   (0.0s) probing aborted: 50/50 successive totally useless probings
   (0.0s) symmetry computation started: requiring (bin +, int +, cont +), (fixed: bin -, int -, cont -)
   (0.0s) no symmetry present (symcode time: 0.00)
presolving (7 rounds: 7 fast, 6 medium, 4 exhaustive):
 50 deleted vars, 7 deleted constraints, 0 added constraints, 0 tightened bounds, 0 added holes, 4 changed sides, 31 changed coefficients
 0 implications, 187 cliques
presolved problem has 450 variables (450 bin, 0 int, 0 impl, 0 cont) and 181 constraints
    181 constraints of type <setppc>
Presolving Time: 0.02

 time | node  | left  |LP iter|LP it/n|mem/heur|mdpt |vars |cons |rows |cuts |sepa|confs|strbr|  dualbound   | primalbound  |  gap   | compl. 
  0.1s|     1 |     0 |  1264 |     - |  5625k |   0 | 450 | 181 | 181 |   0 |  0 |   0 |   0 | 7.423540e+03 |      --      |    Inf | unknown
d 0.1s|     1 |     0 |  1264 |     - |farkasdi|   0 | 450 | 181 | 181 |   0 |  1 |   0 |   0 | 7.423540e+03 | 2.429058e+03 | 205.61%| unknown
d 0.1s|     1 |     0 |  1401 |     - |farkasdi|   0 | 450 | 181 | 181 |   0 |  1 |   0 |   0 | 7.423540e+03 | 3.778923e+03 |  96.45%| unknown
d 0.1s|     1 |     0 |  1419 |     - |farkasdi|   0 | 450 | 181 | 181 |   0 |  1 |   0 |   0 | 7.423540e+03 | 5.625874e+03 |  31.95%| unknown
d 0.1s|     1 |     0 |  1441 |     - |farkasdi|   0 | 450 | 181 | 181 |   0 |  1 |   0 |   0 | 7.423540e+03 | 6.853714e+03 |   8.31%| unknown
  0.1s|     1 |     0 |  1441 |     - |  5754k |   0 | 450 | 181 | 181 |   0 |  1 |   0 |   0 | 7.423540e+03 | 6.853714e+03 |   8.31%| unknown
  0.1s|     1 |     0 |  1441 |     - |  5754k |   0 | 450 | 181 | 181 |   0 |  1 |   0 |   0 | 7.423540e+03 | 6.853714e+03 |   8.31%| unknown
  0.2s|     1 |     2 |  1441 |     - |  5838k |   0 | 450 | 181 | 181 |   0 |  2 |   0 |  19 | 7.392054e+03 | 6.853714e+03 |   7.85%| unknown

SCIP Status        : solving was interrupted [node limit reached]
Solving Time (sec) : 0.24
Solving Nodes      : 1
Primal Bound       : +6.85371418325189e+03 (23 solutions)
Dual Bound         : +7.39205425719561e+03
Gap                : 7.85 %
