presolving:
(round 1, fast)       0 del vars, 1 del conss, 0 add conss, 0 chg bounds, 0 chg sides, 0 chg coeffs, 0 upgd conss, 0 impls, 192 clqs
(round 2, fast)       1 del vars, 1 del conss, 0 add conss, 0 chg bounds, 0 chg sides, 0 chg coeffs, 0 upgd conss, 0 impls, 192 clqs
   (0.0s) running MILP presolver
   (0.0s) MILP presolver (2 rounds): 0 aggregations, 21 fixings, 0 bound changes
(round 3, medium)     22 del vars, 1 del conss, 0 add conss, 0 chg bounds, 0 chg sides, 0 chg coeffs, 0 upgd conss, 0 impls, 190 clqs
(round 4, fast)       22 del vars, 3 del conss, 0 add conss, 0 chg bounds, 0 chg sides, 0 chg coeffs, 0 upgd conss, 0 impls, 190 clqs
(round 5, exhaustive) 22 del vars, 8 del conss, 0 add conss, 0 chg bounds, 5 chg sides, 0 chg coeffs, 0 upgd conss, 0 impls, 190 clqs
(round 6, exhaustive) 22 del vars, 8 del conss, 0 add conss, 0 chg bounds, 5 chg sides, 0 chg coeffs, 185 upgd conss, 0 impls, 190 clqs
(round 7, medium)     57 del vars, 8 del conss, 0 add conss, 0 chg bounds, 5 chg sides, 35 chg coeffs, 185 upgd conss, 0 impls, 190 clqs
(round 8, fast)       69 del vars, 8 del conss, 0 add conss, 0 chg bounds, 5 chg sides, 35 chg coeffs, 185 upgd conss, 0 impls, 190 clqs
(round 9, exhaustive) 69 del vars, 13 del conss, 0 add conss, 0 chg bounds, 5 chg sides, 35 chg coeffs, 185 upgd conss, 0 impls, 190 clqs
   (0.0s) probing: 51/431 (11.8%) - 0 fixings, 0 aggregations, 0 implications, 0 bound changes
   (0.0s) probing aborted: 50/50 successive totally useless probings
   (0.0s) symmetry computation started: requiring (bin +, int +, cont +), (fixed: bin -, int -, cont -)
   (0.0s) no symmetry present (symcode time: 0.00)
presolving (10 rounds: 10 fast, 6 medium, 4 exhaustive):
 69 deleted vars, 13 deleted constraints, 0 added constraints, 0 tightened bounds, 0 added holes, 5 changed sides, 35 changed coefficients
 0 implications, 190 cliques
presolved problem has 431 variables (431 bin, 0 int, 0 impl, 0 cont) and 180 constraints
    180 constraints of type <setppc>
Presolving Time: 0.02

 time | node  | left  |LP iter|LP it/n|mem/heur|mdpt |vars |cons |rows |cuts |sepa|confs|strbr|  dualbound   | primalbound  |  gap   | compl. 
  0.1s|     1 |     0 |   977 |     - |  5518k |   0 | 431 | 180 | 180 |   0 |  0 |   0 |   0 | 7.885071e+03 |      --      |    Inf | unknown
d 0.1s|     1 |     0 |   977 |     - |farkasdi|   0 | 431 | 180 | 180 |   0 |  1 |   0 |   0 | 7.885071e+03 | 2.945712e+03 | 167.68%| unknown
d 0.1s|     1 |     0 |  1079 |     - |farkasdi|   0 | 431 | 180 | 180 |   0 |  1 |   0 |   0 | 7.885071e+03 | 3.685965e+03 | 113.92%| unknown
d 0.1s|     1 |     0 |  1143 |     - |farkasdi|   0 | 431 | 180 | 180 |   0 |  1 |   0 |   0 | 7.885071e+03 | 4.381555e+03 |  79.96%| unknown
d 0.1s|     1 |     0 |  1183 |     - |farkasdi|   0 | 431 | 180 | 180 |   0 |  1 |   0 |   0 | 7.885071e+03 | 5.136970e+03 |  53.50%| unknown
d 0.1s|     1 |     0 |  1185 |     - |farkasdi|   0 | 431 | 180 | 180 |   0 |  1 |   0 |   0 | 7.885071e+03 | 6.915766e+03 |  14.02%| unknown
  0.1s|     1 |     0 |  1185 |     - |  5633k |   0 | 431 | 180 | 180 |   0 |  1 |   0 |   0 | 7.885071e+03 | 6.915766e+03 |  14.02%| unknown
  0.4s|     1 |     2 |  1185 |     - |  5868k |   0 | 431 | 180 | 180 |   0 |  2 |   0 |  27 | 7.821076e+03 | 6.915766e+03 |  13.09%| unknown

SCIP Status        : solving was interrupted [node limit reached]
Solving Time (sec) : 0.38
Solving Nodes      : 1
Primal Bound       : +6.91576608629222e+03 (33 solutions)
Dual Bound         : +7.82107603878892e+03
Gap                : 13.09 %
