presolving:
(round 1, fast)       0 del vars, 1 del conss, 0 add conss, 0 chg bounds, 0 chg sides, 0 chg coeffs, 0 upgd conss, 0 impls, 188 clqs
   (0.0s) running MILP presolver
   (0.0s) MILP presolver (2 rounds): 0 aggregations, 15 fixings, 0 bound changes
(round 2, medium)     15 del vars, 1 del conss, 0 add conss, 0 chg bounds, 0 chg sides, 0 chg coeffs, 0 upgd conss, 0 impls, 188 clqs
(round 3, exhaustive) 15 del vars, 5 del conss, 0 add conss, 0 chg bounds, 4 chg sides, 0 chg coeffs, 0 upgd conss, 0 impls, 188 clqs
(round 4, exhaustive) 15 del vars, 5 del conss, 0 add conss, 0 chg bounds, 4 chg sides, 0 chg coeffs, 184 upgd conss, 0 impls, 188 clqs
(round 5, medium)     57 del vars, 5 del conss, 0 add conss, 0 chg bounds, 4 chg sides, 42 chg coeffs, 184 upgd conss, 0 impls, 188 clqs
(round 6, fast)       70 del vars, 6 del conss, 0 add conss, 0 chg bounds, 4 chg sides, 42 chg coeffs, 184 upgd conss, 0 impls, 187 clqs
(round 7, exhaustive) 70 del vars, 11 del conss, 0 add conss, 0 chg bounds, 4 chg sides, 42 chg coeffs, 184 upgd conss, 0 impls, 187 clqs
   (0.0s) probing: 51/430 (11.9%) - 0 fixings, 0 aggregations, 0 implications, 0 bound changes
   (0.0s) probing aborted: 50/50 successive totally useless probings
   (0.0s) symmetry computation started: requiring (bin +, int +, cont +), (fixed: bin -, int -, cont -)
   (0.0s) no symmetry present (symcode time: 0.00)
presolving (8 rounds: 8 fast, 6 medium, 4 exhaustive):
 70 deleted vars, 11 deleted constraints, 0 added constraints, 0 tightened bounds, 0 added holes, 4 changed sides, 42 changed coefficients
 0 implications, 187 cliques
presolved problem has 430 variables (430 bin, 0 int, 0 impl, 0 cont) and 178 constraints
    178 constraints of type <setppc>
Presolving Time: 0.02

 time | node  | left  |LP iter|LP it/n|mem/heur|mdpt |vars |cons |rows |cuts |sepa|confs|strbr|  dualbound   | primalbound  |  gap   | compl. 
  0.1s|     1 |     0 |  1533 |     - |  5452k |   0 | 430 | 178 | 178 |   0 |  0 |   0 |   0 | 7.878343e+03 |      --      |    Inf | unknown
d 0.1s|     1 |     0 |  1533 |     - |farkasdi|   0 | 430 | 178 | 178 |   0 |  1 |   0 |   0 | 7.878343e+03 | 3.351833e+03 | 135.05%| unknown
d 0.1s|     1 |     0 |  1613 |     - |farkasdi|   0 | 430 | 178 | 178 |   0 |  1 |   0 |   0 | 7.878343e+03 | 4.469969e+03 |  76.25%| unknown
d 0.1s|     1 |     0 |  1657 |     - |farkasdi|   0 | 430 | 178 | 178 |   0 |  1 |   0 |   0 | 7.878343e+03 | 4.574194e+03 |  72.23%| unknown
d 0.1s|     1 |     0 |  1689 |     - |farkasdi|   0 | 430 | 178 | 178 |   0 |  1 |   0 |   0 | 7.878343e+03 | 5.023527e+03 |  56.83%| unknown
d 0.1s|     1 |     0 |  1709 |     - |farkasdi|   0 | 430 | 178 | 178 |   0 |  1 |   0 |   0 | 7.878343e+03 | 5.938583e+03 |  32.66%| unknown
d 0.1s|     1 |     0 |  1717 |     - |farkasdi|   0 | 430 | 178 | 178 |   0 |  1 |   0 |   0 | 7.878343e+03 | 6.939555e+03 |  13.53%| unknown
d 0.1s|     1 |     0 |  1719 |     - |farkasdi|   0 | 430 | 178 | 178 |   0 |  1 |   0 |   0 | 7.878343e+03 | 7.260884e+03 |   8.50%| unknown
  0.1s|     1 |     0 |  1719 |     - |  5578k |   0 | 430 | 178 | 178 |   0 |  1 |   0 |   0 | 7.878343e+03 | 7.260884e+03 |   8.50%| unknown
  0.1s|     1 |     0 |  1719 |     - |  5578k |   0 | 430 | 178 | 178 |   0 |  1 |   0 |   0 | 7.878343e+03 | 7.260884e+03 |   8.50%| unknown
  0.2s|     1 |     2 |  1719 |     - |  5747k |   0 | 430 | 178 | 178 |   0 |  2 |   0 |  31 | 7.838713e+03 | 7.260884e+03 |   7.96%| unknown

SCIP Status        : solving was interrupted [node limit reached]
Solving Time (sec) : 0.23
Solving Nodes      : 1
Primal Bound       : +7.26088405675478e+03 (42 solutions)
Dual Bound         : +7.83871330581906e+03
Gap                : 7.96 %
