presolving:
(round 1, fast)       1 del vars, 1 del conss, 0 add conss, 0 chg bounds, 0 chg sides, 0 chg coeffs, 0 upgd conss, 0 impls, 197 clqs
   (0.0s) running MILP presolver
   (0.0s) MILP presolver (2 rounds): 0 aggregations, 21 fixings, 0 bound changes
(round 2, medium)     22 del vars, 1 del conss, 0 add conss, 0 chg bounds, 0 chg sides, 0 chg coeffs, 0 upgd conss, 0 impls, 196 clqs
(round 3, fast)       22 del vars, 2 del conss, 0 add conss, 0 chg bounds, 0 chg sides, 0 chg coeffs, 0 upgd conss, 0 impls, 196 clqs
(round 4, exhaustive) 22 del vars, 8 del conss, 0 add conss, 0 chg bounds, 6 chg sides, 0 chg coeffs, 0 upgd conss, 0 impls, 196 clqs
(round 5, exhaustive) 22 del vars, 8 del conss, 0 add conss, 0 chg bounds, 6 chg sides, 0 chg coeffs, 190 upgd conss, 0 impls, 196 clqs
(round 6, medium)     54 del vars, 8 del conss, 0 add conss, 0 chg bounds, 6 chg sides, 32 chg coeffs, 190 upgd conss, 0 impls, 196 clqs
(round 7, fast)       82 del vars, 10 del conss, 0 add conss, 0 chg bounds, 6 chg sides, 32 chg coeffs, 190 upgd conss, 0 impls, 194 clqs
(round 8, exhaustive) 82 del vars, 16 del conss, 0 add conss, 0 chg bounds, 6 chg sides, 32 chg coeffs, 190 upgd conss, 0 impls, 194 clqs
   (0.0s) probing: 51/418 (12.2%) - 0 fixings, 0 aggregations, 0 implications, 0 bound changes
   (0.0s) probing aborted: 50/50 successive totally useless probings
   (0.0s) symmetry computation started: requiring (bin +, int +, cont +), (fixed: bin -, int -, cont -)
   (0.0s) no symmetry present (symcode time: 0.00)
presolving (9 rounds: 9 fast, 6 medium, 4 exhaustive):
 82 deleted vars, 16 deleted constraints, 0 added constraints, 0 tightened bounds, 0 added holes, 6 changed sides, 32 changed coefficients
 0 implications, 194 cliques
presolved problem has 418 variables (418 bin, 0 int, 0 impl, 0 cont) and 182 constraints
    182 constraints of type <setppc>
Presolving Time: 0.02

 time | node  | left  |LP iter|LP it/n|mem/heur|mdpt |vars |cons |rows |cuts |sepa|confs|strbr|  dualbound   | primalbound  |  gap   | compl. 
  0.1s|     1 |     0 |   838 |     - |  5167k |   0 | 418 | 182 | 182 |   0 |  0 |   0 |   0 | 7.923094e+03 |      --      |    Inf | unknown
d 0.1s|     1 |     0 |   838 |     - |farkasdi|   0 | 418 | 182 | 182 |   0 |  1 |   0 |   0 | 7.923094e+03 | 3.799254e+03 | 108.54%| unknown
d 0.1s|     1 |     0 |  1028 |     - |farkasdi|   0 | 418 | 182 | 182 |   0 |  1 |   0 |   0 | 7.923094e+03 | 6.305709e+03 |  25.65%| unknown
d 0.1s|     1 |     0 |  1036 |     - |farkasdi|   0 | 418 | 182 | 182 |   0 |  1 |   0 |   0 | 7.923094e+03 | 6.604122e+03 |  19.97%| unknown
d 0.1s|     1 |     0 |  1038 |     - |farkasdi|   0 | 418 | 182 | 182 |   0 |  1 |   0 |   0 | 7.923094e+03 | 7.546397e+03 |   4.99%| unknown
  0.1s|     1 |     0 |  1038 |     - |  5269k |   0 | 418 | 182 | 182 |   0 |  1 |   0 |   0 | 7.923094e+03 | 7.546397e+03 |   4.99%| unknown
  0.1s|     1 |     0 |  1038 |     - |  5269k |   0 | 418 | 182 | 182 |   0 |  1 |   0 |   0 | 7.923094e+03 | 7.546397e+03 |   4.99%| unknown
  0.1s|     1 |     2 |  1038 |     - |  5498k |   0 | 418 | 182 | 182 |   0 |  2 |   0 |  19 | 7.849727e+03 | 7.546397e+03 |   4.02%| unknown

SCIP Status        : solving was interrupted [node limit reached]
Solving Time (sec) : 0.15
Solving Nodes      : 1
Primal Bound       : +7.54639705642324e+03 (36 solutions)
Dual Bound         : +7.84972683599108e+03
Gap                : 4.02 %
