presolving:
(round 1, fast)       0 del vars, 1 del conss, 0 add conss, 0 chg bounds, 0 chg sides, 0 chg coeffs, 0 upgd conss, 0 impls, 198 clqs
(round 2, fast)       1 del vars, 1 del conss, 0 add conss, 0 chg bounds, 0 chg sides, 0 chg coeffs, 0 upgd conss, 0 impls, 198 clqs
   (0.0s) running MILP presolver
   (0.0s) MILP presolver (2 rounds): 0 aggregations, 23 fixings, 0 bound changes
(round 3, medium)     24 del vars, 1 del conss, 0 add conss, 0 chg bounds, 0 chg sides, 0 chg coeffs, 0 upgd conss, 0 impls, 197 clqs
(round 4, fast)       24 del vars, 2 del conss, 0 add conss, 0 chg bounds, 0 chg sides, 0 chg coeffs, 0 upgd conss, 0 impls, 197 clqs
(round 5, exhaustive) 24 del vars, 10 del conss, 0 add conss, 0 chg bounds, 8 chg sides, 0 chg coeffs, 0 upgd conss, 0 impls, 197 clqs
(round 6, exhaustive) 24 del vars, 10 del conss, 0 add conss, 0 chg bounds, 8 chg sides, 0 chg coeffs, 189 upgd conss, 0 impls, 197 clqs
(round 7, medium)     68 del vars, 10 del conss, 0 add conss, 0 chg bounds, 8 chg sides, 44 chg coeffs, 189 upgd conss, 0 impls, 197 clqs
(round 8, fast)       115 del vars, 15 del conss, 0 add conss, 0 chg bounds, 8 chg sides, 44 chg coeffs, 189 upgd conss, 0 impls, 191 clqs
   (0.0s) running MILP presolver
   (0.0s) MILP presolver (2 rounds): 0 aggregations, 3 fixings, 0 bound changes
(round 9, medium)     118 del vars, 16 del conss, 0 add conss, 0 chg bounds, 8 chg sides, 44 chg coeffs, 189 upgd conss, 0 impls, 190 clqs
(round 10, exhaustive) 118 del vars, 26 del conss, 0 add conss, 0 chg bounds, 8 chg sides, 44 chg coeffs, 189 upgd conss, 0 impls, 190 clqs
   (0.0s) probing: 51/382 (13.4%) - 0 fixings, 0 aggregations, 0 implications, 0 bound changes
   (0.0s) probing aborted: 50/50 successive totally useless probings
   (0.0s) symmetry computation started: requiring (bin +, int +, cont +), (fixed: bin -, int -, cont -)
   (0.0s) no symmetry present (symcode time: 0.00)
presolving (11 rounds: 11 fast, 7 medium, 4 exhaustive):
 118 deleted vars, 26 deleted constraints, 0 added constraints, 0 tightened bounds, 0 added holes, 8 changed sides, 44 changed coefficients
 0 implications, 190 cliques
presolved problem has 382 variables (382 bin, 0 int, 0 impl, 0 cont) and 173 constraints
    173 constraints of type <setppc>
Presolving Time: 0.02

 time | node  | left  |LP iter|LP it/n|mem/heur|mdpt |vars |cons |rows |cuts |sepa|confs|strbr|  dualbound   | primalbound  |  gap   | compl. 
  0.1s|     1 |     0 |  1342 |     - |  5046k |   0 | 382 | 173 | 173 |   0 |  0 |   0 |   0 | 7.469816e+03 |      --      |    Inf | unknown
d 0.1s|     1 |     0 |  1342 |     - |farkasdi|   0 | 382 | 173 | 173 |   0 |  1 |   0 |   0 | 7.469816e+03 | 3.758879e+03 |  98.72%| unknown
d 0.1s|     1 |     0 |  1421 |     - |farkasdi|   0 | 382 | 173 | 173 |   0 |  1 |   0 |   0 | 7.469816e+03 | 4.393043e+03 |  70.04%| unknown
d 0.1s|     1 |     0 |  1460 |     - |farkasdi|   0 | 382 | 173 | 173 |   0 |  1 |   0 |   0 | 7.469816e+03 | 4.930321e+03 |  51.51%| unknown
d 0.1s|     1 |     0 |  1477 |     - |farkasdi|   0 | 382 | 173 | 173 |   0 |  1 |   0 |   0 | 7.469816e+03 | 6.208022e+03 |  20.33%| unknown
d 0.1s|     1 |     0 |  1491 |     - |farkasdi|   0 | 382 | 173 | 173 |   0 |  1 |   0 |   0 | 7.469816e+03 | 7.137788e+03 |   4.65%| unknown
  0.1s|     1 |     0 |  1491 |     - |  5155k |   0 | 382 | 173 | 173 |   0 |  1 |   0 |   0 | 7.469816e+03 | 7.137788e+03 |   4.65%| unknown
  0.1s|     1 |     0 |  1491 |     - |  5155k |   0 | 382 | 173 | 173 |   0 |  1 |   0 |   0 | 7.469816e+03 | 7.137788e+03 |   4.65%| unknown
  0.1s|     1 |     2 |  1491 |     - |  5272k |   0 | 382 | 173 | 173 |   0 |  2 |   0 |  21 | 7.450637e+03 | 7.137788e+03 |   4.38%| unknown

SCIP Status        : solving was interrupted [node limit reached]
Solving Time (sec) : 0.14
Solving Nodes      : 1
Primal Bound       : +7.13778811905241e+03 (27 solutions)
Dual Bound         : +7.45063702818120e+03
Gap                : 4.38 %
