presolving:
(round 1, fast)       0 del vars, 1 del conss, 0 add conss, 0 chg bounds, 0 chg sides, 0 chg coeffs, 0 upgd conss, 0 impls, 192 clqs
(round 2, fast)       1 del vars, 1 del conss, 0 add conss, 0 chg bounds, 0 chg sides, 0 chg coeffs, 0 upgd conss, 0 impls, 192 clqs
   (0.0s) running MILP presolver
   (0.0s) MILP presolver (2 rounds): 0 aggregations, 11 fixings, 0 bound changes
(round 3, medium)     12 del vars, 1 del conss, 0 add conss, 0 chg bounds, 0 chg sides, 0 chg coeffs, 0 upgd conss, 0 impls, 191 clqs
(round 4, exhaustive) 12 del vars, 2 del conss, 0 add conss, 0 chg bounds, 0 chg sides, 0 chg coeffs, 0 upgd conss, 0 impls, 191 clqs
(round 5, exhaustive) 12 del vars, 2 del conss, 0 add conss, 0 chg bounds, 0 chg sides, 0 chg coeffs, 191 upgd conss, 0 impls, 191 clqs
(round 6, medium)     47 del vars, 2 del conss, 0 add conss, 0 chg bounds, 0 chg sides, 35 chg coeffs, 191 upgd conss, 0 impls, 191 clqs
(round 7, fast)       60 del vars, 3 del conss, 0 add conss, 0 chg bounds, 0 chg sides, 35 chg coeffs, 191 upgd conss, 0 impls, 190 clqs
   (0.0s) probing: 51/440 (11.6%) - 0 fixings, 0 aggregations, 0 implications, 0 bound changes
   (0.0s) probing aborted: 50/50 successive totally useless probings
   (0.0s) symmetry computation started: requiring (bin +, int +, cont +), (fixed: bin -, int -, cont -)
   (0.0s) no symmetry present (symcode time: 0.00)
presolving (8 rounds: 8 fast, 5 medium, 3 exhaustive):
 60 deleted vars, 3 deleted constraints, 0 added constraints, 0 tightened bounds, 0 added holes, 0 changed sides, 35 changed coefficients
 0 implications, 190 cliques
presolved problem has 440 variables (440 bin, 0 int, 0 impl, 0 cont) and 190 constraints
    190 constraints of type <setppc>
Presolving Time: 0.02

 time | node  | left  |LP iter|LP it/n|mem/heur|mdpt |vars |cons |rows |cuts |sepa|confs|strbr|  dualbound   | primalbound  |  gap   | compl. 
  0.1s|     1 |     0 |  1318 |     - |  5714k |   0 | 440 | 190 | 190 |   0 |  0 |   0 |   0 | 7.541090e+03 |      --      |    Inf | unknown
d 0.1s|     1 |     0 |  1318 |     - |farkasdi|   0 | 440 | 190 | 190 |   0 |  1 |   0 |   0 | 7.541090e+03 | 2.664072e+03 | 183.07%| unknown
d 0.1s|     1 |     0 |  1412 |     - |farkasdi|   0 | 440 | 190 | 190 |   0 |  1 |   0 |   0 | 7.541090e+03 | 3.500183e+03 | 115.45%| unknown
d 0.1s|     1 |     0 |  1451 |     - |farkasdi|   0 | 440 | 190 | 190 |   0 |  1 |   0 |   0 | 7.541090e+03 | 4.736401e+03 |  59.22%| unknown
d 0.1s|     1 |     0 |  1478 |     - |farkasdi|   0 | 440 | 190 | 190 |   0 |  1 |   0 |   0 | 7.541090e+03 | 5.544926e+03 |  36.00%| unknown
d 0.1s|     1 |     0 |  1482 |     - |farkasdi|   0 | 440 | 190 | 190 |   0 |  1 |   0 |   0 | 7.541090e+03 | 5.794959e+03 |  30.13%| unknown
d 0.1s|     1 |     0 |  1497 |     - |farkasdi|   0 | 440 | 190 | 190 |   0 |  1 |   0 |   0 | 7.541090e+03 | 6.959099e+03 |   8.36%| unknown
  0.1s|     1 |     0 |  1497 |     - |  5844k |   0 | 440 | 190 | 190 |   0 |  1 |   0 |   0 | 7.541090e+03 | 6.959099e+03 |   8.36%| unknown
  0.2s|     1 |     2 |  1497 |     - |  5919k |   0 | 440 | 190 | 190 |   0 |  2 |   0 |  22 | 7.496250e+03 | 6.959099e+03 |   7.72%| unknown

SCIP Status        : solving was interrupted [node limit reached]
Solving Time (sec) : 0.23
Solving Nodes      : 1
Primal Bound       : +6.95909888918078e+03 (29 solutions)
Dual Bound         : +7.49624976729504e+03
Gap                : 7.72 %
