presolving:
(round 1, fast)       0 del vars, 2 del conss, 0 add conss, 0 chg bounds, 0 chg sides, 0 chg coeffs, 0 upgd conss, 0 impls, 194 clqs
   (0.0s) running MILP presolver
   (0.0s) MILP presolver (2 rounds): 0 aggregations, 21 fixings, 0 bound changes
(round 2, medium)     21 del vars, 2 del conss, 0 add conss, 0 chg bounds, 0 chg sides, 0 chg coeffs, 0 upgd conss, 0 impls, 194 clqs
(round 3, exhaustive) 21 del vars, 6 del conss, 0 add conss, 0 chg bounds, 4 chg sides, 0 chg coeffs, 0 upgd conss, 0 impls, 194 clqs
(round 4, exhaustive) 21 del vars, 6 del conss, 0 add conss, 0 chg bounds, 4 chg sides, 0 chg coeffs, 190 upgd conss, 0 impls, 194 clqs
(round 5, medium)     65 del vars, 6 del conss, 0 add conss, 0 chg bounds, 4 chg sides, 44 chg coeffs, 190 upgd conss, 0 impls, 194 clqs
(round 6, fast)       96 del vars, 9 del conss, 0 add conss, 0 chg bounds, 4 chg sides, 44 chg coeffs, 190 upgd conss, 0 impls, 191 clqs
(round 7, fast)       101 del vars, 9 del conss, 0 add conss, 0 chg bounds, 4 chg sides, 44 chg coeffs, 190 upgd conss, 0 impls, 191 clqs
   (0.0s) running MILP presolver
   (0.0s) MILP presolver found nothing
(round 8, medium)     102 del vars, 9 del conss, 0 add conss, 0 chg bounds, 4 chg sides, 45 chg coeffs, 190 upgd conss, 0 impls, 191 clqs
(round 9, exhaustive) 102 del vars, 17 del conss, 0 add conss, 0 chg bounds, 4 chg sides, 45 chg coeffs, 190 upgd conss, 0 impls, 191 clqs
   (0.0s) probing: 51/398 (12.8%) - 0 fixings, 0 aggregations, 0 implications, 0 bound changes
   (0.0s) probing aborted: 50/50 successive totally useless probings
   (0.0s) symmetry computation started: requiring (bin +, int +, cont +), (fixed: bin -, int -, cont -)
   (0.0s) no symmetry present (symcode time: 0.00)
presolving (10 rounds: 10 fast, 7 medium, 4 exhaustive):
 102 deleted vars, 17 deleted constraints, 0 added constraints, 0 tightened bounds, 0 added holes, 4 changed sides, 45 changed coefficients
 0 implications, 191 cliques
presolved problem has 398 variables (398 bin, 0 int, 0 impl, 0 cont) and 179 constraints
    179 constraints of type <setppc>
Presolving Time: 0.02

 time | node  | left  |LP iter|LP it/n|mem/heur|mdpt |vars |cons |rows |cuts |sepa|confs|strbr|  dualbound   | primalbound  |  gap   | compl. 
  0.1s|     1 |     0 |  1178 |     - |  5137k |   0 | 398 | 179 | 179 |   0 |  0 |   0 |   0 | 7.348659e+03 |      --      |    Inf | unknown
d 0.1s|     1 |     0 |  1178 |     - |farkasdi|   0 | 398 | 179 | 179 |   0 |  1 |   0 |   0 | 7.348659e+03 | 3.783827e+03 |  94.21%| unknown
d 0.1s|     1 |     0 |  1257 |     - |farkasdi|   0 | 398 | 179 | 179 |   0 |  1 |   0 |   0 | 7.348659e+03 | 4.329389e+03 |  69.74%| unknown
d 0.1s|     1 |     0 |  1306 |     - |farkasdi|   0 | 398 | 179 | 179 |   0 |  1 |   0 |   0 | 7.348659e+03 | 4.417518e+03 |  66.35%| unknown
d 0.1s|     1 |     0 |  1337 |     - |farkasdi|   0 | 398 | 179 | 179 |   0 |  1 |   0 |   0 | 7.348659e+03 | 5.491225e+03 |  33.83%| unknown
d 0.1s|     1 |     0 |  1340 |     - |farkasdi|   0 | 398 | 179 | 179 |   0 |  1 |   0 |   0 | 7.348659e+03 | 6.901212e+03 |   6.48%| unknown
  0.1s|     1 |     0 |  1340 |     - |  5235k |   0 | 398 | 179 | 179 |   0 |  1 |   0 |   0 | 7.348659e+03 | 6.901212e+03 |   6.48%| unknown
  0.2s|     1 |     2 |  1340 |     - |  5443k |   0 | 398 | 179 | 179 |   0 |  2 |   0 |  29 | 7.331777e+03 | 6.901212e+03 |   6.24%| unknown

SCIP Status        : solving was interrupted [node limit reached]
Solving Time (sec) : 0.16
Solving Nodes      : 1
Primal Bound       : +6.90121156678482e+03 (40 solutions)
Dual Bound         : +7.33177697593808e+03
Gap                : 6.24 %
