presolving:
(round 1, fast)       0 del vars, 2 del conss, 0 add conss, 0 chg bounds, 0 chg sides, 0 chg coeffs, 0 upgd conss, 0 impls, 193 clqs
(round 2, fast)       1 del vars, 2 del conss, 0 add conss, 0 chg bounds, 0 chg sides, 0 chg coeffs, 0 upgd conss, 0 impls, 193 clqs
   (0.0s) running MILP presolver
   (0.0s) MILP presolver (2 rounds): 0 aggregations, 14 fixings, 0 bound changes
(round 3, medium)     15 del vars, 2 del conss, 0 add conss, 0 chg bounds, 0 chg sides, 0 chg coeffs, 0 upgd conss, 0 impls, 193 clqs
(round 4, exhaustive) 15 del vars, 6 del conss, 0 add conss, 0 chg bounds, 4 chg sides, 0 chg coeffs, 0 upgd conss, 0 impls, 193 clqs
(round 5, exhaustive) 15 del vars, 6 del conss, 0 add conss, 0 chg bounds, 4 chg sides, 0 chg coeffs, 189 upgd conss, 0 impls, 193 clqs
(round 6, medium)     43 del vars, 6 del conss, 0 add conss, 0 chg bounds, 4 chg sides, 28 chg coeffs, 189 upgd conss, 0 impls, 193 clqs
(round 7, fast)       63 del vars, 6 del conss, 0 add conss, 0 chg bounds, 4 chg sides, 28 chg coeffs, 189 upgd conss, 0 impls, 192 clqs
(round 8, exhaustive) 63 del vars, 10 del conss, 0 add conss, 0 chg bounds, 4 chg sides, 28 chg coeffs, 189 upgd conss, 0 impls, 192 clqs
   (0.0s) probing: 51/437 (11.7%) - 0 fixings, 0 aggregations, 0 implications, 0 bound changes
   (0.0s) probing aborted: 50/50 successive totally useless probings
   (0.0s) symmetry computation started: requiring (bin +, int +, cont +), (fixed: bin -, int -, cont -)
   (0.0s) no symmetry present (symcode time: 0.00)
presolving (9 rounds: 9 fast, 6 medium, 4 exhaustive):
 63 deleted vars, 10 deleted constraints, 0 added constraints, 0 tightened bounds, 0 added holes, 4 changed sides, 28 changed coefficients
 0 implications, 192 cliques
presolved problem has 437 variables (437 bin, 0 int, 0 impl, 0 cont) and 185 constraints
    185 constraints of type <setppc>
Presolving Time: 0.02

 time | node  | left  |LP iter|LP it/n|mem/heur|mdpt |vars |cons |rows |cuts |sepa|confs|strbr|  dualbound   | primalbound  |  gap   | compl. 
  0.1s|     1 |     0 |  1230 |     - |  5406k |   0 | 437 | 185 | 185 |   0 |  0 |   0 |   0 | 7.758494e+03 |      --      |    Inf | unknown
d 0.1s|     1 |     0 |  1230 |     - |farkasdi|   0 | 437 | 185 | 185 |   0 |  1 |   0 |   0 | 7.758494e+03 | 2.366007e+03 | 227.92%| unknown
d 0.1s|     1 |     0 |  1403 |     - |farkasdi|   0 | 437 | 185 | 185 |   0 |  1 |   0 |   0 | 7.758494e+03 | 3.535716e+03 | 119.43%| unknown
d 0.1s|     1 |     0 |  1428 |     - |farkasdi|   0 | 437 | 185 | 185 |   0 |  1 |   0 |   0 | 7.758494e+03 | 7.135359e+03 |   8.73%| unknown
  0.1s|     1 |     0 |  1428 |     - |  5503k |   0 | 437 | 185 | 185 |   0 |  1 |   0 |   0 | 7.758494e+03 | 7.135359e+03 |   8.73%| unknown
  0.3s|     1 |     2 |  1428 |     - |  5685k |   0 | 437 | 185 | 185 |   0 |  2 |   0 |  24 | 7.714854e+03 | 7.135359e+03 |   8.12%| unknown

SCIP Status        : solving was interrupted [node limit reached]
Solving Time (sec) : 0.26
Solving Nodes      : 1
Primal Bound       : +7.13535926806815e+03 (31 solutions)
Dual Bound         : +7.71485368739207e+03
Gap                : 8.12 %
