presolving:
(round 1, fast)       1 del vars, 2 del conss, 0 add conss, 0 chg bounds, 0 chg sides, 0 chg coeffs, 0 upgd conss, 0 impls, 196 clqs
   (0.0s) running MILP presolver
   (0.0s) MILP presolver (2 rounds): 0 aggregations, 15 fixings, 0 bound changes
(round 2, medium)     16 del vars, 2 del conss, 0 add conss, 0 chg bounds, 0 chg sides, 0 chg coeffs, 0 upgd conss, 0 impls, 196 clqs
(round 3, exhaustive) 16 del vars, 4 del conss, 0 add conss, 0 chg bounds, 2 chg sides, 0 chg coeffs, 0 upgd conss, 0 impls, 196 clqs
(round 4, exhaustive) 16 del vars, 4 del conss, 0 add conss, 0 chg bounds, 2 chg sides, 0 chg coeffs, 194 upgd conss, 0 impls, 196 clqs
(round 5, medium)     53 del vars, 4 del conss, 0 add conss, 0 chg bounds, 2 chg sides, 37 chg coeffs, 194 upgd conss, 0 impls, 196 clqs
(round 6, fast)       66 del vars, 5 del conss, 0 add conss, 0 chg bounds, 2 chg sides, 37 chg coeffs, 194 upgd conss, 0 impls, 195 clqs
(round 7, exhaustive) 66 del vars, 10 del conss, 0 add conss, 0 chg bounds, 2 chg sides, 37 chg coeffs, 194 upgd conss, 0 impls, 195 clqs
   (0.0s) probing: 51/434 (11.8%) - 0 fixings, 0 aggregations, 0 implications, 0 bound changes
   (0.0s) probing aborted: 50/50 successive totally useless probings
   (0.0s) symmetry computation started: requiring (bin +, int +, cont +), (fixed: bin -, int -, cont -)
   (0.0s) no symmetry present (symcode time: 0.00)
presolving (8 rounds: 8 fast, 6 medium, 4 exhaustive):
 66 deleted vars, 10 deleted constraints, 0 added constraints, 0 tightened bounds, 0 added holes, 2 changed sides, 37 changed coefficients
 0 implications, 195 cliques
presolved problem has 434 variables (434 bin, 0 int, 0 impl, 0 cont) and 188 constraints
    188 constraints of type <setppc>
Presolving Time: 0.02

 time | node  | left  |LP iter|LP it/n|mem/heur|mdpt |vars |cons |rows |cuts |sepa|confs|strbr|  dualbound   | primalbound  |  gap   | compl. 
  0.1s|     1 |     0 |  1476 |     - |  5409k |   0 | 434 | 188 | 188 |   0 |  0 |   0 |   0 | 8.145501e+03 |      --      |    Inf | unknown
d 0.1s|     1 |     0 |  1476 |     - |farkasdi|   0 | 434 | 188 | 188 |   0 |  1 |   0 |   0 | 8.145501e+03 | 3.069916e+03 | 165.33%| unknown
d 0.1s|     1 |     0 |  1612 |     - |farkasdi|   0 | 434 | 188 | 188 |   0 |  1 |   0 |   0 | 8.145501e+03 | 5.578366e+03 |  46.02%| unknown
d 0.1s|     1 |     0 |  1615 |     - |farkasdi|   0 | 434 | 188 | 188 |   0 |  1 |   0 |   0 | 8.145501e+03 | 7.677427e+03 |   6.10%| unknown
  0.1s|     1 |     0 |  1615 |     - |  5522k |   0 | 434 | 188 | 188 |   0 |  1 |   0 |   0 | 8.145501e+03 | 7.677427e+03 |   6.10%| unknown
  0.1s|     1 |     0 |  1615 |     - |  5522k |   0 | 434 | 188 | 188 |   0 |  1 |   0 |   0 | 8.145501e+03 | 7.677427e+03 |   6.10%| unknown
  0.2s|     1 |     2 |  1615 |     - |  5666k |   0 | 434 | 188 | 188 |   0 |  2 |   0 |  20 | 8.106734e+03 | 7.677427e+03 |   5.59%| unknown

SCIP Status        : solving was interrupted [node limit reached]
Solving Time (sec) : 0.17
Solving Nodes      : 1
Primal Bound       : +7.67742670544187e+03 (24 solutions)
Dual Bound         : +8.10673446999895e+03
Gap                : 5.59 %
