presolving:
(round 1, fast)       0 del vars, 2 del conss, 0 add conss, 0 chg bounds, 0 chg sides, 0 chg coeffs, 0 upgd conss, 0 impls, 192 clqs
(round 2, fast)       1 del vars, 2 del conss, 0 add conss, 0 chg bounds, 0 chg sides, 0 chg coeffs, 0 upgd conss, 0 impls, 192 clqs
   (0.0s) running MILP presolver
   (0.0s) MILP presolver (2 rounds): 0 aggregations, 8 fixings, 0 bound changes
(round 3, medium)     9 del vars, 2 del conss, 0 add conss, 0 chg bounds, 0 chg sides, 0 chg coeffs, 0 upgd conss, 0 impls, 192 clqs
(round 4, exhaustive) 9 del vars, 7 del conss, 0 add conss, 0 chg bounds, 5 chg sides, 0 chg coeffs, 0 upgd conss, 0 impls, 192 clqs
(round 5, exhaustive) 9 del vars, 7 del conss, 0 add conss, 0 chg bounds, 5 chg sides, 0 chg coeffs, 187 upgd conss, 0 impls, 192 clqs
(round 6, medium)     36 del vars, 7 del conss, 0 add conss, 0 chg bounds, 5 chg sides, 27 chg coeffs, 187 upgd conss, 0 impls, 192 clqs
(round 7, fast)       42 del vars, 7 del conss, 0 add conss, 0 chg bounds, 5 chg sides, 27 chg coeffs, 187 upgd conss, 0 impls, 192 clqs
(round 8, exhaustive) 42 del vars, 10 del conss, 0 add conss, 0 chg bounds, 5 chg sides, 27 chg coeffs, 187 upgd conss, 0 impls, 192 clqs
   (0.0s) probing: 51/458 (11.1%) - 0 fixings, 0 aggregations, 0 implications, 0 bound changes
   (0.0s) probing aborted: 50/50 successive totally useless probings
   (0.0s) symmetry computation started: requiring (bin +, int +, cont +), (fixed: bin -, int -, cont -)
   (0.0s) no symmetry present (symcode time: 0.00)
presolving (9 rounds: 9 fast, 6 medium, 4 exhaustive):
 42 deleted vars, 10 deleted constraints, 0 added constraints, 0 tightened bounds, 0 added holes, 5 changed sides, 27 changed coefficients
 0 implications, 192 cliques
presolved problem has 458 variables (458 bin, 0 int, 0 impl, 0 cont) and 184 constraints
    184 constraints of type <setppc>
Presolving Time: 0.02

 time | node  | left  |LP iter|LP it/n|mem/heur|mdpt |vars |cons |rows |cuts |sepa|confs|strbr|  dualbound   | primalbound  |  gap   | compl. 
  0.1s|     1 |     0 |  1749 |     - |  5536k |   0 | 458 | 184 | 184 |   0 |  0 |   0 |   0 | 7.750575e+03 |      --      |    Inf | unknown
d 0.1s|     1 |     0 |  1749 |     - |farkasdi|   0 | 458 | 184 | 184 |   0 |  1 |   0 |   0 | 7.750575e+03 | 2.055336e+03 | 277.10%| unknown
d 0.1s|     1 |     0 |  1806 |     - |farkasdi|   0 | 458 | 184 | 184 |   0 |  1 |   0 |   0 | 7.750575e+03 | 2.626697e+03 | 195.07%| unknown
d 0.1s|     1 |     0 |  1966 |     - |farkasdi|   0 | 458 | 184 | 184 |   0 |  1 |   0 |   0 | 7.750575e+03 | 3.289019e+03 | 135.65%| unknown
d 0.1s|     1 |     0 |  2033 |     - |farkasdi|   0 | 458 | 184 | 184 |   0 |  1 |   0 |   0 | 7.750575e+03 | 4.821191e+03 |  60.76%| unknown
d 0.1s|     1 |     0 |  2051 |     - |farkasdi|   0 | 458 | 184 | 184 |   0 |  1 |   0 |   0 | 7.750575e+03 | 6.547456e+03 |  18.38%| unknown
d 0.1s|     1 |     0 |  2052 |     - |farkasdi|   0 | 458 | 184 | 184 |   0 |  1 |   0 |   0 | 7.750575e+03 | 6.821609e+03 |  13.62%| unknown
  0.1s|     1 |     0 |  2052 |     - |  5628k |   0 | 458 | 184 | 184 |   0 |  1 |   0 |   0 | 7.750575e+03 | 6.821609e+03 |  13.62%| unknown
  0.3s|     1 |     2 |  2052 |     - |  5795k |   0 | 458 | 184 | 184 |   0 |  2 |   0 |  37 | 7.694884e+03 | 6.821609e+03 |  12.80%| unknown

SCIP Status        : solving was interrupted [node limit reached]
Solving Time (sec) : 0.28
Solving Nodes      : 1
Primal Bound       : +6.82160916188672e+03 (46 solutions)
Dual Bound         : +7.69488414350115e+03
Gap                : 12.80 %
