presolving:
(round 1, fast)       1 del vars, 2 del conss, 0 add conss, 0 chg bounds, 0 chg sides, 0 chg coeffs, 0 upgd conss, 0 impls, 190 clqs
   (0.0s) running MILP presolver
   (0.0s) MILP presolver (2 rounds): 0 aggregations, 10 fixings, 0 bound changes
(round 2, medium)     11 del vars, 2 del conss, 0 add conss, 0 chg bounds, 0 chg sides, 0 chg coeffs, 0 upgd conss, 0 impls, 190 clqs
(round 3, exhaustive) 11 del vars, 5 del conss, 0 add conss, 0 chg bounds, 3 chg sides, 0 chg coeffs, 0 upgd conss, 0 impls, 190 clqs
(round 4, exhaustive) 11 del vars, 5 del conss, 0 add conss, 0 chg bounds, 3 chg sides, 0 chg coeffs, 187 upgd conss, 0 impls, 190 clqs
(round 5, medium)     40 del vars, 5 del conss, 0 add conss, 0 chg bounds, 3 chg sides, 29 chg coeffs, 187 upgd conss, 0 impls, 190 clqs
(round 6, fast)       53 del vars, 5 del conss, 0 add conss, 0 chg bounds, 3 chg sides, 29 chg coeffs, 187 upgd conss, 0 impls, 190 clqs
(round 7, exhaustive) 53 del vars, 8 del conss, 0 add conss, 0 chg bounds, 3 chg sides, 29 chg coeffs, 187 upgd conss, 0 impls, 190 clqs
   (0.0s) probing: 51/447 (11.4%) - 0 fixings, 0 aggregations, 0 implications, 0 bound changes
   (0.0s) probing aborted: 50/50 successive totally useless probings
   (0.0s) symmetry computation started: requiring (bin +, int +, cont +), (fixed: bin -, int -, cont -)
   (0.0s) no symmetry present (symcode time: 0.00)
presolving (8 rounds: 8 fast, 6 medium, 4 exhaustive):
 53 deleted vars, 8 deleted constraints, 0 added constraints, 0 tightened bounds, 0 added holes, 3 changed sides, 29 changed coefficients
 0 implications, 190 cliques
presolved problem has 447 variables (447 bin, 0 int, 0 impl, 0 cont) and 184 constraints
    184 constraints of type <setppc>
Presolving Time: 0.04

 time | node  | left  |LP iter|LP it/n|mem/heur|mdpt |vars |cons |rows |cuts |sepa|confs|strbr|  dualbound   | primalbound  |  gap   | compl. 
  0.2s|     1 |     0 |  1657 |     - |  5535k |   0 | 447 | 184 | 184 |   0 |  0 |   0 |   0 | 7.534869e+03 |      --      |    Inf | unknown
d 0.2s|     1 |     0 |  1657 |     - |farkasdi|   0 | 447 | 184 | 184 |   0 |  1 |   0 |   0 | 7.534869e+03 | 2.427776e+03 | 210.36%| unknown
d 0.2s|     1 |     0 |  1839 |     - |farkasdi|   0 | 447 | 184 | 184 |   0 |  1 |   0 |   0 | 7.534869e+03 | 3.058159e+03 | 146.39%| unknown
d 0.2s|     1 |     0 |  1959 |     - |farkasdi|   0 | 447 | 184 | 184 |   0 |  1 |   0 |   0 | 7.534869e+03 | 4.289519e+03 |  75.66%| unknown
d 0.2s|     1 |     0 |  1967 |     - |farkasdi|   0 | 447 | 184 | 184 |   0 |  1 |   0 |   0 | 7.534869e+03 | 4.944446e+03 |  52.39%| unknown
d 0.2s|     1 |     0 |  1980 |     - |farkasdi|   0 | 447 | 184 | 184 |   0 |  1 |   0 |   0 | 7.534869e+03 | 6.533030e+03 |  15.33%| unknown
  0.2s|     1 |     0 |  1980 |     - |  5660k |   0 | 447 | 184 | 184 |   0 |  1 |   0 |   0 | 7.534869e+03 | 6.533030e+03 |  15.33%| unknown
  0.4s|     1 |     2 |  1980 |     - |  5886k |   0 | 447 | 184 | 184 |   0 |  2 |   0 |  19 | 7.488492e+03 | 6.533030e+03 |  14.63%| unknown

SCIP Status        : solving was interrupted [node limit reached]
Solving Time (sec) : 0.37
Solving Nodes      : 1
Primal Bound       : +6.53302989303772e+03 (30 solutions)
Dual Bound         : +7.48849208052819e+03
Gap                : 14.63 %
