presolving:
(round 1, fast)       0 del vars, 1 del conss, 0 add conss, 0 chg bounds, 0 chg sides, 0 chg coeffs, 0 upgd conss, 0 impls, 194 clqs
(round 2, fast)       1 del vars, 1 del conss, 0 add conss, 0 chg bounds, 0 chg sides, 0 chg coeffs, 0 upgd conss, 0 impls, 194 clqs
   (0.0s) running MILP presolver
   (0.0s) MILP presolver (2 rounds): 0 aggregations, 12 fixings, 0 bound changes
(round 3, medium)     13 del vars, 1 del conss, 0 add conss, 0 chg bounds, 0 chg sides, 0 chg coeffs, 0 upgd conss, 0 impls, 193 clqs
(round 4, fast)       13 del vars, 2 del conss, 0 add conss, 0 chg bounds, 0 chg sides, 0 chg coeffs, 0 upgd conss, 0 impls, 193 clqs
(round 5, exhaustive) 13 del vars, 6 del conss, 0 add conss, 0 chg bounds, 4 chg sides, 0 chg coeffs, 0 upgd conss, 0 impls, 193 clqs
(round 6, exhaustive) 13 del vars, 6 del conss, 0 add conss, 0 chg bounds, 4 chg sides, 0 chg coeffs, 189 upgd conss, 0 impls, 193 clqs
(round 7, medium)     45 del vars, 6 del conss, 0 add conss, 0 chg bounds, 4 chg sides, 32 chg coeffs, 189 upgd conss, 0 impls, 193 clqs
(round 8, fast)       61 del vars, 6 del conss, 0 add conss, 0 chg bounds, 4 chg sides, 32 chg coeffs, 189 upgd conss, 0 impls, 192 clqs
(round 9, exhaustive) 61 del vars, 10 del conss, 0 add conss, 0 chg bounds, 4 chg sides, 32 chg coeffs, 189 upgd conss, 0 impls, 192 clqs
(round 10, exhaustive) 62 del vars, 10 del conss, 0 add conss, 0 chg bounds, 4 chg sides, 32 chg coeffs, 189 upgd conss, 0 impls, 191 clqs
   (0.0s) probing: 51/438 (11.6%) - 0 fixings, 0 aggregations, 0 implications, 0 bound changes
   (0.0s) probing aborted: 50/50 successive totally useless probings
   (0.0s) symmetry computation started: requiring (bin +, int +, cont +), (fixed: bin -, int -, cont -)
   (0.0s) no symmetry present (symcode time: 0.00)
presolving (11 rounds: 11 fast, 7 medium, 5 exhaustive):
 62 deleted vars, 10 deleted constraints, 0 added constraints, 0 tightened bounds, 0 added holes, 4 changed sides, 32 changed coefficients
 0 implications, 191 cliques
presolved problem has 438 variables (438 bin, 0 int, 0 impl, 0 cont) and 185 constraints
    185 constraints of type <setppc>
Presolving Time: 0.02

 time | node  | left  |LP iter|LP it/n|mem/heur|mdpt |vars |cons |rows |cuts |sepa|confs|strbr|  dualbound   | primalbound  |  gap   | compl. 
  0.1s|     1 |     0 |  1631 |     - |  5473k |   0 | 438 | 185 | 185 |   0 |  0 |   0 |   0 | 7.061616e+03 |      --      |    Inf | unknown
d 0.1s|     1 |     0 |  1631 |     - |farkasdi|   0 | 438 | 185 | 185 |   0 |  1 |   0 |   0 | 7.061616e+03 | 2.293826e+03 | 207.85%| unknown
d 0.1s|     1 |     0 |  1822 |     - |farkasdi|   0 | 438 | 185 | 185 |   0 |  1 |   0 |   0 | 7.061616e+03 | 3.097034e+03 | 128.01%| unknown
d 0.1s|     1 |     0 |  1876 |     - |farkasdi|   0 | 438 | 185 | 185 |   0 |  1 |   0 |   0 | 7.061616e+03 | 4.055256e+03 |  74.13%| unknown
d 0.1s|     1 |     0 |  1901 |     - |farkasdi|   0 | 438 | 185 | 185 |   0 |  1 |   0 |   0 | 7.061616e+03 | 5.521727e+03 |  27.89%| unknown
d 0.1s|     1 |     0 |  1908 |     - |farkasdi|   0 | 438 | 185 | 185 |   0 |  1 |   0 |   0 | 7.061616e+03 | 6.277416e+03 |  12.49%| unknown
  0.1s|     1 |     0 |  1908 |     - |  5592k |   0 | 438 | 185 | 185 |   0 |  1 |   0 |   0 | 7.061616e+03 | 6.277416e+03 |  12.49%| unknown
  0.3s|     1 |     2 |  1908 |     - |  5684k |   0 | 438 | 185 | 185 |   0 |  2 |   0 |  21 | 7.030545e+03 | 6.277416e+03 |  12.00%| unknown

SCIP Status        : solving was interrupted [node limit reached]
Solving Time (sec) : 0.27
Solving Nodes      : 1
Primal Bound       : +6.27741614794498e+03 (27 solutions)
Dual Bound         : +7.03054488084899e+03
Gap                : 12.00 %
