presolving:
(round 1, fast)       1 del vars, 1 del conss, 0 add conss, 0 chg bounds, 0 chg sides, 0 chg coeffs, 0 upgd conss, 0 impls, 187 clqs
   (0.0s) running MILP presolver
   (0.0s) MILP presolver (2 rounds): 0 aggregations, 15 fixings, 0 bound changes
(round 2, medium)     16 del vars, 1 del conss, 0 add conss, 0 chg bounds, 0 chg sides, 0 chg coeffs, 0 upgd conss, 0 impls, 187 clqs
(round 3, exhaustive) 16 del vars, 3 del conss, 0 add conss, 0 chg bounds, 2 chg sides, 0 chg coeffs, 0 upgd conss, 0 impls, 187 clqs
(round 4, exhaustive) 16 del vars, 3 del conss, 0 add conss, 0 chg bounds, 2 chg sides, 0 chg coeffs, 185 upgd conss, 0 impls, 187 clqs
(round 5, fast)       21 del vars, 4 del conss, 0 add conss, 0 chg bounds, 2 chg sides, 0 chg coeffs, 185 upgd conss, 0 impls, 186 clqs
(round 6, medium)     60 del vars, 4 del conss, 0 add conss, 0 chg bounds, 2 chg sides, 39 chg coeffs, 185 upgd conss, 0 impls, 185 clqs
(round 7, fast)       81 del vars, 7 del conss, 0 add conss, 0 chg bounds, 2 chg sides, 39 chg coeffs, 185 upgd conss, 0 impls, 182 clqs
(round 8, exhaustive) 81 del vars, 11 del conss, 0 add conss, 0 chg bounds, 2 chg sides, 39 chg coeffs, 185 upgd conss, 0 impls, 182 clqs
   (0.0s) probing: 51/419 (12.2%) - 0 fixings, 0 aggregations, 0 implications, 0 bound changes
   (0.0s) probing aborted: 50/50 successive totally useless probings
   (0.0s) symmetry computation started: requiring (bin +, int +, cont +), (fixed: bin -, int -, cont -)
   (0.0s) no symmetry present (symcode time: 0.00)
presolving (9 rounds: 9 fast, 6 medium, 4 exhaustive):
 81 deleted vars, 11 deleted constraints, 0 added constraints, 0 tightened bounds, 0 added holes, 2 changed sides, 39 changed coefficients
 0 implications, 182 cliques
presolved problem has 419 variables (419 bin, 0 int, 0 impl, 0 cont) and 177 constraints
    177 constraints of type <setppc>
Presolving Time: 0.03

 time | node  | left  |LP iter|LP it/n|mem/heur|mdpt |vars |cons |rows |cuts |sepa|confs|strbr|  dualbound   | primalbound  |  gap   | compl. 
  0.1s|     1 |     0 |  1337 |     - |  5327k |   0 | 419 | 177 | 177 |   0 |  0 |   0 |   0 | 6.998989e+03 |      --      |    Inf | unknown
d 0.1s|     1 |     0 |  1337 |     - |farkasdi|   0 | 419 | 177 | 177 |   0 |  1 |   0 |   0 | 6.998989e+03 | 2.878827e+03 | 143.12%| unknown
d 0.1s|     1 |     0 |  1415 |     - |farkasdi|   0 | 419 | 177 | 177 |   0 |  1 |   0 |   0 | 6.998989e+03 | 3.753249e+03 |  86.48%| unknown
d 0.1s|     1 |     0 |  1437 |     - |farkasdi|   0 | 419 | 177 | 177 |   0 |  1 |   0 |   0 | 6.998989e+03 | 4.527535e+03 |  54.59%| unknown
d 0.1s|     1 |     0 |  1472 |     - |farkasdi|   0 | 419 | 177 | 177 |   0 |  1 |   0 |   0 | 6.998989e+03 | 6.739825e+03 |   3.85%| unknown
  0.1s|     1 |     0 |  1472 |     - |  5423k |   0 | 419 | 177 | 177 |   0 |  1 |   0 |   0 | 6.998989e+03 | 6.739825e+03 |   3.85%| unknown
  0.1s|     1 |     0 |  1472 |     - |  5423k |   0 | 419 | 177 | 176 |   0 |  1 |   0 |   0 | 6.998989e+03 | 6.739825e+03 |   3.85%| unknown
  0.4s|     1 |     2 |  1472 |     - |  5603k |   0 | 419 | 176 | 176 |   0 |  2 |   0 |  42 | 6.974192e+03 | 6.739825e+03 |   3.48%| unknown

SCIP Status        : solving was interrupted [node limit reached]
Solving Time (sec) : 0.36
Solving Nodes      : 1
Primal Bound       : +6.73982530604854e+03 (46 solutions)
Dual Bound         : +6.97419196359872e+03
Gap                : 3.48 %
