presolving:
(round 1, fast)       1 del vars, 1 del conss, 0 add conss, 0 chg bounds, 0 chg sides, 0 chg coeffs, 0 upgd conss, 0 impls, 191 clqs
   (0.0s) running MILP presolver
   (0.0s) MILP presolver (2 rounds): 0 aggregations, 24 fixings, 0 bound changes
(round 2, medium)     25 del vars, 1 del conss, 0 add conss, 0 chg bounds, 0 chg sides, 0 chg coeffs, 0 upgd conss, 0 impls, 191 clqs
(round 3, exhaustive) 25 del vars, 6 del conss, 0 add conss, 0 chg bounds, 5 chg sides, 0 chg coeffs, 0 upgd conss, 0 impls, 191 clqs
(round 4, exhaustive) 25 del vars, 6 del conss, 0 add conss, 0 chg bounds, 5 chg sides, 0 chg coeffs, 186 upgd conss, 0 impls, 191 clqs
(round 5, medium)     66 del vars, 6 del conss, 0 add conss, 0 chg bounds, 5 chg sides, 41 chg coeffs, 186 upgd conss, 0 impls, 191 clqs
(round 6, fast)       88 del vars, 9 del conss, 0 add conss, 0 chg bounds, 5 chg sides, 41 chg coeffs, 186 upgd conss, 0 impls, 188 clqs
(round 7, exhaustive) 88 del vars, 14 del conss, 0 add conss, 0 chg bounds, 5 chg sides, 41 chg coeffs, 186 upgd conss, 0 impls, 188 clqs
   (0.0s) probing: 51/412 (12.4%) - 0 fixings, 0 aggregations, 0 implications, 0 bound changes
   (0.0s) probing aborted: 50/50 successive totally useless probings
   (0.0s) symmetry computation started: requiring (bin +, int +, cont +), (fixed: bin -, int -, cont -)
   (0.0s) no symmetry present (symcode time: 0.00)
presolving (8 rounds: 8 fast, 6 medium, 4 exhaustive):
 88 deleted vars, 14 deleted constraints, 0 added constraints, 0 tightened bounds, 0 added holes, 5 changed sides, 41 changed coefficients
 0 implications, 188 cliques
presolved problem has 412 variables (412 bin, 0 int, 0 impl, 0 cont) and 178 constraints
    178 constraints of type <setppc>
Presolving Time: 0.02

 time | node  | left  |LP iter|LP it/n|mem/heur|mdpt |vars |cons |rows |cuts |sepa|confs|strbr|  dualbound   | primalbound  |  gap   | compl. 
  0.1s|     1 |     0 |  1242 |     - |  5398k |   0 | 412 | 178 | 178 |   0 |  0 |   0 |   0 | 7.266376e+03 |      --      |    Inf | unknown
d 0.1s|     1 |     0 |  1242 |     - |farkasdi|   0 | 412 | 178 | 178 |   0 |  1 |   0 |   0 | 7.266376e+03 | 3.099320e+03 | 134.45%| unknown
d 0.1s|     1 |     0 |  1354 |     - |farkasdi|   0 | 412 | 178 | 178 |   0 |  1 |   0 |   0 | 7.266376e+03 | 3.861922e+03 |  88.15%| unknown
d 0.1s|     1 |     0 |  1379 |     - |farkasdi|   0 | 412 | 178 | 178 |   0 |  1 |   0 |   0 | 7.266376e+03 | 5.234998e+03 |  38.80%| unknown
d 0.1s|     1 |     0 |  1381 |     - |farkasdi|   0 | 412 | 178 | 178 |   0 |  1 |   0 |   0 | 7.266376e+03 | 7.029183e+03 |   3.37%| unknown
  0.1s|     1 |     0 |  1381 |     - |  5504k |   0 | 412 | 178 | 178 |   0 |  1 |   0 |   0 | 7.266376e+03 | 7.029183e+03 |   3.37%| unknown
  0.1s|     1 |     0 |  1381 |     - |  5504k |   0 | 412 | 178 | 177 |   0 |  1 |   0 |   0 | 7.266376e+03 | 7.029183e+03 |   3.37%| unknown
  0.2s|     1 |     2 |  1381 |     - |  5734k |   0 | 412 | 177 | 177 |   0 |  2 |   0 |  26 | 7.207929e+03 | 7.029183e+03 |   2.54%| unknown

SCIP Status        : solving was interrupted [node limit reached]
Solving Time (sec) : 0.18
Solving Nodes      : 1
Primal Bound       : +7.02918251922255e+03 (38 solutions)
Dual Bound         : +7.20792884593836e+03
Gap                : 2.54 %
