presolving:
(round 1, fast)       1 del vars, 2 del conss, 0 add conss, 0 chg bounds, 0 chg sides, 0 chg coeffs, 0 upgd conss, 0 impls, 193 clqs
   (0.0s) running MILP presolver
   (0.0s) MILP presolver (2 rounds): 0 aggregations, 14 fixings, 0 bound changes
(round 2, medium)     15 del vars, 2 del conss, 0 add conss, 0 chg bounds, 0 chg sides, 0 chg coeffs, 0 upgd conss, 0 impls, 193 clqs
(round 3, fast)       16 del vars, 3 del conss, 0 add conss, 0 chg bounds, 0 chg sides, 0 chg coeffs, 0 upgd conss, 0 impls, 192 clqs
(round 4, exhaustive) 16 del vars, 5 del conss, 0 add conss, 0 chg bounds, 2 chg sides, 0 chg coeffs, 0 upgd conss, 0 impls, 192 clqs
(round 5, exhaustive) 16 del vars, 5 del conss, 0 add conss, 0 chg bounds, 2 chg sides, 0 chg coeffs, 190 upgd conss, 0 impls, 192 clqs
(round 6, medium)     54 del vars, 5 del conss, 0 add conss, 0 chg bounds, 2 chg sides, 38 chg coeffs, 190 upgd conss, 0 impls, 192 clqs
(round 7, fast)       72 del vars, 5 del conss, 0 add conss, 0 chg bounds, 2 chg sides, 38 chg coeffs, 190 upgd conss, 0 impls, 191 clqs
(round 8, exhaustive) 72 del vars, 12 del conss, 0 add conss, 0 chg bounds, 2 chg sides, 38 chg coeffs, 190 upgd conss, 0 impls, 191 clqs
(round 9, exhaustive) 73 del vars, 12 del conss, 0 add conss, 0 chg bounds, 2 chg sides, 38 chg coeffs, 190 upgd conss, 0 impls, 191 clqs
   (0.0s) probing: 51/427 (11.9%) - 0 fixings, 0 aggregations, 0 implications, 0 bound changes
   (0.0s) probing aborted: 50/50 successive totally useless probings
   (0.0s) symmetry computation started: requiring (bin +, int +, cont +), (fixed: bin -, int -, cont -)
   (0.0s) no symmetry present (symcode time: 0.00)
presolving (10 rounds: 10 fast, 7 medium, 5 exhaustive):
 73 deleted vars, 12 deleted constraints, 0 added constraints, 0 tightened bounds, 0 added holes, 2 changed sides, 38 changed coefficients
 0 implications, 191 cliques
presolved problem has 427 variables (427 bin, 0 int, 0 impl, 0 cont) and 183 constraints
    183 constraints of type <setppc>
Presolving Time: 0.02

 time | node  | left  |LP iter|LP it/n|mem/heur|mdpt |vars |cons |rows |cuts |sepa|confs|strbr|  dualbound   | primalbound  |  gap   | compl. 
  0.1s|     1 |     0 |  1594 |     - |  5230k |   0 | 427 | 183 | 183 |   0 |  0 |   0 |   0 | 8.081526e+03 |      --      |    Inf | unknown
d 0.1s|     1 |     0 |  1594 |     - |farkasdi|   0 | 427 | 183 | 183 |   0 |  1 |   0 |   0 | 8.081526e+03 | 3.414120e+03 | 136.71%| unknown
d 0.1s|     1 |     0 |  1720 |     - |farkasdi|   0 | 427 | 183 | 183 |   0 |  1 |   0 |   0 | 8.081526e+03 | 4.057798e+03 |  99.16%| unknown
d 0.1s|     1 |     0 |  1815 |     - |farkasdi|   0 | 427 | 183 | 183 |   0 |  1 |   0 |   0 | 8.081526e+03 | 4.711782e+03 |  71.52%| unknown
d 0.1s|     1 |     0 |  1841 |     - |farkasdi|   0 | 427 | 183 | 183 |   0 |  1 |   0 |   0 | 8.081526e+03 | 5.029555e+03 |  60.68%| unknown
d 0.1s|     1 |     0 |  1858 |     - |farkasdi|   0 | 427 | 183 | 183 |   0 |  1 |   0 |   0 | 8.081526e+03 | 5.622322e+03 |  43.74%| unknown
d 0.1s|     1 |     0 |  1866 |     - |farkasdi|   0 | 427 | 183 | 183 |   0 |  1 |   0 |   0 | 8.081526e+03 | 5.739588e+03 |  40.80%| unknown
d 0.1s|     1 |     0 |  1873 |     - |farkasdi|   0 | 427 | 183 | 183 |   0 |  1 |   0 |   0 | 8.081526e+03 | 6.236814e+03 |  29.58%| unknown
d 0.1s|     1 |     0 |  1882 |     - |farkasdi|   0 | 427 | 183 | 183 |   0 |  1 |   0 |   0 | 8.081526e+03 | 7.272128e+03 |  11.13%| unknown
  0.1s|     1 |     0 |  1882 |     - |  5401k |   0 | 427 | 183 | 183 |   0 |  1 |   0 |   0 | 8.081526e+03 | 7.272128e+03 |  11.13%| unknown
  0.3s|     1 |     2 |  1882 |     - |  5575k |   0 | 427 | 183 | 183 |   0 |  2 |   0 |  31 | 8.036716e+03 | 7.272128e+03 |  10.51%| unknown

SCIP Status        : solving was interrupted [node limit reached]
Solving Time (sec) : 0.31
Solving Nodes      : 1
Primal Bound       : +7.27212813171714e+03 (42 solutions)
Dual Bound         : +8.03671568347891e+03
Gap                : 10.51 %
