presolving:
(round 1, fast)       1 del vars, 2 del conss, 0 add conss, 0 chg bounds, 0 chg sides, 0 chg coeffs, 0 upgd conss, 0 impls, 187 clqs
   (0.0s) running MILP presolver
   (0.0s) MILP presolver (2 rounds): 0 aggregations, 16 fixings, 0 bound changes
(round 2, medium)     17 del vars, 2 del conss, 0 add conss, 0 chg bounds, 0 chg sides, 0 chg coeffs, 0 upgd conss, 0 impls, 187 clqs
(round 3, exhaustive) 17 del vars, 7 del conss, 0 add conss, 0 chg bounds, 5 chg sides, 0 chg coeffs, 0 upgd conss, 0 impls, 187 clqs
(round 4, exhaustive) 17 del vars, 7 del conss, 0 add conss, 0 chg bounds, 5 chg sides, 0 chg coeffs, 182 upgd conss, 0 impls, 187 clqs
(round 5, medium)     47 del vars, 7 del conss, 0 add conss, 0 chg bounds, 5 chg sides, 30 chg coeffs, 182 upgd conss, 0 impls, 187 clqs
(round 6, fast)       57 del vars, 8 del conss, 0 add conss, 0 chg bounds, 5 chg sides, 30 chg coeffs, 182 upgd conss, 0 impls, 185 clqs
(round 7, exhaustive) 57 del vars, 10 del conss, 0 add conss, 0 chg bounds, 5 chg sides, 30 chg coeffs, 182 upgd conss, 0 impls, 185 clqs
   (0.0s) probing: 51/443 (11.5%) - 0 fixings, 0 aggregations, 0 implications, 0 bound changes
   (0.0s) probing aborted: 50/50 successive totally useless probings
   (0.0s) symmetry computation started: requiring (bin +, int +, cont +), (fixed: bin -, int -, cont -)
   (0.0s) no symmetry present (symcode time: 0.00)
presolving (8 rounds: 8 fast, 6 medium, 4 exhaustive):
 57 deleted vars, 10 deleted constraints, 0 added constraints, 0 tightened bounds, 0 added holes, 5 changed sides, 30 changed coefficients
 0 implications, 185 cliques
presolved problem has 443 variables (443 bin, 0 int, 0 impl, 0 cont) and 179 constraints
    179 constraints of type <setppc>
Presolving Time: 0.03

 time | node  | left  |LP iter|LP it/n|mem/heur|mdpt |vars |cons |rows |cuts |sepa|confs|strbr|  dualbound   | primalbound  |  gap   | compl. 
  0.1s|     1 |     0 |  1699 |     - |  5472k |   0 | 443 | 179 | 179 |   0 |  0 |   0 |   0 | 7.632338e+03 |      --      |    Inf | unknown
d 0.1s|     1 |     0 |  1699 |     - |farkasdi|   0 | 443 | 179 | 179 |   0 |  1 |   0 |   0 | 7.632338e+03 | 2.346125e+03 | 225.32%| unknown
d 0.1s|     1 |     0 |  1784 |     - |farkasdi|   0 | 443 | 179 | 179 |   0 |  1 |   0 |   0 | 7.632338e+03 | 3.391617e+03 | 125.04%| unknown
d 0.1s|     1 |     0 |  1870 |     - |farkasdi|   0 | 443 | 179 | 179 |   0 |  1 |   0 |   0 | 7.632338e+03 | 4.444640e+03 |  71.72%| unknown
d 0.1s|     1 |     0 |  1888 |     - |farkasdi|   0 | 443 | 179 | 179 |   0 |  1 |   0 |   0 | 7.632338e+03 | 6.234491e+03 |  22.42%| unknown
d 0.1s|     1 |     0 |  1891 |     - |farkasdi|   0 | 443 | 179 | 179 |   0 |  1 |   0 |   0 | 7.632338e+03 | 6.882674e+03 |  10.89%| unknown
  0.1s|     1 |     0 |  1891 |     - |  5589k |   0 | 443 | 179 | 179 |   0 |  1 |   0 |   0 | 7.632338e+03 | 6.882674e+03 |  10.89%| unknown
  0.3s|     1 |     2 |  1891 |     - |  5671k |   0 | 443 | 179 | 179 |   0 |  2 |   0 |  19 | 7.558033e+03 | 6.882674e+03 |   9.81%| unknown

SCIP Status        : solving was interrupted [node limit reached]
Solving Time (sec) : 0.26
Solving Nodes      : 1
Primal Bound       : +6.88267389382710e+03 (24 solutions)
Dual Bound         : +7.55803331907613e+03
Gap                : 9.81 %
