presolving:
(round 1, fast)       1 del vars, 2 del conss, 0 add conss, 0 chg bounds, 0 chg sides, 0 chg coeffs, 0 upgd conss, 0 impls, 195 clqs
(round 2, fast)       3 del vars, 2 del conss, 0 add conss, 0 chg bounds, 0 chg sides, 0 chg coeffs, 0 upgd conss, 0 impls, 195 clqs
   (0.0s) running MILP presolver
   (0.0s) MILP presolver (2 rounds): 0 aggregations, 24 fixings, 0 bound changes
(round 3, medium)     27 del vars, 2 del conss, 0 add conss, 0 chg bounds, 0 chg sides, 0 chg coeffs, 0 upgd conss, 0 impls, 194 clqs
(round 4, fast)       27 del vars, 3 del conss, 0 add conss, 0 chg bounds, 0 chg sides, 0 chg coeffs, 0 upgd conss, 0 impls, 194 clqs
(round 5, exhaustive) 27 del vars, 10 del conss, 0 add conss, 0 chg bounds, 7 chg sides, 0 chg coeffs, 0 upgd conss, 0 impls, 194 clqs
(round 6, exhaustive) 27 del vars, 10 del conss, 0 add conss, 0 chg bounds, 7 chg sides, 0 chg coeffs, 187 upgd conss, 0 impls, 194 clqs
(round 7, medium)     56 del vars, 10 del conss, 0 add conss, 0 chg bounds, 7 chg sides, 29 chg coeffs, 187 upgd conss, 0 impls, 194 clqs
(round 8, fast)       64 del vars, 10 del conss, 0 add conss, 0 chg bounds, 7 chg sides, 29 chg coeffs, 187 upgd conss, 0 impls, 194 clqs
(round 9, exhaustive) 64 del vars, 14 del conss, 0 add conss, 0 chg bounds, 7 chg sides, 29 chg coeffs, 187 upgd conss, 0 impls, 194 clqs
   (0.0s) probing: 51/436 (11.7%) - 0 fixings, 0 aggregations, 0 implications, 0 bound changes
   (0.0s) probing aborted: 50/50 successive totally useless probings
   (0.0s) symmetry computation started: requiring (bin +, int +, cont +), (fixed: bin -, int -, cont -)
   (0.0s) no symmetry present (symcode time: 0.00)
presolving (10 rounds: 10 fast, 6 medium, 4 exhaustive):
 64 deleted vars, 14 deleted constraints, 0 added constraints, 0 tightened bounds, 0 added holes, 7 changed sides, 29 changed coefficients
 0 implications, 194 cliques
presolved problem has 436 variables (436 bin, 0 int, 0 impl, 0 cont) and 183 constraints
    183 constraints of type <setppc>
Presolving Time: 0.02

 time | node  | left  |LP iter|LP it/n|mem/heur|mdpt |vars |cons |rows |cuts |sepa|confs|strbr|  dualbound   | primalbound  |  gap   | compl. 
  0.2s|     1 |     0 |  1502 |     - |  5380k |   0 | 436 | 183 | 183 |   0 |  0 |   0 |   0 | 7.576108e+03 |      --      |    Inf | unknown
d 0.2s|     1 |     0 |  1502 |     - |farkasdi|   0 | 436 | 183 | 183 |   0 |  1 |   0 |   0 | 7.576108e+03 | 2.516516e+03 | 201.06%| unknown
d 0.2s|     1 |     0 |  1687 |     - |farkasdi|   0 | 436 | 183 | 183 |   0 |  1 |   0 |   0 | 7.576108e+03 | 3.502437e+03 | 116.31%| unknown
d 0.2s|     1 |     0 |  1765 |     - |farkasdi|   0 | 436 | 183 | 183 |   0 |  1 |   0 |   0 | 7.576108e+03 | 5.186177e+03 |  46.08%| unknown
d 0.2s|     1 |     0 |  1774 |     - |farkasdi|   0 | 436 | 183 | 183 |   0 |  1 |   0 |   0 | 7.576108e+03 | 5.769655e+03 |  31.31%| unknown
d 0.2s|     1 |     0 |  1781 |     - |farkasdi|   0 | 436 | 183 | 183 |   0 |  1 |   0 |   0 | 7.576108e+03 | 6.829708e+03 |  10.93%| unknown
  0.2s|     1 |     0 |  1781 |     - |  5502k |   0 | 436 | 183 | 183 |   0 |  1 |   0 |   0 | 7.576108e+03 | 6.829708e+03 |  10.93%| unknown
  0.5s|     1 |     2 |  1781 |     - |  5742k |   0 | 436 | 183 | 183 |   0 |  2 |   0 |  32 | 7.532787e+03 | 6.829708e+03 |  10.29%| unknown

SCIP Status        : solving was interrupted [node limit reached]
Solving Time (sec) : 0.47
Solving Nodes      : 1
Primal Bound       : +6.82970797703560e+03 (39 solutions)
Dual Bound         : +7.53278730504827e+03
Gap                : 10.29 %
