presolving:
   (0.0s) running MILP presolver
   (0.0s) MILP presolver (2 rounds): 0 aggregations, 17 fixings, 0 bound changes
(round 1, medium)     17 del vars, 0 del conss, 0 add conss, 0 chg bounds, 0 chg sides, 0 chg coeffs, 0 upgd conss, 0 impls, 194 clqs
(round 2, fast)       18 del vars, 2 del conss, 0 add conss, 0 chg bounds, 0 chg sides, 0 chg coeffs, 0 upgd conss, 0 impls, 193 clqs
(round 3, exhaustive) 18 del vars, 6 del conss, 0 add conss, 0 chg bounds, 4 chg sides, 0 chg coeffs, 0 upgd conss, 0 impls, 193 clqs
(round 4, exhaustive) 18 del vars, 6 del conss, 0 add conss, 0 chg bounds, 4 chg sides, 0 chg coeffs, 189 upgd conss, 0 impls, 193 clqs
(round 5, medium)     54 del vars, 6 del conss, 0 add conss, 0 chg bounds, 4 chg sides, 36 chg coeffs, 189 upgd conss, 0 impls, 193 clqs
(round 6, fast)       76 del vars, 7 del conss, 0 add conss, 0 chg bounds, 4 chg sides, 36 chg coeffs, 189 upgd conss, 0 impls, 191 clqs
(round 7, exhaustive) 76 del vars, 12 del conss, 0 add conss, 0 chg bounds, 4 chg sides, 36 chg coeffs, 189 upgd conss, 0 impls, 191 clqs
   (0.0s) probing: 51/424 (12.0%) - 0 fixings, 0 aggregations, 0 implications, 0 bound changes
   (0.0s) probing aborted: 50/50 successive totally useless probings
   (0.0s) symmetry computation started: requiring (bin +, int +, cont +), (fixed: bin -, int -, cont -)
   (0.0s) no symmetry present (symcode time: 0.00)
presolving (8 rounds: 8 fast, 6 medium, 4 exhaustive):
 76 deleted vars, 12 deleted constraints, 0 added constraints, 0 tightened bounds, 0 added holes, 4 changed sides, 36 changed coefficients
 0 implications, 191 cliques
presolved problem has 424 variables (424 bin, 0 int, 0 impl, 0 cont) and 183 constraints
    183 constraints of type <setppc>
Presolving Time: 0.02

 time | node  | left  |LP iter|LP it/n|mem/heur|mdpt |vars |cons |rows |cuts |sepa|confs|strbr|  dualbound   | primalbound  |  gap   | compl. 
  0.1s|     1 |     0 |  1078 |     - |  5448k |   0 | 424 | 183 | 183 |   0 |  0 |   0 |   0 | 7.708006e+03 |      --      |    Inf | unknown
d 0.1s|     1 |     0 |  1078 |     - |farkasdi|   0 | 424 | 183 | 183 |   0 |  1 |   0 |   0 | 7.708006e+03 | 2.973086e+03 | 159.26%| unknown
d 0.1s|     1 |     0 |  1130 |     - |farkasdi|   0 | 424 | 183 | 183 |   0 |  1 |   0 |   0 | 7.708006e+03 | 3.985461e+03 |  93.40%| unknown
d 0.1s|     1 |     0 |  1185 |     - |farkasdi|   0 | 424 | 183 | 183 |   0 |  1 |   0 |   0 | 7.708006e+03 | 4.495237e+03 |  71.47%| unknown
d 0.1s|     1 |     0 |  1236 |     - |farkasdi|   0 | 424 | 183 | 183 |   0 |  1 |   0 |   0 | 7.708006e+03 | 5.417993e+03 |  42.27%| unknown
d 0.1s|     1 |     0 |  1251 |     - |farkasdi|   0 | 424 | 183 | 183 |   0 |  1 |   0 |   0 | 7.708006e+03 | 7.233416e+03 |   6.56%| unknown
  0.1s|     1 |     0 |  1251 |     - |  5534k |   0 | 424 | 183 | 183 |   0 |  1 |   0 |   0 | 7.708006e+03 | 7.233416e+03 |   6.56%| unknown
  0.2s|     1 |     2 |  1251 |     - |  5749k |   0 | 424 | 183 | 183 |   0 |  2 |   0 |  35 | 7.665408e+03 | 7.233416e+03 |   5.97%| unknown

SCIP Status        : solving was interrupted [node limit reached]
Solving Time (sec) : 0.24
Solving Nodes      : 1
Primal Bound       : +7.23341567378194e+03 (43 solutions)
Dual Bound         : +7.66540808372619e+03
Gap                : 5.97 %
