presolving:
(round 1, fast)       0 del vars, 1 del conss, 0 add conss, 0 chg bounds, 0 chg sides, 0 chg coeffs, 0 upgd conss, 0 impls, 194 clqs
   (0.0s) running MILP presolver
   (0.0s) MILP presolver (2 rounds): 0 aggregations, 15 fixings, 0 bound changes
(round 2, medium)     15 del vars, 1 del conss, 0 add conss, 0 chg bounds, 0 chg sides, 0 chg coeffs, 0 upgd conss, 0 impls, 193 clqs
(round 3, fast)       15 del vars, 2 del conss, 0 add conss, 0 chg bounds, 0 chg sides, 0 chg coeffs, 0 upgd conss, 0 impls, 193 clqs
(round 4, exhaustive) 15 del vars, 3 del conss, 0 add conss, 0 chg bounds, 1 chg sides, 0 chg coeffs, 0 upgd conss, 0 impls, 193 clqs
(round 5, exhaustive) 15 del vars, 3 del conss, 0 add conss, 0 chg bounds, 1 chg sides, 0 chg coeffs, 192 upgd conss, 0 impls, 193 clqs
(round 6, medium)     48 del vars, 3 del conss, 0 add conss, 0 chg bounds, 1 chg sides, 33 chg coeffs, 192 upgd conss, 0 impls, 193 clqs
(round 7, fast)       64 del vars, 4 del conss, 0 add conss, 0 chg bounds, 1 chg sides, 33 chg coeffs, 192 upgd conss, 0 impls, 192 clqs
(round 8, exhaustive) 64 del vars, 6 del conss, 0 add conss, 0 chg bounds, 1 chg sides, 33 chg coeffs, 192 upgd conss, 0 impls, 192 clqs
   (0.0s) probing: 51/436 (11.7%) - 0 fixings, 0 aggregations, 0 implications, 0 bound changes
   (0.0s) probing aborted: 50/50 successive totally useless probings
   (0.0s) symmetry computation started: requiring (bin +, int +, cont +), (fixed: bin -, int -, cont -)
   (0.0s) no symmetry present (symcode time: 0.00)
presolving (9 rounds: 9 fast, 6 medium, 4 exhaustive):
 64 deleted vars, 6 deleted constraints, 0 added constraints, 0 tightened bounds, 0 added holes, 1 changed sides, 33 changed coefficients
 0 implications, 192 cliques
presolved problem has 436 variables (436 bin, 0 int, 0 impl, 0 cont) and 189 constraints
    189 constraints of type <setppc>
Presolving Time: 0.02

 time | node  | left  |LP iter|LP it/n|mem/heur|mdpt |vars |cons |rows |cuts |sepa|confs|strbr|  dualbound   | primalbound  |  gap   | compl. 
  0.2s|     1 |     0 |  1642 |     - |  5474k |   0 | 436 | 189 | 189 |   0 |  0 |   0 |   0 | 7.968777e+03 |      --      |    Inf | unknown
d 0.2s|     1 |     0 |  1642 |     - |farkasdi|   0 | 436 | 189 | 189 |   0 |  1 |   0 |   0 | 7.968777e+03 | 2.780685e+03 | 186.58%| unknown
d 0.2s|     1 |     0 |  1798 |     - |farkasdi|   0 | 436 | 189 | 189 |   0 |  1 |   0 |   0 | 7.968777e+03 | 3.660003e+03 | 117.73%| unknown
d 0.2s|     1 |     0 |  1852 |     - |farkasdi|   0 | 436 | 189 | 189 |   0 |  1 |   0 |   0 | 7.968777e+03 | 4.398719e+03 |  81.16%| unknown
d 0.2s|     1 |     0 |  1880 |     - |farkasdi|   0 | 436 | 189 | 189 |   0 |  1 |   0 |   0 | 7.968777e+03 | 5.262768e+03 |  51.42%| unknown
d 0.2s|     1 |     0 |  1907 |     - |farkasdi|   0 | 436 | 189 | 189 |   0 |  1 |   0 |   0 | 7.968777e+03 | 5.418735e+03 |  47.06%| unknown
d 0.2s|     1 |     0 |  1925 |     - |farkasdi|   0 | 436 | 189 | 189 |   0 |  1 |   0 |   0 | 7.968777e+03 | 6.341681e+03 |  25.66%| unknown
d 0.2s|     1 |     0 |  1931 |     - |farkasdi|   0 | 436 | 189 | 189 |   0 |  1 |   0 |   0 | 7.968777e+03 | 6.712395e+03 |  18.72%| unknown
d 0.2s|     1 |     0 |  1935 |     - |farkasdi|   0 | 436 | 189 | 189 |   0 |  1 |   0 |   0 | 7.968777e+03 | 7.526409e+03 |   5.88%| unknown
  0.2s|     1 |     0 |  1935 |     - |  5633k |   0 | 436 | 189 | 189 |   0 |  1 |   0 |   0 | 7.968777e+03 | 7.526409e+03 |   5.88%| unknown
  0.4s|     1 |     2 |  1935 |     - |  5828k |   0 | 436 | 189 | 189 |   0 |  2 |   0 |  36 | 7.948362e+03 | 7.526409e+03 |   5.61%| unknown

SCIP Status        : solving was interrupted [node limit reached]
Solving Time (sec) : 0.41
Solving Nodes      : 1
Primal Bound       : +7.52640883733299e+03 (44 solutions)
Dual Bound         : +7.94836211925648e+03
Gap                : 5.61 %
