presolving:
(round 1, fast)       0 del vars, 2 del conss, 0 add conss, 0 chg bounds, 0 chg sides, 0 chg coeffs, 0 upgd conss, 0 impls, 189 clqs
   (0.0s) running MILP presolver
   (0.0s) MILP presolver (2 rounds): 0 aggregations, 28 fixings, 0 bound changes
(round 2, medium)     28 del vars, 2 del conss, 0 add conss, 0 chg bounds, 0 chg sides, 0 chg coeffs, 0 upgd conss, 0 impls, 189 clqs
(round 3, fast)       29 del vars, 3 del conss, 0 add conss, 0 chg bounds, 0 chg sides, 0 chg coeffs, 0 upgd conss, 0 impls, 188 clqs
(round 4, exhaustive) 29 del vars, 7 del conss, 0 add conss, 0 chg bounds, 4 chg sides, 0 chg coeffs, 0 upgd conss, 0 impls, 188 clqs
(round 5, exhaustive) 29 del vars, 7 del conss, 0 add conss, 0 chg bounds, 4 chg sides, 0 chg coeffs, 184 upgd conss, 0 impls, 188 clqs
(round 6, medium)     63 del vars, 7 del conss, 0 add conss, 0 chg bounds, 4 chg sides, 34 chg coeffs, 184 upgd conss, 0 impls, 188 clqs
(round 7, fast)       75 del vars, 8 del conss, 0 add conss, 0 chg bounds, 4 chg sides, 34 chg coeffs, 184 upgd conss, 0 impls, 187 clqs
(round 8, exhaustive) 75 del vars, 11 del conss, 0 add conss, 0 chg bounds, 4 chg sides, 34 chg coeffs, 184 upgd conss, 0 impls, 187 clqs
   (0.0s) probing: 51/425 (12.0%) - 0 fixings, 0 aggregations, 0 implications, 0 bound changes
   (0.0s) probing aborted: 50/50 successive totally useless probings
   (0.0s) symmetry computation started: requiring (bin +, int +, cont +), (fixed: bin -, int -, cont -)
   (0.0s) no symmetry present (symcode time: 0.00)
presolving (9 rounds: 9 fast, 6 medium, 4 exhaustive):
 75 deleted vars, 11 deleted constraints, 0 added constraints, 0 tightened bounds, 0 added holes, 4 changed sides, 34 changed coefficients
 0 implications, 187 cliques
presolved problem has 425 variables (425 bin, 0 int, 0 impl, 0 cont) and 180 constraints
    180 constraints of type <setppc>
Presolving Time: 0.02

 time | node  | left  |LP iter|LP it/n|mem/heur|mdpt |vars |cons |rows |cuts |sepa|confs|strbr|  dualbound   | primalbound  |  gap   | compl. 
  0.1s|     1 |     0 |  1590 |     - |  5216k |   0 | 425 | 180 | 180 |   0 |  0 |   0 |   0 | 6.975591e+03 |      --      |    Inf | unknown
d 0.1s|     1 |     0 |  1590 |     - |farkasdi|   0 | 425 | 180 | 180 |   0 |  1 |   0 |   0 | 6.975591e+03 | 2.565915e+03 | 171.86%| unknown
d 0.1s|     1 |     0 |  1751 |     - |farkasdi|   0 | 425 | 180 | 180 |   0 |  1 |   0 |   0 | 6.975591e+03 | 3.808933e+03 |  83.14%| unknown
d 0.1s|     1 |     0 |  1890 |     - |farkasdi|   0 | 425 | 180 | 180 |   0 |  1 |   0 |   0 | 6.975591e+03 | 3.820228e+03 |  82.60%| unknown
d 0.1s|     1 |     0 |  1936 |     - |farkasdi|   0 | 425 | 180 | 180 |   0 |  1 |   0 |   0 | 6.975591e+03 | 4.394276e+03 |  58.74%| unknown
d 0.1s|     1 |     0 |  1968 |     - |farkasdi|   0 | 425 | 180 | 180 |   0 |  1 |   0 |   0 | 6.975591e+03 | 6.255508e+03 |  11.51%| unknown
  0.1s|     1 |     0 |  1968 |     - |  5333k |   0 | 425 | 180 | 180 |   0 |  1 |   0 |   0 | 6.975591e+03 | 6.255508e+03 |  11.51%| unknown
  0.2s|     1 |     2 |  1968 |     - |  5556k |   0 | 425 | 180 | 180 |   0 |  2 |   0 |  19 | 6.944287e+03 | 6.255508e+03 |  11.01%| unknown

SCIP Status        : solving was interrupted [node limit reached]
Solving Time (sec) : 0.21
Solving Nodes      : 1
Primal Bound       : +6.25550809338474e+03 (31 solutions)
Dual Bound         : +6.94428730449470e+03
Gap                : 11.01 %
