presolving:
(round 1, fast)       1 del vars, 2 del conss, 0 add conss, 0 chg bounds, 0 chg sides, 0 chg coeffs, 0 upgd conss, 0 impls, 191 clqs
(round 2, fast)       2 del vars, 2 del conss, 0 add conss, 0 chg bounds, 0 chg sides, 0 chg coeffs, 0 upgd conss, 0 impls, 191 clqs
   (0.0s) running MILP presolver
   (0.0s) MILP presolver (2 rounds): 0 aggregations, 22 fixings, 0 bound changes
(round 3, medium)     24 del vars, 2 del conss, 0 add conss, 0 chg bounds, 0 chg sides, 0 chg coeffs, 0 upgd conss, 0 impls, 191 clqs
(round 4, exhaustive) 24 del vars, 6 del conss, 0 add conss, 0 chg bounds, 4 chg sides, 0 chg coeffs, 0 upgd conss, 0 impls, 191 clqs
(round 5, exhaustive) 24 del vars, 6 del conss, 0 add conss, 0 chg bounds, 4 chg sides, 0 chg coeffs, 187 upgd conss, 0 impls, 191 clqs
(round 6, medium)     64 del vars, 6 del conss, 0 add conss, 0 chg bounds, 4 chg sides, 40 chg coeffs, 187 upgd conss, 0 impls, 191 clqs
(round 7, fast)       87 del vars, 7 del conss, 0 add conss, 0 chg bounds, 4 chg sides, 40 chg coeffs, 187 upgd conss, 0 impls, 188 clqs
(round 8, exhaustive) 87 del vars, 11 del conss, 0 add conss, 0 chg bounds, 4 chg sides, 40 chg coeffs, 187 upgd conss, 0 impls, 188 clqs
   (0.0s) probing: 51/413 (12.3%) - 0 fixings, 0 aggregations, 0 implications, 0 bound changes
   (0.0s) probing aborted: 50/50 successive totally useless probings
   (0.0s) symmetry computation started: requiring (bin +, int +, cont +), (fixed: bin -, int -, cont -)
   (0.0s) no symmetry present (symcode time: 0.00)
presolving (9 rounds: 9 fast, 6 medium, 4 exhaustive):
 87 deleted vars, 11 deleted constraints, 0 added constraints, 0 tightened bounds, 0 added holes, 4 changed sides, 40 changed coefficients
 0 implications, 188 cliques
presolved problem has 413 variables (413 bin, 0 int, 0 impl, 0 cont) and 182 constraints
    182 constraints of type <setppc>
Presolving Time: 0.02

 time | node  | left  |LP iter|LP it/n|mem/heur|mdpt |vars |cons |rows |cuts |sepa|confs|strbr|  dualbound   | primalbound  |  gap   | compl. 
  0.1s|     1 |     0 |  1338 |     - |  5227k |   0 | 413 | 182 | 182 |   0 |  0 |   0 |   0 | 7.937057e+03 |      --      |    Inf | unknown
d 0.1s|     1 |     0 |  1338 |     - |farkasdi|   0 | 413 | 182 | 182 |   0 |  1 |   0 |   0 | 7.937057e+03 | 3.246079e+03 | 144.51%| unknown
d 0.1s|     1 |     0 |  1441 |     - |farkasdi|   0 | 413 | 182 | 182 |   0 |  1 |   0 |   0 | 7.937057e+03 | 4.016764e+03 |  97.60%| unknown
d 0.1s|     1 |     0 |  1464 |     - |farkasdi|   0 | 413 | 182 | 182 |   0 |  1 |   0 |   0 | 7.937057e+03 | 6.454376e+03 |  22.97%| unknown
d 0.1s|     1 |     0 |  1494 |     - |farkasdi|   0 | 413 | 182 | 182 |   0 |  1 |   0 |   0 | 7.937057e+03 | 6.586532e+03 |  20.50%| unknown
d 0.1s|     1 |     0 |  1512 |     - |farkasdi|   0 | 413 | 182 | 182 |   0 |  1 |   0 |   0 | 7.937057e+03 | 7.140155e+03 |  11.16%| unknown
d 0.1s|     1 |     0 |  1513 |     - |farkasdi|   0 | 413 | 182 | 182 |   0 |  1 |   0 |   0 | 7.937057e+03 | 7.501575e+03 |   5.81%| unknown
  0.1s|     1 |     0 |  1513 |     - |  5348k |   0 | 413 | 182 | 182 |   0 |  1 |   0 |   0 | 7.937057e+03 | 7.501575e+03 |   5.81%| unknown
  0.3s|     1 |     2 |  1513 |     - |  5427k |   0 | 413 | 182 | 182 |   0 |  2 |   0 |  19 | 7.885989e+03 | 7.501575e+03 |   5.12%| unknown

SCIP Status        : solving was interrupted [node limit reached]
Solving Time (sec) : 0.30
Solving Nodes      : 1
Primal Bound       : +7.50157515126964e+03 (26 solutions)
Dual Bound         : +7.88598902578448e+03
Gap                : 5.12 %
