presolving:
(round 1, fast)       2 del vars, 3 del conss, 0 add conss, 0 chg bounds, 0 chg sides, 0 chg coeffs, 0 upgd conss, 0 impls, 190 clqs
   (0.0s) running MILP presolver
   (0.0s) MILP presolver (2 rounds): 0 aggregations, 15 fixings, 0 bound changes
(round 2, medium)     17 del vars, 3 del conss, 0 add conss, 0 chg bounds, 0 chg sides, 0 chg coeffs, 0 upgd conss, 0 impls, 190 clqs
(round 3, exhaustive) 17 del vars, 8 del conss, 0 add conss, 0 chg bounds, 5 chg sides, 0 chg coeffs, 0 upgd conss, 0 impls, 190 clqs
(round 4, exhaustive) 17 del vars, 8 del conss, 0 add conss, 0 chg bounds, 5 chg sides, 0 chg coeffs, 185 upgd conss, 0 impls, 190 clqs
(round 5, medium)     51 del vars, 8 del conss, 0 add conss, 0 chg bounds, 5 chg sides, 34 chg coeffs, 185 upgd conss, 0 impls, 190 clqs
(round 6, fast)       63 del vars, 8 del conss, 0 add conss, 0 chg bounds, 5 chg sides, 34 chg coeffs, 185 upgd conss, 0 impls, 190 clqs
   (0.0s) probing: 51/437 (11.7%) - 0 fixings, 0 aggregations, 0 implications, 0 bound changes
   (0.0s) probing aborted: 50/50 successive totally useless probings
   (0.0s) symmetry computation started: requiring (bin +, int +, cont +), (fixed: bin -, int -, cont -)
   (0.0s) no symmetry present (symcode time: 0.00)
presolving (7 rounds: 7 fast, 5 medium, 3 exhaustive):
 63 deleted vars, 8 deleted constraints, 0 added constraints, 0 tightened bounds, 0 added holes, 5 changed sides, 34 changed coefficients
 0 implications, 190 cliques
presolved problem has 437 variables (437 bin, 0 int, 0 impl, 0 cont) and 185 constraints
    185 constraints of type <setppc>
Presolving Time: 0.01

 time | node  | left  |LP iter|LP it/n|mem/heur|mdpt |vars |cons |rows |cuts |sepa|confs|strbr|  dualbound   | primalbound  |  gap   | compl. 
  0.1s|     1 |     0 |  1534 |     - |  5538k |   0 | 437 | 185 | 185 |   0 |  0 |   0 |   0 | 7.603597e+03 |      --      |    Inf | unknown
d 0.1s|     1 |     0 |  1534 |     - |farkasdi|   0 | 437 | 185 | 185 |   0 |  1 |   0 |   0 | 7.603597e+03 | 2.606138e+03 | 191.76%| unknown
d 0.1s|     1 |     0 |  1607 |     - |farkasdi|   0 | 437 | 185 | 185 |   0 |  1 |   0 |   0 | 7.603597e+03 | 3.740148e+03 | 103.30%| unknown
d 0.1s|     1 |     0 |  1709 |     - |farkasdi|   0 | 437 | 185 | 185 |   0 |  1 |   0 |   0 | 7.603597e+03 | 4.136576e+03 |  83.81%| unknown
d 0.1s|     1 |     0 |  1743 |     - |farkasdi|   0 | 437 | 185 | 185 |   0 |  1 |   0 |   0 | 7.603597e+03 | 5.902797e+03 |  28.81%| unknown
d 0.1s|     1 |     0 |  1747 |     - |farkasdi|   0 | 437 | 185 | 185 |   0 |  1 |   0 |   0 | 7.603597e+03 | 7.089659e+03 |   7.25%| unknown
  0.1s|     1 |     0 |  1747 |     - |  5641k |   0 | 437 | 185 | 185 |   0 |  1 |   0 |   0 | 7.603597e+03 | 7.089659e+03 |   7.25%| unknown
  0.2s|     1 |     2 |  1747 |     - |  5820k |   0 | 437 | 185 | 185 |   0 |  2 |   0 |  28 | 7.576268e+03 | 7.089659e+03 |   6.86%| unknown

SCIP Status        : solving was interrupted [node limit reached]
Solving Time (sec) : 0.22
Solving Nodes      : 1
Primal Bound       : +7.08965861920400e+03 (40 solutions)
Dual Bound         : +7.57626822410750e+03
Gap                : 6.86 %
