presolving:
(round 1, fast)       0 del vars, 1 del conss, 0 add conss, 0 chg bounds, 0 chg sides, 0 chg coeffs, 0 upgd conss, 0 impls, 196 clqs
   (0.0s) running MILP presolver
   (0.0s) MILP presolver (2 rounds): 0 aggregations, 17 fixings, 0 bound changes
(round 2, medium)     17 del vars, 1 del conss, 0 add conss, 0 chg bounds, 0 chg sides, 0 chg coeffs, 0 upgd conss, 0 impls, 196 clqs
(round 3, exhaustive) 17 del vars, 6 del conss, 0 add conss, 0 chg bounds, 5 chg sides, 0 chg coeffs, 0 upgd conss, 0 impls, 196 clqs
(round 4, exhaustive) 17 del vars, 6 del conss, 0 add conss, 0 chg bounds, 5 chg sides, 0 chg coeffs, 191 upgd conss, 0 impls, 196 clqs
(round 5, medium)     50 del vars, 6 del conss, 0 add conss, 0 chg bounds, 5 chg sides, 33 chg coeffs, 191 upgd conss, 0 impls, 196 clqs
(round 6, fast)       62 del vars, 7 del conss, 0 add conss, 0 chg bounds, 5 chg sides, 33 chg coeffs, 191 upgd conss, 0 impls, 194 clqs
(round 7, exhaustive) 62 del vars, 10 del conss, 0 add conss, 0 chg bounds, 5 chg sides, 33 chg coeffs, 191 upgd conss, 0 impls, 194 clqs
(round 8, exhaustive) 63 del vars, 10 del conss, 0 add conss, 0 chg bounds, 5 chg sides, 33 chg coeffs, 191 upgd conss, 0 impls, 194 clqs
   (0.0s) probing: 51/437 (11.7%) - 0 fixings, 0 aggregations, 0 implications, 0 bound changes
   (0.0s) probing aborted: 50/50 successive totally useless probings
   (0.0s) symmetry computation started: requiring (bin +, int +, cont +), (fixed: bin -, int -, cont -)
   (0.0s) no symmetry present (symcode time: 0.00)
presolving (9 rounds: 9 fast, 7 medium, 5 exhaustive):
 63 deleted vars, 10 deleted constraints, 0 added constraints, 0 tightened bounds, 0 added holes, 5 changed sides, 33 changed coefficients
 0 implications, 194 cliques
presolved problem has 437 variables (437 bin, 0 int, 0 impl, 0 cont) and 187 constraints
    187 constraints of type <setppc>
Presolving Time: 0.04

 time | node  | left  |LP iter|LP it/n|mem/heur|mdpt |vars |cons |rows |cuts |sepa|confs|strbr|  dualbound   | primalbound  |  gap   | compl. 
  0.1s|     1 |     0 |  1883 |     - |  5350k |   0 | 437 | 187 | 187 |   0 |  0 |   0 |   0 | 7.962017e+03 |      --      |    Inf | unknown
d 0.1s|     1 |     0 |  1883 |     - |farkasdi|   0 | 437 | 187 | 187 |   0 |  1 |   0 |   0 | 7.962017e+03 | 2.536183e+03 | 213.94%| unknown
d 0.1s|     1 |     0 |  2068 |     - |farkasdi|   0 | 437 | 187 | 187 |   0 |  1 |   0 |   0 | 7.962017e+03 | 3.898666e+03 | 104.22%| unknown
d 0.1s|     1 |     0 |  2092 |     - |farkasdi|   0 | 437 | 187 | 187 |   0 |  1 |   0 |   0 | 7.962017e+03 | 4.636883e+03 |  71.71%| unknown
d 0.1s|     1 |     0 |  2115 |     - |farkasdi|   0 | 437 | 187 | 187 |   0 |  1 |   0 |   0 | 7.962017e+03 | 5.382621e+03 |  47.92%| unknown
d 0.1s|     1 |     0 |  2117 |     - |farkasdi|   0 | 437 | 187 | 187 |   0 |  1 |   0 |   0 | 7.962017e+03 | 5.757954e+03 |  38.28%| unknown
d 0.1s|     1 |     0 |  2127 |     - |farkasdi|   0 | 437 | 187 | 187 |   0 |  1 |   0 |   0 | 7.962017e+03 | 6.694322e+03 |  18.94%| unknown
d 0.1s|     1 |     0 |  2128 |     - |farkasdi|   0 | 437 | 187 | 187 |   0 |  1 |   0 |   0 | 7.962017e+03 | 7.290115e+03 |   9.22%| unknown
  0.1s|     1 |     0 |  2128 |     - |  5501k |   0 | 437 | 187 | 187 |   0 |  1 |   0 |   0 | 7.962017e+03 | 7.290115e+03 |   9.22%| unknown
  0.2s|     1 |     2 |  2128 |     - |  5581k |   0 | 437 | 187 | 187 |   0 |  2 |   0 |  19 | 7.940031e+03 | 7.290115e+03 |   8.92%| unknown

SCIP Status        : solving was interrupted [node limit reached]
Solving Time (sec) : 0.21
Solving Nodes      : 1
Primal Bound       : +7.29011546557757e+03 (25 solutions)
Dual Bound         : +7.94003115663588e+03
Gap                : 8.92 %
