presolving:
(round 1, fast)       1 del vars, 3 del conss, 0 add conss, 0 chg bounds, 0 chg sides, 0 chg coeffs, 0 upgd conss, 0 impls, 190 clqs
   (0.0s) running MILP presolver
   (0.0s) MILP presolver (2 rounds): 0 aggregations, 21 fixings, 0 bound changes
(round 2, medium)     22 del vars, 3 del conss, 0 add conss, 0 chg bounds, 0 chg sides, 0 chg coeffs, 0 upgd conss, 0 impls, 190 clqs
(round 3, exhaustive) 22 del vars, 11 del conss, 0 add conss, 0 chg bounds, 8 chg sides, 0 chg coeffs, 0 upgd conss, 0 impls, 190 clqs
(round 4, exhaustive) 22 del vars, 11 del conss, 0 add conss, 0 chg bounds, 8 chg sides, 0 chg coeffs, 182 upgd conss, 0 impls, 190 clqs
(round 5, medium)     67 del vars, 11 del conss, 0 add conss, 0 chg bounds, 8 chg sides, 45 chg coeffs, 182 upgd conss, 0 impls, 190 clqs
(round 6, fast)       98 del vars, 12 del conss, 0 add conss, 0 chg bounds, 8 chg sides, 45 chg coeffs, 182 upgd conss, 0 impls, 187 clqs
   (0.0s) running MILP presolver
   (0.0s) MILP presolver (2 rounds): 0 aggregations, 1 fixings, 0 bound changes
(round 7, medium)     99 del vars, 12 del conss, 0 add conss, 0 chg bounds, 8 chg sides, 45 chg coeffs, 182 upgd conss, 0 impls, 187 clqs
(round 8, exhaustive) 99 del vars, 19 del conss, 0 add conss, 0 chg bounds, 8 chg sides, 45 chg coeffs, 182 upgd conss, 0 impls, 187 clqs
   (0.0s) probing: 51/401 (12.7%) - 0 fixings, 0 aggregations, 0 implications, 0 bound changes
   (0.0s) probing aborted: 50/50 successive totally useless probings
   (0.0s) symmetry computation started: requiring (bin +, int +, cont +), (fixed: bin -, int -, cont -)
   (0.0s) no symmetry present (symcode time: 0.00)
presolving (9 rounds: 9 fast, 7 medium, 4 exhaustive):
 99 deleted vars, 19 deleted constraints, 0 added constraints, 0 tightened bounds, 0 added holes, 8 changed sides, 45 changed coefficients
 0 implications, 187 cliques
presolved problem has 401 variables (401 bin, 0 int, 0 impl, 0 cont) and 174 constraints
    174 constraints of type <setppc>
Presolving Time: 0.02

 time | node  | left  |LP iter|LP it/n|mem/heur|mdpt |vars |cons |rows |cuts |sepa|confs|strbr|  dualbound   | primalbound  |  gap   | compl. 
  0.1s|     1 |     0 |  1382 |     - |  5039k |   0 | 401 | 174 | 174 |   0 |  0 |   0 |   0 | 7.967497e+03 |      --      |    Inf | unknown
d 0.1s|     1 |     0 |  1382 |     - |farkasdi|   0 | 401 | 174 | 174 |   0 |  1 |   0 |   0 | 7.967497e+03 | 3.667382e+03 | 117.25%| unknown
d 0.1s|     1 |     0 |  1459 |     - |farkasdi|   0 | 401 | 174 | 174 |   0 |  1 |   0 |   0 | 7.967497e+03 | 6.197937e+03 |  28.55%| unknown
d 0.1s|     1 |     0 |  1505 |     - |farkasdi|   0 | 401 | 174 | 174 |   0 |  1 |   0 |   0 | 7.967497e+03 | 7.576427e+03 |   5.16%| unknown
  0.1s|     1 |     0 |  1505 |     - |  5169k |   0 | 401 | 174 | 174 |   0 |  1 |   0 |   0 | 7.967497e+03 | 7.576427e+03 |   5.16%| unknown
  0.2s|     1 |     2 |  1505 |     - |  5384k |   0 | 401 | 174 | 174 |   0 |  2 |   0 |  19 | 7.939966e+03 | 7.576427e+03 |   4.80%| unknown

SCIP Status        : solving was interrupted [node limit reached]
Solving Time (sec) : 0.16
Solving Nodes      : 1
Primal Bound       : +7.57642677574921e+03 (31 solutions)
Dual Bound         : +7.93996633138492e+03
Gap                : 4.80 %
