presolving:
(round 1, fast)       0 del vars, 1 del conss, 0 add conss, 0 chg bounds, 0 chg sides, 0 chg coeffs, 0 upgd conss, 0 impls, 192 clqs
(round 2, fast)       1 del vars, 1 del conss, 0 add conss, 0 chg bounds, 0 chg sides, 0 chg coeffs, 0 upgd conss, 0 impls, 192 clqs
   (0.0s) running MILP presolver
   (0.0s) MILP presolver (2 rounds): 0 aggregations, 32 fixings, 0 bound changes
(round 3, medium)     33 del vars, 1 del conss, 0 add conss, 0 chg bounds, 0 chg sides, 0 chg coeffs, 0 upgd conss, 0 impls, 192 clqs
(round 4, exhaustive) 33 del vars, 7 del conss, 0 add conss, 0 chg bounds, 6 chg sides, 0 chg coeffs, 0 upgd conss, 0 impls, 192 clqs
(round 5, exhaustive) 33 del vars, 7 del conss, 0 add conss, 0 chg bounds, 6 chg sides, 0 chg coeffs, 186 upgd conss, 0 impls, 192 clqs
(round 6, medium)     71 del vars, 7 del conss, 0 add conss, 0 chg bounds, 6 chg sides, 38 chg coeffs, 186 upgd conss, 0 impls, 192 clqs
(round 7, fast)       86 del vars, 8 del conss, 0 add conss, 0 chg bounds, 6 chg sides, 38 chg coeffs, 186 upgd conss, 0 impls, 190 clqs
(round 8, exhaustive) 86 del vars, 13 del conss, 0 add conss, 0 chg bounds, 6 chg sides, 38 chg coeffs, 186 upgd conss, 0 impls, 190 clqs
   (0.0s) probing: 51/414 (12.3%) - 0 fixings, 0 aggregations, 0 implications, 0 bound changes
   (0.0s) probing aborted: 50/50 successive totally useless probings
   (0.0s) symmetry computation started: requiring (bin +, int +, cont +), (fixed: bin -, int -, cont -)
   (0.0s) no symmetry present (symcode time: 0.00)
presolving (9 rounds: 9 fast, 6 medium, 4 exhaustive):
 86 deleted vars, 13 deleted constraints, 0 added constraints, 0 tightened bounds, 0 added holes, 6 changed sides, 38 changed coefficients
 0 implications, 190 cliques
presolved problem has 414 variables (414 bin, 0 int, 0 impl, 0 cont) and 180 constraints
    180 constraints of type <setppc>
Presolving Time: 0.02

 time | node  | left  |LP iter|LP it/n|mem/heur|mdpt |vars |cons |rows |cuts |sepa|confs|strbr|  dualbound   | primalbound  |  gap   | compl. 
  0.1s|     1 |     0 |  1411 |     - |  5313k |   0 | 414 | 180 | 180 |   0 |  0 |   0 |   0 | 7.849286e+03 |      --      |    Inf | unknown
d 0.1s|     1 |     0 |  1411 |     - |farkasdi|   0 | 414 | 180 | 180 |   0 |  1 |   0 |   0 | 7.849286e+03 | 2.973723e+03 | 163.95%| unknown
d 0.1s|     1 |     0 |  1574 |     - |farkasdi|   0 | 414 | 180 | 180 |   0 |  1 |   0 |   0 | 7.849286e+03 | 3.810065e+03 | 106.01%| unknown
d 0.1s|     1 |     0 |  1642 |     - |farkasdi|   0 | 414 | 180 | 180 |   0 |  1 |   0 |   0 | 7.849286e+03 | 4.161381e+03 |  88.62%| unknown
d 0.1s|     1 |     0 |  1694 |     - |farkasdi|   0 | 414 | 180 | 180 |   0 |  1 |   0 |   0 | 7.849286e+03 | 5.233665e+03 |  49.98%| unknown
d 0.1s|     1 |     0 |  1716 |     - |farkasdi|   0 | 414 | 180 | 180 |   0 |  1 |   0 |   0 | 7.849286e+03 | 7.004734e+03 |  12.06%| unknown
  0.1s|     1 |     0 |  1716 |     - |  5439k |   0 | 414 | 180 | 180 |   0 |  1 |   0 |   0 | 7.849286e+03 | 7.004734e+03 |  12.06%| unknown
  0.2s|     1 |     2 |  1716 |     - |  5496k |   0 | 414 | 180 | 180 |   0 |  2 |   0 |  23 | 7.776961e+03 | 7.004734e+03 |  11.02%| unknown

SCIP Status        : solving was interrupted [node limit reached]
Solving Time (sec) : 0.19
Solving Nodes      : 1
Primal Bound       : +7.00473359056652e+03 (28 solutions)
Dual Bound         : +7.77696126262075e+03
Gap                : 11.02 %
