presolving:
(round 1, fast)       0 del vars, 1 del conss, 0 add conss, 0 chg bounds, 0 chg sides, 0 chg coeffs, 0 upgd conss, 0 impls, 192 clqs
   (0.0s) running MILP presolver
   (0.0s) MILP presolver (2 rounds): 0 aggregations, 11 fixings, 0 bound changes
(round 2, medium)     11 del vars, 1 del conss, 0 add conss, 0 chg bounds, 0 chg sides, 0 chg coeffs, 0 upgd conss, 0 impls, 192 clqs
(round 3, exhaustive) 11 del vars, 4 del conss, 0 add conss, 0 chg bounds, 3 chg sides, 0 chg coeffs, 0 upgd conss, 0 impls, 192 clqs
(round 4, exhaustive) 11 del vars, 4 del conss, 0 add conss, 0 chg bounds, 3 chg sides, 0 chg coeffs, 189 upgd conss, 0 impls, 192 clqs
(round 5, medium)     40 del vars, 4 del conss, 0 add conss, 0 chg bounds, 3 chg sides, 29 chg coeffs, 189 upgd conss, 0 impls, 192 clqs
(round 6, fast)       46 del vars, 5 del conss, 0 add conss, 0 chg bounds, 3 chg sides, 29 chg coeffs, 189 upgd conss, 0 impls, 191 clqs
   (0.0s) probing: 51/454 (11.2%) - 0 fixings, 0 aggregations, 0 implications, 0 bound changes
   (0.0s) probing aborted: 50/50 successive totally useless probings
   (0.0s) symmetry computation started: requiring (bin +, int +, cont +), (fixed: bin -, int -, cont -)
   (0.0s) no symmetry present (symcode time: 0.00)
presolving (7 rounds: 7 fast, 5 medium, 3 exhaustive):
 46 deleted vars, 5 deleted constraints, 0 added constraints, 0 tightened bounds, 0 added holes, 3 changed sides, 29 changed coefficients
 0 implications, 191 cliques
presolved problem has 454 variables (454 bin, 0 int, 0 impl, 0 cont) and 188 constraints
    188 constraints of type <setppc>
Presolving Time: 0.02

 time | node  | left  |LP iter|LP it/n|mem/heur|mdpt |vars |cons |rows |cuts |sepa|confs|strbr|  dualbound   | primalbound  |  gap   | compl. 
  0.1s|     1 |     0 |  2299 |     - |  5715k |   0 | 454 | 188 | 188 |   0 |  0 |   0 |   0 | 7.315758e+03 |      --      |    Inf | unknown
d 0.1s|     1 |     0 |  2299 |     - |farkasdi|   0 | 454 | 188 | 188 |   0 |  1 |   0 |   0 | 7.315758e+03 | 1.865039e+03 | 292.26%| unknown
d 0.1s|     1 |     0 |  2589 |     - |farkasdi|   0 | 454 | 188 | 188 |   0 |  1 |   0 |   0 | 7.315758e+03 | 2.857668e+03 | 156.00%| unknown
d 0.1s|     1 |     0 |  2600 |     - |farkasdi|   0 | 454 | 188 | 188 |   0 |  1 |   0 |   0 | 7.315758e+03 | 3.720467e+03 |  96.64%| unknown
d 0.1s|     1 |     0 |  2623 |     - |farkasdi|   0 | 454 | 188 | 188 |   0 |  1 |   0 |   0 | 7.315758e+03 | 4.342809e+03 |  68.46%| unknown
d 0.1s|     1 |     0 |  2643 |     - |farkasdi|   0 | 454 | 188 | 188 |   0 |  1 |   0 |   0 | 7.315758e+03 | 4.798159e+03 |  52.47%| unknown
d 0.1s|     1 |     0 |  2645 |     - |farkasdi|   0 | 454 | 188 | 188 |   0 |  1 |   0 |   0 | 7.315758e+03 | 5.653344e+03 |  29.41%| unknown
d 0.1s|     1 |     0 |  2648 |     - |farkasdi|   0 | 454 | 188 | 188 |   0 |  1 |   0 |   0 | 7.315758e+03 | 6.560715e+03 |  11.51%| unknown
  0.1s|     1 |     0 |  2648 |     - |  5884k |   0 | 454 | 188 | 188 |   0 |  1 |   0 |   0 | 7.315758e+03 | 6.560715e+03 |  11.51%| unknown
  0.3s|     1 |     2 |  2648 |     - |  5959k |   0 | 454 | 188 | 188 |   0 |  2 |   0 |  19 | 7.271172e+03 | 6.560715e+03 |  10.83%| unknown

SCIP Status        : solving was interrupted [node limit reached]
Solving Time (sec) : 0.25
Solving Nodes      : 1
Primal Bound       : +6.56071476448347e+03 (26 solutions)
Dual Bound         : +7.27117179010371e+03
Gap                : 10.83 %
