presolving:
   (0.0s) running MILP presolver
   (0.0s) MILP presolver (2 rounds): 0 aggregations, 14 fixings, 0 bound changes
(round 1, medium)     14 del vars, 0 del conss, 0 add conss, 0 chg bounds, 0 chg sides, 0 chg coeffs, 0 upgd conss, 0 impls, 194 clqs
(round 2, exhaustive) 14 del vars, 1 del conss, 0 add conss, 0 chg bounds, 1 chg sides, 0 chg coeffs, 0 upgd conss, 0 impls, 194 clqs
(round 3, exhaustive) 14 del vars, 1 del conss, 0 add conss, 0 chg bounds, 1 chg sides, 0 chg coeffs, 193 upgd conss, 0 impls, 194 clqs
(round 4, medium)     51 del vars, 1 del conss, 0 add conss, 0 chg bounds, 1 chg sides, 37 chg coeffs, 193 upgd conss, 0 impls, 194 clqs
(round 5, fast)       73 del vars, 3 del conss, 0 add conss, 0 chg bounds, 1 chg sides, 37 chg coeffs, 193 upgd conss, 0 impls, 192 clqs
(round 6, exhaustive) 73 del vars, 8 del conss, 0 add conss, 0 chg bounds, 1 chg sides, 37 chg coeffs, 193 upgd conss, 0 impls, 192 clqs
(round 7, exhaustive) 74 del vars, 8 del conss, 0 add conss, 0 chg bounds, 1 chg sides, 37 chg coeffs, 193 upgd conss, 0 impls, 191 clqs
   (0.0s) probing: 51/426 (12.0%) - 0 fixings, 0 aggregations, 0 implications, 0 bound changes
   (0.0s) probing aborted: 50/50 successive totally useless probings
   (0.0s) symmetry computation started: requiring (bin +, int +, cont +), (fixed: bin -, int -, cont -)
   (0.0s) no symmetry present (symcode time: 0.00)
presolving (8 rounds: 8 fast, 7 medium, 5 exhaustive):
 74 deleted vars, 8 deleted constraints, 0 added constraints, 0 tightened bounds, 0 added holes, 1 changed sides, 37 changed coefficients
 0 implications, 191 cliques
presolved problem has 426 variables (426 bin, 0 int, 0 impl, 0 cont) and 186 constraints
    186 constraints of type <setppc>
Presolving Time: 0.02

 time | node  | left  |LP iter|LP it/n|mem/heur|mdpt |vars |cons |rows |cuts |sepa|confs|strbr|  dualbound   | primalbound  |  gap   | compl. 
  0.1s|     1 |     0 |  1557 |     - |  5330k |   0 | 426 | 186 | 186 |   0 |  0 |   0 |   0 | 7.316036e+03 |      --      |    Inf | unknown
d 0.1s|     1 |     0 |  1557 |     - |farkasdi|   0 | 426 | 186 | 186 |   0 |  1 |   0 |   0 | 7.316036e+03 | 2.901591e+03 | 152.14%| unknown
d 0.1s|     1 |     0 |  1731 |     - |farkasdi|   0 | 426 | 186 | 186 |   0 |  1 |   0 |   0 | 7.316036e+03 | 3.630486e+03 | 101.52%| unknown
d 0.1s|     1 |     0 |  1812 |     - |farkasdi|   0 | 426 | 186 | 186 |   0 |  1 |   0 |   0 | 7.316036e+03 | 4.180018e+03 |  75.02%| unknown
d 0.1s|     1 |     0 |  1826 |     - |farkasdi|   0 | 426 | 186 | 186 |   0 |  1 |   0 |   0 | 7.316036e+03 | 5.944687e+03 |  23.07%| unknown
d 0.1s|     1 |     0 |  1838 |     - |farkasdi|   0 | 426 | 186 | 186 |   0 |  1 |   0 |   0 | 7.316036e+03 | 6.342311e+03 |  15.35%| unknown
d 0.1s|     1 |     0 |  1843 |     - |farkasdi|   0 | 426 | 186 | 186 |   0 |  1 |   0 |   0 | 7.316036e+03 | 6.713831e+03 |   8.97%| unknown
  0.1s|     1 |     0 |  1843 |     - |  5441k |   0 | 426 | 186 | 186 |   0 |  1 |   0 |   0 | 7.316036e+03 | 6.713831e+03 |   8.97%| unknown
  0.2s|     1 |     2 |  1843 |     - |  5556k |   0 | 426 | 186 | 186 |   0 |  2 |   0 |  19 | 7.295012e+03 | 6.713831e+03 |   8.66%| unknown

SCIP Status        : solving was interrupted [node limit reached]
Solving Time (sec) : 0.15
Solving Nodes      : 1
Primal Bound       : +6.71383056781293e+03 (25 solutions)
Dual Bound         : +7.29501189891071e+03
Gap                : 8.66 %
