presolving:
   (0.0s) running MILP presolver
   (0.0s) MILP presolver (2 rounds): 0 aggregations, 22 fixings, 0 bound changes
(round 1, medium)     22 del vars, 0 del conss, 0 add conss, 0 chg bounds, 0 chg sides, 0 chg coeffs, 0 upgd conss, 0 impls, 189 clqs
(round 2, fast)       22 del vars, 2 del conss, 0 add conss, 0 chg bounds, 0 chg sides, 0 chg coeffs, 0 upgd conss, 0 impls, 189 clqs
(round 3, exhaustive) 22 del vars, 4 del conss, 0 add conss, 0 chg bounds, 2 chg sides, 0 chg coeffs, 0 upgd conss, 0 impls, 189 clqs
(round 4, exhaustive) 22 del vars, 4 del conss, 0 add conss, 0 chg bounds, 2 chg sides, 0 chg coeffs, 187 upgd conss, 0 impls, 189 clqs
(round 5, medium)     54 del vars, 4 del conss, 0 add conss, 0 chg bounds, 2 chg sides, 32 chg coeffs, 187 upgd conss, 0 impls, 189 clqs
(round 6, fast)       68 del vars, 6 del conss, 0 add conss, 0 chg bounds, 2 chg sides, 32 chg coeffs, 187 upgd conss, 0 impls, 186 clqs
(round 7, exhaustive) 68 del vars, 9 del conss, 0 add conss, 0 chg bounds, 2 chg sides, 32 chg coeffs, 187 upgd conss, 0 impls, 186 clqs
   (0.0s) probing: 51/432 (11.8%) - 0 fixings, 0 aggregations, 0 implications, 0 bound changes
   (0.0s) probing aborted: 50/50 successive totally useless probings
   (0.0s) symmetry computation started: requiring (bin +, int +, cont +), (fixed: bin -, int -, cont -)
   (0.0s) no symmetry present (symcode time: 0.00)
presolving (8 rounds: 8 fast, 6 medium, 4 exhaustive):
 68 deleted vars, 9 deleted constraints, 0 added constraints, 0 tightened bounds, 0 added holes, 2 changed sides, 32 changed coefficients
 0 implications, 186 cliques
presolved problem has 432 variables (432 bin, 0 int, 0 impl, 0 cont) and 182 constraints
    182 constraints of type <setppc>
Presolving Time: 0.03

 time | node  | left  |LP iter|LP it/n|mem/heur|mdpt |vars |cons |rows |cuts |sepa|confs|strbr|  dualbound   | primalbound  |  gap   | compl. 
  0.1s|     1 |     0 |  1064 |     - |  5579k |   0 | 432 | 182 | 182 |   0 |  0 |   0 |   0 | 6.919147e+03 |      --      |    Inf | unknown
d 0.1s|     1 |     0 |  1064 |     - |farkasdi|   0 | 432 | 182 | 182 |   0 |  1 |   0 |   0 | 6.919147e+03 | 2.852906e+03 | 142.53%| unknown
d 0.1s|     1 |     0 |  1171 |     - |farkasdi|   0 | 432 | 182 | 182 |   0 |  1 |   0 |   0 | 6.919147e+03 | 3.319198e+03 | 108.46%| unknown
d 0.1s|     1 |     0 |  1228 |     - |farkasdi|   0 | 432 | 182 | 182 |   0 |  1 |   0 |   0 | 6.919147e+03 | 4.374864e+03 |  58.16%| unknown
d 0.1s|     1 |     0 |  1242 |     - |farkasdi|   0 | 432 | 182 | 182 |   0 |  1 |   0 |   0 | 6.919147e+03 | 5.050609e+03 |  37.00%| unknown
d 0.1s|     1 |     0 |  1246 |     - |farkasdi|   0 | 432 | 182 | 182 |   0 |  1 |   0 |   0 | 6.919147e+03 | 5.429188e+03 |  27.44%| unknown
d 0.1s|     1 |     0 |  1247 |     - |farkasdi|   0 | 432 | 182 | 182 |   0 |  1 |   0 |   0 | 6.919147e+03 | 6.323913e+03 |   9.41%| unknown
  0.1s|     1 |     0 |  1247 |     - |  5707k |   0 | 432 | 182 | 182 |   0 |  1 |   0 |   0 | 6.919147e+03 | 6.323913e+03 |   9.41%| unknown
  0.3s|     1 |     2 |  1247 |     - |  5911k |   0 | 432 | 182 | 182 |   0 |  2 |   0 |  22 | 6.867599e+03 | 6.323913e+03 |   8.60%| unknown

SCIP Status        : solving was interrupted [node limit reached]
Solving Time (sec) : 0.31
Solving Nodes      : 1
Primal Bound       : +6.32391277469856e+03 (31 solutions)
Dual Bound         : +6.86759867988193e+03
Gap                : 8.60 %
