presolving:
(round 1, fast)       0 del vars, 1 del conss, 0 add conss, 0 chg bounds, 0 chg sides, 0 chg coeffs, 0 upgd conss, 0 impls, 192 clqs
   (0.0s) running MILP presolver
   (0.0s) MILP presolver (2 rounds): 0 aggregations, 14 fixings, 0 bound changes
(round 2, medium)     14 del vars, 1 del conss, 0 add conss, 0 chg bounds, 0 chg sides, 0 chg coeffs, 0 upgd conss, 0 impls, 192 clqs
(round 3, exhaustive) 14 del vars, 3 del conss, 0 add conss, 0 chg bounds, 2 chg sides, 0 chg coeffs, 0 upgd conss, 0 impls, 192 clqs
(round 4, exhaustive) 14 del vars, 3 del conss, 0 add conss, 0 chg bounds, 2 chg sides, 0 chg coeffs, 190 upgd conss, 0 impls, 192 clqs
(round 5, medium)     56 del vars, 3 del conss, 0 add conss, 0 chg bounds, 2 chg sides, 42 chg coeffs, 190 upgd conss, 0 impls, 192 clqs
(round 6, fast)       73 del vars, 6 del conss, 0 add conss, 0 chg bounds, 2 chg sides, 42 chg coeffs, 190 upgd conss, 0 impls, 189 clqs
(round 7, fast)       75 del vars, 6 del conss, 0 add conss, 0 chg bounds, 2 chg sides, 42 chg coeffs, 190 upgd conss, 0 impls, 189 clqs
(round 8, medium)     76 del vars, 6 del conss, 0 add conss, 0 chg bounds, 2 chg sides, 43 chg coeffs, 190 upgd conss, 0 impls, 189 clqs
(round 9, exhaustive) 76 del vars, 12 del conss, 0 add conss, 0 chg bounds, 2 chg sides, 43 chg coeffs, 190 upgd conss, 0 impls, 189 clqs
   (0.0s) probing: 51/424 (12.0%) - 0 fixings, 0 aggregations, 0 implications, 0 bound changes
   (0.0s) probing aborted: 50/50 successive totally useless probings
   (0.0s) symmetry computation started: requiring (bin +, int +, cont +), (fixed: bin -, int -, cont -)
   (0.0s) no symmetry present (symcode time: 0.00)
presolving (10 rounds: 10 fast, 7 medium, 4 exhaustive):
 76 deleted vars, 12 deleted constraints, 0 added constraints, 0 tightened bounds, 0 added holes, 2 changed sides, 43 changed coefficients
 0 implications, 189 cliques
presolved problem has 424 variables (424 bin, 0 int, 0 impl, 0 cont) and 181 constraints
    181 constraints of type <setppc>
Presolving Time: 0.04

 time | node  | left  |LP iter|LP it/n|mem/heur|mdpt |vars |cons |rows |cuts |sepa|confs|strbr|  dualbound   | primalbound  |  gap   | compl. 
  0.1s|     1 |     0 |  1324 |     - |  5246k |   0 | 424 | 181 | 181 |   0 |  0 |   0 |   0 | 7.667994e+03 |      --      |    Inf | unknown
d 0.1s|     1 |     0 |  1324 |     - |farkasdi|   0 | 424 | 181 | 181 |   0 |  1 |   0 |   0 | 7.667994e+03 | 3.219660e+03 | 138.16%| unknown
d 0.1s|     1 |     0 |  1424 |     - |farkasdi|   0 | 424 | 181 | 181 |   0 |  1 |   0 |   0 | 7.667994e+03 | 5.136879e+03 |  49.27%| unknown
d 0.1s|     1 |     0 |  1456 |     - |farkasdi|   0 | 424 | 181 | 181 |   0 |  1 |   0 |   0 | 7.667994e+03 | 5.470375e+03 |  40.17%| unknown
d 0.1s|     1 |     0 |  1457 |     - |farkasdi|   0 | 424 | 181 | 181 |   0 |  1 |   0 |   0 | 7.667994e+03 | 6.578564e+03 |  16.56%| unknown
d 0.1s|     1 |     0 |  1459 |     - |farkasdi|   0 | 424 | 181 | 181 |   0 |  1 |   0 |   0 | 7.667994e+03 | 7.218926e+03 |   6.22%| unknown
  0.1s|     1 |     0 |  1459 |     - |  5378k |   0 | 424 | 181 | 181 |   0 |  1 |   0 |   0 | 7.667994e+03 | 7.218926e+03 |   6.22%| unknown
  0.2s|     1 |     2 |  1459 |     - |  5462k |   0 | 424 | 181 | 181 |   0 |  2 |   0 |  19 | 7.647944e+03 | 7.218926e+03 |   5.94%| unknown

SCIP Status        : solving was interrupted [node limit reached]
Solving Time (sec) : 0.19
Solving Nodes      : 1
Primal Bound       : +7.21892554675584e+03 (24 solutions)
Dual Bound         : +7.64794425459089e+03
Gap                : 5.94 %
