presolving:
(round 1, fast)       1 del vars, 3 del conss, 0 add conss, 0 chg bounds, 0 chg sides, 0 chg coeffs, 0 upgd conss, 0 impls, 189 clqs
   (0.0s) running MILP presolver
   (0.0s) MILP presolver (2 rounds): 0 aggregations, 16 fixings, 0 bound changes
(round 2, medium)     17 del vars, 3 del conss, 0 add conss, 0 chg bounds, 0 chg sides, 0 chg coeffs, 0 upgd conss, 0 impls, 189 clqs
(round 3, exhaustive) 17 del vars, 7 del conss, 0 add conss, 0 chg bounds, 4 chg sides, 0 chg coeffs, 0 upgd conss, 0 impls, 189 clqs
(round 4, exhaustive) 17 del vars, 7 del conss, 0 add conss, 0 chg bounds, 4 chg sides, 0 chg coeffs, 185 upgd conss, 0 impls, 189 clqs
(round 5, medium)     51 del vars, 7 del conss, 0 add conss, 0 chg bounds, 4 chg sides, 34 chg coeffs, 185 upgd conss, 0 impls, 189 clqs
(round 6, fast)       65 del vars, 7 del conss, 0 add conss, 0 chg bounds, 4 chg sides, 34 chg coeffs, 185 upgd conss, 0 impls, 189 clqs
(round 7, exhaustive) 65 del vars, 10 del conss, 0 add conss, 0 chg bounds, 4 chg sides, 34 chg coeffs, 185 upgd conss, 0 impls, 189 clqs
(round 8, exhaustive) 66 del vars, 10 del conss, 0 add conss, 0 chg bounds, 4 chg sides, 34 chg coeffs, 185 upgd conss, 0 impls, 188 clqs
   (0.0s) probing: 51/434 (11.8%) - 0 fixings, 0 aggregations, 0 implications, 0 bound changes
   (0.0s) probing aborted: 50/50 successive totally useless probings
   (0.0s) symmetry computation started: requiring (bin +, int +, cont +), (fixed: bin -, int -, cont -)
   (0.0s) no symmetry present (symcode time: 0.00)
presolving (9 rounds: 9 fast, 7 medium, 5 exhaustive):
 66 deleted vars, 10 deleted constraints, 0 added constraints, 0 tightened bounds, 0 added holes, 4 changed sides, 34 changed coefficients
 0 implications, 188 cliques
presolved problem has 434 variables (434 bin, 0 int, 0 impl, 0 cont) and 182 constraints
    182 constraints of type <setppc>
Presolving Time: 0.02

 time | node  | left  |LP iter|LP it/n|mem/heur|mdpt |vars |cons |rows |cuts |sepa|confs|strbr|  dualbound   | primalbound  |  gap   | compl. 
  0.1s|     1 |     0 |  1911 |     - |  5447k |   0 | 434 | 182 | 182 |   0 |  0 |   0 |   0 | 7.632198e+03 |      --      |    Inf | unknown
d 0.1s|     1 |     0 |  1911 |     - |farkasdi|   0 | 434 | 182 | 182 |   0 |  1 |   0 |   0 | 7.632198e+03 | 2.725380e+03 | 180.04%| unknown
d 0.1s|     1 |     0 |  2027 |     - |farkasdi|   0 | 434 | 182 | 182 |   0 |  1 |   0 |   0 | 7.632198e+03 | 3.633048e+03 | 110.08%| unknown
d 0.1s|     1 |     0 |  2085 |     - |farkasdi|   0 | 434 | 182 | 182 |   0 |  1 |   0 |   0 | 7.632198e+03 | 4.428838e+03 |  72.33%| unknown
d 0.1s|     1 |     0 |  2104 |     - |farkasdi|   0 | 434 | 182 | 182 |   0 |  1 |   0 |   0 | 7.632198e+03 | 6.895412e+03 |  10.69%| unknown
  0.1s|     1 |     0 |  2104 |     - |  5556k |   0 | 434 | 182 | 182 |   0 |  1 |   0 |   0 | 7.632198e+03 | 6.895412e+03 |  10.69%| unknown
  0.2s|     1 |     2 |  2104 |     - |  5771k |   0 | 434 | 182 | 182 |   0 |  2 |   0 |  32 | 7.567624e+03 | 6.895412e+03 |   9.75%| unknown

SCIP Status        : solving was interrupted [node limit reached]
Solving Time (sec) : 0.24
Solving Nodes      : 1
Primal Bound       : +6.89541245546057e+03 (39 solutions)
Dual Bound         : +7.56762413719084e+03
Gap                : 9.75 %
