presolving:
(round 1, fast)       0 del vars, 2 del conss, 0 add conss, 0 chg bounds, 0 chg sides, 0 chg coeffs, 0 upgd conss, 0 impls, 191 clqs
(round 2, fast)       1 del vars, 2 del conss, 0 add conss, 0 chg bounds, 0 chg sides, 0 chg coeffs, 0 upgd conss, 0 impls, 191 clqs
   (0.0s) running MILP presolver
   (0.0s) MILP presolver (2 rounds): 0 aggregations, 17 fixings, 0 bound changes
(round 3, medium)     18 del vars, 2 del conss, 0 add conss, 0 chg bounds, 0 chg sides, 0 chg coeffs, 0 upgd conss, 0 impls, 190 clqs
(round 4, fast)       18 del vars, 3 del conss, 0 add conss, 0 chg bounds, 0 chg sides, 0 chg coeffs, 0 upgd conss, 0 impls, 190 clqs
(round 5, exhaustive) 18 del vars, 9 del conss, 0 add conss, 0 chg bounds, 6 chg sides, 0 chg coeffs, 0 upgd conss, 0 impls, 190 clqs
(round 6, exhaustive) 18 del vars, 9 del conss, 0 add conss, 0 chg bounds, 6 chg sides, 0 chg coeffs, 184 upgd conss, 0 impls, 190 clqs
(round 7, medium)     60 del vars, 9 del conss, 0 add conss, 0 chg bounds, 6 chg sides, 42 chg coeffs, 184 upgd conss, 0 impls, 190 clqs
(round 8, fast)       79 del vars, 9 del conss, 0 add conss, 0 chg bounds, 6 chg sides, 42 chg coeffs, 184 upgd conss, 0 impls, 190 clqs
(round 9, exhaustive) 79 del vars, 13 del conss, 0 add conss, 0 chg bounds, 6 chg sides, 42 chg coeffs, 184 upgd conss, 0 impls, 190 clqs
   (0.0s) probing: 51/421 (12.1%) - 0 fixings, 0 aggregations, 0 implications, 0 bound changes
   (0.0s) probing aborted: 50/50 successive totally useless probings
   (0.0s) symmetry computation started: requiring (bin +, int +, cont +), (fixed: bin -, int -, cont -)
   (0.0s) no symmetry present (symcode time: 0.00)
presolving (10 rounds: 10 fast, 6 medium, 4 exhaustive):
 79 deleted vars, 13 deleted constraints, 0 added constraints, 0 tightened bounds, 0 added holes, 6 changed sides, 42 changed coefficients
 0 implications, 190 cliques
presolved problem has 421 variables (421 bin, 0 int, 0 impl, 0 cont) and 180 constraints
    180 constraints of type <setppc>
Presolving Time: 0.02

 time | node  | left  |LP iter|LP it/n|mem/heur|mdpt |vars |cons |rows |cuts |sepa|confs|strbr|  dualbound   | primalbound  |  gap   | compl. 
  0.1s|     1 |     0 |  1224 |     - |  5069k |   0 | 421 | 180 | 180 |   0 |  0 |   0 |   0 | 7.098844e+03 |      --      |    Inf | unknown
d 0.1s|     1 |     0 |  1224 |     - |farkasdi|   0 | 421 | 180 | 180 |   0 |  1 |   0 |   0 | 7.098844e+03 | 3.058204e+03 | 132.12%| unknown
d 0.1s|     1 |     0 |  1245 |     - |farkasdi|   0 | 421 | 180 | 180 |   0 |  1 |   0 |   0 | 7.098844e+03 | 4.098408e+03 |  73.21%| unknown
d 0.1s|     1 |     0 |  1265 |     - |farkasdi|   0 | 421 | 180 | 180 |   0 |  1 |   0 |   0 | 7.098844e+03 | 4.714068e+03 |  50.59%| unknown
d 0.1s|     1 |     0 |  1281 |     - |farkasdi|   0 | 421 | 180 | 180 |   0 |  1 |   0 |   0 | 7.098844e+03 | 7.006580e+03 |   1.32%| unknown
  0.1s|     1 |     0 |  1281 |     - |  5171k |   0 | 421 | 180 | 180 |   0 |  1 |   0 |   0 | 7.098844e+03 | 7.006580e+03 |   1.32%| unknown
  0.1s|     1 |     0 |  1281 |     - |  5171k |   0 | 421 | 180 | 161 |   0 |  1 |   0 |   0 | 7.098844e+03 | 7.006580e+03 |   1.32%| unknown

SCIP Status        : solving was interrupted [node limit reached]
Solving Time (sec) : 0.07
Solving Nodes      : 1
Primal Bound       : +7.00657964314418e+03 (4 solutions)
Dual Bound         : +7.09884402997228e+03
Gap                : 1.32 %
