presolving:
   (0.0s) running MILP presolver
   (0.0s) MILP presolver (2 rounds): 0 aggregations, 14 fixings, 0 bound changes
(round 1, medium)     14 del vars, 0 del conss, 0 add conss, 0 chg bounds, 0 chg sides, 0 chg coeffs, 0 upgd conss, 0 impls, 193 clqs
(round 2, exhaustive) 14 del vars, 6 del conss, 0 add conss, 0 chg bounds, 6 chg sides, 0 chg coeffs, 0 upgd conss, 0 impls, 193 clqs
(round 3, exhaustive) 14 del vars, 6 del conss, 0 add conss, 0 chg bounds, 6 chg sides, 0 chg coeffs, 187 upgd conss, 0 impls, 193 clqs
(round 4, medium)     51 del vars, 6 del conss, 0 add conss, 0 chg bounds, 6 chg sides, 37 chg coeffs, 187 upgd conss, 0 impls, 193 clqs
(round 5, fast)       77 del vars, 7 del conss, 0 add conss, 0 chg bounds, 6 chg sides, 37 chg coeffs, 187 upgd conss, 0 impls, 192 clqs
(round 6, exhaustive) 77 del vars, 13 del conss, 0 add conss, 0 chg bounds, 6 chg sides, 37 chg coeffs, 187 upgd conss, 0 impls, 192 clqs
   (0.0s) probing: 51/423 (12.1%) - 0 fixings, 0 aggregations, 0 implications, 0 bound changes
   (0.0s) probing aborted: 50/50 successive totally useless probings
   (0.0s) symmetry computation started: requiring (bin +, int +, cont +), (fixed: bin -, int -, cont -)
   (0.0s) no symmetry present (symcode time: 0.00)
presolving (7 rounds: 7 fast, 6 medium, 4 exhaustive):
 77 deleted vars, 13 deleted constraints, 0 added constraints, 0 tightened bounds, 0 added holes, 6 changed sides, 37 changed coefficients
 0 implications, 192 cliques
presolved problem has 423 variables (423 bin, 0 int, 0 impl, 0 cont) and 180 constraints
    180 constraints of type <setppc>
Presolving Time: 0.03

 time | node  | left  |LP iter|LP it/n|mem/heur|mdpt |vars |cons |rows |cuts |sepa|confs|strbr|  dualbound   | primalbound  |  gap   | compl. 
  0.1s|     1 |     0 |  1456 |     - |  5264k |   0 | 423 | 180 | 180 |   0 |  0 |   0 |   0 | 7.288104e+03 |      --      |    Inf | unknown
d 0.1s|     1 |     0 |  1456 |     - |farkasdi|   0 | 423 | 180 | 180 |   0 |  1 |   0 |   0 | 7.288104e+03 | 2.665747e+03 | 173.40%| unknown
d 0.1s|     1 |     0 |  1542 |     - |farkasdi|   0 | 423 | 180 | 180 |   0 |  1 |   0 |   0 | 7.288104e+03 | 3.513982e+03 | 107.40%| unknown
d 0.1s|     1 |     0 |  1562 |     - |farkasdi|   0 | 423 | 180 | 180 |   0 |  1 |   0 |   0 | 7.288104e+03 | 5.523844e+03 |  31.94%| unknown
d 0.2s|     1 |     0 |  1579 |     - |farkasdi|   0 | 423 | 180 | 180 |   0 |  1 |   0 |   0 | 7.288104e+03 | 6.825482e+03 |   6.78%| unknown
  0.2s|     1 |     0 |  1579 |     - |  5394k |   0 | 423 | 180 | 180 |   0 |  1 |   0 |   0 | 7.288104e+03 | 6.825482e+03 |   6.78%| unknown
  0.5s|     1 |     2 |  1579 |     - |  5579k |   0 | 423 | 180 | 180 |   0 |  2 |   0 |  43 | 7.262674e+03 | 6.825482e+03 |   6.41%| unknown

SCIP Status        : solving was interrupted [node limit reached]
Solving Time (sec) : 0.50
Solving Nodes      : 1
Primal Bound       : +6.82548183679196e+03 (50 solutions)
Dual Bound         : +7.26267433241478e+03
Gap                : 6.41 %
