presolving:
(round 1, fast)       0 del vars, 2 del conss, 0 add conss, 0 chg bounds, 0 chg sides, 0 chg coeffs, 0 upgd conss, 0 impls, 190 clqs
(round 2, fast)       1 del vars, 2 del conss, 0 add conss, 0 chg bounds, 0 chg sides, 0 chg coeffs, 0 upgd conss, 0 impls, 190 clqs
   (0.0s) running MILP presolver
   (0.0s) MILP presolver (2 rounds): 0 aggregations, 27 fixings, 0 bound changes
(round 3, medium)     28 del vars, 2 del conss, 0 add conss, 0 chg bounds, 0 chg sides, 0 chg coeffs, 0 upgd conss, 0 impls, 189 clqs
(round 4, fast)       28 del vars, 3 del conss, 0 add conss, 0 chg bounds, 0 chg sides, 0 chg coeffs, 0 upgd conss, 0 impls, 189 clqs
(round 5, exhaustive) 28 del vars, 7 del conss, 0 add conss, 0 chg bounds, 4 chg sides, 0 chg coeffs, 0 upgd conss, 0 impls, 189 clqs
(round 6, exhaustive) 28 del vars, 7 del conss, 0 add conss, 0 chg bounds, 4 chg sides, 0 chg coeffs, 185 upgd conss, 0 impls, 189 clqs
(round 7, medium)     62 del vars, 7 del conss, 0 add conss, 0 chg bounds, 4 chg sides, 34 chg coeffs, 185 upgd conss, 0 impls, 189 clqs
(round 8, fast)       78 del vars, 8 del conss, 0 add conss, 0 chg bounds, 4 chg sides, 34 chg coeffs, 185 upgd conss, 0 impls, 188 clqs
(round 9, exhaustive) 78 del vars, 9 del conss, 0 add conss, 0 chg bounds, 4 chg sides, 34 chg coeffs, 185 upgd conss, 0 impls, 188 clqs
   (0.0s) probing: 51/422 (12.1%) - 0 fixings, 0 aggregations, 0 implications, 0 bound changes
   (0.0s) probing aborted: 50/50 successive totally useless probings
   (0.0s) symmetry computation started: requiring (bin +, int +, cont +), (fixed: bin -, int -, cont -)
   (0.0s) no symmetry present (symcode time: 0.00)
presolving (10 rounds: 10 fast, 6 medium, 4 exhaustive):
 78 deleted vars, 9 deleted constraints, 0 added constraints, 0 tightened bounds, 0 added holes, 4 changed sides, 34 changed coefficients
 0 implications, 188 cliques
presolved problem has 422 variables (422 bin, 0 int, 0 impl, 0 cont) and 183 constraints
    183 constraints of type <setppc>
Presolving Time: 0.02

 time | node  | left  |LP iter|LP it/n|mem/heur|mdpt |vars |cons |rows |cuts |sepa|confs|strbr|  dualbound   | primalbound  |  gap   | compl. 
  0.1s|     1 |     0 |  1008 |     - |  5265k |   0 | 422 | 183 | 183 |   0 |  0 |   0 |   0 | 7.172328e+03 |      --      |    Inf | unknown
d 0.1s|     1 |     0 |  1008 |     - |farkasdi|   0 | 422 | 183 | 183 |   0 |  1 |   0 |   0 | 7.172328e+03 | 2.708946e+03 | 164.76%| unknown
d 0.1s|     1 |     0 |  1189 |     - |farkasdi|   0 | 422 | 183 | 183 |   0 |  1 |   0 |   0 | 7.172328e+03 | 3.257145e+03 | 120.20%| unknown
d 0.1s|     1 |     0 |  1272 |     - |farkasdi|   0 | 422 | 183 | 183 |   0 |  1 |   0 |   0 | 7.172328e+03 | 4.447636e+03 |  61.26%| unknown
d 0.1s|     1 |     0 |  1302 |     - |farkasdi|   0 | 422 | 183 | 183 |   0 |  1 |   0 |   0 | 7.172328e+03 | 5.162982e+03 |  38.92%| unknown
d 0.1s|     1 |     0 |  1308 |     - |farkasdi|   0 | 422 | 183 | 183 |   0 |  1 |   0 |   0 | 7.172328e+03 | 6.618156e+03 |   8.37%| unknown
  0.1s|     1 |     0 |  1308 |     - |  5359k |   0 | 422 | 183 | 183 |   0 |  1 |   0 |   0 | 7.172328e+03 | 6.618156e+03 |   8.37%| unknown
  0.2s|     1 |     2 |  1308 |     - |  5452k |   0 | 422 | 183 | 183 |   0 |  2 |   0 |  19 | 7.131672e+03 | 6.618156e+03 |   7.76%| unknown

SCIP Status        : solving was interrupted [node limit reached]
Solving Time (sec) : 0.20
Solving Nodes      : 1
Primal Bound       : +6.61815566940763e+03 (26 solutions)
Dual Bound         : +7.13167191515126e+03
Gap                : 7.76 %
