presolving:
   (0.0s) running MILP presolver
   (0.0s) MILP presolver (2 rounds): 0 aggregations, 24 fixings, 0 bound changes
(round 1, medium)     24 del vars, 0 del conss, 0 add conss, 0 chg bounds, 0 chg sides, 0 chg coeffs, 0 upgd conss, 0 impls, 190 clqs
(round 2, fast)       24 del vars, 1 del conss, 0 add conss, 0 chg bounds, 0 chg sides, 0 chg coeffs, 0 upgd conss, 0 impls, 190 clqs
(round 3, exhaustive) 24 del vars, 3 del conss, 0 add conss, 0 chg bounds, 2 chg sides, 0 chg coeffs, 0 upgd conss, 0 impls, 190 clqs
(round 4, exhaustive) 24 del vars, 3 del conss, 0 add conss, 0 chg bounds, 2 chg sides, 0 chg coeffs, 188 upgd conss, 0 impls, 190 clqs
(round 5, medium)     62 del vars, 3 del conss, 0 add conss, 0 chg bounds, 2 chg sides, 38 chg coeffs, 188 upgd conss, 0 impls, 190 clqs
(round 6, fast)       83 del vars, 3 del conss, 0 add conss, 0 chg bounds, 2 chg sides, 38 chg coeffs, 188 upgd conss, 0 impls, 190 clqs
(round 7, exhaustive) 83 del vars, 6 del conss, 0 add conss, 0 chg bounds, 2 chg sides, 38 chg coeffs, 188 upgd conss, 0 impls, 190 clqs
   (0.0s) probing: 51/417 (12.2%) - 0 fixings, 0 aggregations, 0 implications, 0 bound changes
   (0.0s) probing aborted: 50/50 successive totally useless probings
   (0.0s) symmetry computation started: requiring (bin +, int +, cont +), (fixed: bin -, int -, cont -)
   (0.0s) no symmetry present (symcode time: 0.00)
presolving (8 rounds: 8 fast, 6 medium, 4 exhaustive):
 83 deleted vars, 6 deleted constraints, 0 added constraints, 0 tightened bounds, 0 added holes, 2 changed sides, 38 changed coefficients
 0 implications, 190 cliques
presolved problem has 417 variables (417 bin, 0 int, 0 impl, 0 cont) and 185 constraints
    185 constraints of type <setppc>
Presolving Time: 0.01

 time | node  | left  |LP iter|LP it/n|mem/heur|mdpt |vars |cons |rows |cuts |sepa|confs|strbr|  dualbound   | primalbound  |  gap   | compl. 
  0.1s|     1 |     0 |  2537 |     - |  5422k |   0 | 417 | 185 | 185 |   0 |  0 |   0 |   0 | 7.892517e+03 |      --      |    Inf | unknown
d 0.1s|     1 |     0 |  2537 |     - |farkasdi|   0 | 417 | 185 | 185 |   0 |  1 |   0 |   0 | 7.892517e+03 | 2.819583e+03 | 179.92%| unknown
d 0.1s|     1 |     0 |  2650 |     - |farkasdi|   0 | 417 | 185 | 185 |   0 |  1 |   0 |   0 | 7.892517e+03 | 3.974456e+03 |  98.58%| unknown
d 0.1s|     1 |     0 |  2684 |     - |farkasdi|   0 | 417 | 185 | 185 |   0 |  1 |   0 |   0 | 7.892517e+03 | 4.756139e+03 |  65.94%| unknown
d 0.1s|     1 |     0 |  2691 |     - |farkasdi|   0 | 417 | 185 | 185 |   0 |  1 |   0 |   0 | 7.892517e+03 | 7.420329e+03 |   6.36%| unknown
  0.1s|     1 |     0 |  2691 |     - |  5550k |   0 | 417 | 185 | 185 |   0 |  1 |   0 |   0 | 7.892517e+03 | 7.420329e+03 |   6.36%| unknown
  0.1s|     1 |     0 |  2691 |     - |  5550k |   0 | 417 | 185 | 185 |   0 |  1 |   0 |   0 | 7.892517e+03 | 7.420329e+03 |   6.36%| unknown
  0.2s|     1 |     2 |  2691 |     - |  5656k |   0 | 417 | 185 | 185 |   0 |  2 |   0 |  19 | 7.860285e+03 | 7.420329e+03 |   5.93%| unknown

SCIP Status        : solving was interrupted [node limit reached]
Solving Time (sec) : 0.21
Solving Nodes      : 1
Primal Bound       : +7.42032894992062e+03 (25 solutions)
Dual Bound         : +7.86028474050835e+03
Gap                : 5.93 %
