presolving:
   (0.0s) running MILP presolver
   (0.0s) MILP presolver (2 rounds): 0 aggregations, 9 fixings, 0 bound changes
(round 1, medium)     9 del vars, 0 del conss, 0 add conss, 0 chg bounds, 0 chg sides, 0 chg coeffs, 0 upgd conss, 0 impls, 192 clqs
(round 2, exhaustive) 9 del vars, 5 del conss, 0 add conss, 0 chg bounds, 5 chg sides, 0 chg coeffs, 0 upgd conss, 0 impls, 192 clqs
(round 3, exhaustive) 9 del vars, 5 del conss, 0 add conss, 0 chg bounds, 5 chg sides, 0 chg coeffs, 187 upgd conss, 0 impls, 192 clqs
(round 4, medium)     41 del vars, 5 del conss, 0 add conss, 0 chg bounds, 5 chg sides, 32 chg coeffs, 187 upgd conss, 0 impls, 192 clqs
(round 5, fast)       54 del vars, 5 del conss, 0 add conss, 0 chg bounds, 5 chg sides, 32 chg coeffs, 187 upgd conss, 0 impls, 192 clqs
(round 6, exhaustive) 54 del vars, 9 del conss, 0 add conss, 0 chg bounds, 5 chg sides, 32 chg coeffs, 187 upgd conss, 0 impls, 192 clqs
   (0.0s) probing: 51/446 (11.4%) - 0 fixings, 0 aggregations, 0 implications, 0 bound changes
   (0.0s) probing aborted: 50/50 successive totally useless probings
   (0.0s) symmetry computation started: requiring (bin +, int +, cont +), (fixed: bin -, int -, cont -)
   (0.0s) no symmetry present (symcode time: 0.00)
presolving (7 rounds: 7 fast, 6 medium, 4 exhaustive):
 54 deleted vars, 9 deleted constraints, 0 added constraints, 0 tightened bounds, 0 added holes, 5 changed sides, 32 changed coefficients
 0 implications, 192 cliques
presolved problem has 446 variables (446 bin, 0 int, 0 impl, 0 cont) and 183 constraints
    183 constraints of type <setppc>
Presolving Time: 0.05

 time | node  | left  |LP iter|LP it/n|mem/heur|mdpt |vars |cons |rows |cuts |sepa|confs|strbr|  dualbound   | primalbound  |  gap   | compl. 
  0.2s|     1 |     0 |  1989 |     - |  5699k |   0 | 446 | 183 | 183 |   0 |  0 |   0 |   0 | 7.908664e+03 |      --      |    Inf | unknown
d 0.2s|     1 |     0 |  1989 |     - |farkasdi|   0 | 446 | 183 | 183 |   0 |  1 |   0 |   0 | 7.908664e+03 | 2.226296e+03 | 255.24%| unknown
d 0.2s|     1 |     0 |  2093 |     - |farkasdi|   0 | 446 | 183 | 183 |   0 |  1 |   0 |   0 | 7.908664e+03 | 3.469485e+03 | 127.95%| unknown
d 0.2s|     1 |     0 |  2182 |     - |farkasdi|   0 | 446 | 183 | 183 |   0 |  1 |   0 |   0 | 7.908664e+03 | 3.764858e+03 | 110.07%| unknown
d 0.2s|     1 |     0 |  2269 |     - |farkasdi|   0 | 446 | 183 | 183 |   0 |  1 |   0 |   0 | 7.908664e+03 | 4.508930e+03 |  75.40%| unknown
d 0.2s|     1 |     0 |  2295 |     - |farkasdi|   0 | 446 | 183 | 183 |   0 |  1 |   0 |   0 | 7.908664e+03 | 5.431809e+03 |  45.60%| unknown
d 0.2s|     1 |     0 |  2330 |     - |farkasdi|   0 | 446 | 183 | 183 |   0 |  1 |   0 |   0 | 7.908664e+03 | 7.445127e+03 |   6.23%| unknown
  0.2s|     1 |     0 |  2330 |     - |  5790k |   0 | 446 | 183 | 183 |   0 |  1 |   0 |   0 | 7.908664e+03 | 7.445127e+03 |   6.23%| unknown
  0.4s|     1 |     2 |  2330 |     - |  5990k |   0 | 446 | 183 | 183 |   0 |  2 |   0 |  27 | 7.877428e+03 | 7.445127e+03 |   5.81%| unknown

SCIP Status        : solving was interrupted [node limit reached]
Solving Time (sec) : 0.37
Solving Nodes      : 1
Primal Bound       : +7.44512731770729e+03 (39 solutions)
Dual Bound         : +7.87742818321339e+03
Gap                : 5.81 %
