presolving:
(round 1, fast)       0 del vars, 1 del conss, 0 add conss, 0 chg bounds, 0 chg sides, 0 chg coeffs, 0 upgd conss, 0 impls, 189 clqs
(round 2, fast)       1 del vars, 1 del conss, 0 add conss, 0 chg bounds, 0 chg sides, 0 chg coeffs, 0 upgd conss, 0 impls, 189 clqs
   (0.0s) running MILP presolver
   (0.0s) MILP presolver (2 rounds): 0 aggregations, 16 fixings, 0 bound changes
(round 3, medium)     17 del vars, 1 del conss, 0 add conss, 0 chg bounds, 0 chg sides, 0 chg coeffs, 0 upgd conss, 0 impls, 189 clqs
(round 4, fast)       18 del vars, 2 del conss, 0 add conss, 0 chg bounds, 0 chg sides, 0 chg coeffs, 0 upgd conss, 0 impls, 188 clqs
(round 5, exhaustive) 18 del vars, 2 del conss, 0 add conss, 0 chg bounds, 0 chg sides, 0 chg coeffs, 188 upgd conss, 0 impls, 188 clqs
(round 6, medium)     50 del vars, 2 del conss, 0 add conss, 0 chg bounds, 0 chg sides, 32 chg coeffs, 188 upgd conss, 0 impls, 188 clqs
(round 7, fast)       58 del vars, 2 del conss, 0 add conss, 0 chg bounds, 0 chg sides, 32 chg coeffs, 188 upgd conss, 0 impls, 188 clqs
(round 8, exhaustive) 58 del vars, 4 del conss, 0 add conss, 0 chg bounds, 0 chg sides, 32 chg coeffs, 188 upgd conss, 0 impls, 188 clqs
   (0.0s) probing: 51/442 (11.5%) - 0 fixings, 0 aggregations, 0 implications, 0 bound changes
   (0.0s) probing aborted: 50/50 successive totally useless probings
   (0.0s) symmetry computation started: requiring (bin +, int +, cont +), (fixed: bin -, int -, cont -)
   (0.0s) no symmetry present (symcode time: 0.00)
presolving (9 rounds: 9 fast, 5 medium, 3 exhaustive):
 58 deleted vars, 4 deleted constraints, 0 added constraints, 0 tightened bounds, 0 added holes, 0 changed sides, 32 changed coefficients
 0 implications, 188 cliques
presolved problem has 442 variables (442 bin, 0 int, 0 impl, 0 cont) and 186 constraints
    186 constraints of type <setppc>
Presolving Time: 0.02

 time | node  | left  |LP iter|LP it/n|mem/heur|mdpt |vars |cons |rows |cuts |sepa|confs|strbr|  dualbound   | primalbound  |  gap   | compl. 
  0.1s|     1 |     0 |  1319 |     - |  5616k |   0 | 442 | 186 | 186 |   0 |  0 |   0 |   0 | 7.428032e+03 |      --      |    Inf | unknown
d 0.1s|     1 |     0 |  1319 |     - |farkasdi|   0 | 442 | 186 | 186 |   0 |  1 |   0 |   0 | 7.428032e+03 | 2.581966e+03 | 187.69%| unknown
d 0.1s|     1 |     0 |  1359 |     - |farkasdi|   0 | 442 | 186 | 186 |   0 |  1 |   0 |   0 | 7.428032e+03 | 3.101879e+03 | 139.47%| unknown
d 0.1s|     1 |     0 |  1431 |     - |farkasdi|   0 | 442 | 186 | 186 |   0 |  1 |   0 |   0 | 7.428032e+03 | 4.705686e+03 |  57.85%| unknown
d 0.1s|     1 |     0 |  1436 |     - |farkasdi|   0 | 442 | 186 | 186 |   0 |  1 |   0 |   0 | 7.428032e+03 | 6.532149e+03 |  13.71%| unknown
d 0.1s|     1 |     0 |  1439 |     - |farkasdi|   0 | 442 | 186 | 186 |   0 |  1 |   0 |   0 | 7.428032e+03 | 7.053288e+03 |   5.31%| unknown
  0.1s|     1 |     0 |  1439 |     - |  5723k |   0 | 442 | 186 | 186 |   0 |  1 |   0 |   0 | 7.428032e+03 | 7.053288e+03 |   5.31%| unknown
  0.1s|     1 |     0 |  1439 |     - |  5723k |   0 | 442 | 186 | 186 |   0 |  1 |   0 |   0 | 7.428032e+03 | 7.053288e+03 |   5.31%| unknown
  0.2s|     1 |     2 |  1439 |     - |  5881k |   0 | 442 | 186 | 186 |   0 |  2 |   0 |  36 | 7.395627e+03 | 7.053288e+03 |   4.85%| unknown

SCIP Status        : solving was interrupted [node limit reached]
Solving Time (sec) : 0.19
Solving Nodes      : 1
Primal Bound       : +7.05328779798721e+03 (44 solutions)
Dual Bound         : +7.39562658245960e+03
Gap                : 4.85 %
