presolving:
(round 1, fast)       1 del vars, 1 del conss, 0 add conss, 0 chg bounds, 0 chg sides, 0 chg coeffs, 0 upgd conss, 0 impls, 192 clqs
   (0.0s) running MILP presolver
   (0.0s) MILP presolver (2 rounds): 0 aggregations, 27 fixings, 0 bound changes
(round 2, medium)     28 del vars, 1 del conss, 0 add conss, 0 chg bounds, 0 chg sides, 0 chg coeffs, 0 upgd conss, 0 impls, 192 clqs
(round 3, exhaustive) 28 del vars, 7 del conss, 0 add conss, 0 chg bounds, 6 chg sides, 0 chg coeffs, 0 upgd conss, 0 impls, 192 clqs
(round 4, exhaustive) 28 del vars, 7 del conss, 0 add conss, 0 chg bounds, 6 chg sides, 0 chg coeffs, 186 upgd conss, 0 impls, 192 clqs
(round 5, medium)     66 del vars, 7 del conss, 0 add conss, 0 chg bounds, 6 chg sides, 38 chg coeffs, 186 upgd conss, 0 impls, 192 clqs
(round 6, fast)       80 del vars, 9 del conss, 0 add conss, 0 chg bounds, 6 chg sides, 38 chg coeffs, 186 upgd conss, 0 impls, 190 clqs
(round 7, exhaustive) 80 del vars, 10 del conss, 0 add conss, 0 chg bounds, 6 chg sides, 38 chg coeffs, 186 upgd conss, 0 impls, 190 clqs
   (0.0s) probing: 51/420 (12.1%) - 0 fixings, 0 aggregations, 0 implications, 0 bound changes
   (0.0s) probing aborted: 50/50 successive totally useless probings
   (0.0s) symmetry computation started: requiring (bin +, int +, cont +), (fixed: bin -, int -, cont -)
   (0.0s) no symmetry present (symcode time: 0.00)
presolving (8 rounds: 8 fast, 6 medium, 4 exhaustive):
 80 deleted vars, 10 deleted constraints, 0 added constraints, 0 tightened bounds, 0 added holes, 6 changed sides, 38 changed coefficients
 0 implications, 190 cliques
presolved problem has 420 variables (420 bin, 0 int, 0 impl, 0 cont) and 183 constraints
    183 constraints of type <setppc>
Presolving Time: 0.02

 time | node  | left  |LP iter|LP it/n|mem/heur|mdpt |vars |cons |rows |cuts |sepa|confs|strbr|  dualbound   | primalbound  |  gap   | compl. 
  0.1s|     1 |     0 |  1528 |     - |  5370k |   0 | 420 | 183 | 183 |   0 |  0 |   0 |   0 | 7.737580e+03 |      --      |    Inf | unknown
d 0.1s|     1 |     0 |  1528 |     - |farkasdi|   0 | 420 | 183 | 183 |   0 |  1 |   0 |   0 | 7.737580e+03 | 3.565463e+03 | 117.01%| unknown
d 0.1s|     1 |     0 |  1626 |     - |farkasdi|   0 | 420 | 183 | 183 |   0 |  1 |   0 |   0 | 7.737580e+03 | 4.161855e+03 |  85.92%| unknown
d 0.1s|     1 |     0 |  1665 |     - |farkasdi|   0 | 420 | 183 | 183 |   0 |  1 |   0 |   0 | 7.737580e+03 | 4.750173e+03 |  62.89%| unknown
d 0.1s|     1 |     0 |  1698 |     - |farkasdi|   0 | 420 | 183 | 183 |   0 |  1 |   0 |   0 | 7.737580e+03 | 5.522918e+03 |  40.10%| unknown
d 0.1s|     1 |     0 |  1707 |     - |farkasdi|   0 | 420 | 183 | 183 |   0 |  1 |   0 |   0 | 7.737580e+03 | 5.890404e+03 |  31.36%| unknown
d 0.1s|     1 |     0 |  1712 |     - |farkasdi|   0 | 420 | 183 | 183 |   0 |  1 |   0 |   0 | 7.737580e+03 | 6.282816e+03 |  23.15%| unknown
d 0.1s|     1 |     0 |  1715 |     - |farkasdi|   0 | 420 | 183 | 183 |   0 |  1 |   0 |   0 | 7.737580e+03 | 7.249649e+03 |   6.73%| unknown
  0.1s|     1 |     0 |  1715 |     - |  5535k |   0 | 420 | 183 | 183 |   0 |  1 |   0 |   0 | 7.737580e+03 | 7.249649e+03 |   6.73%| unknown
  0.2s|     1 |     2 |  1715 |     - |  5783k |   0 | 420 | 183 | 183 |   0 |  2 |   0 |  25 | 7.718588e+03 | 7.249649e+03 |   6.47%| unknown

SCIP Status        : solving was interrupted [node limit reached]
Solving Time (sec) : 0.21
Solving Nodes      : 1
Primal Bound       : +7.24964927016965e+03 (37 solutions)
Dual Bound         : +7.71858821181523e+03
Gap                : 6.47 %
