presolving:
   (0.0s) running MILP presolver
   (0.0s) MILP presolver (2 rounds): 0 aggregations, 21 fixings, 0 bound changes
(round 1, medium)     21 del vars, 0 del conss, 0 add conss, 0 chg bounds, 0 chg sides, 0 chg coeffs, 0 upgd conss, 0 impls, 190 clqs
(round 2, fast)       21 del vars, 1 del conss, 0 add conss, 0 chg bounds, 0 chg sides, 0 chg coeffs, 0 upgd conss, 0 impls, 190 clqs
(round 3, exhaustive) 21 del vars, 3 del conss, 0 add conss, 0 chg bounds, 2 chg sides, 0 chg coeffs, 0 upgd conss, 0 impls, 190 clqs
(round 4, exhaustive) 21 del vars, 3 del conss, 0 add conss, 0 chg bounds, 2 chg sides, 0 chg coeffs, 188 upgd conss, 0 impls, 190 clqs
(round 5, medium)     62 del vars, 3 del conss, 0 add conss, 0 chg bounds, 2 chg sides, 41 chg coeffs, 188 upgd conss, 0 impls, 190 clqs
(round 6, fast)       85 del vars, 6 del conss, 0 add conss, 0 chg bounds, 2 chg sides, 41 chg coeffs, 188 upgd conss, 0 impls, 186 clqs
(round 7, exhaustive) 85 del vars, 10 del conss, 0 add conss, 0 chg bounds, 2 chg sides, 41 chg coeffs, 188 upgd conss, 0 impls, 186 clqs
   (0.0s) probing: 51/415 (12.3%) - 0 fixings, 0 aggregations, 0 implications, 0 bound changes
   (0.0s) probing aborted: 50/50 successive totally useless probings
   (0.0s) symmetry computation started: requiring (bin +, int +, cont +), (fixed: bin -, int -, cont -)
   (0.0s) no symmetry present (symcode time: 0.00)
presolving (8 rounds: 8 fast, 6 medium, 4 exhaustive):
 85 deleted vars, 10 deleted constraints, 0 added constraints, 0 tightened bounds, 0 added holes, 2 changed sides, 41 changed coefficients
 0 implications, 186 cliques
presolved problem has 415 variables (415 bin, 0 int, 0 impl, 0 cont) and 181 constraints
    181 constraints of type <setppc>
Presolving Time: 0.02

 time | node  | left  |LP iter|LP it/n|mem/heur|mdpt |vars |cons |rows |cuts |sepa|confs|strbr|  dualbound   | primalbound  |  gap   | compl. 
  0.1s|     1 |     0 |  1419 |     - |  5344k |   0 | 415 | 181 | 181 |   0 |  0 |   0 |   0 | 7.299285e+03 |      --      |    Inf | unknown
d 0.1s|     1 |     0 |  1419 |     - |farkasdi|   0 | 415 | 181 | 181 |   0 |  1 |   0 |   0 | 7.299285e+03 | 3.126830e+03 | 133.44%| unknown
d 0.1s|     1 |     0 |  1486 |     - |farkasdi|   0 | 415 | 181 | 181 |   0 |  1 |   0 |   0 | 7.299285e+03 | 3.862733e+03 |  88.97%| unknown
d 0.1s|     1 |     0 |  1519 |     - |farkasdi|   0 | 415 | 181 | 181 |   0 |  1 |   0 |   0 | 7.299285e+03 | 4.452268e+03 |  63.95%| unknown
d 0.1s|     1 |     0 |  1558 |     - |farkasdi|   0 | 415 | 181 | 181 |   0 |  1 |   0 |   0 | 7.299285e+03 | 5.592286e+03 |  30.52%| unknown
d 0.1s|     1 |     0 |  1570 |     - |farkasdi|   0 | 415 | 181 | 181 |   0 |  1 |   0 |   0 | 7.299285e+03 | 5.917142e+03 |  23.36%| unknown
d 0.1s|     1 |     0 |  1571 |     - |farkasdi|   0 | 415 | 181 | 181 |   0 |  1 |   0 |   0 | 7.299285e+03 | 6.215476e+03 |  17.44%| unknown
d 0.1s|     1 |     0 |  1578 |     - |farkasdi|   0 | 415 | 181 | 181 |   0 |  1 |   0 |   0 | 7.299285e+03 | 6.496580e+03 |  12.36%| unknown
d 0.1s|     1 |     0 |  1580 |     - |farkasdi|   0 | 415 | 181 | 181 |   0 |  1 |   0 |   0 | 7.299285e+03 | 6.709066e+03 |   8.80%| unknown
  0.1s|     1 |     0 |  1580 |     - |  5501k |   0 | 415 | 181 | 181 |   0 |  1 |   0 |   0 | 7.299285e+03 | 6.709066e+03 |   8.80%| unknown
  0.2s|     1 |     2 |  1580 |     - |  5663k |   0 | 415 | 181 | 181 |   0 |  2 |   0 |  26 | 7.247024e+03 | 6.709066e+03 |   8.02%| unknown

SCIP Status        : solving was interrupted [node limit reached]
Solving Time (sec) : 0.17
Solving Nodes      : 1
Primal Bound       : +6.70906572416312e+03 (34 solutions)
Dual Bound         : +7.24702445435048e+03
Gap                : 8.02 %
