presolving:
(round 1, fast)       1 del vars, 1 del conss, 0 add conss, 0 chg bounds, 0 chg sides, 0 chg coeffs, 0 upgd conss, 0 impls, 189 clqs
(round 2, fast)       2 del vars, 1 del conss, 0 add conss, 0 chg bounds, 0 chg sides, 0 chg coeffs, 0 upgd conss, 0 impls, 189 clqs
   (0.0s) running MILP presolver
   (0.0s) MILP presolver (2 rounds): 0 aggregations, 20 fixings, 0 bound changes
(round 3, medium)     22 del vars, 1 del conss, 0 add conss, 0 chg bounds, 0 chg sides, 0 chg coeffs, 0 upgd conss, 0 impls, 189 clqs
(round 4, exhaustive) 22 del vars, 9 del conss, 0 add conss, 0 chg bounds, 8 chg sides, 0 chg coeffs, 0 upgd conss, 0 impls, 189 clqs
(round 5, exhaustive) 22 del vars, 9 del conss, 0 add conss, 0 chg bounds, 8 chg sides, 0 chg coeffs, 181 upgd conss, 0 impls, 189 clqs
(round 6, medium)     57 del vars, 9 del conss, 0 add conss, 0 chg bounds, 8 chg sides, 35 chg coeffs, 181 upgd conss, 0 impls, 189 clqs
(round 7, fast)       64 del vars, 9 del conss, 0 add conss, 0 chg bounds, 8 chg sides, 35 chg coeffs, 181 upgd conss, 0 impls, 188 clqs
(round 8, exhaustive) 64 del vars, 10 del conss, 0 add conss, 0 chg bounds, 8 chg sides, 35 chg coeffs, 181 upgd conss, 0 impls, 188 clqs
   (0.0s) probing: 51/436 (11.7%) - 0 fixings, 0 aggregations, 0 implications, 0 bound changes
   (0.0s) probing aborted: 50/50 successive totally useless probings
   (0.0s) symmetry computation started: requiring (bin +, int +, cont +), (fixed: bin -, int -, cont -)
   (0.0s) no symmetry present (symcode time: 0.00)
presolving (9 rounds: 9 fast, 6 medium, 4 exhaustive):
 64 deleted vars, 10 deleted constraints, 0 added constraints, 0 tightened bounds, 0 added holes, 8 changed sides, 35 changed coefficients
 0 implications, 188 cliques
presolved problem has 436 variables (436 bin, 0 int, 0 impl, 0 cont) and 180 constraints
    180 constraints of type <setppc>
Presolving Time: 0.02

 time | node  | left  |LP iter|LP it/n|mem/heur|mdpt |vars |cons |rows |cuts |sepa|confs|strbr|  dualbound   | primalbound  |  gap   | compl. 
  0.1s|     1 |     0 |  2119 |     - |  5330k |   0 | 436 | 180 | 180 |   0 |  0 |   0 |   0 | 7.822842e+03 |      --      |    Inf | unknown
d 0.1s|     1 |     0 |  2119 |     - |farkasdi|   0 | 436 | 180 | 180 |   0 |  1 |   0 |   0 | 7.822842e+03 | 2.683023e+03 | 191.57%| unknown
d 0.1s|     1 |     0 |  2241 |     - |farkasdi|   0 | 436 | 180 | 180 |   0 |  1 |   0 |   0 | 7.822842e+03 | 3.590713e+03 | 117.86%| unknown
d 0.1s|     1 |     0 |  2257 |     - |farkasdi|   0 | 436 | 180 | 180 |   0 |  1 |   0 |   0 | 7.822842e+03 | 4.710054e+03 |  66.09%| unknown
d 0.1s|     1 |     0 |  2292 |     - |farkasdi|   0 | 436 | 180 | 180 |   0 |  1 |   0 |   0 | 7.822842e+03 | 5.220122e+03 |  49.86%| unknown
d 0.1s|     1 |     0 |  2307 |     - |farkasdi|   0 | 436 | 180 | 180 |   0 |  1 |   0 |   0 | 7.822842e+03 | 6.862130e+03 |  14.00%| unknown
d 0.1s|     1 |     0 |  2308 |     - |farkasdi|   0 | 436 | 180 | 180 |   0 |  1 |   0 |   0 | 7.822842e+03 | 7.277823e+03 |   7.49%| unknown
  0.1s|     1 |     0 |  2308 |     - |  5460k |   0 | 436 | 180 | 180 |   0 |  1 |   0 |   0 | 7.822842e+03 | 7.277823e+03 |   7.49%| unknown
  0.2s|     1 |     2 |  2308 |     - |  5675k |   0 | 436 | 180 | 180 |   0 |  2 |   0 |  23 | 7.749030e+03 | 7.277823e+03 |   6.47%| unknown

SCIP Status        : solving was interrupted [node limit reached]
Solving Time (sec) : 0.19
Solving Nodes      : 1
Primal Bound       : +7.27782256270774e+03 (32 solutions)
Dual Bound         : +7.74902998299686e+03
Gap                : 6.47 %
