presolving:
   (0.0s) running MILP presolver
   (0.0s) MILP presolver (2 rounds): 0 aggregations, 15 fixings, 0 bound changes
(round 1, medium)     15 del vars, 0 del conss, 0 add conss, 0 chg bounds, 0 chg sides, 0 chg coeffs, 0 upgd conss, 0 impls, 190 clqs
(round 2, exhaustive) 15 del vars, 1 del conss, 0 add conss, 0 chg bounds, 1 chg sides, 0 chg coeffs, 0 upgd conss, 0 impls, 190 clqs
(round 3, exhaustive) 15 del vars, 1 del conss, 0 add conss, 0 chg bounds, 1 chg sides, 0 chg coeffs, 189 upgd conss, 0 impls, 190 clqs
(round 4, medium)     49 del vars, 1 del conss, 0 add conss, 0 chg bounds, 1 chg sides, 34 chg coeffs, 189 upgd conss, 0 impls, 190 clqs
(round 5, fast)       64 del vars, 1 del conss, 0 add conss, 0 chg bounds, 1 chg sides, 34 chg coeffs, 189 upgd conss, 0 impls, 190 clqs
(round 6, exhaustive) 64 del vars, 3 del conss, 0 add conss, 0 chg bounds, 1 chg sides, 34 chg coeffs, 189 upgd conss, 0 impls, 190 clqs
   (0.0s) probing: 51/436 (11.7%) - 0 fixings, 0 aggregations, 0 implications, 0 bound changes
   (0.0s) probing aborted: 50/50 successive totally useless probings
   (0.0s) symmetry computation started: requiring (bin +, int +, cont +), (fixed: bin -, int -, cont -)
   (0.0s) no symmetry present (symcode time: 0.00)
presolving (7 rounds: 7 fast, 6 medium, 4 exhaustive):
 64 deleted vars, 3 deleted constraints, 0 added constraints, 0 tightened bounds, 0 added holes, 1 changed sides, 34 changed coefficients
 0 implications, 190 cliques
presolved problem has 436 variables (436 bin, 0 int, 0 impl, 0 cont) and 187 constraints
    187 constraints of type <setppc>
Presolving Time: 0.02

 time | node  | left  |LP iter|LP it/n|mem/heur|mdpt |vars |cons |rows |cuts |sepa|confs|strbr|  dualbound   | primalbound  |  gap   | compl. 
  0.1s|     1 |     0 |  1614 |     - |  5412k |   0 | 436 | 187 | 187 |   0 |  0 |   0 |   0 | 7.798243e+03 |      --      |    Inf | unknown
d 0.1s|     1 |     0 |  1614 |     - |farkasdi|   0 | 436 | 187 | 187 |   0 |  1 |   0 |   0 | 7.798243e+03 | 2.455633e+03 | 217.57%| unknown
d 0.1s|     1 |     0 |  1738 |     - |farkasdi|   0 | 436 | 187 | 187 |   0 |  1 |   0 |   0 | 7.798243e+03 | 3.654140e+03 | 113.41%| unknown
d 0.1s|     1 |     0 |  1811 |     - |farkasdi|   0 | 436 | 187 | 187 |   0 |  1 |   0 |   0 | 7.798243e+03 | 4.888408e+03 |  59.53%| unknown
d 0.1s|     1 |     0 |  1824 |     - |farkasdi|   0 | 436 | 187 | 187 |   0 |  1 |   0 |   0 | 7.798243e+03 | 6.340494e+03 |  22.99%| unknown
d 0.1s|     1 |     0 |  1832 |     - |farkasdi|   0 | 436 | 187 | 187 |   0 |  1 |   0 |   0 | 7.798243e+03 | 7.371268e+03 |   5.79%| unknown
  0.1s|     1 |     0 |  1832 |     - |  5516k |   0 | 436 | 187 | 187 |   0 |  1 |   0 |   0 | 7.798243e+03 | 7.371268e+03 |   5.79%| unknown
  0.2s|     1 |     2 |  1832 |     - |  5666k |   0 | 436 | 187 | 187 |   0 |  2 |   0 |  19 | 7.769764e+03 | 7.371268e+03 |   5.41%| unknown

SCIP Status        : solving was interrupted [node limit reached]
Solving Time (sec) : 0.16
Solving Nodes      : 1
Primal Bound       : +7.37126777637960e+03 (28 solutions)
Dual Bound         : +7.76976359447223e+03
Gap                : 5.41 %
