presolving:
(round 1, fast)       1 del vars, 1 del conss, 0 add conss, 0 chg bounds, 0 chg sides, 0 chg coeffs, 0 upgd conss, 0 impls, 193 clqs
   (0.0s) running MILP presolver
   (0.0s) MILP presolver (2 rounds): 0 aggregations, 17 fixings, 0 bound changes
(round 2, medium)     18 del vars, 1 del conss, 0 add conss, 0 chg bounds, 0 chg sides, 0 chg coeffs, 0 upgd conss, 0 impls, 192 clqs
(round 3, fast)       18 del vars, 2 del conss, 0 add conss, 0 chg bounds, 0 chg sides, 0 chg coeffs, 0 upgd conss, 0 impls, 192 clqs
(round 4, exhaustive) 18 del vars, 5 del conss, 0 add conss, 0 chg bounds, 3 chg sides, 0 chg coeffs, 0 upgd conss, 0 impls, 192 clqs
(round 5, exhaustive) 18 del vars, 5 del conss, 0 add conss, 0 chg bounds, 3 chg sides, 0 chg coeffs, 189 upgd conss, 0 impls, 192 clqs
(round 6, medium)     51 del vars, 5 del conss, 0 add conss, 0 chg bounds, 3 chg sides, 33 chg coeffs, 189 upgd conss, 0 impls, 192 clqs
(round 7, fast)       65 del vars, 6 del conss, 0 add conss, 0 chg bounds, 3 chg sides, 33 chg coeffs, 189 upgd conss, 0 impls, 191 clqs
(round 8, exhaustive) 65 del vars, 11 del conss, 0 add conss, 0 chg bounds, 3 chg sides, 33 chg coeffs, 189 upgd conss, 0 impls, 191 clqs
   (0.0s) probing: 51/435 (11.7%) - 0 fixings, 0 aggregations, 0 implications, 0 bound changes
   (0.0s) probing aborted: 50/50 successive totally useless probings
   (0.0s) symmetry computation started: requiring (bin +, int +, cont +), (fixed: bin -, int -, cont -)
   (0.0s) no symmetry present (symcode time: 0.00)
presolving (9 rounds: 9 fast, 6 medium, 4 exhaustive):
 65 deleted vars, 11 deleted constraints, 0 added constraints, 0 tightened bounds, 0 added holes, 3 changed sides, 33 changed coefficients
 0 implications, 191 cliques
presolved problem has 435 variables (435 bin, 0 int, 0 impl, 0 cont) and 183 constraints
    183 constraints of type <setppc>
Presolving Time: 0.02

 time | node  | left  |LP iter|LP it/n|mem/heur|mdpt |vars |cons |rows |cuts |sepa|confs|strbr|  dualbound   | primalbound  |  gap   | compl. 
  0.1s|     1 |     0 |  1457 |     - |  5370k |   0 | 435 | 183 | 183 |   0 |  0 |   0 |   0 | 7.230891e+03 |      --      |    Inf | unknown
d 0.1s|     1 |     0 |  1457 |     - |farkasdi|   0 | 435 | 183 | 183 |   0 |  1 |   0 |   0 | 7.230891e+03 | 2.655860e+03 | 172.26%| unknown
d 0.1s|     1 |     0 |  1535 |     - |farkasdi|   0 | 435 | 183 | 183 |   0 |  1 |   0 |   0 | 7.230891e+03 | 3.795277e+03 |  90.52%| unknown
d 0.1s|     1 |     0 |  1587 |     - |farkasdi|   0 | 435 | 183 | 183 |   0 |  1 |   0 |   0 | 7.230891e+03 | 5.932192e+03 |  21.89%| unknown
d 0.1s|     1 |     0 |  1603 |     - |farkasdi|   0 | 435 | 183 | 183 |   0 |  1 |   0 |   0 | 7.230891e+03 | 6.943589e+03 |   4.14%| unknown
  0.1s|     1 |     0 |  1603 |     - |  5470k |   0 | 435 | 183 | 183 |   0 |  1 |   0 |   0 | 7.230891e+03 | 6.943589e+03 |   4.14%| unknown
  0.1s|     1 |     0 |  1603 |     - |  5470k |   0 | 435 | 183 | 183 |   0 |  1 |   0 |   0 | 7.230891e+03 | 6.943589e+03 |   4.14%| unknown
  0.3s|     1 |     2 |  1603 |     - |  5671k |   0 | 435 | 183 | 183 |   0 |  2 |   0 |  38 | 7.196170e+03 | 6.943589e+03 |   3.64%| unknown

SCIP Status        : solving was interrupted [node limit reached]
Solving Time (sec) : 0.31
Solving Nodes      : 1
Primal Bound       : +6.94358862356495e+03 (46 solutions)
Dual Bound         : +7.19616960631579e+03
Gap                : 3.64 %
