presolving:
(round 1, fast)       0 del vars, 2 del conss, 0 add conss, 0 chg bounds, 0 chg sides, 0 chg coeffs, 0 upgd conss, 0 impls, 187 clqs
(round 2, fast)       1 del vars, 2 del conss, 0 add conss, 0 chg bounds, 0 chg sides, 0 chg coeffs, 0 upgd conss, 0 impls, 187 clqs
   (0.0s) running MILP presolver
   (0.0s) MILP presolver (2 rounds): 0 aggregations, 23 fixings, 0 bound changes
(round 3, medium)     24 del vars, 2 del conss, 0 add conss, 0 chg bounds, 0 chg sides, 0 chg coeffs, 0 upgd conss, 0 impls, 187 clqs
(round 4, exhaustive) 24 del vars, 6 del conss, 0 add conss, 0 chg bounds, 4 chg sides, 0 chg coeffs, 0 upgd conss, 0 impls, 187 clqs
(round 5, exhaustive) 24 del vars, 6 del conss, 0 add conss, 0 chg bounds, 4 chg sides, 0 chg coeffs, 183 upgd conss, 0 impls, 187 clqs
(round 6, medium)     67 del vars, 6 del conss, 0 add conss, 0 chg bounds, 4 chg sides, 43 chg coeffs, 183 upgd conss, 0 impls, 187 clqs
(round 7, fast)       85 del vars, 7 del conss, 0 add conss, 0 chg bounds, 4 chg sides, 43 chg coeffs, 183 upgd conss, 0 impls, 186 clqs
(round 8, exhaustive) 85 del vars, 12 del conss, 0 add conss, 0 chg bounds, 4 chg sides, 43 chg coeffs, 183 upgd conss, 0 impls, 186 clqs
   (0.0s) probing: 51/415 (12.3%) - 0 fixings, 0 aggregations, 0 implications, 0 bound changes
   (0.0s) probing aborted: 50/50 successive totally useless probings
   (0.0s) symmetry computation started: requiring (bin +, int +, cont +), (fixed: bin -, int -, cont -)
   (0.0s) no symmetry present (symcode time: 0.00)
presolving (9 rounds: 9 fast, 6 medium, 4 exhaustive):
 85 deleted vars, 12 deleted constraints, 0 added constraints, 0 tightened bounds, 0 added holes, 4 changed sides, 43 changed coefficients
 0 implications, 186 cliques
presolved problem has 415 variables (415 bin, 0 int, 0 impl, 0 cont) and 177 constraints
    177 constraints of type <setppc>
Presolving Time: 0.02

 time | node  | left  |LP iter|LP it/n|mem/heur|mdpt |vars |cons |rows |cuts |sepa|confs|strbr|  dualbound   | primalbound  |  gap   | compl. 
  0.1s|     1 |     0 |   926 |     - |  5238k |   0 | 415 | 177 | 177 |   0 |  0 |   0 |   0 | 8.098438e+03 |      --      |    Inf | unknown
d 0.1s|     1 |     0 |   926 |     - |farkasdi|   0 | 415 | 177 | 177 |   0 |  1 |   0 |   0 | 8.098438e+03 | 3.518529e+03 | 130.17%| unknown
d 0.1s|     1 |     0 |  1050 |     - |farkasdi|   0 | 415 | 177 | 177 |   0 |  1 |   0 |   0 | 8.098438e+03 | 4.367447e+03 |  85.43%| unknown
d 0.1s|     1 |     0 |  1095 |     - |farkasdi|   0 | 415 | 177 | 177 |   0 |  1 |   0 |   0 | 8.098438e+03 | 5.117410e+03 |  58.25%| unknown
d 0.1s|     1 |     0 |  1134 |     - |farkasdi|   0 | 415 | 177 | 177 |   0 |  1 |   0 |   0 | 8.098438e+03 | 6.022984e+03 |  34.46%| unknown
d 0.1s|     1 |     0 |  1144 |     - |farkasdi|   0 | 415 | 177 | 177 |   0 |  1 |   0 |   0 | 8.098438e+03 | 7.053263e+03 |  14.82%| unknown
d 0.1s|     1 |     0 |  1146 |     - |farkasdi|   0 | 415 | 177 | 177 |   0 |  1 |   0 |   0 | 8.098438e+03 | 7.124220e+03 |  13.67%| unknown
d 0.1s|     1 |     0 |  1151 |     - |farkasdi|   0 | 415 | 177 | 177 |   0 |  1 |   0 |   0 | 8.098438e+03 | 7.488883e+03 |   8.14%| unknown
  0.1s|     1 |     0 |  1151 |     - |  5356k |   0 | 415 | 177 | 177 |   0 |  1 |   0 |   0 | 8.098438e+03 | 7.488883e+03 |   8.14%| unknown
  0.2s|     1 |     2 |  1151 |     - |  5498k |   0 | 415 | 177 | 177 |   0 |  2 |   0 |  23 | 8.026523e+03 | 7.488883e+03 |   7.18%| unknown

SCIP Status        : solving was interrupted [node limit reached]
Solving Time (sec) : 0.20
Solving Nodes      : 1
Primal Bound       : +7.48888320722839e+03 (31 solutions)
Dual Bound         : +8.02652293387297e+03
Gap                : 7.18 %
