presolving:
(round 1, fast)       0 del vars, 1 del conss, 0 add conss, 0 chg bounds, 0 chg sides, 0 chg coeffs, 0 upgd conss, 0 impls, 187 clqs
   (0.0s) running MILP presolver
   (0.0s) MILP presolver (2 rounds): 0 aggregations, 10 fixings, 0 bound changes
(round 2, medium)     10 del vars, 1 del conss, 0 add conss, 0 chg bounds, 0 chg sides, 0 chg coeffs, 0 upgd conss, 0 impls, 187 clqs
(round 3, exhaustive) 10 del vars, 3 del conss, 0 add conss, 0 chg bounds, 2 chg sides, 0 chg coeffs, 0 upgd conss, 0 impls, 187 clqs
(round 4, exhaustive) 10 del vars, 3 del conss, 0 add conss, 0 chg bounds, 2 chg sides, 0 chg coeffs, 185 upgd conss, 0 impls, 187 clqs
(round 5, medium)     42 del vars, 3 del conss, 0 add conss, 0 chg bounds, 2 chg sides, 32 chg coeffs, 185 upgd conss, 0 impls, 187 clqs
(round 6, fast)       55 del vars, 3 del conss, 0 add conss, 0 chg bounds, 2 chg sides, 32 chg coeffs, 185 upgd conss, 0 impls, 187 clqs
   (0.0s) probing: 51/445 (11.5%) - 0 fixings, 0 aggregations, 0 implications, 0 bound changes
   (0.0s) probing aborted: 50/50 successive totally useless probings
   (0.0s) symmetry computation started: requiring (bin +, int +, cont +), (fixed: bin -, int -, cont -)
   (0.0s) no symmetry present (symcode time: 0.00)
presolving (7 rounds: 7 fast, 5 medium, 3 exhaustive):
 55 deleted vars, 3 deleted constraints, 0 added constraints, 0 tightened bounds, 0 added holes, 2 changed sides, 32 changed coefficients
 0 implications, 187 cliques
presolved problem has 445 variables (445 bin, 0 int, 0 impl, 0 cont) and 185 constraints
    185 constraints of type <setppc>
Presolving Time: 0.02

 time | node  | left  |LP iter|LP it/n|mem/heur|mdpt |vars |cons |rows |cuts |sepa|confs|strbr|  dualbound   | primalbound  |  gap   | compl. 
  0.1s|     1 |     0 |  1562 |     - |  5743k |   0 | 445 | 185 | 185 |   0 |  0 |   0 |   0 | 7.176724e+03 |      --      |    Inf | unknown
d 0.1s|     1 |     0 |  1562 |     - |farkasdi|   0 | 445 | 185 | 185 |   0 |  1 |   0 |   0 | 7.176724e+03 | 2.483772e+03 | 188.94%| unknown
d 0.2s|     1 |     0 |  1689 |     - |farkasdi|   0 | 445 | 185 | 185 |   0 |  1 |   0 |   0 | 7.176724e+03 | 3.478373e+03 | 106.32%| unknown
d 0.2s|     1 |     0 |  1752 |     - |farkasdi|   0 | 445 | 185 | 185 |   0 |  1 |   0 |   0 | 7.176724e+03 | 3.933956e+03 |  82.43%| unknown
d 0.2s|     1 |     0 |  1779 |     - |farkasdi|   0 | 445 | 185 | 185 |   0 |  1 |   0 |   0 | 7.176724e+03 | 4.554402e+03 |  57.58%| unknown
d 0.2s|     1 |     0 |  1806 |     - |farkasdi|   0 | 445 | 185 | 185 |   0 |  1 |   0 |   0 | 7.176724e+03 | 4.929045e+03 |  45.60%| unknown
d 0.2s|     1 |     0 |  1809 |     - |farkasdi|   0 | 445 | 185 | 185 |   0 |  1 |   0 |   0 | 7.176724e+03 | 5.867036e+03 |  22.32%| unknown
d 0.2s|     1 |     0 |  1811 |     - |farkasdi|   0 | 445 | 185 | 185 |   0 |  1 |   0 |   0 | 7.176724e+03 | 6.263563e+03 |  14.58%| unknown
  0.2s|     1 |     0 |  1811 |     - |  5844k |   0 | 445 | 185 | 185 |   0 |  1 |   0 |   0 | 7.176724e+03 | 6.263563e+03 |  14.58%| unknown
  0.3s|     1 |     2 |  1811 |     - |  5952k |   0 | 445 | 185 | 185 |   0 |  2 |   0 |  19 | 7.135434e+03 | 6.263563e+03 |  13.92%| unknown

SCIP Status        : solving was interrupted [node limit reached]
Solving Time (sec) : 0.27
Solving Nodes      : 1
Primal Bound       : +6.26356344683922e+03 (26 solutions)
Dual Bound         : +7.13543431939509e+03
Gap                : 13.92 %
