presolving:
(round 1, fast)       1 del vars, 1 del conss, 0 add conss, 0 chg bounds, 0 chg sides, 0 chg coeffs, 0 upgd conss, 0 impls, 192 clqs
   (0.0s) running MILP presolver
   (0.0s) MILP presolver (2 rounds): 0 aggregations, 20 fixings, 0 bound changes
(round 2, medium)     21 del vars, 1 del conss, 0 add conss, 0 chg bounds, 0 chg sides, 0 chg coeffs, 0 upgd conss, 0 impls, 192 clqs
(round 3, exhaustive) 21 del vars, 7 del conss, 0 add conss, 0 chg bounds, 6 chg sides, 0 chg coeffs, 0 upgd conss, 0 impls, 192 clqs
(round 4, exhaustive) 21 del vars, 7 del conss, 0 add conss, 0 chg bounds, 6 chg sides, 0 chg coeffs, 186 upgd conss, 0 impls, 192 clqs
(round 5, medium)     62 del vars, 7 del conss, 0 add conss, 0 chg bounds, 6 chg sides, 41 chg coeffs, 186 upgd conss, 0 impls, 192 clqs
(round 6, fast)       91 del vars, 9 del conss, 0 add conss, 0 chg bounds, 6 chg sides, 41 chg coeffs, 186 upgd conss, 0 impls, 188 clqs
(round 7, exhaustive) 91 del vars, 12 del conss, 0 add conss, 0 chg bounds, 6 chg sides, 41 chg coeffs, 186 upgd conss, 0 impls, 188 clqs
   (0.0s) probing: 51/409 (12.5%) - 0 fixings, 0 aggregations, 0 implications, 0 bound changes
   (0.0s) probing aborted: 50/50 successive totally useless probings
   (0.0s) symmetry computation started: requiring (bin +, int +, cont +), (fixed: bin -, int -, cont -)
   (0.0s) no symmetry present (symcode time: 0.00)
presolving (8 rounds: 8 fast, 6 medium, 4 exhaustive):
 91 deleted vars, 12 deleted constraints, 0 added constraints, 0 tightened bounds, 0 added holes, 6 changed sides, 41 changed coefficients
 0 implications, 188 cliques
presolved problem has 409 variables (409 bin, 0 int, 0 impl, 0 cont) and 181 constraints
    181 constraints of type <setppc>
Presolving Time: 0.02

 time | node  | left  |LP iter|LP it/n|mem/heur|mdpt |vars |cons |rows |cuts |sepa|confs|strbr|  dualbound   | primalbound  |  gap   | compl. 
  0.1s|     1 |     0 |  1483 |     - |  5115k |   0 | 409 | 181 | 181 |   0 |  0 |   0 |   0 | 8.393328e+03 |      --      |    Inf | unknown
d 0.1s|     1 |     0 |  1483 |     - |farkasdi|   0 | 409 | 181 | 181 |   0 |  1 |   0 |   0 | 8.393328e+03 | 3.423636e+03 | 145.16%| unknown
d 0.1s|     1 |     0 |  1628 |     - |farkasdi|   0 | 409 | 181 | 181 |   0 |  1 |   0 |   0 | 8.393328e+03 | 4.153106e+03 | 102.10%| unknown
d 0.1s|     1 |     0 |  1678 |     - |farkasdi|   0 | 409 | 181 | 181 |   0 |  1 |   0 |   0 | 8.393328e+03 | 5.400910e+03 |  55.41%| unknown
d 0.1s|     1 |     0 |  1681 |     - |farkasdi|   0 | 409 | 181 | 181 |   0 |  1 |   0 |   0 | 8.393328e+03 | 6.263589e+03 |  34.00%| unknown
d 0.1s|     1 |     0 |  1688 |     - |farkasdi|   0 | 409 | 181 | 181 |   0 |  1 |   0 |   0 | 8.393328e+03 | 6.936354e+03 |  21.00%| unknown
d 0.1s|     1 |     0 |  1693 |     - |farkasdi|   0 | 409 | 181 | 181 |   0 |  1 |   0 |   0 | 8.393328e+03 | 7.325764e+03 |  14.57%| unknown
d 0.1s|     1 |     0 |  1694 |     - |farkasdi|   0 | 409 | 181 | 181 |   0 |  1 |   0 |   0 | 8.393328e+03 | 7.827652e+03 |   7.23%| unknown
  0.1s|     1 |     0 |  1694 |     - |  5239k |   0 | 409 | 181 | 181 |   0 |  1 |   0 |   0 | 8.393328e+03 | 7.827652e+03 |   7.23%| unknown
  0.2s|     1 |     2 |  1694 |     - |  5561k |   0 | 409 | 181 | 181 |   0 |  2 |   0 |  32 | 8.340820e+03 | 7.827652e+03 |   6.56%| unknown

SCIP Status        : solving was interrupted [node limit reached]
Solving Time (sec) : 0.20
Solving Nodes      : 1
Primal Bound       : +7.82765178914586e+03 (45 solutions)
Dual Bound         : +8.34082016771777e+03
Gap                : 6.56 %
