presolving:
(round 1, fast)       0 del vars, 2 del conss, 0 add conss, 0 chg bounds, 0 chg sides, 0 chg coeffs, 0 upgd conss, 0 impls, 192 clqs
   (0.0s) running MILP presolver
   (0.0s) MILP presolver (2 rounds): 0 aggregations, 14 fixings, 0 bound changes
(round 2, medium)     14 del vars, 2 del conss, 0 add conss, 0 chg bounds, 0 chg sides, 0 chg coeffs, 0 upgd conss, 0 impls, 192 clqs
(round 3, exhaustive) 14 del vars, 3 del conss, 0 add conss, 0 chg bounds, 1 chg sides, 0 chg coeffs, 0 upgd conss, 0 impls, 192 clqs
(round 4, exhaustive) 14 del vars, 3 del conss, 0 add conss, 0 chg bounds, 1 chg sides, 0 chg coeffs, 191 upgd conss, 0 impls, 192 clqs
(round 5, medium)     46 del vars, 3 del conss, 0 add conss, 0 chg bounds, 1 chg sides, 32 chg coeffs, 191 upgd conss, 0 impls, 192 clqs
(round 6, fast)       60 del vars, 4 del conss, 0 add conss, 0 chg bounds, 1 chg sides, 32 chg coeffs, 191 upgd conss, 0 impls, 191 clqs
(round 7, exhaustive) 60 del vars, 6 del conss, 0 add conss, 0 chg bounds, 1 chg sides, 32 chg coeffs, 191 upgd conss, 0 impls, 191 clqs
   (0.0s) probing: 51/440 (11.6%) - 0 fixings, 0 aggregations, 0 implications, 0 bound changes
   (0.0s) probing aborted: 50/50 successive totally useless probings
   (0.0s) symmetry computation started: requiring (bin +, int +, cont +), (fixed: bin -, int -, cont -)
   (0.0s) no symmetry present (symcode time: 0.00)
presolving (8 rounds: 8 fast, 6 medium, 4 exhaustive):
 60 deleted vars, 6 deleted constraints, 0 added constraints, 0 tightened bounds, 0 added holes, 1 changed sides, 32 changed coefficients
 0 implications, 191 cliques
presolved problem has 440 variables (440 bin, 0 int, 0 impl, 0 cont) and 188 constraints
    188 constraints of type <setppc>
Presolving Time: 0.02

 time | node  | left  |LP iter|LP it/n|mem/heur|mdpt |vars |cons |rows |cuts |sepa|confs|strbr|  dualbound   | primalbound  |  gap   | compl. 
  0.1s|     1 |     0 |  1258 |     - |  5414k |   0 | 440 | 188 | 188 |   0 |  0 |   0 |   0 | 7.308232e+03 |      --      |    Inf | unknown
d 0.1s|     1 |     0 |  1258 |     - |farkasdi|   0 | 440 | 188 | 188 |   0 |  1 |   0 |   0 | 7.308232e+03 | 2.612988e+03 | 179.69%| unknown
d 0.1s|     1 |     0 |  1411 |     - |farkasdi|   0 | 440 | 188 | 188 |   0 |  1 |   0 |   0 | 7.308232e+03 | 3.640106e+03 | 100.77%| unknown
d 0.1s|     1 |     0 |  1515 |     - |farkasdi|   0 | 440 | 188 | 188 |   0 |  1 |   0 |   0 | 7.308232e+03 | 4.790725e+03 |  52.55%| unknown
d 0.1s|     1 |     0 |  1534 |     - |farkasdi|   0 | 440 | 188 | 188 |   0 |  1 |   0 |   0 | 7.308232e+03 | 5.218842e+03 |  40.04%| unknown
d 0.1s|     1 |     0 |  1541 |     - |farkasdi|   0 | 440 | 188 | 188 |   0 |  1 |   0 |   0 | 7.308232e+03 | 6.640730e+03 |  10.05%| unknown
  0.1s|     1 |     0 |  1541 |     - |  5520k |   0 | 440 | 188 | 188 |   0 |  1 |   0 |   0 | 7.308232e+03 | 6.640730e+03 |  10.05%| unknown
  0.2s|     1 |     2 |  1541 |     - |  5687k |   0 | 440 | 188 | 188 |   0 |  2 |   0 |  35 | 7.264565e+03 | 6.640730e+03 |   9.39%| unknown

SCIP Status        : solving was interrupted [node limit reached]
Solving Time (sec) : 0.24
Solving Nodes      : 1
Primal Bound       : +6.64073042718132e+03 (40 solutions)
Dual Bound         : +7.26456496332620e+03
Gap                : 9.39 %
