presolving:
(round 1, fast)       0 del vars, 3 del conss, 0 add conss, 0 chg bounds, 0 chg sides, 0 chg coeffs, 0 upgd conss, 0 impls, 186 clqs
(round 2, fast)       1 del vars, 3 del conss, 0 add conss, 0 chg bounds, 0 chg sides, 0 chg coeffs, 0 upgd conss, 0 impls, 186 clqs
   (0.0s) running MILP presolver
   (0.0s) MILP presolver (2 rounds): 0 aggregations, 26 fixings, 0 bound changes
(round 3, medium)     27 del vars, 3 del conss, 0 add conss, 0 chg bounds, 0 chg sides, 0 chg coeffs, 0 upgd conss, 0 impls, 186 clqs
(round 4, exhaustive) 27 del vars, 7 del conss, 0 add conss, 0 chg bounds, 4 chg sides, 0 chg coeffs, 0 upgd conss, 0 impls, 186 clqs
(round 5, exhaustive) 27 del vars, 7 del conss, 0 add conss, 0 chg bounds, 4 chg sides, 0 chg coeffs, 182 upgd conss, 0 impls, 186 clqs
(round 6, medium)     65 del vars, 7 del conss, 0 add conss, 0 chg bounds, 4 chg sides, 38 chg coeffs, 182 upgd conss, 0 impls, 186 clqs
(round 7, fast)       89 del vars, 7 del conss, 0 add conss, 0 chg bounds, 4 chg sides, 38 chg coeffs, 182 upgd conss, 0 impls, 185 clqs
(round 8, exhaustive) 89 del vars, 13 del conss, 0 add conss, 0 chg bounds, 4 chg sides, 38 chg coeffs, 182 upgd conss, 0 impls, 185 clqs
   (0.0s) probing: 51/411 (12.4%) - 0 fixings, 0 aggregations, 0 implications, 0 bound changes
   (0.0s) probing aborted: 50/50 successive totally useless probings
   (0.0s) symmetry computation started: requiring (bin +, int +, cont +), (fixed: bin -, int -, cont -)
   (0.0s) no symmetry present (symcode time: 0.00)
presolving (9 rounds: 9 fast, 6 medium, 4 exhaustive):
 89 deleted vars, 13 deleted constraints, 0 added constraints, 0 tightened bounds, 0 added holes, 4 changed sides, 38 changed coefficients
 0 implications, 185 cliques
presolved problem has 411 variables (411 bin, 0 int, 0 impl, 0 cont) and 176 constraints
    176 constraints of type <setppc>
Presolving Time: 0.03

 time | node  | left  |LP iter|LP it/n|mem/heur|mdpt |vars |cons |rows |cuts |sepa|confs|strbr|  dualbound   | primalbound  |  gap   | compl. 
  0.1s|     1 |     0 |  1430 |     - |  5138k |   0 | 411 | 176 | 176 |   0 |  0 |   0 |   0 | 7.664645e+03 |      --      |    Inf | unknown
d 0.1s|     1 |     0 |  1430 |     - |farkasdi|   0 | 411 | 176 | 176 |   0 |  1 |   0 |   0 | 7.664645e+03 | 3.277284e+03 | 133.87%| unknown
d 0.1s|     1 |     0 |  1563 |     - |farkasdi|   0 | 411 | 176 | 176 |   0 |  1 |   0 |   0 | 7.664645e+03 | 4.008464e+03 |  91.21%| unknown
d 0.1s|     1 |     0 |  1632 |     - |farkasdi|   0 | 411 | 176 | 176 |   0 |  1 |   0 |   0 | 7.664645e+03 | 4.472091e+03 |  71.39%| unknown
d 0.1s|     1 |     0 |  1659 |     - |farkasdi|   0 | 411 | 176 | 176 |   0 |  1 |   0 |   0 | 7.664645e+03 | 7.054304e+03 |   8.65%| unknown
  0.1s|     1 |     0 |  1659 |     - |  5241k |   0 | 411 | 176 | 176 |   0 |  1 |   0 |   0 | 7.664645e+03 | 7.054304e+03 |   8.65%| unknown
  0.2s|     1 |     2 |  1659 |     - |  5391k |   0 | 411 | 176 | 176 |   0 |  2 |   0 |  23 | 7.625474e+03 | 7.054304e+03 |   8.10%| unknown

SCIP Status        : solving was interrupted [node limit reached]
Solving Time (sec) : 0.22
Solving Nodes      : 1
Primal Bound       : +7.05430425986435e+03 (27 solutions)
Dual Bound         : +7.62547404838327e+03
Gap                : 8.10 %
