presolving:
   (0.0s) running MILP presolver
   (0.0s) MILP presolver (2 rounds): 0 aggregations, 16 fixings, 0 bound changes
(round 1, medium)     16 del vars, 0 del conss, 0 add conss, 0 chg bounds, 0 chg sides, 0 chg coeffs, 0 upgd conss, 0 impls, 193 clqs
(round 2, exhaustive) 16 del vars, 6 del conss, 0 add conss, 0 chg bounds, 6 chg sides, 0 chg coeffs, 0 upgd conss, 0 impls, 193 clqs
(round 3, exhaustive) 16 del vars, 6 del conss, 0 add conss, 0 chg bounds, 6 chg sides, 0 chg coeffs, 187 upgd conss, 0 impls, 193 clqs
(round 4, medium)     45 del vars, 6 del conss, 0 add conss, 0 chg bounds, 6 chg sides, 29 chg coeffs, 187 upgd conss, 0 impls, 193 clqs
(round 5, fast)       58 del vars, 6 del conss, 0 add conss, 0 chg bounds, 6 chg sides, 29 chg coeffs, 187 upgd conss, 0 impls, 192 clqs
(round 6, exhaustive) 58 del vars, 7 del conss, 0 add conss, 0 chg bounds, 6 chg sides, 29 chg coeffs, 187 upgd conss, 0 impls, 192 clqs
   (0.0s) probing: 51/442 (11.5%) - 0 fixings, 0 aggregations, 0 implications, 0 bound changes
   (0.0s) probing aborted: 50/50 successive totally useless probings
   (0.0s) symmetry computation started: requiring (bin +, int +, cont +), (fixed: bin -, int -, cont -)
   (0.0s) no symmetry present (symcode time: 0.00)
presolving (7 rounds: 7 fast, 6 medium, 4 exhaustive):
 58 deleted vars, 7 deleted constraints, 0 added constraints, 0 tightened bounds, 0 added holes, 6 changed sides, 29 changed coefficients
 0 implications, 192 cliques
presolved problem has 442 variables (442 bin, 0 int, 0 impl, 0 cont) and 186 constraints
    186 constraints of type <setppc>
Presolving Time: 0.01

 time | node  | left  |LP iter|LP it/n|mem/heur|mdpt |vars |cons |rows |cuts |sepa|confs|strbr|  dualbound   | primalbound  |  gap   | compl. 
  0.2s|     1 |     0 |  1880 |     - |  5501k |   0 | 442 | 186 | 186 |   0 |  0 |   0 |   0 | 7.629414e+03 |      --      |    Inf | unknown
d 0.2s|     1 |     0 |  1880 |     - |farkasdi|   0 | 442 | 186 | 186 |   0 |  1 |   0 |   0 | 7.629414e+03 | 2.610193e+03 | 192.29%| unknown
d 0.2s|     1 |     0 |  1998 |     - |farkasdi|   0 | 442 | 186 | 186 |   0 |  1 |   0 |   0 | 7.629414e+03 | 3.491591e+03 | 118.51%| unknown
d 0.2s|     1 |     0 |  2088 |     - |farkasdi|   0 | 442 | 186 | 186 |   0 |  1 |   0 |   0 | 7.629414e+03 | 4.204182e+03 |  81.47%| unknown
d 0.2s|     1 |     0 |  2103 |     - |farkasdi|   0 | 442 | 186 | 186 |   0 |  1 |   0 |   0 | 7.629414e+03 | 5.310120e+03 |  43.68%| unknown
d 0.2s|     1 |     0 |  2121 |     - |farkasdi|   0 | 442 | 186 | 186 |   0 |  1 |   0 |   0 | 7.629414e+03 | 5.344072e+03 |  42.76%| unknown
d 0.2s|     1 |     0 |  2127 |     - |farkasdi|   0 | 442 | 186 | 186 |   0 |  1 |   0 |   0 | 7.629414e+03 | 6.638984e+03 |  14.92%| unknown
d 0.2s|     1 |     0 |  2128 |     - |farkasdi|   0 | 442 | 186 | 186 |   0 |  1 |   0 |   0 | 7.629414e+03 | 7.112706e+03 |   7.26%| unknown
  0.2s|     1 |     0 |  2128 |     - |  5603k |   0 | 442 | 186 | 186 |   0 |  1 |   0 |   0 | 7.629414e+03 | 7.112706e+03 |   7.26%| unknown
  0.3s|     1 |     2 |  2128 |     - |  5673k |   0 | 442 | 186 | 186 |   0 |  2 |   0 |  20 | 7.601134e+03 | 7.112706e+03 |   6.87%| unknown

SCIP Status        : solving was interrupted [node limit reached]
Solving Time (sec) : 0.33
Solving Nodes      : 1
Primal Bound       : +7.11270594362841e+03 (27 solutions)
Dual Bound         : +7.60113392884971e+03
Gap                : 6.87 %
