presolving:
   (0.0s) running MILP presolver
   (0.0s) MILP presolver (2 rounds): 0 aggregations, 17 fixings, 0 bound changes
(round 1, medium)     17 del vars, 0 del conss, 0 add conss, 0 chg bounds, 0 chg sides, 0 chg coeffs, 0 upgd conss, 0 impls, 194 clqs
(round 2, exhaustive) 17 del vars, 7 del conss, 0 add conss, 0 chg bounds, 6 chg sides, 0 chg coeffs, 0 upgd conss, 0 impls, 194 clqs
(round 3, exhaustive) 17 del vars, 7 del conss, 0 add conss, 0 chg bounds, 6 chg sides, 0 chg coeffs, 188 upgd conss, 0 impls, 194 clqs
(round 4, medium)     52 del vars, 7 del conss, 0 add conss, 0 chg bounds, 6 chg sides, 35 chg coeffs, 188 upgd conss, 0 impls, 194 clqs
(round 5, fast)       80 del vars, 9 del conss, 0 add conss, 0 chg bounds, 6 chg sides, 35 chg coeffs, 188 upgd conss, 0 impls, 191 clqs
(round 6, exhaustive) 80 del vars, 16 del conss, 0 add conss, 0 chg bounds, 6 chg sides, 35 chg coeffs, 188 upgd conss, 0 impls, 191 clqs
   (0.0s) probing: 51/420 (12.1%) - 0 fixings, 0 aggregations, 0 implications, 0 bound changes
   (0.0s) probing aborted: 50/50 successive totally useless probings
   (0.0s) symmetry computation started: requiring (bin +, int +, cont +), (fixed: bin -, int -, cont -)
   (0.0s) no symmetry present (symcode time: 0.00)
presolving (7 rounds: 7 fast, 6 medium, 4 exhaustive):
 80 deleted vars, 16 deleted constraints, 0 added constraints, 0 tightened bounds, 0 added holes, 6 changed sides, 35 changed coefficients
 0 implications, 191 cliques
presolved problem has 420 variables (420 bin, 0 int, 0 impl, 0 cont) and 179 constraints
    179 constraints of type <setppc>
Presolving Time: 0.02

 time | node  | left  |LP iter|LP it/n|mem/heur|mdpt |vars |cons |rows |cuts |sepa|confs|strbr|  dualbound   | primalbound  |  gap   | compl. 
  0.1s|     1 |     0 |   988 |     - |  5399k |   0 | 420 | 179 | 179 |   0 |  0 |   0 |   0 | 7.418192e+03 |      --      |    Inf | unknown
d 0.1s|     1 |     0 |   988 |     - |farkasdi|   0 | 420 | 179 | 179 |   0 |  1 |   0 |   0 | 7.418192e+03 | 2.808487e+03 | 164.13%| unknown
d 0.1s|     1 |     0 |  1103 |     - |farkasdi|   0 | 420 | 179 | 179 |   0 |  1 |   0 |   0 | 7.418192e+03 | 6.836656e+03 |   8.51%| unknown
  0.1s|     1 |     0 |  1103 |     - |  5512k |   0 | 420 | 179 | 179 |   0 |  1 |   0 |   0 | 7.418192e+03 | 6.836656e+03 |   8.51%| unknown
  0.2s|     1 |     2 |  1103 |     - |  5699k |   0 | 420 | 179 | 179 |   0 |  2 |   0 |  25 | 7.376064e+03 | 6.836656e+03 |   7.89%| unknown

SCIP Status        : solving was interrupted [node limit reached]
Solving Time (sec) : 0.19
Solving Nodes      : 1
Primal Bound       : +6.83665631235989e+03 (32 solutions)
Dual Bound         : +7.37606435866221e+03
Gap                : 7.89 %
