presolving:
(round 1, fast)       0 del vars, 2 del conss, 0 add conss, 0 chg bounds, 0 chg sides, 0 chg coeffs, 0 upgd conss, 0 impls, 193 clqs
   (0.0s) running MILP presolver
   (0.0s) MILP presolver (2 rounds): 0 aggregations, 12 fixings, 0 bound changes
(round 2, medium)     12 del vars, 2 del conss, 0 add conss, 0 chg bounds, 0 chg sides, 0 chg coeffs, 0 upgd conss, 0 impls, 193 clqs
(round 3, exhaustive) 12 del vars, 8 del conss, 0 add conss, 0 chg bounds, 6 chg sides, 0 chg coeffs, 0 upgd conss, 0 impls, 193 clqs
(round 4, exhaustive) 12 del vars, 8 del conss, 0 add conss, 0 chg bounds, 6 chg sides, 0 chg coeffs, 187 upgd conss, 0 impls, 193 clqs
(round 5, medium)     46 del vars, 8 del conss, 0 add conss, 0 chg bounds, 6 chg sides, 34 chg coeffs, 187 upgd conss, 0 impls, 193 clqs
(round 6, fast)       69 del vars, 9 del conss, 0 add conss, 0 chg bounds, 6 chg sides, 34 chg coeffs, 187 upgd conss, 0 impls, 192 clqs
(round 7, exhaustive) 69 del vars, 14 del conss, 0 add conss, 0 chg bounds, 6 chg sides, 34 chg coeffs, 187 upgd conss, 0 impls, 192 clqs
   (0.0s) probing: 51/431 (11.8%) - 0 fixings, 0 aggregations, 0 implications, 0 bound changes
   (0.0s) probing aborted: 50/50 successive totally useless probings
   (0.0s) symmetry computation started: requiring (bin +, int +, cont +), (fixed: bin -, int -, cont -)
   (0.0s) no symmetry present (symcode time: 0.00)
presolving (8 rounds: 8 fast, 6 medium, 4 exhaustive):
 69 deleted vars, 14 deleted constraints, 0 added constraints, 0 tightened bounds, 0 added holes, 6 changed sides, 34 changed coefficients
 0 implications, 192 cliques
presolved problem has 431 variables (431 bin, 0 int, 0 impl, 0 cont) and 181 constraints
    181 constraints of type <setppc>
Presolving Time: 0.02

 time | node  | left  |LP iter|LP it/n|mem/heur|mdpt |vars |cons |rows |cuts |sepa|confs|strbr|  dualbound   | primalbound  |  gap   | compl. 
  0.1s|     1 |     0 |  1303 |     - |  5494k |   0 | 431 | 181 | 181 |   0 |  0 |   0 |   0 | 8.136618e+03 |      --      |    Inf | unknown
d 0.1s|     1 |     0 |  1303 |     - |farkasdi|   0 | 431 | 181 | 181 |   0 |  1 |   0 |   0 | 8.136618e+03 | 2.702546e+03 | 201.07%| unknown
d 0.1s|     1 |     0 |  1503 |     - |farkasdi|   0 | 431 | 181 | 181 |   0 |  1 |   0 |   0 | 8.136618e+03 | 3.602085e+03 | 125.89%| unknown
d 0.1s|     1 |     0 |  1560 |     - |farkasdi|   0 | 431 | 181 | 181 |   0 |  1 |   0 |   0 | 8.136618e+03 | 7.151837e+03 |  13.77%| unknown
  0.1s|     1 |     0 |  1560 |     - |  5598k |   0 | 431 | 181 | 181 |   0 |  1 |   0 |   0 | 8.136618e+03 | 7.151837e+03 |  13.77%| unknown
  0.3s|     1 |     2 |  1560 |     - |  5745k |   0 | 431 | 181 | 181 |   0 |  2 |   0 |  21 | 8.091840e+03 | 7.151837e+03 |  13.14%| unknown

SCIP Status        : solving was interrupted [node limit reached]
Solving Time (sec) : 0.28
Solving Nodes      : 1
Primal Bound       : +7.15183660802356e+03 (24 solutions)
Dual Bound         : +8.09184036836542e+03
Gap                : 13.14 %
