presolving:
(round 1, fast)       0 del vars, 1 del conss, 0 add conss, 0 chg bounds, 0 chg sides, 0 chg coeffs, 0 upgd conss, 0 impls, 191 clqs
   (0.0s) running MILP presolver
   (0.0s) MILP presolver (2 rounds): 0 aggregations, 17 fixings, 0 bound changes
(round 2, medium)     17 del vars, 1 del conss, 0 add conss, 0 chg bounds, 0 chg sides, 0 chg coeffs, 0 upgd conss, 0 impls, 191 clqs
(round 3, exhaustive) 17 del vars, 4 del conss, 0 add conss, 0 chg bounds, 3 chg sides, 0 chg coeffs, 0 upgd conss, 0 impls, 191 clqs
(round 4, exhaustive) 17 del vars, 4 del conss, 0 add conss, 0 chg bounds, 3 chg sides, 0 chg coeffs, 188 upgd conss, 0 impls, 191 clqs
(round 5, medium)     50 del vars, 4 del conss, 0 add conss, 0 chg bounds, 3 chg sides, 33 chg coeffs, 188 upgd conss, 0 impls, 191 clqs
(round 6, fast)       64 del vars, 4 del conss, 0 add conss, 0 chg bounds, 3 chg sides, 33 chg coeffs, 188 upgd conss, 0 impls, 190 clqs
(round 7, exhaustive) 64 del vars, 6 del conss, 0 add conss, 0 chg bounds, 3 chg sides, 33 chg coeffs, 188 upgd conss, 0 impls, 190 clqs
   (0.0s) probing: 51/436 (11.7%) - 0 fixings, 0 aggregations, 0 implications, 0 bound changes
   (0.0s) probing aborted: 50/50 successive totally useless probings
   (0.0s) symmetry computation started: requiring (bin +, int +, cont +), (fixed: bin -, int -, cont -)
   (0.0s) no symmetry present (symcode time: 0.00)
presolving (8 rounds: 8 fast, 6 medium, 4 exhaustive):
 64 deleted vars, 6 deleted constraints, 0 added constraints, 0 tightened bounds, 0 added holes, 3 changed sides, 33 changed coefficients
 0 implications, 190 cliques
presolved problem has 436 variables (436 bin, 0 int, 0 impl, 0 cont) and 186 constraints
    186 constraints of type <setppc>
Presolving Time: 0.02

 time | node  | left  |LP iter|LP it/n|mem/heur|mdpt |vars |cons |rows |cuts |sepa|confs|strbr|  dualbound   | primalbound  |  gap   | compl. 
  0.1s|     1 |     0 |  1301 |     - |  5587k |   0 | 436 | 186 | 186 |   0 |  0 |   0 |   0 | 7.403927e+03 |      --      |    Inf | unknown
d 0.1s|     1 |     0 |  1301 |     - |farkasdi|   0 | 436 | 186 | 186 |   0 |  1 |   0 |   0 | 7.403927e+03 | 3.494819e+03 | 111.85%| unknown
d 0.1s|     1 |     0 |  1391 |     - |farkasdi|   0 | 436 | 186 | 186 |   0 |  1 |   0 |   0 | 7.403927e+03 | 4.305014e+03 |  71.98%| unknown
d 0.1s|     1 |     0 |  1455 |     - |farkasdi|   0 | 436 | 186 | 186 |   0 |  1 |   0 |   0 | 7.403927e+03 | 5.579479e+03 |  32.70%| unknown
d 0.1s|     1 |     0 |  1459 |     - |farkasdi|   0 | 436 | 186 | 186 |   0 |  1 |   0 |   0 | 7.403927e+03 | 6.812830e+03 |   8.68%| unknown
  0.1s|     1 |     0 |  1459 |     - |  5696k |   0 | 436 | 186 | 186 |   0 |  1 |   0 |   0 | 7.403927e+03 | 6.812830e+03 |   8.68%| unknown
  0.2s|     1 |     2 |  1459 |     - |  5898k |   0 | 436 | 186 | 186 |   0 |  2 |   0 |  36 | 7.343547e+03 | 6.812830e+03 |   7.79%| unknown

SCIP Status        : solving was interrupted [node limit reached]
Solving Time (sec) : 0.25
Solving Nodes      : 1
Primal Bound       : +6.81282971767237e+03 (41 solutions)
Dual Bound         : +7.34354724759230e+03
Gap                : 7.79 %
