presolving:
(round 1, fast)       0 del vars, 1 del conss, 0 add conss, 0 chg bounds, 0 chg sides, 0 chg coeffs, 0 upgd conss, 0 impls, 195 clqs
   (0.0s) running MILP presolver
   (0.0s) MILP presolver (2 rounds): 0 aggregations, 17 fixings, 0 bound changes
(round 2, medium)     17 del vars, 1 del conss, 0 add conss, 0 chg bounds, 0 chg sides, 0 chg coeffs, 0 upgd conss, 0 impls, 195 clqs
(round 3, exhaustive) 17 del vars, 6 del conss, 0 add conss, 0 chg bounds, 5 chg sides, 0 chg coeffs, 0 upgd conss, 0 impls, 195 clqs
(round 4, exhaustive) 17 del vars, 6 del conss, 0 add conss, 0 chg bounds, 5 chg sides, 0 chg coeffs, 190 upgd conss, 0 impls, 195 clqs
(round 5, medium)     56 del vars, 6 del conss, 0 add conss, 0 chg bounds, 5 chg sides, 39 chg coeffs, 190 upgd conss, 0 impls, 195 clqs
(round 6, fast)       81 del vars, 7 del conss, 0 add conss, 0 chg bounds, 5 chg sides, 39 chg coeffs, 190 upgd conss, 0 impls, 194 clqs
(round 7, exhaustive) 81 del vars, 14 del conss, 0 add conss, 0 chg bounds, 5 chg sides, 39 chg coeffs, 190 upgd conss, 0 impls, 194 clqs
   (0.0s) probing: 51/419 (12.2%) - 0 fixings, 0 aggregations, 0 implications, 0 bound changes
   (0.0s) probing aborted: 50/50 successive totally useless probings
   (0.0s) symmetry computation started: requiring (bin +, int +, cont +), (fixed: bin -, int -, cont -)
   (0.0s) no symmetry present (symcode time: 0.00)
presolving (8 rounds: 8 fast, 6 medium, 4 exhaustive):
 81 deleted vars, 14 deleted constraints, 0 added constraints, 0 tightened bounds, 0 added holes, 5 changed sides, 39 changed coefficients
 0 implications, 194 cliques
presolved problem has 419 variables (419 bin, 0 int, 0 impl, 0 cont) and 182 constraints
    182 constraints of type <setppc>
Presolving Time: 0.03

 time | node  | left  |LP iter|LP it/n|mem/heur|mdpt |vars |cons |rows |cuts |sepa|confs|strbr|  dualbound   | primalbound  |  gap   | compl. 
  0.1s|     1 |     0 |  1150 |     - |  5368k |   0 | 419 | 182 | 182 |   0 |  0 |   0 |   0 | 7.311512e+03 |      --      |    Inf | unknown
d 0.1s|     1 |     0 |  1150 |     - |farkasdi|   0 | 419 | 182 | 182 |   0 |  1 |   0 |   0 | 7.311512e+03 | 2.883105e+03 | 153.60%| unknown
d 0.1s|     1 |     0 |  1286 |     - |farkasdi|   0 | 419 | 182 | 182 |   0 |  1 |   0 |   0 | 7.311512e+03 | 5.204225e+03 |  40.49%| unknown
d 0.1s|     1 |     0 |  1301 |     - |farkasdi|   0 | 419 | 182 | 182 |   0 |  1 |   0 |   0 | 7.311512e+03 | 5.829497e+03 |  25.42%| unknown
d 0.1s|     1 |     0 |  1319 |     - |farkasdi|   0 | 419 | 182 | 182 |   0 |  1 |   0 |   0 | 7.311512e+03 | 5.909152e+03 |  23.73%| unknown
d 0.1s|     1 |     0 |  1333 |     - |farkasdi|   0 | 419 | 182 | 182 |   0 |  1 |   0 |   0 | 7.311512e+03 | 6.430446e+03 |  13.70%| unknown
d 0.1s|     1 |     0 |  1334 |     - |farkasdi|   0 | 419 | 182 | 182 |   0 |  1 |   0 |   0 | 7.311512e+03 | 6.830871e+03 |   7.04%| unknown
  0.1s|     1 |     0 |  1334 |     - |  5491k |   0 | 419 | 182 | 182 |   0 |  1 |   0 |   0 | 7.311512e+03 | 6.830871e+03 |   7.04%| unknown
  0.1s|     1 |     0 |  1334 |     - |  5491k |   0 | 419 | 182 | 182 |   0 |  1 |   0 |   0 | 7.311512e+03 | 6.830871e+03 |   7.04%| unknown
  0.2s|     1 |     2 |  1334 |     - |  5711k |   0 | 419 | 182 | 182 |   0 |  2 |   0 |  28 | 7.244997e+03 | 6.830871e+03 |   6.06%| unknown

SCIP Status        : solving was interrupted [node limit reached]
Solving Time (sec) : 0.25
Solving Nodes      : 1
Primal Bound       : +6.83087126411502e+03 (39 solutions)
Dual Bound         : +7.24499717733118e+03
Gap                : 6.06 %
