presolving:
   (0.0s) running MILP presolver
   (0.0s) MILP presolver (2 rounds): 0 aggregations, 10 fixings, 0 bound changes
(round 1, medium)     10 del vars, 0 del conss, 0 add conss, 0 chg bounds, 0 chg sides, 0 chg coeffs, 0 upgd conss, 0 impls, 197 clqs
(round 2, exhaustive) 10 del vars, 0 del conss, 0 add conss, 0 chg bounds, 0 chg sides, 0 chg coeffs, 197 upgd conss, 0 impls, 197 clqs
(round 3, medium)     52 del vars, 0 del conss, 0 add conss, 0 chg bounds, 0 chg sides, 42 chg coeffs, 197 upgd conss, 0 impls, 197 clqs
(round 4, fast)       68 del vars, 2 del conss, 0 add conss, 0 chg bounds, 0 chg sides, 42 chg coeffs, 197 upgd conss, 0 impls, 195 clqs
(round 5, exhaustive) 68 del vars, 5 del conss, 0 add conss, 0 chg bounds, 0 chg sides, 42 chg coeffs, 197 upgd conss, 0 impls, 195 clqs
   (0.0s) probing: 51/432 (11.8%) - 0 fixings, 0 aggregations, 0 implications, 0 bound changes
   (0.0s) probing aborted: 50/50 successive totally useless probings
   (0.0s) symmetry computation started: requiring (bin +, int +, cont +), (fixed: bin -, int -, cont -)
   (0.0s) no symmetry present (symcode time: 0.00)
presolving (6 rounds: 6 fast, 5 medium, 3 exhaustive):
 68 deleted vars, 5 deleted constraints, 0 added constraints, 0 tightened bounds, 0 added holes, 0 changed sides, 42 changed coefficients
 0 implications, 195 cliques
presolved problem has 432 variables (432 bin, 0 int, 0 impl, 0 cont) and 192 constraints
    192 constraints of type <setppc>
Presolving Time: 0.02

 time | node  | left  |LP iter|LP it/n|mem/heur|mdpt |vars |cons |rows |cuts |sepa|confs|strbr|  dualbound   | primalbound  |  gap   | compl. 
  0.1s|     1 |     0 |  1782 |     - |  5271k |   0 | 432 | 192 | 192 |   0 |  0 |   0 |   0 | 8.394238e+03 |      --      |    Inf | unknown
d 0.1s|     1 |     0 |  1782 |     - |farkasdi|   0 | 432 | 192 | 192 |   0 |  1 |   0 |   0 | 8.394238e+03 | 3.291794e+03 | 155.00%| unknown
d 0.1s|     1 |     0 |  1991 |     - |farkasdi|   0 | 432 | 192 | 192 |   0 |  1 |   0 |   0 | 8.394238e+03 | 4.297625e+03 |  95.32%| unknown
d 0.1s|     1 |     0 |  2053 |     - |farkasdi|   0 | 432 | 192 | 192 |   0 |  1 |   0 |   0 | 8.394238e+03 | 5.575877e+03 |  50.55%| unknown
d 0.1s|     1 |     0 |  2078 |     - |farkasdi|   0 | 432 | 192 | 192 |   0 |  1 |   0 |   0 | 8.394238e+03 | 6.291892e+03 |  33.41%| unknown
d 0.1s|     1 |     0 |  2085 |     - |farkasdi|   0 | 432 | 192 | 192 |   0 |  1 |   0 |   0 | 8.394238e+03 | 7.790376e+03 |   7.75%| unknown
  0.1s|     1 |     0 |  2085 |     - |  5361k |   0 | 432 | 192 | 192 |   0 |  1 |   0 |   0 | 8.394238e+03 | 7.790376e+03 |   7.75%| unknown
  0.2s|     1 |     2 |  2085 |     - |  5547k |   0 | 432 | 192 | 192 |   0 |  2 |   0 |  26 | 8.361419e+03 | 7.790376e+03 |   7.33%| unknown

SCIP Status        : solving was interrupted [node limit reached]
Solving Time (sec) : 0.18
Solving Nodes      : 1
Primal Bound       : +7.79037584254778e+03 (32 solutions)
Dual Bound         : +8.36141907340556e+03
Gap                : 7.33 %
