presolving:
(round 1, fast)       0 del vars, 1 del conss, 0 add conss, 0 chg bounds, 0 chg sides, 0 chg coeffs, 0 upgd conss, 0 impls, 194 clqs
   (0.0s) running MILP presolver
   (0.0s) MILP presolver (2 rounds): 0 aggregations, 10 fixings, 0 bound changes
(round 2, medium)     10 del vars, 1 del conss, 0 add conss, 0 chg bounds, 0 chg sides, 0 chg coeffs, 0 upgd conss, 0 impls, 194 clqs
(round 3, exhaustive) 10 del vars, 4 del conss, 0 add conss, 0 chg bounds, 3 chg sides, 0 chg coeffs, 0 upgd conss, 0 impls, 194 clqs
(round 4, exhaustive) 10 del vars, 4 del conss, 0 add conss, 0 chg bounds, 3 chg sides, 0 chg coeffs, 191 upgd conss, 0 impls, 194 clqs
(round 5, medium)     46 del vars, 4 del conss, 0 add conss, 0 chg bounds, 3 chg sides, 36 chg coeffs, 191 upgd conss, 0 impls, 194 clqs
(round 6, fast)       62 del vars, 4 del conss, 0 add conss, 0 chg bounds, 3 chg sides, 36 chg coeffs, 191 upgd conss, 0 impls, 194 clqs
(round 7, exhaustive) 62 del vars, 8 del conss, 0 add conss, 0 chg bounds, 3 chg sides, 36 chg coeffs, 191 upgd conss, 0 impls, 194 clqs
   (0.0s) probing: 51/438 (11.6%) - 0 fixings, 0 aggregations, 0 implications, 0 bound changes
   (0.0s) probing aborted: 50/50 successive totally useless probings
   (0.0s) symmetry computation started: requiring (bin +, int +, cont +), (fixed: bin -, int -, cont -)
   (0.0s) no symmetry present (symcode time: 0.00)
presolving (8 rounds: 8 fast, 6 medium, 4 exhaustive):
 62 deleted vars, 8 deleted constraints, 0 added constraints, 0 tightened bounds, 0 added holes, 3 changed sides, 36 changed coefficients
 0 implications, 194 cliques
presolved problem has 438 variables (438 bin, 0 int, 0 impl, 0 cont) and 187 constraints
    187 constraints of type <setppc>
Presolving Time: 0.02

 time | node  | left  |LP iter|LP it/n|mem/heur|mdpt |vars |cons |rows |cuts |sepa|confs|strbr|  dualbound   | primalbound  |  gap   | compl. 
  0.1s|     1 |     0 |  2474 |     - |  5431k |   0 | 438 | 187 | 187 |   0 |  0 |   0 |   0 | 8.097623e+03 |      --      |    Inf | unknown
d 0.1s|     1 |     0 |  2474 |     - |farkasdi|   0 | 438 | 187 | 187 |   0 |  1 |   0 |   0 | 8.097623e+03 | 3.133773e+03 | 158.40%| unknown
d 0.1s|     1 |     0 |  2595 |     - |farkasdi|   0 | 438 | 187 | 187 |   0 |  1 |   0 |   0 | 8.097623e+03 | 4.135238e+03 |  95.82%| unknown
d 0.1s|     1 |     0 |  2678 |     - |farkasdi|   0 | 438 | 187 | 187 |   0 |  1 |   0 |   0 | 8.097623e+03 | 5.194732e+03 |  55.88%| unknown
d 0.1s|     1 |     0 |  2679 |     - |farkasdi|   0 | 438 | 187 | 187 |   0 |  1 |   0 |   0 | 8.097623e+03 | 5.785046e+03 |  39.98%| unknown
d 0.1s|     1 |     0 |  2691 |     - |farkasdi|   0 | 438 | 187 | 187 |   0 |  1 |   0 |   0 | 8.097623e+03 | 6.719182e+03 |  20.52%| unknown
d 0.1s|     1 |     0 |  2696 |     - |farkasdi|   0 | 438 | 187 | 187 |   0 |  1 |   0 |   0 | 8.097623e+03 | 7.362931e+03 |   9.98%| unknown
  0.1s|     1 |     0 |  2696 |     - |  5583k |   0 | 438 | 187 | 187 |   0 |  1 |   0 |   0 | 8.097623e+03 | 7.362931e+03 |   9.98%| unknown
  0.3s|     1 |     2 |  2696 |     - |  5894k |   0 | 438 | 187 | 187 |   0 |  2 |   0 |  44 | 8.015596e+03 | 7.362931e+03 |   8.86%| unknown

SCIP Status        : solving was interrupted [node limit reached]
Solving Time (sec) : 0.32
Solving Nodes      : 1
Primal Bound       : +7.36293109658674e+03 (60 solutions)
Dual Bound         : +8.01559552539134e+03
Gap                : 8.86 %
