presolving:
(round 1, fast)       1 del vars, 2 del conss, 0 add conss, 0 chg bounds, 0 chg sides, 0 chg coeffs, 0 upgd conss, 0 impls, 194 clqs
(round 2, fast)       2 del vars, 2 del conss, 0 add conss, 0 chg bounds, 0 chg sides, 0 chg coeffs, 0 upgd conss, 0 impls, 194 clqs
   (0.0s) running MILP presolver
   (0.0s) MILP presolver (2 rounds): 0 aggregations, 6 fixings, 0 bound changes
(round 3, medium)     8 del vars, 2 del conss, 0 add conss, 0 chg bounds, 0 chg sides, 0 chg coeffs, 0 upgd conss, 0 impls, 194 clqs
(round 4, exhaustive) 8 del vars, 5 del conss, 0 add conss, 0 chg bounds, 3 chg sides, 0 chg coeffs, 0 upgd conss, 0 impls, 194 clqs
(round 5, exhaustive) 8 del vars, 5 del conss, 0 add conss, 0 chg bounds, 3 chg sides, 0 chg coeffs, 191 upgd conss, 0 impls, 194 clqs
(round 6, medium)     39 del vars, 5 del conss, 0 add conss, 0 chg bounds, 3 chg sides, 31 chg coeffs, 191 upgd conss, 0 impls, 194 clqs
(round 7, fast)       49 del vars, 5 del conss, 0 add conss, 0 chg bounds, 3 chg sides, 31 chg coeffs, 191 upgd conss, 0 impls, 193 clqs
(round 8, exhaustive) 49 del vars, 9 del conss, 0 add conss, 0 chg bounds, 3 chg sides, 31 chg coeffs, 191 upgd conss, 0 impls, 193 clqs
(round 9, exhaustive) 50 del vars, 9 del conss, 0 add conss, 0 chg bounds, 3 chg sides, 31 chg coeffs, 191 upgd conss, 0 impls, 192 clqs
   (0.0s) probing: 51/450 (11.3%) - 0 fixings, 0 aggregations, 0 implications, 0 bound changes
   (0.0s) probing aborted: 50/50 successive totally useless probings
   (0.0s) symmetry computation started: requiring (bin +, int +, cont +), (fixed: bin -, int -, cont -)
   (0.0s) no symmetry present (symcode time: 0.00)
presolving (10 rounds: 10 fast, 7 medium, 5 exhaustive):
 50 deleted vars, 9 deleted constraints, 0 added constraints, 0 tightened bounds, 0 added holes, 3 changed sides, 31 changed coefficients
 0 implications, 192 cliques
presolved problem has 450 variables (450 bin, 0 int, 0 impl, 0 cont) and 187 constraints
    187 constraints of type <setppc>
Presolving Time: 0.02

 time | node  | left  |LP iter|LP it/n|mem/heur|mdpt |vars |cons |rows |cuts |sepa|confs|strbr|  dualbound   | primalbound  |  gap   | compl. 
  0.1s|     1 |     0 |  1888 |     - |  5456k |   0 | 450 | 187 | 187 |   0 |  0 |   0 |   0 | 8.353309e+03 |      --      |    Inf | unknown
d 0.1s|     1 |     0 |  1888 |     - |farkasdi|   0 | 450 | 187 | 187 |   0 |  1 |   0 |   0 | 8.353309e+03 | 2.305506e+03 | 262.32%| unknown
d 0.1s|     1 |     0 |  2067 |     - |farkasdi|   0 | 450 | 187 | 187 |   0 |  1 |   0 |   0 | 8.353309e+03 | 3.104114e+03 | 169.10%| unknown
d 0.1s|     1 |     0 |  2121 |     - |farkasdi|   0 | 450 | 187 | 187 |   0 |  1 |   0 |   0 | 8.353309e+03 | 3.747802e+03 | 122.89%| unknown
d 0.1s|     1 |     0 |  2185 |     - |farkasdi|   0 | 450 | 187 | 187 |   0 |  1 |   0 |   0 | 8.353309e+03 | 6.886815e+03 |  21.29%| unknown
d 0.1s|     1 |     0 |  2204 |     - |farkasdi|   0 | 450 | 187 | 187 |   0 |  1 |   0 |   0 | 8.353309e+03 | 7.711776e+03 |   8.32%| unknown
  0.1s|     1 |     0 |  2204 |     - |  5578k |   0 | 450 | 187 | 187 |   0 |  1 |   0 |   0 | 8.353309e+03 | 7.711776e+03 |   8.32%| unknown
  0.3s|     1 |     2 |  2204 |     - |  5751k |   0 | 450 | 187 | 187 |   0 |  2 |   0 |  39 | 8.312041e+03 | 7.711776e+03 |   7.78%| unknown

SCIP Status        : solving was interrupted [node limit reached]
Solving Time (sec) : 0.27
Solving Nodes      : 1
Primal Bound       : +7.71177616345602e+03 (47 solutions)
Dual Bound         : +8.31204057088341e+03
Gap                : 7.78 %
