presolving:
(round 1, fast)       0 del vars, 1 del conss, 0 add conss, 0 chg bounds, 0 chg sides, 0 chg coeffs, 0 upgd conss, 0 impls, 193 clqs
(round 2, fast)       1 del vars, 1 del conss, 0 add conss, 0 chg bounds, 0 chg sides, 0 chg coeffs, 0 upgd conss, 0 impls, 193 clqs
   (0.0s) running MILP presolver
   (0.0s) MILP presolver (2 rounds): 0 aggregations, 15 fixings, 0 bound changes
(round 3, medium)     16 del vars, 1 del conss, 0 add conss, 0 chg bounds, 0 chg sides, 0 chg coeffs, 0 upgd conss, 0 impls, 193 clqs
(round 4, exhaustive) 16 del vars, 6 del conss, 0 add conss, 0 chg bounds, 5 chg sides, 0 chg coeffs, 0 upgd conss, 0 impls, 193 clqs
(round 5, exhaustive) 16 del vars, 6 del conss, 0 add conss, 0 chg bounds, 5 chg sides, 0 chg coeffs, 188 upgd conss, 0 impls, 193 clqs
(round 6, medium)     50 del vars, 6 del conss, 0 add conss, 0 chg bounds, 5 chg sides, 34 chg coeffs, 188 upgd conss, 0 impls, 193 clqs
(round 7, fast)       70 del vars, 9 del conss, 0 add conss, 0 chg bounds, 5 chg sides, 34 chg coeffs, 188 upgd conss, 0 impls, 190 clqs
(round 8, exhaustive) 70 del vars, 12 del conss, 0 add conss, 0 chg bounds, 5 chg sides, 34 chg coeffs, 188 upgd conss, 0 impls, 190 clqs
   (0.0s) probing: 51/430 (11.9%) - 0 fixings, 0 aggregations, 0 implications, 0 bound changes
   (0.0s) probing aborted: 50/50 successive totally useless probings
   (0.0s) symmetry computation started: requiring (bin +, int +, cont +), (fixed: bin -, int -, cont -)
   (0.0s) no symmetry present (symcode time: 0.00)
presolving (9 rounds: 9 fast, 6 medium, 4 exhaustive):
 70 deleted vars, 12 deleted constraints, 0 added constraints, 0 tightened bounds, 0 added holes, 5 changed sides, 34 changed coefficients
 0 implications, 190 cliques
presolved problem has 430 variables (430 bin, 0 int, 0 impl, 0 cont) and 182 constraints
    182 constraints of type <setppc>
Presolving Time: 0.03

 time | node  | left  |LP iter|LP it/n|mem/heur|mdpt |vars |cons |rows |cuts |sepa|confs|strbr|  dualbound   | primalbound  |  gap   | compl. 
  0.1s|     1 |     0 |  1511 |     - |  5387k |   0 | 430 | 182 | 182 |   0 |  0 |   0 |   0 | 7.770814e+03 |      --      |    Inf | unknown
d 0.1s|     1 |     0 |  1511 |     - |farkasdi|   0 | 430 | 182 | 182 |   0 |  1 |   0 |   0 | 7.770814e+03 | 2.669422e+03 | 191.10%| unknown
d 0.1s|     1 |     0 |  1669 |     - |farkasdi|   0 | 430 | 182 | 182 |   0 |  1 |   0 |   0 | 7.770814e+03 | 3.382606e+03 | 129.73%| unknown
d 0.1s|     1 |     0 |  1731 |     - |farkasdi|   0 | 430 | 182 | 182 |   0 |  1 |   0 |   0 | 7.770814e+03 | 5.227120e+03 |  48.66%| unknown
d 0.1s|     1 |     0 |  1733 |     - |farkasdi|   0 | 430 | 182 | 182 |   0 |  1 |   0 |   0 | 7.770814e+03 | 7.002953e+03 |  10.96%| unknown
  0.1s|     1 |     0 |  1770 |     - |  5832k |   0 | 430 | 183 | 182 |   0 |  1 |   1 |   0 | 7.770814e+03 | 7.002953e+03 |  10.96%| unknown
  0.2s|     1 |     2 |  1770 |     - |  5884k |   0 | 430 | 183 | 182 |   0 |  2 |   1 |  22 | 7.734854e+03 | 7.002953e+03 |  10.45%| unknown

SCIP Status        : solving was interrupted [node limit reached]
Solving Time (sec) : 0.22
Solving Nodes      : 1
Primal Bound       : +7.00295330452224e+03 (28 solutions)
Dual Bound         : +7.73485354408792e+03
Gap                : 10.45 %
