presolving:
   (0.0s) running MILP presolver
   (0.0s) MILP presolver (2 rounds): 0 aggregations, 13 fixings, 0 bound changes
(round 1, medium)     13 del vars, 0 del conss, 0 add conss, 0 chg bounds, 0 chg sides, 0 chg coeffs, 0 upgd conss, 0 impls, 191 clqs
(round 2, fast)       13 del vars, 1 del conss, 0 add conss, 0 chg bounds, 0 chg sides, 0 chg coeffs, 0 upgd conss, 0 impls, 191 clqs
(round 3, exhaustive) 13 del vars, 4 del conss, 0 add conss, 0 chg bounds, 3 chg sides, 0 chg coeffs, 0 upgd conss, 0 impls, 191 clqs
(round 4, exhaustive) 13 del vars, 4 del conss, 0 add conss, 0 chg bounds, 3 chg sides, 0 chg coeffs, 188 upgd conss, 0 impls, 191 clqs
(round 5, medium)     56 del vars, 4 del conss, 0 add conss, 0 chg bounds, 3 chg sides, 43 chg coeffs, 188 upgd conss, 0 impls, 191 clqs
(round 6, fast)       70 del vars, 5 del conss, 0 add conss, 0 chg bounds, 3 chg sides, 43 chg coeffs, 188 upgd conss, 0 impls, 190 clqs
(round 7, exhaustive) 70 del vars, 6 del conss, 0 add conss, 0 chg bounds, 3 chg sides, 43 chg coeffs, 188 upgd conss, 0 impls, 190 clqs
   (0.0s) probing: 51/430 (11.9%) - 0 fixings, 0 aggregations, 0 implications, 0 bound changes
   (0.0s) probing aborted: 50/50 successive totally useless probings
   (0.0s) symmetry computation started: requiring (bin +, int +, cont +), (fixed: bin -, int -, cont -)
   (0.0s) no symmetry present (symcode time: 0.00)
presolving (8 rounds: 8 fast, 6 medium, 4 exhaustive):
 70 deleted vars, 6 deleted constraints, 0 added constraints, 0 tightened bounds, 0 added holes, 3 changed sides, 43 changed coefficients
 0 implications, 190 cliques
presolved problem has 430 variables (430 bin, 0 int, 0 impl, 0 cont) and 186 constraints
    186 constraints of type <setppc>
Presolving Time: 0.02

 time | node  | left  |LP iter|LP it/n|mem/heur|mdpt |vars |cons |rows |cuts |sepa|confs|strbr|  dualbound   | primalbound  |  gap   | compl. 
  0.1s|     1 |     0 |  1404 |     - |  5473k |   0 | 430 | 186 | 186 |   0 |  0 |   0 |   0 | 8.074005e+03 |      --      |    Inf | unknown
d 0.1s|     1 |     0 |  1404 |     - |farkasdi|   0 | 430 | 186 | 186 |   0 |  1 |   0 |   0 | 8.074005e+03 | 3.370699e+03 | 139.54%| unknown
d 0.1s|     1 |     0 |  1545 |     - |farkasdi|   0 | 430 | 186 | 186 |   0 |  1 |   0 |   0 | 8.074005e+03 | 4.256914e+03 |  89.67%| unknown
d 0.1s|     1 |     0 |  1584 |     - |farkasdi|   0 | 430 | 186 | 186 |   0 |  1 |   0 |   0 | 8.074005e+03 | 5.421853e+03 |  48.92%| unknown
d 0.1s|     1 |     0 |  1653 |     - |farkasdi|   0 | 430 | 186 | 186 |   0 |  1 |   0 |   0 | 8.074005e+03 | 5.919059e+03 |  36.41%| unknown
d 0.1s|     1 |     0 |  1665 |     - |farkasdi|   0 | 430 | 186 | 186 |   0 |  1 |   0 |   0 | 8.074005e+03 | 6.469786e+03 |  24.80%| unknown
d 0.1s|     1 |     0 |  1669 |     - |farkasdi|   0 | 430 | 186 | 186 |   0 |  1 |   0 |   0 | 8.074005e+03 | 7.114979e+03 |  13.48%| unknown
d 0.1s|     1 |     0 |  1670 |     - |farkasdi|   0 | 430 | 186 | 186 |   0 |  1 |   0 |   0 | 8.074005e+03 | 7.276969e+03 |  10.95%| unknown
  0.1s|     1 |     0 |  1670 |     - |  5635k |   0 | 430 | 186 | 186 |   0 |  1 |   0 |   0 | 8.074005e+03 | 7.276969e+03 |  10.95%| unknown
  0.2s|     1 |     2 |  1670 |     - |  5703k |   0 | 430 | 186 | 186 |   0 |  2 |   0 |  19 | 7.994480e+03 | 7.276969e+03 |   9.86%| unknown

SCIP Status        : solving was interrupted [node limit reached]
Solving Time (sec) : 0.17
Solving Nodes      : 1
Primal Bound       : +7.27696860514309e+03 (27 solutions)
Dual Bound         : +7.99447982037201e+03
Gap                : 9.86 %
