presolving:
   (0.0s) running MILP presolver
   (0.0s) MILP presolver (2 rounds): 0 aggregations, 10 fixings, 0 bound changes
(round 1, medium)     10 del vars, 0 del conss, 0 add conss, 0 chg bounds, 0 chg sides, 0 chg coeffs, 0 upgd conss, 0 impls, 194 clqs
(round 2, exhaustive) 10 del vars, 1 del conss, 0 add conss, 0 chg bounds, 1 chg sides, 0 chg coeffs, 0 upgd conss, 0 impls, 194 clqs
(round 3, exhaustive) 10 del vars, 1 del conss, 0 add conss, 0 chg bounds, 1 chg sides, 0 chg coeffs, 193 upgd conss, 0 impls, 194 clqs
(round 4, medium)     42 del vars, 1 del conss, 0 add conss, 0 chg bounds, 1 chg sides, 32 chg coeffs, 193 upgd conss, 0 impls, 194 clqs
(round 5, fast)       51 del vars, 1 del conss, 0 add conss, 0 chg bounds, 1 chg sides, 32 chg coeffs, 193 upgd conss, 0 impls, 194 clqs
(round 6, exhaustive) 51 del vars, 4 del conss, 0 add conss, 0 chg bounds, 1 chg sides, 32 chg coeffs, 193 upgd conss, 0 impls, 194 clqs
   (0.0s) probing: 51/449 (11.4%) - 0 fixings, 0 aggregations, 0 implications, 0 bound changes
   (0.0s) probing aborted: 50/50 successive totally useless probings
   (0.0s) symmetry computation started: requiring (bin +, int +, cont +), (fixed: bin -, int -, cont -)
   (0.0s) no symmetry present (symcode time: 0.00)
presolving (7 rounds: 7 fast, 6 medium, 4 exhaustive):
 51 deleted vars, 4 deleted constraints, 0 added constraints, 0 tightened bounds, 0 added holes, 1 changed sides, 32 changed coefficients
 0 implications, 194 cliques
presolved problem has 449 variables (449 bin, 0 int, 0 impl, 0 cont) and 190 constraints
    190 constraints of type <setppc>
Presolving Time: 0.03

 time | node  | left  |LP iter|LP it/n|mem/heur|mdpt |vars |cons |rows |cuts |sepa|confs|strbr|  dualbound   | primalbound  |  gap   | compl. 
  0.2s|     1 |     0 |  2088 |     - |  5532k |   0 | 449 | 190 | 190 |   0 |  0 |   0 |   0 | 7.574161e+03 |      --      |    Inf | unknown
d 0.2s|     1 |     0 |  2088 |     - |farkasdi|   0 | 449 | 190 | 190 |   0 |  1 |   0 |   0 | 7.574161e+03 | 2.443063e+03 | 210.03%| unknown
d 0.2s|     1 |     0 |  2245 |     - |farkasdi|   0 | 449 | 190 | 190 |   0 |  1 |   0 |   0 | 7.574161e+03 | 2.981963e+03 | 154.00%| unknown
d 0.2s|     1 |     0 |  2273 |     - |farkasdi|   0 | 449 | 190 | 190 |   0 |  1 |   0 |   0 | 7.574161e+03 | 3.500115e+03 | 116.40%| unknown
d 0.2s|     1 |     0 |  2349 |     - |farkasdi|   0 | 449 | 190 | 190 |   0 |  1 |   0 |   0 | 7.574161e+03 | 5.511861e+03 |  37.42%| unknown
d 0.2s|     1 |     0 |  2354 |     - |farkasdi|   0 | 449 | 190 | 190 |   0 |  1 |   0 |   0 | 7.574161e+03 | 5.786044e+03 |  30.90%| unknown
d 0.2s|     1 |     0 |  2369 |     - |farkasdi|   0 | 449 | 190 | 190 |   0 |  1 |   0 |   0 | 7.574161e+03 | 7.073175e+03 |   7.08%| unknown
  0.2s|     1 |     0 |  2369 |     - |  5638k |   0 | 449 | 190 | 190 |   0 |  1 |   0 |   0 | 7.574161e+03 | 7.073175e+03 |   7.08%| unknown
  0.4s|     1 |     2 |  2369 |     - |  5799k |   0 | 449 | 190 | 190 |   0 |  2 |   0 |  34 | 7.550798e+03 | 7.073175e+03 |   6.75%| unknown

SCIP Status        : solving was interrupted [node limit reached]
Solving Time (sec) : 0.36
Solving Nodes      : 1
Primal Bound       : +7.07317531942420e+03 (39 solutions)
Dual Bound         : +7.55079816633220e+03
Gap                : 6.75 %
