presolving:
   (0.0s) running MILP presolver
   (0.0s) MILP presolver (2 rounds): 0 aggregations, 17 fixings, 0 bound changes
(round 1, medium)     17 del vars, 0 del conss, 0 add conss, 0 chg bounds, 0 chg sides, 0 chg coeffs, 0 upgd conss, 0 impls, 195 clqs
(round 2, fast)       17 del vars, 2 del conss, 0 add conss, 0 chg bounds, 0 chg sides, 0 chg coeffs, 0 upgd conss, 0 impls, 195 clqs
(round 3, exhaustive) 17 del vars, 4 del conss, 0 add conss, 0 chg bounds, 2 chg sides, 0 chg coeffs, 0 upgd conss, 0 impls, 195 clqs
(round 4, exhaustive) 17 del vars, 4 del conss, 0 add conss, 0 chg bounds, 2 chg sides, 0 chg coeffs, 193 upgd conss, 0 impls, 195 clqs
(round 5, medium)     48 del vars, 4 del conss, 0 add conss, 0 chg bounds, 2 chg sides, 31 chg coeffs, 193 upgd conss, 0 impls, 195 clqs
(round 6, fast)       64 del vars, 5 del conss, 0 add conss, 0 chg bounds, 2 chg sides, 31 chg coeffs, 193 upgd conss, 0 impls, 194 clqs
(round 7, exhaustive) 64 del vars, 9 del conss, 0 add conss, 0 chg bounds, 2 chg sides, 31 chg coeffs, 193 upgd conss, 0 impls, 194 clqs
   (0.0s) probing: 51/436 (11.7%) - 0 fixings, 0 aggregations, 0 implications, 0 bound changes
   (0.0s) probing aborted: 50/50 successive totally useless probings
   (0.0s) symmetry computation started: requiring (bin +, int +, cont +), (fixed: bin -, int -, cont -)
   (0.0s) no symmetry present (symcode time: 0.00)
presolving (8 rounds: 8 fast, 6 medium, 4 exhaustive):
 64 deleted vars, 9 deleted constraints, 0 added constraints, 0 tightened bounds, 0 added holes, 2 changed sides, 31 changed coefficients
 0 implications, 194 cliques
presolved problem has 436 variables (436 bin, 0 int, 0 impl, 0 cont) and 188 constraints
    188 constraints of type <setppc>
Presolving Time: 0.02

 time | node  | left  |LP iter|LP it/n|mem/heur|mdpt |vars |cons |rows |cuts |sepa|confs|strbr|  dualbound   | primalbound  |  gap   | compl. 
  0.1s|     1 |     0 |  1568 |     - |  5501k |   0 | 436 | 188 | 188 |   0 |  0 |   0 |   0 | 7.498686e+03 |      --      |    Inf | unknown
d 0.1s|     1 |     0 |  1568 |     - |farkasdi|   0 | 436 | 188 | 188 |   0 |  1 |   0 |   0 | 7.498686e+03 | 2.365538e+03 | 217.00%| unknown
d 0.1s|     1 |     0 |  1663 |     - |farkasdi|   0 | 436 | 188 | 188 |   0 |  1 |   0 |   0 | 7.498686e+03 | 4.006126e+03 |  87.18%| unknown
d 0.1s|     1 |     0 |  1687 |     - |farkasdi|   0 | 436 | 188 | 188 |   0 |  1 |   0 |   0 | 7.498686e+03 | 5.268231e+03 |  42.34%| unknown
d 0.1s|     1 |     0 |  1697 |     - |farkasdi|   0 | 436 | 188 | 188 |   0 |  1 |   0 |   0 | 7.498686e+03 | 5.706491e+03 |  31.41%| unknown
d 0.1s|     1 |     0 |  1703 |     - |farkasdi|   0 | 436 | 188 | 188 |   0 |  1 |   0 |   0 | 7.498686e+03 | 7.064614e+03 |   6.14%| unknown
  0.1s|     1 |     0 |  1703 |     - |  5638k |   0 | 436 | 188 | 188 |   0 |  1 |   0 |   0 | 7.498686e+03 | 7.064614e+03 |   6.14%| unknown
  0.1s|     1 |     0 |  1703 |     - |  5638k |   0 | 436 | 188 | 188 |   0 |  1 |   0 |   0 | 7.498686e+03 | 7.064614e+03 |   6.14%| unknown
  0.2s|     1 |     2 |  1703 |     - |  5796k |   0 | 436 | 188 | 188 |   0 |  2 |   0 |  28 | 7.445581e+03 | 7.064614e+03 |   5.39%| unknown

SCIP Status        : solving was interrupted [node limit reached]
Solving Time (sec) : 0.22
Solving Nodes      : 1
Primal Bound       : +7.06461434598339e+03 (33 solutions)
Dual Bound         : +7.44558069039930e+03
Gap                : 5.39 %
