presolving:
(round 1, fast)       1 del vars, 2 del conss, 0 add conss, 0 chg bounds, 0 chg sides, 0 chg coeffs, 0 upgd conss, 0 impls, 191 clqs
(round 2, fast)       2 del vars, 2 del conss, 0 add conss, 0 chg bounds, 0 chg sides, 0 chg coeffs, 0 upgd conss, 0 impls, 191 clqs
   (0.0s) running MILP presolver
   (0.0s) MILP presolver (2 rounds): 0 aggregations, 11 fixings, 0 bound changes
(round 3, medium)     13 del vars, 2 del conss, 0 add conss, 0 chg bounds, 0 chg sides, 0 chg coeffs, 0 upgd conss, 0 impls, 191 clqs
(round 4, exhaustive) 13 del vars, 6 del conss, 0 add conss, 0 chg bounds, 4 chg sides, 0 chg coeffs, 0 upgd conss, 0 impls, 191 clqs
(round 5, exhaustive) 13 del vars, 6 del conss, 0 add conss, 0 chg bounds, 4 chg sides, 0 chg coeffs, 187 upgd conss, 0 impls, 191 clqs
(round 6, medium)     48 del vars, 6 del conss, 0 add conss, 0 chg bounds, 4 chg sides, 35 chg coeffs, 187 upgd conss, 0 impls, 191 clqs
(round 7, fast)       56 del vars, 6 del conss, 0 add conss, 0 chg bounds, 4 chg sides, 35 chg coeffs, 187 upgd conss, 0 impls, 191 clqs
(round 8, exhaustive) 56 del vars, 8 del conss, 0 add conss, 0 chg bounds, 4 chg sides, 35 chg coeffs, 187 upgd conss, 0 impls, 191 clqs
   (0.0s) probing: 51/444 (11.5%) - 0 fixings, 0 aggregations, 0 implications, 0 bound changes
   (0.0s) probing aborted: 50/50 successive totally useless probings
   (0.0s) symmetry computation started: requiring (bin +, int +, cont +), (fixed: bin -, int -, cont -)
   (0.0s) no symmetry present (symcode time: 0.00)
presolving (9 rounds: 9 fast, 6 medium, 4 exhaustive):
 56 deleted vars, 8 deleted constraints, 0 added constraints, 0 tightened bounds, 0 added holes, 4 changed sides, 35 changed coefficients
 0 implications, 191 cliques
presolved problem has 444 variables (444 bin, 0 int, 0 impl, 0 cont) and 185 constraints
    185 constraints of type <setppc>
Presolving Time: 0.03

 time | node  | left  |LP iter|LP it/n|mem/heur|mdpt |vars |cons |rows |cuts |sepa|confs|strbr|  dualbound   | primalbound  |  gap   | compl. 
  0.1s|     1 |     0 |  1286 |     - |  5638k |   0 | 444 | 185 | 185 |   0 |  0 |   0 |   0 | 7.477558e+03 |      --      |    Inf | unknown
d 0.1s|     1 |     0 |  1286 |     - |farkasdi|   0 | 444 | 185 | 185 |   0 |  1 |   0 |   0 | 7.477558e+03 | 2.867868e+03 | 160.74%| unknown
d 0.1s|     1 |     0 |  1464 |     - |farkasdi|   0 | 444 | 185 | 185 |   0 |  1 |   0 |   0 | 7.477558e+03 | 3.828854e+03 |  95.29%| unknown
d 0.1s|     1 |     0 |  1545 |     - |farkasdi|   0 | 444 | 185 | 185 |   0 |  1 |   0 |   0 | 7.477558e+03 | 4.276755e+03 |  74.84%| unknown
d 0.1s|     1 |     0 |  1567 |     - |farkasdi|   0 | 444 | 185 | 185 |   0 |  1 |   0 |   0 | 7.477558e+03 | 4.742614e+03 |  57.67%| unknown
d 0.1s|     1 |     0 |  1573 |     - |farkasdi|   0 | 444 | 185 | 185 |   0 |  1 |   0 |   0 | 7.477558e+03 | 6.902937e+03 |   8.32%| unknown
  0.1s|     1 |     0 |  1573 |     - |  5753k |   0 | 444 | 185 | 185 |   0 |  1 |   0 |   0 | 7.477558e+03 | 6.902937e+03 |   8.32%| unknown
  0.1s|     1 |     0 |  1573 |     - |  5753k |   0 | 444 | 185 | 185 |   0 |  1 |   0 |   0 | 7.477558e+03 | 6.902937e+03 |   8.32%| unknown
  0.3s|     1 |     2 |  1573 |     - |  5929k |   0 | 444 | 185 | 185 |   0 |  2 |   0 |  36 | 7.447327e+03 | 6.902937e+03 |   7.89%| unknown

SCIP Status        : solving was interrupted [node limit reached]
Solving Time (sec) : 0.32
Solving Nodes      : 1
Primal Bound       : +6.90293663465155e+03 (42 solutions)
Dual Bound         : +7.44732676674662e+03
Gap                : 7.89 %
