presolving:
   (0.0s) running MILP presolver
   (0.0s) MILP presolver (2 rounds): 0 aggregations, 19 fixings, 0 bound changes
(round 1, medium)     19 del vars, 0 del conss, 0 add conss, 0 chg bounds, 0 chg sides, 0 chg coeffs, 0 upgd conss, 0 impls, 189 clqs
(round 2, exhaustive) 19 del vars, 5 del conss, 0 add conss, 0 chg bounds, 5 chg sides, 0 chg coeffs, 0 upgd conss, 0 impls, 189 clqs
(round 3, exhaustive) 19 del vars, 5 del conss, 0 add conss, 0 chg bounds, 5 chg sides, 0 chg coeffs, 184 upgd conss, 0 impls, 189 clqs
(round 4, medium)     52 del vars, 5 del conss, 0 add conss, 0 chg bounds, 5 chg sides, 33 chg coeffs, 184 upgd conss, 0 impls, 188 clqs
(round 5, fast)       61 del vars, 6 del conss, 0 add conss, 0 chg bounds, 5 chg sides, 33 chg coeffs, 184 upgd conss, 0 impls, 187 clqs
(round 6, exhaustive) 61 del vars, 9 del conss, 0 add conss, 0 chg bounds, 5 chg sides, 33 chg coeffs, 184 upgd conss, 0 impls, 187 clqs
   (0.0s) probing: 51/439 (11.6%) - 0 fixings, 0 aggregations, 0 implications, 0 bound changes
   (0.0s) probing aborted: 50/50 successive totally useless probings
   (0.0s) symmetry computation started: requiring (bin +, int +, cont +), (fixed: bin -, int -, cont -)
   (0.0s) no symmetry present (symcode time: 0.00)
presolving (7 rounds: 7 fast, 6 medium, 4 exhaustive):
 61 deleted vars, 9 deleted constraints, 0 added constraints, 0 tightened bounds, 0 added holes, 5 changed sides, 33 changed coefficients
 0 implications, 187 cliques
presolved problem has 439 variables (439 bin, 0 int, 0 impl, 0 cont) and 180 constraints
    180 constraints of type <setppc>
Presolving Time: 0.03

 time | node  | left  |LP iter|LP it/n|mem/heur|mdpt |vars |cons |rows |cuts |sepa|confs|strbr|  dualbound   | primalbound  |  gap   | compl. 
  0.1s|     1 |     0 |  1120 |     - |  5414k |   0 | 439 | 180 | 180 |   0 |  0 |   0 |   0 | 7.740439e+03 |      --      |    Inf | unknown
d 0.1s|     1 |     0 |  1120 |     - |farkasdi|   0 | 439 | 180 | 180 |   0 |  1 |   0 |   0 | 7.740439e+03 | 2.860595e+03 | 170.59%| unknown
d 0.1s|     1 |     0 |  1254 |     - |farkasdi|   0 | 439 | 180 | 180 |   0 |  1 |   0 |   0 | 7.740439e+03 | 3.302851e+03 | 134.36%| unknown
d 0.1s|     1 |     0 |  1307 |     - |farkasdi|   0 | 439 | 180 | 180 |   0 |  1 |   0 |   0 | 7.740439e+03 | 4.813354e+03 |  60.81%| unknown
d 0.1s|     1 |     0 |  1328 |     - |farkasdi|   0 | 439 | 180 | 180 |   0 |  1 |   0 |   0 | 7.740439e+03 | 5.841876e+03 |  32.50%| unknown
d 0.2s|     1 |     0 |  1342 |     - |farkasdi|   0 | 439 | 180 | 180 |   0 |  1 |   0 |   0 | 7.740439e+03 | 7.247717e+03 |   6.80%| unknown
  0.2s|     1 |     0 |  1342 |     - |  5523k |   0 | 439 | 180 | 180 |   0 |  1 |   0 |   0 | 7.740439e+03 | 7.247717e+03 |   6.80%| unknown
  0.4s|     1 |     2 |  1342 |     - |  5744k |   0 | 439 | 180 | 180 |   0 |  2 |   0 |  27 | 7.700313e+03 | 7.247717e+03 |   6.24%| unknown

SCIP Status        : solving was interrupted [node limit reached]
Solving Time (sec) : 0.43
Solving Nodes      : 1
Primal Bound       : +7.24771659520702e+03 (35 solutions)
Dual Bound         : +7.70031291827043e+03
Gap                : 6.24 %
