presolving:
   (0.0s) running MILP presolver
   (0.0s) MILP presolver (2 rounds): 0 aggregations, 19 fixings, 0 bound changes
(round 1, medium)     19 del vars, 0 del conss, 0 add conss, 0 chg bounds, 0 chg sides, 0 chg coeffs, 0 upgd conss, 0 impls, 182 clqs
(round 2, exhaustive) 19 del vars, 4 del conss, 0 add conss, 0 chg bounds, 4 chg sides, 0 chg coeffs, 0 upgd conss, 0 impls, 182 clqs
(round 3, exhaustive) 19 del vars, 4 del conss, 0 add conss, 0 chg bounds, 4 chg sides, 0 chg coeffs, 178 upgd conss, 0 impls, 182 clqs
(round 4, medium)     53 del vars, 4 del conss, 0 add conss, 0 chg bounds, 4 chg sides, 34 chg coeffs, 178 upgd conss, 0 impls, 182 clqs
(round 5, fast)       64 del vars, 4 del conss, 0 add conss, 0 chg bounds, 4 chg sides, 34 chg coeffs, 178 upgd conss, 0 impls, 182 clqs
(round 6, exhaustive) 64 del vars, 5 del conss, 0 add conss, 0 chg bounds, 4 chg sides, 34 chg coeffs, 178 upgd conss, 0 impls, 182 clqs
   (0.0s) probing: 51/436 (11.7%) - 0 fixings, 0 aggregations, 0 implications, 0 bound changes
   (0.0s) probing aborted: 50/50 successive totally useless probings
   (0.0s) symmetry computation started: requiring (bin +, int +, cont +), (fixed: bin -, int -, cont -)
   (0.0s) no symmetry present (symcode time: 0.00)
presolving (7 rounds: 7 fast, 6 medium, 4 exhaustive):
 64 deleted vars, 5 deleted constraints, 0 added constraints, 0 tightened bounds, 0 added holes, 4 changed sides, 34 changed coefficients
 0 implications, 182 cliques
presolved problem has 436 variables (436 bin, 0 int, 0 impl, 0 cont) and 177 constraints
    177 constraints of type <setppc>
Presolving Time: 0.03

 time | node  | left  |LP iter|LP it/n|mem/heur|mdpt |vars |cons |rows |cuts |sepa|confs|strbr|  dualbound   | primalbound  |  gap   | compl. 
  0.1s|     1 |     0 |  1308 |     - |  5498k |   0 | 436 | 177 | 177 |   0 |  0 |   0 |   0 | 7.554062e+03 |      --      |    Inf | unknown
d 0.1s|     1 |     0 |  1308 |     - |farkasdi|   0 | 436 | 177 | 177 |   0 |  1 |   0 |   0 | 7.554062e+03 | 2.544945e+03 | 196.83%| unknown
d 0.2s|     1 |     0 |  1501 |     - |farkasdi|   0 | 436 | 177 | 177 |   0 |  1 |   0 |   0 | 7.554062e+03 | 3.808132e+03 |  98.37%| unknown
d 0.2s|     1 |     0 |  1547 |     - |farkasdi|   0 | 436 | 177 | 177 |   0 |  1 |   0 |   0 | 7.554062e+03 | 5.553975e+03 |  36.01%| unknown
d 0.2s|     1 |     0 |  1557 |     - |farkasdi|   0 | 436 | 177 | 177 |   0 |  1 |   0 |   0 | 7.554062e+03 | 6.772561e+03 |  11.54%| unknown
  0.2s|     1 |     0 |  1557 |     - |  5619k |   0 | 436 | 177 | 177 |   0 |  1 |   0 |   0 | 7.554062e+03 | 6.772561e+03 |  11.54%| unknown
  0.5s|     1 |     2 |  1557 |     - |  5777k |   0 | 436 | 177 | 177 |   0 |  2 |   0 |  41 | 7.520691e+03 | 6.772561e+03 |  11.05%| unknown

SCIP Status        : solving was interrupted [node limit reached]
Solving Time (sec) : 0.48
Solving Nodes      : 1
Primal Bound       : +6.77256145059413e+03 (46 solutions)
Dual Bound         : +7.52069123768876e+03
Gap                : 11.05 %
