presolving:
   (0.0s) running MILP presolver
   (0.0s) MILP presolver (2 rounds): 0 aggregations, 26 fixings, 0 bound changes
(round 1, medium)     26 del vars, 0 del conss, 0 add conss, 0 chg bounds, 0 chg sides, 0 chg coeffs, 0 upgd conss, 0 impls, 189 clqs
(round 2, exhaustive) 26 del vars, 2 del conss, 0 add conss, 0 chg bounds, 2 chg sides, 0 chg coeffs, 0 upgd conss, 0 impls, 189 clqs
(round 3, exhaustive) 26 del vars, 2 del conss, 0 add conss, 0 chg bounds, 2 chg sides, 0 chg coeffs, 187 upgd conss, 0 impls, 189 clqs
(round 4, medium)     65 del vars, 2 del conss, 0 add conss, 0 chg bounds, 2 chg sides, 39 chg coeffs, 187 upgd conss, 0 impls, 189 clqs
(round 5, fast)       91 del vars, 3 del conss, 0 add conss, 0 chg bounds, 2 chg sides, 39 chg coeffs, 187 upgd conss, 0 impls, 188 clqs
(round 6, exhaustive) 91 del vars, 8 del conss, 0 add conss, 0 chg bounds, 2 chg sides, 39 chg coeffs, 187 upgd conss, 0 impls, 188 clqs
(round 7, exhaustive) 92 del vars, 8 del conss, 0 add conss, 0 chg bounds, 2 chg sides, 39 chg coeffs, 187 upgd conss, 0 impls, 188 clqs
   (0.0s) probing: 51/408 (12.5%) - 0 fixings, 0 aggregations, 0 implications, 0 bound changes
   (0.0s) probing aborted: 50/50 successive totally useless probings
   (0.0s) symmetry computation started: requiring (bin +, int +, cont +), (fixed: bin -, int -, cont -)
   (0.0s) no symmetry present (symcode time: 0.00)
presolving (8 rounds: 8 fast, 7 medium, 5 exhaustive):
 92 deleted vars, 8 deleted constraints, 0 added constraints, 0 tightened bounds, 0 added holes, 2 changed sides, 39 changed coefficients
 0 implications, 188 cliques
presolved problem has 408 variables (408 bin, 0 int, 0 impl, 0 cont) and 181 constraints
    181 constraints of type <setppc>
Presolving Time: 0.02

 time | node  | left  |LP iter|LP it/n|mem/heur|mdpt |vars |cons |rows |cuts |sepa|confs|strbr|  dualbound   | primalbound  |  gap   | compl. 
  0.1s|     1 |     0 |  1700 |     - |  5092k |   0 | 408 | 181 | 181 |   0 |  0 |   0 |   0 | 7.834980e+03 |      --      |    Inf | unknown
d 0.1s|     1 |     0 |  1700 |     - |farkasdi|   0 | 408 | 181 | 181 |   0 |  1 |   0 |   0 | 7.834980e+03 | 2.937369e+03 | 166.73%| unknown
d 0.1s|     1 |     0 |  1794 |     - |farkasdi|   0 | 408 | 181 | 181 |   0 |  1 |   0 |   0 | 7.834980e+03 | 4.017369e+03 |  95.03%| unknown
d 0.1s|     1 |     0 |  1836 |     - |farkasdi|   0 | 408 | 181 | 181 |   0 |  1 |   0 |   0 | 7.834980e+03 | 4.631141e+03 |  69.18%| unknown
d 0.1s|     1 |     0 |  1855 |     - |farkasdi|   0 | 408 | 181 | 181 |   0 |  1 |   0 |   0 | 7.834980e+03 | 7.413775e+03 |   5.68%| unknown
  0.1s|     1 |     0 |  1855 |     - |  5195k |   0 | 408 | 181 | 181 |   0 |  1 |   0 |   0 | 7.834980e+03 | 7.413775e+03 |   5.68%| unknown
  0.2s|     1 |     2 |  1855 |     - |  5277k |   0 | 408 | 181 | 181 |   0 |  2 |   0 |  20 | 7.797242e+03 | 7.413775e+03 |   5.17%| unknown

SCIP Status        : solving was interrupted [node limit reached]
Solving Time (sec) : 0.18
Solving Nodes      : 1
Primal Bound       : +7.41377517728906e+03 (28 solutions)
Dual Bound         : +7.79724206680804e+03
Gap                : 5.17 %
