presolving:
   (0.0s) running MILP presolver
   (0.0s) MILP presolver (2 rounds): 0 aggregations, 17 fixings, 0 bound changes
(round 1, medium)     17 del vars, 0 del conss, 0 add conss, 0 chg bounds, 0 chg sides, 0 chg coeffs, 0 upgd conss, 0 impls, 194 clqs
(round 2, exhaustive) 17 del vars, 4 del conss, 0 add conss, 0 chg bounds, 4 chg sides, 0 chg coeffs, 0 upgd conss, 0 impls, 194 clqs
(round 3, exhaustive) 17 del vars, 4 del conss, 0 add conss, 0 chg bounds, 4 chg sides, 0 chg coeffs, 190 upgd conss, 0 impls, 194 clqs
(round 4, medium)     58 del vars, 4 del conss, 0 add conss, 0 chg bounds, 4 chg sides, 41 chg coeffs, 190 upgd conss, 0 impls, 194 clqs
(round 5, fast)       81 del vars, 5 del conss, 0 add conss, 0 chg bounds, 4 chg sides, 41 chg coeffs, 190 upgd conss, 0 impls, 193 clqs
(round 6, exhaustive) 81 del vars, 11 del conss, 0 add conss, 0 chg bounds, 4 chg sides, 41 chg coeffs, 190 upgd conss, 0 impls, 193 clqs
   (0.0s) probing: 51/419 (12.2%) - 0 fixings, 0 aggregations, 0 implications, 0 bound changes
   (0.0s) probing aborted: 50/50 successive totally useless probings
   (0.0s) symmetry computation started: requiring (bin +, int +, cont +), (fixed: bin -, int -, cont -)
   (0.0s) no symmetry present (symcode time: 0.00)
presolving (7 rounds: 7 fast, 6 medium, 4 exhaustive):
 81 deleted vars, 11 deleted constraints, 0 added constraints, 0 tightened bounds, 0 added holes, 4 changed sides, 41 changed coefficients
 0 implications, 193 cliques
presolved problem has 419 variables (419 bin, 0 int, 0 impl, 0 cont) and 183 constraints
    183 constraints of type <setppc>
Presolving Time: 0.02

 time | node  | left  |LP iter|LP it/n|mem/heur|mdpt |vars |cons |rows |cuts |sepa|confs|strbr|  dualbound   | primalbound  |  gap   | compl. 
  0.1s|     1 |     0 |  1639 |     - |  5411k |   0 | 419 | 183 | 183 |   0 |  0 |   0 |   0 | 8.024469e+03 |      --      |    Inf | unknown
d 0.1s|     1 |     0 |  1639 |     - |farkasdi|   0 | 419 | 183 | 183 |   0 |  1 |   0 |   0 | 8.024469e+03 | 3.340121e+03 | 140.24%| unknown
d 0.1s|     1 |     0 |  1759 |     - |farkasdi|   0 | 419 | 183 | 183 |   0 |  1 |   0 |   0 | 8.024469e+03 | 3.799930e+03 | 111.17%| unknown
d 0.1s|     1 |     0 |  1785 |     - |farkasdi|   0 | 419 | 183 | 183 |   0 |  1 |   0 |   0 | 8.024469e+03 | 4.533186e+03 |  77.02%| unknown
d 0.1s|     1 |     0 |  1808 |     - |farkasdi|   0 | 419 | 183 | 183 |   0 |  1 |   0 |   0 | 8.024469e+03 | 6.843984e+03 |  17.25%| unknown
d 0.1s|     1 |     0 |  1816 |     - |farkasdi|   0 | 419 | 183 | 183 |   0 |  1 |   0 |   0 | 8.024469e+03 | 7.250644e+03 |  10.67%| unknown
d 0.1s|     1 |     0 |  1824 |     - |farkasdi|   0 | 419 | 183 | 183 |   0 |  1 |   0 |   0 | 8.024469e+03 | 7.635327e+03 |   5.10%| unknown
  0.1s|     1 |     0 |  1824 |     - |  5528k |   0 | 419 | 183 | 183 |   0 |  1 |   0 |   0 | 8.024469e+03 | 7.635327e+03 |   5.10%| unknown
  0.1s|     1 |     0 |  1824 |     - |  5528k |   0 | 419 | 183 | 183 |   0 |  1 |   0 |   0 | 8.024469e+03 | 7.635327e+03 |   5.10%| unknown
  0.2s|     1 |     2 |  1824 |     - |  5751k |   0 | 419 | 183 | 183 |   0 |  2 |   0 |  19 | 7.981276e+03 | 7.635327e+03 |   4.53%| unknown

SCIP Status        : solving was interrupted [node limit reached]
Solving Time (sec) : 0.18
Solving Nodes      : 1
Primal Bound       : +7.63532747290647e+03 (34 solutions)
Dual Bound         : +7.98127624353855e+03
Gap                : 4.53 %
