presolving:
(round 1, fast)       1 del vars, 1 del conss, 0 add conss, 0 chg bounds, 0 chg sides, 0 chg coeffs, 0 upgd conss, 0 impls, 195 clqs
   (0.0s) running MILP presolver
   (0.0s) MILP presolver (2 rounds): 0 aggregations, 13 fixings, 0 bound changes
(round 2, medium)     14 del vars, 1 del conss, 0 add conss, 0 chg bounds, 0 chg sides, 0 chg coeffs, 0 upgd conss, 0 impls, 195 clqs
(round 3, exhaustive) 14 del vars, 5 del conss, 0 add conss, 0 chg bounds, 4 chg sides, 0 chg coeffs, 0 upgd conss, 0 impls, 195 clqs
(round 4, exhaustive) 14 del vars, 5 del conss, 0 add conss, 0 chg bounds, 4 chg sides, 0 chg coeffs, 191 upgd conss, 0 impls, 195 clqs
(round 5, medium)     49 del vars, 5 del conss, 0 add conss, 0 chg bounds, 4 chg sides, 35 chg coeffs, 191 upgd conss, 0 impls, 195 clqs
(round 6, fast)       72 del vars, 6 del conss, 0 add conss, 0 chg bounds, 4 chg sides, 35 chg coeffs, 191 upgd conss, 0 impls, 194 clqs
(round 7, exhaustive) 72 del vars, 11 del conss, 0 add conss, 0 chg bounds, 4 chg sides, 35 chg coeffs, 191 upgd conss, 0 impls, 194 clqs
   (0.0s) probing: 51/428 (11.9%) - 0 fixings, 0 aggregations, 0 implications, 0 bound changes
   (0.0s) probing aborted: 50/50 successive totally useless probings
   (0.0s) symmetry computation started: requiring (bin +, int +, cont +), (fixed: bin -, int -, cont -)
   (0.0s) no symmetry present (symcode time: 0.00)
presolving (8 rounds: 8 fast, 6 medium, 4 exhaustive):
 72 deleted vars, 11 deleted constraints, 0 added constraints, 0 tightened bounds, 0 added holes, 4 changed sides, 35 changed coefficients
 0 implications, 194 cliques
presolved problem has 428 variables (428 bin, 0 int, 0 impl, 0 cont) and 185 constraints
    185 constraints of type <setppc>
Presolving Time: 0.03

 time | node  | left  |LP iter|LP it/n|mem/heur|mdpt |vars |cons |rows |cuts |sepa|confs|strbr|  dualbound   | primalbound  |  gap   | compl. 
  0.1s|     1 |     0 |  1007 |     - |  5464k |   0 | 428 | 185 | 185 |   0 |  0 |   0 |   0 | 7.704253e+03 |      --      |    Inf | unknown
d 0.1s|     1 |     0 |  1007 |     - |farkasdi|   0 | 428 | 185 | 185 |   0 |  1 |   0 |   0 | 7.704253e+03 | 2.644943e+03 | 191.28%| unknown
d 0.1s|     1 |     0 |  1082 |     - |farkasdi|   0 | 428 | 185 | 185 |   0 |  1 |   0 |   0 | 7.704253e+03 | 3.554529e+03 | 116.74%| unknown
d 0.1s|     1 |     0 |  1171 |     - |farkasdi|   0 | 428 | 185 | 185 |   0 |  1 |   0 |   0 | 7.704253e+03 | 4.129333e+03 |  86.57%| unknown
d 0.1s|     1 |     0 |  1217 |     - |farkasdi|   0 | 428 | 185 | 185 |   0 |  1 |   0 |   0 | 7.704253e+03 | 4.697711e+03 |  64.00%| unknown
d 0.1s|     1 |     0 |  1241 |     - |farkasdi|   0 | 428 | 185 | 185 |   0 |  1 |   0 |   0 | 7.704253e+03 | 5.824202e+03 |  32.28%| unknown
d 0.1s|     1 |     0 |  1245 |     - |farkasdi|   0 | 428 | 185 | 185 |   0 |  1 |   0 |   0 | 7.704253e+03 | 6.308829e+03 |  22.12%| unknown
d 0.1s|     1 |     0 |  1250 |     - |farkasdi|   0 | 428 | 185 | 185 |   0 |  1 |   0 |   0 | 7.704253e+03 | 6.800494e+03 |  13.29%| unknown
  0.1s|     1 |     0 |  1250 |     - |  5568k |   0 | 428 | 185 | 185 |   0 |  1 |   0 |   0 | 7.704253e+03 | 6.800494e+03 |  13.29%| unknown
  0.4s|     1 |     2 |  1250 |     - |  5692k |   0 | 428 | 185 | 185 |   0 |  2 |   0 |  29 | 7.666239e+03 | 6.800494e+03 |  12.73%| unknown

SCIP Status        : solving was interrupted [node limit reached]
Solving Time (sec) : 0.35
Solving Nodes      : 1
Primal Bound       : +6.80049389088263e+03 (37 solutions)
Dual Bound         : +7.66623911759214e+03
Gap                : 12.73 %
