presolving:
   (0.0s) running MILP presolver
   (0.0s) MILP presolver (2 rounds): 0 aggregations, 8 fixings, 0 bound changes
(round 1, medium)     8 del vars, 0 del conss, 0 add conss, 0 chg bounds, 0 chg sides, 0 chg coeffs, 0 upgd conss, 0 impls, 190 clqs
(round 2, fast)       8 del vars, 1 del conss, 0 add conss, 0 chg bounds, 0 chg sides, 0 chg coeffs, 0 upgd conss, 0 impls, 190 clqs
(round 3, exhaustive) 8 del vars, 6 del conss, 0 add conss, 0 chg bounds, 5 chg sides, 0 chg coeffs, 0 upgd conss, 0 impls, 190 clqs
(round 4, exhaustive) 8 del vars, 6 del conss, 0 add conss, 0 chg bounds, 5 chg sides, 0 chg coeffs, 185 upgd conss, 0 impls, 190 clqs
(round 5, medium)     38 del vars, 6 del conss, 0 add conss, 0 chg bounds, 5 chg sides, 30 chg coeffs, 185 upgd conss, 0 impls, 190 clqs
(round 6, fast)       45 del vars, 6 del conss, 0 add conss, 0 chg bounds, 5 chg sides, 30 chg coeffs, 185 upgd conss, 0 impls, 190 clqs
   (0.0s) probing: 51/455 (11.2%) - 0 fixings, 0 aggregations, 0 implications, 0 bound changes
   (0.0s) probing aborted: 50/50 successive totally useless probings
   (0.0s) symmetry computation started: requiring (bin +, int +, cont +), (fixed: bin -, int -, cont -)
   (0.0s) no symmetry present (symcode time: 0.00)
presolving (7 rounds: 7 fast, 5 medium, 3 exhaustive):
 45 deleted vars, 6 deleted constraints, 0 added constraints, 0 tightened bounds, 0 added holes, 5 changed sides, 30 changed coefficients
 0 implications, 190 cliques
presolved problem has 455 variables (455 bin, 0 int, 0 impl, 0 cont) and 185 constraints
    185 constraints of type <setppc>
Presolving Time: 0.02

 time | node  | left  |LP iter|LP it/n|mem/heur|mdpt |vars |cons |rows |cuts |sepa|confs|strbr|  dualbound   | primalbound  |  gap   | compl. 
  0.1s|     1 |     0 |  1136 |     - |  5651k |   0 | 455 | 185 | 185 |   0 |  0 |   0 |   0 | 7.024720e+03 |      --      |    Inf | unknown
d 0.1s|     1 |     0 |  1136 |     - |farkasdi|   0 | 455 | 185 | 185 |   0 |  1 |   0 |   0 | 7.024720e+03 | 2.151988e+03 | 226.43%| unknown
d 0.1s|     1 |     0 |  1257 |     - |farkasdi|   0 | 455 | 185 | 185 |   0 |  1 |   0 |   0 | 7.024720e+03 | 3.093480e+03 | 127.08%| unknown
d 0.1s|     1 |     0 |  1290 |     - |farkasdi|   0 | 455 | 185 | 185 |   0 |  1 |   0 |   0 | 7.024720e+03 | 3.854720e+03 |  82.24%| unknown
d 0.1s|     1 |     0 |  1322 |     - |farkasdi|   0 | 455 | 185 | 185 |   0 |  1 |   0 |   0 | 7.024720e+03 | 4.510123e+03 |  55.75%| unknown
d 0.1s|     1 |     0 |  1343 |     - |farkasdi|   0 | 455 | 185 | 185 |   0 |  1 |   0 |   0 | 7.024720e+03 | 5.164332e+03 |  36.02%| unknown
d 0.1s|     1 |     0 |  1348 |     - |farkasdi|   0 | 455 | 185 | 185 |   0 |  1 |   0 |   0 | 7.024720e+03 | 6.288138e+03 |  11.71%| unknown
d 0.1s|     1 |     0 |  1350 |     - |farkasdi|   0 | 455 | 185 | 185 |   0 |  1 |   0 |   0 | 7.024720e+03 | 6.473278e+03 |   8.52%| unknown
  0.1s|     1 |     0 |  1350 |     - |  5794k |   0 | 455 | 185 | 185 |   0 |  1 |   0 |   0 | 7.024720e+03 | 6.473278e+03 |   8.52%| unknown
  0.2s|     1 |     2 |  1350 |     - |  5882k |   0 | 455 | 185 | 185 |   0 |  2 |   0 |  20 | 6.989802e+03 | 6.473278e+03 |   7.98%| unknown

SCIP Status        : solving was interrupted [node limit reached]
Solving Time (sec) : 0.17
Solving Nodes      : 1
Primal Bound       : +6.47327785236329e+03 (26 solutions)
Dual Bound         : +6.98980233415066e+03
Gap                : 7.98 %
