presolving:
(round 1, fast)       0 del vars, 1 del conss, 0 add conss, 0 chg bounds, 0 chg sides, 0 chg coeffs, 0 upgd conss, 0 impls, 195 clqs
(round 2, fast)       1 del vars, 1 del conss, 0 add conss, 0 chg bounds, 0 chg sides, 0 chg coeffs, 0 upgd conss, 0 impls, 195 clqs
   (0.0s) running MILP presolver
   (0.0s) MILP presolver (2 rounds): 0 aggregations, 14 fixings, 0 bound changes
(round 3, medium)     15 del vars, 1 del conss, 0 add conss, 0 chg bounds, 0 chg sides, 0 chg coeffs, 0 upgd conss, 0 impls, 195 clqs
(round 4, exhaustive) 15 del vars, 3 del conss, 0 add conss, 0 chg bounds, 2 chg sides, 0 chg coeffs, 0 upgd conss, 0 impls, 195 clqs
(round 5, exhaustive) 15 del vars, 3 del conss, 0 add conss, 0 chg bounds, 2 chg sides, 0 chg coeffs, 193 upgd conss, 0 impls, 195 clqs
(round 6, medium)     43 del vars, 3 del conss, 0 add conss, 0 chg bounds, 2 chg sides, 28 chg coeffs, 193 upgd conss, 0 impls, 195 clqs
(round 7, fast)       46 del vars, 3 del conss, 0 add conss, 0 chg bounds, 2 chg sides, 28 chg coeffs, 193 upgd conss, 0 impls, 195 clqs
   (0.0s) probing: 51/454 (11.2%) - 0 fixings, 0 aggregations, 0 implications, 0 bound changes
   (0.0s) probing aborted: 50/50 successive totally useless probings
   (0.0s) symmetry computation started: requiring (bin +, int +, cont +), (fixed: bin -, int -, cont -)
   (0.0s) no symmetry present (symcode time: 0.00)
presolving (8 rounds: 8 fast, 5 medium, 3 exhaustive):
 46 deleted vars, 3 deleted constraints, 0 added constraints, 0 tightened bounds, 0 added holes, 2 changed sides, 28 changed coefficients
 0 implications, 195 cliques
presolved problem has 454 variables (454 bin, 0 int, 0 impl, 0 cont) and 193 constraints
    193 constraints of type <setppc>
Presolving Time: 0.03

 time | node  | left  |LP iter|LP it/n|mem/heur|mdpt |vars |cons |rows |cuts |sepa|confs|strbr|  dualbound   | primalbound  |  gap   | compl. 
  0.2s|     1 |     0 |  2200 |     - |  5586k |   0 | 454 | 193 | 193 |   0 |  0 |   0 |   0 | 7.354126e+03 |      --      |    Inf | unknown
d 0.2s|     1 |     0 |  2200 |     - |farkasdi|   0 | 454 | 193 | 193 |   0 |  1 |   0 |   0 | 7.354126e+03 | 1.833556e+03 | 301.09%| unknown
d 0.2s|     1 |     0 |  2333 |     - |farkasdi|   0 | 454 | 193 | 193 |   0 |  1 |   0 |   0 | 7.354126e+03 | 2.663316e+03 | 176.13%| unknown
d 0.2s|     1 |     0 |  2401 |     - |farkasdi|   0 | 454 | 193 | 193 |   0 |  1 |   0 |   0 | 7.354126e+03 | 3.282970e+03 | 124.01%| unknown
d 0.2s|     1 |     0 |  2418 |     - |farkasdi|   0 | 454 | 193 | 193 |   0 |  1 |   0 |   0 | 7.354126e+03 | 4.080066e+03 |  80.25%| unknown
d 0.2s|     1 |     0 |  2437 |     - |farkasdi|   0 | 454 | 193 | 193 |   0 |  1 |   0 |   0 | 7.354126e+03 | 6.467151e+03 |  13.72%| unknown
  0.2s|     1 |     0 |  2437 |     - |  5711k |   0 | 454 | 193 | 193 |   0 |  1 |   0 |   0 | 7.354126e+03 | 6.467151e+03 |  13.72%| unknown
  0.5s|     1 |     2 |  2437 |     - |  5874k |   0 | 454 | 193 | 193 |   0 |  2 |   0 |  27 | 7.318556e+03 | 6.467151e+03 |  13.17%| unknown

SCIP Status        : solving was interrupted [node limit reached]
Solving Time (sec) : 0.45
Solving Nodes      : 1
Primal Bound       : +6.46715097348849e+03 (32 solutions)
Dual Bound         : +7.31855636403702e+03
Gap                : 13.17 %
