presolving:
(round 1, fast)       0 del vars, 1 del conss, 0 add conss, 0 chg bounds, 0 chg sides, 0 chg coeffs, 0 upgd conss, 0 impls, 190 clqs
   (0.0s) running MILP presolver
   (0.0s) MILP presolver (2 rounds): 0 aggregations, 21 fixings, 0 bound changes
(round 2, medium)     21 del vars, 1 del conss, 0 add conss, 0 chg bounds, 0 chg sides, 0 chg coeffs, 0 upgd conss, 0 impls, 190 clqs
(round 3, exhaustive) 21 del vars, 8 del conss, 0 add conss, 0 chg bounds, 7 chg sides, 0 chg coeffs, 0 upgd conss, 0 impls, 190 clqs
(round 4, exhaustive) 21 del vars, 8 del conss, 0 add conss, 0 chg bounds, 7 chg sides, 0 chg coeffs, 183 upgd conss, 0 impls, 190 clqs
(round 5, medium)     56 del vars, 8 del conss, 0 add conss, 0 chg bounds, 7 chg sides, 35 chg coeffs, 183 upgd conss, 0 impls, 190 clqs
(round 6, fast)       69 del vars, 8 del conss, 0 add conss, 0 chg bounds, 7 chg sides, 35 chg coeffs, 183 upgd conss, 0 impls, 190 clqs
(round 7, exhaustive) 69 del vars, 10 del conss, 0 add conss, 0 chg bounds, 7 chg sides, 35 chg coeffs, 183 upgd conss, 0 impls, 190 clqs
   (0.0s) probing: 51/431 (11.8%) - 0 fixings, 0 aggregations, 0 implications, 0 bound changes
   (0.0s) probing aborted: 50/50 successive totally useless probings
   (0.0s) symmetry computation started: requiring (bin +, int +, cont +), (fixed: bin -, int -, cont -)
   (0.0s) no symmetry present (symcode time: 0.00)
presolving (8 rounds: 8 fast, 6 medium, 4 exhaustive):
 69 deleted vars, 10 deleted constraints, 0 added constraints, 0 tightened bounds, 0 added holes, 7 changed sides, 35 changed coefficients
 0 implications, 190 cliques
presolved problem has 431 variables (431 bin, 0 int, 0 impl, 0 cont) and 181 constraints
    181 constraints of type <setppc>
Presolving Time: 0.02

 time | node  | left  |LP iter|LP it/n|mem/heur|mdpt |vars |cons |rows |cuts |sepa|confs|strbr|  dualbound   | primalbound  |  gap   | compl. 
  0.1s|     1 |     0 |  1666 |     - |  5366k |   0 | 431 | 181 | 181 |   0 |  0 |   0 |   0 | 7.444810e+03 |      --      |    Inf | unknown
d 0.1s|     1 |     0 |  1666 |     - |farkasdi|   0 | 431 | 181 | 181 |   0 |  1 |   0 |   0 | 7.444810e+03 | 2.412860e+03 | 208.55%| unknown
d 0.1s|     1 |     0 |  1821 |     - |farkasdi|   0 | 431 | 181 | 181 |   0 |  1 |   0 |   0 | 7.444810e+03 | 3.292313e+03 | 126.13%| unknown
d 0.1s|     1 |     0 |  1911 |     - |farkasdi|   0 | 431 | 181 | 181 |   0 |  1 |   0 |   0 | 7.444810e+03 | 4.207713e+03 |  76.93%| unknown
d 0.1s|     1 |     0 |  1928 |     - |farkasdi|   0 | 431 | 181 | 181 |   0 |  1 |   0 |   0 | 7.444810e+03 | 5.142334e+03 |  44.77%| unknown
d 0.1s|     1 |     0 |  1934 |     - |farkasdi|   0 | 431 | 181 | 181 |   0 |  1 |   0 |   0 | 7.444810e+03 | 5.773322e+03 |  28.95%| unknown
d 0.1s|     1 |     0 |  1940 |     - |farkasdi|   0 | 431 | 181 | 181 |   0 |  1 |   0 |   0 | 7.444810e+03 | 6.753995e+03 |  10.23%| unknown
  0.1s|     1 |     0 |  1940 |     - |  5475k |   0 | 431 | 181 | 181 |   0 |  1 |   0 |   0 | 7.444810e+03 | 6.753995e+03 |  10.23%| unknown
  0.3s|     1 |     2 |  1940 |     - |  5650k |   0 | 431 | 181 | 181 |   0 |  2 |   0 |  47 | 7.380948e+03 | 6.753995e+03 |   9.28%| unknown

SCIP Status        : solving was interrupted [node limit reached]
Solving Time (sec) : 0.34
Solving Nodes      : 1
Primal Bound       : +6.75399506299255e+03 (52 solutions)
Dual Bound         : +7.38094841436867e+03
Gap                : 9.28 %
