presolving:
   (0.0s) running MILP presolver
   (0.0s) MILP presolver (2 rounds): 0 aggregations, 20 fixings, 0 bound changes
(round 1, medium)     20 del vars, 0 del conss, 0 add conss, 0 chg bounds, 0 chg sides, 0 chg coeffs, 0 upgd conss, 0 impls, 193 clqs
(round 2, exhaustive) 20 del vars, 8 del conss, 0 add conss, 0 chg bounds, 8 chg sides, 0 chg coeffs, 0 upgd conss, 0 impls, 193 clqs
(round 3, exhaustive) 20 del vars, 8 del conss, 0 add conss, 0 chg bounds, 8 chg sides, 0 chg coeffs, 185 upgd conss, 0 impls, 193 clqs
(round 4, medium)     60 del vars, 8 del conss, 0 add conss, 0 chg bounds, 8 chg sides, 40 chg coeffs, 185 upgd conss, 0 impls, 193 clqs
(round 5, fast)       77 del vars, 8 del conss, 0 add conss, 0 chg bounds, 8 chg sides, 40 chg coeffs, 185 upgd conss, 0 impls, 193 clqs
(round 6, exhaustive) 77 del vars, 12 del conss, 0 add conss, 0 chg bounds, 8 chg sides, 40 chg coeffs, 185 upgd conss, 0 impls, 193 clqs
   (0.0s) probing: 51/423 (12.1%) - 0 fixings, 0 aggregations, 0 implications, 0 bound changes
   (0.0s) probing aborted: 50/50 successive totally useless probings
   (0.0s) symmetry computation started: requiring (bin +, int +, cont +), (fixed: bin -, int -, cont -)
   (0.0s) no symmetry present (symcode time: 0.00)
presolving (7 rounds: 7 fast, 6 medium, 4 exhaustive):
 77 deleted vars, 12 deleted constraints, 0 added constraints, 0 tightened bounds, 0 added holes, 8 changed sides, 40 changed coefficients
 0 implications, 193 cliques
presolved problem has 423 variables (423 bin, 0 int, 0 impl, 0 cont) and 181 constraints
    181 constraints of type <setppc>
Presolving Time: 0.02

 time | node  | left  |LP iter|LP it/n|mem/heur|mdpt |vars |cons |rows |cuts |sepa|confs|strbr|  dualbound   | primalbound  |  gap   | compl. 
  0.1s|     1 |     0 |  1058 |     - |  5315k |   0 | 423 | 181 | 181 |   0 |  0 |   0 |   0 | 7.703940e+03 |      --      |    Inf | unknown
d 0.1s|     1 |     0 |  1058 |     - |farkasdi|   0 | 423 | 181 | 181 |   0 |  1 |   0 |   0 | 7.703940e+03 | 3.213750e+03 | 139.72%| unknown
d 0.1s|     1 |     0 |  1170 |     - |farkasdi|   0 | 423 | 181 | 181 |   0 |  1 |   0 |   0 | 7.703940e+03 | 7.520385e+03 |   2.44%| unknown
  0.1s|     1 |     0 |  1170 |     - |  5392k |   0 | 423 | 181 | 181 |   0 |  1 |   0 |   0 | 7.703940e+03 | 7.520385e+03 |   2.44%| unknown
  0.1s|     1 |     0 |  1170 |     - |  5392k |   0 | 423 | 181 | 181 |   0 |  1 |   0 |   0 | 7.703940e+03 | 7.520385e+03 |   2.44%| unknown

SCIP Status        : solving was interrupted [node limit reached]
Solving Time (sec) : 0.07
Solving Nodes      : 1
Primal Bound       : +7.52038516245176e+03 (2 solutions)
Dual Bound         : +7.70394007192197e+03
Gap                : 2.44 %
