presolving:
(round 1, fast)       1 del vars, 2 del conss, 0 add conss, 0 chg bounds, 0 chg sides, 0 chg coeffs, 0 upgd conss, 0 impls, 189 clqs
   (0.0s) running MILP presolver
   (0.0s) MILP presolver (2 rounds): 0 aggregations, 8 fixings, 0 bound changes
(round 2, medium)     9 del vars, 2 del conss, 0 add conss, 0 chg bounds, 0 chg sides, 0 chg coeffs, 0 upgd conss, 0 impls, 189 clqs
(round 3, exhaustive) 9 del vars, 6 del conss, 0 add conss, 0 chg bounds, 4 chg sides, 0 chg coeffs, 0 upgd conss, 0 impls, 189 clqs
(round 4, exhaustive) 9 del vars, 6 del conss, 0 add conss, 0 chg bounds, 4 chg sides, 0 chg coeffs, 185 upgd conss, 0 impls, 189 clqs
(round 5, medium)     41 del vars, 6 del conss, 0 add conss, 0 chg bounds, 4 chg sides, 32 chg coeffs, 185 upgd conss, 0 impls, 189 clqs
(round 6, fast)       52 del vars, 7 del conss, 0 add conss, 0 chg bounds, 4 chg sides, 32 chg coeffs, 185 upgd conss, 0 impls, 188 clqs
(round 7, exhaustive) 52 del vars, 11 del conss, 0 add conss, 0 chg bounds, 4 chg sides, 32 chg coeffs, 185 upgd conss, 0 impls, 188 clqs
   (0.0s) probing: 51/448 (11.4%) - 0 fixings, 0 aggregations, 0 implications, 0 bound changes
   (0.0s) probing aborted: 50/50 successive totally useless probings
   (0.0s) symmetry computation started: requiring (bin +, int +, cont +), (fixed: bin -, int -, cont -)
   (0.0s) no symmetry present (symcode time: 0.00)
presolving (8 rounds: 8 fast, 6 medium, 4 exhaustive):
 52 deleted vars, 11 deleted constraints, 0 added constraints, 0 tightened bounds, 0 added holes, 4 changed sides, 32 changed coefficients
 0 implications, 188 cliques
presolved problem has 448 variables (448 bin, 0 int, 0 impl, 0 cont) and 180 constraints
    180 constraints of type <setppc>
Presolving Time: 0.03

 time | node  | left  |LP iter|LP it/n|mem/heur|mdpt |vars |cons |rows |cuts |sepa|confs|strbr|  dualbound   | primalbound  |  gap   | compl. 
  0.1s|     1 |     0 |  1345 |     - |  5449k |   0 | 448 | 180 | 180 |   0 |  0 |   0 |   0 | 7.262199e+03 |      --      |    Inf | unknown
d 0.1s|     1 |     0 |  1345 |     - |farkasdi|   0 | 448 | 180 | 180 |   0 |  1 |   0 |   0 | 7.262199e+03 | 2.172495e+03 | 234.28%| unknown
d 0.2s|     1 |     0 |  1512 |     - |farkasdi|   0 | 448 | 180 | 180 |   0 |  1 |   0 |   0 | 7.262199e+03 | 3.827918e+03 |  89.72%| unknown
d 0.2s|     1 |     0 |  1546 |     - |farkasdi|   0 | 448 | 180 | 180 |   0 |  1 |   0 |   0 | 7.262199e+03 | 4.521887e+03 |  60.60%| unknown
d 0.2s|     1 |     0 |  1559 |     - |farkasdi|   0 | 448 | 180 | 180 |   0 |  1 |   0 |   0 | 7.262199e+03 | 6.788857e+03 |   6.97%| unknown
  0.2s|     1 |     0 |  1559 |     - |  5566k |   0 | 448 | 180 | 180 |   0 |  1 |   0 |   0 | 7.262199e+03 | 6.788857e+03 |   6.97%| unknown
  0.2s|     1 |     0 |  1559 |     - |  5566k |   0 | 448 | 180 | 180 |   0 |  1 |   0 |   0 | 7.262199e+03 | 6.788857e+03 |   6.97%| unknown
  0.3s|     1 |     2 |  1559 |     - |  5658k |   0 | 448 | 180 | 180 |   0 |  2 |   0 |  19 | 7.191568e+03 | 6.788857e+03 |   5.93%| unknown

SCIP Status        : solving was interrupted [node limit reached]
Solving Time (sec) : 0.27
Solving Nodes      : 1
Primal Bound       : +6.78885741556487e+03 (25 solutions)
Dual Bound         : +7.19156822337486e+03
Gap                : 5.93 %
