presolving:
   (0.0s) running MILP presolver
   (0.0s) MILP presolver (2 rounds): 0 aggregations, 27 fixings, 0 bound changes
(round 1, medium)     27 del vars, 0 del conss, 0 add conss, 0 chg bounds, 0 chg sides, 0 chg coeffs, 0 upgd conss, 0 impls, 189 clqs
(round 2, fast)       27 del vars, 1 del conss, 0 add conss, 0 chg bounds, 0 chg sides, 0 chg coeffs, 0 upgd conss, 0 impls, 189 clqs
(round 3, exhaustive) 27 del vars, 8 del conss, 0 add conss, 0 chg bounds, 7 chg sides, 0 chg coeffs, 0 upgd conss, 0 impls, 189 clqs
(round 4, exhaustive) 27 del vars, 8 del conss, 0 add conss, 0 chg bounds, 7 chg sides, 0 chg coeffs, 182 upgd conss, 0 impls, 189 clqs
(round 5, medium)     63 del vars, 8 del conss, 0 add conss, 0 chg bounds, 7 chg sides, 36 chg coeffs, 182 upgd conss, 0 impls, 189 clqs
(round 6, fast)       78 del vars, 8 del conss, 0 add conss, 0 chg bounds, 7 chg sides, 36 chg coeffs, 182 upgd conss, 0 impls, 188 clqs
(round 7, exhaustive) 78 del vars, 12 del conss, 0 add conss, 0 chg bounds, 7 chg sides, 36 chg coeffs, 182 upgd conss, 0 impls, 188 clqs
(round 8, exhaustive) 79 del vars, 12 del conss, 0 add conss, 0 chg bounds, 7 chg sides, 36 chg coeffs, 182 upgd conss, 0 impls, 187 clqs
   (0.0s) probing: 51/421 (12.1%) - 0 fixings, 0 aggregations, 0 implications, 0 bound changes
   (0.0s) probing aborted: 50/50 successive totally useless probings
   (0.0s) symmetry computation started: requiring (bin +, int +, cont +), (fixed: bin -, int -, cont -)
   (0.0s) no symmetry present (symcode time: 0.00)
presolving (9 rounds: 9 fast, 7 medium, 5 exhaustive):
 79 deleted vars, 12 deleted constraints, 0 added constraints, 0 tightened bounds, 0 added holes, 7 changed sides, 36 changed coefficients
 0 implications, 187 cliques
presolved problem has 421 variables (421 bin, 0 int, 0 impl, 0 cont) and 178 constraints
    178 constraints of type <setppc>
Presolving Time: 0.04

 time | node  | left  |LP iter|LP it/n|mem/heur|mdpt |vars |cons |rows |cuts |sepa|confs|strbr|  dualbound   | primalbound  |  gap   | compl. 
  0.1s|     1 |     0 |  1443 |     - |  5331k |   0 | 421 | 178 | 178 |   0 |  0 |   0 |   0 | 7.773012e+03 |      --      |    Inf | unknown
d 0.1s|     1 |     0 |  1443 |     - |farkasdi|   0 | 421 | 178 | 178 |   0 |  1 |   0 |   0 | 7.773012e+03 | 2.860857e+03 | 171.70%| unknown
d 0.2s|     1 |     0 |  1566 |     - |farkasdi|   0 | 421 | 178 | 178 |   0 |  1 |   0 |   0 | 7.773012e+03 | 4.408251e+03 |  76.33%| unknown
d 0.2s|     1 |     0 |  1593 |     - |farkasdi|   0 | 421 | 178 | 178 |   0 |  1 |   0 |   0 | 7.773012e+03 | 5.259237e+03 |  47.80%| unknown
d 0.2s|     1 |     0 |  1638 |     - |farkasdi|   0 | 421 | 178 | 178 |   0 |  1 |   0 |   0 | 7.773012e+03 | 5.313351e+03 |  46.29%| unknown
d 0.2s|     1 |     0 |  1665 |     - |farkasdi|   0 | 421 | 178 | 178 |   0 |  1 |   0 |   0 | 7.773012e+03 | 6.012093e+03 |  29.29%| unknown
d 0.2s|     1 |     0 |  1671 |     - |farkasdi|   0 | 421 | 178 | 178 |   0 |  1 |   0 |   0 | 7.773012e+03 | 7.159917e+03 |   8.56%| unknown
  0.2s|     1 |     0 |  1671 |     - |  5474k |   0 | 421 | 178 | 178 |   0 |  1 |   0 |   0 | 7.773012e+03 | 7.159917e+03 |   8.56%| unknown
  0.3s|     1 |     2 |  1671 |     - |  5673k |   0 | 421 | 178 | 178 |   0 |  2 |   0 |  25 | 7.750891e+03 | 7.159917e+03 |   8.25%| unknown

SCIP Status        : solving was interrupted [node limit reached]
Solving Time (sec) : 0.25
Solving Nodes      : 1
Primal Bound       : +7.15991722852923e+03 (38 solutions)
Dual Bound         : +7.75089057865665e+03
Gap                : 8.25 %
