presolving:
   (0.0s) running MILP presolver
   (0.0s) MILP presolver (2 rounds): 0 aggregations, 8 fixings, 0 bound changes
(round 1, medium)     8 del vars, 0 del conss, 0 add conss, 0 chg bounds, 0 chg sides, 0 chg coeffs, 0 upgd conss, 0 impls, 193 clqs
(round 2, exhaustive) 8 del vars, 3 del conss, 0 add conss, 0 chg bounds, 3 chg sides, 0 chg coeffs, 0 upgd conss, 0 impls, 193 clqs
(round 3, exhaustive) 8 del vars, 3 del conss, 0 add conss, 0 chg bounds, 3 chg sides, 0 chg coeffs, 190 upgd conss, 0 impls, 193 clqs
(round 4, fast)       9 del vars, 3 del conss, 0 add conss, 0 chg bounds, 3 chg sides, 0 chg coeffs, 190 upgd conss, 0 impls, 193 clqs
(round 5, medium)     44 del vars, 3 del conss, 0 add conss, 0 chg bounds, 3 chg sides, 35 chg coeffs, 190 upgd conss, 0 impls, 192 clqs
(round 6, fast)       58 del vars, 3 del conss, 0 add conss, 0 chg bounds, 3 chg sides, 35 chg coeffs, 190 upgd conss, 0 impls, 192 clqs
(round 7, exhaustive) 58 del vars, 10 del conss, 0 add conss, 0 chg bounds, 3 chg sides, 35 chg coeffs, 190 upgd conss, 0 impls, 192 clqs
(round 8, exhaustive) 59 del vars, 10 del conss, 0 add conss, 0 chg bounds, 3 chg sides, 35 chg coeffs, 190 upgd conss, 0 impls, 192 clqs
   (0.0s) probing: 51/441 (11.6%) - 0 fixings, 0 aggregations, 0 implications, 0 bound changes
   (0.0s) probing aborted: 50/50 successive totally useless probings
   (0.0s) symmetry computation started: requiring (bin +, int +, cont +), (fixed: bin -, int -, cont -)
   (0.0s) no symmetry present (symcode time: 0.00)
presolving (9 rounds: 9 fast, 7 medium, 5 exhaustive):
 59 deleted vars, 10 deleted constraints, 0 added constraints, 0 tightened bounds, 0 added holes, 3 changed sides, 35 changed coefficients
 0 implications, 192 cliques
presolved problem has 441 variables (441 bin, 0 int, 0 impl, 0 cont) and 183 constraints
    183 constraints of type <setppc>
Presolving Time: 0.03

 time | node  | left  |LP iter|LP it/n|mem/heur|mdpt |vars |cons |rows |cuts |sepa|confs|strbr|  dualbound   | primalbound  |  gap   | compl. 
  0.1s|     1 |     0 |  1582 |     - |  5511k |   0 | 441 | 183 | 183 |   0 |  0 |   0 |   0 | 7.493016e+03 |      --      |    Inf | unknown
d 0.1s|     1 |     0 |  1582 |     - |farkasdi|   0 | 441 | 183 | 183 |   0 |  1 |   0 |   0 | 7.493016e+03 | 2.723616e+03 | 175.11%| unknown
d 0.1s|     1 |     0 |  1658 |     - |farkasdi|   0 | 441 | 183 | 183 |   0 |  1 |   0 |   0 | 7.493016e+03 | 3.250618e+03 | 130.51%| unknown
d 0.1s|     1 |     0 |  1754 |     - |farkasdi|   0 | 441 | 183 | 183 |   0 |  1 |   0 |   0 | 7.493016e+03 | 4.314621e+03 |  73.67%| unknown
d 0.1s|     1 |     0 |  1809 |     - |farkasdi|   0 | 441 | 183 | 183 |   0 |  1 |   0 |   0 | 7.493016e+03 | 5.110844e+03 |  46.61%| unknown
d 0.1s|     1 |     0 |  1816 |     - |farkasdi|   0 | 441 | 183 | 183 |   0 |  1 |   0 |   0 | 7.493016e+03 | 5.515414e+03 |  35.86%| unknown
d 0.1s|     1 |     0 |  1822 |     - |farkasdi|   0 | 441 | 183 | 183 |   0 |  1 |   0 |   0 | 7.493016e+03 | 6.945854e+03 |   7.88%| unknown
  0.1s|     1 |     0 |  1822 |     - |  5660k |   0 | 441 | 183 | 183 |   0 |  1 |   0 |   0 | 7.493016e+03 | 6.945854e+03 |   7.88%| unknown
  0.3s|     1 |     2 |  1822 |     - |  5817k |   0 | 441 | 183 | 183 |   0 |  2 |   0 |  25 | 7.442567e+03 | 6.945854e+03 |   7.15%| unknown

SCIP Status        : solving was interrupted [node limit reached]
Solving Time (sec) : 0.29
Solving Nodes      : 1
Primal Bound       : +6.94585383600738e+03 (34 solutions)
Dual Bound         : +7.44256736460757e+03
Gap                : 7.15 %
