presolving:
(round 1, fast)       1 del vars, 1 del conss, 0 add conss, 0 chg bounds, 0 chg sides, 0 chg coeffs, 0 upgd conss, 0 impls, 188 clqs
(round 2, fast)       2 del vars, 1 del conss, 0 add conss, 0 chg bounds, 0 chg sides, 0 chg coeffs, 0 upgd conss, 0 impls, 188 clqs
   (0.0s) running MILP presolver
   (0.0s) MILP presolver (2 rounds): 0 aggregations, 20 fixings, 0 bound changes
(round 3, medium)     22 del vars, 1 del conss, 0 add conss, 0 chg bounds, 0 chg sides, 0 chg coeffs, 0 upgd conss, 0 impls, 187 clqs
(round 4, fast)       22 del vars, 2 del conss, 0 add conss, 0 chg bounds, 0 chg sides, 0 chg coeffs, 0 upgd conss, 0 impls, 187 clqs
(round 5, exhaustive) 22 del vars, 7 del conss, 0 add conss, 0 chg bounds, 5 chg sides, 0 chg coeffs, 0 upgd conss, 0 impls, 187 clqs
(round 6, exhaustive) 22 del vars, 7 del conss, 0 add conss, 0 chg bounds, 5 chg sides, 0 chg coeffs, 182 upgd conss, 0 impls, 187 clqs
(round 7, medium)     58 del vars, 7 del conss, 0 add conss, 0 chg bounds, 5 chg sides, 36 chg coeffs, 182 upgd conss, 0 impls, 187 clqs
(round 8, fast)       83 del vars, 7 del conss, 0 add conss, 0 chg bounds, 5 chg sides, 36 chg coeffs, 182 upgd conss, 0 impls, 187 clqs
(round 9, exhaustive) 83 del vars, 12 del conss, 0 add conss, 0 chg bounds, 5 chg sides, 36 chg coeffs, 182 upgd conss, 0 impls, 187 clqs
   (0.0s) probing: 51/417 (12.2%) - 0 fixings, 0 aggregations, 0 implications, 0 bound changes
   (0.0s) probing aborted: 50/50 successive totally useless probings
   (0.0s) symmetry computation started: requiring (bin +, int +, cont +), (fixed: bin -, int -, cont -)
   (0.0s) no symmetry present (symcode time: 0.00)
presolving (10 rounds: 10 fast, 6 medium, 4 exhaustive):
 83 deleted vars, 12 deleted constraints, 0 added constraints, 0 tightened bounds, 0 added holes, 5 changed sides, 36 changed coefficients
 0 implications, 187 cliques
presolved problem has 417 variables (417 bin, 0 int, 0 impl, 0 cont) and 177 constraints
    177 constraints of type <setppc>
Presolving Time: 0.02

 time | node  | left  |LP iter|LP it/n|mem/heur|mdpt |vars |cons |rows |cuts |sepa|confs|strbr|  dualbound   | primalbound  |  gap   | compl. 
  0.1s|     1 |     0 |   933 |     - |  5131k |   0 | 417 | 177 | 177 |   0 |  0 |   0 |   0 | 7.706658e+03 |      --      |    Inf | unknown
d 0.1s|     1 |     0 |   933 |     - |farkasdi|   0 | 417 | 177 | 177 |   0 |  1 |   0 |   0 | 7.706658e+03 | 3.247896e+03 | 137.28%| unknown
d 0.1s|     1 |     0 |   978 |     - |farkasdi|   0 | 417 | 177 | 177 |   0 |  1 |   0 |   0 | 7.706658e+03 | 4.289442e+03 |  79.67%| unknown
d 0.1s|     1 |     0 |  1005 |     - |farkasdi|   0 | 417 | 177 | 177 |   0 |  1 |   0 |   0 | 7.706658e+03 | 6.149438e+03 |  25.32%| unknown
d 0.1s|     1 |     0 |  1008 |     - |farkasdi|   0 | 417 | 177 | 177 |   0 |  1 |   0 |   0 | 7.706658e+03 | 6.564117e+03 |  17.41%| unknown
d 0.1s|     1 |     0 |  1021 |     - |farkasdi|   0 | 417 | 177 | 177 |   0 |  1 |   0 |   0 | 7.706658e+03 | 7.229743e+03 |   6.60%| unknown
d 0.1s|     1 |     0 |  1022 |     - |farkasdi|   0 | 417 | 177 | 177 |   0 |  1 |   0 |   0 | 7.706658e+03 | 7.429619e+03 |   3.73%| unknown
  0.1s|     1 |     0 |  1022 |     - |  5230k |   0 | 417 | 177 | 177 |   0 |  1 |   0 |   0 | 7.706658e+03 | 7.429619e+03 |   3.73%| unknown
  0.1s|     1 |     0 |  1022 |     - |  5230k |   0 | 417 | 177 | 177 |   0 |  1 |   0 |   0 | 7.706658e+03 | 7.429619e+03 |   3.73%| unknown
  0.1s|     1 |     2 |  1022 |     - |  5295k |   0 | 417 | 177 | 177 |   0 |  2 |   0 |  20 | 7.653487e+03 | 7.429619e+03 |   3.01%| unknown

SCIP Status        : solving was interrupted [node limit reached]
Solving Time (sec) : 0.15
Solving Nodes      : 1
Primal Bound       : +7.42961940499498e+03 (26 solutions)
Dual Bound         : +7.65348679289302e+03
Gap                : 3.01 %
