presolving:
(round 1, fast)       1 del vars, 2 del conss, 0 add conss, 0 chg bounds, 0 chg sides, 0 chg coeffs, 0 upgd conss, 0 impls, 188 clqs
   (0.0s) running MILP presolver
   (0.0s) MILP presolver (2 rounds): 0 aggregations, 16 fixings, 0 bound changes
(round 2, medium)     17 del vars, 2 del conss, 0 add conss, 0 chg bounds, 0 chg sides, 0 chg coeffs, 0 upgd conss, 0 impls, 188 clqs
(round 3, exhaustive) 17 del vars, 4 del conss, 0 add conss, 0 chg bounds, 2 chg sides, 0 chg coeffs, 0 upgd conss, 0 impls, 188 clqs
(round 4, exhaustive) 17 del vars, 4 del conss, 0 add conss, 0 chg bounds, 2 chg sides, 0 chg coeffs, 186 upgd conss, 0 impls, 188 clqs
(round 5, medium)     64 del vars, 4 del conss, 0 add conss, 0 chg bounds, 2 chg sides, 47 chg coeffs, 186 upgd conss, 0 impls, 188 clqs
(round 6, fast)       95 del vars, 5 del conss, 0 add conss, 0 chg bounds, 2 chg sides, 47 chg coeffs, 186 upgd conss, 0 impls, 185 clqs
   (0.0s) running MILP presolver
   (0.0s) MILP presolver (2 rounds): 0 aggregations, 2 fixings, 0 bound changes
(round 7, medium)     97 del vars, 5 del conss, 0 add conss, 0 chg bounds, 2 chg sides, 47 chg coeffs, 186 upgd conss, 0 impls, 185 clqs
(round 8, exhaustive) 97 del vars, 11 del conss, 0 add conss, 0 chg bounds, 2 chg sides, 47 chg coeffs, 186 upgd conss, 0 impls, 185 clqs
   (0.0s) probing: 51/403 (12.7%) - 0 fixings, 0 aggregations, 0 implications, 0 bound changes
   (0.0s) probing aborted: 50/50 successive totally useless probings
   (0.0s) symmetry computation started: requiring (bin +, int +, cont +), (fixed: bin -, int -, cont -)
   (0.0s) no symmetry present (symcode time: 0.00)
presolving (9 rounds: 9 fast, 7 medium, 4 exhaustive):
 97 deleted vars, 11 deleted constraints, 0 added constraints, 0 tightened bounds, 0 added holes, 2 changed sides, 47 changed coefficients
 0 implications, 185 cliques
presolved problem has 403 variables (403 bin, 0 int, 0 impl, 0 cont) and 179 constraints
    179 constraints of type <setppc>
Presolving Time: 0.02

 time | node  | left  |LP iter|LP it/n|mem/heur|mdpt |vars |cons |rows |cuts |sepa|confs|strbr|  dualbound   | primalbound  |  gap   | compl. 
  0.1s|     1 |     0 |  1440 |     - |  5292k |   0 | 403 | 179 | 179 |   0 |  0 |   0 |   0 | 7.951113e+03 |      --      |    Inf | unknown
d 0.1s|     1 |     0 |  1440 |     - |farkasdi|   0 | 403 | 179 | 179 |   0 |  1 |   0 |   0 | 7.951113e+03 | 3.844013e+03 | 106.84%| unknown
d 0.1s|     1 |     0 |  1514 |     - |farkasdi|   0 | 403 | 179 | 179 |   0 |  1 |   0 |   0 | 7.951113e+03 | 4.499091e+03 |  76.73%| unknown
d 0.1s|     1 |     0 |  1542 |     - |farkasdi|   0 | 403 | 179 | 179 |   0 |  1 |   0 |   0 | 7.951113e+03 | 5.095972e+03 |  56.03%| unknown
d 0.1s|     1 |     0 |  1556 |     - |farkasdi|   0 | 403 | 179 | 179 |   0 |  1 |   0 |   0 | 7.951113e+03 | 5.737546e+03 |  38.58%| unknown
d 0.1s|     1 |     0 |  1581 |     - |farkasdi|   0 | 403 | 179 | 179 |   0 |  1 |   0 |   0 | 7.951113e+03 | 6.291358e+03 |  26.38%| unknown
d 0.1s|     1 |     0 |  1584 |     - |farkasdi|   0 | 403 | 179 | 179 |   0 |  1 |   0 |   0 | 7.951113e+03 | 6.860798e+03 |  15.89%| unknown
d 0.1s|     1 |     0 |  1586 |     - |farkasdi|   0 | 403 | 179 | 179 |   0 |  1 |   0 |   0 | 7.951113e+03 | 7.507503e+03 |   5.91%| unknown
  0.1s|     1 |     0 |  1586 |     - |  5421k |   0 | 403 | 179 | 179 |   0 |  1 |   0 |   0 | 7.951113e+03 | 7.507503e+03 |   5.91%| unknown
  0.1s|     1 |     0 |  1586 |     - |  5421k |   0 | 403 | 179 | 179 |   0 |  1 |   0 |   0 | 7.951113e+03 | 7.507503e+03 |   5.91%| unknown
  0.2s|     1 |     2 |  1586 |     - |  5629k |   0 | 403 | 179 | 179 |   0 |  2 |   0 |  25 | 7.923580e+03 | 7.507503e+03 |   5.54%| unknown

SCIP Status        : solving was interrupted [node limit reached]
Solving Time (sec) : 0.18
Solving Nodes      : 1
Primal Bound       : +7.50750280344744e+03 (34 solutions)
Dual Bound         : +7.92357953781352e+03
Gap                : 5.54 %
