presolving:
(round 1, fast)       0 del vars, 1 del conss, 0 add conss, 0 chg bounds, 0 chg sides, 0 chg coeffs, 0 upgd conss, 0 impls, 191 clqs
   (0.0s) running MILP presolver
   (0.0s) MILP presolver (2 rounds): 0 aggregations, 18 fixings, 0 bound changes
(round 2, medium)     18 del vars, 1 del conss, 0 add conss, 0 chg bounds, 0 chg sides, 0 chg coeffs, 0 upgd conss, 0 impls, 191 clqs
(round 3, exhaustive) 18 del vars, 3 del conss, 0 add conss, 0 chg bounds, 2 chg sides, 0 chg coeffs, 0 upgd conss, 0 impls, 191 clqs
(round 4, exhaustive) 18 del vars, 3 del conss, 0 add conss, 0 chg bounds, 2 chg sides, 0 chg coeffs, 189 upgd conss, 0 impls, 191 clqs
(round 5, medium)     51 del vars, 3 del conss, 0 add conss, 0 chg bounds, 2 chg sides, 33 chg coeffs, 189 upgd conss, 0 impls, 191 clqs
(round 6, fast)       64 del vars, 3 del conss, 0 add conss, 0 chg bounds, 2 chg sides, 33 chg coeffs, 189 upgd conss, 0 impls, 190 clqs
(round 7, exhaustive) 64 del vars, 6 del conss, 0 add conss, 0 chg bounds, 2 chg sides, 33 chg coeffs, 189 upgd conss, 0 impls, 190 clqs
   (0.0s) probing: 51/436 (11.7%) - 0 fixings, 0 aggregations, 0 implications, 0 bound changes
   (0.0s) probing aborted: 50/50 successive totally useless probings
   (0.0s) symmetry computation started: requiring (bin +, int +, cont +), (fixed: bin -, int -, cont -)
   (0.0s) no symmetry present (symcode time: 0.00)
presolving (8 rounds: 8 fast, 6 medium, 4 exhaustive):
 64 deleted vars, 6 deleted constraints, 0 added constraints, 0 tightened bounds, 0 added holes, 2 changed sides, 33 changed coefficients
 0 implications, 190 cliques
presolved problem has 436 variables (436 bin, 0 int, 0 impl, 0 cont) and 186 constraints
    186 constraints of type <setppc>
Presolving Time: 0.03

 time | node  | left  |LP iter|LP it/n|mem/heur|mdpt |vars |cons |rows |cuts |sepa|confs|strbr|  dualbound   | primalbound  |  gap   | compl. 
  0.1s|     1 |     0 |  1391 |     - |  5404k |   0 | 436 | 186 | 186 |   0 |  0 |   0 |   0 | 7.305878e+03 |      --      |    Inf | unknown
d 0.1s|     1 |     0 |  1391 |     - |farkasdi|   0 | 436 | 186 | 186 |   0 |  1 |   0 |   0 | 7.305878e+03 | 2.381990e+03 | 206.71%| unknown
d 0.1s|     1 |     0 |  1512 |     - |farkasdi|   0 | 436 | 186 | 186 |   0 |  1 |   0 |   0 | 7.305878e+03 | 3.286565e+03 | 122.30%| unknown
d 0.1s|     1 |     0 |  1574 |     - |farkasdi|   0 | 436 | 186 | 186 |   0 |  1 |   0 |   0 | 7.305878e+03 | 3.980965e+03 |  83.52%| unknown
d 0.1s|     1 |     0 |  1612 |     - |farkasdi|   0 | 436 | 186 | 186 |   0 |  1 |   0 |   0 | 7.305878e+03 | 5.038292e+03 |  45.01%| unknown
d 0.1s|     1 |     0 |  1648 |     - |farkasdi|   0 | 436 | 186 | 186 |   0 |  1 |   0 |   0 | 7.305878e+03 | 5.538378e+03 |  31.91%| unknown
d 0.1s|     1 |     0 |  1662 |     - |farkasdi|   0 | 436 | 186 | 186 |   0 |  1 |   0 |   0 | 7.305878e+03 | 5.722402e+03 |  27.67%| unknown
d 0.1s|     1 |     0 |  1664 |     - |farkasdi|   0 | 436 | 186 | 186 |   0 |  1 |   0 |   0 | 7.305878e+03 | 6.409614e+03 |  13.98%| unknown
d 0.1s|     1 |     0 |  1668 |     - |farkasdi|   0 | 436 | 186 | 186 |   0 |  1 |   0 |   0 | 7.305878e+03 | 6.591129e+03 |  10.84%| unknown
  0.1s|     1 |     0 |  1668 |     - |  5569k |   0 | 436 | 186 | 186 |   0 |  1 |   0 |   0 | 7.305878e+03 | 6.591129e+03 |  10.84%| unknown
  0.2s|     1 |     2 |  1668 |     - |  5623k |   0 | 436 | 186 | 186 |   0 |  2 |   0 |  19 | 7.277400e+03 | 6.591129e+03 |  10.41%| unknown

SCIP Status        : solving was interrupted [node limit reached]
Solving Time (sec) : 0.23
Solving Nodes      : 1
Primal Bound       : +6.59112942377868e+03 (29 solutions)
Dual Bound         : +7.27740032391711e+03
Gap                : 10.41 %
