presolving:
(round 1, fast)       1 del vars, 2 del conss, 0 add conss, 0 chg bounds, 0 chg sides, 0 chg coeffs, 0 upgd conss, 0 impls, 185 clqs
   (0.0s) running MILP presolver
   (0.0s) MILP presolver (2 rounds): 0 aggregations, 19 fixings, 0 bound changes
(round 2, medium)     20 del vars, 2 del conss, 0 add conss, 0 chg bounds, 0 chg sides, 0 chg coeffs, 0 upgd conss, 0 impls, 185 clqs
(round 3, exhaustive) 20 del vars, 8 del conss, 0 add conss, 0 chg bounds, 6 chg sides, 0 chg coeffs, 0 upgd conss, 0 impls, 185 clqs
(round 4, exhaustive) 20 del vars, 8 del conss, 0 add conss, 0 chg bounds, 6 chg sides, 0 chg coeffs, 179 upgd conss, 0 impls, 185 clqs
(round 5, medium)     50 del vars, 8 del conss, 0 add conss, 0 chg bounds, 6 chg sides, 30 chg coeffs, 179 upgd conss, 0 impls, 185 clqs
(round 6, fast)       56 del vars, 8 del conss, 0 add conss, 0 chg bounds, 6 chg sides, 30 chg coeffs, 179 upgd conss, 0 impls, 185 clqs
   (0.0s) probing: 51/444 (11.5%) - 0 fixings, 0 aggregations, 0 implications, 0 bound changes
   (0.0s) probing aborted: 50/50 successive totally useless probings
   (0.0s) symmetry computation started: requiring (bin +, int +, cont +), (fixed: bin -, int -, cont -)
   (0.0s) no symmetry present (symcode time: 0.00)
presolving (7 rounds: 7 fast, 5 medium, 3 exhaustive):
 56 deleted vars, 8 deleted constraints, 0 added constraints, 0 tightened bounds, 0 added holes, 6 changed sides, 30 changed coefficients
 0 implications, 185 cliques
presolved problem has 444 variables (444 bin, 0 int, 0 impl, 0 cont) and 179 constraints
    179 constraints of type <setppc>
Presolving Time: 0.01

 time | node  | left  |LP iter|LP it/n|mem/heur|mdpt |vars |cons |rows |cuts |sepa|confs|strbr|  dualbound   | primalbound  |  gap   | compl. 
  0.1s|     1 |     0 |  1837 |     - |  5596k |   0 | 444 | 179 | 179 |   0 |  0 |   0 |   0 | 7.586336e+03 |      --      |    Inf | unknown
  0.1s|     1 |     0 |  1855 |     - |    21M |   0 | 444 | 179 | 180 |   1 |  1 |   0 |   0 | 7.577998e+03 |      --      |    Inf | unknown
  0.2s|     1 |     0 |  1911 |     - |    33M |   0 | 444 | 179 | 183 |   4 |  2 |   0 |   0 | 7.552006e+03 |      --      |    Inf | unknown
  0.2s|     1 |     0 |  1946 |     - |    43M |   0 | 444 | 179 | 186 |   7 |  3 |   0 |   0 | 7.541075e+03 |      --      |    Inf | unknown
  0.3s|     1 |     0 |  2000 |     - |    55M |   0 | 444 | 179 | 189 |  10 |  4 |   0 |   0 | 7.530177e+03 |      --      |    Inf | unknown
  0.3s|     1 |     0 |  2039 |     - |    63M |   0 | 444 | 179 | 192 |  13 |  5 |   0 |   0 | 7.525533e+03 |      --      |    Inf | unknown
  0.4s|     1 |     0 |  2071 |     - |    66M |   0 | 444 | 179 | 193 |  14 |  6 |   0 |   0 | 7.521426e+03 |      --      |    Inf | unknown
  0.4s|     1 |     0 |  2108 |     - |    76M |   0 | 444 | 179 | 196 |  17 |  7 |   0 |   0 | 7.519550e+03 |      --      |    Inf | unknown
  0.5s|     1 |     0 |  2148 |     - |    78M |   0 | 444 | 179 | 198 |  19 |  8 |   0 |   0 | 7.516489e+03 |      --      |    Inf | unknown
  0.5s|     1 |     0 |  2187 |     - |    90M |   0 | 444 | 179 | 200 |  21 |  9 |   0 |   0 | 7.513972e+03 |      --      |    Inf | unknown
  0.6s|     1 |     0 |  2257 |     - |    92M |   0 | 444 | 179 | 206 |  27 | 10 |   0 |   0 | 7.508484e+03 |      --      |    Inf | unknown
  0.6s|     1 |     0 |  2261 |     - |    92M |   0 | 444 | 179 | 207 |  28 | 11 |   0 |   0 | 7.508252e+03 |      --      |    Inf | unknown
  0.6s|     1 |     0 |  2284 |     - |    92M |   0 | 444 | 179 | 209 |  30 | 12 |   0 |   0 | 7.506669e+03 |      --      |    Inf | unknown
  0.6s|     1 |     0 |  2322 |     - |    93M |   0 | 444 | 179 | 212 |  33 | 13 |   0 |   0 | 7.502581e+03 |      --      |    Inf | unknown
  0.7s|     1 |     0 |  2350 |     - |    93M |   0 | 444 | 179 | 214 |  35 | 14 |   0 |   0 | 7.500537e+03 |      --      |    Inf | unknown
 time | node  | left  |LP iter|LP it/n|mem/heur|mdpt |vars |cons |rows |cuts |sepa|confs|strbr|  dualbound   | primalbound  |  gap   | compl. 
  0.7s|     1 |     0 |  2365 |     - |    93M |   0 | 444 | 179 | 215 |  36 | 15 |   0 |   0 | 7.499358e+03 |      --      |    Inf | unknown
  0.7s|     1 |     0 |  2394 |     - |    93M |   0 | 444 | 179 | 217 |  38 | 16 |   0 |   0 | 7.496633e+03 |      --      |    Inf | unknown
  0.7s|     1 |     0 |  2427 |     - |    93M |   0 | 444 | 179 | 216 |  39 | 17 |   0 |   0 | 7.494901e+03 |      --      |    Inf | unknown
  0.7s|     1 |     0 |  2432 |     - |    93M |   0 | 444 | 179 | 217 |  40 | 18 |   0 |   0 | 7.494656e+03 |      --      |    Inf | unknown
  0.8s|     1 |     0 |  2453 |     - |    93M |   0 | 444 | 179 | 218 |  41 | 19 |   0 |   0 | 7.493886e+03 |      --      |    Inf | unknown
  0.8s|     1 |     0 |  2456 |     - |    93M |   0 | 444 | 179 | 219 |  42 | 20 |   0 |   0 | 7.493872e+03 |      --      |    Inf | unknown
  0.8s|     1 |     0 |  2484 |     - |    93M |   0 | 444 | 179 | 221 |  44 | 21 |   0 |   0 | 7.492973e+03 |      --      |    Inf | unknown
  0.8s|     1 |     0 |  2496 |     - |    93M |   0 | 444 | 179 | 222 |  45 | 22 |   0 |   0 | 7.492748e+03 |      --      |    Inf | unknown
  0.8s|     1 |     0 |  2553 |     - |    93M |   0 | 444 | 179 | 228 |  54 | 23 |   0 |   0 | 7.489513e+03 |      --      |    Inf | unknown
  0.8s|     1 |     0 |  2579 |     - |    93M |   0 | 444 | 179 | 233 |  59 | 24 |   0 |   0 | 7.488214e+03 |      --      |    Inf | unknown
  0.8s|     1 |     0 |  2580 |     - |    93M |   0 | 444 | 179 | 234 |  60 | 25 |   0 |   0 | 7.488213e+03 |      --      |    Inf | unknown
  0.9s|     1 |     0 |  2614 |     - |    93M |   0 | 444 | 179 | 237 |  63 | 26 |   0 |   0 | 7.486435e+03 |      --      |    Inf | unknown
  0.9s|     1 |     0 |  2630 |     - |    93M |   0 | 444 | 179 | 246 |  72 | 27 |   0 |   0 | 7.485526e+03 |      --      |    Inf | unknown
  0.9s|     1 |     0 |  2670 |     - |    93M |   0 | 444 | 179 | 255 |  81 | 28 |   0 |   0 | 7.483848e+03 |      --      |    Inf | unknown
  0.9s|     1 |     0 |  2700 |     - |    93M |   0 | 444 | 179 | 256 |  85 | 29 |   0 |   0 | 7.482229e+03 |      --      |    Inf | unknown
 time | node  | left  |LP iter|LP it/n|mem/heur|mdpt |vars |cons |rows |cuts |sepa|confs|strbr|  dualbound   | primalbound  |  gap   | compl. 
  0.9s|     1 |     0 |  2728 |     - |    93M |   0 | 444 | 179 | 259 |  88 | 30 |   0 |   0 | 7.481680e+03 |      --      |    Inf | unknown
  0.9s|     1 |     0 |  2730 |     - |    93M |   0 | 444 | 179 | 260 |  89 | 31 |   0 |   0 | 7.481680e+03 |      --      |    Inf | unknown
  0.9s|     1 |     0 |  2760 |     - |    93M |   0 | 444 | 179 | 265 |  94 | 32 |   0 |   0 | 7.481015e+03 |      --      |    Inf | unknown
  1.0s|     1 |     0 |  2811 |     - |    93M |   0 | 444 | 179 | 275 | 104 | 33 |   0 |   0 | 7.479926e+03 |      --      |    Inf | unknown
  1.0s|     1 |     0 |  2825 |     - |    93M |   0 | 444 | 179 | 280 | 109 | 34 |   0 |   0 | 7.479526e+03 |      --      |    Inf | unknown
  1.0s|     1 |     0 |  2861 |     - |    93M |   0 | 444 | 179 | 280 | 116 | 35 |   0 |   0 | 7.478995e+03 |      --      |    Inf | unknown
  1.0s|     1 |     0 |  2907 |     - |    93M |   0 | 444 | 179 | 285 | 121 | 36 |   0 |   0 | 7.478219e+03 |      --      |    Inf | unknown
  1.0s|     1 |     0 |  2935 |     - |    93M |   0 | 444 | 179 | 290 | 126 | 37 |   0 |   0 | 7.478067e+03 |      --      |    Inf | unknown
  1.0s|     1 |     0 |  2945 |     - |    93M |   0 | 444 | 179 | 293 | 129 | 38 |   0 |   0 | 7.478030e+03 |      --      |    Inf | unknown
  1.0s|     1 |     0 |  2949 |     - |    93M |   0 | 444 | 179 | 294 | 130 | 39 |   0 |   0 | 7.478029e+03 |      --      |    Inf | unknown
  1.0s|     1 |     0 |  2955 |     - |    93M |   0 | 444 | 179 | 295 | 131 | 40 |   0 |   0 | 7.478022e+03 |      --      |    Inf | unknown
d 1.1s|     1 |     0 |  2955 |     - |fracdivi|   0 | 444 | 179 | 295 |   0 | 41 |   0 |   0 | 7.478022e+03 | 2.290277e+03 | 226.51%| unknown
d 1.1s|     1 |     0 |  3261 |     - |fracdivi|   0 | 444 | 179 | 295 |   0 | 41 |   0 |   0 | 7.478022e+03 | 3.377054e+03 | 121.44%| unknown
d 1.1s|     1 |     0 |  3320 |     - |fracdivi|   0 | 444 | 179 | 295 |   0 | 41 |   0 |   0 | 7.478022e+03 | 4.550819e+03 |  64.32%| unknown
d 1.1s|     1 |     0 |  3336 |     - |fracdivi|   0 | 444 | 179 | 295 |   0 | 41 |   0 |   0 | 7.478022e+03 | 6.739997e+03 |  10.95%| unknown
 time | node  | left  |LP iter|LP it/n|mem/heur|mdpt |vars |cons |rows |cuts |sepa|confs|strbr|  dualbound   | primalbound  |  gap   | compl. 
  1.1s|     1 |     0 |  3336 |     - |    93M |   0 | 444 | 179 | 295 | 131 | 41 |   0 |   0 | 7.478022e+03 | 6.739997e+03 |  10.95%| unknown
  1.4s|     1 |     2 |  3336 |     - |    93M |   0 | 444 | 179 | 295 | 131 | 42 |   0 |  19 | 7.455224e+03 | 6.739997e+03 |  10.61%| unknown
* 1.4s|     2 |     1 |  3784 | 829.0 |strongbr|   1 | 444 | 179 | 239 | 131 |  1 |   0 |  30 | 7.455224e+03 | 7.154007e+03 |   4.21%| unknown
* 1.5s|     2 |     1 |  3784 | 829.0 |strongbr|   1 | 444 | 179 | 239 | 131 |  1 |   0 |  35 | 7.455224e+03 | 7.157494e+03 |   4.16%| unknown
* 2.5s|     7 |     2 |  4754 | 299.8 |strongbr|   4 | 444 | 189 | 239 | 131 |  2 |  12 | 207 | 7.442892e+03 | 7.190741e+03 |   3.51%|  88.30%
* 2.6s|     9 |     2 |  4895 | 242.5 |strongbr|   5 | 444 | 182 | 239 | 131 |  1 |  13 | 242 | 7.442892e+03 | 7.302997e+03 |   1.92%|  90.73%

SCIP Status        : problem is solved [optimal solution found]
Solving Time (sec) : 3.23
Solving Nodes      : 13
Primal Bound       : +7.30299680693388e+03 (163 solutions)
Dual Bound         : +7.30299680693388e+03
Gap                : 0.00 %
