presolving:
(round 1, fast)       1 del vars, 1 del conss, 0 add conss, 0 chg bounds, 0 chg sides, 0 chg coeffs, 0 upgd conss, 0 impls, 198 clqs
(round 2, fast)       2 del vars, 1 del conss, 0 add conss, 0 chg bounds, 0 chg sides, 0 chg coeffs, 0 upgd conss, 0 impls, 198 clqs
   (0.0s) running MILP presolver
   (0.0s) MILP presolver (2 rounds): 0 aggregations, 19 fixings, 0 bound changes
(round 3, medium)     21 del vars, 1 del conss, 0 add conss, 0 chg bounds, 0 chg sides, 0 chg coeffs, 0 upgd conss, 0 impls, 197 clqs
(round 4, fast)       21 del vars, 2 del conss, 0 add conss, 0 chg bounds, 0 chg sides, 0 chg coeffs, 0 upgd conss, 0 impls, 197 clqs
(round 5, exhaustive) 21 del vars, 7 del conss, 0 add conss, 0 chg bounds, 5 chg sides, 0 chg coeffs, 0 upgd conss, 0 impls, 197 clqs
(round 6, exhaustive) 21 del vars, 7 del conss, 0 add conss, 0 chg bounds, 5 chg sides, 0 chg coeffs, 192 upgd conss, 0 impls, 197 clqs
(round 7, medium)     55 del vars, 7 del conss, 0 add conss, 0 chg bounds, 5 chg sides, 34 chg coeffs, 192 upgd conss, 0 impls, 197 clqs
(round 8, fast)       73 del vars, 7 del conss, 0 add conss, 0 chg bounds, 5 chg sides, 34 chg coeffs, 192 upgd conss, 0 impls, 197 clqs
(round 9, exhaustive) 73 del vars, 10 del conss, 0 add conss, 0 chg bounds, 5 chg sides, 34 chg coeffs, 192 upgd conss, 0 impls, 197 clqs
   (0.0s) probing: 51/427 (11.9%) - 0 fixings, 0 aggregations, 0 implications, 0 bound changes
   (0.0s) probing aborted: 50/50 successive totally useless probings
   (0.0s) symmetry computation started: requiring (bin +, int +, cont +), (fixed: bin -, int -, cont -)
   (0.0s) no symmetry present (symcode time: 0.00)
presolving (10 rounds: 10 fast, 6 medium, 4 exhaustive):
 73 deleted vars, 10 deleted constraints, 0 added constraints, 0 tightened bounds, 0 added holes, 5 changed sides, 34 changed coefficients
 0 implications, 197 cliques
presolved problem has 427 variables (427 bin, 0 int, 0 impl, 0 cont) and 189 constraints
    189 constraints of type <setppc>
Presolving Time: 0.01

 time | node  | left  |LP iter|LP it/n|mem/heur|mdpt |vars |cons |rows |cuts |sepa|confs|strbr|  dualbound   | primalbound  |  gap   | compl. 
  0.0s|     1 |     0 |  1292 |     - |  5141k |   0 | 427 | 189 | 189 |   0 |  0 |   0 |   0 | 7.880946e+03 |      --      |    Inf | unknown
  0.1s|     1 |     0 |  1329 |     - |    18M |   0 | 427 | 189 | 192 |   3 |  1 |   0 |   0 | 7.862087e+03 |      --      |    Inf | unknown
  0.2s|     1 |     0 |  1361 |     - |    25M |   0 | 427 | 189 | 195 |   6 |  2 |   0 |   0 | 7.851777e+03 |      --      |    Inf | unknown
  0.2s|     1 |     0 |  1401 |     - |    31M |   0 | 427 | 189 | 199 |  10 |  3 |   0 |   0 | 7.840808e+03 |      --      |    Inf | unknown
  0.2s|     1 |     0 |  1440 |     - |    37M |   0 | 427 | 189 | 200 |  11 |  4 |   0 |   0 | 7.832712e+03 |      --      |    Inf | unknown
  0.3s|     1 |     0 |  1474 |     - |    39M |   0 | 427 | 189 | 203 |  14 |  5 |   0 |   0 | 7.829420e+03 |      --      |    Inf | unknown
  0.3s|     1 |     0 |  1489 |     - |    44M |   0 | 427 | 189 | 204 |  15 |  6 |   0 |   0 | 7.827728e+03 |      --      |    Inf | unknown
  0.4s|     1 |     0 |  1520 |     - |    51M |   0 | 427 | 189 | 205 |  16 |  7 |   0 |   0 | 7.827245e+03 |      --      |    Inf | unknown
  0.4s|     1 |     0 |  1558 |     - |    55M |   0 | 427 | 189 | 206 |  17 |  8 |   0 |   0 | 7.826689e+03 |      --      |    Inf | unknown
  0.5s|     1 |     0 |  1570 |     - |    61M |   0 | 427 | 189 | 207 |  18 |  9 |   0 |   0 | 7.826194e+03 |      --      |    Inf | unknown
  0.5s|     1 |     0 |  1583 |     - |    67M |   0 | 427 | 189 | 208 |  19 | 10 |   0 |   0 | 7.825835e+03 |      --      |    Inf | unknown
  0.5s|     1 |     0 |  1612 |     - |    67M |   0 | 427 | 189 | 210 |  21 | 11 |   0 |   0 | 7.824034e+03 |      --      |    Inf | unknown
  0.5s|     1 |     0 |  1629 |     - |    67M |   0 | 427 | 189 | 214 |  25 | 12 |   0 |   0 | 7.823747e+03 |      --      |    Inf | unknown
  0.5s|     1 |     0 |  1659 |     - |    67M |   0 | 427 | 189 | 216 |  27 | 13 |   0 |   0 | 7.822457e+03 |      --      |    Inf | unknown
  0.6s|     1 |     0 |  1698 |     - |    67M |   0 | 427 | 189 | 219 |  30 | 14 |   0 |   0 | 7.820629e+03 |      --      |    Inf | unknown
 time | node  | left  |LP iter|LP it/n|mem/heur|mdpt |vars |cons |rows |cuts |sepa|confs|strbr|  dualbound   | primalbound  |  gap   | compl. 
  0.6s|     1 |     0 |  1728 |     - |    67M |   0 | 427 | 189 | 222 |  33 | 15 |   0 |   0 | 7.819635e+03 |      --      |    Inf | unknown
  0.6s|     1 |     0 |  1734 |     - |    67M |   0 | 427 | 189 | 223 |  34 | 16 |   0 |   0 | 7.819605e+03 |      --      |    Inf | unknown
  0.6s|     1 |     0 |  1764 |     - |    67M |   0 | 427 | 189 | 223 |  35 | 17 |   0 |   0 | 7.819004e+03 |      --      |    Inf | unknown
  0.6s|     1 |     0 |  1771 |     - |    67M |   0 | 427 | 189 | 224 |  36 | 18 |   0 |   0 | 7.818920e+03 |      --      |    Inf | unknown
  0.6s|     1 |     0 |  1801 |     - |    68M |   0 | 427 | 189 | 225 |  37 | 19 |   0 |   0 | 7.818239e+03 |      --      |    Inf | unknown
  0.7s|     1 |     0 |  1807 |     - |    68M |   0 | 427 | 189 | 226 |  38 | 20 |   0 |   0 | 7.818218e+03 |      --      |    Inf | unknown
  0.7s|     1 |     0 |  1811 |     - |    68M |   0 | 427 | 189 | 227 |  39 | 21 |   0 |   0 | 7.818205e+03 |      --      |    Inf | unknown
  0.7s|     1 |     0 |  1814 |     - |    68M |   0 | 427 | 189 | 228 |  40 | 22 |   0 |   0 | 7.818203e+03 |      --      |    Inf | unknown
  0.7s|     1 |     0 |  1817 |     - |    68M |   0 | 427 | 189 | 225 |  41 | 23 |   0 |   0 | 7.818191e+03 |      --      |    Inf | unknown
  0.7s|     1 |     0 |  1821 |     - |    68M |   0 | 427 | 189 | 226 |  42 | 24 |   0 |   0 | 7.818190e+03 |      --      |    Inf | unknown
  0.7s|     1 |     0 |  1824 |     - |    68M |   0 | 427 | 189 | 227 |  43 | 25 |   0 |   0 | 7.818187e+03 |      --      |    Inf | unknown
  0.8s|     1 |     0 |  1840 |     - |    68M |   0 | 427 | 189 | 228 |  44 | 26 |   0 |   0 | 7.817979e+03 |      --      |    Inf | unknown
  0.8s|     1 |     0 |  1841 |     - |    68M |   0 | 427 | 189 | 229 |  45 | 27 |   0 |   0 | 7.817978e+03 |      --      |    Inf | unknown
  0.8s|     1 |     0 |  1855 |     - |    68M |   0 | 427 | 189 | 232 |  48 | 28 |   0 |   0 | 7.817823e+03 |      --      |    Inf | unknown
  0.8s|     1 |     0 |  1886 |     - |    68M |   0 | 427 | 189 | 227 |  51 | 29 |   0 |   0 | 7.817377e+03 |      --      |    Inf | unknown
 time | node  | left  |LP iter|LP it/n|mem/heur|mdpt |vars |cons |rows |cuts |sepa|confs|strbr|  dualbound   | primalbound  |  gap   | compl. 
d 0.8s|     1 |     0 |  1886 |     - |fracdivi|   0 | 427 | 189 | 227 |   0 | 29 |   0 |   0 | 7.817377e+03 | 2.906728e+03 | 168.94%| unknown
d 0.8s|     1 |     0 |  2166 |     - |fracdivi|   0 | 427 | 189 | 227 |   0 | 29 |   0 |   0 | 7.817377e+03 | 4.173409e+03 |  87.31%| unknown
d 0.8s|     1 |     0 |  2222 |     - |fracdivi|   0 | 427 | 189 | 227 |   0 | 29 |   0 |   0 | 7.817377e+03 | 5.888476e+03 |  32.76%| unknown
d 0.8s|     1 |     0 |  2237 |     - |fracdivi|   0 | 427 | 189 | 227 |   0 | 29 |   0 |   0 | 7.817377e+03 | 7.297978e+03 |   7.12%| unknown
  0.8s|     1 |     0 |  2237 |     - |    68M |   0 | 427 | 189 | 227 |  51 | 29 |   0 |   0 | 7.817377e+03 | 7.297978e+03 |   7.12%| unknown
  0.8s|     1 |     0 |  2238 |     - |    68M |   0 | 427 | 189 | 228 |  52 | 30 |   0 |   0 | 7.817376e+03 | 7.297978e+03 |   7.12%| unknown
  0.8s|     1 |     0 |  2242 |     - |    68M |   0 | 427 | 189 | 229 |  53 | 31 |   0 |   0 | 7.817363e+03 | 7.297978e+03 |   7.12%| unknown
  1.2s|     1 |     2 |  2242 |     - |    68M |   0 | 427 | 189 | 229 |  53 | 31 |   0 |  42 | 7.808931e+03 | 7.297978e+03 |   7.00%| unknown
* 1.3s|     4 |     3 |  2448 | 185.7 |strongbr|   3 | 427 | 189 | 214 |  53 |  1 |   0 |  92 | 7.808931e+03 | 7.350509e+03 |   6.24%| unknown
* 1.3s|     6 |     5 |  2481 | 118.0 |strongbr|   5 | 427 | 189 | 214 |  53 |  1 |   0 | 120 | 7.808931e+03 | 7.536542e+03 |   3.61%| unknown
* 1.3s|     6 |     5 |  2481 | 118.0 |strongbr|   5 | 427 | 193 | 214 |  53 |  1 |   4 | 122 | 7.808931e+03 | 7.577680e+03 |   3.05%| unknown
* 1.3s|     7 |     4 |  2501 | 101.7 |strongbr|   5 | 427 | 196 | 214 |  53 |  1 |   7 | 126 | 7.808931e+03 | 7.584238e+03 |   2.96%|   3.21%
* 1.5s|    10 |     5 |  2703 |  90.2 |strongbr|   5 | 427 | 197 | 214 |  53 |  1 |   8 | 173 | 7.797994e+03 | 7.604156e+03 |   2.55%|   5.87%
* 1.5s|    10 |     3 |  2730 |  93.2 |strongbr|   5 | 427 | 197 | 214 |  53 |  3 |   8 | 180 | 7.797994e+03 | 7.611611e+03 |   2.45%|  12.75%
* 1.6s|    12 |     3 |  2821 |  84.5 |strongbr|   5 | 427 | 203 | 214 |  53 |  4 |  14 | 239 | 7.797994e+03 | 7.622864e+03 |   2.30%|  18.73%
 time | node  | left  |LP iter|LP it/n|mem/heur|mdpt |vars |cons |rows |cuts |sepa|confs|strbr|  dualbound   | primalbound  |  gap   | compl. 
* 1.6s|    14 |     3 |  2865 |  74.9 |strongbr|   5 | 427 | 208 | 214 |  53 |  3 |  19 | 254 | 7.797994e+03 | 7.639192e+03 |   2.08%|  25.63%
* 1.6s|    14 |     3 |  2868 |  75.2 |strongbr|   5 | 427 | 211 | 214 |  53 |  4 |  22 | 258 | 7.797994e+03 | 7.645977e+03 |   1.99%|  25.63%
* 1.8s|    18 |     3 |  3128 |  72.8 |strongbr|   5 | 427 | 223 | 214 |  53 |  1 |  34 | 349 | 7.797994e+03 | 7.689645e+03 |   1.41%|  37.81%
* 2.0s|    23 |     2 |  3483 |  72.4 |strongbr|   5 | 427 | 249 | 214 |  53 |  1 |  60 | 420 | 7.760347e+03 | 7.721338e+03 |   0.51%|  60.54%

SCIP Status        : problem is solved [optimal solution found]
Solving Time (sec) : 2.04
Solving Nodes      : 25
Primal Bound       : +7.72133806002669e+03 (242 solutions)
Dual Bound         : +7.72133806002669e+03
Gap                : 0.00 %
