presolving:
(round 1, fast)       1 del vars, 1 del conss, 0 add conss, 0 chg bounds, 0 chg sides, 0 chg coeffs, 0 upgd conss, 0 impls, 190 clqs
   (0.0s) running MILP presolver
   (0.0s) MILP presolver (2 rounds): 0 aggregations, 26 fixings, 0 bound changes
(round 2, medium)     27 del vars, 1 del conss, 0 add conss, 0 chg bounds, 0 chg sides, 0 chg coeffs, 0 upgd conss, 0 impls, 188 clqs
(round 3, fast)       28 del vars, 4 del conss, 0 add conss, 0 chg bounds, 0 chg sides, 0 chg coeffs, 0 upgd conss, 0 impls, 187 clqs
(round 4, exhaustive) 28 del vars, 6 del conss, 0 add conss, 0 chg bounds, 2 chg sides, 0 chg coeffs, 0 upgd conss, 0 impls, 187 clqs
(round 5, exhaustive) 28 del vars, 6 del conss, 0 add conss, 0 chg bounds, 2 chg sides, 0 chg coeffs, 185 upgd conss, 0 impls, 187 clqs
(round 6, fast)       29 del vars, 6 del conss, 0 add conss, 0 chg bounds, 2 chg sides, 0 chg coeffs, 185 upgd conss, 0 impls, 187 clqs
(round 7, medium)     65 del vars, 6 del conss, 0 add conss, 0 chg bounds, 2 chg sides, 36 chg coeffs, 185 upgd conss, 0 impls, 187 clqs
(round 8, fast)       91 del vars, 7 del conss, 0 add conss, 0 chg bounds, 2 chg sides, 36 chg coeffs, 185 upgd conss, 0 impls, 185 clqs
(round 9, exhaustive) 91 del vars, 13 del conss, 0 add conss, 0 chg bounds, 2 chg sides, 36 chg coeffs, 185 upgd conss, 0 impls, 185 clqs
   (0.0s) probing: 51/409 (12.5%) - 0 fixings, 0 aggregations, 0 implications, 0 bound changes
   (0.0s) probing aborted: 50/50 successive totally useless probings
   (0.0s) symmetry computation started: requiring (bin +, int +, cont +), (fixed: bin -, int -, cont -)
   (0.0s) no symmetry present (symcode time: 0.00)
presolving (10 rounds: 10 fast, 6 medium, 4 exhaustive):
 91 deleted vars, 13 deleted constraints, 0 added constraints, 0 tightened bounds, 0 added holes, 2 changed sides, 36 changed coefficients
 0 implications, 185 cliques
presolved problem has 409 variables (409 bin, 0 int, 0 impl, 0 cont) and 178 constraints
    178 constraints of type <setppc>
Presolving Time: 0.01

 time | node  | left  |LP iter|LP it/n|mem/heur|mdpt |vars |cons |rows |cuts |sepa|confs|strbr|  dualbound   | primalbound  |  gap   | compl. 
  0.1s|     1 |     0 |  1783 |     - |  5322k |   0 | 409 | 178 | 178 |   0 |  0 |   0 |   0 | 7.489461e+03 |      --      |    Inf | unknown
  0.1s|     1 |     0 |  1811 |     - |    20M |   0 | 409 | 178 | 180 |   2 |  1 |   0 |   0 | 7.464850e+03 |      --      |    Inf | unknown
  0.2s|     1 |     0 |  1859 |     - |    32M |   0 | 409 | 178 | 183 |   5 |  2 |   0 |   0 | 7.452107e+03 |      --      |    Inf | unknown
  0.2s|     1 |     0 |  1919 |     - |    39M |   0 | 409 | 178 | 185 |   7 |  3 |   0 |   0 | 7.443197e+03 |      --      |    Inf | unknown
  0.2s|     1 |     0 |  1957 |     - |    45M |   0 | 409 | 178 | 186 |   8 |  4 |   0 |   0 | 7.440819e+03 |      --      |    Inf | unknown
  0.3s|     1 |     0 |  1987 |     - |    48M |   0 | 409 | 178 | 189 |  11 |  5 |   0 |   0 | 7.439641e+03 |      --      |    Inf | unknown
  0.3s|     1 |     0 |  2017 |     - |    53M |   0 | 409 | 178 | 192 |  14 |  6 |   0 |   0 | 7.433595e+03 |      --      |    Inf | unknown
  0.4s|     1 |     0 |  2046 |     - |    60M |   0 | 409 | 178 | 194 |  16 |  7 |   0 |   0 | 7.430992e+03 |      --      |    Inf | unknown
  0.4s|     1 |     0 |  2078 |     - |    63M |   0 | 409 | 178 | 196 |  18 |  8 |   0 |   0 | 7.429758e+03 |      --      |    Inf | unknown
  0.4s|     1 |     0 |  2116 |     - |    74M |   0 | 409 | 178 | 198 |  20 |  9 |   0 |   0 | 7.428066e+03 |      --      |    Inf | unknown
  0.5s|     1 |     0 |  2167 |     - |    74M |   0 | 409 | 178 | 201 |  23 | 10 |   0 |   0 | 7.427460e+03 |      --      |    Inf | unknown
  0.5s|     1 |     0 |  2203 |     - |    74M |   0 | 409 | 178 | 203 |  25 | 11 |   0 |   0 | 7.426566e+03 |      --      |    Inf | unknown
  0.5s|     1 |     0 |  2226 |     - |    74M |   0 | 409 | 178 | 204 |  26 | 12 |   0 |   0 | 7.426077e+03 |      --      |    Inf | unknown
  0.5s|     1 |     0 |  2252 |     - |    74M |   0 | 409 | 178 | 206 |  28 | 13 |   0 |   0 | 7.425171e+03 |      --      |    Inf | unknown
  0.6s|     1 |     0 |  2264 |     - |    74M |   0 | 409 | 178 | 207 |  29 | 14 |   0 |   0 | 7.424818e+03 |      --      |    Inf | unknown
 time | node  | left  |LP iter|LP it/n|mem/heur|mdpt |vars |cons |rows |cuts |sepa|confs|strbr|  dualbound   | primalbound  |  gap   | compl. 
  0.6s|     1 |     0 |  2271 |     - |    74M |   0 | 409 | 178 | 208 |  30 | 15 |   0 |   0 | 7.424678e+03 |      --      |    Inf | unknown
  0.6s|     1 |     0 |  2275 |     - |    74M |   0 | 409 | 178 | 209 |  31 | 16 |   0 |   0 | 7.424662e+03 |      --      |    Inf | unknown
  0.6s|     1 |     0 |  2299 |     - |    74M |   0 | 409 | 178 | 209 |  34 | 17 |   0 |   0 | 7.423711e+03 |      --      |    Inf | unknown
  0.6s|     1 |     0 |  2329 |     - |    74M |   0 | 409 | 178 | 212 |  37 | 18 |   0 |   0 | 7.422937e+03 |      --      |    Inf | unknown
  0.7s|     1 |     0 |  2333 |     - |    74M |   0 | 409 | 178 | 213 |  38 | 19 |   0 |   0 | 7.422916e+03 |      --      |    Inf | unknown
  0.7s|     1 |     0 |  2362 |     - |    74M |   0 | 409 | 178 | 216 |  41 | 20 |   0 |   0 | 7.421813e+03 |      --      |    Inf | unknown
  0.7s|     1 |     0 |  2367 |     - |    74M |   0 | 409 | 178 | 217 |  42 | 21 |   0 |   0 | 7.421802e+03 |      --      |    Inf | unknown
  0.7s|     1 |     0 |  2388 |     - |    74M |   0 | 409 | 178 | 219 |  44 | 22 |   0 |   0 | 7.421463e+03 |      --      |    Inf | unknown
  0.7s|     1 |     0 |  2402 |     - |    74M |   0 | 409 | 178 | 217 |  46 | 23 |   0 |   0 | 7.421361e+03 |      --      |    Inf | unknown
  0.8s|     1 |     0 |  2406 |     - |    74M |   0 | 409 | 178 | 218 |  47 | 24 |   0 |   0 | 7.421355e+03 |      --      |    Inf | unknown
  0.8s|     1 |     0 |  2428 |     - |    74M |   0 | 409 | 178 | 222 |  51 | 25 |   0 |   0 | 7.420372e+03 |      --      |    Inf | unknown
  0.8s|     1 |     0 |  2447 |     - |    74M |   0 | 409 | 178 | 224 |  53 | 26 |   0 |   0 | 7.419998e+03 |      --      |    Inf | unknown
  0.8s|     1 |     0 |  2449 |     - |    74M |   0 | 409 | 178 | 225 |  54 | 27 |   0 |   0 | 7.419993e+03 |      --      |    Inf | unknown
  0.8s|     1 |     0 |  2466 |     - |    74M |   0 | 409 | 178 | 227 |  56 | 28 |   0 |   0 | 7.419617e+03 |      --      |    Inf | unknown
  0.9s|     1 |     0 |  2469 |     - |    74M |   0 | 409 | 178 | 224 |  57 | 29 |   0 |   0 | 7.419607e+03 |      --      |    Inf | unknown
 time | node  | left  |LP iter|LP it/n|mem/heur|mdpt |vars |cons |rows |cuts |sepa|confs|strbr|  dualbound   | primalbound  |  gap   | compl. 
  0.9s|     1 |     0 |  2486 |     - |    74M |   0 | 409 | 178 | 225 |  58 | 30 |   0 |   0 | 7.419415e+03 |      --      |    Inf | unknown
  0.9s|     1 |     0 |  2504 |     - |    74M |   0 | 409 | 178 | 228 |  61 | 31 |   0 |   0 | 7.419176e+03 |      --      |    Inf | unknown
  0.9s|     1 |     0 |  2542 |     - |    74M |   0 | 409 | 178 | 236 |  69 | 32 |   0 |   0 | 7.418345e+03 |      --      |    Inf | unknown
  1.0s|     1 |     0 |  2621 |     - |    74M |   0 | 409 | 178 | 241 |  74 | 33 |   0 |   0 | 7.416823e+03 |      --      |    Inf | unknown
  1.0s|     1 |     0 |  2628 |     - |    74M |   0 | 409 | 178 | 245 |  78 | 34 |   0 |   0 | 7.416689e+03 |      --      |    Inf | unknown
  1.0s|     1 |     0 |  2631 |     - |    74M |   0 | 409 | 178 | 239 |  79 | 35 |   0 |   0 | 7.416686e+03 |      --      |    Inf | unknown
d 1.0s|     1 |     0 |  2631 |     - |fracdivi|   0 | 409 | 178 | 239 |   0 | 36 |   0 |   0 | 7.416686e+03 | 3.018205e+03 | 145.73%| unknown
d 1.0s|     1 |     0 |  2896 |     - |fracdivi|   0 | 409 | 178 | 239 |   0 | 36 |   0 |   0 | 7.416686e+03 | 3.587216e+03 | 106.75%| unknown
d 1.0s|     1 |     0 |  3003 |     - |fracdivi|   0 | 409 | 178 | 239 |   0 | 36 |   0 |   0 | 7.416686e+03 | 4.188795e+03 |  77.06%| unknown
d 1.0s|     1 |     0 |  3034 |     - |fracdivi|   0 | 409 | 178 | 239 |   0 | 36 |   0 |   0 | 7.416686e+03 | 6.663888e+03 |  11.30%| unknown
  1.0s|     1 |     0 |  3034 |     - |    74M |   0 | 409 | 178 | 239 |  79 | 36 |   0 |   0 | 7.416686e+03 | 6.663888e+03 |  11.30%| unknown
  1.3s|     1 |     2 |  3034 |     - |    74M |   0 | 409 | 178 | 239 |  79 | 37 |   0 |  26 | 7.387852e+03 | 6.663888e+03 |  10.86%| unknown
* 1.5s|     4 |     3 |  3288 | 219.0 |strongbr|   3 | 409 | 178 | 215 |  79 |  1 |   0 |  81 | 7.387236e+03 | 7.199704e+03 |   2.60%| unknown
* 1.9s|    11 |     2 |  3946 | 131.5 |strongbr|   4 | 409 | 210 | 215 |  79 |  2 |  32 | 257 | 7.376227e+03 | 7.232579e+03 |   1.99%|  28.68%

SCIP Status        : problem is solved [optimal solution found]
Solving Time (sec) : 3.13
Solving Nodes      : 27
Primal Bound       : +7.23257902521452e+03 (197 solutions)
Dual Bound         : +7.23257902521452e+03
Gap                : 0.00 %
