presolving:
(round 1, fast)       1 del vars, 1 del conss, 0 add conss, 0 chg bounds, 0 chg sides, 0 chg coeffs, 0 upgd conss, 0 impls, 190 clqs
(round 2, fast)       2 del vars, 1 del conss, 0 add conss, 0 chg bounds, 0 chg sides, 0 chg coeffs, 0 upgd conss, 0 impls, 190 clqs
   (0.0s) running MILP presolver
   (0.0s) MILP presolver (2 rounds): 0 aggregations, 13 fixings, 0 bound changes
(round 3, medium)     15 del vars, 1 del conss, 0 add conss, 0 chg bounds, 0 chg sides, 0 chg coeffs, 0 upgd conss, 0 impls, 190 clqs
(round 4, fast)       16 del vars, 2 del conss, 0 add conss, 0 chg bounds, 0 chg sides, 0 chg coeffs, 0 upgd conss, 0 impls, 189 clqs
(round 5, exhaustive) 16 del vars, 4 del conss, 0 add conss, 0 chg bounds, 2 chg sides, 0 chg coeffs, 0 upgd conss, 0 impls, 189 clqs
(round 6, exhaustive) 16 del vars, 4 del conss, 0 add conss, 0 chg bounds, 2 chg sides, 0 chg coeffs, 187 upgd conss, 0 impls, 189 clqs
(round 7, medium)     58 del vars, 4 del conss, 0 add conss, 0 chg bounds, 2 chg sides, 42 chg coeffs, 187 upgd conss, 0 impls, 189 clqs
(round 8, fast)       76 del vars, 4 del conss, 0 add conss, 0 chg bounds, 2 chg sides, 42 chg coeffs, 187 upgd conss, 0 impls, 188 clqs
(round 9, exhaustive) 76 del vars, 10 del conss, 0 add conss, 0 chg bounds, 2 chg sides, 42 chg coeffs, 187 upgd conss, 0 impls, 188 clqs
   (0.0s) probing: 51/424 (12.0%) - 0 fixings, 0 aggregations, 0 implications, 0 bound changes
   (0.0s) probing aborted: 50/50 successive totally useless probings
   (0.0s) symmetry computation started: requiring (bin +, int +, cont +), (fixed: bin -, int -, cont -)
   (0.0s) no symmetry present (symcode time: 0.00)
presolving (10 rounds: 10 fast, 6 medium, 4 exhaustive):
 76 deleted vars, 10 deleted constraints, 0 added constraints, 0 tightened bounds, 0 added holes, 2 changed sides, 42 changed coefficients
 0 implications, 188 cliques
presolved problem has 424 variables (424 bin, 0 int, 0 impl, 0 cont) and 181 constraints
    181 constraints of type <setppc>
Presolving Time: 0.01

 time | node  | left  |LP iter|LP it/n|mem/heur|mdpt |vars |cons |rows |cuts |sepa|confs|strbr|  dualbound   | primalbound  |  gap   | compl. 
  0.1s|     1 |     0 |  1573 |     - |  5269k |   0 | 424 | 181 | 181 |   0 |  0 |   0 |   0 | 8.354645e+03 |      --      |    Inf | unknown
  0.1s|     1 |     0 |  1615 |     - |    19M |   0 | 424 | 181 | 184 |   3 |  1 |   0 |   0 | 8.334052e+03 |      --      |    Inf | unknown
  0.2s|     1 |     0 |  1667 |     - |    27M |   0 | 424 | 181 | 188 |   7 |  2 |   0 |   0 | 8.322692e+03 |      --      |    Inf | unknown
  0.2s|     1 |     0 |  1714 |     - |    36M |   0 | 424 | 181 | 192 |  11 |  3 |   0 |   0 | 8.313225e+03 |      --      |    Inf | unknown
  0.2s|     1 |     0 |  1786 |     - |    40M |   0 | 424 | 181 | 197 |  16 |  4 |   0 |   0 | 8.308357e+03 |      --      |    Inf | unknown
  0.3s|     1 |     0 |  1821 |     - |    46M |   0 | 424 | 181 | 200 |  19 |  5 |   0 |   0 | 8.306452e+03 |      --      |    Inf | unknown
  0.3s|     1 |     0 |  1861 |     - |    51M |   0 | 424 | 181 | 201 |  20 |  6 |   0 |   0 | 8.304448e+03 |      --      |    Inf | unknown
  0.4s|     1 |     0 |  1906 |     - |    56M |   0 | 424 | 181 | 203 |  22 |  7 |   0 |   0 | 8.301333e+03 |      --      |    Inf | unknown
  0.4s|     1 |     0 |  1939 |     - |    66M |   0 | 424 | 181 | 205 |  24 |  8 |   0 |   0 | 8.299998e+03 |      --      |    Inf | unknown
  0.5s|     1 |     0 |  1978 |     - |    71M |   0 | 424 | 181 | 209 |  28 |  9 |   0 |   0 | 8.298194e+03 |      --      |    Inf | unknown
  0.5s|     1 |     0 |  2027 |     - |    79M |   0 | 424 | 181 | 211 |  30 | 10 |   0 |   0 | 8.296701e+03 |      --      |    Inf | unknown
  0.6s|     1 |     0 |  2062 |     - |    79M |   0 | 424 | 181 | 214 |  33 | 11 |   0 |   0 | 8.295927e+03 |      --      |    Inf | unknown
  0.6s|     1 |     0 |  2065 |     - |    79M |   0 | 424 | 181 | 215 |  34 | 12 |   0 |   0 | 8.295914e+03 |      --      |    Inf | unknown
  0.6s|     1 |     0 |  2090 |     - |    79M |   0 | 424 | 181 | 216 |  35 | 13 |   0 |   0 | 8.294888e+03 |      --      |    Inf | unknown
  0.6s|     1 |     0 |  2111 |     - |    79M |   0 | 424 | 181 | 218 |  37 | 14 |   0 |   0 | 8.294705e+03 |      --      |    Inf | unknown
 time | node  | left  |LP iter|LP it/n|mem/heur|mdpt |vars |cons |rows |cuts |sepa|confs|strbr|  dualbound   | primalbound  |  gap   | compl. 
  0.6s|     1 |     0 |  2140 |     - |    79M |   0 | 424 | 181 | 220 |  39 | 15 |   0 |   0 | 8.294209e+03 |      --      |    Inf | unknown
  0.7s|     1 |     0 |  2204 |     - |    79M |   0 | 424 | 181 | 223 |  42 | 16 |   0 |   0 | 8.292963e+03 |      --      |    Inf | unknown
  0.7s|     1 |     0 |  2231 |     - |    79M |   0 | 424 | 181 | 224 |  43 | 17 |   0 |   0 | 8.292445e+03 |      --      |    Inf | unknown
  0.7s|     1 |     0 |  2258 |     - |    79M |   0 | 424 | 181 | 226 |  45 | 18 |   0 |   0 | 8.291783e+03 |      --      |    Inf | unknown
  0.7s|     1 |     0 |  2281 |     - |    79M |   0 | 424 | 181 | 227 |  46 | 19 |   0 |   0 | 8.291211e+03 |      --      |    Inf | unknown
  0.7s|     1 |     0 |  2312 |     - |    79M |   0 | 424 | 181 | 230 |  49 | 20 |   0 |   0 | 8.290345e+03 |      --      |    Inf | unknown
  0.8s|     1 |     0 |  2327 |     - |    79M |   0 | 424 | 181 | 231 |  50 | 21 |   0 |   0 | 8.290123e+03 |      --      |    Inf | unknown
  0.8s|     1 |     0 |  2347 |     - |    79M |   0 | 424 | 181 | 233 |  52 | 22 |   0 |   0 | 8.289932e+03 |      --      |    Inf | unknown
  0.8s|     1 |     0 |  2351 |     - |    79M |   0 | 424 | 181 | 230 |  53 | 23 |   0 |   0 | 8.289926e+03 |      --      |    Inf | unknown
  0.8s|     1 |     0 |  2379 |     - |    79M |   0 | 424 | 181 | 232 |  55 | 24 |   0 |   0 | 8.289624e+03 |      --      |    Inf | unknown
  0.8s|     1 |     0 |  2381 |     - |    79M |   0 | 424 | 181 | 233 |  56 | 25 |   0 |   0 | 8.289618e+03 |      --      |    Inf | unknown
  0.9s|     1 |     0 |  2382 |     - |    79M |   0 | 424 | 181 | 234 |  57 | 26 |   0 |   0 | 8.289609e+03 |      --      |    Inf | unknown
  0.9s|     1 |     0 |  2385 |     - |    79M |   0 | 424 | 181 | 235 |  58 | 27 |   0 |   0 | 8.289576e+03 |      --      |    Inf | unknown
  0.9s|     1 |     0 |  2412 |     - |    79M |   0 | 424 | 181 | 236 |  59 | 28 |   0 |   0 | 8.289134e+03 |      --      |    Inf | unknown
  0.9s|     1 |     0 |  2413 |     - |    79M |   0 | 424 | 181 | 232 |  60 | 29 |   0 |   0 | 8.289133e+03 |      --      |    Inf | unknown
 time | node  | left  |LP iter|LP it/n|mem/heur|mdpt |vars |cons |rows |cuts |sepa|confs|strbr|  dualbound   | primalbound  |  gap   | compl. 
  1.0s|     1 |     0 |  2417 |     - |    79M |   0 | 424 | 181 | 233 |  61 | 30 |   0 |   0 | 8.289129e+03 |      --      |    Inf | unknown
d 1.0s|     1 |     0 |  2417 |     - |fracdivi|   0 | 424 | 181 | 233 |   0 | 30 |   0 |   0 | 8.289129e+03 | 3.264101e+03 | 153.95%| unknown
d 1.0s|     1 |     0 |  2700 |     - |fracdivi|   0 | 424 | 181 | 233 |   0 | 30 |   0 |   0 | 8.289129e+03 | 4.585817e+03 |  80.76%| unknown
d 1.0s|     1 |     0 |  2759 |     - |fracdivi|   0 | 424 | 181 | 233 |   0 | 30 |   0 |   0 | 8.289129e+03 | 6.623795e+03 |  25.14%| unknown
d 1.0s|     1 |     0 |  2775 |     - |fracdivi|   0 | 424 | 181 | 233 |   0 | 30 |   0 |   0 | 8.289129e+03 | 7.304356e+03 |  13.48%| unknown
  1.0s|     1 |     0 |  2775 |     - |    79M |   0 | 424 | 181 | 233 |  61 | 30 |   0 |   0 | 8.289129e+03 | 7.304356e+03 |  13.48%| unknown
  1.0s|     1 |     0 |  2785 |     - |    79M |   0 | 424 | 181 | 234 |  62 | 31 |   0 |   0 | 8.289044e+03 | 7.304356e+03 |  13.48%| unknown
  1.0s|     1 |     0 |  2789 |     - |    79M |   0 | 424 | 181 | 227 |  63 | 32 |   0 |   0 | 8.289042e+03 | 7.304356e+03 |  13.48%| unknown
  1.4s|     1 |     2 |  2789 |     - |    80M |   0 | 424 | 181 | 227 |  63 | 32 |   0 |  30 | 8.277059e+03 | 7.304356e+03 |  13.32%| unknown
* 1.5s|     3 |     2 |  3040 | 304.5 |strongbr|   2 | 424 | 181 | 217 |  63 |  1 |   0 |  62 | 8.277059e+03 | 8.132985e+03 |   1.77%| unknown
* 1.5s|     3 |     2 |  3083 | 326.0 |strongbr|   2 | 424 | 184 | 217 |  63 |  5 |   3 |  78 | 8.277059e+03 | 8.140325e+03 |   1.68%| unknown

SCIP Status        : problem is solved [optimal solution found]
Solving Time (sec) : 2.04
Solving Nodes      : 9
Primal Bound       : +8.14032541053475e+03 (141 solutions)
Dual Bound         : +8.14032541053475e+03
Gap                : 0.00 %
