presolving:
(round 1, fast)       1 del vars, 2 del conss, 0 add conss, 0 chg bounds, 0 chg sides, 0 chg coeffs, 0 upgd conss, 0 impls, 188 clqs
(round 2, fast)       2 del vars, 2 del conss, 0 add conss, 0 chg bounds, 0 chg sides, 0 chg coeffs, 0 upgd conss, 0 impls, 188 clqs
   (0.0s) running MILP presolver
   (0.0s) MILP presolver (2 rounds): 0 aggregations, 12 fixings, 0 bound changes
(round 3, medium)     14 del vars, 2 del conss, 0 add conss, 0 chg bounds, 0 chg sides, 0 chg coeffs, 0 upgd conss, 0 impls, 188 clqs
(round 4, exhaustive) 14 del vars, 2 del conss, 0 add conss, 0 chg bounds, 0 chg sides, 0 chg coeffs, 188 upgd conss, 0 impls, 188 clqs
(round 5, medium)     45 del vars, 2 del conss, 0 add conss, 0 chg bounds, 0 chg sides, 31 chg coeffs, 188 upgd conss, 0 impls, 188 clqs
(round 6, fast)       55 del vars, 2 del conss, 0 add conss, 0 chg bounds, 0 chg sides, 31 chg coeffs, 188 upgd conss, 0 impls, 188 clqs
(round 7, exhaustive) 55 del vars, 7 del conss, 0 add conss, 0 chg bounds, 0 chg sides, 31 chg coeffs, 188 upgd conss, 0 impls, 188 clqs
   (0.0s) probing: 51/445 (11.5%) - 0 fixings, 0 aggregations, 0 implications, 0 bound changes
   (0.0s) probing aborted: 50/50 successive totally useless probings
   (0.0s) symmetry computation started: requiring (bin +, int +, cont +), (fixed: bin -, int -, cont -)
   (0.0s) no symmetry present (symcode time: 0.00)
presolving (8 rounds: 8 fast, 5 medium, 3 exhaustive):
 55 deleted vars, 7 deleted constraints, 0 added constraints, 0 tightened bounds, 0 added holes, 0 changed sides, 31 changed coefficients
 0 implications, 188 cliques
presolved problem has 445 variables (445 bin, 0 int, 0 impl, 0 cont) and 183 constraints
    183 constraints of type <setppc>
Presolving Time: 0.01

 time | node  | left  |LP iter|LP it/n|mem/heur|mdpt |vars |cons |rows |cuts |sepa|confs|strbr|  dualbound   | primalbound  |  gap   | compl. 
  0.1s|     1 |     0 |  1545 |     - |  5580k |   0 | 445 | 183 | 183 |   0 |  0 |   0 |   0 | 7.779915e+03 |      --      |    Inf | unknown
  0.1s|     1 |     0 |  1607 |     - |    21M |   0 | 445 | 183 | 186 |   3 |  1 |   0 |   0 | 7.758071e+03 |      --      |    Inf | unknown
  0.2s|     1 |     0 |  1635 |     - |    29M |   0 | 445 | 183 | 187 |   4 |  2 |   0 |   0 | 7.747751e+03 |      --      |    Inf | unknown
  0.2s|     1 |     0 |  1670 |     - |    36M |   0 | 445 | 183 | 188 |   5 |  3 |   0 |   0 | 7.743613e+03 |      --      |    Inf | unknown
  0.3s|     1 |     0 |  1701 |     - |    42M |   0 | 445 | 183 | 191 |   8 |  4 |   0 |   0 | 7.739104e+03 |      --      |    Inf | unknown
  0.3s|     1 |     0 |  1761 |     - |    44M |   0 | 445 | 183 | 193 |  10 |  5 |   0 |   0 | 7.734754e+03 |      --      |    Inf | unknown
  0.3s|     1 |     0 |  1821 |     - |    50M |   0 | 445 | 183 | 196 |  13 |  6 |   0 |   0 | 7.728754e+03 |      --      |    Inf | unknown
  0.4s|     1 |     0 |  1852 |     - |    60M |   0 | 445 | 183 | 199 |  16 |  7 |   0 |   0 | 7.726856e+03 |      --      |    Inf | unknown
  0.4s|     1 |     0 |  1890 |     - |    62M |   0 | 445 | 183 | 200 |  17 |  8 |   0 |   0 | 7.724444e+03 |      --      |    Inf | unknown
  0.5s|     1 |     0 |  1988 |     - |    69M |   0 | 445 | 183 | 202 |  19 |  9 |   0 |   0 | 7.719382e+03 |      --      |    Inf | unknown
  0.5s|     1 |     0 |  2062 |     - |    78M |   0 | 445 | 183 | 204 |  21 | 10 |   0 |   0 | 7.716897e+03 |      --      |    Inf | unknown
  0.6s|     1 |     0 |  2094 |     - |    78M |   0 | 445 | 183 | 208 |  25 | 11 |   0 |   0 | 7.716396e+03 |      --      |    Inf | unknown
  0.6s|     1 |     0 |  2120 |     - |    78M |   0 | 445 | 183 | 210 |  27 | 12 |   0 |   0 | 7.716105e+03 |      --      |    Inf | unknown
  0.6s|     1 |     0 |  2131 |     - |    79M |   0 | 445 | 183 | 213 |  30 | 13 |   0 |   0 | 7.715952e+03 |      --      |    Inf | unknown
  0.6s|     1 |     0 |  2146 |     - |    80M |   0 | 445 | 183 | 215 |  32 | 14 |   0 |   0 | 7.715893e+03 |      --      |    Inf | unknown
 time | node  | left  |LP iter|LP it/n|mem/heur|mdpt |vars |cons |rows |cuts |sepa|confs|strbr|  dualbound   | primalbound  |  gap   | compl. 
  0.6s|     1 |     0 |  2184 |     - |    80M |   0 | 445 | 183 | 218 |  35 | 15 |   0 |   0 | 7.715540e+03 |      --      |    Inf | unknown
  0.7s|     1 |     0 |  2198 |     - |    80M |   0 | 445 | 183 | 219 |  36 | 16 |   0 |   0 | 7.715500e+03 |      --      |    Inf | unknown
  0.7s|     1 |     0 |  2232 |     - |    80M |   0 | 445 | 183 | 221 |  39 | 17 |   0 |   0 | 7.715264e+03 |      --      |    Inf | unknown
  0.7s|     1 |     0 |  2254 |     - |    81M |   0 | 445 | 183 | 222 |  40 | 18 |   0 |   0 | 7.715090e+03 |      --      |    Inf | unknown
  0.7s|     1 |     0 |  2285 |     - |    81M |   0 | 445 | 183 | 223 |  41 | 19 |   0 |   0 | 7.714626e+03 |      --      |    Inf | unknown
  0.7s|     1 |     0 |  2310 |     - |    81M |   0 | 445 | 183 | 224 |  42 | 20 |   0 |   0 | 7.714069e+03 |      --      |    Inf | unknown
  0.8s|     1 |     0 |  2316 |     - |    81M |   0 | 445 | 183 | 225 |  43 | 21 |   0 |   0 | 7.714015e+03 |      --      |    Inf | unknown
  0.8s|     1 |     0 |  2328 |     - |    81M |   0 | 445 | 183 | 226 |  44 | 22 |   0 |   0 | 7.713911e+03 |      --      |    Inf | unknown
  0.8s|     1 |     0 |  2329 |     - |    81M |   0 | 445 | 183 | 221 |  45 | 23 |   0 |   0 | 7.713907e+03 |      --      |    Inf | unknown
  0.8s|     1 |     0 |  2334 |     - |    81M |   0 | 445 | 183 | 222 |  46 | 24 |   0 |   0 | 7.713852e+03 |      --      |    Inf | unknown
  0.8s|     1 |     0 |  2335 |     - |    81M |   0 | 445 | 183 | 223 |  47 | 25 |   0 |   0 | 7.713852e+03 |      --      |    Inf | unknown
  0.8s|     1 |     0 |  2341 |     - |    81M |   0 | 445 | 183 | 224 |  48 | 26 |   0 |   0 | 7.713817e+03 |      --      |    Inf | unknown
  0.9s|     1 |     0 |  2345 |     - |    81M |   0 | 445 | 183 | 226 |  50 | 27 |   0 |   0 | 7.713795e+03 |      --      |    Inf | unknown
  0.9s|     1 |     0 |  2365 |     - |    81M |   0 | 445 | 183 | 229 |  53 | 28 |   0 |   0 | 7.713415e+03 |      --      |    Inf | unknown
  0.9s|     1 |     0 |  2387 |     - |    81M |   0 | 445 | 183 | 230 |  59 | 29 |   0 |   0 | 7.713010e+03 |      --      |    Inf | unknown
 time | node  | left  |LP iter|LP it/n|mem/heur|mdpt |vars |cons |rows |cuts |sepa|confs|strbr|  dualbound   | primalbound  |  gap   | compl. 
  0.9s|     1 |     0 |  2390 |     - |    81M |   0 | 445 | 183 | 231 |  60 | 30 |   0 |   0 | 7.712997e+03 |      --      |    Inf | unknown
d 0.9s|     1 |     0 |  2390 |     - |fracdivi|   0 | 445 | 183 | 231 |   0 | 30 |   0 |   0 | 7.712997e+03 | 2.604189e+03 | 196.18%| unknown
d 0.9s|     1 |     0 |  2849 |     - |fracdivi|   0 | 445 | 183 | 231 |   0 | 30 |   0 |   0 | 7.712997e+03 | 3.398497e+03 | 126.95%| unknown
d 0.9s|     1 |     0 |  2911 |     - |fracdivi|   0 | 445 | 183 | 231 |   0 | 30 |   0 |   0 | 7.712997e+03 | 4.141397e+03 |  86.24%| unknown
d 0.9s|     1 |     0 |  2953 |     - |fracdivi|   0 | 445 | 183 | 231 |   0 | 30 |   0 |   0 | 7.712997e+03 | 5.480724e+03 |  40.73%| unknown
d 0.9s|     1 |     0 |  2962 |     - |fracdivi|   0 | 445 | 183 | 231 |   0 | 30 |   0 |   0 | 7.712997e+03 | 6.612538e+03 |  16.64%| unknown
  0.9s|     1 |     0 |  2962 |     - |    81M |   0 | 445 | 183 | 231 |  60 | 30 |   0 |   0 | 7.712997e+03 | 6.612538e+03 |  16.64%| unknown
  1.0s|     1 |     0 |  2978 |     - |    81M |   0 | 445 | 183 | 232 |  65 | 31 |   0 |   0 | 7.712795e+03 | 6.612538e+03 |  16.64%| unknown
  1.0s|     1 |     0 |  2982 |     - |    81M |   0 | 445 | 183 | 233 |  66 | 32 |   0 |   0 | 7.712792e+03 | 6.612538e+03 |  16.64%| unknown
  1.3s|     1 |     2 |  2982 |     - |    81M |   0 | 445 | 183 | 233 |  66 | 32 |   0 |  28 | 7.695097e+03 | 6.612538e+03 |  16.37%| unknown
* 1.7s|     7 |     6 |  3522 | 185.3 |strongbr|   6 | 445 | 183 | 217 |  66 |  1 |   0 | 143 | 7.695097e+03 | 7.154977e+03 |   7.55%| unknown
* 1.8s|     9 |     6 |  3576 | 145.8 |strongbr|   7 | 445 | 186 | 217 |  66 |  2 |   3 | 185 | 7.695097e+03 | 7.222422e+03 |   6.54%|   2.18%
* 1.8s|    11 |     6 |  3601 | 119.1 |strongbr|   8 | 445 | 187 | 217 |  66 |  1 |   4 | 194 | 7.695097e+03 | 7.226826e+03 |   6.48%|   4.82%
* 2.5s|    22 |     4 |  4747 | 111.3 |strongbr|   8 | 445 | 183 | 217 |  66 |  1 |  41 | 446 | 7.670815e+03 | 7.510287e+03 |   2.14%|  16.95%
* 3.0s|    25 |     3 |  5388 | 124.1 |    LP  |   8 | 445 | 220 | 217 |  66 | 10 |  79 | 589 | 7.647036e+03 | 7.516751e+03 |   1.73%|  42.16%

SCIP Status        : problem is solved [optimal solution found]
Solving Time (sec) : 3.18
Solving Nodes      : 30
Primal Bound       : +7.51675144549165e+03 (203 solutions)
Dual Bound         : +7.51675144549165e+03
Gap                : 0.00 %
