presolving:
(round 1, fast)       0 del vars, 2 del conss, 0 add conss, 0 chg bounds, 0 chg sides, 0 chg coeffs, 0 upgd conss, 0 impls, 186 clqs
(round 2, fast)       1 del vars, 2 del conss, 0 add conss, 0 chg bounds, 0 chg sides, 0 chg coeffs, 0 upgd conss, 0 impls, 186 clqs
   (0.0s) running MILP presolver
   (0.0s) MILP presolver (2 rounds): 0 aggregations, 14 fixings, 0 bound changes
(round 3, medium)     15 del vars, 2 del conss, 0 add conss, 0 chg bounds, 0 chg sides, 0 chg coeffs, 0 upgd conss, 0 impls, 184 clqs
(round 4, fast)       15 del vars, 4 del conss, 0 add conss, 0 chg bounds, 0 chg sides, 0 chg coeffs, 0 upgd conss, 0 impls, 184 clqs
(round 5, exhaustive) 15 del vars, 7 del conss, 0 add conss, 0 chg bounds, 3 chg sides, 0 chg coeffs, 0 upgd conss, 0 impls, 184 clqs
(round 6, exhaustive) 15 del vars, 7 del conss, 0 add conss, 0 chg bounds, 3 chg sides, 0 chg coeffs, 181 upgd conss, 0 impls, 184 clqs
(round 7, medium)     51 del vars, 7 del conss, 0 add conss, 0 chg bounds, 3 chg sides, 36 chg coeffs, 181 upgd conss, 0 impls, 184 clqs
(round 8, fast)       68 del vars, 7 del conss, 0 add conss, 0 chg bounds, 3 chg sides, 36 chg coeffs, 181 upgd conss, 0 impls, 184 clqs
(round 9, exhaustive) 68 del vars, 11 del conss, 0 add conss, 0 chg bounds, 3 chg sides, 36 chg coeffs, 181 upgd conss, 0 impls, 184 clqs
   (0.0s) probing: 51/432 (11.8%) - 0 fixings, 0 aggregations, 0 implications, 0 bound changes
   (0.0s) probing aborted: 50/50 successive totally useless probings
   (0.0s) symmetry computation started: requiring (bin +, int +, cont +), (fixed: bin -, int -, cont -)
   (0.0s) no symmetry present (symcode time: 0.00)
presolving (10 rounds: 10 fast, 6 medium, 4 exhaustive):
 68 deleted vars, 11 deleted constraints, 0 added constraints, 0 tightened bounds, 0 added holes, 3 changed sides, 36 changed coefficients
 0 implications, 184 cliques
presolved problem has 432 variables (432 bin, 0 int, 0 impl, 0 cont) and 177 constraints
    177 constraints of type <setppc>
Presolving Time: 0.02

 time | node  | left  |LP iter|LP it/n|mem/heur|mdpt |vars |cons |rows |cuts |sepa|confs|strbr|  dualbound   | primalbound  |  gap   | compl. 
  0.1s|     1 |     0 |  1496 |     - |  5404k |   0 | 432 | 177 | 177 |   0 |  0 |   0 |   0 | 7.523016e+03 |      --      |    Inf | unknown
  0.3s|     1 |     0 |  1523 |     - |    13M |   0 | 432 | 177 | 179 |   2 |  1 |   0 |   0 | 7.509849e+03 |      --      |    Inf | unknown
  0.4s|     1 |     0 |  1561 |     - |    25M |   0 | 432 | 177 | 180 |   3 |  2 |   0 |   0 | 7.500066e+03 |      --      |    Inf | unknown
  0.4s|     1 |     0 |  1589 |     - |    31M |   0 | 432 | 177 | 182 |   5 |  3 |   0 |   0 | 7.492629e+03 |      --      |    Inf | unknown
  0.5s|     1 |     0 |  1626 |     - |    36M |   0 | 432 | 177 | 183 |   6 |  4 |   0 |   0 | 7.483499e+03 |      --      |    Inf | unknown
  0.5s|     1 |     0 |  1661 |     - |    39M |   0 | 432 | 177 | 185 |   8 |  5 |   0 |   0 | 7.478214e+03 |      --      |    Inf | unknown
  0.6s|     1 |     0 |  1695 |     - |    45M |   0 | 432 | 177 | 186 |   9 |  6 |   0 |   0 | 7.476826e+03 |      --      |    Inf | unknown
  0.6s|     1 |     0 |  1723 |     - |    49M |   0 | 432 | 177 | 188 |  11 |  7 |   0 |   0 | 7.476321e+03 |      --      |    Inf | unknown
  0.7s|     1 |     0 |  1746 |     - |    55M |   0 | 432 | 177 | 191 |  14 |  8 |   0 |   0 | 7.474526e+03 |      --      |    Inf | unknown
  0.8s|     1 |     0 |  1788 |     - |    62M |   0 | 432 | 177 | 192 |  15 |  9 |   0 |   0 | 7.472740e+03 |      --      |    Inf | unknown
  0.8s|     1 |     0 |  1820 |     - |    65M |   0 | 432 | 177 | 195 |  18 | 10 |   0 |   0 | 7.471764e+03 |      --      |    Inf | unknown
  0.8s|     1 |     0 |  1864 |     - |    65M |   0 | 432 | 177 | 197 |  20 | 11 |   0 |   0 | 7.470665e+03 |      --      |    Inf | unknown
  0.9s|     1 |     0 |  1887 |     - |    65M |   0 | 432 | 177 | 200 |  23 | 12 |   0 |   0 | 7.470133e+03 |      --      |    Inf | unknown
  0.9s|     1 |     0 |  1898 |     - |    65M |   0 | 432 | 177 | 201 |  24 | 13 |   0 |   0 | 7.470078e+03 |      --      |    Inf | unknown
  0.9s|     1 |     0 |  1913 |     - |    65M |   0 | 432 | 177 | 202 |  25 | 14 |   0 |   0 | 7.469958e+03 |      --      |    Inf | unknown
 time | node  | left  |LP iter|LP it/n|mem/heur|mdpt |vars |cons |rows |cuts |sepa|confs|strbr|  dualbound   | primalbound  |  gap   | compl. 
  0.9s|     1 |     0 |  1926 |     - |    65M |   0 | 432 | 177 | 203 |  26 | 15 |   0 |   0 | 7.469740e+03 |      --      |    Inf | unknown
  1.0s|     1 |     0 |  1937 |     - |    65M |   0 | 432 | 177 | 205 |  28 | 16 |   0 |   0 | 7.469385e+03 |      --      |    Inf | unknown
  1.0s|     1 |     0 |  1948 |     - |    65M |   0 | 432 | 177 | 206 |  29 | 17 |   0 |   0 | 7.469340e+03 |      --      |    Inf | unknown
  1.0s|     1 |     0 |  1960 |     - |    65M |   0 | 432 | 177 | 207 |  30 | 18 |   0 |   0 | 7.469218e+03 |      --      |    Inf | unknown
  1.0s|     1 |     0 |  2005 |     - |    65M |   0 | 432 | 177 | 211 |  34 | 19 |   0 |   0 | 7.467741e+03 |      --      |    Inf | unknown
  1.1s|     1 |     0 |  2009 |     - |    65M |   0 | 432 | 177 | 212 |  35 | 20 |   0 |   0 | 7.467721e+03 |      --      |    Inf | unknown
  1.1s|     1 |     0 |  2019 |     - |    65M |   0 | 432 | 177 | 213 |  36 | 21 |   0 |   0 | 7.467650e+03 |      --      |    Inf | unknown
  1.1s|     1 |     0 |  2053 |     - |    65M |   0 | 432 | 177 | 215 |  38 | 22 |   0 |   0 | 7.466996e+03 |      --      |    Inf | unknown
  1.1s|     1 |     0 |  2084 |     - |    65M |   0 | 432 | 177 | 212 |  41 | 23 |   0 |   0 | 7.466650e+03 |      --      |    Inf | unknown
  1.2s|     1 |     0 |  2099 |     - |    65M |   0 | 432 | 177 | 213 |  42 | 24 |   0 |   0 | 7.466570e+03 |      --      |    Inf | unknown
  1.2s|     1 |     0 |  2109 |     - |    65M |   0 | 432 | 177 | 214 |  43 | 25 |   0 |   0 | 7.466520e+03 |      --      |    Inf | unknown
  1.2s|     1 |     0 |  2111 |     - |    65M |   0 | 432 | 177 | 215 |  44 | 26 |   0 |   0 | 7.466520e+03 |      --      |    Inf | unknown
  1.2s|     1 |     0 |  2115 |     - |    65M |   0 | 432 | 177 | 216 |  45 | 27 |   0 |   0 | 7.466516e+03 |      --      |    Inf | unknown
  1.3s|     1 |     0 |  2127 |     - |    65M |   0 | 432 | 177 | 217 |  46 | 28 |   0 |   0 | 7.466468e+03 |      --      |    Inf | unknown
  1.3s|     1 |     0 |  2145 |     - |    65M |   0 | 432 | 177 | 215 |  47 | 29 |   0 |   0 | 7.466175e+03 |      --      |    Inf | unknown
 time | node  | left  |LP iter|LP it/n|mem/heur|mdpt |vars |cons |rows |cuts |sepa|confs|strbr|  dualbound   | primalbound  |  gap   | compl. 
  1.4s|     1 |     0 |  2157 |     - |    65M |   0 | 432 | 177 | 216 |  48 | 30 |   0 |   0 | 7.466070e+03 |      --      |    Inf | unknown
  1.4s|     1 |     0 |  2164 |     - |    65M |   0 | 432 | 177 | 217 |  49 | 31 |   0 |   0 | 7.466043e+03 |      --      |    Inf | unknown
  1.5s|     1 |     0 |  2171 |     - |    65M |   0 | 432 | 177 | 218 |  50 | 32 |   0 |   0 | 7.466017e+03 |      --      |    Inf | unknown
d 1.5s|     1 |     0 |  2171 |     - |fracdivi|   0 | 432 | 177 | 218 |   0 | 32 |   0 |   0 | 7.466017e+03 | 2.821124e+03 | 164.65%| unknown
d 1.5s|     1 |     0 |  2491 |     - |fracdivi|   0 | 432 | 177 | 218 |   0 | 32 |   0 |   0 | 7.466017e+03 | 3.845206e+03 |  94.16%| unknown
d 1.5s|     1 |     0 |  2554 |     - |fracdivi|   0 | 432 | 177 | 218 |   0 | 32 |   0 |   0 | 7.466017e+03 | 5.194684e+03 |  43.72%| unknown
d 1.5s|     1 |     0 |  2574 |     - |fracdivi|   0 | 432 | 177 | 218 |   0 | 32 |   0 |   0 | 7.466017e+03 | 6.748332e+03 |  10.64%| unknown
  1.5s|     1 |     0 |  2574 |     - |    65M |   0 | 432 | 177 | 218 |  50 | 32 |   0 |   0 | 7.466017e+03 | 6.748332e+03 |  10.64%| unknown
  1.6s|     1 |     0 |  2606 |     - |    65M |   0 | 432 | 177 | 220 |  52 | 33 |   0 |   0 | 7.465362e+03 | 6.748332e+03 |  10.63%| unknown
  1.6s|     1 |     0 |  2616 |     - |    65M |   0 | 432 | 177 | 221 |  53 | 34 |   0 |   0 | 7.465314e+03 | 6.748332e+03 |  10.62%| unknown
  2.0s|     1 |     2 |  2616 |     - |    65M |   0 | 432 | 177 | 221 |  53 | 34 |   0 |  23 | 7.440473e+03 | 6.748332e+03 |  10.26%| unknown
* 2.1s|     2 |     1 |  2732 | 519.0 |strongbr|   1 | 432 | 177 | 207 |  53 |  1 |   0 |  54 | 7.440473e+03 | 7.270797e+03 |   2.33%| unknown
* 2.3s|     2 |     1 |  2760 | 547.0 |strongbr|   1 | 432 | 179 | 207 |  53 |  3 |   2 |  77 | 7.440473e+03 | 7.323112e+03 |   1.60%| unknown
* 2.3s|     2 |     1 |  2781 | 568.0 |strongbr|   1 | 432 | 180 | 207 |  53 |  4 |   3 |  82 | 7.440473e+03 | 7.336038e+03 |   1.42%| unknown
* 2.4s|     4 |     1 |  2850 | 212.3 |    LP  |   2 | 432 | 184 | 207 |  53 |  1 |   7 | 107 | 7.440473e+03 | 7.348802e+03 |   1.25%|  16.86%

SCIP Status        : problem is solved [optimal solution found]
Solving Time (sec) : 3.07
Solving Nodes      : 5
Primal Bound       : +7.34880151828707e+03 (121 solutions)
Dual Bound         : +7.34880151828707e+03
Gap                : 0.00 %
