presolving:
(round 1, fast)       1 del vars, 1 del conss, 0 add conss, 0 chg bounds, 0 chg sides, 0 chg coeffs, 0 upgd conss, 0 impls, 185 clqs
   (0.0s) running MILP presolver
   (0.0s) MILP presolver (2 rounds): 0 aggregations, 14 fixings, 0 bound changes
(round 2, medium)     15 del vars, 1 del conss, 0 add conss, 0 chg bounds, 0 chg sides, 0 chg coeffs, 0 upgd conss, 0 impls, 185 clqs
(round 3, exhaustive) 15 del vars, 2 del conss, 0 add conss, 0 chg bounds, 1 chg sides, 0 chg coeffs, 0 upgd conss, 0 impls, 185 clqs
(round 4, exhaustive) 15 del vars, 2 del conss, 0 add conss, 0 chg bounds, 1 chg sides, 0 chg coeffs, 184 upgd conss, 0 impls, 185 clqs
(round 5, medium)     55 del vars, 2 del conss, 0 add conss, 0 chg bounds, 1 chg sides, 40 chg coeffs, 184 upgd conss, 0 impls, 185 clqs
(round 6, fast)       78 del vars, 2 del conss, 0 add conss, 0 chg bounds, 1 chg sides, 40 chg coeffs, 184 upgd conss, 0 impls, 185 clqs
(round 7, exhaustive) 78 del vars, 8 del conss, 0 add conss, 0 chg bounds, 1 chg sides, 40 chg coeffs, 184 upgd conss, 0 impls, 185 clqs
   (0.0s) probing: 51/422 (12.1%) - 0 fixings, 0 aggregations, 0 implications, 0 bound changes
   (0.0s) probing aborted: 50/50 successive totally useless probings
   (0.0s) symmetry computation started: requiring (bin +, int +, cont +), (fixed: bin -, int -, cont -)
   (0.0s) no symmetry present (symcode time: 0.00)
presolving (8 rounds: 8 fast, 6 medium, 4 exhaustive):
 78 deleted vars, 8 deleted constraints, 0 added constraints, 0 tightened bounds, 0 added holes, 1 changed sides, 40 changed coefficients
 0 implications, 185 cliques
presolved problem has 422 variables (422 bin, 0 int, 0 impl, 0 cont) and 178 constraints
    178 constraints of type <setppc>
Presolving Time: 0.01

 time | node  | left  |LP iter|LP it/n|mem/heur|mdpt |vars |cons |rows |cuts |sepa|confs|strbr|  dualbound   | primalbound  |  gap   | compl. 
  0.1s|     1 |     0 |  1373 |     - |  5461k |   0 | 422 | 178 | 178 |   0 |  0 |   0 |   0 | 7.674913e+03 |      --      |    Inf | unknown
  0.1s|     1 |     0 |  1410 |     - |    18M |   0 | 422 | 178 | 179 |   1 |  1 |   0 |   0 | 7.659517e+03 |      --      |    Inf | unknown
  0.2s|     1 |     0 |  1454 |     - |    28M |   0 | 422 | 178 | 182 |   4 |  2 |   0 |   0 | 7.651191e+03 |      --      |    Inf | unknown
  0.2s|     1 |     0 |  1472 |     - |    39M |   0 | 422 | 178 | 184 |   6 |  3 |   0 |   0 | 7.648697e+03 |      --      |    Inf | unknown
  0.3s|     1 |     0 |  1508 |     - |    48M |   0 | 422 | 178 | 186 |   8 |  4 |   0 |   0 | 7.641903e+03 |      --      |    Inf | unknown
  0.3s|     1 |     0 |  1558 |     - |    56M |   0 | 422 | 178 | 187 |   9 |  5 |   0 |   0 | 7.636813e+03 |      --      |    Inf | unknown
  0.4s|     1 |     0 |  1584 |     - |    62M |   0 | 422 | 178 | 189 |  11 |  6 |   0 |   0 | 7.634986e+03 |      --      |    Inf | unknown
  0.4s|     1 |     0 |  1603 |     - |    65M |   0 | 422 | 178 | 191 |  13 |  7 |   0 |   0 | 7.632732e+03 |      --      |    Inf | unknown
  0.5s|     1 |     0 |  1629 |     - |    73M |   0 | 422 | 178 | 193 |  15 |  8 |   0 |   0 | 7.630990e+03 |      --      |    Inf | unknown
  0.5s|     1 |     0 |  1663 |     - |    75M |   0 | 422 | 178 | 197 |  19 |  9 |   0 |   0 | 7.628145e+03 |      --      |    Inf | unknown
  0.6s|     1 |     0 |  1710 |     - |    84M |   0 | 422 | 178 | 198 |  20 | 10 |   0 |   0 | 7.625091e+03 |      --      |    Inf | unknown
  0.6s|     1 |     0 |  1721 |     - |    85M |   0 | 422 | 178 | 200 |  22 | 11 |   0 |   0 | 7.624506e+03 |      --      |    Inf | unknown
  0.6s|     1 |     0 |  1742 |     - |    85M |   0 | 422 | 178 | 201 |  23 | 12 |   0 |   0 | 7.623188e+03 |      --      |    Inf | unknown
  0.6s|     1 |     0 |  1766 |     - |    86M |   0 | 422 | 178 | 202 |  24 | 13 |   0 |   0 | 7.622004e+03 |      --      |    Inf | unknown
  0.6s|     1 |     0 |  1778 |     - |    86M |   0 | 422 | 178 | 204 |  26 | 14 |   0 |   0 | 7.621489e+03 |      --      |    Inf | unknown
 time | node  | left  |LP iter|LP it/n|mem/heur|mdpt |vars |cons |rows |cuts |sepa|confs|strbr|  dualbound   | primalbound  |  gap   | compl. 
  0.6s|     1 |     0 |  1793 |     - |    86M |   0 | 422 | 178 | 205 |  27 | 15 |   0 |   0 | 7.620591e+03 |      --      |    Inf | unknown
  0.6s|     1 |     0 |  1800 |     - |    86M |   0 | 422 | 178 | 206 |  28 | 16 |   0 |   0 | 7.620414e+03 |      --      |    Inf | unknown
  0.7s|     1 |     0 |  1820 |     - |    86M |   0 | 422 | 178 | 207 |  29 | 17 |   0 |   0 | 7.619184e+03 |      --      |    Inf | unknown
  0.7s|     1 |     0 |  1836 |     - |    86M |   0 | 422 | 178 | 209 |  31 | 18 |   0 |   0 | 7.618590e+03 |      --      |    Inf | unknown
  0.7s|     1 |     0 |  1858 |     - |    86M |   0 | 422 | 178 | 212 |  34 | 19 |   0 |   0 | 7.617867e+03 |      --      |    Inf | unknown
  0.7s|     1 |     0 |  1883 |     - |    86M |   0 | 422 | 178 | 213 |  35 | 20 |   0 |   0 | 7.617167e+03 |      --      |    Inf | unknown
  0.7s|     1 |     0 |  1898 |     - |    86M |   0 | 422 | 178 | 218 |  40 | 21 |   0 |   0 | 7.616948e+03 |      --      |    Inf | unknown
  0.7s|     1 |     0 |  1930 |     - |    86M |   0 | 422 | 178 | 219 |  41 | 22 |   0 |   0 | 7.616716e+03 |      --      |    Inf | unknown
  0.8s|     1 |     0 |  1942 |     - |    86M |   0 | 422 | 178 | 215 |  43 | 23 |   0 |   0 | 7.616585e+03 |      --      |    Inf | unknown
  0.8s|     1 |     0 |  1948 |     - |    86M |   0 | 422 | 178 | 216 |  44 | 24 |   0 |   0 | 7.616551e+03 |      --      |    Inf | unknown
  0.8s|     1 |     0 |  1957 |     - |    86M |   0 | 422 | 178 | 217 |  45 | 25 |   0 |   0 | 7.616534e+03 |      --      |    Inf | unknown
  0.8s|     1 |     0 |  1961 |     - |    86M |   0 | 422 | 178 | 218 |  46 | 26 |   0 |   0 | 7.616519e+03 |      --      |    Inf | unknown
  0.8s|     1 |     0 |  1968 |     - |    86M |   0 | 422 | 178 | 219 |  47 | 27 |   0 |   0 | 7.616512e+03 |      --      |    Inf | unknown
  0.8s|     1 |     0 |  1975 |     - |    86M |   0 | 422 | 178 | 220 |  48 | 28 |   0 |   0 | 7.616416e+03 |      --      |    Inf | unknown
  0.8s|     1 |     0 |  1978 |     - |    86M |   0 | 422 | 178 | 218 |  49 | 29 |   0 |   0 | 7.616415e+03 |      --      |    Inf | unknown
 time | node  | left  |LP iter|LP it/n|mem/heur|mdpt |vars |cons |rows |cuts |sepa|confs|strbr|  dualbound   | primalbound  |  gap   | compl. 
  0.9s|     1 |     0 |  1991 |     - |    86M |   0 | 422 | 178 | 220 |  51 | 30 |   0 |   0 | 7.616305e+03 |      --      |    Inf | unknown
d 0.9s|     1 |     0 |  1991 |     - |coef2div|   0 | 422 | 178 | 220 |   0 | 30 |   0 |   0 | 7.616305e+03 | 3.037561e+03 | 150.74%| unknown
d 1.0s|     1 |     0 |  2257 |     - |coef2div|   0 | 422 | 178 | 220 |   0 | 30 |   0 |   0 | 7.616305e+03 | 3.321257e+03 | 129.32%| unknown
d 1.0s|     1 |     0 |  2349 |     - |coef2div|   0 | 422 | 178 | 220 |   0 | 30 |   0 |   0 | 7.616305e+03 | 5.052123e+03 |  50.75%| unknown
d 1.1s|     1 |     0 |  2377 |     - |coef2div|   0 | 422 | 178 | 220 |   0 | 30 |   0 |   0 | 7.616305e+03 | 6.044494e+03 |  26.00%| unknown
d 1.1s|     1 |     0 |  2381 |     - |coef2div|   0 | 422 | 178 | 220 |   0 | 30 |   0 |   0 | 7.616305e+03 | 6.982450e+03 |   9.08%| unknown
  1.1s|     1 |     0 |  2381 |     - |    86M |   0 | 422 | 178 | 220 |  51 | 30 |   0 |   0 | 7.616305e+03 | 6.982450e+03 |   9.08%| unknown
  1.1s|     1 |     0 |  2382 |     - |    86M |   0 | 422 | 178 | 220 |  52 | 31 |   0 |   0 | 7.616304e+03 | 6.982450e+03 |   9.08%| unknown
  1.1s|     1 |     0 |  2391 |     - |    86M |   0 | 422 | 178 | 222 |  54 | 32 |   0 |   0 | 7.616287e+03 | 6.982450e+03 |   9.08%| unknown
  1.4s|     1 |     2 |  2391 |     - |    86M |   0 | 422 | 178 | 222 |  54 | 32 |   0 |  25 | 7.605156e+03 | 6.982450e+03 |   8.92%| unknown
* 1.6s|     4 |     3 |  2664 | 221.0 |strongbr|   3 | 422 | 178 | 211 |  54 |  1 |   0 | 101 | 7.595533e+03 | 7.382256e+03 |   2.89%| unknown
* 1.6s|     6 |     3 |  2708 | 141.4 |strongbr|   4 | 422 | 183 | 211 |  54 |  2 |   5 | 117 | 7.595533e+03 | 7.395742e+03 |   2.70%|  10.32%
* 1.6s|     6 |     3 |  2708 | 141.4 |strongbr|   4 | 422 | 183 | 211 |  54 |  2 |   5 | 128 | 7.595533e+03 | 7.429778e+03 |   2.23%|  10.32%
* 1.9s|     8 |     3 |  3068 | 152.4 |strongbr|   4 | 422 | 189 | 211 |  54 |  2 |  15 | 197 | 7.595533e+03 | 7.456478e+03 |   1.86%|  15.20%
* 2.4s|    15 |     2 |  3826 | 130.4 |    LP  |   4 | 422 | 207 | 211 |  54 |  6 |  50 | 371 | 7.557807e+03 | 7.466168e+03 |   1.23%|  62.26%
 time | node  | left  |LP iter|LP it/n|mem/heur|mdpt |vars |cons |rows |cuts |sepa|confs|strbr|  dualbound   | primalbound  |  gap   | compl. 
* 2.4s|    16 |     1 |  3905 | 126.9 |strongbr|   4 | 422 | 213 | 211 |  54 |  4 |  56 | 389 | 7.524851e+03 | 7.466354e+03 |   0.78%|  64.55%

SCIP Status        : problem is solved [optimal solution found]
Solving Time (sec) : 2.42
Solving Nodes      : 17
Primal Bound       : +7.46635377137468e+03 (204 solutions)
Dual Bound         : +7.46635377137468e+03
Gap                : 0.00 %
