presolving:
(round 1, fast)       0 del vars, 1 del conss, 0 add conss, 0 chg bounds, 0 chg sides, 0 chg coeffs, 0 upgd conss, 0 impls, 192 clqs
(round 2, fast)       1 del vars, 1 del conss, 0 add conss, 0 chg bounds, 0 chg sides, 0 chg coeffs, 0 upgd conss, 0 impls, 192 clqs
   (0.0s) running MILP presolver
   (0.0s) MILP presolver (2 rounds): 0 aggregations, 13 fixings, 0 bound changes
(round 3, medium)     14 del vars, 1 del conss, 0 add conss, 0 chg bounds, 0 chg sides, 0 chg coeffs, 0 upgd conss, 0 impls, 192 clqs
(round 4, exhaustive) 14 del vars, 2 del conss, 0 add conss, 0 chg bounds, 1 chg sides, 0 chg coeffs, 0 upgd conss, 0 impls, 192 clqs
(round 5, exhaustive) 14 del vars, 2 del conss, 0 add conss, 0 chg bounds, 1 chg sides, 0 chg coeffs, 191 upgd conss, 0 impls, 192 clqs
(round 6, medium)     48 del vars, 2 del conss, 0 add conss, 0 chg bounds, 1 chg sides, 34 chg coeffs, 191 upgd conss, 0 impls, 192 clqs
(round 7, fast)       65 del vars, 3 del conss, 0 add conss, 0 chg bounds, 1 chg sides, 34 chg coeffs, 191 upgd conss, 0 impls, 191 clqs
(round 8, exhaustive) 65 del vars, 10 del conss, 0 add conss, 0 chg bounds, 1 chg sides, 34 chg coeffs, 191 upgd conss, 0 impls, 191 clqs
   (0.0s) probing: 51/435 (11.7%) - 0 fixings, 0 aggregations, 0 implications, 0 bound changes
   (0.0s) probing aborted: 50/50 successive totally useless probings
   (0.0s) symmetry computation started: requiring (bin +, int +, cont +), (fixed: bin -, int -, cont -)
   (0.0s) no symmetry present (symcode time: 0.00)
presolving (9 rounds: 9 fast, 6 medium, 4 exhaustive):
 65 deleted vars, 10 deleted constraints, 0 added constraints, 0 tightened bounds, 0 added holes, 1 changed sides, 34 changed coefficients
 0 implications, 191 cliques
presolved problem has 435 variables (435 bin, 0 int, 0 impl, 0 cont) and 183 constraints
    183 constraints of type <setppc>
Presolving Time: 0.01

 time | node  | left  |LP iter|LP it/n|mem/heur|mdpt |vars |cons |rows |cuts |sepa|confs|strbr|  dualbound   | primalbound  |  gap   | compl. 
  0.0s|     1 |     0 |  1268 |     - |  5448k |   0 | 435 | 183 | 183 |   0 |  0 |   0 |   0 | 7.713109e+03 |      --      |    Inf | unknown
  0.1s|     1 |     0 |  1337 |     - |    18M |   0 | 435 | 183 | 186 |   3 |  1 |   0 |   0 | 7.700801e+03 |      --      |    Inf | unknown
  0.2s|     1 |     0 |  1367 |     - |    27M |   0 | 435 | 183 | 189 |   6 |  2 |   0 |   0 | 7.693739e+03 |      --      |    Inf | unknown
  0.2s|     1 |     0 |  1419 |     - |    35M |   0 | 435 | 183 | 192 |   9 |  3 |   0 |   0 | 7.683789e+03 |      --      |    Inf | unknown
  0.2s|     1 |     0 |  1454 |     - |    42M |   0 | 435 | 183 | 193 |  10 |  4 |   0 |   0 | 7.680413e+03 |      --      |    Inf | unknown
  0.3s|     1 |     0 |  1485 |     - |    45M |   0 | 435 | 183 | 194 |  11 |  5 |   0 |   0 | 7.679114e+03 |      --      |    Inf | unknown
  0.3s|     1 |     0 |  1510 |     - |    51M |   0 | 435 | 183 | 195 |  12 |  6 |   0 |   0 | 7.677372e+03 |      --      |    Inf | unknown
  0.4s|     1 |     0 |  1534 |     - |    59M |   0 | 435 | 183 | 196 |  13 |  7 |   0 |   0 | 7.675066e+03 |      --      |    Inf | unknown
  0.4s|     1 |     0 |  1554 |     - |    60M |   0 | 435 | 183 | 199 |  16 |  8 |   0 |   0 | 7.674326e+03 |      --      |    Inf | unknown
  0.4s|     1 |     0 |  1600 |     - |    70M |   0 | 435 | 183 | 200 |  17 |  9 |   0 |   0 | 7.672845e+03 |      --      |    Inf | unknown
  0.5s|     1 |     0 |  1637 |     - |    72M |   0 | 435 | 183 | 202 |  19 | 10 |   0 |   0 | 7.671783e+03 |      --      |    Inf | unknown
  0.5s|     1 |     0 |  1654 |     - |    72M |   0 | 435 | 183 | 204 |  21 | 11 |   0 |   0 | 7.671230e+03 |      --      |    Inf | unknown
  0.5s|     1 |     0 |  1664 |     - |    72M |   0 | 435 | 183 | 205 |  22 | 12 |   0 |   0 | 7.670966e+03 |      --      |    Inf | unknown
  0.5s|     1 |     0 |  1684 |     - |    72M |   0 | 435 | 183 | 208 |  25 | 13 |   0 |   0 | 7.670128e+03 |      --      |    Inf | unknown
  0.6s|     1 |     0 |  1699 |     - |    72M |   0 | 435 | 183 | 209 |  26 | 14 |   0 |   0 | 7.669843e+03 |      --      |    Inf | unknown
 time | node  | left  |LP iter|LP it/n|mem/heur|mdpt |vars |cons |rows |cuts |sepa|confs|strbr|  dualbound   | primalbound  |  gap   | compl. 
  0.6s|     1 |     0 |  1710 |     - |    73M |   0 | 435 | 183 | 210 |  27 | 15 |   0 |   0 | 7.669598e+03 |      --      |    Inf | unknown
  0.6s|     1 |     0 |  1720 |     - |    73M |   0 | 435 | 183 | 211 |  28 | 16 |   0 |   0 | 7.669522e+03 |      --      |    Inf | unknown
  0.6s|     1 |     0 |  1724 |     - |    73M |   0 | 435 | 183 | 210 |  29 | 17 |   0 |   0 | 7.669490e+03 |      --      |    Inf | unknown
  0.6s|     1 |     0 |  1733 |     - |    73M |   0 | 435 | 183 | 211 |  30 | 18 |   0 |   0 | 7.669438e+03 |      --      |    Inf | unknown
  0.6s|     1 |     0 |  1746 |     - |    73M |   0 | 435 | 183 | 212 |  31 | 19 |   0 |   0 | 7.669310e+03 |      --      |    Inf | unknown
  0.7s|     1 |     0 |  1756 |     - |    73M |   0 | 435 | 183 | 213 |  32 | 20 |   0 |   0 | 7.669101e+03 |      --      |    Inf | unknown
  0.7s|     1 |     0 |  1766 |     - |    73M |   0 | 435 | 183 | 214 |  33 | 21 |   0 |   0 | 7.669054e+03 |      --      |    Inf | unknown
  0.7s|     1 |     0 |  1774 |     - |    73M |   0 | 435 | 183 | 215 |  34 | 22 |   0 |   0 | 7.668996e+03 |      --      |    Inf | unknown
  0.7s|     1 |     0 |  1787 |     - |    73M |   0 | 435 | 183 | 211 |  35 | 23 |   0 |   0 | 7.668948e+03 |      --      |    Inf | unknown
d 0.7s|     1 |     0 |  1787 |     - |coef2div|   0 | 435 | 183 | 211 |   0 | 23 |   0 |   0 | 7.668948e+03 | 2.590030e+03 | 196.09%| unknown
d 0.8s|     1 |     0 |  1997 |     - |coef2div|   0 | 435 | 183 | 211 |   0 | 23 |   0 |   0 | 7.668948e+03 | 3.272205e+03 | 134.37%| unknown
d 0.9s|     1 |     0 |  2063 |     - |coef2div|   0 | 435 | 183 | 211 |   0 | 23 |   0 |   0 | 7.668948e+03 | 4.003597e+03 |  91.55%| unknown
d 0.9s|     1 |     0 |  2085 |     - |coef2div|   0 | 435 | 183 | 211 |   0 | 23 |   0 |   0 | 7.668948e+03 | 5.249785e+03 |  46.08%| unknown
d 1.0s|     1 |     0 |  2096 |     - |coef2div|   0 | 435 | 183 | 211 |   0 | 23 |   0 |   0 | 7.668948e+03 | 6.494650e+03 |  18.08%| unknown
  1.0s|     1 |     0 |  2096 |     - |    73M |   0 | 435 | 183 | 211 |  35 | 23 |   0 |   0 | 7.668948e+03 | 6.494650e+03 |  18.08%| unknown
 time | node  | left  |LP iter|LP it/n|mem/heur|mdpt |vars |cons |rows |cuts |sepa|confs|strbr|  dualbound   | primalbound  |  gap   | compl. 
  1.0s|     1 |     0 |  2098 |     - |    73M |   0 | 435 | 183 | 212 |  36 | 24 |   0 |   0 | 7.668937e+03 | 6.494650e+03 |  18.08%| unknown
  1.0s|     1 |     0 |  2099 |     - |    73M |   0 | 435 | 183 | 213 |  37 | 25 |   0 |   0 | 7.668936e+03 | 6.494650e+03 |  18.08%| unknown
  1.2s|     1 |     2 |  2099 |     - |    73M |   0 | 435 | 183 | 213 |  37 | 25 |   0 |  30 | 7.658085e+03 | 6.494650e+03 |  17.91%| unknown
* 1.2s|     2 |     1 |  2221 | 431.0 |strongbr|   1 | 435 | 183 | 205 |  37 |  1 |   0 |  35 | 7.658085e+03 | 7.515087e+03 |   1.90%| unknown
* 1.8s|     4 |     1 |  2514 | 241.3 |strongbr|   2 | 435 | 182 | 205 |  37 |  1 |  22 | 179 | 7.649896e+03 | 7.588608e+03 |   0.81%|  80.48%

SCIP Status        : problem is solved [optimal solution found]
Solving Time (sec) : 1.81
Solving Nodes      : 5
Primal Bound       : +7.58860758681241e+03 (150 solutions)
Dual Bound         : +7.58860758681241e+03
Gap                : 0.00 %
