presolving:
(round 1, fast)       0 del vars, 1 del conss, 0 add conss, 0 chg bounds, 0 chg sides, 0 chg coeffs, 0 upgd conss, 0 impls, 194 clqs
   (0.0s) running MILP presolver
   (0.0s) MILP presolver (2 rounds): 0 aggregations, 18 fixings, 0 bound changes
(round 2, medium)     18 del vars, 1 del conss, 0 add conss, 0 chg bounds, 0 chg sides, 0 chg coeffs, 0 upgd conss, 0 impls, 193 clqs
(round 3, fast)       18 del vars, 2 del conss, 0 add conss, 0 chg bounds, 0 chg sides, 0 chg coeffs, 0 upgd conss, 0 impls, 193 clqs
(round 4, exhaustive) 18 del vars, 3 del conss, 0 add conss, 0 chg bounds, 1 chg sides, 0 chg coeffs, 0 upgd conss, 0 impls, 193 clqs
(round 5, exhaustive) 18 del vars, 3 del conss, 0 add conss, 0 chg bounds, 1 chg sides, 0 chg coeffs, 192 upgd conss, 0 impls, 193 clqs
(round 6, medium)     60 del vars, 3 del conss, 0 add conss, 0 chg bounds, 1 chg sides, 42 chg coeffs, 192 upgd conss, 0 impls, 193 clqs
(round 7, fast)       79 del vars, 4 del conss, 0 add conss, 0 chg bounds, 1 chg sides, 42 chg coeffs, 192 upgd conss, 0 impls, 191 clqs
(round 8, exhaustive) 79 del vars, 7 del conss, 0 add conss, 0 chg bounds, 1 chg sides, 42 chg coeffs, 192 upgd conss, 0 impls, 191 clqs
   (0.0s) probing: 51/421 (12.1%) - 0 fixings, 0 aggregations, 0 implications, 0 bound changes
   (0.0s) probing aborted: 50/50 successive totally useless probings
   (0.0s) symmetry computation started: requiring (bin +, int +, cont +), (fixed: bin -, int -, cont -)
   (0.0s) no symmetry present (symcode time: 0.00)
presolving (9 rounds: 9 fast, 6 medium, 4 exhaustive):
 79 deleted vars, 7 deleted constraints, 0 added constraints, 0 tightened bounds, 0 added holes, 1 changed sides, 42 changed coefficients
 0 implications, 191 cliques
presolved problem has 421 variables (421 bin, 0 int, 0 impl, 0 cont) and 188 constraints
    188 constraints of type <setppc>
Presolving Time: 0.01

 time | node  | left  |LP iter|LP it/n|mem/heur|mdpt |vars |cons |rows |cuts |sepa|confs|strbr|  dualbound   | primalbound  |  gap   | compl. 
  0.1s|     1 |     0 |  1969 |     - |  5145k |   0 | 421 | 188 | 188 |   0 |  0 |   0 |   0 | 7.987180e+03 |      --      |    Inf | unknown
  0.1s|     1 |     0 |  1991 |     - |    10M |   0 | 421 | 188 | 190 |   2 |  1 |   0 |   0 | 7.978377e+03 |      --      |    Inf | unknown
  0.2s|     1 |     0 |  2034 |     - |    18M |   0 | 421 | 188 | 191 |   3 |  2 |   0 |   0 | 7.970689e+03 |      --      |    Inf | unknown
  0.2s|     1 |     0 |  2056 |     - |    24M |   0 | 421 | 188 | 193 |   5 |  3 |   0 |   0 | 7.968967e+03 |      --      |    Inf | unknown
  0.2s|     1 |     0 |  2086 |     - |    29M |   0 | 421 | 188 | 195 |   7 |  4 |   0 |   0 | 7.966500e+03 |      --      |    Inf | unknown
  0.3s|     1 |     0 |  2106 |     - |    33M |   0 | 421 | 188 | 197 |   9 |  5 |   0 |   0 | 7.965662e+03 |      --      |    Inf | unknown
  0.3s|     1 |     0 |  2137 |     - |    38M |   0 | 421 | 188 | 199 |  11 |  6 |   0 |   0 | 7.964934e+03 |      --      |    Inf | unknown
  0.4s|     1 |     0 |  2160 |     - |    40M |   0 | 421 | 188 | 201 |  13 |  7 |   0 |   0 | 7.964584e+03 |      --      |    Inf | unknown
  0.4s|     1 |     0 |  2190 |     - |    44M |   0 | 421 | 188 | 203 |  15 |  8 |   0 |   0 | 7.964116e+03 |      --      |    Inf | unknown
  0.4s|     1 |     0 |  2216 |     - |    49M |   0 | 421 | 188 | 204 |  16 |  9 |   0 |   0 | 7.963852e+03 |      --      |    Inf | unknown
  0.5s|     1 |     0 |  2235 |     - |    53M |   0 | 421 | 188 | 205 |  17 | 10 |   0 |   0 | 7.963523e+03 |      --      |    Inf | unknown
  0.5s|     1 |     0 |  2251 |     - |    53M |   0 | 421 | 188 | 207 |  19 | 11 |   0 |   0 | 7.963234e+03 |      --      |    Inf | unknown
  0.5s|     1 |     0 |  2271 |     - |    54M |   0 | 421 | 188 | 209 |  21 | 12 |   0 |   0 | 7.962311e+03 |      --      |    Inf | unknown
  0.5s|     1 |     0 |  2312 |     - |    54M |   0 | 421 | 188 | 211 |  23 | 13 |   0 |   0 | 7.961572e+03 |      --      |    Inf | unknown
  0.5s|     1 |     0 |  2332 |     - |    54M |   0 | 421 | 188 | 212 |  24 | 14 |   0 |   0 | 7.961018e+03 |      --      |    Inf | unknown
 time | node  | left  |LP iter|LP it/n|mem/heur|mdpt |vars |cons |rows |cuts |sepa|confs|strbr|  dualbound   | primalbound  |  gap   | compl. 
  0.5s|     1 |     0 |  2356 |     - |    54M |   0 | 421 | 188 | 214 |  26 | 15 |   0 |   0 | 7.960553e+03 |      --      |    Inf | unknown
  0.6s|     1 |     0 |  2383 |     - |    54M |   0 | 421 | 188 | 215 |  27 | 16 |   0 |   0 | 7.960195e+03 |      --      |    Inf | unknown
  0.6s|     1 |     0 |  2402 |     - |    54M |   0 | 421 | 188 | 215 |  28 | 17 |   0 |   0 | 7.959857e+03 |      --      |    Inf | unknown
  0.6s|     1 |     0 |  2417 |     - |    54M |   0 | 421 | 188 | 217 |  30 | 18 |   0 |   0 | 7.959430e+03 |      --      |    Inf | unknown
  0.6s|     1 |     0 |  2442 |     - |    54M |   0 | 421 | 188 | 218 |  31 | 19 |   0 |   0 | 7.958976e+03 |      --      |    Inf | unknown
  0.6s|     1 |     0 |  2445 |     - |    54M |   0 | 421 | 188 | 219 |  32 | 20 |   0 |   0 | 7.958965e+03 |      --      |    Inf | unknown
  0.6s|     1 |     0 |  2449 |     - |    54M |   0 | 421 | 188 | 220 |  33 | 21 |   0 |   0 | 7.958951e+03 |      --      |    Inf | unknown
  0.6s|     1 |     0 |  2450 |     - |    54M |   0 | 421 | 188 | 221 |  34 | 22 |   0 |   0 | 7.958948e+03 |      --      |    Inf | unknown
  0.7s|     1 |     0 |  2454 |     - |    54M |   0 | 421 | 188 | 220 |  35 | 23 |   0 |   0 | 7.958945e+03 |      --      |    Inf | unknown
  0.7s|     1 |     0 |  2481 |     - |    54M |   0 | 421 | 188 | 223 |  38 | 24 |   0 |   0 | 7.958655e+03 |      --      |    Inf | unknown
d 0.7s|     1 |     0 |  2481 |     - |coef2div|   0 | 421 | 188 | 223 |   0 | 24 |   0 |   0 | 7.958655e+03 | 3.446457e+03 | 130.92%| unknown
d 0.8s|     1 |     0 |  2565 |     - |coef2div|   0 | 421 | 188 | 223 |   0 | 24 |   0 |   0 | 7.958655e+03 | 7.523829e+03 |   5.78%| unknown
d 0.8s|     1 |     0 |  2572 |     - |coef2div|   0 | 421 | 188 | 223 |   0 | 24 |   0 |   0 | 7.958655e+03 | 7.860315e+03 |   1.25%| unknown
  0.8s|     1 |     0 |  2572 |     - |    54M |   0 | 421 | 188 | 223 |  38 | 24 |   0 |   0 | 7.958655e+03 | 7.860315e+03 |   1.25%| unknown
  0.8s|     1 |     0 |  2572 |     - |    54M |   0 | 421 | 188 | 208 |  38 | 24 |   0 |   0 | 7.958655e+03 | 7.860315e+03 |   1.25%| unknown
 time | node  | left  |LP iter|LP it/n|mem/heur|mdpt |vars |cons |rows |cuts |sepa|confs|strbr|  dualbound   | primalbound  |  gap   | compl. 
  0.8s|     1 |     0 |  2574 |     - |    54M |   0 | 421 | 173 | 209 |  39 | 25 |   0 |   0 | 7.958641e+03 | 7.860315e+03 |   1.25%| unknown
  0.8s|     1 |     0 |  2576 |     - |    54M |   0 | 421 | 173 | 210 |  40 | 26 |   0 |   0 | 7.958634e+03 | 7.860315e+03 |   1.25%| unknown
(run 1, node 1) restarting after 152 global fixings of integer variables

(restart) converted 37 cuts from the global cut pool into linear constraints

presolving:
(round 1, fast)       152 del vars, 0 del conss, 0 add conss, 0 chg bounds, 0 chg sides, 0 chg coeffs, 0 upgd conss, 0 impls, 185 clqs
   (0.8s) running MILP presolver
   (0.8s) MILP presolver found nothing
(round 2, medium)     153 del vars, 0 del conss, 0 add conss, 0 chg bounds, 0 chg sides, 1 chg coeffs, 0 upgd conss, 0 impls, 185 clqs
(round 3, exhaustive) 153 del vars, 13 del conss, 0 add conss, 0 chg bounds, 0 chg sides, 1 chg coeffs, 0 upgd conss, 0 impls, 185 clqs
(round 4, exhaustive) 153 del vars, 14 del conss, 0 add conss, 0 chg bounds, 1 chg sides, 1 chg coeffs, 0 upgd conss, 0 impls, 185 clqs
(round 5, exhaustive) 153 del vars, 14 del conss, 0 add conss, 0 chg bounds, 1 chg sides, 1 chg coeffs, 23 upgd conss, 0 impls, 185 clqs
(round 6, exhaustive) 153 del vars, 15 del conss, 0 add conss, 0 chg bounds, 1 chg sides, 1 chg coeffs, 23 upgd conss, 0 impls, 185 clqs
presolving (7 rounds: 7 fast, 6 medium, 5 exhaustive):
 153 deleted vars, 15 deleted constraints, 0 added constraints, 0 tightened bounds, 0 added holes, 1 changed sides, 1 changed coefficients
 0 implications, 185 cliques
presolved problem has 268 variables (268 bin, 0 int, 0 impl, 0 cont) and 195 constraints
     12 constraints of type <knapsack>
    170 constraints of type <setppc>
     13 constraints of type <linear>
Presolving Time: 0.02
transformed 3/3 original solutions to the transformed problem space

 time | node  | left  |LP iter|LP it/n|mem/heur|mdpt |vars |cons |rows |cuts |sepa|confs|strbr|  dualbound   | primalbound  |  gap   | compl. 
  0.9s|     1 |     0 |  4276 |     - |    49M |   0 | 268 | 195 | 195 |   0 |  0 |   0 |   0 | 7.958634e+03 | 7.860315e+03 |   1.25%| unknown
  0.9s|     1 |     0 |  4307 |     - |    49M |   0 | 268 | 195 | 196 |   1 |  1 |   0 |   0 | 7.958158e+03 | 7.860315e+03 |   1.24%| unknown
  1.0s|     1 |     0 |  4321 |     - |    49M |   0 | 268 | 195 | 197 |   2 |  2 |   0 |   0 | 7.957911e+03 | 7.860315e+03 |   1.24%| unknown
  1.0s|     1 |     0 |  4348 |     - |    50M |   0 | 268 | 195 | 198 |   3 |  3 |   0 |   0 | 7.957551e+03 | 7.860315e+03 |   1.24%| unknown
  1.0s|     1 |     0 |  4383 |     - |    50M |   0 | 268 | 195 | 200 |   5 |  4 |   0 |   0 | 7.957062e+03 | 7.860315e+03 |   1.23%| unknown
  1.1s|     1 |     0 |  4431 |     - |    50M |   0 | 268 | 195 | 201 |   6 |  5 |   0 |   0 | 7.956583e+03 | 7.860315e+03 |   1.22%| unknown
  1.1s|     1 |     0 |  4447 |     - |    50M |   0 | 268 | 195 | 203 |   8 |  6 |   0 |   0 | 7.956203e+03 | 7.860315e+03 |   1.22%| unknown
  1.2s|     1 |     0 |  4465 |     - |    52M |   0 | 268 | 195 | 204 |   9 |  7 |   0 |   0 | 7.956010e+03 | 7.860315e+03 |   1.22%| unknown
  1.2s|     1 |     0 |  4492 |     - |    54M |   0 | 268 | 195 | 205 |  10 |  8 |   0 |   0 | 7.955797e+03 | 7.860315e+03 |   1.21%| unknown
  1.2s|     1 |     0 |  4506 |     - |    54M |   0 | 268 | 195 | 207 |  12 |  9 |   0 |   0 | 7.955642e+03 | 7.860315e+03 |   1.21%| unknown
  1.3s|     1 |     0 |  4520 |     - |    55M |   0 | 268 | 195 | 209 |  14 | 10 |   0 |   0 | 7.955595e+03 | 7.860315e+03 |   1.21%| unknown
  1.3s|     1 |     0 |  4547 |     - |    55M |   0 | 268 | 195 | 211 |  16 | 11 |   0 |   0 | 7.955315e+03 | 7.860315e+03 |   1.21%| unknown
  1.3s|     1 |     0 |  4584 |     - |    55M |   0 | 268 | 195 | 204 |  17 | 12 |   0 |   0 | 7.954949e+03 | 7.860315e+03 |   1.20%| unknown
  1.3s|     1 |     0 |  4584 |     - |    55M |   0 | 268 | 195 | 204 |  17 | 12 |   0 |   0 | 7.954949e+03 | 7.860315e+03 |   1.20%| unknown
  1.3s|     1 |     0 |  4589 |     - |    55M |   0 | 268 | 195 | 205 |  18 | 13 |   0 |   0 | 7.954936e+03 | 7.860315e+03 |   1.20%| unknown
 time | node  | left  |LP iter|LP it/n|mem/heur|mdpt |vars |cons |rows |cuts |sepa|confs|strbr|  dualbound   | primalbound  |  gap   | compl. 
  1.3s|     1 |     0 |  4609 |     - |    55M |   0 | 268 | 195 | 206 |  19 | 14 |   0 |   0 | 7.954863e+03 | 7.860315e+03 |   1.20%| unknown
  1.3s|     1 |     0 |  4632 |     - |    56M |   0 | 268 | 195 | 207 |  20 | 15 |   0 |   0 | 7.954717e+03 | 7.860315e+03 |   1.20%| unknown
* 1.6s|     1 |     0 |  4744 |     - |strongbr|   0 | 268 | 195 | 207 |  20 | 15 |   0 |  25 | 7.954717e+03 | 7.933660e+03 |   0.27%| unknown
  1.6s|     1 |     0 |  4826 |     - |    56M |   0 | 268 | 195 | 207 |  20 | 15 |  47 |  33 | 7.951139e+03 | 7.933660e+03 |   0.22%| unknown
(run 2, node 1) restarting after 103 global fixings of integer variables

(restart) converted 20 cuts from the global cut pool into linear constraints

presolving:
(round 1, fast)       103 del vars, 35 del conss, 0 add conss, 0 chg bounds, 0 chg sides, 0 chg coeffs, 0 upgd conss, 0 impls, 145 clqs
   (1.6s) running MILP presolver
   (1.6s) MILP presolver found nothing
(round 2, exhaustive) 103 del vars, 50 del conss, 0 add conss, 0 chg bounds, 0 chg sides, 0 chg coeffs, 0 upgd conss, 0 impls, 145 clqs
(round 3, exhaustive) 103 del vars, 50 del conss, 0 add conss, 0 chg bounds, 0 chg sides, 0 chg coeffs, 10 upgd conss, 0 impls, 145 clqs
(round 4, exhaustive) 103 del vars, 50 del conss, 0 add conss, 0 chg bounds, 0 chg sides, 1 chg coeffs, 10 upgd conss, 0 impls, 145 clqs
presolving (5 rounds: 5 fast, 4 medium, 4 exhaustive):
 103 deleted vars, 50 deleted constraints, 0 added constraints, 0 tightened bounds, 0 added holes, 0 changed sides, 1 changed coefficients
 0 implications, 153 cliques
presolved problem has 165 variables (165 bin, 0 int, 0 impl, 0 cont) and 165 constraints
     18 constraints of type <knapsack>
    124 constraints of type <setppc>
     23 constraints of type <linear>
Presolving Time: 0.03
transformed 4/34 original solutions to the transformed problem space

 time | node  | left  |LP iter|LP it/n|mem/heur|mdpt |vars |cons |rows |cuts |sepa|confs|strbr|  dualbound   | primalbound  |  gap   | compl. 
  1.7s|     1 |     0 |  5477 |     - |    52M |   0 | 165 | 165 | 165 |   0 |  0 |  47 |  33 | 7.939378e+03 | 7.933660e+03 |   0.07%| unknown
  1.7s|     1 |     0 |  5477 |     - |    52M |   0 | 165 | 165 | 135 |   0 |  0 |  47 |  33 | 7.939378e+03 | 7.933660e+03 |   0.07%| unknown
  1.7s|     1 |     0 |  5489 |     - |    52M |   0 | 165 | 135 | 137 |   2 |  1 |  47 |  33 | 7.933660e+03 | 7.933660e+03 |   0.00%| unknown
  1.7s|     1 |     0 |  5489 |     - |    52M |   0 | 165 | 135 | 137 |   2 |  1 |  47 |  33 | 7.933660e+03 | 7.933660e+03 |   0.00%| unknown

SCIP Status        : problem is solved [optimal solution found]
Solving Time (sec) : 1.68
Solving Nodes      : 1 (total of 3 nodes in 3 runs)
Primal Bound       : +7.93366044393874e+03 (34 solutions)
Dual Bound         : +7.93366044393874e+03
Gap                : 0.00 %
