presolving:
(round 1, fast)       0 del vars, 1 del conss, 0 add conss, 0 chg bounds, 0 chg sides, 0 chg coeffs, 0 upgd conss, 0 impls, 188 clqs
   (0.0s) running MILP presolver
   (0.0s) MILP presolver (2 rounds): 0 aggregations, 11 fixings, 0 bound changes
(round 2, medium)     11 del vars, 1 del conss, 0 add conss, 0 chg bounds, 0 chg sides, 0 chg coeffs, 0 upgd conss, 0 impls, 187 clqs
(round 3, fast)       11 del vars, 2 del conss, 0 add conss, 0 chg bounds, 0 chg sides, 0 chg coeffs, 0 upgd conss, 0 impls, 187 clqs
(round 4, exhaustive) 11 del vars, 4 del conss, 0 add conss, 0 chg bounds, 2 chg sides, 0 chg coeffs, 0 upgd conss, 0 impls, 187 clqs
(round 5, exhaustive) 11 del vars, 4 del conss, 0 add conss, 0 chg bounds, 2 chg sides, 0 chg coeffs, 185 upgd conss, 0 impls, 187 clqs
(round 6, medium)     46 del vars, 4 del conss, 0 add conss, 0 chg bounds, 2 chg sides, 35 chg coeffs, 185 upgd conss, 0 impls, 187 clqs
(round 7, fast)       50 del vars, 4 del conss, 0 add conss, 0 chg bounds, 2 chg sides, 35 chg coeffs, 185 upgd conss, 0 impls, 187 clqs
(round 8, exhaustive) 50 del vars, 6 del conss, 0 add conss, 0 chg bounds, 2 chg sides, 35 chg coeffs, 185 upgd conss, 0 impls, 187 clqs
   (0.0s) probing: 51/450 (11.3%) - 0 fixings, 0 aggregations, 0 implications, 0 bound changes
   (0.0s) probing aborted: 50/50 successive totally useless probings
   (0.0s) symmetry computation started: requiring (bin +, int +, cont +), (fixed: bin -, int -, cont -)
   (0.0s) no symmetry present (symcode time: 0.00)
presolving (9 rounds: 9 fast, 6 medium, 4 exhaustive):
 50 deleted vars, 6 deleted constraints, 0 added constraints, 0 tightened bounds, 0 added holes, 2 changed sides, 35 changed coefficients
 0 implications, 187 cliques
presolved problem has 450 variables (450 bin, 0 int, 0 impl, 0 cont) and 183 constraints
    183 constraints of type <setppc>
Presolving Time: 0.01

 time | node  | left  |LP iter|LP it/n|mem/heur|mdpt |vars |cons |rows |cuts |sepa|confs|strbr|  dualbound   | primalbound  |  gap   | compl. 
  0.0s|     1 |     0 |  1309 |     - |  5483k |   0 | 450 | 183 | 183 |   0 |  0 |   0 |   0 | 7.940856e+03 |      --      |    Inf | unknown
  0.1s|     1 |     0 |  1371 |     - |    17M |   0 | 450 | 183 | 185 |   2 |  1 |   0 |   0 | 7.918776e+03 |      --      |    Inf | unknown
  0.2s|     1 |     0 |  1417 |     - |    27M |   0 | 450 | 183 | 188 |   5 |  2 |   0 |   0 | 7.914092e+03 |      --      |    Inf | unknown
  0.2s|     1 |     0 |  1443 |     - |    33M |   0 | 450 | 183 | 191 |   8 |  3 |   0 |   0 | 7.908824e+03 |      --      |    Inf | unknown
  0.3s|     1 |     0 |  1468 |     - |    37M |   0 | 450 | 183 | 194 |  11 |  4 |   0 |   0 | 7.905669e+03 |      --      |    Inf | unknown
  0.3s|     1 |     0 |  1497 |     - |    42M |   0 | 450 | 183 | 196 |  13 |  5 |   0 |   0 | 7.903839e+03 |      --      |    Inf | unknown
  0.4s|     1 |     0 |  1541 |     - |    51M |   0 | 450 | 183 | 197 |  14 |  6 |   0 |   0 | 7.900990e+03 |      --      |    Inf | unknown
  0.4s|     1 |     0 |  1582 |     - |    56M |   0 | 450 | 183 | 198 |  15 |  7 |   0 |   0 | 7.898886e+03 |      --      |    Inf | unknown
  0.4s|     1 |     0 |  1618 |     - |    59M |   0 | 450 | 183 | 199 |  16 |  8 |   0 |   0 | 7.897540e+03 |      --      |    Inf | unknown
  0.5s|     1 |     0 |  1682 |     - |    70M |   0 | 450 | 183 | 202 |  19 |  9 |   0 |   0 | 7.893772e+03 |      --      |    Inf | unknown
  0.5s|     1 |     0 |  1752 |     - |    71M |   0 | 450 | 183 | 205 |  22 | 10 |   0 |   0 | 7.891038e+03 |      --      |    Inf | unknown
  0.6s|     1 |     0 |  1776 |     - |    71M |   0 | 450 | 183 | 207 |  24 | 11 |   0 |   0 | 7.890189e+03 |      --      |    Inf | unknown
  0.6s|     1 |     0 |  1792 |     - |    71M |   0 | 450 | 183 | 209 |  26 | 12 |   0 |   0 | 7.889601e+03 |      --      |    Inf | unknown
  0.6s|     1 |     0 |  1813 |     - |    71M |   0 | 450 | 183 | 210 |  27 | 13 |   0 |   0 | 7.889241e+03 |      --      |    Inf | unknown
  0.6s|     1 |     0 |  1826 |     - |    72M |   0 | 450 | 183 | 211 |  28 | 14 |   0 |   0 | 7.888888e+03 |      --      |    Inf | unknown
 time | node  | left  |LP iter|LP it/n|mem/heur|mdpt |vars |cons |rows |cuts |sepa|confs|strbr|  dualbound   | primalbound  |  gap   | compl. 
  0.6s|     1 |     0 |  1831 |     - |    72M |   0 | 450 | 183 | 212 |  29 | 15 |   0 |   0 | 7.888742e+03 |      --      |    Inf | unknown
  0.7s|     1 |     0 |  1850 |     - |    73M |   0 | 450 | 183 | 214 |  31 | 16 |   0 |   0 | 7.888434e+03 |      --      |    Inf | unknown
  0.7s|     1 |     0 |  1853 |     - |    73M |   0 | 450 | 183 | 214 |  32 | 17 |   0 |   0 | 7.888419e+03 |      --      |    Inf | unknown
  0.7s|     1 |     0 |  1858 |     - |    73M |   0 | 450 | 183 | 215 |  33 | 18 |   0 |   0 | 7.888405e+03 |      --      |    Inf | unknown
  0.7s|     1 |     0 |  1880 |     - |    73M |   0 | 450 | 183 | 218 |  36 | 19 |   0 |   0 | 7.887858e+03 |      --      |    Inf | unknown
  0.7s|     1 |     0 |  1898 |     - |    73M |   0 | 450 | 183 | 220 |  38 | 20 |   0 |   0 | 7.887132e+03 |      --      |    Inf | unknown
  0.8s|     1 |     0 |  1899 |     - |    73M |   0 | 450 | 183 | 221 |  39 | 21 |   0 |   0 | 7.887131e+03 |      --      |    Inf | unknown
  0.8s|     1 |     0 |  1903 |     - |    73M |   0 | 450 | 183 | 222 |  40 | 22 |   0 |   0 | 7.887068e+03 |      --      |    Inf | unknown
  0.8s|     1 |     0 |  1904 |     - |    73M |   0 | 450 | 183 | 217 |  41 | 23 |   0 |   0 | 7.887065e+03 |      --      |    Inf | unknown
  0.8s|     1 |     0 |  1919 |     - |    73M |   0 | 450 | 183 | 220 |  44 | 24 |   0 |   0 | 7.886764e+03 |      --      |    Inf | unknown
  0.8s|     1 |     0 |  1939 |     - |    73M |   0 | 450 | 183 | 222 |  46 | 25 |   0 |   0 | 7.886489e+03 |      --      |    Inf | unknown
  0.9s|     1 |     0 |  1970 |     - |    73M |   0 | 450 | 183 | 227 |  51 | 26 |   0 |   0 | 7.885474e+03 |      --      |    Inf | unknown
  0.9s|     1 |     0 |  1974 |     - |    73M |   0 | 450 | 183 | 228 |  52 | 27 |   0 |   0 | 7.885471e+03 |      --      |    Inf | unknown
  0.9s|     1 |     0 |  1988 |     - |    73M |   0 | 450 | 183 | 230 |  54 | 28 |   0 |   0 | 7.885325e+03 |      --      |    Inf | unknown
  0.9s|     1 |     0 |  1991 |     - |    73M |   0 | 450 | 183 | 222 |  55 | 29 |   0 |   0 | 7.885317e+03 |      --      |    Inf | unknown
 time | node  | left  |LP iter|LP it/n|mem/heur|mdpt |vars |cons |rows |cuts |sepa|confs|strbr|  dualbound   | primalbound  |  gap   | compl. 
  0.9s|     1 |     0 |  2009 |     - |    73M |   0 | 450 | 183 | 226 |  59 | 30 |   0 |   0 | 7.884912e+03 |      --      |    Inf | unknown
  1.0s|     1 |     0 |  2010 |     - |    73M |   0 | 450 | 183 | 227 |  60 | 31 |   0 |   0 | 7.884905e+03 |      --      |    Inf | unknown
  1.0s|     1 |     0 |  2024 |     - |    73M |   0 | 450 | 183 | 234 |  67 | 32 |   0 |   0 | 7.884625e+03 |      --      |    Inf | unknown
  1.0s|     1 |     0 |  2027 |     - |    73M |   0 | 450 | 183 | 237 |  70 | 33 |   0 |   0 | 7.884605e+03 |      --      |    Inf | unknown
d 1.0s|     1 |     0 |  2027 |     - |pscost2d|   0 | 450 | 183 | 237 |   0 | 34 |   0 |   0 | 7.884605e+03 | 2.233348e+03 | 253.04%| unknown
d 1.1s|     1 |     0 |  2127 |     - |pscost2d|   0 | 450 | 183 | 237 |   0 | 34 |   0 |   0 | 7.884605e+03 | 2.597387e+03 | 203.56%| unknown
d 1.2s|     1 |     0 |  2155 |     - |pscost2d|   0 | 450 | 183 | 237 |   0 | 34 |   0 |   0 | 7.884605e+03 | 3.153641e+03 | 150.02%| unknown
d 1.2s|     1 |     0 |  2202 |     - |pscost2d|   0 | 450 | 183 | 237 |   0 | 34 |   0 |   0 | 7.884605e+03 | 3.518126e+03 | 124.11%| unknown
d 1.3s|     1 |     0 |  2266 |     - |pscost2d|   0 | 450 | 183 | 237 |   0 | 34 |   0 |   0 | 7.884605e+03 | 4.514483e+03 |  74.65%| unknown
d 1.3s|     1 |     0 |  2276 |     - |pscost2d|   0 | 450 | 183 | 237 |   0 | 34 |   0 |   0 | 7.884605e+03 | 7.616230e+03 |   3.52%| unknown
  1.3s|     1 |     0 |  2276 |     - |    73M |   0 | 450 | 183 | 237 |  70 | 34 |   0 |   0 | 7.884605e+03 | 7.616230e+03 |   3.52%| unknown
  1.3s|     1 |     0 |  2276 |     - |    73M |   0 | 450 | 183 | 237 |  70 | 34 |   0 |   0 | 7.884605e+03 | 7.616230e+03 |   3.52%| unknown
  1.8s|     1 |     2 |  2276 |     - |    73M |   0 | 450 | 183 | 237 |  70 | 35 |   0 |  51 | 7.865153e+03 | 7.616230e+03 |   3.27%| unknown
(run 1, node 1) restarting after 15 global fixings of integer variables

(restart) converted 54 cuts from the global cut pool into linear constraints

presolving:
(round 1, fast)       15 del vars, 0 del conss, 0 add conss, 0 chg bounds, 0 chg sides, 0 chg coeffs, 0 upgd conss, 0 impls, 219 clqs
(round 2, exhaustive) 15 del vars, 2 del conss, 0 add conss, 0 chg bounds, 0 chg sides, 0 chg coeffs, 0 upgd conss, 0 impls, 219 clqs
(round 3, exhaustive) 15 del vars, 3 del conss, 0 add conss, 0 chg bounds, 1 chg sides, 0 chg coeffs, 0 upgd conss, 0 impls, 219 clqs
(round 4, exhaustive) 15 del vars, 3 del conss, 0 add conss, 0 chg bounds, 1 chg sides, 0 chg coeffs, 39 upgd conss, 0 impls, 219 clqs
(round 5, exhaustive) 15 del vars, 3 del conss, 0 add conss, 0 chg bounds, 1 chg sides, 1 chg coeffs, 39 upgd conss, 0 impls, 219 clqs
(round 6, exhaustive) 15 del vars, 5 del conss, 0 add conss, 0 chg bounds, 1 chg sides, 1 chg coeffs, 39 upgd conss, 0 impls, 219 clqs
presolving (7 rounds: 7 fast, 6 medium, 6 exhaustive):
 15 deleted vars, 5 deleted constraints, 0 added constraints, 0 tightened bounds, 0 added holes, 1 changed sides, 1 changed coefficients
 0 implications, 219 cliques
presolved problem has 435 variables (435 bin, 0 int, 0 impl, 0 cont) and 232 constraints
      8 constraints of type <knapsack>
    210 constraints of type <setppc>
     14 constraints of type <linear>
Presolving Time: 0.03
transformed 57/57 original solutions to the transformed problem space

 time | node  | left  |LP iter|LP it/n|mem/heur|mdpt |vars |cons |rows |cuts |sepa|confs|strbr|  dualbound   | primalbound  |  gap   | compl. 
  2.0s|     1 |     0 |  3875 |     - |    68M |   0 | 435 | 232 | 232 |   0 |  0 |   0 |  51 | 7.865153e+03 | 7.616230e+03 |   3.27%| unknown
  2.0s|     1 |     0 |  3927 |     - |    68M |   0 | 435 | 232 | 233 |   1 |  1 |   0 |  51 | 7.865153e+03 | 7.616230e+03 |   3.27%| unknown
  2.1s|     1 |     0 |  4024 |     - |    68M |   0 | 435 | 232 | 234 |   2 |  2 |   0 |  51 | 7.865153e+03 | 7.616230e+03 |   3.27%| unknown
  2.2s|     1 |     0 |  4061 |     - |    71M |   0 | 435 | 232 | 236 |   4 |  3 |   0 |  51 | 7.865153e+03 | 7.616230e+03 |   3.27%| unknown
  2.2s|     1 |     0 |  4116 |     - |    73M |   0 | 435 | 232 | 237 |   5 |  4 |   0 |  51 | 7.865153e+03 | 7.616230e+03 |   3.27%| unknown
  2.3s|     1 |     0 |  4179 |     - |    72M |   0 | 435 | 232 | 238 |   6 |  5 |   0 |  51 | 7.865153e+03 | 7.616230e+03 |   3.27%| unknown
  2.4s|     1 |     0 |  4227 |     - |    73M |   0 | 435 | 232 | 239 |   7 |  6 |   0 |  51 | 7.865153e+03 | 7.616230e+03 |   3.27%| unknown
  2.4s|     1 |     0 |  4291 |     - |    72M |   0 | 435 | 232 | 240 |   8 |  7 |   0 |  51 | 7.865153e+03 | 7.616230e+03 |   3.27%| unknown
  2.5s|     1 |     0 |  4350 |     - |    74M |   0 | 435 | 232 | 242 |  10 |  8 |   0 |  51 | 7.865153e+03 | 7.616230e+03 |   3.27%| unknown
  2.6s|     1 |     0 |  4379 |     - |    74M |   0 | 435 | 232 | 243 |  11 |  9 |   0 |  51 | 7.865153e+03 | 7.616230e+03 |   3.27%| unknown
  2.6s|     1 |     0 |  4423 |     - |    87M |   0 | 435 | 232 | 244 |  12 | 10 |   0 |  51 | 7.865153e+03 | 7.616230e+03 |   3.27%| unknown
  2.7s|     1 |     0 |  4468 |     - |    87M |   0 | 435 | 232 | 246 |  14 | 11 |   0 |  51 | 7.865153e+03 | 7.616230e+03 |   3.27%| unknown
  2.7s|     1 |     0 |  4506 |     - |    87M |   0 | 435 | 232 | 247 |  15 | 12 |   0 |  51 | 7.865153e+03 | 7.616230e+03 |   3.27%| unknown
  2.7s|     1 |     0 |  4507 |     - |    87M |   0 | 435 | 232 | 248 |  16 | 13 |   0 |  51 | 7.865153e+03 | 7.616230e+03 |   3.27%| unknown
  2.8s|     1 |     0 |  4534 |     - |    87M |   0 | 435 | 232 | 235 |  19 | 14 |   0 |  51 | 7.865153e+03 | 7.616230e+03 |   3.27%| unknown
 time | node  | left  |LP iter|LP it/n|mem/heur|mdpt |vars |cons |rows |cuts |sepa|confs|strbr|  dualbound   | primalbound  |  gap   | compl. 
  2.8s|     1 |     0 |  4552 |     - |    88M |   0 | 435 | 232 | 236 |  20 | 15 |   0 |  51 | 7.865153e+03 | 7.616230e+03 |   3.27%| unknown
  2.8s|     1 |     0 |  4569 |     - |    88M |   0 | 435 | 232 | 237 |  21 | 16 |   0 |  51 | 7.865153e+03 | 7.616230e+03 |   3.27%| unknown
  2.9s|     1 |     0 |  4574 |     - |    88M |   0 | 435 | 232 | 238 |  22 | 17 |   0 |  51 | 7.865153e+03 | 7.616230e+03 |   3.27%| unknown
  2.9s|     1 |     0 |  4605 |     - |    88M |   0 | 435 | 232 | 240 |  24 | 18 |   0 |  51 | 7.865153e+03 | 7.616230e+03 |   3.27%| unknown
  3.4s|     1 |     2 |  4941 |     - |    88M |   0 | 435 | 241 | 240 |  24 | 18 |   9 |  70 | 7.860887e+03 | 7.616230e+03 |   3.21%| unknown
* 3.6s|     4 |     1 |  5494 | 284.5 |strongbr|   2 | 435 | 241 | 203 |  24 |  1 |  11 | 102 | 7.853003e+03 | 7.619226e+03 |   3.07%|  34.91%
* 3.7s|     4 |     1 |  5504 | 287.0 |strongbr|   2 | 435 | 241 | 203 |  24 |  2 |  11 | 130 | 7.853003e+03 | 7.645585e+03 |   2.71%|  34.91%
* 3.9s|     6 |     1 |  5715 | 226.5 |strongbr|   3 | 435 | 262 | 203 |  24 |  3 |  32 | 214 | 7.853003e+03 | 7.647347e+03 |   2.69%|  50.62%
* 5.3s|    26 |     3 |  7787 | 132.0 |strongbr|   9 | 435 | 367 | 203 |  24 |  1 | 149 | 692 | 7.835418e+03 | 7.701861e+03 |   1.73%|  96.77%
* 6.2s|    39 |     2 |  9213 | 124.5 |strongbr|  12 | 435 | 477 | 215 |  51 |  6 | 271 | 877 | 7.787639e+03 | 7.716607e+03 |   0.92%|  98.96%

SCIP Status        : problem is solved [optimal solution found]
Solving Time (sec) : 6.50
Solving Nodes      : 45 (total of 46 nodes in 2 runs)
Primal Bound       : +7.71660675898860e+03 (292 solutions)
Dual Bound         : +7.71660675898860e+03
Gap                : 0.00 %
