presolving:
(round 1, fast)       0 del vars, 1 del conss, 0 add conss, 0 chg bounds, 0 chg sides, 0 chg coeffs, 0 upgd conss, 0 impls, 190 clqs
(round 2, fast)       1 del vars, 1 del conss, 0 add conss, 0 chg bounds, 0 chg sides, 0 chg coeffs, 0 upgd conss, 0 impls, 190 clqs
   (0.0s) running MILP presolver
   (0.0s) MILP presolver (2 rounds): 0 aggregations, 24 fixings, 0 bound changes
(round 3, medium)     25 del vars, 1 del conss, 0 add conss, 0 chg bounds, 0 chg sides, 0 chg coeffs, 0 upgd conss, 0 impls, 189 clqs
(round 4, fast)       25 del vars, 2 del conss, 0 add conss, 0 chg bounds, 0 chg sides, 0 chg coeffs, 0 upgd conss, 0 impls, 189 clqs
(round 5, exhaustive) 25 del vars, 5 del conss, 0 add conss, 0 chg bounds, 3 chg sides, 0 chg coeffs, 0 upgd conss, 0 impls, 189 clqs
(round 6, exhaustive) 25 del vars, 5 del conss, 0 add conss, 0 chg bounds, 3 chg sides, 0 chg coeffs, 186 upgd conss, 0 impls, 189 clqs
(round 7, medium)     66 del vars, 5 del conss, 0 add conss, 0 chg bounds, 3 chg sides, 41 chg coeffs, 186 upgd conss, 0 impls, 189 clqs
(round 8, fast)       87 del vars, 7 del conss, 0 add conss, 0 chg bounds, 3 chg sides, 41 chg coeffs, 186 upgd conss, 0 impls, 187 clqs
(round 9, exhaustive) 87 del vars, 10 del conss, 0 add conss, 0 chg bounds, 3 chg sides, 41 chg coeffs, 186 upgd conss, 0 impls, 187 clqs
   (0.0s) probing: 51/413 (12.3%) - 0 fixings, 0 aggregations, 0 implications, 0 bound changes
   (0.0s) probing aborted: 50/50 successive totally useless probings
   (0.0s) symmetry computation started: requiring (bin +, int +, cont +), (fixed: bin -, int -, cont -)
   (0.0s) no symmetry present (symcode time: 0.00)
presolving (10 rounds: 10 fast, 6 medium, 4 exhaustive):
 87 deleted vars, 10 deleted constraints, 0 added constraints, 0 tightened bounds, 0 added holes, 3 changed sides, 41 changed coefficients
 0 implications, 187 cliques
presolved problem has 413 variables (413 bin, 0 int, 0 impl, 0 cont) and 181 constraints
    181 constraints of type <setppc>
Presolving Time: 0.01

 time | node  | left  |LP iter|LP it/n|mem/heur|mdpt |vars |cons |rows |cuts |sepa|confs|strbr|  dualbound   | primalbound  |  gap   | compl. 
  0.0s|     1 |     0 |  1080 |     - |  5277k |   0 | 413 | 181 | 181 |   0 |  0 |   0 |   0 | 7.812988e+03 |      --      |    Inf | unknown
  0.1s|     1 |     0 |  1146 |     - |    18M |   0 | 413 | 181 | 183 |   2 |  1 |   0 |   0 | 7.784371e+03 |      --      |    Inf | unknown
  0.1s|     1 |     0 |  1174 |     - |    25M |   0 | 413 | 181 | 185 |   4 |  2 |   0 |   0 | 7.775022e+03 |      --      |    Inf | unknown
  0.2s|     1 |     0 |  1203 |     - |    30M |   0 | 413 | 181 | 187 |   6 |  3 |   0 |   0 | 7.770097e+03 |      --      |    Inf | unknown
  0.2s|     1 |     0 |  1267 |     - |    34M |   0 | 413 | 181 | 192 |  11 |  4 |   0 |   0 | 7.762410e+03 |      --      |    Inf | unknown
  0.3s|     1 |     0 |  1307 |     - |    39M |   0 | 413 | 181 | 194 |  13 |  5 |   0 |   0 | 7.759208e+03 |      --      |    Inf | unknown
  0.3s|     1 |     0 |  1344 |     - |    46M |   0 | 413 | 181 | 196 |  15 |  6 |   0 |   0 | 7.757402e+03 |      --      |    Inf | unknown
  0.3s|     1 |     0 |  1364 |     - |    52M |   0 | 413 | 181 | 198 |  17 |  7 |   0 |   0 | 7.756306e+03 |      --      |    Inf | unknown
  0.4s|     1 |     0 |  1401 |     - |    56M |   0 | 413 | 181 | 200 |  19 |  8 |   0 |   0 | 7.755793e+03 |      --      |    Inf | unknown
  0.4s|     1 |     0 |  1449 |     - |    66M |   0 | 413 | 181 | 203 |  22 |  9 |   0 |   0 | 7.753754e+03 |      --      |    Inf | unknown
  0.5s|     1 |     0 |  1530 |     - |    67M |   0 | 413 | 181 | 205 |  24 | 10 |   0 |   0 | 7.751134e+03 |      --      |    Inf | unknown
  0.5s|     1 |     0 |  1563 |     - |    68M |   0 | 413 | 181 | 208 |  27 | 11 |   0 |   0 | 7.749991e+03 |      --      |    Inf | unknown
  0.5s|     1 |     0 |  1579 |     - |    68M |   0 | 413 | 181 | 210 |  29 | 12 |   0 |   0 | 7.748673e+03 |      --      |    Inf | unknown
  0.5s|     1 |     0 |  1588 |     - |    68M |   0 | 413 | 181 | 211 |  30 | 13 |   0 |   0 | 7.748535e+03 |      --      |    Inf | unknown
  0.5s|     1 |     0 |  1614 |     - |    68M |   0 | 413 | 181 | 215 |  34 | 14 |   0 |   0 | 7.748057e+03 |      --      |    Inf | unknown
 time | node  | left  |LP iter|LP it/n|mem/heur|mdpt |vars |cons |rows |cuts |sepa|confs|strbr|  dualbound   | primalbound  |  gap   | compl. 
  0.5s|     1 |     0 |  1617 |     - |    68M |   0 | 413 | 181 | 216 |  35 | 15 |   0 |   0 | 7.748046e+03 |      --      |    Inf | unknown
  0.6s|     1 |     0 |  1635 |     - |    68M |   0 | 413 | 181 | 217 |  36 | 16 |   0 |   0 | 7.747689e+03 |      --      |    Inf | unknown
  0.6s|     1 |     0 |  1651 |     - |    68M |   0 | 413 | 181 | 216 |  38 | 17 |   0 |   0 | 7.747285e+03 |      --      |    Inf | unknown
  0.6s|     1 |     0 |  1657 |     - |    68M |   0 | 413 | 181 | 217 |  39 | 18 |   0 |   0 | 7.747279e+03 |      --      |    Inf | unknown
  0.6s|     1 |     0 |  1703 |     - |    68M |   0 | 413 | 181 | 219 |  41 | 19 |   0 |   0 | 7.746072e+03 |      --      |    Inf | unknown
  0.6s|     1 |     0 |  1721 |     - |    68M |   0 | 413 | 181 | 221 |  43 | 20 |   0 |   0 | 7.745461e+03 |      --      |    Inf | unknown
  0.7s|     1 |     0 |  1723 |     - |    68M |   0 | 413 | 181 | 222 |  44 | 21 |   0 |   0 | 7.745457e+03 |      --      |    Inf | unknown
  0.7s|     1 |     0 |  1744 |     - |    68M |   0 | 413 | 181 | 224 |  46 | 22 |   0 |   0 | 7.745201e+03 |      --      |    Inf | unknown
  0.7s|     1 |     0 |  1746 |     - |    68M |   0 | 413 | 181 | 221 |  47 | 23 |   0 |   0 | 7.745197e+03 |      --      |    Inf | unknown
  0.7s|     1 |     0 |  1758 |     - |    68M |   0 | 413 | 181 | 223 |  49 | 24 |   0 |   0 | 7.745027e+03 |      --      |    Inf | unknown
  0.7s|     1 |     0 |  1761 |     - |    68M |   0 | 413 | 181 | 224 |  50 | 25 |   0 |   0 | 7.745026e+03 |      --      |    Inf | unknown
  0.7s|     1 |     0 |  1765 |     - |    68M |   0 | 413 | 181 | 225 |  51 | 26 |   0 |   0 | 7.745010e+03 |      --      |    Inf | unknown
  0.8s|     1 |     0 |  1783 |     - |    68M |   0 | 413 | 181 | 232 |  58 | 27 |   0 |   0 | 7.744724e+03 |      --      |    Inf | unknown
  0.8s|     1 |     0 |  1797 |     - |    68M |   0 | 413 | 181 | 237 |  63 | 28 |   0 |   0 | 7.744330e+03 |      --      |    Inf | unknown
  0.8s|     1 |     0 |  1800 |     - |    68M |   0 | 413 | 181 | 235 |  64 | 29 |   0 |   0 | 7.744324e+03 |      --      |    Inf | unknown
 time | node  | left  |LP iter|LP it/n|mem/heur|mdpt |vars |cons |rows |cuts |sepa|confs|strbr|  dualbound   | primalbound  |  gap   | compl. 
  0.8s|     1 |     0 |  1802 |     - |    68M |   0 | 413 | 181 | 236 |  65 | 30 |   0 |   0 | 7.744319e+03 |      --      |    Inf | unknown
d 0.8s|     1 |     0 |  1802 |     - |pscost2d|   0 | 413 | 181 | 236 |   0 | 30 |   0 |   0 | 7.744319e+03 | 3.542795e+03 | 118.59%| unknown
d 0.9s|     1 |     0 |  1855 |     - |pscost2d|   0 | 413 | 181 | 236 |   0 | 30 |   0 |   0 | 7.744319e+03 | 3.982993e+03 |  94.43%| unknown
d 1.0s|     1 |     0 |  1937 |     - |pscost2d|   0 | 413 | 181 | 236 |   0 | 30 |   0 |   0 | 7.744319e+03 | 4.599123e+03 |  68.39%| unknown
d 1.1s|     1 |     0 |  1970 |     - |pscost2d|   0 | 413 | 181 | 236 |   0 | 30 |   0 |   0 | 7.744319e+03 | 4.883479e+03 |  58.58%| unknown
d 1.1s|     1 |     0 |  1991 |     - |pscost2d|   0 | 413 | 181 | 236 |   0 | 30 |   0 |   0 | 7.744319e+03 | 5.789147e+03 |  33.77%| unknown
d 1.1s|     1 |     0 |  2019 |     - |pscost2d|   0 | 413 | 181 | 236 |   0 | 30 |   0 |   0 | 7.744319e+03 | 6.567921e+03 |  17.91%| unknown
d 1.1s|     1 |     0 |  2039 |     - |pscost2d|   0 | 413 | 181 | 236 |   0 | 30 |   0 |   0 | 7.744319e+03 | 7.047907e+03 |   9.88%| unknown
d 1.1s|     1 |     0 |  2040 |     - |pscost2d|   0 | 413 | 181 | 236 |   0 | 30 |   0 |   0 | 7.744319e+03 | 7.307895e+03 |   5.97%| unknown
  1.1s|     1 |     0 |  2040 |     - |    68M |   0 | 413 | 181 | 236 |  65 | 30 |   0 |   0 | 7.744319e+03 | 7.307895e+03 |   5.97%| unknown
  1.2s|     1 |     0 |  2088 |     - |    68M |   0 | 413 | 181 | 237 |  66 | 31 |   0 |   0 | 7.743914e+03 | 7.307895e+03 |   5.97%| unknown
  1.2s|     1 |     0 |  2096 |     - |    68M |   0 | 413 | 181 | 242 |  71 | 32 |   0 |   0 | 7.743835e+03 | 7.307895e+03 |   5.97%| unknown
  1.4s|     1 |     2 |  2096 |     - |    68M |   0 | 413 | 181 | 242 |  71 | 32 |   0 |  25 | 7.733700e+03 | 7.307895e+03 |   5.83%| unknown
* 1.5s|     5 |     3 |  2405 | 136.8 |strongbr|   4 | 413 | 181 | 220 |  71 |  1 |   0 |  79 | 7.733700e+03 | 7.572320e+03 |   2.13%|   3.89%
* 1.9s|     9 |     3 |  3002 | 143.0 |strongbr|   4 | 413 | 195 | 220 |  71 |  1 |  14 | 173 | 7.707117e+03 | 7.588897e+03 |   1.56%|  22.37%
 time | node  | left  |LP iter|LP it/n|mem/heur|mdpt |vars |cons |rows |cuts |sepa|confs|strbr|  dualbound   | primalbound  |  gap   | compl. 
* 2.3s|    15 |     1 |  3793 | 138.2 |strongbr|   4 | 413 | 202 | 220 |  71 |  1 |  59 | 324 | 7.652493e+03 | 7.601110e+03 |   0.68%|  65.04%
* 2.3s|    16 |     0 |  3846 | 132.5 |strongbr|   4 | 413 | 165 | 220 |  71 |  1 |  61 | 332 | 7.652493e+03 | 7.621416e+03 |   0.41%|  94.99%

SCIP Status        : problem is solved [optimal solution found]
Solving Time (sec) : 2.31
Solving Nodes      : 16
Primal Bound       : +7.62141603919998e+03 (197 solutions)
Dual Bound         : +7.62141603919998e+03
Gap                : 0.00 %
