presolving:
(round 1, fast)       1 del vars, 1 del conss, 0 add conss, 0 chg bounds, 0 chg sides, 0 chg coeffs, 0 upgd conss, 0 impls, 190 clqs
   (0.0s) running MILP presolver
   (0.0s) MILP presolver (2 rounds): 0 aggregations, 20 fixings, 0 bound changes
(round 2, medium)     21 del vars, 1 del conss, 0 add conss, 0 chg bounds, 0 chg sides, 0 chg coeffs, 0 upgd conss, 0 impls, 187 clqs
(round 3, fast)       21 del vars, 4 del conss, 0 add conss, 0 chg bounds, 0 chg sides, 0 chg coeffs, 0 upgd conss, 0 impls, 187 clqs
(round 4, exhaustive) 21 del vars, 8 del conss, 0 add conss, 0 chg bounds, 4 chg sides, 0 chg coeffs, 0 upgd conss, 0 impls, 187 clqs
(round 5, exhaustive) 21 del vars, 8 del conss, 0 add conss, 0 chg bounds, 4 chg sides, 0 chg coeffs, 183 upgd conss, 0 impls, 187 clqs
(round 6, medium)     56 del vars, 8 del conss, 0 add conss, 0 chg bounds, 4 chg sides, 35 chg coeffs, 183 upgd conss, 0 impls, 187 clqs
(round 7, fast)       69 del vars, 8 del conss, 0 add conss, 0 chg bounds, 4 chg sides, 35 chg coeffs, 183 upgd conss, 0 impls, 186 clqs
(round 8, exhaustive) 69 del vars, 10 del conss, 0 add conss, 0 chg bounds, 4 chg sides, 35 chg coeffs, 183 upgd conss, 0 impls, 186 clqs
   (0.0s) probing: 51/431 (11.8%) - 0 fixings, 0 aggregations, 0 implications, 0 bound changes
   (0.0s) probing aborted: 50/50 successive totally useless probings
   (0.0s) symmetry computation started: requiring (bin +, int +, cont +), (fixed: bin -, int -, cont -)
   (0.0s) no symmetry present (symcode time: 0.00)
presolving (9 rounds: 9 fast, 6 medium, 4 exhaustive):
 69 deleted vars, 10 deleted constraints, 0 added constraints, 0 tightened bounds, 0 added holes, 4 changed sides, 35 changed coefficients
 0 implications, 186 cliques
presolved problem has 431 variables (431 bin, 0 int, 0 impl, 0 cont) and 181 constraints
    181 constraints of type <setppc>
Presolving Time: 0.01

 time | node  | left  |LP iter|LP it/n|mem/heur|mdpt |vars |cons |rows |cuts |sepa|confs|strbr|  dualbound   | primalbound  |  gap   | compl. 
  0.1s|     1 |     0 |  1559 |     - |  5226k |   0 | 431 | 181 | 181 |   0 |  0 |   0 |   0 | 7.873966e+03 |      --      |    Inf | unknown
  0.1s|     1 |     0 |  1591 |     - |    16M |   0 | 431 | 181 | 183 |   2 |  1 |   0 |   0 | 7.858606e+03 |      --      |    Inf | unknown
  0.2s|     1 |     0 |  1625 |     - |    26M |   0 | 431 | 181 | 185 |   4 |  2 |   0 |   0 | 7.850147e+03 |      --      |    Inf | unknown
  0.2s|     1 |     0 |  1669 |     - |    31M |   0 | 431 | 181 | 187 |   6 |  3 |   0 |   0 | 7.844314e+03 |      --      |    Inf | unknown
  0.2s|     1 |     0 |  1706 |     - |    36M |   0 | 431 | 181 | 189 |   8 |  4 |   0 |   0 | 7.840866e+03 |      --      |    Inf | unknown
  0.3s|     1 |     0 |  1743 |     - |    41M |   0 | 431 | 181 | 190 |   9 |  5 |   0 |   0 | 7.838062e+03 |      --      |    Inf | unknown
  0.3s|     1 |     0 |  1771 |     - |    46M |   0 | 431 | 181 | 191 |  10 |  6 |   0 |   0 | 7.836410e+03 |      --      |    Inf | unknown
  0.3s|     1 |     0 |  1807 |     - |    48M |   0 | 431 | 181 | 193 |  12 |  7 |   0 |   0 | 7.834213e+03 |      --      |    Inf | unknown
  0.4s|     1 |     0 |  1852 |     - |    56M |   0 | 431 | 181 | 195 |  14 |  8 |   0 |   0 | 7.830789e+03 |      --      |    Inf | unknown
  0.4s|     1 |     0 |  1889 |     - |    62M |   0 | 431 | 181 | 199 |  18 |  9 |   0 |   0 | 7.828785e+03 |      --      |    Inf | unknown
  0.5s|     1 |     0 |  1933 |     - |    67M |   0 | 431 | 181 | 200 |  19 | 10 |   0 |   0 | 7.827210e+03 |      --      |    Inf | unknown
  0.5s|     1 |     0 |  1949 |     - |    67M |   0 | 431 | 181 | 202 |  21 | 11 |   0 |   0 | 7.827081e+03 |      --      |    Inf | unknown
  0.5s|     1 |     0 |  1980 |     - |    67M |   0 | 431 | 181 | 206 |  25 | 12 |   0 |   0 | 7.826576e+03 |      --      |    Inf | unknown
  0.5s|     1 |     0 |  2013 |     - |    67M |   0 | 431 | 181 | 208 |  27 | 13 |   0 |   0 | 7.825672e+03 |      --      |    Inf | unknown
  0.6s|     1 |     0 |  2031 |     - |    67M |   0 | 431 | 181 | 210 |  29 | 14 |   0 |   0 | 7.825125e+03 |      --      |    Inf | unknown
 time | node  | left  |LP iter|LP it/n|mem/heur|mdpt |vars |cons |rows |cuts |sepa|confs|strbr|  dualbound   | primalbound  |  gap   | compl. 
  0.6s|     1 |     0 |  2041 |     - |    67M |   0 | 431 | 181 | 213 |  32 | 15 |   0 |   0 | 7.825016e+03 |      --      |    Inf | unknown
  0.6s|     1 |     0 |  2045 |     - |    67M |   0 | 431 | 181 | 214 |  33 | 16 |   0 |   0 | 7.824938e+03 |      --      |    Inf | unknown
  0.6s|     1 |     0 |  2051 |     - |    67M |   0 | 431 | 181 | 215 |  34 | 17 |   0 |   0 | 7.824888e+03 |      --      |    Inf | unknown
  0.6s|     1 |     0 |  2073 |     - |    67M |   0 | 431 | 181 | 219 |  38 | 18 |   0 |   0 | 7.824017e+03 |      --      |    Inf | unknown
  0.6s|     1 |     0 |  2080 |     - |    67M |   0 | 431 | 181 | 220 |  39 | 19 |   0 |   0 | 7.823876e+03 |      --      |    Inf | unknown
  0.7s|     1 |     0 |  2089 |     - |    67M |   0 | 431 | 181 | 221 |  40 | 20 |   0 |   0 | 7.823810e+03 |      --      |    Inf | unknown
  0.7s|     1 |     0 |  2096 |     - |    67M |   0 | 431 | 181 | 222 |  41 | 21 |   0 |   0 | 7.823780e+03 |      --      |    Inf | unknown
  0.7s|     1 |     0 |  2098 |     - |    67M |   0 | 431 | 181 | 223 |  42 | 22 |   0 |   0 | 7.823778e+03 |      --      |    Inf | unknown
  0.7s|     1 |     0 |  2105 |     - |    67M |   0 | 431 | 181 | 221 |  43 | 23 |   0 |   0 | 7.823743e+03 |      --      |    Inf | unknown
  0.8s|     1 |     0 |  2119 |     - |    67M |   0 | 431 | 181 | 222 |  44 | 24 |   0 |   0 | 7.823694e+03 |      --      |    Inf | unknown
  0.8s|     1 |     0 |  2142 |     - |    67M |   0 | 431 | 181 | 224 |  46 | 25 |   0 |   0 | 7.823413e+03 |      --      |    Inf | unknown
  0.8s|     1 |     0 |  2145 |     - |    67M |   0 | 431 | 181 | 225 |  47 | 26 |   0 |   0 | 7.823411e+03 |      --      |    Inf | unknown
  0.8s|     1 |     0 |  2147 |     - |    67M |   0 | 431 | 181 | 226 |  48 | 27 |   0 |   0 | 7.823405e+03 |      --      |    Inf | unknown
  0.9s|     1 |     0 |  2149 |     - |    67M |   0 | 431 | 181 | 227 |  49 | 28 |   0 |   0 | 7.823398e+03 |      --      |    Inf | unknown
d 0.9s|     1 |     0 |  2149 |     - |pscost2d|   0 | 431 | 181 | 227 |   0 | 28 |   0 |   0 | 7.823398e+03 | 2.561508e+03 | 205.42%| unknown
 time | node  | left  |LP iter|LP it/n|mem/heur|mdpt |vars |cons |rows |cuts |sepa|confs|strbr|  dualbound   | primalbound  |  gap   | compl. 
d 0.9s|     1 |     0 |  2232 |     - |pscost2d|   0 | 431 | 181 | 227 |   0 | 28 |   0 |   0 | 7.823398e+03 | 2.851639e+03 | 174.35%| unknown
d 1.0s|     1 |     0 |  2252 |     - |pscost2d|   0 | 431 | 181 | 227 |   0 | 28 |   0 |   0 | 7.823398e+03 | 3.204798e+03 | 144.12%| unknown
d 1.1s|     1 |     0 |  2297 |     - |pscost2d|   0 | 431 | 181 | 227 |   0 | 28 |   0 |   0 | 7.823398e+03 | 4.413388e+03 |  77.27%| unknown
d 1.1s|     1 |     0 |  2377 |     - |pscost2d|   0 | 431 | 181 | 227 |   0 | 28 |   0 |   0 | 7.823398e+03 | 5.134965e+03 |  52.36%| unknown
d 1.2s|     1 |     0 |  2388 |     - |pscost2d|   0 | 431 | 181 | 227 |   0 | 28 |   0 |   0 | 7.823398e+03 | 5.833904e+03 |  34.10%| unknown
d 1.2s|     1 |     0 |  2389 |     - |pscost2d|   0 | 431 | 181 | 227 |   0 | 28 |   0 |   0 | 7.823398e+03 | 7.719597e+03 |   1.34%| unknown
  1.2s|     1 |     0 |  2389 |     - |    67M |   0 | 431 | 181 | 227 |  49 | 28 |   0 |   0 | 7.823398e+03 | 7.719597e+03 |   1.34%| unknown
  1.2s|     1 |     0 |  2389 |     - |    67M |   0 | 431 | 181 | 223 |  49 | 28 |   0 |   0 | 7.823398e+03 | 7.719597e+03 |   1.34%| unknown
  1.2s|     1 |     0 |  2402 |     - |    67M |   0 | 431 | 177 | 221 |  52 | 29 |   0 |   0 | 7.823126e+03 | 7.719597e+03 |   1.34%| unknown
  1.2s|     1 |     0 |  2402 |     - |    67M |   0 | 431 | 177 | 221 |  52 | 29 |   0 |   0 | 7.823126e+03 | 7.719597e+03 |   1.34%| unknown
  1.2s|     1 |     0 |  2403 |     - |    67M |   0 | 431 | 177 | 222 |  53 | 30 |   0 |   0 | 7.823126e+03 | 7.719597e+03 |   1.34%| unknown
(run 1, node 1) restarting after 100 global fixings of integer variables

(restart) converted 45 cuts from the global cut pool into linear constraints

presolving:
(round 1, fast)       100 del vars, 0 del conss, 0 add conss, 0 chg bounds, 0 chg sides, 0 chg coeffs, 0 upgd conss, 0 impls, 196 clqs
   (1.3s) running MILP presolver
   (1.3s) MILP presolver (2 rounds): 0 aggregations, 1 fixings, 0 bound changes
(round 2, medium)     101 del vars, 0 del conss, 0 add conss, 0 chg bounds, 0 chg sides, 0 chg coeffs, 0 upgd conss, 0 impls, 196 clqs
(round 3, exhaustive) 101 del vars, 10 del conss, 0 add conss, 0 chg bounds, 0 chg sides, 0 chg coeffs, 0 upgd conss, 0 impls, 196 clqs
(round 4, exhaustive) 101 del vars, 10 del conss, 0 add conss, 0 chg bounds, 0 chg sides, 0 chg coeffs, 26 upgd conss, 0 impls, 196 clqs
presolving (5 rounds: 5 fast, 4 medium, 3 exhaustive):
 101 deleted vars, 10 deleted constraints, 0 added constraints, 0 tightened bounds, 0 added holes, 0 changed sides, 0 changed coefficients
 0 implications, 196 cliques
presolved problem has 330 variables (330 bin, 0 int, 0 impl, 0 cont) and 212 constraints
     11 constraints of type <knapsack>
    182 constraints of type <setppc>
     19 constraints of type <linear>
Presolving Time: 0.02
transformed 7/7 original solutions to the transformed problem space

 time | node  | left  |LP iter|LP it/n|mem/heur|mdpt |vars |cons |rows |cuts |sepa|confs|strbr|  dualbound   | primalbound  |  gap   | compl. 
  1.3s|     1 |     0 |  4519 |     - |    61M |   0 | 330 | 212 | 212 |   0 |  0 |   0 |   0 | 7.823126e+03 | 7.719597e+03 |   1.34%| unknown
  1.3s|     1 |     0 |  4519 |     - |    61M |   0 | 330 | 212 | 212 |   0 |  0 |   0 |   0 | 7.823126e+03 | 7.719597e+03 |   1.34%| unknown
  1.4s|     1 |     0 |  4553 |     - |    61M |   0 | 330 | 212 | 213 |   1 |  1 |   0 |   0 | 7.821925e+03 | 7.719597e+03 |   1.33%| unknown
  1.4s|     1 |     0 |  4577 |     - |    61M |   0 | 330 | 212 | 214 |   2 |  2 |   0 |   0 | 7.820923e+03 | 7.719597e+03 |   1.31%| unknown
  1.5s|     1 |     0 |  4599 |     - |    65M |   0 | 330 | 212 | 215 |   3 |  3 |   0 |   0 | 7.820571e+03 | 7.719597e+03 |   1.31%| unknown
  1.5s|     1 |     0 |  4660 |     - |    65M |   0 | 330 | 212 | 216 |   4 |  4 |   0 |   0 | 7.819555e+03 | 7.719597e+03 |   1.29%| unknown
  1.6s|     1 |     0 |  4694 |     - |    67M |   0 | 330 | 212 | 217 |   5 |  5 |   0 |   0 | 7.819142e+03 | 7.719597e+03 |   1.29%| unknown
  1.7s|     1 |     0 |  4723 |     - |    67M |   0 | 330 | 212 | 220 |   8 |  6 |   0 |   0 | 7.818489e+03 | 7.719597e+03 |   1.28%| unknown
  1.7s|     1 |     0 |  4754 |     - |    68M |   0 | 330 | 212 | 221 |   9 |  7 |   0 |   0 | 7.817677e+03 | 7.719597e+03 |   1.27%| unknown
  1.8s|     1 |     0 |  4802 |     - |    69M |   0 | 330 | 212 | 222 |  10 |  8 |   0 |   0 | 7.816879e+03 | 7.719597e+03 |   1.26%| unknown
  1.8s|     1 |     0 |  4850 |     - |    70M |   0 | 330 | 212 | 224 |  12 |  9 |   0 |   0 | 7.816494e+03 | 7.719597e+03 |   1.26%| unknown
  1.8s|     1 |     0 |  4850 |     - |    70M |   0 | 330 | 212 | 224 |  12 |  9 |   0 |   0 | 7.816494e+03 | 7.719597e+03 |   1.26%| unknown
  1.9s|     1 |     0 |  4895 |     - |    82M |   0 | 330 | 212 | 219 |  13 | 10 |   0 |   0 | 7.816058e+03 | 7.719597e+03 |   1.25%| unknown
  1.9s|     1 |     0 |  4927 |     - |    82M |   0 | 330 | 212 | 220 |  14 | 11 |   0 |   0 | 7.815658e+03 | 7.719597e+03 |   1.24%| unknown
  1.9s|     1 |     0 |  4936 |     - |    82M |   0 | 330 | 212 | 221 |  15 | 12 |   0 |   0 | 7.815628e+03 | 7.719597e+03 |   1.24%| unknown
 time | node  | left  |LP iter|LP it/n|mem/heur|mdpt |vars |cons |rows |cuts |sepa|confs|strbr|  dualbound   | primalbound  |  gap   | compl. 
  2.0s|     1 |     0 |  4947 |     - |    82M |   0 | 330 | 212 | 223 |  17 | 13 |   0 |   0 | 7.815578e+03 | 7.719597e+03 |   1.24%| unknown
  2.0s|     1 |     0 |  4987 |     - |    82M |   0 | 330 | 212 | 226 |  20 | 14 |   0 |   0 | 7.815409e+03 | 7.719597e+03 |   1.24%| unknown
  2.0s|     1 |     0 |  5001 |     - |    82M |   0 | 330 | 212 | 229 |  23 | 15 |   0 |   0 | 7.815321e+03 | 7.719597e+03 |   1.24%| unknown
  2.0s|     1 |     0 |  5020 |     - |    82M |   0 | 330 | 212 | 216 |  24 | 16 |   0 |   0 | 7.815231e+03 | 7.719597e+03 |   1.24%| unknown
  2.1s|     1 |     0 |  5026 |     - |    82M |   0 | 330 | 212 | 217 |  25 | 17 |   0 |   0 | 7.815216e+03 | 7.719597e+03 |   1.24%| unknown
  2.1s|     1 |     0 |  5029 |     - |    82M |   0 | 330 | 212 | 218 |  26 | 18 |   0 |   0 | 7.815215e+03 | 7.719597e+03 |   1.24%| unknown
  2.6s|     1 |     2 |  5244 |     - |    82M |   0 | 330 | 216 | 218 |  26 | 18 |   4 |  21 | 7.807701e+03 | 7.719597e+03 |   1.14%| unknown

SCIP Status        : problem is solved [optimal solution found]
Solving Time (sec) : 2.98
Solving Nodes      : 7 (total of 8 nodes in 2 runs)
Primal Bound       : +7.71959717641298e+03 (89 solutions)
Dual Bound         : +7.71959717641298e+03
Gap                : 0.00 %
