presolving:
   (0.0s) running MILP presolver
   (0.0s) MILP presolver (2 rounds): 0 aggregations, 10 fixings, 0 bound changes
(round 1, medium)     10 del vars, 0 del conss, 0 add conss, 0 chg bounds, 0 chg sides, 0 chg coeffs, 0 upgd conss, 0 impls, 192 clqs
(round 2, exhaustive) 10 del vars, 2 del conss, 0 add conss, 0 chg bounds, 2 chg sides, 0 chg coeffs, 0 upgd conss, 0 impls, 192 clqs
(round 3, exhaustive) 10 del vars, 2 del conss, 0 add conss, 0 chg bounds, 2 chg sides, 0 chg coeffs, 190 upgd conss, 0 impls, 192 clqs
(round 4, medium)     48 del vars, 2 del conss, 0 add conss, 0 chg bounds, 2 chg sides, 38 chg coeffs, 190 upgd conss, 0 impls, 192 clqs
(round 5, fast)       61 del vars, 3 del conss, 0 add conss, 0 chg bounds, 2 chg sides, 38 chg coeffs, 190 upgd conss, 0 impls, 191 clqs
(round 6, exhaustive) 61 del vars, 4 del conss, 0 add conss, 0 chg bounds, 2 chg sides, 38 chg coeffs, 190 upgd conss, 0 impls, 191 clqs
(round 7, exhaustive) 62 del vars, 4 del conss, 0 add conss, 0 chg bounds, 2 chg sides, 38 chg coeffs, 190 upgd conss, 0 impls, 190 clqs
   (0.0s) probing: 51/438 (11.6%) - 0 fixings, 0 aggregations, 0 implications, 0 bound changes
   (0.0s) probing aborted: 50/50 successive totally useless probings
   (0.0s) symmetry computation started: requiring (bin +, int +, cont +), (fixed: bin -, int -, cont -)
   (0.0s) no symmetry present (symcode time: 0.00)
presolving (8 rounds: 8 fast, 7 medium, 5 exhaustive):
 62 deleted vars, 4 deleted constraints, 0 added constraints, 0 tightened bounds, 0 added holes, 2 changed sides, 38 changed coefficients
 0 implications, 190 cliques
presolved problem has 438 variables (438 bin, 0 int, 0 impl, 0 cont) and 188 constraints
    188 constraints of type <setppc>
Presolving Time: 0.01

 time | node  | left  |LP iter|LP it/n|mem/heur|mdpt |vars |cons |rows |cuts |sepa|confs|strbr|  dualbound   | primalbound  |  gap   | compl. 
  0.0s|     1 |     0 |  1304 |     - |  5450k |   0 | 438 | 188 | 188 |   0 |  0 |   0 |   0 | 7.860569e+03 |      --      |    Inf | unknown
  0.1s|     1 |     0 |  1342 |     - |    13M |   0 | 438 | 188 | 190 |   2 |  1 |   0 |   0 | 7.848021e+03 |      --      |    Inf | unknown
  0.2s|     1 |     0 |  1372 |     - |    19M |   0 | 438 | 188 | 191 |   3 |  2 |   0 |   0 | 7.835963e+03 |      --      |    Inf | unknown
  0.2s|     1 |     0 |  1397 |     - |    27M |   0 | 438 | 188 | 193 |   5 |  3 |   0 |   0 | 7.831711e+03 |      --      |    Inf | unknown
  0.2s|     1 |     0 |  1437 |     - |    31M |   0 | 438 | 188 | 196 |   8 |  4 |   0 |   0 | 7.828336e+03 |      --      |    Inf | unknown
  0.3s|     1 |     0 |  1484 |     - |    35M |   0 | 438 | 188 | 200 |  12 |  5 |   0 |   0 | 7.824944e+03 |      --      |    Inf | unknown
  0.3s|     1 |     0 |  1522 |     - |    39M |   0 | 438 | 188 | 204 |  16 |  6 |   0 |   0 | 7.820361e+03 |      --      |    Inf | unknown
  0.4s|     1 |     0 |  1549 |     - |    43M |   0 | 438 | 188 | 205 |  17 |  7 |   0 |   0 | 7.819382e+03 |      --      |    Inf | unknown
  0.4s|     1 |     0 |  1568 |     - |    47M |   0 | 438 | 188 | 208 |  20 |  8 |   0 |   0 | 7.818897e+03 |      --      |    Inf | unknown
  0.4s|     1 |     0 |  1597 |     - |    55M |   0 | 438 | 188 | 210 |  22 |  9 |   0 |   0 | 7.818176e+03 |      --      |    Inf | unknown
  0.5s|     1 |     0 |  1627 |     - |    57M |   0 | 438 | 188 | 211 |  23 | 10 |   0 |   0 | 7.817577e+03 |      --      |    Inf | unknown
  0.5s|     1 |     0 |  1676 |     - |    57M |   0 | 438 | 188 | 213 |  25 | 11 |   0 |   0 | 7.816766e+03 |      --      |    Inf | unknown
  0.5s|     1 |     0 |  1711 |     - |    57M |   0 | 438 | 188 | 215 |  27 | 12 |   0 |   0 | 7.815556e+03 |      --      |    Inf | unknown
  0.5s|     1 |     0 |  1731 |     - |    57M |   0 | 438 | 188 | 216 |  28 | 13 |   0 |   0 | 7.814949e+03 |      --      |    Inf | unknown
  0.5s|     1 |     0 |  1755 |     - |    57M |   0 | 438 | 188 | 218 |  30 | 14 |   0 |   0 | 7.814517e+03 |      --      |    Inf | unknown
 time | node  | left  |LP iter|LP it/n|mem/heur|mdpt |vars |cons |rows |cuts |sepa|confs|strbr|  dualbound   | primalbound  |  gap   | compl. 
  0.6s|     1 |     0 |  1775 |     - |    57M |   0 | 438 | 188 | 219 |  31 | 15 |   0 |   0 | 7.813999e+03 |      --      |    Inf | unknown
  0.6s|     1 |     0 |  1829 |     - |    57M |   0 | 438 | 188 | 220 |  32 | 16 |   0 |   0 | 7.813498e+03 |      --      |    Inf | unknown
  0.6s|     1 |     0 |  1849 |     - |    57M |   0 | 438 | 188 | 222 |  34 | 17 |   0 |   0 | 7.813200e+03 |      --      |    Inf | unknown
  0.6s|     1 |     0 |  1852 |     - |    57M |   0 | 438 | 188 | 223 |  35 | 18 |   0 |   0 | 7.813198e+03 |      --      |    Inf | unknown
  0.6s|     1 |     0 |  1855 |     - |    57M |   0 | 438 | 188 | 224 |  36 | 19 |   0 |   0 | 7.813197e+03 |      --      |    Inf | unknown
  0.6s|     1 |     0 |  1872 |     - |    57M |   0 | 438 | 188 | 225 |  37 | 20 |   0 |   0 | 7.812943e+03 |      --      |    Inf | unknown
  0.7s|     1 |     0 |  1884 |     - |    57M |   0 | 438 | 188 | 226 |  38 | 21 |   0 |   0 | 7.812903e+03 |      --      |    Inf | unknown
  0.7s|     1 |     0 |  1888 |     - |    57M |   0 | 438 | 188 | 227 |  39 | 22 |   0 |   0 | 7.812854e+03 |      --      |    Inf | unknown
  0.7s|     1 |     0 |  1898 |     - |    57M |   0 | 438 | 188 | 224 |  40 | 23 |   0 |   0 | 7.812786e+03 |      --      |    Inf | unknown
  0.7s|     1 |     0 |  1926 |     - |    57M |   0 | 438 | 188 | 227 |  43 | 24 |   0 |   0 | 7.812287e+03 |      --      |    Inf | unknown
  0.7s|     1 |     0 |  1927 |     - |    57M |   0 | 438 | 188 | 228 |  44 | 25 |   0 |   0 | 7.812285e+03 |      --      |    Inf | unknown
  0.8s|     1 |     0 |  1930 |     - |    57M |   0 | 438 | 188 | 229 |  45 | 26 |   0 |   0 | 7.812279e+03 |      --      |    Inf | unknown
  0.8s|     1 |     0 |  1932 |     - |    57M |   0 | 438 | 188 | 230 |  46 | 27 |   0 |   0 | 7.812273e+03 |      --      |    Inf | unknown
  0.8s|     1 |     0 |  1935 |     - |    57M |   0 | 438 | 188 | 231 |  47 | 28 |   0 |   0 | 7.812270e+03 |      --      |    Inf | unknown
  0.8s|     1 |     0 |  1939 |     - |    57M |   0 | 438 | 188 | 224 |  48 | 29 |   0 |   0 | 7.812268e+03 |      --      |    Inf | unknown
 time | node  | left  |LP iter|LP it/n|mem/heur|mdpt |vars |cons |rows |cuts |sepa|confs|strbr|  dualbound   | primalbound  |  gap   | compl. 
  0.8s|     1 |     0 |  1942 |     - |    57M |   0 | 438 | 188 | 225 |  49 | 30 |   0 |   0 | 7.812257e+03 |      --      |    Inf | unknown
  0.9s|     1 |     0 |  1944 |     - |    57M |   0 | 438 | 188 | 226 |  50 | 31 |   0 |   0 | 7.812256e+03 |      --      |    Inf | unknown
  0.9s|     1 |     0 |  1987 |     - |    57M |   0 | 438 | 188 | 232 |  56 | 32 |   0 |   0 | 7.811651e+03 |      --      |    Inf | unknown
  0.9s|     1 |     0 |  1988 |     - |    57M |   0 | 438 | 188 | 233 |  57 | 33 |   0 |   0 | 7.811651e+03 |      --      |    Inf | unknown
  0.9s|     1 |     0 |  2005 |     - |    57M |   0 | 438 | 188 | 238 |  62 | 34 |   0 |   0 | 7.811463e+03 |      --      |    Inf | unknown
  1.0s|     1 |     0 |  2007 |     - |    57M |   0 | 438 | 188 | 236 |  63 | 35 |   0 |   0 | 7.811462e+03 |      --      |    Inf | unknown
  1.0s|     1 |     0 |  2039 |     - |    57M |   0 | 438 | 188 | 243 |  70 | 36 |   0 |   0 | 7.811307e+03 |      --      |    Inf | unknown
  1.0s|     1 |     0 |  2044 |     - |    57M |   0 | 438 | 188 | 245 |  72 | 37 |   0 |   0 | 7.811301e+03 |      --      |    Inf | unknown
  1.0s|     1 |     0 |  2048 |     - |    57M |   0 | 438 | 188 | 246 |  73 | 38 |   0 |   0 | 7.811298e+03 |      --      |    Inf | unknown
d 1.0s|     1 |     0 |  2048 |     - |pscost2d|   0 | 438 | 188 | 246 |   0 | 39 |   0 |   0 | 7.811298e+03 | 2.874344e+03 | 171.76%| unknown
d 1.1s|     1 |     0 |  2087 |     - |pscost2d|   0 | 438 | 188 | 246 |   0 | 39 |   0 |   0 | 7.811298e+03 | 3.178326e+03 | 145.77%| unknown
d 1.2s|     1 |     0 |  2171 |     - |pscost2d|   0 | 438 | 188 | 246 |   0 | 39 |   0 |   0 | 7.811298e+03 | 3.602827e+03 | 116.81%| unknown
d 1.3s|     1 |     0 |  2197 |     - |pscost2d|   0 | 438 | 188 | 246 |   0 | 39 |   0 |   0 | 7.811298e+03 | 5.331604e+03 |  46.51%| unknown
d 1.3s|     1 |     0 |  2272 |     - |pscost2d|   0 | 438 | 188 | 246 |   0 | 39 |   0 |   0 | 7.811298e+03 | 7.140504e+03 |   9.39%| unknown
d 1.3s|     1 |     0 |  2273 |     - |pscost2d|   0 | 438 | 188 | 246 |   0 | 39 |   0 |   0 | 7.811298e+03 | 7.640550e+03 |   2.23%| unknown
 time | node  | left  |LP iter|LP it/n|mem/heur|mdpt |vars |cons |rows |cuts |sepa|confs|strbr|  dualbound   | primalbound  |  gap   | compl. 
  1.3s|     1 |     0 |  2273 |     - |    57M |   0 | 438 | 188 | 246 |  73 | 39 |   0 |   0 | 7.811298e+03 | 7.640550e+03 |   2.23%| unknown
  1.3s|     1 |     0 |  2273 |     - |    57M |   0 | 438 | 188 | 246 |  73 | 39 |   0 |   0 | 7.811298e+03 | 7.640550e+03 |   2.23%| unknown
(run 1, node 1) restarting after 49 global fixings of integer variables

(restart) converted 58 cuts from the global cut pool into linear constraints

presolving:
(round 1, fast)       49 del vars, 0 del conss, 0 add conss, 0 chg bounds, 0 chg sides, 0 chg coeffs, 0 upgd conss, 0 impls, 219 clqs
   (1.4s) running MILP presolver
   (1.4s) MILP presolver found nothing
(round 2, exhaustive) 49 del vars, 6 del conss, 0 add conss, 0 chg bounds, 0 chg sides, 0 chg coeffs, 0 upgd conss, 0 impls, 219 clqs
(round 3, exhaustive) 49 del vars, 7 del conss, 0 add conss, 0 chg bounds, 1 chg sides, 0 chg coeffs, 0 upgd conss, 0 impls, 219 clqs
(round 4, exhaustive) 49 del vars, 7 del conss, 0 add conss, 0 chg bounds, 1 chg sides, 0 chg coeffs, 38 upgd conss, 0 impls, 219 clqs
(round 5, exhaustive) 49 del vars, 7 del conss, 0 add conss, 0 chg bounds, 1 chg sides, 1 chg coeffs, 38 upgd conss, 0 impls, 219 clqs
presolving (6 rounds: 6 fast, 5 medium, 5 exhaustive):
 49 deleted vars, 7 deleted constraints, 0 added constraints, 0 tightened bounds, 0 added holes, 1 changed sides, 1 changed coefficients
 0 implications, 219 cliques
presolved problem has 389 variables (389 bin, 0 int, 0 impl, 0 cont) and 239 constraints
     10 constraints of type <knapsack>
    210 constraints of type <setppc>
     19 constraints of type <linear>
Presolving Time: 0.02
transformed 7/7 original solutions to the transformed problem space

 time | node  | left  |LP iter|LP it/n|mem/heur|mdpt |vars |cons |rows |cuts |sepa|confs|strbr|  dualbound   | primalbound  |  gap   | compl. 
  1.5s|     1 |     0 |  3836 |     - |    52M |   0 | 389 | 239 | 239 |   0 |  0 |   0 |   0 | 7.811298e+03 | 7.640550e+03 |   2.23%| unknown
  1.5s|     1 |     0 |  3917 |     - |    55M |   0 | 389 | 239 | 240 |   1 |  1 |   0 |   0 | 7.809418e+03 | 7.640550e+03 |   2.21%| unknown
  1.6s|     1 |     0 |  3976 |     - |    58M |   0 | 389 | 239 | 241 |   2 |  2 |   0 |   0 | 7.808879e+03 | 7.640550e+03 |   2.20%| unknown
  1.6s|     1 |     0 |  3976 |     - |    58M |   0 | 389 | 239 | 241 |   2 |  2 |   0 |   0 | 7.808879e+03 | 7.640550e+03 |   2.20%| unknown
  1.7s|     1 |     0 |  4042 |     - |    63M |   0 | 389 | 239 | 242 |   3 |  3 |   0 |   0 | 7.808288e+03 | 7.640550e+03 |   2.20%| unknown
  1.7s|     1 |     0 |  4077 |     - |    63M |   0 | 389 | 239 | 243 |   4 |  4 |   0 |   0 | 7.808021e+03 | 7.640550e+03 |   2.19%| unknown
  1.8s|     1 |     0 |  4140 |     - |    64M |   0 | 389 | 239 | 244 |   5 |  5 |   0 |   0 | 7.807582e+03 | 7.640550e+03 |   2.19%| unknown
  1.9s|     1 |     0 |  4169 |     - |    63M |   0 | 389 | 239 | 245 |   6 |  6 |   0 |   0 | 7.807422e+03 | 7.640550e+03 |   2.18%| unknown
  1.9s|     1 |     0 |  4224 |     - |    64M |   0 | 389 | 239 | 246 |   7 |  7 |   0 |   0 | 7.807072e+03 | 7.640550e+03 |   2.18%| unknown
  2.0s|     1 |     0 |  4269 |     - |    66M |   0 | 389 | 239 | 247 |   8 |  8 |   0 |   0 | 7.806802e+03 | 7.640550e+03 |   2.18%| unknown
  2.1s|     1 |     0 |  4294 |     - |    69M |   0 | 389 | 239 | 248 |   9 |  9 |   0 |   0 | 7.806630e+03 | 7.640550e+03 |   2.17%| unknown
  2.1s|     1 |     0 |  4351 |     - |    81M |   0 | 389 | 239 | 249 |  10 | 10 |   0 |   0 | 7.806475e+03 | 7.640550e+03 |   2.17%| unknown
  2.2s|     1 |     0 |  4362 |     - |    81M |   0 | 389 | 239 | 250 |  11 | 11 |   0 |   0 | 7.806459e+03 | 7.640550e+03 |   2.17%| unknown
  2.2s|     1 |     0 |  4401 |     - |    81M |   0 | 389 | 239 | 251 |  12 | 12 |   0 |   0 | 7.806276e+03 | 7.640550e+03 |   2.17%| unknown
  2.2s|     1 |     0 |  4407 |     - |    81M |   0 | 389 | 239 | 252 |  13 | 13 |   0 |   0 | 7.806267e+03 | 7.640550e+03 |   2.17%| unknown
 time | node  | left  |LP iter|LP it/n|mem/heur|mdpt |vars |cons |rows |cuts |sepa|confs|strbr|  dualbound   | primalbound  |  gap   | compl. 
  2.8s|     1 |     2 |  4618 |     - |    81M |   0 | 389 | 243 | 252 |  13 | 13 |   4 |  26 | 7.802554e+03 | 7.640550e+03 |   2.12%| unknown
* 3.0s|     4 |     2 |  4944 | 190.5 |strongbr|   2 | 389 | 243 | 215 |  13 |  1 |   4 |  66 | 7.796332e+03 | 7.766757e+03 |   0.38%|  13.73%

SCIP Status        : problem is solved [optimal solution found]
Solving Time (sec) : 3.16
Solving Nodes      : 6 (total of 7 nodes in 2 runs)
Primal Bound       : +7.76675742708696e+03 (93 solutions)
Dual Bound         : +7.76675742708696e+03
Gap                : 0.00 %
