presolving:
   (0.0s) running MILP presolver
   (0.0s) MILP presolver (2 rounds): 0 aggregations, 16 fixings, 0 bound changes
(round 1, medium)     16 del vars, 0 del conss, 0 add conss, 0 chg bounds, 0 chg sides, 0 chg coeffs, 0 upgd conss, 0 impls, 194 clqs
(round 2, fast)       16 del vars, 1 del conss, 0 add conss, 0 chg bounds, 0 chg sides, 0 chg coeffs, 0 upgd conss, 0 impls, 194 clqs
(round 3, exhaustive) 16 del vars, 8 del conss, 0 add conss, 0 chg bounds, 7 chg sides, 0 chg coeffs, 0 upgd conss, 0 impls, 194 clqs
(round 4, exhaustive) 16 del vars, 8 del conss, 0 add conss, 0 chg bounds, 7 chg sides, 0 chg coeffs, 187 upgd conss, 0 impls, 194 clqs
(round 5, medium)     58 del vars, 8 del conss, 0 add conss, 0 chg bounds, 7 chg sides, 42 chg coeffs, 187 upgd conss, 0 impls, 194 clqs
(round 6, fast)       79 del vars, 9 del conss, 0 add conss, 0 chg bounds, 7 chg sides, 42 chg coeffs, 187 upgd conss, 0 impls, 192 clqs
(round 7, exhaustive) 79 del vars, 10 del conss, 0 add conss, 0 chg bounds, 7 chg sides, 42 chg coeffs, 187 upgd conss, 0 impls, 192 clqs
(round 8, exhaustive) 80 del vars, 10 del conss, 0 add conss, 0 chg bounds, 7 chg sides, 42 chg coeffs, 187 upgd conss, 0 impls, 191 clqs
   (0.0s) probing: 51/420 (12.1%) - 0 fixings, 0 aggregations, 0 implications, 0 bound changes
   (0.0s) probing aborted: 50/50 successive totally useless probings
   (0.0s) symmetry computation started: requiring (bin +, int +, cont +), (fixed: bin -, int -, cont -)
   (0.0s) no symmetry present (symcode time: 0.00)
presolving (9 rounds: 9 fast, 7 medium, 5 exhaustive):
 80 deleted vars, 10 deleted constraints, 0 added constraints, 0 tightened bounds, 0 added holes, 7 changed sides, 42 changed coefficients
 0 implications, 191 cliques
presolved problem has 420 variables (420 bin, 0 int, 0 impl, 0 cont) and 185 constraints
    185 constraints of type <setppc>
Presolving Time: 0.01

 time | node  | left  |LP iter|LP it/n|mem/heur|mdpt |vars |cons |rows |cuts |sepa|confs|strbr|  dualbound   | primalbound  |  gap   | compl. 
  0.1s|     1 |     0 |  1755 |     - |  5251k |   0 | 420 | 185 | 185 |   0 |  0 |   0 |   0 | 7.931266e+03 |      --      |    Inf | unknown
  0.1s|     1 |     0 |  1843 |     - |    17M |   0 | 420 | 185 | 189 |   4 |  1 |   0 |   0 | 7.904569e+03 |      --      |    Inf | unknown
  0.2s|     1 |     0 |  1904 |     - |    26M |   0 | 420 | 185 | 193 |   8 |  2 |   0 |   0 | 7.887650e+03 |      --      |    Inf | unknown
  0.2s|     1 |     0 |  1946 |     - |    31M |   0 | 420 | 185 | 195 |  10 |  3 |   0 |   0 | 7.881139e+03 |      --      |    Inf | unknown
  0.3s|     1 |     0 |  1968 |     - |    37M |   0 | 420 | 185 | 197 |  12 |  4 |   0 |   0 | 7.875571e+03 |      --      |    Inf | unknown
  0.3s|     1 |     0 |  2006 |     - |    42M |   0 | 420 | 185 | 200 |  15 |  5 |   0 |   0 | 7.873330e+03 |      --      |    Inf | unknown
  0.3s|     1 |     0 |  2034 |     - |    48M |   0 | 420 | 185 | 204 |  19 |  6 |   0 |   0 | 7.871323e+03 |      --      |    Inf | unknown
  0.4s|     1 |     0 |  2064 |     - |    52M |   0 | 420 | 185 | 205 |  20 |  7 |   0 |   0 | 7.869508e+03 |      --      |    Inf | unknown
  0.4s|     1 |     0 |  2128 |     - |    59M |   0 | 420 | 185 | 206 |  21 |  8 |   0 |   0 | 7.867028e+03 |      --      |    Inf | unknown
  0.5s|     1 |     0 |  2173 |     - |    63M |   0 | 420 | 185 | 209 |  24 |  9 |   0 |   0 | 7.865175e+03 |      --      |    Inf | unknown
  0.5s|     1 |     0 |  2229 |     - |    70M |   0 | 420 | 185 | 211 |  26 | 10 |   0 |   0 | 7.863595e+03 |      --      |    Inf | unknown
  0.5s|     1 |     0 |  2253 |     - |    70M |   0 | 420 | 185 | 212 |  27 | 11 |   0 |   0 | 7.862630e+03 |      --      |    Inf | unknown
  0.5s|     1 |     0 |  2268 |     - |    70M |   0 | 420 | 185 | 214 |  29 | 12 |   0 |   0 | 7.861568e+03 |      --      |    Inf | unknown
  0.6s|     1 |     0 |  2296 |     - |    70M |   0 | 420 | 185 | 217 |  32 | 13 |   0 |   0 | 7.860667e+03 |      --      |    Inf | unknown
  0.6s|     1 |     0 |  2307 |     - |    70M |   0 | 420 | 185 | 219 |  34 | 14 |   0 |   0 | 7.860340e+03 |      --      |    Inf | unknown
 time | node  | left  |LP iter|LP it/n|mem/heur|mdpt |vars |cons |rows |cuts |sepa|confs|strbr|  dualbound   | primalbound  |  gap   | compl. 
  0.6s|     1 |     0 |  2321 |     - |    71M |   0 | 420 | 185 | 220 |  35 | 15 |   0 |   0 | 7.859895e+03 |      --      |    Inf | unknown
  0.6s|     1 |     0 |  2327 |     - |    71M |   0 | 420 | 185 | 221 |  36 | 16 |   0 |   0 | 7.859877e+03 |      --      |    Inf | unknown
  0.6s|     1 |     0 |  2331 |     - |    71M |   0 | 420 | 185 | 221 |  37 | 17 |   0 |   0 | 7.859876e+03 |      --      |    Inf | unknown
  0.6s|     1 |     0 |  2361 |     - |    71M |   0 | 420 | 185 | 223 |  39 | 18 |   0 |   0 | 7.859029e+03 |      --      |    Inf | unknown
  0.7s|     1 |     0 |  2382 |     - |    71M |   0 | 420 | 185 | 224 |  40 | 19 |   0 |   0 | 7.858523e+03 |      --      |    Inf | unknown
  0.7s|     1 |     0 |  2384 |     - |    71M |   0 | 420 | 185 | 225 |  41 | 20 |   0 |   0 | 7.858513e+03 |      --      |    Inf | unknown
  0.7s|     1 |     0 |  2419 |     - |    71M |   0 | 420 | 185 | 228 |  44 | 21 |   0 |   0 | 7.856849e+03 |      --      |    Inf | unknown
  0.7s|     1 |     0 |  2444 |     - |    71M |   0 | 420 | 185 | 230 |  46 | 22 |   0 |   0 | 7.856020e+03 |      --      |    Inf | unknown
  0.7s|     1 |     0 |  2452 |     - |    71M |   0 | 420 | 185 | 225 |  48 | 23 |   0 |   0 | 7.855844e+03 |      --      |    Inf | unknown
  0.7s|     1 |     0 |  2460 |     - |    71M |   0 | 420 | 185 | 227 |  50 | 24 |   0 |   0 | 7.855622e+03 |      --      |    Inf | unknown
  0.7s|     1 |     0 |  2469 |     - |    71M |   0 | 420 | 185 | 229 |  52 | 25 |   0 |   0 | 7.855531e+03 |      --      |    Inf | unknown
  0.8s|     1 |     0 |  2479 |     - |    71M |   0 | 420 | 185 | 232 |  55 | 26 |   0 |   0 | 7.855416e+03 |      --      |    Inf | unknown
  0.8s|     1 |     0 |  2491 |     - |    71M |   0 | 420 | 185 | 236 |  59 | 27 |   0 |   0 | 7.855251e+03 |      --      |    Inf | unknown
  0.8s|     1 |     0 |  2501 |     - |    71M |   0 | 420 | 185 | 239 |  62 | 28 |   0 |   0 | 7.855164e+03 |      --      |    Inf | unknown
  0.8s|     1 |     0 |  2523 |     - |    71M |   0 | 420 | 185 | 241 |  68 | 29 |   0 |   0 | 7.854951e+03 |      --      |    Inf | unknown
 time | node  | left  |LP iter|LP it/n|mem/heur|mdpt |vars |cons |rows |cuts |sepa|confs|strbr|  dualbound   | primalbound  |  gap   | compl. 
  0.8s|     1 |     0 |  2530 |     - |    71M |   0 | 420 | 185 | 243 |  70 | 30 |   0 |   0 | 7.854903e+03 |      --      |    Inf | unknown
  0.8s|     1 |     0 |  2536 |     - |    71M |   0 | 420 | 185 | 247 |  74 | 31 |   0 |   0 | 7.854889e+03 |      --      |    Inf | unknown
  0.8s|     1 |     0 |  2539 |     - |    71M |   0 | 420 | 185 | 249 |  76 | 32 |   0 |   0 | 7.854880e+03 |      --      |    Inf | unknown
d 0.8s|     1 |     0 |  2539 |     - |pscost2d|   0 | 420 | 185 | 249 |   0 | 32 |   0 |   0 | 7.854880e+03 | 3.011991e+03 | 160.79%| unknown
d 0.9s|     1 |     0 |  2627 |     - |pscost2d|   0 | 420 | 185 | 249 |   0 | 32 |   0 |   0 | 7.854880e+03 | 3.364468e+03 | 133.47%| unknown
d 1.0s|     1 |     0 |  2670 |     - |pscost2d|   0 | 420 | 185 | 249 |   0 | 32 |   0 |   0 | 7.854880e+03 | 3.501617e+03 | 124.32%| unknown
d 1.1s|     1 |     0 |  2724 |     - |pscost2d|   0 | 420 | 185 | 249 |   0 | 32 |   0 |   0 | 7.854880e+03 | 4.083639e+03 |  92.35%| unknown
d 1.2s|     1 |     0 |  2780 |     - |pscost2d|   0 | 420 | 185 | 249 |   0 | 32 |   0 |   0 | 7.854880e+03 | 4.647090e+03 |  69.03%| unknown
d 1.2s|     1 |     0 |  2822 |     - |pscost2d|   0 | 420 | 185 | 249 |   0 | 32 |   0 |   0 | 7.854880e+03 | 5.123466e+03 |  53.31%| unknown
d 1.3s|     1 |     0 |  2833 |     - |pscost2d|   0 | 420 | 185 | 249 |   0 | 32 |   0 |   0 | 7.854880e+03 | 7.285570e+03 |   7.81%| unknown
d 1.3s|     1 |     0 |  2847 |     - |pscost2d|   0 | 420 | 185 | 249 |   0 | 32 |   0 |   0 | 7.854880e+03 | 7.669326e+03 |   2.42%| unknown
  1.3s|     1 |     0 |  2847 |     - |    71M |   0 | 420 | 185 | 249 |  76 | 32 |   0 |   0 | 7.854880e+03 | 7.669326e+03 |   2.42%| unknown
  1.3s|     1 |     0 |  2847 |     - |    71M |   0 | 420 | 185 | 248 |  76 | 32 |   0 |   0 | 7.854880e+03 | 7.669326e+03 |   2.42%| unknown
  1.5s|     1 |     2 |  2847 |     - |    71M |   0 | 420 | 184 | 248 |  76 | 33 |   0 |  20 | 7.836180e+03 | 7.669326e+03 |   2.18%| unknown
(run 1, node 1) restarting after 26 global fixings of integer variables

(restart) converted 64 cuts from the global cut pool into linear constraints

presolving:
(round 1, fast)       26 del vars, 0 del conss, 0 add conss, 0 chg bounds, 0 chg sides, 0 chg coeffs, 0 upgd conss, 0 impls, 235 clqs
   (1.5s) running MILP presolver
   (1.5s) MILP presolver found nothing
(round 2, exhaustive) 26 del vars, 3 del conss, 0 add conss, 0 chg bounds, 0 chg sides, 0 chg coeffs, 0 upgd conss, 0 impls, 235 clqs
(round 3, exhaustive) 26 del vars, 3 del conss, 0 add conss, 0 chg bounds, 0 chg sides, 0 chg coeffs, 55 upgd conss, 0 impls, 235 clqs
(round 4, exhaustive) 26 del vars, 3 del conss, 0 add conss, 0 chg bounds, 0 chg sides, 4 chg coeffs, 55 upgd conss, 0 impls, 235 clqs
(round 5, exhaustive) 26 del vars, 3 del conss, 0 add conss, 0 chg bounds, 0 chg sides, 6 chg coeffs, 55 upgd conss, 0 impls, 237 clqs
(round 6, exhaustive) 26 del vars, 3 del conss, 0 add conss, 0 chg bounds, 0 chg sides, 7 chg coeffs, 55 upgd conss, 0 impls, 241 clqs
(round 7, exhaustive) 26 del vars, 3 del conss, 0 add conss, 0 chg bounds, 0 chg sides, 8 chg coeffs, 55 upgd conss, 0 impls, 241 clqs
(round 8, exhaustive) 26 del vars, 3 del conss, 0 add conss, 0 chg bounds, 0 chg sides, 9 chg coeffs, 55 upgd conss, 0 impls, 241 clqs
(round 9, exhaustive) 26 del vars, 3 del conss, 0 add conss, 0 chg bounds, 0 chg sides, 10 chg coeffs, 55 upgd conss, 0 impls, 241 clqs
(round 10, exhaustive) 26 del vars, 3 del conss, 0 add conss, 0 chg bounds, 0 chg sides, 11 chg coeffs, 55 upgd conss, 0 impls, 241 clqs
(round 11, exhaustive) 26 del vars, 3 del conss, 0 add conss, 0 chg bounds, 0 chg sides, 12 chg coeffs, 55 upgd conss, 0 impls, 241 clqs
(round 12, exhaustive) 26 del vars, 3 del conss, 0 add conss, 0 chg bounds, 0 chg sides, 13 chg coeffs, 55 upgd conss, 0 impls, 241 clqs
(round 13, exhaustive) 26 del vars, 5 del conss, 0 add conss, 0 chg bounds, 0 chg sides, 13 chg coeffs, 55 upgd conss, 0 impls, 241 clqs
presolving (14 rounds: 14 fast, 13 medium, 13 exhaustive):
 26 deleted vars, 5 deleted constraints, 0 added constraints, 0 tightened bounds, 0 added holes, 0 changed sides, 13 changed coefficients
 0 implications, 241 cliques
presolved problem has 394 variables (394 bin, 0 int, 0 impl, 0 cont) and 243 constraints
     11 constraints of type <knapsack>
    223 constraints of type <setppc>
      9 constraints of type <linear>
Presolving Time: 0.03
transformed 28/28 original solutions to the transformed problem space

 time | node  | left  |LP iter|LP it/n|mem/heur|mdpt |vars |cons |rows |cuts |sepa|confs|strbr|  dualbound   | primalbound  |  gap   | compl. 
  1.6s|     1 |     0 |  4804 |     - |    64M |   0 | 394 | 243 | 243 |   0 |  0 |   0 |  20 | 7.836180e+03 | 7.669326e+03 |   2.18%| unknown
  1.6s|     1 |     0 |  4839 |     - |    64M |   0 | 394 | 243 | 244 |   1 |  1 |   0 |  20 | 7.836180e+03 | 7.669326e+03 |   2.18%| unknown
  1.6s|     1 |     0 |  4839 |     - |    64M |   0 | 394 | 243 | 244 |   1 |  1 |   0 |  20 | 7.836180e+03 | 7.669326e+03 |   2.18%| unknown
  1.7s|     1 |     0 |  4903 |     - |    65M |   0 | 394 | 243 | 245 |   2 |  2 |   0 |  20 | 7.836180e+03 | 7.669326e+03 |   2.18%| unknown
  1.8s|     1 |     0 |  5003 |     - |    68M |   0 | 394 | 243 | 246 |   3 |  3 |   0 |  20 | 7.836180e+03 | 7.669326e+03 |   2.18%| unknown
  1.8s|     1 |     0 |  5076 |     - |    68M |   0 | 394 | 243 | 247 |   4 |  4 |   0 |  20 | 7.836180e+03 | 7.669326e+03 |   2.18%| unknown
  1.8s|     1 |     0 |  5076 |     - |    68M |   0 | 394 | 243 | 247 |   4 |  4 |   0 |  20 | 7.836180e+03 | 7.669326e+03 |   2.18%| unknown
  1.9s|     1 |     0 |  5116 |     - |    69M |   0 | 394 | 243 | 249 |   6 |  5 |   0 |  20 | 7.836180e+03 | 7.669326e+03 |   2.18%| unknown
  1.9s|     1 |     0 |  5161 |     - |    71M |   0 | 394 | 243 | 250 |   7 |  6 |   0 |  20 | 7.836180e+03 | 7.669326e+03 |   2.18%| unknown
  2.0s|     1 |     0 |  5183 |     - |    73M |   0 | 394 | 243 | 251 |   8 |  7 |   0 |  20 | 7.836180e+03 | 7.669326e+03 |   2.18%| unknown
  2.1s|     1 |     0 |  5213 |     - |    76M |   0 | 394 | 243 | 252 |   9 |  8 |   0 |  20 | 7.836180e+03 | 7.669326e+03 |   2.18%| unknown
  2.1s|     1 |     0 |  5264 |     - |    78M |   0 | 394 | 243 | 253 |  10 |  9 |   0 |  20 | 7.836180e+03 | 7.669326e+03 |   2.18%| unknown
  2.2s|     1 |     0 |  5311 |     - |    80M |   0 | 394 | 243 | 254 |  11 | 10 |   0 |  20 | 7.836180e+03 | 7.669326e+03 |   2.18%| unknown
  2.2s|     1 |     0 |  5355 |     - |    80M |   0 | 394 | 243 | 255 |  12 | 11 |   0 |  20 | 7.836180e+03 | 7.669326e+03 |   2.18%| unknown
  2.3s|     1 |     0 |  5410 |     - |    80M |   0 | 394 | 243 | 258 |  15 | 12 |   0 |  20 | 7.836180e+03 | 7.669326e+03 |   2.18%| unknown
 time | node  | left  |LP iter|LP it/n|mem/heur|mdpt |vars |cons |rows |cuts |sepa|confs|strbr|  dualbound   | primalbound  |  gap   | compl. 
  2.3s|     1 |     0 |  5439 |     - |    80M |   0 | 394 | 243 | 241 |  16 | 13 |   0 |  20 | 7.836180e+03 | 7.669326e+03 |   2.18%| unknown
  2.3s|     1 |     0 |  5457 |     - |    80M |   0 | 394 | 243 | 242 |  17 | 14 |   0 |  20 | 7.836180e+03 | 7.669326e+03 |   2.18%| unknown
  2.3s|     1 |     0 |  5466 |     - |    81M |   0 | 394 | 243 | 243 |  18 | 15 |   0 |  20 | 7.836180e+03 | 7.669326e+03 |   2.18%| unknown
  2.3s|     1 |     0 |  5479 |     - |    81M |   0 | 394 | 243 | 244 |  19 | 16 |   0 |  20 | 7.836180e+03 | 7.669326e+03 |   2.18%| unknown
  2.4s|     1 |     0 |  5508 |     - |    81M |   0 | 394 | 243 | 245 |  20 | 17 |   0 |  20 | 7.836180e+03 | 7.669326e+03 |   2.18%| unknown
  2.4s|     1 |     0 |  5536 |     - |    81M |   0 | 394 | 243 | 246 |  21 | 18 |   0 |  20 | 7.836180e+03 | 7.669326e+03 |   2.18%| unknown
  2.4s|     1 |     0 |  5540 |     - |    81M |   0 | 394 | 243 | 237 |  22 | 19 |   0 |  20 | 7.836180e+03 | 7.669326e+03 |   2.18%| unknown
  3.0s|     1 |     2 |  5834 |     - |    81M |   0 | 394 | 243 | 237 |  22 | 19 |   0 |  39 | 7.832604e+03 | 7.669326e+03 |   2.13%| unknown
* 3.5s|     7 |     4 |  6260 | 146.9 |strongbr|   5 | 394 | 267 | 217 |  22 |  2 |  24 | 178 | 7.807462e+03 | 7.684242e+03 |   1.60%|   7.08%
* 4.2s|    15 |     1 |  7594 | 157.5 |strongbr|   5 | 394 | 321 | 217 |  22 |  3 |  79 | 415 | 7.794030e+03 | 7.756829e+03 |   0.48%|  38.31%

SCIP Status        : problem is solved [optimal solution found]
Solving Time (sec) : 4.30
Solving Nodes      : 18 (total of 19 nodes in 2 runs)
Primal Bound       : +7.75682941373706e+03 (231 solutions)
Dual Bound         : +7.75682941373706e+03
Gap                : 0.00 %
