presolving:
(round 1, fast)       1 del vars, 1 del conss, 0 add conss, 0 chg bounds, 0 chg sides, 0 chg coeffs, 0 upgd conss, 0 impls, 188 clqs
   (0.0s) running MILP presolver
   (0.0s) MILP presolver (2 rounds): 0 aggregations, 18 fixings, 0 bound changes
(round 2, medium)     19 del vars, 1 del conss, 0 add conss, 0 chg bounds, 0 chg sides, 0 chg coeffs, 0 upgd conss, 0 impls, 188 clqs
(round 3, exhaustive) 19 del vars, 4 del conss, 0 add conss, 0 chg bounds, 3 chg sides, 0 chg coeffs, 0 upgd conss, 0 impls, 188 clqs
(round 4, exhaustive) 19 del vars, 4 del conss, 0 add conss, 0 chg bounds, 3 chg sides, 0 chg coeffs, 185 upgd conss, 0 impls, 188 clqs
(round 5, medium)     57 del vars, 4 del conss, 0 add conss, 0 chg bounds, 3 chg sides, 38 chg coeffs, 185 upgd conss, 0 impls, 188 clqs
(round 6, fast)       78 del vars, 4 del conss, 0 add conss, 0 chg bounds, 3 chg sides, 38 chg coeffs, 185 upgd conss, 0 impls, 187 clqs
(round 7, exhaustive) 78 del vars, 12 del conss, 0 add conss, 0 chg bounds, 3 chg sides, 38 chg coeffs, 185 upgd conss, 0 impls, 187 clqs
   (0.0s) probing: 51/422 (12.1%) - 0 fixings, 0 aggregations, 0 implications, 0 bound changes
   (0.0s) probing aborted: 50/50 successive totally useless probings
   (0.0s) symmetry computation started: requiring (bin +, int +, cont +), (fixed: bin -, int -, cont -)
   (0.0s) no symmetry present (symcode time: 0.00)
presolving (8 rounds: 8 fast, 6 medium, 4 exhaustive):
 78 deleted vars, 12 deleted constraints, 0 added constraints, 0 tightened bounds, 0 added holes, 3 changed sides, 38 changed coefficients
 0 implications, 187 cliques
presolved problem has 422 variables (422 bin, 0 int, 0 impl, 0 cont) and 177 constraints
    177 constraints of type <setppc>
Presolving Time: 0.01

 time | node  | left  |LP iter|LP it/n|mem/heur|mdpt |vars |cons |rows |cuts |sepa|confs|strbr|  dualbound   | primalbound  |  gap   | compl. 
  0.0s|     1 |     0 |  1052 |     - |  5239k |   0 | 422 | 177 | 177 |   0 |  0 |   0 |   0 | 7.417118e+03 |      --      |    Inf | unknown
  0.1s|     1 |     0 |  1066 |     - |  7087k |   0 | 422 | 177 | 180 |   3 |  1 |   0 |   0 | 7.413437e+03 |      --      |    Inf | unknown
  0.1s|     1 |     0 |  1086 |     - |    10M |   0 | 422 | 177 | 183 |   6 |  2 |   0 |   0 | 7.403373e+03 |      --      |    Inf | unknown
  0.2s|     1 |     0 |  1112 |     - |    14M |   0 | 422 | 177 | 185 |   8 |  3 |   0 |   0 | 7.395691e+03 |      --      |    Inf | unknown
  0.2s|     1 |     0 |  1137 |     - |    19M |   0 | 422 | 177 | 188 |  11 |  4 |   0 |   0 | 7.391418e+03 |      --      |    Inf | unknown
  0.2s|     1 |     0 |  1154 |     - |    23M |   0 | 422 | 177 | 189 |  12 |  5 |   0 |   0 | 7.386794e+03 |      --      |    Inf | unknown
  0.3s|     1 |     0 |  1182 |     - |    27M |   0 | 422 | 177 | 191 |  14 |  6 |   0 |   0 | 7.384702e+03 |      --      |    Inf | unknown
  0.3s|     1 |     0 |  1206 |     - |    29M |   0 | 422 | 177 | 192 |  15 |  7 |   0 |   0 | 7.382348e+03 |      --      |    Inf | unknown
  0.3s|     1 |     0 |  1230 |     - |    32M |   0 | 422 | 177 | 196 |  19 |  8 |   0 |   0 | 7.380709e+03 |      --      |    Inf | unknown
  0.4s|     1 |     0 |  1283 |     - |    34M |   0 | 422 | 177 | 198 |  21 |  9 |   0 |   0 | 7.378693e+03 |      --      |    Inf | unknown
  0.4s|     1 |     0 |  1302 |     - |    38M |   0 | 422 | 177 | 199 |  22 | 10 |   0 |   0 | 7.377464e+03 |      --      |    Inf | unknown
  0.4s|     1 |     0 |  1308 |     - |    38M |   0 | 422 | 177 | 200 |  23 | 11 |   0 |   0 | 7.377422e+03 |      --      |    Inf | unknown
  0.4s|     1 |     0 |  1314 |     - |    38M |   0 | 422 | 177 | 201 |  24 | 12 |   0 |   0 | 7.377279e+03 |      --      |    Inf | unknown
  0.4s|     1 |     0 |  1328 |     - |    38M |   0 | 422 | 177 | 203 |  26 | 13 |   0 |   0 | 7.377107e+03 |      --      |    Inf | unknown
  0.4s|     1 |     0 |  1335 |     - |    38M |   0 | 422 | 177 | 205 |  28 | 14 |   0 |   0 | 7.377016e+03 |      --      |    Inf | unknown
 time | node  | left  |LP iter|LP it/n|mem/heur|mdpt |vars |cons |rows |cuts |sepa|confs|strbr|  dualbound   | primalbound  |  gap   | compl. 
  0.4s|     1 |     0 |  1352 |     - |    38M |   0 | 422 | 177 | 208 |  31 | 15 |   0 |   0 | 7.376460e+03 |      --      |    Inf | unknown
  0.4s|     1 |     0 |  1369 |     - |    38M |   0 | 422 | 177 | 209 |  32 | 16 |   0 |   0 | 7.376146e+03 |      --      |    Inf | unknown
  0.5s|     1 |     0 |  1399 |     - |    38M |   0 | 422 | 177 | 210 |  34 | 17 |   0 |   0 | 7.375932e+03 |      --      |    Inf | unknown
  0.5s|     1 |     0 |  1434 |     - |    38M |   0 | 422 | 177 | 212 |  36 | 18 |   0 |   0 | 7.375417e+03 |      --      |    Inf | unknown
  0.5s|     1 |     0 |  1449 |     - |    38M |   0 | 422 | 177 | 214 |  38 | 19 |   0 |   0 | 7.375202e+03 |      --      |    Inf | unknown
  0.5s|     1 |     0 |  1461 |     - |    38M |   0 | 422 | 177 | 216 |  40 | 20 |   0 |   0 | 7.374922e+03 |      --      |    Inf | unknown
  0.5s|     1 |     0 |  1477 |     - |    38M |   0 | 422 | 177 | 218 |  42 | 21 |   0 |   0 | 7.374837e+03 |      --      |    Inf | unknown
  0.5s|     1 |     0 |  1479 |     - |    38M |   0 | 422 | 177 | 219 |  43 | 22 |   0 |   0 | 7.374830e+03 |      --      |    Inf | unknown
  0.5s|     1 |     0 |  1484 |     - |    38M |   0 | 422 | 177 | 213 |  44 | 23 |   0 |   0 | 7.374794e+03 |      --      |    Inf | unknown
  0.6s|     1 |     0 |  1488 |     - |    38M |   0 | 422 | 177 | 214 |  45 | 24 |   0 |   0 | 7.374779e+03 |      --      |    Inf | unknown
  0.6s|     1 |     0 |  1490 |     - |    38M |   0 | 422 | 177 | 215 |  46 | 25 |   0 |   0 | 7.374777e+03 |      --      |    Inf | unknown
  0.6s|     1 |     0 |  1493 |     - |    38M |   0 | 422 | 177 | 216 |  47 | 26 |   0 |   0 | 7.374757e+03 |      --      |    Inf | unknown
  0.6s|     1 |     0 |  1496 |     - |    38M |   0 | 422 | 177 | 217 |  48 | 27 |   0 |   0 | 7.374756e+03 |      --      |    Inf | unknown
  0.6s|     1 |     0 |  1501 |     - |    38M |   0 | 422 | 177 | 218 |  49 | 28 |   0 |   0 | 7.374718e+03 |      --      |    Inf | unknown
d 0.6s|     1 |     0 |  1501 |     - |pscost2d|   0 | 422 | 177 | 218 |   0 | 28 |   0 |   0 | 7.374718e+03 | 2.796329e+03 | 163.73%| unknown
 time | node  | left  |LP iter|LP it/n|mem/heur|mdpt |vars |cons |rows |cuts |sepa|confs|strbr|  dualbound   | primalbound  |  gap   | compl. 
d 0.7s|     1 |     0 |  1514 |     - |pscost2d|   0 | 422 | 177 | 218 |   0 | 28 |   0 |   0 | 7.374718e+03 | 3.078742e+03 | 139.54%| unknown
d 0.8s|     1 |     0 |  1537 |     - |pscost2d|   0 | 422 | 177 | 218 |   0 | 28 |   0 |   0 | 7.374718e+03 | 3.512266e+03 | 109.97%| unknown
d 0.8s|     1 |     0 |  1567 |     - |pscost2d|   0 | 422 | 177 | 218 |   0 | 28 |   0 |   0 | 7.374718e+03 | 3.922358e+03 |  88.02%| unknown
d 0.9s|     1 |     0 |  1576 |     - |pscost2d|   0 | 422 | 177 | 218 |   0 | 28 |   0 |   0 | 7.374718e+03 | 4.478815e+03 |  64.66%| unknown
d 0.9s|     1 |     0 |  1597 |     - |pscost2d|   0 | 422 | 177 | 218 |   0 | 28 |   0 |   0 | 7.374718e+03 | 5.316662e+03 |  38.71%| unknown
d 0.9s|     1 |     0 |  1607 |     - |pscost2d|   0 | 422 | 177 | 218 |   0 | 28 |   0 |   0 | 7.374718e+03 | 7.083006e+03 |   4.12%| unknown
d 0.9s|     1 |     0 |  1609 |     - |pscost2d|   0 | 422 | 177 | 218 |   0 | 28 |   0 |   0 | 7.374718e+03 | 7.268016e+03 |   1.47%| unknown
  0.9s|     1 |     0 |  1609 |     - |    38M |   0 | 422 | 177 | 218 |  49 | 28 |   0 |   0 | 7.374718e+03 | 7.268016e+03 |   1.47%| unknown
  0.9s|     1 |     0 |  1609 |     - |    38M |   0 | 422 | 177 | 212 |  49 | 28 |   0 |   0 | 7.374718e+03 | 7.268016e+03 |   1.47%| unknown
  1.0s|     1 |     0 |  1610 |     - |    38M |   0 | 422 | 171 | 213 |  50 | 29 |   0 |   0 | 7.374718e+03 | 7.268016e+03 |   1.47%| unknown
  1.0s|     1 |     0 |  1611 |     - |    38M |   0 | 422 | 171 | 214 |  51 | 30 |   0 |   0 | 7.374718e+03 | 7.268016e+03 |   1.47%| unknown
(run 1, node 1) restarting after 120 global fixings of integer variables

(restart) converted 43 cuts from the global cut pool into linear constraints

presolving:
(round 1, fast)       120 del vars, 0 del conss, 0 add conss, 0 chg bounds, 0 chg sides, 0 chg coeffs, 0 upgd conss, 0 impls, 193 clqs
   (1.0s) running MILP presolver
   (1.0s) MILP presolver found nothing
(round 2, exhaustive) 120 del vars, 11 del conss, 0 add conss, 0 chg bounds, 0 chg sides, 0 chg coeffs, 0 upgd conss, 0 impls, 193 clqs
(round 3, exhaustive) 120 del vars, 11 del conss, 0 add conss, 0 chg bounds, 0 chg sides, 0 chg coeffs, 24 upgd conss, 0 impls, 193 clqs
(round 4, exhaustive) 120 del vars, 11 del conss, 0 add conss, 0 chg bounds, 0 chg sides, 3 chg coeffs, 24 upgd conss, 0 impls, 193 clqs
(round 5, exhaustive) 120 del vars, 12 del conss, 0 add conss, 0 chg bounds, 0 chg sides, 3 chg coeffs, 24 upgd conss, 0 impls, 193 clqs
presolving (6 rounds: 6 fast, 5 medium, 5 exhaustive):
 120 deleted vars, 12 deleted constraints, 0 added constraints, 0 tightened bounds, 0 added holes, 0 changed sides, 3 changed coefficients
 0 implications, 193 cliques
presolved problem has 302 variables (302 bin, 0 int, 0 impl, 0 cont) and 202 constraints
     11 constraints of type <knapsack>
    172 constraints of type <setppc>
     19 constraints of type <linear>
Presolving Time: 0.02
transformed 8/8 original solutions to the transformed problem space

 time | node  | left  |LP iter|LP it/n|mem/heur|mdpt |vars |cons |rows |cuts |sepa|confs|strbr|  dualbound   | primalbound  |  gap   | compl. 
  1.0s|     1 |     0 |  3450 |     - |    38M |   0 | 302 | 202 | 202 |   0 |  0 |   0 |   0 | 7.374718e+03 | 7.268016e+03 |   1.47%| unknown
  1.0s|     1 |     0 |  3450 |     - |    38M |   0 | 302 | 202 | 202 |   0 |  0 |   0 |   0 | 7.374718e+03 | 7.268016e+03 |   1.47%| unknown
  1.1s|     1 |     0 |  3466 |     - |    39M |   0 | 302 | 202 | 203 |   1 |  1 |   0 |   0 | 7.374421e+03 | 7.268016e+03 |   1.46%| unknown
  1.1s|     1 |     0 |  3476 |     - |    41M |   0 | 302 | 202 | 205 |   3 |  2 |   0 |   0 | 7.374326e+03 | 7.268016e+03 |   1.46%| unknown
  1.1s|     1 |     0 |  3481 |     - |    43M |   0 | 302 | 202 | 206 |   4 |  3 |   0 |   0 | 7.374289e+03 | 7.268016e+03 |   1.46%| unknown
  1.2s|     1 |     0 |  3495 |     - |    43M |   0 | 302 | 202 | 207 |   5 |  4 |   0 |   0 | 7.373913e+03 | 7.268016e+03 |   1.46%| unknown
  1.2s|     1 |     0 |  3510 |     - |    43M |   0 | 302 | 202 | 209 |   7 |  5 |   0 |   0 | 7.373795e+03 | 7.268016e+03 |   1.46%| unknown
  1.3s|     1 |     0 |  3538 |     - |    44M |   0 | 302 | 202 | 211 |   9 |  6 |   0 |   0 | 7.373490e+03 | 7.268016e+03 |   1.45%| unknown
  1.3s|     1 |     0 |  3552 |     - |    44M |   0 | 302 | 202 | 213 |  11 |  7 |   0 |   0 | 7.373384e+03 | 7.268016e+03 |   1.45%| unknown
  1.3s|     1 |     0 |  3579 |     - |    46M |   0 | 302 | 202 | 216 |  14 |  8 |   0 |   0 | 7.373282e+03 | 7.268016e+03 |   1.45%| unknown
  1.3s|     1 |     0 |  3579 |     - |    46M |   0 | 302 | 202 | 216 |  14 |  8 |   0 |   0 | 7.373282e+03 | 7.268016e+03 |   1.45%| unknown
  1.4s|     1 |     0 |  3607 |     - |    53M |   0 | 302 | 202 | 217 |  15 |  9 |   0 |   0 | 7.373116e+03 | 7.268016e+03 |   1.45%| unknown
  1.4s|     1 |     0 |  3638 |     - |    55M |   0 | 302 | 202 | 219 |  17 | 10 |   0 |   0 | 7.372680e+03 | 7.268016e+03 |   1.44%| unknown
  1.4s|     1 |     0 |  3662 |     - |    55M |   0 | 302 | 202 | 220 |  18 | 11 |   0 |   0 | 7.372420e+03 | 7.268016e+03 |   1.44%| unknown
d 1.7s|     1 |     0 |  3766 |     - |pscost2d|   0 | 302 | 202 | 220 |   0 | 11 |   0 |   0 | 7.372420e+03 | 7.312843e+03 |   0.81%| unknown
 time | node  | left  |LP iter|LP it/n|mem/heur|mdpt |vars |cons |rows |cuts |sepa|confs|strbr|  dualbound   | primalbound  |  gap   | compl. 
  1.7s|     1 |     0 |  3766 |     - |    55M |   0 | 302 | 202 | 220 |  18 | 11 |   0 |   0 | 7.372420e+03 | 7.312843e+03 |   0.81%| unknown
  1.7s|     1 |     0 |  3766 |     - |    55M |   0 | 302 | 202 | 216 |  18 | 11 |   0 |   0 | 7.372420e+03 | 7.312843e+03 |   0.81%| unknown
  1.7s|     1 |     0 |  3808 |     - |    55M |   0 | 302 | 198 | 217 |  19 | 12 |   0 |   0 | 7.372021e+03 | 7.312843e+03 |   0.81%| unknown
  1.7s|     1 |     0 |  3808 |     - |    55M |   0 | 302 | 198 | 216 |  19 | 12 |   0 |   0 | 7.372021e+03 | 7.312843e+03 |   0.81%| unknown
  1.7s|     1 |     0 |  3831 |     - |    55M |   0 | 302 | 198 | 217 |  20 | 13 |   0 |   0 | 7.371805e+03 | 7.312843e+03 |   0.81%| unknown
(run 2, node 1) restarting after 70 global fixings of integer variables

(restart) converted 20 cuts from the global cut pool into linear constraints

presolving:
(round 1, fast)       70 del vars, 0 del conss, 0 add conss, 0 chg bounds, 0 chg sides, 0 chg coeffs, 0 upgd conss, 0 impls, 185 clqs
   (1.7s) running MILP presolver
   (1.7s) MILP presolver found nothing
(round 2, exhaustive) 70 del vars, 0 del conss, 0 add conss, 0 chg bounds, 0 chg sides, 2 chg coeffs, 0 upgd conss, 0 impls, 185 clqs
(round 3, exhaustive) 70 del vars, 11 del conss, 0 add conss, 0 chg bounds, 0 chg sides, 2 chg coeffs, 0 upgd conss, 0 impls, 185 clqs
(round 4, exhaustive) 70 del vars, 11 del conss, 0 add conss, 0 chg bounds, 0 chg sides, 2 chg coeffs, 15 upgd conss, 0 impls, 185 clqs
(round 5, exhaustive) 70 del vars, 11 del conss, 0 add conss, 0 chg bounds, 0 chg sides, 3 chg coeffs, 15 upgd conss, 0 impls, 185 clqs
(round 6, exhaustive) 70 del vars, 11 del conss, 0 add conss, 0 chg bounds, 0 chg sides, 4 chg coeffs, 15 upgd conss, 0 impls, 185 clqs
presolving (7 rounds: 7 fast, 6 medium, 6 exhaustive):
 70 deleted vars, 11 deleted constraints, 0 added constraints, 0 tightened bounds, 0 added holes, 0 changed sides, 4 changed coefficients
 0 implications, 185 cliques
presolved problem has 232 variables (232 bin, 0 int, 0 impl, 0 cont) and 206 constraints
     21 constraints of type <knapsack>
    161 constraints of type <setppc>
     24 constraints of type <linear>
Presolving Time: 0.03
transformed 13/13 original solutions to the transformed problem space

 time | node  | left  |LP iter|LP it/n|mem/heur|mdpt |vars |cons |rows |cuts |sepa|confs|strbr|  dualbound   | primalbound  |  gap   | compl. 
  1.8s|     1 |     0 |  4906 |     - |    53M |   0 | 232 | 206 | 206 |   0 |  0 |   0 |   0 | 7.371805e+03 | 7.312843e+03 |   0.81%| unknown
  1.8s|     1 |     0 |  4937 |     - |    53M |   0 | 232 | 206 | 207 |   1 |  1 |   0 |   0 | 7.371338e+03 | 7.312843e+03 |   0.80%| unknown
  1.8s|     1 |     0 |  4982 |     - |    53M |   0 | 232 | 206 | 209 |   3 |  2 |   0 |   0 | 7.371035e+03 | 7.312843e+03 |   0.80%| unknown
  1.8s|     1 |     0 |  4982 |     - |    53M |   0 | 232 | 206 | 209 |   3 |  2 |   0 |   0 | 7.371035e+03 | 7.312843e+03 |   0.80%| unknown
  1.9s|     1 |     0 |  5002 |     - |    53M |   0 | 232 | 206 | 211 |   5 |  3 |   0 |   0 | 7.370832e+03 | 7.312843e+03 |   0.79%| unknown
  1.9s|     1 |     0 |  5041 |     - |    53M |   0 | 232 | 206 | 212 |   6 |  4 |   0 |   0 | 7.370475e+03 | 7.312843e+03 |   0.79%| unknown
  1.9s|     1 |     0 |  5062 |     - |    54M |   0 | 232 | 206 | 214 |   8 |  5 |   0 |   0 | 7.370448e+03 | 7.312843e+03 |   0.79%| unknown
  2.0s|     1 |     0 |  5098 |     - |    54M |   0 | 232 | 206 | 215 |   9 |  6 |   0 |   0 | 7.370285e+03 | 7.312843e+03 |   0.79%| unknown
  2.0s|     1 |     0 |  5114 |     - |    54M |   0 | 232 | 206 | 217 |  11 |  7 |   0 |   0 | 7.370224e+03 | 7.312843e+03 |   0.78%| unknown
  2.1s|     1 |     0 |  5131 |     - |    54M |   0 | 232 | 206 | 219 |  13 |  8 |   0 |   0 | 7.370184e+03 | 7.312843e+03 |   0.78%| unknown
  2.1s|     1 |     0 |  5165 |     - |    61M |   0 | 232 | 206 | 220 |  14 |  9 |   0 |   0 | 7.369983e+03 | 7.312843e+03 |   0.78%| unknown
  2.1s|     1 |     0 |  5178 |     - |    61M |   0 | 232 | 206 | 221 |  15 | 10 |   0 |   0 | 7.369833e+03 | 7.312843e+03 |   0.78%| unknown
  2.1s|     1 |     0 |  5191 |     - |    61M |   0 | 232 | 206 | 222 |  16 | 11 |   0 |   0 | 7.369707e+03 | 7.312843e+03 |   0.78%| unknown
* 2.5s|     1 |     0 |  5295 |     - |strongbr|   0 | 232 | 206 | 222 |  16 | 11 |   0 |  30 | 7.369707e+03 | 7.337686e+03 |   0.44%| unknown
  2.6s|     1 |     0 |  5362 |     - |    61M |   0 | 232 | 207 | 222 |  16 | 11 |   8 |  47 | 7.363990e+03 | 7.337686e+03 |   0.36%| unknown
 time | node  | left  |LP iter|LP it/n|mem/heur|mdpt |vars |cons |rows |cuts |sepa|confs|strbr|  dualbound   | primalbound  |  gap   | compl. 
  2.6s|     1 |     0 |  5362 |     - |    61M |   0 | 232 | 207 | 212 |  16 | 11 |   8 |  47 | 7.363990e+03 | 7.337686e+03 |   0.36%| unknown
  2.7s|     1 |     0 |  5408 |     - |    61M |   0 | 232 | 198 | 216 |  20 | 12 |   8 |  47 | 7.363990e+03 | 7.337686e+03 |   0.36%| unknown
  2.7s|     1 |     0 |  5408 |     - |    61M |   0 | 232 | 198 | 214 |  20 | 12 |   8 |  47 | 7.363990e+03 | 7.337686e+03 |   0.36%| unknown
  2.7s|     1 |     0 |  5421 |     - |    61M |   0 | 232 | 198 | 215 |  21 | 13 |   8 |  47 | 7.363990e+03 | 7.337686e+03 |   0.36%| unknown
(run 3, node 1) restarting after 63 global fixings of integer variables

(restart) converted 21 cuts from the global cut pool into linear constraints

presolving:
(round 1, fast)       64 del vars, 1 del conss, 0 add conss, 0 chg bounds, 0 chg sides, 6 chg coeffs, 0 upgd conss, 0 impls, 173 clqs
   (2.7s) running MILP presolver
   (2.7s) MILP presolver found nothing
(round 2, medium)     66 del vars, 1 del conss, 0 add conss, 0 chg bounds, 0 chg sides, 8 chg coeffs, 0 upgd conss, 0 impls, 173 clqs
(round 3, exhaustive) 66 del vars, 1 del conss, 0 add conss, 0 chg bounds, 0 chg sides, 10 chg coeffs, 0 upgd conss, 0 impls, 173 clqs
(round 4, exhaustive) 66 del vars, 18 del conss, 0 add conss, 0 chg bounds, 0 chg sides, 10 chg coeffs, 0 upgd conss, 0 impls, 173 clqs
(round 5, exhaustive) 66 del vars, 18 del conss, 0 add conss, 0 chg bounds, 0 chg sides, 10 chg coeffs, 16 upgd conss, 0 impls, 173 clqs
(round 6, exhaustive) 66 del vars, 19 del conss, 0 add conss, 0 chg bounds, 0 chg sides, 10 chg coeffs, 16 upgd conss, 0 impls, 173 clqs
presolving (7 rounds: 7 fast, 6 medium, 5 exhaustive):
 66 deleted vars, 19 deleted constraints, 0 added constraints, 0 tightened bounds, 0 added holes, 0 changed sides, 10 changed coefficients
 0 implications, 173 cliques
presolved problem has 166 variables (166 bin, 0 int, 0 impl, 0 cont) and 198 constraints
     29 constraints of type <knapsack>
    138 constraints of type <setppc>
     29 constraints of type <linear>
      2 constraints of type <logicor>
Presolving Time: 0.04
transformed 59/62 original solutions to the transformed problem space

 time | node  | left  |LP iter|LP it/n|mem/heur|mdpt |vars |cons |rows |cuts |sepa|confs|strbr|  dualbound   | primalbound  |  gap   | compl. 
  2.7s|     1 |     0 |  6257 |     - |    59M |   0 | 166 | 198 | 196 |   0 |  0 |   8 |  47 | 7.363990e+03 | 7.337686e+03 |   0.36%| unknown
  2.7s|     1 |     0 |  6257 |     - |    59M |   0 | 166 | 198 | 196 |   0 |  0 |   8 |  47 | 7.363990e+03 | 7.337686e+03 |   0.36%| unknown
  2.7s|     1 |     0 |  6291 |     - |    59M |   0 | 166 | 198 | 198 |   2 |  1 |   8 |  47 | 7.363990e+03 | 7.337686e+03 |   0.36%| unknown
  2.7s|     1 |     0 |  6291 |     - |    59M |   0 | 166 | 198 | 196 |   2 |  1 |   8 |  47 | 7.363990e+03 | 7.337686e+03 |   0.36%| unknown
  2.8s|     1 |     0 |  6314 |     - |    59M |   0 | 166 | 196 | 197 |   3 |  2 |   8 |  47 | 7.363535e+03 | 7.337686e+03 |   0.35%| unknown
  2.8s|     1 |     0 |  6314 |     - |    59M |   0 | 166 | 196 | 197 |   3 |  2 |   8 |  47 | 7.363535e+03 | 7.337686e+03 |   0.35%| unknown
  2.8s|     1 |     0 |  6368 |     - |    60M |   0 | 166 | 196 | 198 |   4 |  3 |   8 |  47 | 7.360605e+03 | 7.337686e+03 |   0.31%| unknown
  2.8s|     1 |     0 |  6368 |     - |    60M |   0 | 166 | 196 | 198 |   4 |  3 |   8 |  47 | 7.360605e+03 | 7.337686e+03 |   0.31%| unknown
  2.8s|     1 |     0 |  6399 |     - |    60M |   0 | 166 | 196 | 199 |   5 |  4 |   8 |  47 | 7.359118e+03 | 7.337686e+03 |   0.29%| unknown
  2.8s|     1 |     0 |  6399 |     - |    60M |   0 | 166 | 196 | 199 |   5 |  4 |   8 |  47 | 7.359118e+03 | 7.337686e+03 |   0.29%| unknown
  2.9s|     1 |     0 |  6416 |     - |    60M |   0 | 166 | 196 | 201 |   7 |  5 |   8 |  47 | 7.358800e+03 | 7.337686e+03 |   0.29%| unknown
  2.9s|     1 |     0 |  6422 |     - |    60M |   0 | 166 | 196 | 202 |   8 |  6 |   8 |  47 | 7.358624e+03 | 7.337686e+03 |   0.29%| unknown
  2.9s|     1 |     0 |  6450 |     - |    62M |   0 | 166 | 196 | 203 |   9 |  7 |   8 |  47 | 7.357940e+03 | 7.337686e+03 |   0.28%| unknown
  2.9s|     1 |     0 |  6450 |     - |    62M |   0 | 166 | 196 | 203 |   9 |  7 |   8 |  47 | 7.357940e+03 | 7.337686e+03 |   0.28%| unknown
  3.0s|     1 |     0 |  6478 |     - |    66M |   0 | 166 | 196 | 204 |  10 |  8 |   8 |  47 | 7.357448e+03 | 7.337686e+03 |   0.27%| unknown
 time | node  | left  |LP iter|LP it/n|mem/heur|mdpt |vars |cons |rows |cuts |sepa|confs|strbr|  dualbound   | primalbound  |  gap   | compl. 
  3.0s|     1 |     0 |  6508 |     - |    67M |   0 | 166 | 196 | 205 |  11 |  9 |   8 |  47 | 7.356758e+03 | 7.337686e+03 |   0.26%| unknown
  3.0s|     1 |     0 |  6519 |     - |    74M |   0 | 166 | 196 | 207 |  13 | 10 |   8 |  47 | 7.356622e+03 | 7.337686e+03 |   0.26%| unknown
  3.1s|     1 |     0 |  6529 |     - |    74M |   0 | 166 | 196 | 208 |  14 | 11 |   8 |  47 | 7.356511e+03 | 7.337686e+03 |   0.26%| unknown
  3.1s|     1 |     0 |  6529 |     - |    74M |   0 | 166 | 196 | 208 |  14 | 11 |   8 |  47 | 7.356511e+03 | 7.337686e+03 |   0.26%| unknown
  3.1s|     1 |     0 |  6536 |     - |    74M |   0 | 166 | 196 | 159 |  15 | 12 |   8 |  47 | 7.356384e+03 | 7.337686e+03 |   0.25%| unknown
  3.1s|     1 |     0 |  6560 |     - |    74M |   0 | 166 | 196 | 160 |  16 | 13 |   8 |  47 | 7.356124e+03 | 7.337686e+03 |   0.25%| unknown
  3.1s|     1 |     0 |  6560 |     - |    74M |   0 | 166 | 196 | 160 |  16 | 13 |   8 |  47 | 7.356124e+03 | 7.337686e+03 |   0.25%| unknown
  3.1s|     1 |     0 |  6576 |     - |    74M |   0 | 166 | 196 | 162 |  18 | 14 |   8 |  47 | 7.356031e+03 | 7.337686e+03 |   0.25%| unknown
  3.1s|     1 |     0 |  6594 |     - |    74M |   0 | 166 | 196 | 163 |  19 | 15 |   8 |  47 | 7.355843e+03 | 7.337686e+03 |   0.25%| unknown
  3.1s|     1 |     0 |  6594 |     - |    74M |   0 | 166 | 196 | 163 |  19 | 15 |   8 |  47 | 7.355843e+03 | 7.337686e+03 |   0.25%| unknown
  3.1s|     1 |     0 |  6598 |     - |    74M |   0 | 166 | 196 | 164 |  20 | 16 |   8 |  47 | 7.355813e+03 | 7.337686e+03 |   0.25%| unknown
  3.1s|     1 |     0 |  6606 |     - |    74M |   0 | 166 | 196 | 165 |  21 | 17 |   8 |  47 | 7.355706e+03 | 7.337686e+03 |   0.25%| unknown
  3.1s|     1 |     0 |  6615 |     - |    74M |   0 | 166 | 196 | 156 |  22 | 18 |   8 |  47 | 7.355671e+03 | 7.337686e+03 |   0.25%| unknown
  3.1s|     1 |     0 |  6620 |     - |    74M |   0 | 166 | 196 | 157 |  23 | 19 |   8 |  47 | 7.355641e+03 | 7.337686e+03 |   0.24%| unknown
(run 4, node 1) restarting after 18 global fixings of integer variables

(restart) converted 21 cuts from the global cut pool into linear constraints

presolving:
(round 1, fast)       18 del vars, 0 del conss, 0 add conss, 0 chg bounds, 0 chg sides, 3 chg coeffs, 0 upgd conss, 0 impls, 167 clqs
(round 2, exhaustive) 18 del vars, 0 del conss, 0 add conss, 0 chg bounds, 0 chg sides, 5 chg coeffs, 0 upgd conss, 0 impls, 167 clqs
(round 3, exhaustive) 18 del vars, 3 del conss, 0 add conss, 0 chg bounds, 0 chg sides, 5 chg coeffs, 0 upgd conss, 0 impls, 167 clqs
(round 4, exhaustive) 18 del vars, 3 del conss, 0 add conss, 0 chg bounds, 0 chg sides, 5 chg coeffs, 20 upgd conss, 0 impls, 167 clqs
(round 5, exhaustive) 18 del vars, 5 del conss, 0 add conss, 0 chg bounds, 0 chg sides, 5 chg coeffs, 20 upgd conss, 0 impls, 167 clqs
presolving (6 rounds: 6 fast, 5 medium, 5 exhaustive):
 18 deleted vars, 5 deleted constraints, 0 added constraints, 0 tightened bounds, 0 added holes, 0 changed sides, 5 changed coefficients
 0 implications, 167 cliques
presolved problem has 148 variables (148 bin, 0 int, 0 impl, 0 cont) and 217 constraints
     47 constraints of type <knapsack>
    133 constraints of type <setppc>
     30 constraints of type <linear>
      7 constraints of type <logicor>
Presolving Time: 0.06
transformed 57/100 original solutions to the transformed problem space

 time | node  | left  |LP iter|LP it/n|mem/heur|mdpt |vars |cons |rows |cuts |sepa|confs|strbr|  dualbound   | primalbound  |  gap   | compl. 
  3.3s|     1 |     0 |  7303 |     - |    73M |   0 | 148 | 217 | 210 |   0 |  0 |  13 |  47 | 7.355638e+03 | 7.337686e+03 |   0.24%| unknown
  3.3s|     1 |     0 |  7303 |     - |    73M |   0 | 148 | 217 | 210 |   0 |  0 |  13 |  47 | 7.355638e+03 | 7.337686e+03 |   0.24%| unknown
  3.3s|     1 |     0 |  7333 |     - |    73M |   0 | 148 | 217 | 211 |   1 |  1 |  13 |  47 | 7.355222e+03 | 7.337686e+03 |   0.24%| unknown
  3.4s|     1 |     0 |  7349 |     - |    73M |   0 | 148 | 217 | 213 |   3 |  2 |  13 |  47 | 7.355134e+03 | 7.337686e+03 |   0.24%| unknown
  3.4s|     1 |     0 |  7366 |     - |    73M |   0 | 148 | 217 | 214 |   4 |  3 |  13 |  47 | 7.355052e+03 | 7.337686e+03 |   0.24%| unknown
  3.4s|     1 |     0 |  7379 |     - |    73M |   0 | 148 | 217 | 215 |   5 |  4 |  13 |  47 | 7.355011e+03 | 7.337686e+03 |   0.24%| unknown
  3.5s|     1 |     0 |  7408 |     - |    73M |   0 | 148 | 217 | 216 |   6 |  5 |  13 |  47 | 7.354818e+03 | 7.337686e+03 |   0.23%| unknown
  3.5s|     1 |     0 |  7415 |     - |    73M |   0 | 148 | 217 | 217 |   7 |  6 |  13 |  47 | 7.354798e+03 | 7.337686e+03 |   0.23%| unknown
  3.5s|     1 |     0 |  7430 |     - |    73M |   0 | 148 | 217 | 219 |   9 |  7 |  13 |  47 | 7.354771e+03 | 7.337686e+03 |   0.23%| unknown
  3.6s|     1 |     0 |  7457 |     - |    74M |   0 | 148 | 217 | 220 |  10 |  8 |  13 |  47 | 7.354722e+03 | 7.337686e+03 |   0.23%| unknown
  3.6s|     1 |     0 |  7488 |     - |    74M |   0 | 148 | 217 | 221 |  11 |  9 |  13 |  47 | 7.354651e+03 | 7.337686e+03 |   0.23%| unknown
  3.6s|     1 |     0 |  7506 |     - |    74M |   0 | 148 | 217 | 222 |  12 | 10 |  13 |  47 | 7.354552e+03 | 7.337686e+03 |   0.23%| unknown
  3.6s|     1 |     0 |  7519 |     - |    74M |   0 | 148 | 217 | 224 |  14 | 11 |  13 |  47 | 7.354531e+03 | 7.337686e+03 |   0.23%| unknown
d 3.8s|     1 |     0 |  7577 |     - |pscost2d|   0 | 148 | 217 | 224 |   0 | 11 |  13 |  47 | 7.354531e+03 | 7.352019e+03 |   0.03%| unknown
  3.8s|     1 |     0 |  7577 |     - |    74M |   0 | 148 | 217 | 224 |  14 | 11 |  13 |  47 | 7.354531e+03 | 7.352019e+03 |   0.03%| unknown
 time | node  | left  |LP iter|LP it/n|mem/heur|mdpt |vars |cons |rows |cuts |sepa|confs|strbr|  dualbound   | primalbound  |  gap   | compl. 
  3.8s|     1 |     0 |  7577 |     - |    74M |   0 | 148 | 217 | 217 |  14 | 11 |  13 |  47 | 7.354531e+03 | 7.352019e+03 |   0.03%| unknown
  3.8s|     1 |     0 |  7587 |     - |    74M |   0 | 148 | 210 | 217 |  15 | 12 |  13 |  47 | 7.354506e+03 | 7.352019e+03 |   0.03%| unknown
  3.8s|     1 |     0 |  7606 |     - |    74M |   0 | 148 | 210 | 218 |  16 | 13 |  13 |  47 | 7.354449e+03 | 7.352019e+03 |   0.03%| unknown
  3.8s|     1 |     0 |  7606 |     - |    74M |   0 | 148 | 210 | 218 |  16 | 13 |  13 |  47 | 7.354449e+03 | 7.352019e+03 |   0.03%| unknown
(run 5, node 1) restarting after 36 global fixings of integer variables

(restart) converted 16 cuts from the global cut pool into linear constraints

presolving:
(round 1, fast)       36 del vars, 1 del conss, 0 add conss, 0 chg bounds, 0 chg sides, 12 chg coeffs, 0 upgd conss, 0 impls, 143 clqs
   (3.8s) running MILP presolver
   (3.8s) MILP presolver found nothing
(round 2, medium)     37 del vars, 1 del conss, 0 add conss, 0 chg bounds, 0 chg sides, 13 chg coeffs, 0 upgd conss, 0 impls, 143 clqs
(round 3, exhaustive) 37 del vars, 10 del conss, 0 add conss, 0 chg bounds, 0 chg sides, 13 chg coeffs, 0 upgd conss, 0 impls, 143 clqs
(round 4, exhaustive) 37 del vars, 10 del conss, 0 add conss, 0 chg bounds, 0 chg sides, 13 chg coeffs, 9 upgd conss, 0 impls, 143 clqs
(round 5, exhaustive) 37 del vars, 12 del conss, 0 add conss, 0 chg bounds, 0 chg sides, 13 chg coeffs, 9 upgd conss, 0 impls, 143 clqs
presolving (6 rounds: 6 fast, 5 medium, 4 exhaustive):
 37 deleted vars, 12 deleted constraints, 0 added constraints, 0 tightened bounds, 0 added holes, 0 changed sides, 13 changed coefficients
 0 implications, 143 cliques
presolved problem has 111 variables (111 bin, 0 int, 0 impl, 0 cont) and 210 constraints
     54 constraints of type <knapsack>
    112 constraints of type <setppc>
     37 constraints of type <linear>
      7 constraints of type <logicor>
Presolving Time: 0.07
transformed 43/100 original solutions to the transformed problem space

 time | node  | left  |LP iter|LP it/n|mem/heur|mdpt |vars |cons |rows |cuts |sepa|confs|strbr|  dualbound   | primalbound  |  gap   | compl. 
  3.9s|     1 |     0 |  8077 |     - |    74M |   0 | 111 | 210 | 203 |   0 |  0 |  13 |  47 | 7.354449e+03 | 7.352019e+03 |   0.03%| unknown
  3.9s|     1 |     0 |  8077 |     - |    74M |   0 | 111 | 210 | 203 |   0 |  0 |  13 |  47 | 7.354449e+03 | 7.352019e+03 |   0.03%| unknown
  3.9s|     1 |     0 |  8096 |     - |    74M |   0 | 111 | 210 | 205 |   2 |  1 |  13 |  47 | 7.354358e+03 | 7.352019e+03 |   0.03%| unknown
  3.9s|     1 |     0 |  8096 |     - |    74M |   0 | 111 | 210 | 205 |   2 |  1 |  13 |  47 | 7.354358e+03 | 7.352019e+03 |   0.03%| unknown
  3.9s|     1 |     0 |  8107 |     - |    74M |   0 | 111 | 210 | 206 |   3 |  2 |  13 |  47 | 7.354336e+03 | 7.352019e+03 |   0.03%| unknown
  3.9s|     1 |     0 |  8127 |     - |    75M |   0 | 111 | 210 | 208 |   5 |  3 |  13 |  47 | 7.354258e+03 | 7.352019e+03 |   0.03%| unknown
  4.0s|     1 |     0 |  8139 |     - |    76M |   0 | 111 | 210 | 209 |   6 |  4 |  13 |  47 | 7.354214e+03 | 7.352019e+03 |   0.03%| unknown
  4.0s|     1 |     0 |  8139 |     - |    76M |   0 | 111 | 210 | 209 |   6 |  4 |  13 |  47 | 7.354214e+03 | 7.352019e+03 |   0.03%| unknown
  4.0s|     1 |     0 |  8167 |     - |    76M |   0 | 111 | 210 | 210 |   7 |  5 |  13 |  47 | 7.354108e+03 | 7.352019e+03 |   0.03%| unknown
  4.0s|     1 |     0 |  8195 |     - |    76M |   0 | 111 | 210 | 211 |   8 |  6 |  13 |  47 | 7.354077e+03 | 7.352019e+03 |   0.03%| unknown
  4.0s|     1 |     0 |  8211 |     - |    76M |   0 | 111 | 210 | 212 |   9 |  7 |  13 |  47 | 7.354054e+03 | 7.352019e+03 |   0.03%| unknown
  4.1s|     1 |     0 |  8216 |     - |    77M |   0 | 111 | 210 | 213 |  10 |  8 |  13 |  47 | 7.354046e+03 | 7.352019e+03 |   0.03%| unknown
  4.1s|     1 |     0 |  8253 |     - |    77M |   0 | 111 | 210 | 214 |  11 |  9 |  13 |  47 | 7.353846e+03 | 7.352019e+03 |   0.02%| unknown
  4.1s|     1 |     0 |  8253 |     - |    77M |   0 | 111 | 210 | 213 |  11 |  9 |  13 |  47 | 7.353846e+03 | 7.352019e+03 |   0.02%| unknown
  4.1s|     1 |     0 |  8276 |     - |    77M |   0 | 111 | 209 | 215 |  13 | 10 |  13 |  47 | 7.353716e+03 | 7.352019e+03 |   0.02%| unknown
 time | node  | left  |LP iter|LP it/n|mem/heur|mdpt |vars |cons |rows |cuts |sepa|confs|strbr|  dualbound   | primalbound  |  gap   | compl. 
  4.1s|     1 |     0 |  8290 |     - |    77M |   0 | 111 | 209 | 217 |  15 | 11 |  13 |  47 | 7.353698e+03 | 7.352019e+03 |   0.02%| unknown
  4.3s|     1 |     0 |  8393 |     - |    77M |   0 | 111 | 211 | 217 |  15 | 11 |  16 |  52 | 7.352019e+03 | 7.352019e+03 |   0.00%| unknown

SCIP Status        : problem is solved [optimal solution found]
Solving Time (sec) : 4.26
Solving Nodes      : 1 (total of 6 nodes in 6 runs)
Primal Bound       : +7.35201887788280e+03 (160 solutions)
Dual Bound         : +7.35201887788280e+03
Gap                : 0.00 %
