presolving:
(round 1, fast)       0 del vars, 1 del conss, 0 add conss, 0 chg bounds, 0 chg sides, 0 chg coeffs, 0 upgd conss, 0 impls, 194 clqs
   (0.0s) running MILP presolver
   (0.0s) MILP presolver (2 rounds): 0 aggregations, 18 fixings, 0 bound changes
(round 2, medium)     18 del vars, 1 del conss, 0 add conss, 0 chg bounds, 0 chg sides, 0 chg coeffs, 0 upgd conss, 0 impls, 193 clqs
(round 3, fast)       18 del vars, 2 del conss, 0 add conss, 0 chg bounds, 0 chg sides, 0 chg coeffs, 0 upgd conss, 0 impls, 193 clqs
(round 4, exhaustive) 18 del vars, 3 del conss, 0 add conss, 0 chg bounds, 1 chg sides, 0 chg coeffs, 0 upgd conss, 0 impls, 193 clqs
(round 5, exhaustive) 18 del vars, 3 del conss, 0 add conss, 0 chg bounds, 1 chg sides, 0 chg coeffs, 192 upgd conss, 0 impls, 193 clqs
(round 6, medium)     60 del vars, 3 del conss, 0 add conss, 0 chg bounds, 1 chg sides, 42 chg coeffs, 192 upgd conss, 0 impls, 193 clqs
(round 7, fast)       79 del vars, 4 del conss, 0 add conss, 0 chg bounds, 1 chg sides, 42 chg coeffs, 192 upgd conss, 0 impls, 191 clqs
(round 8, exhaustive) 79 del vars, 7 del conss, 0 add conss, 0 chg bounds, 1 chg sides, 42 chg coeffs, 192 upgd conss, 0 impls, 191 clqs
   (0.0s) probing: 51/421 (12.1%) - 0 fixings, 0 aggregations, 0 implications, 0 bound changes
   (0.0s) probing aborted: 50/50 successive totally useless probings
   (0.0s) symmetry computation started: requiring (bin +, int +, cont +), (fixed: bin -, int -, cont -)
   (0.0s) no symmetry present (symcode time: 0.00)
presolving (9 rounds: 9 fast, 6 medium, 4 exhaustive):
 79 deleted vars, 7 deleted constraints, 0 added constraints, 0 tightened bounds, 0 added holes, 1 changed sides, 42 changed coefficients
 0 implications, 191 cliques
presolved problem has 421 variables (421 bin, 0 int, 0 impl, 0 cont) and 188 constraints
    188 constraints of type <setppc>
Presolving Time: 0.01

 time | node  | left  |LP iter|LP it/n|mem/heur|mdpt |vars |cons |rows |cuts |sepa|confs|strbr|  dualbound   | primalbound  |  gap   | compl. 
  0.1s|     1 |     0 |  1969 |     - |  5145k |   0 | 421 | 188 | 188 |   0 |  0 |   0 |   0 | 7.987180e+03 |      --      |    Inf | unknown
  0.1s|     1 |     0 |  1991 |     - |    10M |   0 | 421 | 188 | 190 |   2 |  1 |   0 |   0 | 7.978377e+03 |      --      |    Inf | unknown
  0.2s|     1 |     0 |  2034 |     - |    18M |   0 | 421 | 188 | 191 |   3 |  2 |   0 |   0 | 7.970689e+03 |      --      |    Inf | unknown
  0.2s|     1 |     0 |  2056 |     - |    24M |   0 | 421 | 188 | 193 |   5 |  3 |   0 |   0 | 7.968967e+03 |      --      |    Inf | unknown
  0.2s|     1 |     0 |  2086 |     - |    29M |   0 | 421 | 188 | 195 |   7 |  4 |   0 |   0 | 7.966500e+03 |      --      |    Inf | unknown
  0.3s|     1 |     0 |  2106 |     - |    33M |   0 | 421 | 188 | 197 |   9 |  5 |   0 |   0 | 7.965662e+03 |      --      |    Inf | unknown
  0.3s|     1 |     0 |  2137 |     - |    38M |   0 | 421 | 188 | 199 |  11 |  6 |   0 |   0 | 7.964934e+03 |      --      |    Inf | unknown
  0.3s|     1 |     0 |  2160 |     - |    40M |   0 | 421 | 188 | 201 |  13 |  7 |   0 |   0 | 7.964584e+03 |      --      |    Inf | unknown
  0.4s|     1 |     0 |  2190 |     - |    44M |   0 | 421 | 188 | 203 |  15 |  8 |   0 |   0 | 7.964116e+03 |      --      |    Inf | unknown
  0.4s|     1 |     0 |  2216 |     - |    49M |   0 | 421 | 188 | 204 |  16 |  9 |   0 |   0 | 7.963852e+03 |      --      |    Inf | unknown
  0.5s|     1 |     0 |  2235 |     - |    53M |   0 | 421 | 188 | 205 |  17 | 10 |   0 |   0 | 7.963523e+03 |      --      |    Inf | unknown
  0.5s|     1 |     0 |  2251 |     - |    53M |   0 | 421 | 188 | 207 |  19 | 11 |   0 |   0 | 7.963234e+03 |      --      |    Inf | unknown
  0.5s|     1 |     0 |  2271 |     - |    54M |   0 | 421 | 188 | 209 |  21 | 12 |   0 |   0 | 7.962311e+03 |      --      |    Inf | unknown
  0.5s|     1 |     0 |  2312 |     - |    54M |   0 | 421 | 188 | 211 |  23 | 13 |   0 |   0 | 7.961572e+03 |      --      |    Inf | unknown
  0.5s|     1 |     0 |  2332 |     - |    54M |   0 | 421 | 188 | 212 |  24 | 14 |   0 |   0 | 7.961018e+03 |      --      |    Inf | unknown
 time | node  | left  |LP iter|LP it/n|mem/heur|mdpt |vars |cons |rows |cuts |sepa|confs|strbr|  dualbound   | primalbound  |  gap   | compl. 
  0.5s|     1 |     0 |  2356 |     - |    54M |   0 | 421 | 188 | 214 |  26 | 15 |   0 |   0 | 7.960553e+03 |      --      |    Inf | unknown
  0.5s|     1 |     0 |  2383 |     - |    54M |   0 | 421 | 188 | 215 |  27 | 16 |   0 |   0 | 7.960195e+03 |      --      |    Inf | unknown
  0.6s|     1 |     0 |  2402 |     - |    54M |   0 | 421 | 188 | 215 |  28 | 17 |   0 |   0 | 7.959857e+03 |      --      |    Inf | unknown
  0.6s|     1 |     0 |  2417 |     - |    54M |   0 | 421 | 188 | 217 |  30 | 18 |   0 |   0 | 7.959430e+03 |      --      |    Inf | unknown
  0.6s|     1 |     0 |  2442 |     - |    54M |   0 | 421 | 188 | 218 |  31 | 19 |   0 |   0 | 7.958976e+03 |      --      |    Inf | unknown
  0.6s|     1 |     0 |  2445 |     - |    54M |   0 | 421 | 188 | 219 |  32 | 20 |   0 |   0 | 7.958965e+03 |      --      |    Inf | unknown
  0.6s|     1 |     0 |  2449 |     - |    54M |   0 | 421 | 188 | 220 |  33 | 21 |   0 |   0 | 7.958951e+03 |      --      |    Inf | unknown
  0.6s|     1 |     0 |  2450 |     - |    54M |   0 | 421 | 188 | 221 |  34 | 22 |   0 |   0 | 7.958948e+03 |      --      |    Inf | unknown
  0.6s|     1 |     0 |  2454 |     - |    54M |   0 | 421 | 188 | 220 |  35 | 23 |   0 |   0 | 7.958945e+03 |      --      |    Inf | unknown
  0.7s|     1 |     0 |  2481 |     - |    54M |   0 | 421 | 188 | 223 |  38 | 24 |   0 |   0 | 7.958655e+03 |      --      |    Inf | unknown
d 0.7s|     1 |     0 |  2481 |     - |pscost2d|   0 | 421 | 188 | 223 |   0 | 24 |   0 |   0 | 7.958655e+03 | 3.446457e+03 | 130.92%| unknown
d 0.7s|     1 |     0 |  2496 |     - |pscost2d|   0 | 421 | 188 | 223 |   0 | 24 |   0 |   0 | 7.958655e+03 | 3.690071e+03 | 115.68%| unknown
d 0.8s|     1 |     0 |  2517 |     - |pscost2d|   0 | 421 | 188 | 223 |   0 | 24 |   0 |   0 | 7.958655e+03 | 4.360426e+03 |  82.52%| unknown
d 0.9s|     1 |     0 |  2533 |     - |pscost2d|   0 | 421 | 188 | 223 |   0 | 24 |   0 |   0 | 7.958655e+03 | 4.535536e+03 |  75.47%| unknown
d 0.9s|     1 |     0 |  2557 |     - |pscost2d|   0 | 421 | 188 | 223 |   0 | 24 |   0 |   0 | 7.958655e+03 | 5.352978e+03 |  48.68%| unknown
 time | node  | left  |LP iter|LP it/n|mem/heur|mdpt |vars |cons |rows |cuts |sepa|confs|strbr|  dualbound   | primalbound  |  gap   | compl. 
d 0.9s|     1 |     0 |  2579 |     - |pscost2d|   0 | 421 | 188 | 223 |   0 | 24 |   0 |   0 | 7.958655e+03 | 6.113219e+03 |  30.19%| unknown
d 1.0s|     1 |     0 |  2587 |     - |pscost2d|   0 | 421 | 188 | 223 |   0 | 24 |   0 |   0 | 7.958655e+03 | 7.928880e+03 |   0.38%| unknown
  1.0s|     1 |     0 |  2587 |     - |    54M |   0 | 421 | 188 | 223 |  38 | 24 |   0 |   0 | 7.958655e+03 | 7.928880e+03 |   0.38%| unknown
  1.0s|     1 |     0 |  2587 |     - |    54M |   0 | 421 | 188 | 166 |  38 | 24 |   0 |   0 | 7.958655e+03 | 7.928880e+03 |   0.38%| unknown
  1.0s|     1 |     0 |  2589 |     - |    54M |   0 | 421 | 131 | 166 |  39 | 25 |   0 |   0 | 7.958641e+03 | 7.928880e+03 |   0.38%| unknown
  1.0s|     1 |     0 |  2591 |     - |    54M |   0 | 421 | 131 | 167 |  40 | 26 |   0 |   0 | 7.958634e+03 | 7.928880e+03 |   0.38%| unknown
(run 1, node 1) restarting after 272 global fixings of integer variables

(restart) converted 37 cuts from the global cut pool into linear constraints

presolving:
(round 1, fast)       272 del vars, 1 del conss, 0 add conss, 0 chg bounds, 0 chg sides, 0 chg coeffs, 0 upgd conss, 0 impls, 140 clqs
   (1.0s) running MILP presolver
   (1.0s) MILP presolver found nothing
(round 2, exhaustive) 272 del vars, 18 del conss, 0 add conss, 0 chg bounds, 0 chg sides, 0 chg coeffs, 0 upgd conss, 0 impls, 140 clqs
(round 3, exhaustive) 272 del vars, 19 del conss, 0 add conss, 0 chg bounds, 1 chg sides, 0 chg coeffs, 0 upgd conss, 0 impls, 140 clqs
(round 4, exhaustive) 272 del vars, 19 del conss, 0 add conss, 0 chg bounds, 1 chg sides, 0 chg coeffs, 23 upgd conss, 0 impls, 140 clqs
(round 5, exhaustive) 272 del vars, 19 del conss, 0 add conss, 0 chg bounds, 1 chg sides, 1 chg coeffs, 23 upgd conss, 0 impls, 140 clqs
(round 6, exhaustive) 272 del vars, 19 del conss, 0 add conss, 0 chg bounds, 1 chg sides, 2 chg coeffs, 23 upgd conss, 0 impls, 140 clqs
(round 7, exhaustive) 272 del vars, 19 del conss, 0 add conss, 0 chg bounds, 1 chg sides, 3 chg coeffs, 23 upgd conss, 0 impls, 140 clqs
(round 8, exhaustive) 272 del vars, 19 del conss, 0 add conss, 0 chg bounds, 1 chg sides, 4 chg coeffs, 23 upgd conss, 0 impls, 140 clqs
(round 9, exhaustive) 272 del vars, 19 del conss, 0 add conss, 0 chg bounds, 1 chg sides, 5 chg coeffs, 23 upgd conss, 0 impls, 140 clqs
(round 10, exhaustive) 272 del vars, 19 del conss, 0 add conss, 0 chg bounds, 1 chg sides, 6 chg coeffs, 23 upgd conss, 0 impls, 140 clqs
(round 11, exhaustive) 272 del vars, 22 del conss, 0 add conss, 0 chg bounds, 1 chg sides, 6 chg coeffs, 23 upgd conss, 0 impls, 140 clqs
presolving (12 rounds: 12 fast, 11 medium, 11 exhaustive):
 272 deleted vars, 22 deleted constraints, 0 added constraints, 0 tightened bounds, 0 added holes, 1 changed sides, 6 changed coefficients
 0 implications, 140 cliques
presolved problem has 149 variables (149 bin, 0 int, 0 impl, 0 cont) and 144 constraints
     12 constraints of type <knapsack>
    119 constraints of type <setppc>
     13 constraints of type <linear>
Presolving Time: 0.02
transformed 7/7 original solutions to the transformed problem space

 time | node  | left  |LP iter|LP it/n|mem/heur|mdpt |vars |cons |rows |cuts |sepa|confs|strbr|  dualbound   | primalbound  |  gap   | compl. 
  1.0s|     1 |     0 |  3763 |     - |    49M |   0 | 149 | 144 | 144 |   0 |  0 |   0 |   0 | 7.958576e+03 | 7.928880e+03 |   0.37%| unknown
  1.0s|     1 |     0 |  3763 |     - |    49M |   0 | 149 | 144 | 144 |   0 |  0 |   0 |   0 | 7.958576e+03 | 7.928880e+03 |   0.37%| unknown
  1.1s|     1 |     0 |  3785 |     - |    49M |   0 | 149 | 144 | 145 |   1 |  1 |   0 |   0 | 7.958134e+03 | 7.928880e+03 |   0.37%| unknown
  1.1s|     1 |     0 |  3851 |     - |    49M |   0 | 149 | 144 | 146 |   2 |  2 |   0 |   0 | 7.956905e+03 | 7.928880e+03 |   0.35%| unknown
  1.1s|     1 |     0 |  3851 |     - |    49M |   0 | 149 | 144 | 146 |   2 |  2 |   0 |   0 | 7.956905e+03 | 7.928880e+03 |   0.35%| unknown
  1.1s|     1 |     0 |  3859 |     - |    50M |   0 | 149 | 144 | 147 |   3 |  3 |   0 |   0 | 7.956868e+03 | 7.928880e+03 |   0.35%| unknown
  1.1s|     1 |     0 |  3873 |     - |    50M |   0 | 149 | 144 | 149 |   5 |  4 |   0 |   0 | 7.956795e+03 | 7.928880e+03 |   0.35%| unknown
  1.1s|     1 |     0 |  3889 |     - |    50M |   0 | 149 | 144 | 150 |   6 |  5 |   0 |   0 | 7.956720e+03 | 7.928880e+03 |   0.35%| unknown
  1.2s|     1 |     0 |  3904 |     - |    52M |   0 | 149 | 144 | 152 |   8 |  6 |   0 |   0 | 7.956636e+03 | 7.928880e+03 |   0.35%| unknown
  1.2s|     1 |     0 |  3922 |     - |    52M |   0 | 149 | 144 | 153 |   9 |  7 |   0 |   0 | 7.956570e+03 | 7.928880e+03 |   0.35%| unknown
  1.2s|     1 |     0 |  3932 |     - |    52M |   0 | 149 | 144 | 154 |  10 |  8 |   0 |   0 | 7.956516e+03 | 7.928880e+03 |   0.35%| unknown
  1.2s|     1 |     0 |  3965 |     - |    52M |   0 | 149 | 144 | 155 |  11 |  9 |   0 |   0 | 7.956289e+03 | 7.928880e+03 |   0.35%| unknown
  1.2s|     1 |     0 |  3990 |     - |    52M |   0 | 149 | 144 | 156 |  12 | 10 |   0 |   0 | 7.956148e+03 | 7.928880e+03 |   0.34%| unknown
  1.2s|     1 |     0 |  4018 |     - |    52M |   0 | 149 | 144 | 161 |  17 | 11 |   0 |   0 | 7.956068e+03 | 7.928880e+03 |   0.34%| unknown
  1.3s|     1 |     0 |  4052 |     - |    52M |   0 | 149 | 144 | 162 |  18 | 12 |   0 |   0 | 7.955859e+03 | 7.928880e+03 |   0.34%| unknown
 time | node  | left  |LP iter|LP it/n|mem/heur|mdpt |vars |cons |rows |cuts |sepa|confs|strbr|  dualbound   | primalbound  |  gap   | compl. 
  1.3s|     1 |     0 |  4052 |     - |    52M |   0 | 149 | 144 | 162 |  18 | 12 |   0 |   0 | 7.955859e+03 | 7.928880e+03 |   0.34%| unknown
  1.5s|     1 |     0 |  4173 |     - |    52M |   0 | 149 | 144 | 162 |  18 | 12 |   2 |  15 | 7.952172e+03 | 7.928880e+03 |   0.29%| unknown
(run 2, node 1) restarting after 21 global fixings of integer variables

(restart) converted 18 cuts from the global cut pool into linear constraints

presolving:
(round 1, fast)       21 del vars, 10 del conss, 0 add conss, 0 chg bounds, 0 chg sides, 0 chg coeffs, 0 upgd conss, 0 impls, 130 clqs
(round 2, medium)     21 del vars, 11 del conss, 1 add conss, 0 chg bounds, 1 chg sides, 3 chg coeffs, 0 upgd conss, 0 impls, 130 clqs
(round 3, exhaustive) 21 del vars, 11 del conss, 1 add conss, 0 chg bounds, 1 chg sides, 7 chg coeffs, 0 upgd conss, 0 impls, 130 clqs
(round 4, exhaustive) 21 del vars, 11 del conss, 1 add conss, 0 chg bounds, 1 chg sides, 8 chg coeffs, 0 upgd conss, 0 impls, 130 clqs
(round 5, exhaustive) 21 del vars, 11 del conss, 1 add conss, 0 chg bounds, 1 chg sides, 9 chg coeffs, 0 upgd conss, 0 impls, 130 clqs
(round 6, exhaustive) 21 del vars, 11 del conss, 1 add conss, 0 chg bounds, 1 chg sides, 10 chg coeffs, 0 upgd conss, 0 impls, 130 clqs
(round 7, exhaustive) 21 del vars, 14 del conss, 1 add conss, 0 chg bounds, 1 chg sides, 10 chg coeffs, 0 upgd conss, 0 impls, 130 clqs
(round 8, exhaustive) 21 del vars, 14 del conss, 1 add conss, 0 chg bounds, 1 chg sides, 10 chg coeffs, 14 upgd conss, 0 impls, 130 clqs
(round 9, exhaustive) 21 del vars, 14 del conss, 1 add conss, 0 chg bounds, 1 chg sides, 15 chg coeffs, 14 upgd conss, 0 impls, 130 clqs
(round 10, exhaustive) 21 del vars, 17 del conss, 1 add conss, 0 chg bounds, 1 chg sides, 15 chg coeffs, 14 upgd conss, 0 impls, 130 clqs
presolving (11 rounds: 11 fast, 10 medium, 9 exhaustive):
 21 deleted vars, 17 deleted constraints, 1 added constraints, 0 tightened bounds, 0 added holes, 1 changed sides, 15 changed coefficients
 0 implications, 130 cliques
presolved problem has 128 variables (128 bin, 0 int, 0 impl, 0 cont) and 146 constraints
     20 constraints of type <knapsack>
    109 constraints of type <setppc>
     17 constraints of type <linear>
Presolving Time: 0.02
transformed 8/30 original solutions to the transformed problem space

 time | node  | left  |LP iter|LP it/n|mem/heur|mdpt |vars |cons |rows |cuts |sepa|confs|strbr|  dualbound   | primalbound  |  gap   | compl. 
  1.5s|     1 |     0 |  5134 |     - |    50M |   0 | 128 | 146 | 146 |   0 |  0 |   2 |  15 | 7.952172e+03 | 7.928880e+03 |   0.29%| unknown
  1.5s|     1 |     0 |  5134 |     - |    50M |   0 | 128 | 146 | 146 |   0 |  0 |   2 |  15 | 7.952172e+03 | 7.928880e+03 |   0.29%| unknown
  1.6s|     1 |     0 |  5165 |     - |    50M |   0 | 128 | 146 | 147 |   1 |  1 |   2 |  15 | 7.952172e+03 | 7.928880e+03 |   0.29%| unknown
  1.6s|     1 |     0 |  5165 |     - |    50M |   0 | 128 | 146 | 147 |   1 |  1 |   2 |  15 | 7.952172e+03 | 7.928880e+03 |   0.29%| unknown
  1.6s|     1 |     0 |  5184 |     - |    50M |   0 | 128 | 146 | 149 |   3 |  2 |   2 |  15 | 7.952172e+03 | 7.928880e+03 |   0.29%| unknown
  1.6s|     1 |     0 |  5206 |     - |    50M |   0 | 128 | 146 | 150 |   4 |  3 |   2 |  15 | 7.952172e+03 | 7.928880e+03 |   0.29%| unknown
  1.6s|     1 |     0 |  5206 |     - |    50M |   0 | 128 | 146 | 150 |   4 |  3 |   2 |  15 | 7.952172e+03 | 7.928880e+03 |   0.29%| unknown
  1.6s|     1 |     0 |  5228 |     - |    50M |   0 | 128 | 146 | 151 |   5 |  4 |   2 |  15 | 7.952172e+03 | 7.928880e+03 |   0.29%| unknown
  1.6s|     1 |     0 |  5242 |     - |    50M |   0 | 128 | 146 | 152 |   6 |  5 |   2 |  15 | 7.952172e+03 | 7.928880e+03 |   0.29%| unknown
  1.6s|     1 |     0 |  5259 |     - |    51M |   0 | 128 | 146 | 154 |   8 |  6 |   2 |  15 | 7.951932e+03 | 7.928880e+03 |   0.29%| unknown
  1.7s|     1 |     0 |  5289 |     - |    52M |   0 | 128 | 146 | 157 |  11 |  7 |   2 |  15 | 7.951365e+03 | 7.928880e+03 |   0.28%| unknown
  1.7s|     1 |     0 |  5299 |     - |    52M |   0 | 128 | 146 | 158 |  12 |  8 |   2 |  15 | 7.951226e+03 | 7.928880e+03 |   0.28%| unknown
  1.7s|     1 |     0 |  5328 |     - |    52M |   0 | 128 | 146 | 159 |  13 |  9 |   2 |  15 | 7.950898e+03 | 7.928880e+03 |   0.28%| unknown
  1.7s|     1 |     0 |  5354 |     - |    52M |   0 | 128 | 146 | 160 |  14 | 10 |   2 |  15 | 7.950698e+03 | 7.928880e+03 |   0.28%| unknown
  1.7s|     1 |     0 |  5373 |     - |    52M |   0 | 128 | 146 | 161 |  15 | 11 |   2 |  15 | 7.950478e+03 | 7.928880e+03 |   0.27%| unknown
 time | node  | left  |LP iter|LP it/n|mem/heur|mdpt |vars |cons |rows |cuts |sepa|confs|strbr|  dualbound   | primalbound  |  gap   | compl. 
  1.7s|     1 |     0 |  5388 |     - |    52M |   0 | 128 | 146 | 162 |  16 | 12 |   2 |  15 | 7.950159e+03 | 7.928880e+03 |   0.27%| unknown
  1.7s|     1 |     0 |  5399 |     - |    52M |   0 | 128 | 146 | 163 |  17 | 13 |   2 |  15 | 7.950053e+03 | 7.928880e+03 |   0.27%| unknown
  1.7s|     1 |     0 |  5412 |     - |    52M |   0 | 128 | 146 | 135 |  18 | 14 |   2 |  15 | 7.949894e+03 | 7.928880e+03 |   0.27%| unknown
  1.8s|     1 |     0 |  5415 |     - |    52M |   0 | 128 | 146 | 136 |  19 | 15 |   2 |  15 | 7.949867e+03 | 7.928880e+03 |   0.26%| unknown
  1.8s|     1 |     0 |  5427 |     - |    52M |   0 | 128 | 146 | 138 |  21 | 16 |   2 |  15 | 7.949543e+03 | 7.928880e+03 |   0.26%| unknown
  1.8s|     1 |     0 |  5440 |     - |    52M |   0 | 128 | 146 | 139 |  22 | 17 |   2 |  15 | 7.949206e+03 | 7.928880e+03 |   0.26%| unknown
d 2.0s|     1 |     0 |  5539 |     - |pscost2d|   0 | 128 | 146 | 139 |   0 | 17 |   2 |  15 | 7.949206e+03 | 7.933660e+03 |   0.20%| unknown
  2.0s|     1 |     0 |  5539 |     - |    52M |   0 | 128 | 146 | 139 |  22 | 17 |   2 |  15 | 7.949206e+03 | 7.933660e+03 |   0.20%| unknown
  2.0s|     1 |     0 |  5539 |     - |    52M |   0 | 128 | 146 | 138 |  22 | 17 |   2 |  15 | 7.949206e+03 | 7.933660e+03 |   0.20%| unknown
  2.0s|     1 |     0 |  5551 |     - |    52M |   0 | 128 | 145 | 139 |  23 | 18 |   2 |  15 | 7.949042e+03 | 7.933660e+03 |   0.19%| unknown
  2.0s|     1 |     0 |  5566 |     - |    52M |   0 | 128 | 145 | 140 |  24 | 19 |   2 |  15 | 7.948934e+03 | 7.933660e+03 |   0.19%| unknown
(run 3, node 1) restarting after 13 global fixings of integer variables

(restart) converted 24 cuts from the global cut pool into linear constraints

presolving:
(round 1, fast)       13 del vars, 0 del conss, 0 add conss, 0 chg bounds, 0 chg sides, 0 chg coeffs, 0 upgd conss, 0 impls, 129 clqs
   (2.0s) running MILP presolver
   (2.0s) MILP presolver found nothing
(round 2, exhaustive) 13 del vars, 0 del conss, 0 add conss, 0 chg bounds, 0 chg sides, 3 chg coeffs, 0 upgd conss, 0 impls, 129 clqs
(round 3, exhaustive) 13 del vars, 4 del conss, 0 add conss, 0 chg bounds, 0 chg sides, 3 chg coeffs, 0 upgd conss, 0 impls, 129 clqs
(round 4, exhaustive) 13 del vars, 4 del conss, 0 add conss, 0 chg bounds, 0 chg sides, 3 chg coeffs, 15 upgd conss, 0 impls, 129 clqs
(round 5, exhaustive) 13 del vars, 4 del conss, 0 add conss, 0 chg bounds, 0 chg sides, 4 chg coeffs, 15 upgd conss, 0 impls, 129 clqs
presolving (6 rounds: 6 fast, 5 medium, 5 exhaustive):
 13 deleted vars, 4 deleted constraints, 0 added constraints, 0 tightened bounds, 0 added holes, 0 changed sides, 4 changed coefficients
 0 implications, 129 cliques
presolved problem has 115 variables (115 bin, 0 int, 0 impl, 0 cont) and 165 constraints
     32 constraints of type <knapsack>
    107 constraints of type <setppc>
     26 constraints of type <linear>
Presolving Time: 0.03
transformed 12/34 original solutions to the transformed problem space

 time | node  | left  |LP iter|LP it/n|mem/heur|mdpt |vars |cons |rows |cuts |sepa|confs|strbr|  dualbound   | primalbound  |  gap   | compl. 
  2.0s|     1 |     0 |  6064 |     - |    53M |   0 | 115 | 165 | 165 |   0 |  0 |   2 |  15 | 7.948934e+03 | 7.933660e+03 |   0.19%| unknown
  2.0s|     1 |     0 |  6088 |     - |    53M |   0 | 115 | 165 | 166 |   1 |  1 |   2 |  15 | 7.948415e+03 | 7.933660e+03 |   0.19%| unknown
  2.0s|     1 |     0 |  6088 |     - |    53M |   0 | 115 | 165 | 166 |   1 |  1 |   2 |  15 | 7.948415e+03 | 7.933660e+03 |   0.19%| unknown
  2.0s|     1 |     0 |  6148 |     - |    53M |   0 | 115 | 165 | 167 |   2 |  2 |   2 |  15 | 7.947610e+03 | 7.933660e+03 |   0.18%| unknown
  2.1s|     1 |     0 |  6167 |     - |    53M |   0 | 115 | 165 | 169 |   4 |  3 |   2 |  15 | 7.947403e+03 | 7.933660e+03 |   0.17%| unknown
  2.1s|     1 |     0 |  6187 |     - |    53M |   0 | 115 | 165 | 170 |   5 |  4 |   2 |  15 | 7.946868e+03 | 7.933660e+03 |   0.17%| unknown
  2.1s|     1 |     0 |  6210 |     - |    55M |   0 | 115 | 165 | 171 |   6 |  5 |   2 |  15 | 7.946608e+03 | 7.933660e+03 |   0.16%| unknown
  2.1s|     1 |     0 |  6210 |     - |    55M |   0 | 115 | 165 | 170 |   6 |  5 |   2 |  15 | 7.946608e+03 | 7.933660e+03 |   0.16%| unknown
  2.1s|     1 |     0 |  6237 |     - |    55M |   0 | 115 | 164 | 171 |   7 |  6 |   2 |  15 | 7.946180e+03 | 7.933660e+03 |   0.16%| unknown
  2.1s|     1 |     0 |  6260 |     - |    55M |   0 | 115 | 164 | 172 |   8 |  7 |   2 |  15 | 7.946064e+03 | 7.933660e+03 |   0.16%| unknown
  2.1s|     1 |     0 |  6260 |     - |    55M |   0 | 115 | 164 | 172 |   8 |  7 |   2 |  15 | 7.946064e+03 | 7.933660e+03 |   0.16%| unknown
  2.2s|     1 |     0 |  6277 |     - |    55M |   0 | 115 | 164 | 173 |   9 |  8 |   2 |  15 | 7.945915e+03 | 7.933660e+03 |   0.15%| unknown
  2.2s|     1 |     0 |  6304 |     - |    56M |   0 | 115 | 164 | 175 |  11 |  9 |   2 |  15 | 7.945844e+03 | 7.933660e+03 |   0.15%| unknown
  2.2s|     1 |     0 |  6316 |     - |    59M |   0 | 115 | 164 | 176 |  12 | 10 |   2 |  15 | 7.945829e+03 | 7.933660e+03 |   0.15%| unknown
  2.2s|     1 |     0 |  6323 |     - |    59M |   0 | 115 | 164 | 177 |  13 | 11 |   2 |  15 | 7.945808e+03 | 7.933660e+03 |   0.15%| unknown
 time | node  | left  |LP iter|LP it/n|mem/heur|mdpt |vars |cons |rows |cuts |sepa|confs|strbr|  dualbound   | primalbound  |  gap   | compl. 
  2.2s|     1 |     0 |  6351 |     - |    59M |   0 | 115 | 164 | 178 |  14 | 12 |   2 |  15 | 7.945701e+03 | 7.933660e+03 |   0.15%| unknown
  2.2s|     1 |     0 |  6367 |     - |    59M |   0 | 115 | 164 | 179 |  15 | 13 |   2 |  15 | 7.945672e+03 | 7.933660e+03 |   0.15%| unknown
  2.3s|     1 |     0 |  6381 |     - |    59M |   0 | 115 | 164 | 136 |  16 | 14 |   2 |  15 | 7.945660e+03 | 7.933660e+03 |   0.15%| unknown
  2.4s|     1 |     0 |  6643 |     - |    59M |   0 | 115 | 167 | 136 |  16 | 14 |   7 |  16 | 7.942059e+03 | 7.933660e+03 |   0.11%| unknown
(run 4, node 1) restarting after 20 global fixings of integer variables

(restart) converted 16 cuts from the global cut pool into linear constraints

presolving:
(round 1, fast)       20 del vars, 16 del conss, 0 add conss, 0 chg bounds, 0 chg sides, 11 chg coeffs, 0 upgd conss, 0 impls, 106 clqs
   (2.4s) running MILP presolver
   (2.4s) MILP presolver found nothing
(round 2, exhaustive) 20 del vars, 20 del conss, 0 add conss, 0 chg bounds, 0 chg sides, 11 chg coeffs, 0 upgd conss, 0 impls, 106 clqs
(round 3, exhaustive) 20 del vars, 20 del conss, 0 add conss, 0 chg bounds, 0 chg sides, 11 chg coeffs, 9 upgd conss, 0 impls, 106 clqs
(round 4, exhaustive) 20 del vars, 20 del conss, 0 add conss, 0 chg bounds, 0 chg sides, 12 chg coeffs, 9 upgd conss, 0 impls, 106 clqs
(round 5, exhaustive) 20 del vars, 21 del conss, 0 add conss, 0 chg bounds, 0 chg sides, 12 chg coeffs, 9 upgd conss, 0 impls, 106 clqs
presolving (6 rounds: 6 fast, 5 medium, 5 exhaustive):
 20 deleted vars, 21 deleted constraints, 0 added constraints, 0 tightened bounds, 0 added holes, 0 changed sides, 12 changed coefficients
 0 implications, 106 cliques
presolved problem has 95 variables (95 bin, 0 int, 0 impl, 0 cont) and 162 constraints
     40 constraints of type <knapsack>
     87 constraints of type <setppc>
     33 constraints of type <linear>
      2 constraints of type <logicor>
Presolving Time: 0.04
transformed 9/36 original solutions to the transformed problem space

 time | node  | left  |LP iter|LP it/n|mem/heur|mdpt |vars |cons |rows |cuts |sepa|confs|strbr|  dualbound   | primalbound  |  gap   | compl. 
  2.4s|     1 |     0 |  6983 |     - |    58M |   0 |  95 | 162 | 160 |   0 |  0 |   7 |  16 | 7.941627e+03 | 7.933660e+03 |   0.10%| unknown
  2.4s|     1 |     0 |  6983 |     - |    58M |   0 |  95 | 162 | 160 |   0 |  0 |   7 |  16 | 7.941627e+03 | 7.933660e+03 |   0.10%| unknown
  2.4s|     1 |     0 |  7008 |     - |    58M |   0 |  95 | 162 | 161 |   2 |  1 |   7 |  16 | 7.939461e+03 | 7.933660e+03 |   0.07%| unknown
  2.4s|     1 |     0 |  7032 |     - |    59M |   0 |  95 | 161 | 163 |   4 |  2 |   7 |  16 | 7.938008e+03 | 7.933660e+03 |   0.05%| unknown
  2.4s|     1 |     0 |  7032 |     - |    59M |   0 |  95 | 161 | 161 |   4 |  2 |   7 |  16 | 7.938008e+03 | 7.933660e+03 |   0.05%| unknown
  2.5s|     1 |     0 |  7052 |     - |    59M |   0 |  95 | 159 | 164 |   7 |  3 |   7 |  16 | 7.937516e+03 | 7.933660e+03 |   0.05%| unknown
  2.5s|     1 |     0 |  7052 |     - |    59M |   0 |  95 | 159 | 164 |   7 |  3 |   7 |  16 | 7.937516e+03 | 7.933660e+03 |   0.05%| unknown
  2.5s|     1 |     0 |  7071 |     - |    59M |   0 |  95 | 159 | 165 |   8 |  4 |   7 |  16 | 7.936911e+03 | 7.933660e+03 |   0.04%| unknown
  2.5s|     1 |     0 |  7086 |     - |    60M |   0 |  95 | 159 | 166 |   9 |  5 |   7 |  16 | 7.936683e+03 | 7.933660e+03 |   0.04%| unknown
  2.5s|     1 |     0 |  7099 |     - |    60M |   0 |  95 | 159 | 167 |  10 |  6 |   7 |  16 | 7.936575e+03 | 7.933660e+03 |   0.04%| unknown
  2.5s|     1 |     0 |  7113 |     - |    60M |   0 |  95 | 159 | 168 |  11 |  7 |   7 |  16 | 7.936320e+03 | 7.933660e+03 |   0.03%| unknown
  2.5s|     1 |     0 |  7139 |     - |    60M |   0 |  95 | 159 | 169 |  12 |  8 |   7 |  16 | 7.935821e+03 | 7.933660e+03 |   0.03%| unknown
  2.5s|     1 |     0 |  7139 |     - |    60M |   0 |  95 | 159 | 169 |  12 |  8 |   7 |  16 | 7.935821e+03 | 7.933660e+03 |   0.03%| unknown
  2.6s|     1 |     0 |  7155 |     - |    61M |   0 |  95 | 159 | 170 |  13 |  9 |   7 |  16 | 7.935680e+03 | 7.933660e+03 |   0.03%| unknown
  2.6s|     1 |     0 |  7185 |     - |    62M |   0 |  95 | 159 | 119 |  14 | 10 |   7 |  16 | 7.935203e+03 | 7.933660e+03 |   0.02%| unknown
 time | node  | left  |LP iter|LP it/n|mem/heur|mdpt |vars |cons |rows |cuts |sepa|confs|strbr|  dualbound   | primalbound  |  gap   | compl. 
  2.6s|     1 |     0 |  7198 |     - |    62M |   0 |  95 | 159 | 120 |  15 | 11 |   7 |  16 | 7.934978e+03 | 7.933660e+03 |   0.02%| unknown
  2.6s|     1 |     0 |  7219 |     - |    62M |   0 |  95 | 159 | 121 |  16 | 12 |   7 |  16 | 7.934826e+03 | 7.933660e+03 |   0.01%| unknown
  2.6s|     1 |     0 |  7238 |     - |    62M |   0 |  95 | 159 | 122 |  17 | 13 |   7 |  16 | 7.934658e+03 | 7.933660e+03 |   0.01%| unknown
  2.6s|     1 |     0 |  7238 |     - |    62M |   0 |  95 | 159 | 122 |  17 | 13 |   7 |  16 | 7.934658e+03 | 7.933660e+03 |   0.01%| unknown
  2.6s|     1 |     0 |  7251 |     - |    62M |   0 |  95 | 159 | 123 |  18 | 14 |   7 |  16 | 7.934584e+03 | 7.933660e+03 |   0.01%| unknown
  2.6s|     1 |     0 |  7251 |     - |    62M |   0 |  95 | 159 | 123 |  18 | 14 |   7 |  16 | 7.934584e+03 | 7.933660e+03 |   0.01%| unknown
  2.6s|     1 |     0 |  7269 |     - |    62M |   0 |  95 | 159 | 124 |  19 | 15 |   7 |  16 | 7.934320e+03 | 7.933660e+03 |   0.01%| unknown
  2.6s|     1 |     0 |  7291 |     - |    62M |   0 |  95 | 159 | 116 |  20 | 16 |   7 |  16 | 7.934249e+03 | 7.933660e+03 |   0.01%| unknown
  2.6s|     1 |     0 |  7303 |     - |    62M |   0 |  95 | 159 | 117 |  21 | 17 |   7 |  16 | 7.934154e+03 | 7.933660e+03 |   0.01%| unknown
  2.6s|     1 |     0 |  7330 |     - |    62M |   0 |  95 | 159 | 119 |  23 | 18 |   7 |  16 | 7.933903e+03 | 7.933660e+03 |   0.00%| unknown
  2.6s|     1 |     0 |  7330 |     - |    62M |   0 |  95 | 159 | 118 |  23 | 18 |   7 |  16 | 7.933903e+03 | 7.933660e+03 |   0.00%| unknown
  2.6s|     1 |     0 |  7354 |     - |    62M |   0 |  95 | 158 | 119 |  24 | 19 |   7 |  16 | 7.933678e+03 | 7.933660e+03 |   0.00%| unknown
  2.6s|     1 |     0 |  7354 |     - |    62M |   0 |  95 | 158 | 118 |  24 | 19 |   7 |  16 | 7.933678e+03 | 7.933660e+03 |   0.00%| unknown
  2.6s|     1 |     0 |  7363 |     - |    62M |   0 |  95 | 157 | 119 |  25 | 20 |   7 |  16 | 7.933666e+03 | 7.933660e+03 |   0.00%| unknown
  2.6s|     1 |     0 |  7363 |     - |    62M |   0 |  95 | 157 | 119 |  25 | 20 |   7 |  16 | 7.933666e+03 | 7.933660e+03 |   0.00%| unknown
 time | node  | left  |LP iter|LP it/n|mem/heur|mdpt |vars |cons |rows |cuts |sepa|confs|strbr|  dualbound   | primalbound  |  gap   | compl. 
  2.7s|     1 |     0 |  7368 |     - |    62M |   0 |  95 | 153 | 119 |  25 | 20 |   9 |  16 | 7.933660e+03 | 7.933660e+03 |   0.00%| unknown

SCIP Status        : problem is solved [optimal solution found]
Solving Time (sec) : 2.69
Solving Nodes      : 1 (total of 5 nodes in 5 runs)
Primal Bound       : +7.93366044393875e+03 (37 solutions)
Dual Bound         : +7.93366044393875e+03
Gap                : 0.00 %
