presolving:
(round 1, fast)       0 del vars, 2 del conss, 0 add conss, 0 chg bounds, 0 chg sides, 0 chg coeffs, 0 upgd conss, 0 impls, 190 clqs
   (0.0s) running MILP presolver
   (0.0s) MILP presolver (2 rounds): 0 aggregations, 18 fixings, 0 bound changes
(round 2, medium)     18 del vars, 2 del conss, 0 add conss, 0 chg bounds, 0 chg sides, 0 chg coeffs, 0 upgd conss, 0 impls, 190 clqs
(round 3, exhaustive) 18 del vars, 8 del conss, 0 add conss, 0 chg bounds, 6 chg sides, 0 chg coeffs, 0 upgd conss, 0 impls, 190 clqs
(round 4, exhaustive) 18 del vars, 8 del conss, 0 add conss, 0 chg bounds, 6 chg sides, 0 chg coeffs, 184 upgd conss, 0 impls, 190 clqs
(round 5, medium)     55 del vars, 8 del conss, 0 add conss, 0 chg bounds, 6 chg sides, 37 chg coeffs, 184 upgd conss, 0 impls, 190 clqs
(round 6, fast)       68 del vars, 8 del conss, 0 add conss, 0 chg bounds, 6 chg sides, 37 chg coeffs, 184 upgd conss, 0 impls, 189 clqs
(round 7, exhaustive) 68 del vars, 11 del conss, 0 add conss, 0 chg bounds, 6 chg sides, 37 chg coeffs, 184 upgd conss, 0 impls, 189 clqs
   (0.0s) probing: 51/432 (11.8%) - 0 fixings, 0 aggregations, 0 implications, 0 bound changes
   (0.0s) probing aborted: 50/50 successive totally useless probings
   (0.0s) symmetry computation started: requiring (bin +, int +, cont +), (fixed: bin -, int -, cont -)
   (0.0s) no symmetry present (symcode time: 0.00)
presolving (8 rounds: 8 fast, 6 medium, 4 exhaustive):
 68 deleted vars, 11 deleted constraints, 0 added constraints, 0 tightened bounds, 0 added holes, 6 changed sides, 37 changed coefficients
 0 implications, 189 cliques
presolved problem has 432 variables (432 bin, 0 int, 0 impl, 0 cont) and 181 constraints
    181 constraints of type <setppc>
Presolving Time: 0.01

 time | node  | left  |LP iter|LP it/n|mem/heur|mdpt |vars |cons |rows |cuts |sepa|confs|strbr|  dualbound   | primalbound  |  gap   | compl. 
  0.1s|     1 |     0 |  1443 |     - |  5611k |   0 | 432 | 181 | 181 |   0 |  0 |   0 |   0 | 7.571053e+03 |      --      |    Inf | unknown
  0.1s|     1 |     0 |  1479 |     - |    19M |   0 | 432 | 181 | 183 |   2 |  1 |   0 |   0 | 7.542353e+03 |      --      |    Inf | unknown
  0.2s|     1 |     0 |  1522 |     - |    32M |   0 | 432 | 181 | 185 |   4 |  2 |   0 |   0 | 7.526141e+03 |      --      |    Inf | unknown
  0.2s|     1 |     0 |  1559 |     - |    40M |   0 | 432 | 181 | 187 |   6 |  3 |   0 |   0 | 7.519292e+03 |      --      |    Inf | unknown
  0.3s|     1 |     0 |  1592 |     - |    45M |   0 | 432 | 181 | 190 |   9 |  4 |   0 |   0 | 7.514827e+03 |      --      |    Inf | unknown
  0.3s|     1 |     0 |  1651 |     - |    48M |   0 | 432 | 181 | 193 |  12 |  5 |   0 |   0 | 7.506311e+03 |      --      |    Inf | unknown
  0.3s|     1 |     0 |  1697 |     - |    56M |   0 | 432 | 181 | 194 |  13 |  6 |   0 |   0 | 7.500910e+03 |      --      |    Inf | unknown
  0.4s|     1 |     0 |  1714 |     - |    62M |   0 | 432 | 181 | 198 |  17 |  7 |   0 |   0 | 7.499653e+03 |      --      |    Inf | unknown
  0.4s|     1 |     0 |  1759 |     - |    67M |   0 | 432 | 181 | 199 |  18 |  8 |   0 |   0 | 7.496809e+03 |      --      |    Inf | unknown
  0.5s|     1 |     0 |  1815 |     - |    78M |   0 | 432 | 181 | 201 |  20 |  9 |   0 |   0 | 7.490467e+03 |      --      |    Inf | unknown
  0.5s|     1 |     0 |  1846 |     - |    79M |   0 | 432 | 181 | 203 |  22 | 10 |   0 |   0 | 7.487782e+03 |      --      |    Inf | unknown
  0.5s|     1 |     0 |  1883 |     - |    79M |   0 | 432 | 181 | 205 |  24 | 11 |   0 |   0 | 7.486583e+03 |      --      |    Inf | unknown
  0.6s|     1 |     0 |  1905 |     - |    80M |   0 | 432 | 181 | 207 |  26 | 12 |   0 |   0 | 7.485852e+03 |      --      |    Inf | unknown
  0.6s|     1 |     0 |  1939 |     - |    80M |   0 | 432 | 181 | 211 |  30 | 13 |   0 |   0 | 7.484483e+03 |      --      |    Inf | unknown
  0.6s|     1 |     0 |  1961 |     - |    80M |   0 | 432 | 181 | 212 |  31 | 14 |   0 |   0 | 7.483925e+03 |      --      |    Inf | unknown
 time | node  | left  |LP iter|LP it/n|mem/heur|mdpt |vars |cons |rows |cuts |sepa|confs|strbr|  dualbound   | primalbound  |  gap   | compl. 
  0.6s|     1 |     0 |  1986 |     - |    80M |   0 | 432 | 181 | 214 |  33 | 15 |   0 |   0 | 7.482649e+03 |      --      |    Inf | unknown
  0.6s|     1 |     0 |  2008 |     - |    80M |   0 | 432 | 181 | 216 |  35 | 16 |   0 |   0 | 7.481846e+03 |      --      |    Inf | unknown
  0.7s|     1 |     0 |  2048 |     - |    80M |   0 | 432 | 181 | 218 |  38 | 17 |   0 |   0 | 7.479790e+03 |      --      |    Inf | unknown
  0.7s|     1 |     0 |  2067 |     - |    80M |   0 | 432 | 181 | 219 |  39 | 18 |   0 |   0 | 7.478584e+03 |      --      |    Inf | unknown
  0.7s|     1 |     0 |  2109 |     - |    80M |   0 | 432 | 181 | 220 |  40 | 19 |   0 |   0 | 7.477040e+03 |      --      |    Inf | unknown
  0.7s|     1 |     0 |  2124 |     - |    80M |   0 | 432 | 181 | 222 |  42 | 20 |   0 |   0 | 7.476635e+03 |      --      |    Inf | unknown
  0.7s|     1 |     0 |  2131 |     - |    80M |   0 | 432 | 181 | 223 |  43 | 21 |   0 |   0 | 7.476554e+03 |      --      |    Inf | unknown
  0.7s|     1 |     0 |  2139 |     - |    80M |   0 | 432 | 181 | 224 |  44 | 22 |   0 |   0 | 7.476511e+03 |      --      |    Inf | unknown
  0.8s|     1 |     0 |  2143 |     - |    80M |   0 | 432 | 181 | 221 |  45 | 23 |   0 |   0 | 7.476491e+03 |      --      |    Inf | unknown
  0.8s|     1 |     0 |  2146 |     - |    80M |   0 | 432 | 181 | 222 |  46 | 24 |   0 |   0 | 7.476473e+03 |      --      |    Inf | unknown
  0.8s|     1 |     0 |  2149 |     - |    80M |   0 | 432 | 181 | 223 |  47 | 25 |   0 |   0 | 7.476464e+03 |      --      |    Inf | unknown
  0.8s|     1 |     0 |  2179 |     - |    80M |   0 | 432 | 181 | 228 |  52 | 26 |   0 |   0 | 7.475899e+03 |      --      |    Inf | unknown
  0.8s|     1 |     0 |  2191 |     - |    80M |   0 | 432 | 181 | 230 |  54 | 27 |   0 |   0 | 7.475603e+03 |      --      |    Inf | unknown
  0.9s|     1 |     0 |  2195 |     - |    80M |   0 | 432 | 181 | 231 |  55 | 28 |   0 |   0 | 7.475597e+03 |      --      |    Inf | unknown
  0.9s|     1 |     0 |  2197 |     - |    80M |   0 | 432 | 181 | 225 |  56 | 29 |   0 |   0 | 7.475586e+03 |      --      |    Inf | unknown
 time | node  | left  |LP iter|LP it/n|mem/heur|mdpt |vars |cons |rows |cuts |sepa|confs|strbr|  dualbound   | primalbound  |  gap   | compl. 
  0.9s|     1 |     0 |  2217 |     - |    80M |   0 | 432 | 181 | 228 |  59 | 30 |   0 |   0 | 7.475231e+03 |      --      |    Inf | unknown
  0.9s|     1 |     0 |  2219 |     - |    80M |   0 | 432 | 181 | 229 |  60 | 31 |   0 |   0 | 7.475223e+03 |      --      |    Inf | unknown
  0.9s|     1 |     0 |  2259 |     - |    80M |   0 | 432 | 181 | 235 |  66 | 32 |   0 |   0 | 7.474552e+03 |      --      |    Inf | unknown
  1.0s|     1 |     0 |  2265 |     - |    80M |   0 | 432 | 181 | 236 |  67 | 33 |   0 |   0 | 7.474535e+03 |      --      |    Inf | unknown
  1.0s|     1 |     0 |  2296 |     - |    80M |   0 | 432 | 181 | 248 |  79 | 34 |   0 |   0 | 7.473988e+03 |      --      |    Inf | unknown
  1.0s|     1 |     0 |  2297 |     - |    80M |   0 | 432 | 181 | 248 |  80 | 35 |   0 |   0 | 7.473986e+03 |      --      |    Inf | unknown
  1.0s|     1 |     0 |  2302 |     - |    80M |   0 | 432 | 181 | 250 |  82 | 36 |   0 |   0 | 7.473950e+03 |      --      |    Inf | unknown
  1.0s|     1 |     0 |  2324 |     - |    80M |   0 | 432 | 181 | 254 |  86 | 37 |   0 |   0 | 7.473441e+03 |      --      |    Inf | unknown
  1.1s|     1 |     0 |  2344 |     - |    80M |   0 | 432 | 181 | 259 |  91 | 38 |   0 |   0 | 7.473000e+03 |      --      |    Inf | unknown
  1.1s|     1 |     0 |  2359 |     - |    80M |   0 | 432 | 181 | 266 |  98 | 39 |   0 |   0 | 7.472718e+03 |      --      |    Inf | unknown
  1.1s|     1 |     0 |  2368 |     - |    80M |   0 | 432 | 181 | 270 | 102 | 40 |   0 |   0 | 7.472652e+03 |      --      |    Inf | unknown
  1.1s|     1 |     0 |  2380 |     - |    80M |   0 | 432 | 181 | 266 | 107 | 41 |   0 |   0 | 7.472617e+03 |      --      |    Inf | unknown
  1.2s|     1 |     0 |  2390 |     - |    80M |   0 | 432 | 181 | 271 | 112 | 42 |   0 |   0 | 7.472578e+03 |      --      |    Inf | unknown
d 1.2s|     1 |     0 |  2390 |     - |pscost2d|   0 | 432 | 181 | 271 |   0 | 43 |   0 |   0 | 7.472578e+03 | 2.592412e+03 | 188.25%| unknown
d 1.3s|     1 |     0 |  2460 |     - |pscost2d|   0 | 432 | 181 | 271 |   0 | 43 |   0 |   0 | 7.472578e+03 | 2.919572e+03 | 155.95%| unknown
 time | node  | left  |LP iter|LP it/n|mem/heur|mdpt |vars |cons |rows |cuts |sepa|confs|strbr|  dualbound   | primalbound  |  gap   | compl. 
d 1.4s|     1 |     0 |  2513 |     - |pscost2d|   0 | 432 | 181 | 271 |   0 | 43 |   0 |   0 | 7.472578e+03 | 3.217399e+03 | 132.26%| unknown
d 1.4s|     1 |     0 |  2578 |     - |pscost2d|   0 | 432 | 181 | 271 |   0 | 43 |   0 |   0 | 7.472578e+03 | 3.673881e+03 | 103.40%| unknown
d 1.5s|     1 |     0 |  2645 |     - |pscost2d|   0 | 432 | 181 | 271 |   0 | 43 |   0 |   0 | 7.472578e+03 | 4.424425e+03 |  68.89%| unknown
d 1.5s|     1 |     0 |  2710 |     - |pscost2d|   0 | 432 | 181 | 271 |   0 | 43 |   0 |   0 | 7.472578e+03 | 5.449282e+03 |  37.13%| unknown
d 1.6s|     1 |     0 |  2716 |     - |pscost2d|   0 | 432 | 181 | 271 |   0 | 43 |   0 |   0 | 7.472578e+03 | 7.274218e+03 |   2.73%| unknown
  1.6s|     1 |     0 |  2716 |     - |    80M |   0 | 432 | 181 | 271 | 112 | 43 |   0 |   0 | 7.472578e+03 | 7.274218e+03 |   2.73%| unknown
  1.6s|     1 |     0 |  2716 |     - |    80M |   0 | 432 | 181 | 271 | 112 | 43 |   0 |   0 | 7.472578e+03 | 7.274218e+03 |   2.73%| unknown
  2.2s|     1 |     2 |  2716 |     - |    80M |   0 | 432 | 181 | 271 | 112 | 44 |   0 |  42 | 7.450643e+03 | 7.274218e+03 |   2.43%| unknown
(run 1, node 1) restarting after 37 global fixings of integer variables

(restart) converted 90 cuts from the global cut pool into linear constraints

presolving:
(round 1, fast)       37 del vars, 0 del conss, 0 add conss, 0 chg bounds, 0 chg sides, 0 chg coeffs, 0 upgd conss, 0 impls, 271 clqs
   (2.3s) running MILP presolver
   (2.3s) MILP presolver found nothing
(round 2, exhaustive) 37 del vars, 4 del conss, 0 add conss, 0 chg bounds, 0 chg sides, 0 chg coeffs, 0 upgd conss, 0 impls, 271 clqs
(round 3, exhaustive) 37 del vars, 5 del conss, 0 add conss, 0 chg bounds, 1 chg sides, 0 chg coeffs, 0 upgd conss, 0 impls, 271 clqs
(round 4, exhaustive) 37 del vars, 5 del conss, 0 add conss, 0 chg bounds, 1 chg sides, 0 chg coeffs, 80 upgd conss, 0 impls, 271 clqs
(round 5, exhaustive) 37 del vars, 5 del conss, 0 add conss, 0 chg bounds, 1 chg sides, 1 chg coeffs, 80 upgd conss, 0 impls, 271 clqs
(round 6, exhaustive) 37 del vars, 6 del conss, 0 add conss, 0 chg bounds, 1 chg sides, 1 chg coeffs, 80 upgd conss, 0 impls, 272 clqs
presolving (7 rounds: 7 fast, 6 medium, 6 exhaustive):
 37 deleted vars, 6 deleted constraints, 0 added constraints, 0 tightened bounds, 0 added holes, 1 changed sides, 1 changed coefficients
 0 implications, 272 cliques
presolved problem has 395 variables (395 bin, 0 int, 0 impl, 0 cont) and 265 constraints
     11 constraints of type <knapsack>
    245 constraints of type <setppc>
      9 constraints of type <linear>
Presolving Time: 0.03
transformed 49/49 original solutions to the transformed problem space

 time | node  | left  |LP iter|LP it/n|mem/heur|mdpt |vars |cons |rows |cuts |sepa|confs|strbr|  dualbound   | primalbound  |  gap   | compl. 
  2.3s|     1 |     0 |  4711 |     - |    74M |   0 | 395 | 265 | 265 |   0 |  0 |   0 |  42 | 7.450643e+03 | 7.274218e+03 |   2.43%| unknown
  2.4s|     1 |     0 |  4784 |     - |    74M |   0 | 395 | 265 | 266 |   1 |  1 |   0 |  42 | 7.450643e+03 | 7.274218e+03 |   2.43%| unknown
  2.5s|     1 |     0 |  4850 |     - |    75M |   0 | 395 | 265 | 267 |   2 |  2 |   0 |  42 | 7.450643e+03 | 7.274218e+03 |   2.43%| unknown
  2.6s|     1 |     0 |  4913 |     - |    78M |   0 | 395 | 265 | 268 |   3 |  3 |   0 |  42 | 7.450643e+03 | 7.274218e+03 |   2.43%| unknown
  2.7s|     1 |     0 |  4969 |     - |    78M |   0 | 395 | 265 | 270 |   5 |  4 |   0 |  42 | 7.450643e+03 | 7.274218e+03 |   2.43%| unknown
  2.7s|     1 |     0 |  5034 |     - |    80M |   0 | 395 | 265 | 272 |   7 |  5 |   0 |  42 | 7.450643e+03 | 7.274218e+03 |   2.43%| unknown
  2.8s|     1 |     0 |  5081 |     - |    84M |   0 | 395 | 265 | 273 |   8 |  6 |   0 |  42 | 7.450643e+03 | 7.274218e+03 |   2.43%| unknown
  2.9s|     1 |     0 |  5146 |     - |    85M |   0 | 395 | 265 | 274 |   9 |  7 |   0 |  42 | 7.450643e+03 | 7.274218e+03 |   2.43%| unknown
  2.9s|     1 |     0 |  5146 |     - |    85M |   0 | 395 | 265 | 274 |   9 |  7 |   0 |  42 | 7.450643e+03 | 7.274218e+03 |   2.43%| unknown
  3.0s|     1 |     0 |  5199 |     - |    83M |   0 | 395 | 265 | 275 |  10 |  8 |   0 |  42 | 7.450643e+03 | 7.274218e+03 |   2.43%| unknown
  3.1s|     1 |     0 |  5232 |     - |    96M |   0 | 395 | 265 | 276 |  11 |  9 |   0 |  42 | 7.450643e+03 | 7.274218e+03 |   2.43%| unknown
  3.1s|     1 |     0 |  5232 |     - |    96M |   0 | 395 | 265 | 276 |  11 |  9 |   0 |  42 | 7.450643e+03 | 7.274218e+03 |   2.43%| unknown
  3.2s|     1 |     0 |  5296 |     - |   103M |   0 | 395 | 265 | 257 |  12 | 10 |   0 |  42 | 7.450643e+03 | 7.274218e+03 |   2.43%| unknown
  3.2s|     1 |     0 |  5319 |     - |   103M |   0 | 395 | 265 | 258 |  13 | 11 |   0 |  42 | 7.450643e+03 | 7.274218e+03 |   2.43%| unknown
  3.2s|     1 |     0 |  5374 |     - |   105M |   0 | 395 | 265 | 260 |  15 | 12 |   0 |  42 | 7.450643e+03 | 7.274218e+03 |   2.43%| unknown
 time | node  | left  |LP iter|LP it/n|mem/heur|mdpt |vars |cons |rows |cuts |sepa|confs|strbr|  dualbound   | primalbound  |  gap   | compl. 
  3.2s|     1 |     0 |  5391 |     - |   105M |   0 | 395 | 265 | 261 |  16 | 13 |   0 |  42 | 7.450643e+03 | 7.274218e+03 |   2.43%| unknown
  3.3s|     1 |     0 |  5461 |     - |   105M |   0 | 395 | 265 | 262 |  17 | 14 |   0 |  42 | 7.450643e+03 | 7.274218e+03 |   2.43%| unknown
  3.3s|     1 |     0 |  5479 |     - |   105M |   0 | 395 | 265 | 263 |  18 | 15 |   0 |  42 | 7.450643e+03 | 7.274218e+03 |   2.43%| unknown
  3.3s|     1 |     0 |  5482 |     - |   105M |   0 | 395 | 265 | 253 |  19 | 16 |   0 |  42 | 7.450643e+03 | 7.274218e+03 |   2.43%| unknown
  3.3s|     1 |     0 |  5519 |     - |   105M |   0 | 395 | 265 | 254 |  20 | 17 |   0 |  42 | 7.450643e+03 | 7.274218e+03 |   2.43%| unknown
  3.4s|     1 |     0 |  5526 |     - |   105M |   0 | 395 | 265 | 255 |  21 | 18 |   0 |  42 | 7.450643e+03 | 7.274218e+03 |   2.43%| unknown
  3.4s|     1 |     0 |  5531 |     - |   105M |   0 | 395 | 265 | 256 |  22 | 19 |   0 |  42 | 7.450643e+03 | 7.274218e+03 |   2.43%| unknown
  3.4s|     1 |     0 |  5557 |     - |   105M |   0 | 395 | 265 | 257 |  23 | 20 |   0 |  42 | 7.450643e+03 | 7.274218e+03 |   2.43%| unknown
  3.4s|     1 |     0 |  5559 |     - |   105M |   0 | 395 | 265 | 258 |  24 | 21 |   0 |  42 | 7.450643e+03 | 7.274218e+03 |   2.43%| unknown
  3.5s|     1 |     0 |  5576 |     - |   105M |   0 | 395 | 265 | 239 |  25 | 22 |   0 |  42 | 7.450643e+03 | 7.274218e+03 |   2.43%| unknown
  3.5s|     1 |     0 |  5583 |     - |   105M |   0 | 395 | 265 | 240 |  26 | 23 |   0 |  42 | 7.450643e+03 | 7.274218e+03 |   2.43%| unknown
  3.5s|     1 |     0 |  5588 |     - |   105M |   0 | 395 | 265 | 241 |  27 | 24 |   0 |  42 | 7.450643e+03 | 7.274218e+03 |   2.43%| unknown
  4.2s|     1 |     2 |  5908 |     - |   105M |   0 | 395 | 265 | 241 |  27 | 24 |   0 |  62 | 7.450643e+03 | 7.274218e+03 |   2.43%| unknown

SCIP Status        : problem is solved [optimal solution found]
Solving Time (sec) : 5.57
Solving Nodes      : 7 (total of 8 nodes in 2 runs)
Primal Bound       : +7.27421753530556e+03 (160 solutions)
Dual Bound         : +7.27421753530556e+03
Gap                : 0.00 %
