presolving:
   (0.0s) running MILP presolver
   (0.0s) MILP presolver (2 rounds): 0 aggregations, 19 fixings, 0 bound changes
(round 1, medium)     19 del vars, 0 del conss, 0 add conss, 0 chg bounds, 0 chg sides, 0 chg coeffs, 0 upgd conss, 0 impls, 189 clqs
(round 2, exhaustive) 19 del vars, 3 del conss, 0 add conss, 0 chg bounds, 3 chg sides, 0 chg coeffs, 0 upgd conss, 0 impls, 189 clqs
(round 3, exhaustive) 19 del vars, 3 del conss, 0 add conss, 0 chg bounds, 3 chg sides, 0 chg coeffs, 186 upgd conss, 0 impls, 189 clqs
(round 4, medium)     61 del vars, 3 del conss, 0 add conss, 0 chg bounds, 3 chg sides, 42 chg coeffs, 186 upgd conss, 0 impls, 189 clqs
(round 5, fast)       75 del vars, 4 del conss, 0 add conss, 0 chg bounds, 3 chg sides, 42 chg coeffs, 186 upgd conss, 0 impls, 188 clqs
(round 6, exhaustive) 75 del vars, 7 del conss, 0 add conss, 0 chg bounds, 3 chg sides, 42 chg coeffs, 186 upgd conss, 0 impls, 188 clqs
   (0.0s) probing: 51/425 (12.0%) - 0 fixings, 0 aggregations, 0 implications, 0 bound changes
   (0.0s) probing aborted: 50/50 successive totally useless probings
   (0.0s) symmetry computation started: requiring (bin +, int +, cont +), (fixed: bin -, int -, cont -)
   (0.0s) no symmetry present (symcode time: 0.00)
presolving (7 rounds: 7 fast, 6 medium, 4 exhaustive):
 75 deleted vars, 7 deleted constraints, 0 added constraints, 0 tightened bounds, 0 added holes, 3 changed sides, 42 changed coefficients
 0 implications, 188 cliques
presolved problem has 425 variables (425 bin, 0 int, 0 impl, 0 cont) and 182 constraints
    182 constraints of type <setppc>
Presolving Time: 0.01

 time | node  | left  |LP iter|LP it/n|mem/heur|mdpt |vars |cons |rows |cuts |sepa|confs|strbr|  dualbound   | primalbound  |  gap   | compl. 
  0.0s|     1 |     0 |  1400 |     - |  5483k |   0 | 425 | 182 | 182 |   0 |  0 |   0 |   0 | 8.815107e+03 |      --      |    Inf | unknown
  0.1s|     1 |     0 |  1434 |     - |    19M |   0 | 425 | 182 | 185 |   3 |  1 |   0 |   0 | 8.799514e+03 |      --      |    Inf | unknown
  0.2s|     1 |     0 |  1471 |     - |    26M |   0 | 425 | 182 | 188 |   6 |  2 |   0 |   0 | 8.793963e+03 |      --      |    Inf | unknown
  0.2s|     1 |     0 |  1507 |     - |    36M |   0 | 425 | 182 | 190 |   8 |  3 |   0 |   0 | 8.787568e+03 |      --      |    Inf | unknown
  0.3s|     1 |     0 |  1541 |     - |    41M |   0 | 425 | 182 | 191 |   9 |  4 |   0 |   0 | 8.780948e+03 |      --      |    Inf | unknown
  0.3s|     1 |     0 |  1564 |     - |    48M |   0 | 425 | 182 | 193 |  11 |  5 |   0 |   0 | 8.778303e+03 |      --      |    Inf | unknown
  0.3s|     1 |     0 |  1611 |     - |    49M |   0 | 425 | 182 | 194 |  12 |  6 |   0 |   0 | 8.776475e+03 |      --      |    Inf | unknown
  0.4s|     1 |     0 |  1642 |     - |    55M |   0 | 425 | 182 | 197 |  15 |  7 |   0 |   0 | 8.774085e+03 |      --      |    Inf | unknown
  0.4s|     1 |     0 |  1679 |     - |    61M |   0 | 425 | 182 | 200 |  18 |  8 |   0 |   0 | 8.771513e+03 |      --      |    Inf | unknown
  0.5s|     1 |     0 |  1710 |     - |    67M |   0 | 425 | 182 | 204 |  22 |  9 |   0 |   0 | 8.769765e+03 |      --      |    Inf | unknown
  0.5s|     1 |     0 |  1774 |     - |    74M |   0 | 425 | 182 | 207 |  25 | 10 |   0 |   0 | 8.767610e+03 |      --      |    Inf | unknown
  0.5s|     1 |     0 |  1793 |     - |    74M |   0 | 425 | 182 | 209 |  27 | 11 |   0 |   0 | 8.766692e+03 |      --      |    Inf | unknown
  0.5s|     1 |     0 |  1803 |     - |    74M |   0 | 425 | 182 | 210 |  28 | 12 |   0 |   0 | 8.766205e+03 |      --      |    Inf | unknown
  0.6s|     1 |     0 |  1825 |     - |    74M |   0 | 425 | 182 | 214 |  32 | 13 |   0 |   0 | 8.764729e+03 |      --      |    Inf | unknown
  0.6s|     1 |     0 |  1853 |     - |    75M |   0 | 425 | 182 | 216 |  34 | 14 |   0 |   0 | 8.763116e+03 |      --      |    Inf | unknown
 time | node  | left  |LP iter|LP it/n|mem/heur|mdpt |vars |cons |rows |cuts |sepa|confs|strbr|  dualbound   | primalbound  |  gap   | compl. 
  0.6s|     1 |     0 |  1855 |     - |    75M |   0 | 425 | 182 | 217 |  35 | 15 |   0 |   0 | 8.763051e+03 |      --      |    Inf | unknown
  0.6s|     1 |     0 |  1880 |     - |    75M |   0 | 425 | 182 | 218 |  36 | 16 |   0 |   0 | 8.761722e+03 |      --      |    Inf | unknown
  0.6s|     1 |     0 |  1895 |     - |    75M |   0 | 425 | 182 | 217 |  39 | 17 |   0 |   0 | 8.761505e+03 |      --      |    Inf | unknown
  0.6s|     1 |     0 |  1912 |     - |    75M |   0 | 425 | 182 | 219 |  41 | 18 |   0 |   0 | 8.761178e+03 |      --      |    Inf | unknown
  0.7s|     1 |     0 |  1946 |     - |    75M |   0 | 425 | 182 | 221 |  43 | 19 |   0 |   0 | 8.759280e+03 |      --      |    Inf | unknown
  0.7s|     1 |     0 |  1967 |     - |    75M |   0 | 425 | 182 | 225 |  47 | 20 |   0 |   0 | 8.758165e+03 |      --      |    Inf | unknown
  0.7s|     1 |     0 |  1987 |     - |    75M |   0 | 425 | 182 | 230 |  52 | 21 |   0 |   0 | 8.757732e+03 |      --      |    Inf | unknown
  0.7s|     1 |     0 |  2004 |     - |    75M |   0 | 425 | 182 | 232 |  54 | 22 |   0 |   0 | 8.757274e+03 |      --      |    Inf | unknown
  0.7s|     1 |     0 |  2008 |     - |    75M |   0 | 425 | 182 | 228 |  55 | 23 |   0 |   0 | 8.757261e+03 |      --      |    Inf | unknown
  0.7s|     1 |     0 |  2009 |     - |    75M |   0 | 425 | 182 | 229 |  56 | 24 |   0 |   0 | 8.757258e+03 |      --      |    Inf | unknown
  0.8s|     1 |     0 |  2021 |     - |    75M |   0 | 425 | 182 | 232 |  59 | 25 |   0 |   0 | 8.757152e+03 |      --      |    Inf | unknown
  0.8s|     1 |     0 |  2041 |     - |    75M |   0 | 425 | 182 | 236 |  63 | 26 |   0 |   0 | 8.756740e+03 |      --      |    Inf | unknown
  0.8s|     1 |     0 |  2044 |     - |    75M |   0 | 425 | 182 | 237 |  64 | 27 |   0 |   0 | 8.756736e+03 |      --      |    Inf | unknown
  0.8s|     1 |     0 |  2052 |     - |    75M |   0 | 425 | 182 | 240 |  67 | 28 |   0 |   0 | 8.756711e+03 |      --      |    Inf | unknown
  0.8s|     1 |     0 |  2055 |     - |    75M |   0 | 425 | 182 | 235 |  68 | 29 |   0 |   0 | 8.756696e+03 |      --      |    Inf | unknown
 time | node  | left  |LP iter|LP it/n|mem/heur|mdpt |vars |cons |rows |cuts |sepa|confs|strbr|  dualbound   | primalbound  |  gap   | compl. 
d 0.8s|     1 |     0 |  2055 |     - |pscost2d|   0 | 425 | 182 | 235 |   0 | 30 |   0 |   0 | 8.756696e+03 | 4.043614e+03 | 116.56%| unknown
d 0.9s|     1 |     0 |  2119 |     - |pscost2d|   0 | 425 | 182 | 235 |   0 | 30 |   0 |   0 | 8.756696e+03 | 4.454017e+03 |  96.60%| unknown
d 1.0s|     1 |     0 |  2178 |     - |pscost2d|   0 | 425 | 182 | 235 |   0 | 30 |   0 |   0 | 8.756696e+03 | 4.765318e+03 |  83.76%| unknown
d 1.1s|     1 |     0 |  2198 |     - |pscost2d|   0 | 425 | 182 | 235 |   0 | 30 |   0 |   0 | 8.756696e+03 | 5.300357e+03 |  65.21%| unknown
d 1.1s|     1 |     0 |  2278 |     - |pscost2d|   0 | 425 | 182 | 235 |   0 | 30 |   0 |   0 | 8.756696e+03 | 5.687715e+03 |  53.96%| unknown
d 1.2s|     1 |     0 |  2297 |     - |pscost2d|   0 | 425 | 182 | 235 |   0 | 30 |   0 |   0 | 8.756696e+03 | 6.073512e+03 |  44.18%| unknown
d 1.2s|     1 |     0 |  2308 |     - |pscost2d|   0 | 425 | 182 | 235 |   0 | 30 |   0 |   0 | 8.756696e+03 | 8.454935e+03 |   3.57%| unknown
  1.2s|     1 |     0 |  2308 |     - |    75M |   0 | 425 | 182 | 235 |  68 | 30 |   0 |   0 | 8.756696e+03 | 8.454935e+03 |   3.57%| unknown
  1.2s|     1 |     0 |  2308 |     - |    75M |   0 | 425 | 182 | 235 |  68 | 30 |   0 |   0 | 8.756696e+03 | 8.454935e+03 |   3.57%| unknown
  1.6s|     1 |     2 |  2308 |     - |    75M |   0 | 425 | 182 | 235 |  68 | 31 |   0 |  48 | 8.740114e+03 | 8.454935e+03 |   3.37%| unknown
* 1.7s|     4 |     3 |  2616 | 187.0 |strongbr|   3 | 425 | 184 | 213 |  68 |  2 |   2 |  88 | 8.740114e+03 | 8.458398e+03 |   3.33%| unknown
* 1.7s|     4 |     3 |  2651 | 198.7 |strongbr|   3 | 425 | 186 | 213 |  68 |  5 |   4 |  98 | 8.740114e+03 | 8.464726e+03 |   3.25%| unknown
* 1.7s|     5 |     2 |  2687 | 158.0 |strongbr|   3 | 425 | 189 | 213 |  68 |  3 |   7 | 117 | 8.740114e+03 | 8.498877e+03 |   2.84%|   8.61%
* 1.9s|     8 |     3 |  3008 | 136.1 |strongbr|   3 | 425 | 195 | 213 |  68 |  2 |  13 | 170 | 8.729817e+03 | 8.505601e+03 |   2.64%|  14.73%
* 2.1s|    10 |     3 |  3165 | 123.3 |strongbr|   4 | 425 | 198 | 213 |  68 |  2 |  16 | 220 | 8.729817e+03 | 8.549970e+03 |   2.10%|  22.74%
 time | node  | left  |LP iter|LP it/n|mem/heur|mdpt |vars |cons |rows |cuts |sepa|confs|strbr|  dualbound   | primalbound  |  gap   | compl. 
* 2.1s|    11 |     2 |  3329 | 127.4 |strongbr|   4 | 425 | 201 | 213 |  68 |  3 |  19 | 242 | 8.729817e+03 | 8.579989e+03 |   1.75%|  25.03%
* 2.2s|    12 |     1 |  3521 | 133.3 |strongbr|   4 | 425 | 212 | 213 |  68 |  3 |  30 | 275 | 8.729817e+03 | 8.587774e+03 |   1.65%|  27.33%

SCIP Status        : problem is solved [optimal solution found]
Solving Time (sec) : 3.57
Solving Nodes      : 41
Primal Bound       : +8.58777358497647e+03 (230 solutions)
Dual Bound         : +8.58777358497647e+03
Gap                : 0.00 %
