presolving:
(round 1, fast)       1 del vars, 1 del conss, 0 add conss, 0 chg bounds, 0 chg sides, 0 chg coeffs, 0 upgd conss, 0 impls, 187 clqs
   (0.0s) running MILP presolver
   (0.0s) MILP presolver (2 rounds): 0 aggregations, 19 fixings, 0 bound changes
(round 2, medium)     20 del vars, 1 del conss, 0 add conss, 0 chg bounds, 0 chg sides, 0 chg coeffs, 0 upgd conss, 0 impls, 187 clqs
(round 3, exhaustive) 20 del vars, 4 del conss, 0 add conss, 0 chg bounds, 3 chg sides, 0 chg coeffs, 0 upgd conss, 0 impls, 187 clqs
(round 4, exhaustive) 20 del vars, 4 del conss, 0 add conss, 0 chg bounds, 3 chg sides, 0 chg coeffs, 184 upgd conss, 0 impls, 187 clqs
(round 5, medium)     62 del vars, 4 del conss, 0 add conss, 0 chg bounds, 3 chg sides, 42 chg coeffs, 184 upgd conss, 0 impls, 187 clqs
(round 6, fast)       76 del vars, 4 del conss, 0 add conss, 0 chg bounds, 3 chg sides, 42 chg coeffs, 184 upgd conss, 0 impls, 186 clqs
(round 7, exhaustive) 76 del vars, 7 del conss, 0 add conss, 0 chg bounds, 3 chg sides, 42 chg coeffs, 184 upgd conss, 0 impls, 186 clqs
   (0.0s) probing: 51/424 (12.0%) - 0 fixings, 0 aggregations, 0 implications, 0 bound changes
   (0.0s) probing aborted: 50/50 successive totally useless probings
   (0.0s) symmetry computation started: requiring (bin +, int +, cont +), (fixed: bin -, int -, cont -)
   (0.0s) no symmetry present (symcode time: 0.00)
presolving (8 rounds: 8 fast, 6 medium, 4 exhaustive):
 76 deleted vars, 7 deleted constraints, 0 added constraints, 0 tightened bounds, 0 added holes, 3 changed sides, 42 changed coefficients
 0 implications, 186 cliques
presolved problem has 424 variables (424 bin, 0 int, 0 impl, 0 cont) and 181 constraints
    181 constraints of type <setppc>
Presolving Time: 0.01

 time | node  | left  |LP iter|LP it/n|mem/heur|mdpt |vars |cons |rows |cuts |sepa|confs|strbr|  dualbound   | primalbound  |  gap   | compl. 
  0.0s|     1 |     0 |  1040 |     - |  5427k |   0 | 424 | 181 | 181 |   0 |  0 |   0 |   0 | 8.198251e+03 |      --      |    Inf | unknown
  0.1s|     1 |     0 |  1087 |     - |    19M |   0 | 424 | 181 | 184 |   3 |  1 |   0 |   0 | 8.164185e+03 |      --      |    Inf | unknown
  0.1s|     1 |     0 |  1133 |     - |    28M |   0 | 424 | 181 | 185 |   4 |  2 |   0 |   0 | 8.152982e+03 |      --      |    Inf | unknown
  0.2s|     1 |     0 |  1165 |     - |    33M |   0 | 424 | 181 | 186 |   5 |  3 |   0 |   0 | 8.146421e+03 |      --      |    Inf | unknown
  0.2s|     1 |     0 |  1214 |     - |    38M |   0 | 424 | 181 | 189 |   8 |  4 |   0 |   0 | 8.142855e+03 |      --      |    Inf | unknown
  0.2s|     1 |     0 |  1275 |     - |    41M |   0 | 424 | 181 | 192 |  11 |  5 |   0 |   0 | 8.133004e+03 |      --      |    Inf | unknown
  0.3s|     1 |     0 |  1305 |     - |    45M |   0 | 424 | 181 | 193 |  12 |  6 |   0 |   0 | 8.130841e+03 |      --      |    Inf | unknown
  0.3s|     1 |     0 |  1368 |     - |    52M |   0 | 424 | 181 | 195 |  14 |  7 |   0 |   0 | 8.127338e+03 |      --      |    Inf | unknown
  0.4s|     1 |     0 |  1399 |     - |    55M |   0 | 424 | 181 | 196 |  15 |  8 |   0 |   0 | 8.124524e+03 |      --      |    Inf | unknown
  0.4s|     1 |     0 |  1418 |     - |    61M |   0 | 424 | 181 | 197 |  16 |  9 |   0 |   0 | 8.123558e+03 |      --      |    Inf | unknown
  0.4s|     1 |     0 |  1457 |     - |    66M |   0 | 424 | 181 | 199 |  18 | 10 |   0 |   0 | 8.122326e+03 |      --      |    Inf | unknown
  0.4s|     1 |     0 |  1471 |     - |    66M |   0 | 424 | 181 | 200 |  19 | 11 |   0 |   0 | 8.122065e+03 |      --      |    Inf | unknown
  0.5s|     1 |     0 |  1510 |     - |    66M |   0 | 424 | 181 | 202 |  21 | 12 |   0 |   0 | 8.121357e+03 |      --      |    Inf | unknown
  0.5s|     1 |     0 |  1530 |     - |    66M |   0 | 424 | 181 | 203 |  22 | 13 |   0 |   0 | 8.121181e+03 |      --      |    Inf | unknown
  0.5s|     1 |     0 |  1566 |     - |    66M |   0 | 424 | 181 | 207 |  26 | 14 |   0 |   0 | 8.120584e+03 |      --      |    Inf | unknown
 time | node  | left  |LP iter|LP it/n|mem/heur|mdpt |vars |cons |rows |cuts |sepa|confs|strbr|  dualbound   | primalbound  |  gap   | compl. 
  0.5s|     1 |     0 |  1579 |     - |    66M |   0 | 424 | 181 | 209 |  28 | 15 |   0 |   0 | 8.120524e+03 |      --      |    Inf | unknown
  0.5s|     1 |     0 |  1585 |     - |    66M |   0 | 424 | 181 | 210 |  29 | 16 |   0 |   0 | 8.120496e+03 |      --      |    Inf | unknown
  0.5s|     1 |     0 |  1624 |     - |    66M |   0 | 424 | 181 | 211 |  31 | 17 |   0 |   0 | 8.119795e+03 |      --      |    Inf | unknown
  0.6s|     1 |     0 |  1632 |     - |    66M |   0 | 424 | 181 | 212 |  32 | 18 |   0 |   0 | 8.119679e+03 |      --      |    Inf | unknown
  0.6s|     1 |     0 |  1649 |     - |    66M |   0 | 424 | 181 | 213 |  33 | 19 |   0 |   0 | 8.119561e+03 |      --      |    Inf | unknown
  0.6s|     1 |     0 |  1676 |     - |    66M |   0 | 424 | 181 | 215 |  35 | 20 |   0 |   0 | 8.118622e+03 |      --      |    Inf | unknown
  0.6s|     1 |     0 |  1684 |     - |    66M |   0 | 424 | 181 | 216 |  36 | 21 |   0 |   0 | 8.118447e+03 |      --      |    Inf | unknown
  0.6s|     1 |     0 |  1703 |     - |    66M |   0 | 424 | 181 | 217 |  37 | 22 |   0 |   0 | 8.118258e+03 |      --      |    Inf | unknown
  0.7s|     1 |     0 |  1717 |     - |    66M |   0 | 424 | 181 | 217 |  38 | 23 |   0 |   0 | 8.118170e+03 |      --      |    Inf | unknown
  0.7s|     1 |     0 |  1731 |     - |    66M |   0 | 424 | 181 | 218 |  39 | 24 |   0 |   0 | 8.118133e+03 |      --      |    Inf | unknown
  0.7s|     1 |     0 |  1734 |     - |    66M |   0 | 424 | 181 | 219 |  40 | 25 |   0 |   0 | 8.118129e+03 |      --      |    Inf | unknown
  0.7s|     1 |     0 |  1739 |     - |    66M |   0 | 424 | 181 | 220 |  41 | 26 |   0 |   0 | 8.118113e+03 |      --      |    Inf | unknown
  0.7s|     1 |     0 |  1741 |     - |    66M |   0 | 424 | 181 | 221 |  42 | 27 |   0 |   0 | 8.118100e+03 |      --      |    Inf | unknown
  0.8s|     1 |     0 |  1742 |     - |    66M |   0 | 424 | 181 | 222 |  43 | 28 |   0 |   0 | 8.118099e+03 |      --      |    Inf | unknown
  0.8s|     1 |     0 |  1743 |     - |    66M |   0 | 424 | 181 | 217 |  44 | 29 |   0 |   0 | 8.118096e+03 |      --      |    Inf | unknown
 time | node  | left  |LP iter|LP it/n|mem/heur|mdpt |vars |cons |rows |cuts |sepa|confs|strbr|  dualbound   | primalbound  |  gap   | compl. 
  0.8s|     1 |     0 |  1762 |     - |    66M |   0 | 424 | 181 | 219 |  46 | 30 |   0 |   0 | 8.117770e+03 |      --      |    Inf | unknown
d 0.8s|     1 |     0 |  1762 |     - |pscost2d|   0 | 424 | 181 | 219 |   0 | 30 |   0 |   0 | 8.117770e+03 | 3.431149e+03 | 136.59%| unknown
d 0.9s|     1 |     0 |  1785 |     - |pscost2d|   0 | 424 | 181 | 219 |   0 | 30 |   0 |   0 | 8.117770e+03 | 4.075706e+03 |  99.17%| unknown
d 1.0s|     1 |     0 |  1849 |     - |pscost2d|   0 | 424 | 181 | 219 |   0 | 30 |   0 |   0 | 8.117770e+03 | 4.179148e+03 |  94.24%| unknown
d 1.0s|     1 |     0 |  1888 |     - |pscost2d|   0 | 424 | 181 | 219 |   0 | 30 |   0 |   0 | 8.117770e+03 | 4.782117e+03 |  69.75%| unknown
d 1.1s|     1 |     0 |  1924 |     - |pscost2d|   0 | 424 | 181 | 219 |   0 | 30 |   0 |   0 | 8.117770e+03 | 5.848614e+03 |  38.80%| unknown
d 1.1s|     1 |     0 |  1939 |     - |pscost2d|   0 | 424 | 181 | 219 |   0 | 30 |   0 |   0 | 8.117770e+03 | 6.330503e+03 |  28.23%| unknown
d 1.1s|     1 |     0 |  1942 |     - |pscost2d|   0 | 424 | 181 | 219 |   0 | 30 |   0 |   0 | 8.117770e+03 | 7.577687e+03 |   7.13%| unknown
d 1.1s|     1 |     0 |  1944 |     - |pscost2d|   0 | 424 | 181 | 219 |   0 | 30 |   0 |   0 | 8.117770e+03 | 7.964410e+03 |   1.93%| unknown
  1.1s|     1 |     0 |  1944 |     - |    66M |   0 | 424 | 181 | 219 |  46 | 30 |   0 |   0 | 8.117770e+03 | 7.964410e+03 |   1.93%| unknown
  1.1s|     1 |     0 |  1944 |     - |    66M |   0 | 424 | 181 | 218 |  46 | 30 |   0 |   0 | 8.117770e+03 | 7.964410e+03 |   1.93%| unknown
  1.1s|     1 |     0 |  1946 |     - |    66M |   0 | 424 | 180 | 219 |  47 | 31 |   0 |   0 | 8.117769e+03 | 7.964410e+03 |   1.93%| unknown
  1.1s|     1 |     0 |  1957 |     - |    66M |   0 | 424 | 180 | 221 |  49 | 32 |   0 |   0 | 8.117656e+03 | 7.964410e+03 |   1.92%| unknown
(run 1, node 1) restarting after 55 global fixings of integer variables

(restart) converted 41 cuts from the global cut pool into linear constraints

presolving:
(round 1, fast)       55 del vars, 0 del conss, 0 add conss, 0 chg bounds, 0 chg sides, 0 chg coeffs, 0 upgd conss, 0 impls, 197 clqs
   (1.2s) running MILP presolver
   (1.2s) MILP presolver found nothing
(round 2, exhaustive) 55 del vars, 8 del conss, 0 add conss, 0 chg bounds, 0 chg sides, 0 chg coeffs, 0 upgd conss, 0 impls, 197 clqs
(round 3, exhaustive) 55 del vars, 8 del conss, 0 add conss, 0 chg bounds, 0 chg sides, 0 chg coeffs, 21 upgd conss, 0 impls, 197 clqs
(round 4, exhaustive) 55 del vars, 8 del conss, 0 add conss, 0 chg bounds, 0 chg sides, 2 chg coeffs, 21 upgd conss, 0 impls, 197 clqs
(round 5, exhaustive) 55 del vars, 8 del conss, 0 add conss, 0 chg bounds, 0 chg sides, 3 chg coeffs, 21 upgd conss, 0 impls, 209 clqs
(round 6, exhaustive) 55 del vars, 8 del conss, 0 add conss, 0 chg bounds, 0 chg sides, 4 chg coeffs, 21 upgd conss, 0 impls, 210 clqs
(round 7, exhaustive) 55 del vars, 8 del conss, 0 add conss, 0 chg bounds, 0 chg sides, 5 chg coeffs, 21 upgd conss, 0 impls, 211 clqs
(round 8, exhaustive) 55 del vars, 10 del conss, 0 add conss, 0 chg bounds, 0 chg sides, 5 chg coeffs, 21 upgd conss, 0 impls, 212 clqs
presolving (9 rounds: 9 fast, 8 medium, 8 exhaustive):
 55 deleted vars, 10 deleted constraints, 0 added constraints, 0 tightened bounds, 0 added holes, 0 changed sides, 5 changed coefficients
 0 implications, 212 cliques
presolved problem has 369 variables (369 bin, 0 int, 0 impl, 0 cont) and 211 constraints
      9 constraints of type <knapsack>
    182 constraints of type <setppc>
     20 constraints of type <linear>
Presolving Time: 0.02
transformed 8/8 original solutions to the transformed problem space

 time | node  | left  |LP iter|LP it/n|mem/heur|mdpt |vars |cons |rows |cuts |sepa|confs|strbr|  dualbound   | primalbound  |  gap   | compl. 
  1.2s|     1 |     0 |  3536 |     - |    62M |   0 | 369 | 211 | 211 |   0 |  0 |   0 |   0 | 8.117656e+03 | 7.964410e+03 |   1.92%| unknown
  1.3s|     1 |     0 |  3557 |     - |    62M |   0 | 369 | 211 | 212 |   1 |  1 |   0 |   0 | 8.117194e+03 | 7.964410e+03 |   1.92%| unknown
  1.3s|     1 |     0 |  3593 |     - |    62M |   0 | 369 | 211 | 214 |   3 |  2 |   0 |   0 | 8.116977e+03 | 7.964410e+03 |   1.92%| unknown
  1.4s|     1 |     0 |  3639 |     - |    63M |   0 | 369 | 211 | 215 |   4 |  3 |   0 |   0 | 8.116104e+03 | 7.964410e+03 |   1.90%| unknown
  1.4s|     1 |     0 |  3639 |     - |    63M |   0 | 369 | 211 | 215 |   4 |  3 |   0 |   0 | 8.116104e+03 | 7.964410e+03 |   1.90%| unknown
  1.4s|     1 |     0 |  3705 |     - |    65M |   0 | 369 | 211 | 216 |   5 |  4 |   0 |   0 | 8.115304e+03 | 7.964410e+03 |   1.89%| unknown
  1.5s|     1 |     0 |  3773 |     - |    66M |   0 | 369 | 211 | 217 |   6 |  5 |   0 |   0 | 8.113554e+03 | 7.964410e+03 |   1.87%| unknown
  1.6s|     1 |     0 |  3829 |     - |    67M |   0 | 369 | 211 | 219 |   8 |  6 |   0 |   0 | 8.112380e+03 | 7.964410e+03 |   1.86%| unknown
  1.6s|     1 |     0 |  3829 |     - |    67M |   0 | 369 | 211 | 219 |   8 |  6 |   0 |   0 | 8.112380e+03 | 7.964410e+03 |   1.86%| unknown
  1.6s|     1 |     0 |  3850 |     - |    67M |   0 | 369 | 211 | 220 |   9 |  7 |   0 |   0 | 8.112184e+03 | 7.964410e+03 |   1.86%| unknown
  1.7s|     1 |     0 |  3877 |     - |    69M |   0 | 369 | 211 | 222 |  11 |  8 |   0 |   0 | 8.111884e+03 | 7.964410e+03 |   1.85%| unknown
  1.7s|     1 |     0 |  3922 |     - |    67M |   0 | 369 | 211 | 224 |  13 |  9 |   0 |   0 | 8.111597e+03 | 7.964410e+03 |   1.85%| unknown
  1.8s|     1 |     0 |  3962 |     - |    68M |   0 | 369 | 211 | 225 |  14 | 10 |   0 |   0 | 8.111360e+03 | 7.964410e+03 |   1.85%| unknown
  1.8s|     1 |     0 |  4006 |     - |    68M |   0 | 369 | 211 | 227 |  16 | 11 |   0 |   0 | 8.111207e+03 | 7.964410e+03 |   1.84%| unknown
  1.8s|     1 |     0 |  4047 |     - |    68M |   0 | 369 | 211 | 229 |  18 | 12 |   0 |   0 | 8.110995e+03 | 7.964410e+03 |   1.84%| unknown
 time | node  | left  |LP iter|LP it/n|mem/heur|mdpt |vars |cons |rows |cuts |sepa|confs|strbr|  dualbound   | primalbound  |  gap   | compl. 
  1.9s|     1 |     0 |  4067 |     - |    68M |   0 | 369 | 211 | 218 |  21 | 13 |   0 |   0 | 8.110815e+03 | 7.964410e+03 |   1.84%| unknown
  1.9s|     1 |     0 |  4077 |     - |    69M |   0 | 369 | 211 | 219 |  22 | 14 |   0 |   0 | 8.110788e+03 | 7.964410e+03 |   1.84%| unknown
  1.9s|     1 |     0 |  4094 |     - |    69M |   0 | 369 | 211 | 220 |  23 | 15 |   0 |   0 | 8.110696e+03 | 7.964410e+03 |   1.84%| unknown
  1.9s|     1 |     0 |  4103 |     - |    69M |   0 | 369 | 211 | 221 |  24 | 16 |   0 |   0 | 8.110662e+03 | 7.964410e+03 |   1.84%| unknown
  2.4s|     1 |     2 |  4392 |     - |    69M |   0 | 369 | 214 | 221 |  24 | 16 |   3 |  20 | 8.103730e+03 | 7.964410e+03 |   1.75%| unknown
* 2.5s|     2 |     1 |  4545 | 312.0 |strongbr|   1 | 369 | 215 | 193 |  24 |  1 |   4 |  48 | 8.103730e+03 | 8.032578e+03 |   0.89%| unknown

SCIP Status        : problem is solved [optimal solution found]
Solving Time (sec) : 2.76
Solving Nodes      : 5 (total of 6 nodes in 2 runs)
Primal Bound       : +8.03257780237517e+03 (115 solutions)
Dual Bound         : +8.03257780237517e+03
Gap                : 0.00 %
