presolving:
   (0.0s) running MILP presolver
   (0.0s) MILP presolver (2 rounds): 0 aggregations, 14 fixings, 0 bound changes
(round 1, medium)     14 del vars, 0 del conss, 0 add conss, 0 chg bounds, 0 chg sides, 0 chg coeffs, 0 upgd conss, 0 impls, 189 clqs
(round 2, exhaustive) 14 del vars, 6 del conss, 0 add conss, 0 chg bounds, 6 chg sides, 0 chg coeffs, 0 upgd conss, 0 impls, 189 clqs
(round 3, exhaustive) 14 del vars, 6 del conss, 0 add conss, 0 chg bounds, 6 chg sides, 0 chg coeffs, 183 upgd conss, 0 impls, 189 clqs
(round 4, medium)     57 del vars, 6 del conss, 0 add conss, 0 chg bounds, 6 chg sides, 43 chg coeffs, 183 upgd conss, 0 impls, 189 clqs
(round 5, fast)       76 del vars, 6 del conss, 0 add conss, 0 chg bounds, 6 chg sides, 43 chg coeffs, 183 upgd conss, 0 impls, 187 clqs
(round 6, exhaustive) 76 del vars, 13 del conss, 0 add conss, 0 chg bounds, 6 chg sides, 43 chg coeffs, 183 upgd conss, 0 impls, 187 clqs
(round 7, exhaustive) 77 del vars, 13 del conss, 0 add conss, 0 chg bounds, 6 chg sides, 43 chg coeffs, 183 upgd conss, 0 impls, 187 clqs
   (0.0s) probing: 51/423 (12.1%) - 0 fixings, 0 aggregations, 0 implications, 0 bound changes
   (0.0s) probing aborted: 50/50 successive totally useless probings
   (0.0s) symmetry computation started: requiring (bin +, int +, cont +), (fixed: bin -, int -, cont -)
   (0.0s) no symmetry present (symcode time: 0.00)
presolving (8 rounds: 8 fast, 7 medium, 5 exhaustive):
 77 deleted vars, 13 deleted constraints, 0 added constraints, 0 tightened bounds, 0 added holes, 6 changed sides, 43 changed coefficients
 0 implications, 187 cliques
presolved problem has 423 variables (423 bin, 0 int, 0 impl, 0 cont) and 176 constraints
    176 constraints of type <setppc>
Presolving Time: 0.01

 time | node  | left  |LP iter|LP it/n|mem/heur|mdpt |vars |cons |rows |cuts |sepa|confs|strbr|  dualbound   | primalbound  |  gap   | compl. 
  0.0s|     1 |     0 |  1148 |     - |  5460k |   0 | 423 | 176 | 176 |   0 |  0 |   0 |   0 | 8.407432e+03 |      --      |    Inf | unknown
  0.1s|     1 |     0 |  1170 |     - |    19M |   0 | 423 | 176 | 177 |   1 |  1 |   0 |   0 | 8.394637e+03 |      --      |    Inf | unknown
  0.2s|     1 |     0 |  1186 |     - |    27M |   0 | 423 | 176 | 179 |   3 |  2 |   0 |   0 | 8.392931e+03 |      --      |    Inf | unknown
  0.2s|     1 |     0 |  1217 |     - |    33M |   0 | 423 | 176 | 184 |   8 |  3 |   0 |   0 | 8.389940e+03 |      --      |    Inf | unknown
  0.2s|     1 |     0 |  1258 |     - |    41M |   0 | 423 | 176 | 186 |  10 |  4 |   0 |   0 | 8.381918e+03 |      --      |    Inf | unknown
  0.3s|     1 |     0 |  1302 |     - |    47M |   0 | 423 | 176 | 189 |  13 |  5 |   0 |   0 | 8.372236e+03 |      --      |    Inf | unknown
  0.3s|     1 |     0 |  1343 |     - |    49M |   0 | 423 | 176 | 191 |  15 |  6 |   0 |   0 | 8.368570e+03 |      --      |    Inf | unknown
  0.4s|     1 |     0 |  1398 |     - |    56M |   0 | 423 | 176 | 194 |  18 |  7 |   0 |   0 | 8.366334e+03 |      --      |    Inf | unknown
  0.4s|     1 |     0 |  1438 |     - |    65M |   0 | 423 | 176 | 197 |  21 |  8 |   0 |   0 | 8.364514e+03 |      --      |    Inf | unknown
  0.4s|     1 |     0 |  1470 |     - |    66M |   0 | 423 | 176 | 198 |  22 |  9 |   0 |   0 | 8.363214e+03 |      --      |    Inf | unknown
  0.5s|     1 |     0 |  1538 |     - |    77M |   0 | 423 | 176 | 202 |  26 | 10 |   0 |   0 | 8.361921e+03 |      --      |    Inf | unknown
  0.5s|     1 |     0 |  1631 |     - |    78M |   0 | 423 | 176 | 207 |  31 | 11 |   0 |   0 | 8.358883e+03 |      --      |    Inf | unknown
  0.5s|     1 |     0 |  1672 |     - |    78M |   0 | 423 | 176 | 211 |  35 | 12 |   0 |   0 | 8.355080e+03 |      --      |    Inf | unknown
  0.6s|     1 |     0 |  1691 |     - |    78M |   0 | 423 | 176 | 213 |  37 | 13 |   0 |   0 | 8.353233e+03 |      --      |    Inf | unknown
  0.6s|     1 |     0 |  1731 |     - |    78M |   0 | 423 | 176 | 215 |  39 | 14 |   0 |   0 | 8.348929e+03 |      --      |    Inf | unknown
 time | node  | left  |LP iter|LP it/n|mem/heur|mdpt |vars |cons |rows |cuts |sepa|confs|strbr|  dualbound   | primalbound  |  gap   | compl. 
  0.6s|     1 |     0 |  1780 |     - |    78M |   0 | 423 | 176 | 217 |  41 | 15 |   0 |   0 | 8.344310e+03 |      --      |    Inf | unknown
  0.6s|     1 |     0 |  1802 |     - |    78M |   0 | 423 | 176 | 219 |  43 | 16 |   0 |   0 | 8.343738e+03 |      --      |    Inf | unknown
  0.6s|     1 |     0 |  1807 |     - |    79M |   0 | 423 | 176 | 218 |  44 | 17 |   0 |   0 | 8.343561e+03 |      --      |    Inf | unknown
  0.6s|     1 |     0 |  1834 |     - |    79M |   0 | 423 | 176 | 222 |  48 | 18 |   0 |   0 | 8.341815e+03 |      --      |    Inf | unknown
  0.7s|     1 |     0 |  1872 |     - |    79M |   0 | 423 | 176 | 224 |  50 | 19 |   0 |   0 | 8.339921e+03 |      --      |    Inf | unknown
  0.7s|     1 |     0 |  1904 |     - |    79M |   0 | 423 | 176 | 226 |  52 | 20 |   0 |   0 | 8.338120e+03 |      --      |    Inf | unknown
  0.7s|     1 |     0 |  1943 |     - |    79M |   0 | 423 | 176 | 231 |  57 | 21 |   0 |   0 | 8.336933e+03 |      --      |    Inf | unknown
  0.7s|     1 |     0 |  1946 |     - |    79M |   0 | 423 | 176 | 232 |  58 | 22 |   0 |   0 | 8.336904e+03 |      --      |    Inf | unknown
  0.7s|     1 |     0 |  1951 |     - |    79M |   0 | 423 | 176 | 230 |  59 | 23 |   0 |   0 | 8.336714e+03 |      --      |    Inf | unknown
  0.8s|     1 |     0 |  1977 |     - |    79M |   0 | 423 | 176 | 235 |  64 | 24 |   0 |   0 | 8.336266e+03 |      --      |    Inf | unknown
  0.8s|     1 |     0 |  1980 |     - |    79M |   0 | 423 | 176 | 236 |  65 | 25 |   0 |   0 | 8.336265e+03 |      --      |    Inf | unknown
  0.8s|     1 |     0 |  1987 |     - |    79M |   0 | 423 | 176 | 238 |  67 | 26 |   0 |   0 | 8.336252e+03 |      --      |    Inf | unknown
  0.8s|     1 |     0 |  2008 |     - |    79M |   0 | 423 | 176 | 246 |  75 | 27 |   0 |   0 | 8.335358e+03 |      --      |    Inf | unknown
  0.8s|     1 |     0 |  2030 |     - |    79M |   0 | 423 | 176 | 252 |  81 | 28 |   0 |   0 | 8.334799e+03 |      --      |    Inf | unknown
  0.8s|     1 |     0 |  2050 |     - |    79M |   0 | 423 | 176 | 242 |  83 | 29 |   0 |   0 | 8.334254e+03 |      --      |    Inf | unknown
 time | node  | left  |LP iter|LP it/n|mem/heur|mdpt |vars |cons |rows |cuts |sepa|confs|strbr|  dualbound   | primalbound  |  gap   | compl. 
  0.9s|     1 |     0 |  2075 |     - |    79M |   0 | 423 | 176 | 247 |  88 | 30 |   0 |   0 | 8.333951e+03 |      --      |    Inf | unknown
  0.9s|     1 |     0 |  2084 |     - |    79M |   0 | 423 | 176 | 252 |  93 | 31 |   0 |   0 | 8.333874e+03 |      --      |    Inf | unknown
  0.9s|     1 |     0 |  2105 |     - |    79M |   0 | 423 | 176 | 254 |  95 | 32 |   0 |   0 | 8.333532e+03 |      --      |    Inf | unknown
  0.9s|     1 |     0 |  2117 |     - |    79M |   0 | 423 | 176 | 256 |  97 | 33 |   0 |   0 | 8.333512e+03 |      --      |    Inf | unknown
d 0.9s|     1 |     0 |  2117 |     - |pscost2d|   0 | 423 | 176 | 256 |   0 | 34 |   0 |   0 | 8.333512e+03 | 3.351121e+03 | 148.68%| unknown
d 1.0s|     1 |     0 |  2280 |     - |pscost2d|   0 | 423 | 176 | 256 |   0 | 34 |   0 |   0 | 8.333512e+03 | 3.708096e+03 | 124.74%| unknown
d 1.1s|     1 |     0 |  2370 |     - |pscost2d|   0 | 423 | 176 | 256 |   0 | 34 |   0 |   0 | 8.333512e+03 | 3.895686e+03 | 113.92%| unknown
d 1.2s|     1 |     0 |  2447 |     - |pscost2d|   0 | 423 | 176 | 256 |   0 | 34 |   0 |   0 | 8.333512e+03 | 4.886423e+03 |  70.54%| unknown
d 1.2s|     1 |     0 |  2484 |     - |pscost2d|   0 | 423 | 176 | 256 |   0 | 34 |   0 |   0 | 8.333512e+03 | 5.454370e+03 |  52.79%| unknown
d 1.2s|     1 |     0 |  2487 |     - |pscost2d|   0 | 423 | 176 | 256 |   0 | 34 |   0 |   0 | 8.333512e+03 | 8.187135e+03 |   1.79%| unknown
  1.2s|     1 |     0 |  2487 |     - |    79M |   0 | 423 | 176 | 256 |  97 | 34 |   0 |   0 | 8.333512e+03 | 8.187135e+03 |   1.79%| unknown
  1.2s|     1 |     0 |  2487 |     - |    79M |   0 | 423 | 176 | 253 |  97 | 34 |   0 |   0 | 8.333512e+03 | 8.187135e+03 |   1.79%| unknown
(run 1, node 1) restarting after 90 global fixings of integer variables

(restart) converted 80 cuts from the global cut pool into linear constraints

presolving:
(round 1, fast)       90 del vars, 0 del conss, 0 add conss, 0 chg bounds, 0 chg sides, 0 chg coeffs, 0 upgd conss, 0 impls, 244 clqs
   (1.3s) running MILP presolver
   (1.3s) MILP presolver found nothing
(round 2, exhaustive) 90 del vars, 11 del conss, 0 add conss, 0 chg bounds, 0 chg sides, 0 chg coeffs, 0 upgd conss, 0 impls, 244 clqs
(round 3, exhaustive) 90 del vars, 14 del conss, 0 add conss, 0 chg bounds, 3 chg sides, 0 chg coeffs, 0 upgd conss, 0 impls, 244 clqs
(round 4, exhaustive) 90 del vars, 14 del conss, 0 add conss, 0 chg bounds, 3 chg sides, 0 chg coeffs, 70 upgd conss, 0 impls, 244 clqs
(round 5, exhaustive) 90 del vars, 14 del conss, 0 add conss, 0 chg bounds, 3 chg sides, 2 chg coeffs, 70 upgd conss, 0 impls, 244 clqs
(round 6, exhaustive) 90 del vars, 14 del conss, 0 add conss, 0 chg bounds, 3 chg sides, 3 chg coeffs, 70 upgd conss, 0 impls, 244 clqs
(round 7, exhaustive) 90 del vars, 16 del conss, 0 add conss, 0 chg bounds, 3 chg sides, 3 chg coeffs, 70 upgd conss, 0 impls, 244 clqs
presolving (8 rounds: 8 fast, 7 medium, 7 exhaustive):
 90 deleted vars, 16 deleted constraints, 0 added constraints, 0 tightened bounds, 0 added holes, 3 changed sides, 3 changed coefficients
 0 implications, 244 cliques
presolved problem has 333 variables (333 bin, 0 int, 0 impl, 0 cont) and 237 constraints
     12 constraints of type <knapsack>
    218 constraints of type <setppc>
      7 constraints of type <linear>
Presolving Time: 0.02
transformed 6/6 original solutions to the transformed problem space

 time | node  | left  |LP iter|LP it/n|mem/heur|mdpt |vars |cons |rows |cuts |sepa|confs|strbr|  dualbound   | primalbound  |  gap   | compl. 
  1.4s|     1 |     0 |  4183 |     - |    73M |   0 | 333 | 237 | 237 |   0 |  0 |   0 |   0 | 8.333512e+03 | 8.187135e+03 |   1.79%| unknown
  1.4s|     1 |     0 |  4260 |     - |    73M |   0 | 333 | 237 | 238 |   1 |  1 |   0 |   0 | 8.329977e+03 | 8.187135e+03 |   1.74%| unknown
  1.5s|     1 |     0 |  4320 |     - |    74M |   0 | 333 | 237 | 239 |   2 |  2 |   0 |   0 | 8.326605e+03 | 8.187135e+03 |   1.70%| unknown
  1.5s|     1 |     0 |  4375 |     - |    74M |   0 | 333 | 237 | 240 |   3 |  3 |   0 |   0 | 8.324568e+03 | 8.187135e+03 |   1.68%| unknown
  1.6s|     1 |     0 |  4418 |     - |    75M |   0 | 333 | 237 | 241 |   4 |  4 |   0 |   0 | 8.323641e+03 | 8.187135e+03 |   1.67%| unknown
  1.6s|     1 |     0 |  4472 |     - |    76M |   0 | 333 | 237 | 242 |   5 |  5 |   0 |   0 | 8.323137e+03 | 8.187135e+03 |   1.66%| unknown
  1.6s|     1 |     0 |  4472 |     - |    76M |   0 | 333 | 237 | 242 |   5 |  5 |   0 |   0 | 8.323137e+03 | 8.187135e+03 |   1.66%| unknown
  1.7s|     1 |     0 |  4529 |     - |    77M |   0 | 333 | 237 | 243 |   6 |  6 |   0 |   0 | 8.322791e+03 | 8.187135e+03 |   1.66%| unknown
  1.7s|     1 |     0 |  4529 |     - |    77M |   0 | 333 | 237 | 243 |   6 |  6 |   0 |   0 | 8.322791e+03 | 8.187135e+03 |   1.66%| unknown
  1.7s|     1 |     0 |  4558 |     - |    75M |   0 | 333 | 237 | 244 |   7 |  7 |   0 |   0 | 8.322589e+03 | 8.187135e+03 |   1.65%| unknown
  1.8s|     1 |     0 |  4589 |     - |    79M |   0 | 333 | 237 | 245 |   8 |  8 |   0 |   0 | 8.322560e+03 | 8.187135e+03 |   1.65%| unknown
  1.8s|     1 |     0 |  4636 |     - |    90M |   0 | 333 | 237 | 246 |   9 |  9 |   0 |   0 | 8.322369e+03 | 8.187135e+03 |   1.65%| unknown
  1.9s|     1 |     0 |  4719 |     - |    98M |   0 | 333 | 237 | 247 |  10 | 10 |   0 |   0 | 8.321812e+03 | 8.187135e+03 |   1.64%| unknown
  1.9s|     1 |     0 |  4719 |     - |    98M |   0 | 333 | 237 | 247 |  10 | 10 |   0 |   0 | 8.321812e+03 | 8.187135e+03 |   1.64%| unknown
  1.9s|     1 |     0 |  4743 |     - |    98M |   0 | 333 | 237 | 248 |  11 | 11 |   0 |   0 | 8.321756e+03 | 8.187135e+03 |   1.64%| unknown
 time | node  | left  |LP iter|LP it/n|mem/heur|mdpt |vars |cons |rows |cuts |sepa|confs|strbr|  dualbound   | primalbound  |  gap   | compl. 
  1.9s|     1 |     0 |  4753 |     - |    98M |   0 | 333 | 237 | 249 |  12 | 12 |   0 |   0 | 8.321746e+03 | 8.187135e+03 |   1.64%| unknown
  2.0s|     1 |     0 |  4793 |     - |    98M |   0 | 333 | 237 | 251 |  14 | 13 |   0 |   0 | 8.321353e+03 | 8.187135e+03 |   1.64%| unknown
  2.0s|     1 |     0 |  4793 |     - |    98M |   0 | 333 | 237 | 250 |  14 | 13 |   0 |   0 | 8.321353e+03 | 8.187135e+03 |   1.64%| unknown
  2.0s|     1 |     0 |  4806 |     - |    98M |   0 | 333 | 236 | 226 |  15 | 14 |   0 |   0 | 8.321282e+03 | 8.187135e+03 |   1.64%| unknown
  2.0s|     1 |     0 |  4806 |     - |    98M |   0 | 333 | 236 | 226 |  15 | 14 |   0 |   0 | 8.321282e+03 | 8.187135e+03 |   1.64%| unknown
  2.0s|     1 |     0 |  4842 |     - |   100M |   0 | 333 | 236 | 227 |  16 | 15 |   0 |   0 | 8.321124e+03 | 8.187135e+03 |   1.64%| unknown
  2.0s|     1 |     0 |  4861 |     - |   100M |   0 | 333 | 236 | 228 |  17 | 16 |   0 |   0 | 8.321070e+03 | 8.187135e+03 |   1.64%| unknown
  2.0s|     1 |     0 |  4861 |     - |   100M |   0 | 333 | 236 | 228 |  17 | 16 |   0 |   0 | 8.321070e+03 | 8.187135e+03 |   1.64%| unknown
  2.0s|     1 |     0 |  4885 |     - |   100M |   0 | 333 | 236 | 230 |  19 | 17 |   0 |   0 | 8.320941e+03 | 8.187135e+03 |   1.63%| unknown
  2.1s|     1 |     0 |  4891 |     - |   100M |   0 | 333 | 236 | 231 |  20 | 18 |   0 |   0 | 8.320936e+03 | 8.187135e+03 |   1.63%| unknown
  2.1s|     1 |     0 |  4918 |     - |   101M |   0 | 333 | 236 | 232 |  21 | 19 |   0 |   0 | 8.320855e+03 | 8.187135e+03 |   1.63%| unknown
  2.1s|     1 |     0 |  4952 |     - |   101M |   0 | 333 | 236 | 217 |  22 | 20 |   0 |   0 | 8.320692e+03 | 8.187135e+03 |   1.63%| unknown
  2.6s|     1 |     2 |  5295 |     - |   101M |   0 | 333 | 236 | 217 |  22 | 20 |   0 |  21 | 8.303312e+03 | 8.187135e+03 |   1.42%| unknown
* 3.0s|     9 |     0 |  6495 | 212.6 |strongbr|   4 | 333 |  90 | 198 |  22 |  2 |  32 | 148 | 8.198563e+03 | 8.190532e+03 |   0.10%|  74.48%

SCIP Status        : problem is solved [optimal solution found]
Solving Time (sec) : 2.97
Solving Nodes      : 9 (total of 10 nodes in 2 runs)
Primal Bound       : +8.19053203861092e+03 (94 solutions)
Dual Bound         : +8.19053203861092e+03
Gap                : 0.00 %
