presolving:
(round 1, fast)       1 del vars, 1 del conss, 0 add conss, 0 chg bounds, 0 chg sides, 0 chg coeffs, 0 upgd conss, 0 impls, 190 clqs
   (0.0s) running MILP presolver
   (0.0s) MILP presolver (2 rounds): 0 aggregations, 17 fixings, 0 bound changes
(round 2, medium)     18 del vars, 1 del conss, 0 add conss, 0 chg bounds, 0 chg sides, 0 chg coeffs, 0 upgd conss, 0 impls, 189 clqs
(round 3, fast)       18 del vars, 2 del conss, 0 add conss, 0 chg bounds, 0 chg sides, 0 chg coeffs, 0 upgd conss, 0 impls, 189 clqs
(round 4, exhaustive) 18 del vars, 6 del conss, 0 add conss, 0 chg bounds, 4 chg sides, 0 chg coeffs, 0 upgd conss, 0 impls, 189 clqs
(round 5, exhaustive) 18 del vars, 6 del conss, 0 add conss, 0 chg bounds, 4 chg sides, 0 chg coeffs, 185 upgd conss, 0 impls, 189 clqs
(round 6, medium)     51 del vars, 6 del conss, 0 add conss, 0 chg bounds, 4 chg sides, 33 chg coeffs, 185 upgd conss, 0 impls, 189 clqs
(round 7, fast)       61 del vars, 6 del conss, 0 add conss, 0 chg bounds, 4 chg sides, 33 chg coeffs, 185 upgd conss, 0 impls, 188 clqs
(round 8, exhaustive) 61 del vars, 8 del conss, 0 add conss, 0 chg bounds, 4 chg sides, 33 chg coeffs, 185 upgd conss, 0 impls, 188 clqs
   (0.0s) probing: 51/439 (11.6%) - 0 fixings, 0 aggregations, 0 implications, 0 bound changes
   (0.0s) probing aborted: 50/50 successive totally useless probings
   (0.0s) symmetry computation started: requiring (bin +, int +, cont +), (fixed: bin -, int -, cont -)
   (0.0s) no symmetry present (symcode time: 0.00)
presolving (9 rounds: 9 fast, 6 medium, 4 exhaustive):
 61 deleted vars, 8 deleted constraints, 0 added constraints, 0 tightened bounds, 0 added holes, 4 changed sides, 33 changed coefficients
 0 implications, 188 cliques
presolved problem has 439 variables (439 bin, 0 int, 0 impl, 0 cont) and 183 constraints
    183 constraints of type <setppc>
Presolving Time: 0.01

 time | node  | left  |LP iter|LP it/n|mem/heur|mdpt |vars |cons |rows |cuts |sepa|confs|strbr|  dualbound   | primalbound  |  gap   | compl. 
  0.1s|     1 |     0 |  2408 |     - |  5540k |   0 | 439 | 183 | 183 |   0 |  0 |   0 |   0 | 7.395889e+03 |      --      |    Inf | unknown
  0.1s|     1 |     0 |  2434 |     - |    18M |   0 | 439 | 183 | 184 |   1 |  1 |   0 |   0 | 7.374006e+03 |      --      |    Inf | unknown
  0.2s|     1 |     0 |  2462 |     - |    29M |   0 | 439 | 183 | 186 |   3 |  2 |   0 |   0 | 7.363185e+03 |      --      |    Inf | unknown
  0.2s|     1 |     0 |  2493 |     - |    37M |   0 | 439 | 183 | 189 |   6 |  3 |   0 |   0 | 7.343451e+03 |      --      |    Inf | unknown
  0.3s|     1 |     0 |  2537 |     - |    47M |   0 | 439 | 183 | 193 |  10 |  4 |   0 |   0 | 7.327900e+03 |      --      |    Inf | unknown
  0.3s|     1 |     0 |  2559 |     - |    54M |   0 | 439 | 183 | 196 |  13 |  5 |   0 |   0 | 7.322889e+03 |      --      |    Inf | unknown
  0.4s|     1 |     0 |  2625 |     - |    61M |   0 | 439 | 183 | 199 |  16 |  6 |   0 |   0 | 7.316826e+03 |      --      |    Inf | unknown
  0.4s|     1 |     0 |  2662 |     - |    64M |   0 | 439 | 183 | 201 |  18 |  7 |   0 |   0 | 7.311965e+03 |      --      |    Inf | unknown
  0.5s|     1 |     0 |  2700 |     - |    74M |   0 | 439 | 183 | 204 |  21 |  8 |   0 |   0 | 7.309324e+03 |      --      |    Inf | unknown
  0.5s|     1 |     0 |  2741 |     - |    76M |   0 | 439 | 183 | 207 |  24 |  9 |   0 |   0 | 7.306701e+03 |      --      |    Inf | unknown
  0.6s|     1 |     0 |  2776 |     - |    82M |   0 | 439 | 183 | 210 |  27 | 10 |   0 |   0 | 7.304648e+03 |      --      |    Inf | unknown
  0.6s|     1 |     0 |  2789 |     - |    82M |   0 | 439 | 183 | 211 |  28 | 11 |   0 |   0 | 7.303764e+03 |      --      |    Inf | unknown
  0.6s|     1 |     0 |  2804 |     - |    82M |   0 | 439 | 183 | 212 |  29 | 12 |   0 |   0 | 7.303117e+03 |      --      |    Inf | unknown
  0.6s|     1 |     0 |  2820 |     - |    82M |   0 | 439 | 183 | 213 |  30 | 13 |   0 |   0 | 7.302767e+03 |      --      |    Inf | unknown
  0.6s|     1 |     0 |  2846 |     - |    82M |   0 | 439 | 183 | 215 |  32 | 14 |   0 |   0 | 7.302136e+03 |      --      |    Inf | unknown
 time | node  | left  |LP iter|LP it/n|mem/heur|mdpt |vars |cons |rows |cuts |sepa|confs|strbr|  dualbound   | primalbound  |  gap   | compl. 
  0.7s|     1 |     0 |  2865 |     - |    82M |   0 | 439 | 183 | 217 |  34 | 15 |   0 |   0 | 7.301423e+03 |      --      |    Inf | unknown
  0.7s|     1 |     0 |  2873 |     - |    82M |   0 | 439 | 183 | 219 |  36 | 16 |   0 |   0 | 7.301170e+03 |      --      |    Inf | unknown
  0.7s|     1 |     0 |  2887 |     - |    83M |   0 | 439 | 183 | 221 |  38 | 17 |   0 |   0 | 7.300864e+03 |      --      |    Inf | unknown
  0.7s|     1 |     0 |  2901 |     - |    83M |   0 | 439 | 183 | 222 |  39 | 18 |   0 |   0 | 7.300728e+03 |      --      |    Inf | unknown
  0.7s|     1 |     0 |  2908 |     - |    84M |   0 | 439 | 183 | 223 |  40 | 19 |   0 |   0 | 7.300562e+03 |      --      |    Inf | unknown
  0.7s|     1 |     0 |  2920 |     - |    84M |   0 | 439 | 183 | 225 |  42 | 20 |   0 |   0 | 7.300307e+03 |      --      |    Inf | unknown
  0.8s|     1 |     0 |  2921 |     - |    84M |   0 | 439 | 183 | 226 |  43 | 21 |   0 |   0 | 7.300295e+03 |      --      |    Inf | unknown
  0.8s|     1 |     0 |  2924 |     - |    84M |   0 | 439 | 183 | 227 |  44 | 22 |   0 |   0 | 7.300278e+03 |      --      |    Inf | unknown
  0.8s|     1 |     0 |  2925 |     - |    84M |   0 | 439 | 183 | 225 |  45 | 23 |   0 |   0 | 7.300275e+03 |      --      |    Inf | unknown
  0.8s|     1 |     0 |  2931 |     - |    84M |   0 | 439 | 183 | 226 |  46 | 24 |   0 |   0 | 7.300244e+03 |      --      |    Inf | unknown
  0.8s|     1 |     0 |  2933 |     - |    84M |   0 | 439 | 183 | 227 |  47 | 25 |   0 |   0 | 7.300243e+03 |      --      |    Inf | unknown
d 0.8s|     1 |     0 |  2933 |     - |pscost2d|   0 | 439 | 183 | 227 |   0 | 25 |   0 |   0 | 7.300243e+03 | 2.389097e+03 | 205.56%| unknown
d 0.9s|     1 |     0 |  2956 |     - |pscost2d|   0 | 439 | 183 | 227 |   0 | 25 |   0 |   0 | 7.300243e+03 | 2.680004e+03 | 172.40%| unknown
d 1.0s|     1 |     0 |  3004 |     - |pscost2d|   0 | 439 | 183 | 227 |   0 | 25 |   0 |   0 | 7.300243e+03 | 2.956942e+03 | 146.88%| unknown
d 1.1s|     1 |     0 |  3076 |     - |pscost2d|   0 | 439 | 183 | 227 |   0 | 25 |   0 |   0 | 7.300243e+03 | 3.488560e+03 | 109.26%| unknown
 time | node  | left  |LP iter|LP it/n|mem/heur|mdpt |vars |cons |rows |cuts |sepa|confs|strbr|  dualbound   | primalbound  |  gap   | compl. 
d 1.1s|     1 |     0 |  3135 |     - |pscost2d|   0 | 439 | 183 | 227 |   0 | 25 |   0 |   0 | 7.300243e+03 | 4.062757e+03 |  79.69%| unknown
d 1.2s|     1 |     0 |  3172 |     - |pscost2d|   0 | 439 | 183 | 227 |   0 | 25 |   0 |   0 | 7.300243e+03 | 4.984182e+03 |  46.47%| unknown
d 1.2s|     1 |     0 |  3189 |     - |pscost2d|   0 | 439 | 183 | 227 |   0 | 25 |   0 |   0 | 7.300243e+03 | 6.509163e+03 |  12.15%| unknown
d 1.2s|     1 |     0 |  3191 |     - |pscost2d|   0 | 439 | 183 | 227 |   0 | 25 |   0 |   0 | 7.300243e+03 | 6.864855e+03 |   6.34%| unknown
  1.2s|     1 |     0 |  3191 |     - |    84M |   0 | 439 | 183 | 227 |  47 | 25 |   0 |   0 | 7.300243e+03 | 6.864855e+03 |   6.34%| unknown
  1.2s|     1 |     0 |  3191 |     - |    84M |   0 | 439 | 183 | 227 |  47 | 25 |   0 |   0 | 7.300243e+03 | 6.864855e+03 |   6.34%| unknown
  1.2s|     1 |     0 |  3199 |     - |    84M |   0 | 439 | 183 | 228 |  48 | 26 |   0 |   0 | 7.300213e+03 | 6.864855e+03 |   6.34%| unknown
  1.2s|     1 |     0 |  3200 |     - |    84M |   0 | 439 | 183 | 229 |  49 | 27 |   0 |   0 | 7.300213e+03 | 6.864855e+03 |   6.34%| unknown
  1.7s|     1 |     2 |  3200 |     - |    84M |   0 | 439 | 183 | 229 |  49 | 27 |   0 |  47 | 7.291054e+03 | 6.864855e+03 |   6.21%| unknown
* 1.8s|     5 |     4 |  3571 | 157.2 |strongbr|   4 | 439 | 183 | 216 |  49 |  1 |   0 | 103 | 7.291054e+03 | 7.088676e+03 |   2.85%| unknown
* 2.1s|     9 |     4 |  3827 | 110.6 |strongbr|   4 | 439 | 186 | 216 |  49 |  1 |   3 | 183 | 7.274290e+03 | 7.096786e+03 |   2.50%|  13.20%
* 2.2s|    10 |     5 |  3883 | 104.6 |strongbr|   4 | 439 | 186 | 216 |  49 |  1 |   3 | 204 | 7.274290e+03 | 7.106230e+03 |   2.36%|  13.20%
* 2.3s|    12 |     5 |  3990 |  95.3 |strongbr|   5 | 439 | 186 | 216 |  49 |  1 |   3 | 223 | 7.274290e+03 | 7.151059e+03 |   1.72%|  16.73%
* 2.9s|    20 |     1 |  4856 | 100.7 |strongbr|   5 | 439 | 234 | 216 |  49 |  2 |  51 | 452 | 7.260670e+03 | 7.154405e+03 |   1.49%|  75.70%

SCIP Status        : problem is solved [optimal solution found]
Solving Time (sec) : 3.09
Solving Nodes      : 23
Primal Bound       : +7.15440495274818e+03 (252 solutions)
Dual Bound         : +7.15440495274818e+03
Gap                : 0.00 %
