presolving:
(round 1, fast)       0 del vars, 1 del conss, 0 add conss, 0 chg bounds, 0 chg sides, 0 chg coeffs, 0 upgd conss, 0 impls, 193 clqs
   (0.0s) running MILP presolver
   (0.0s) MILP presolver (2 rounds): 0 aggregations, 13 fixings, 0 bound changes
(round 2, medium)     13 del vars, 1 del conss, 0 add conss, 0 chg bounds, 0 chg sides, 0 chg coeffs, 0 upgd conss, 0 impls, 193 clqs
(round 3, exhaustive) 13 del vars, 4 del conss, 0 add conss, 0 chg bounds, 3 chg sides, 0 chg coeffs, 0 upgd conss, 0 impls, 193 clqs
(round 4, exhaustive) 13 del vars, 4 del conss, 0 add conss, 0 chg bounds, 3 chg sides, 0 chg coeffs, 190 upgd conss, 0 impls, 193 clqs
(round 5, medium)     35 del vars, 4 del conss, 0 add conss, 0 chg bounds, 3 chg sides, 22 chg coeffs, 190 upgd conss, 0 impls, 193 clqs
(round 6, fast)       38 del vars, 4 del conss, 0 add conss, 0 chg bounds, 3 chg sides, 22 chg coeffs, 190 upgd conss, 0 impls, 193 clqs
(round 7, exhaustive) 38 del vars, 7 del conss, 0 add conss, 0 chg bounds, 3 chg sides, 22 chg coeffs, 190 upgd conss, 0 impls, 193 clqs
(round 8, exhaustive) 39 del vars, 7 del conss, 0 add conss, 0 chg bounds, 3 chg sides, 22 chg coeffs, 190 upgd conss, 0 impls, 193 clqs
   (0.0s) probing: 51/461 (11.1%) - 0 fixings, 0 aggregations, 0 implications, 0 bound changes
   (0.0s) probing aborted: 50/50 successive totally useless probings
   (0.0s) symmetry computation started: requiring (bin +, int +, cont +), (fixed: bin -, int -, cont -)
   (0.0s) no symmetry present (symcode time: 0.00)
presolving (9 rounds: 9 fast, 7 medium, 5 exhaustive):
 39 deleted vars, 7 deleted constraints, 0 added constraints, 0 tightened bounds, 0 added holes, 3 changed sides, 22 changed coefficients
 0 implications, 193 cliques
presolved problem has 461 variables (461 bin, 0 int, 0 impl, 0 cont) and 187 constraints
    187 constraints of type <setppc>
Presolving Time: 0.03

 time | node  | left  |LP iter|LP it/n|mem/heur|mdpt |vars |cons |rows |cuts |sepa|confs|strbr|  dualbound   | primalbound  |  gap   | compl. 
  0.2s|     1 |     0 |  1609 |     - |  5934k |   0 | 461 | 187 | 187 |   0 |  0 |   0 |   0 | 7.505665e+03 |      --      |    Inf | unknown
d 0.2s|     1 |     0 |  1609 |     - |distribu|   0 | 461 | 187 | 187 |   0 |  1 |   0 |   0 | 7.505665e+03 | 2.067717e+03 | 262.99%| unknown
d 0.2s|     1 |     0 |  1778 |     - |distribu|   0 | 461 | 187 | 187 |   0 |  1 |   0 |   0 | 7.505665e+03 | 3.144607e+03 | 138.68%| unknown
d 0.2s|     1 |     0 |  1851 |     - |distribu|   0 | 461 | 187 | 187 |   0 |  1 |   0 |   0 | 7.505665e+03 | 5.185669e+03 |  44.74%| unknown
d 0.2s|     1 |     0 |  1900 |     - |distribu|   0 | 461 | 187 | 187 |   0 |  1 |   0 |   0 | 7.505665e+03 | 5.629983e+03 |  33.32%| unknown
d 0.2s|     1 |     0 |  1908 |     - |distribu|   0 | 461 | 187 | 187 |   0 |  1 |   0 |   0 | 7.505665e+03 | 6.459514e+03 |  16.20%| unknown
  0.2s|     1 |     0 |  1908 |     - |  6073k |   0 | 461 | 187 | 187 |   0 |  1 |   0 |   0 | 7.505665e+03 | 6.459514e+03 |  16.20%| unknown
  0.4s|     1 |     2 |  1908 |     - |  6223k |   0 | 461 | 187 | 187 |   0 |  2 |   0 |  25 | 7.449221e+03 | 6.459514e+03 |  15.32%| unknown

SCIP Status        : solving was interrupted [node limit reached]
Solving Time (sec) : 0.43
Solving Nodes      : 1
Primal Bound       : +6.45951398964218e+03 (35 solutions)
Dual Bound         : +7.44922149955959e+03
Gap                : 15.32 %
