presolving:
(round 1, fast)       1 del vars, 2 del conss, 0 add conss, 0 chg bounds, 0 chg sides, 0 chg coeffs, 0 upgd conss, 0 impls, 192 clqs
(round 2, fast)       2 del vars, 2 del conss, 0 add conss, 0 chg bounds, 0 chg sides, 0 chg coeffs, 0 upgd conss, 0 impls, 192 clqs
   (0.0s) running MILP presolver
   (0.0s) MILP presolver (2 rounds): 0 aggregations, 18 fixings, 0 bound changes
(round 3, medium)     20 del vars, 2 del conss, 0 add conss, 0 chg bounds, 0 chg sides, 0 chg coeffs, 0 upgd conss, 0 impls, 192 clqs
(round 4, exhaustive) 20 del vars, 3 del conss, 0 add conss, 0 chg bounds, 1 chg sides, 0 chg coeffs, 0 upgd conss, 0 impls, 192 clqs
(round 5, exhaustive) 20 del vars, 3 del conss, 0 add conss, 0 chg bounds, 1 chg sides, 0 chg coeffs, 191 upgd conss, 0 impls, 192 clqs
(round 6, medium)     56 del vars, 3 del conss, 0 add conss, 0 chg bounds, 1 chg sides, 36 chg coeffs, 191 upgd conss, 0 impls, 192 clqs
(round 7, fast)       70 del vars, 3 del conss, 0 add conss, 0 chg bounds, 1 chg sides, 36 chg coeffs, 191 upgd conss, 0 impls, 192 clqs
(round 8, exhaustive) 70 del vars, 6 del conss, 0 add conss, 0 chg bounds, 1 chg sides, 36 chg coeffs, 191 upgd conss, 0 impls, 192 clqs
   (0.0s) probing: 51/430 (11.9%) - 0 fixings, 0 aggregations, 0 implications, 0 bound changes
   (0.0s) probing aborted: 50/50 successive totally useless probings
   (0.0s) symmetry computation started: requiring (bin +, int +, cont +), (fixed: bin -, int -, cont -)
   (0.0s) no symmetry present (symcode time: 0.00)
presolving (9 rounds: 9 fast, 6 medium, 4 exhaustive):
 70 deleted vars, 6 deleted constraints, 0 added constraints, 0 tightened bounds, 0 added holes, 1 changed sides, 36 changed coefficients
 0 implications, 192 cliques
presolved problem has 430 variables (430 bin, 0 int, 0 impl, 0 cont) and 188 constraints
    188 constraints of type <setppc>
Presolving Time: 0.03

 time | node  | left  |LP iter|LP it/n|mem/heur|mdpt |vars |cons |rows |cuts |sepa|confs|strbr|  dualbound   | primalbound  |  gap   | compl. 
  0.1s|     1 |     0 |  1179 |     - |  5134k |   0 | 430 | 188 | 188 |   0 |  0 |   0 |   0 | 8.279258e+03 |      --      |    Inf | unknown
d 0.1s|     1 |     0 |  1179 |     - |distribu|   0 | 430 | 188 | 188 |   0 |  1 |   0 |   0 | 8.279258e+03 | 3.044752e+03 | 171.92%| unknown
d 0.1s|     1 |     0 |  1256 |     - |distribu|   0 | 430 | 188 | 188 |   0 |  1 |   0 |   0 | 8.279258e+03 | 4.208561e+03 |  96.72%| unknown
d 0.1s|     1 |     0 |  1291 |     - |distribu|   0 | 430 | 188 | 188 |   0 |  1 |   0 |   0 | 8.279258e+03 | 4.504620e+03 |  83.79%| unknown
d 0.1s|     1 |     0 |  1352 |     - |distribu|   0 | 430 | 188 | 188 |   0 |  1 |   0 |   0 | 8.279258e+03 | 7.752038e+03 |   6.80%| unknown
  0.1s|     1 |     0 |  1352 |     - |  5218k |   0 | 430 | 188 | 188 |   0 |  1 |   0 |   0 | 8.279258e+03 | 7.752038e+03 |   6.80%| unknown
  0.4s|     1 |     2 |  1352 |     - |  5571k |   0 | 430 | 188 | 188 |   0 |  2 |   0 |  31 | 8.236428e+03 | 7.752038e+03 |   6.25%| unknown

SCIP Status        : solving was interrupted [node limit reached]
Solving Time (sec) : 0.41
Solving Nodes      : 1
Primal Bound       : +7.75203777991400e+03 (41 solutions)
Dual Bound         : +8.23642843941392e+03
Gap                : 6.25 %
