presolving:
(round 1, fast)       1 del vars, 1 del conss, 0 add conss, 0 chg bounds, 0 chg sides, 0 chg coeffs, 0 upgd conss, 0 impls, 189 clqs
   (0.0s) running MILP presolver
   (0.0s) MILP presolver (2 rounds): 0 aggregations, 32 fixings, 0 bound changes
(round 2, medium)     33 del vars, 1 del conss, 0 add conss, 0 chg bounds, 0 chg sides, 0 chg coeffs, 0 upgd conss, 0 impls, 189 clqs
(round 3, exhaustive) 33 del vars, 10 del conss, 0 add conss, 0 chg bounds, 9 chg sides, 0 chg coeffs, 0 upgd conss, 0 impls, 189 clqs
(round 4, exhaustive) 33 del vars, 10 del conss, 0 add conss, 0 chg bounds, 9 chg sides, 0 chg coeffs, 180 upgd conss, 0 impls, 189 clqs
(round 5, medium)     76 del vars, 10 del conss, 0 add conss, 0 chg bounds, 9 chg sides, 43 chg coeffs, 180 upgd conss, 0 impls, 189 clqs
(round 6, fast)       112 del vars, 14 del conss, 0 add conss, 0 chg bounds, 9 chg sides, 43 chg coeffs, 180 upgd conss, 0 impls, 183 clqs
(round 7, fast)       113 del vars, 14 del conss, 0 add conss, 0 chg bounds, 9 chg sides, 43 chg coeffs, 180 upgd conss, 0 impls, 183 clqs
   (0.0s) running MILP presolver
   (0.0s) MILP presolver found nothing
(round 8, medium)     114 del vars, 14 del conss, 0 add conss, 0 chg bounds, 9 chg sides, 44 chg coeffs, 180 upgd conss, 0 impls, 183 clqs
(round 9, exhaustive) 114 del vars, 21 del conss, 0 add conss, 0 chg bounds, 9 chg sides, 44 chg coeffs, 180 upgd conss, 0 impls, 183 clqs
   (0.0s) probing: 51/386 (13.2%) - 0 fixings, 0 aggregations, 0 implications, 0 bound changes
   (0.0s) probing aborted: 50/50 successive totally useless probings
   (0.0s) symmetry computation started: requiring (bin +, int +, cont +), (fixed: bin -, int -, cont -)
   (0.0s) no symmetry present (symcode time: 0.01)
presolving (10 rounds: 10 fast, 7 medium, 4 exhaustive):
 114 deleted vars, 21 deleted constraints, 0 added constraints, 0 tightened bounds, 0 added holes, 9 changed sides, 44 changed coefficients
 0 implications, 183 cliques
presolved problem has 386 variables (386 bin, 0 int, 0 impl, 0 cont) and 169 constraints
    169 constraints of type <setppc>
Presolving Time: 0.05

 time | node  | left  |LP iter|LP it/n|mem/heur|mdpt |vars |cons |rows |cuts |sepa|confs|strbr|  dualbound   | primalbound  |  gap   | compl. 
  0.1s|     1 |     0 |  1218 |     - |  4909k |   0 | 386 | 169 | 169 |   0 |  0 |   0 |   0 | 7.358394e+03 |      --      |    Inf | unknown
d 0.1s|     1 |     0 |  1218 |     - |distribu|   0 | 386 | 169 | 169 |   0 |  1 |   0 |   0 | 7.358394e+03 | 3.428788e+03 | 114.61%| unknown
d 0.1s|     1 |     0 |  1235 |     - |distribu|   0 | 386 | 169 | 169 |   0 |  1 |   0 |   0 | 7.358394e+03 | 4.153773e+03 |  77.15%| unknown
d 0.2s|     1 |     0 |  1491 |     - |distribu|   0 | 386 | 169 | 169 |   0 |  1 |   0 |   0 | 7.358394e+03 | 4.158577e+03 |  76.94%| unknown
d 0.2s|     1 |     0 |  1523 |     - |distribu|   0 | 386 | 169 | 169 |   0 |  1 |   0 |   0 | 7.358394e+03 | 6.214737e+03 |  18.40%| unknown
d 0.2s|     1 |     0 |  1525 |     - |distribu|   0 | 386 | 169 | 169 |   0 |  1 |   0 |   0 | 7.358394e+03 | 6.436542e+03 |  14.32%| unknown
  0.2s|     1 |     0 |  1525 |     - |  5024k |   0 | 386 | 169 | 169 |   0 |  1 |   0 |   0 | 7.358394e+03 | 6.436542e+03 |  14.32%| unknown
  0.4s|     1 |     2 |  1525 |     - |  5289k |   0 | 386 | 169 | 169 |   0 |  2 |   0 |  31 | 7.318439e+03 | 6.436542e+03 |  13.70%| unknown

SCIP Status        : solving was interrupted [node limit reached]
Solving Time (sec) : 0.35
Solving Nodes      : 1
Primal Bound       : +6.43654151102595e+03 (44 solutions)
Dual Bound         : +7.31843918520419e+03
Gap                : 13.70 %
