presolving:
   (0.0s) running MILP presolver
   (0.0s) MILP presolver (2 rounds): 0 aggregations, 17 fixings, 0 bound changes
(round 1, medium)     17 del vars, 0 del conss, 0 add conss, 0 chg bounds, 0 chg sides, 0 chg coeffs, 0 upgd conss, 0 impls, 192 clqs
(round 2, exhaustive) 17 del vars, 4 del conss, 0 add conss, 0 chg bounds, 4 chg sides, 0 chg coeffs, 0 upgd conss, 0 impls, 192 clqs
(round 3, exhaustive) 17 del vars, 4 del conss, 0 add conss, 0 chg bounds, 4 chg sides, 0 chg coeffs, 188 upgd conss, 0 impls, 192 clqs
(round 4, medium)     49 del vars, 4 del conss, 0 add conss, 0 chg bounds, 4 chg sides, 32 chg coeffs, 188 upgd conss, 0 impls, 192 clqs
(round 5, fast)       61 del vars, 5 del conss, 0 add conss, 0 chg bounds, 4 chg sides, 32 chg coeffs, 188 upgd conss, 0 impls, 191 clqs
(round 6, exhaustive) 61 del vars, 6 del conss, 0 add conss, 0 chg bounds, 4 chg sides, 32 chg coeffs, 188 upgd conss, 0 impls, 191 clqs
   (0.0s) probing: 51/439 (11.6%) - 0 fixings, 0 aggregations, 0 implications, 0 bound changes
   (0.0s) probing aborted: 50/50 successive totally useless probings
   (0.0s) symmetry computation started: requiring (bin +, int +, cont +), (fixed: bin -, int -, cont -)
   (0.0s) no symmetry present (symcode time: 0.00)
presolving (7 rounds: 7 fast, 6 medium, 4 exhaustive):
 61 deleted vars, 6 deleted constraints, 0 added constraints, 0 tightened bounds, 0 added holes, 4 changed sides, 32 changed coefficients
 0 implications, 191 cliques
presolved problem has 439 variables (439 bin, 0 int, 0 impl, 0 cont) and 186 constraints
    186 constraints of type <setppc>
Presolving Time: 0.03

 time | node  | left  |LP iter|LP it/n|mem/heur|mdpt |vars |cons |rows |cuts |sepa|confs|strbr|  dualbound   | primalbound  |  gap   | compl. 
  0.1s|     1 |     0 |  1514 |     - |  5602k |   0 | 439 | 186 | 186 |   0 |  0 |   0 |   0 | 7.779889e+03 |      --      |    Inf | unknown
d 0.1s|     1 |     0 |  1514 |     - |distribu|   0 | 439 | 186 | 186 |   0 |  1 |   0 |   0 | 7.779889e+03 | 2.535029e+03 | 206.90%| unknown
d 0.1s|     1 |     0 |  1661 |     - |distribu|   0 | 439 | 186 | 186 |   0 |  1 |   0 |   0 | 7.779889e+03 | 3.385243e+03 | 129.82%| unknown
d 0.1s|     1 |     0 |  1789 |     - |distribu|   0 | 439 | 186 | 186 |   0 |  1 |   0 |   0 | 7.779889e+03 | 3.857288e+03 | 101.69%| unknown
d 0.1s|     1 |     0 |  1873 |     - |distribu|   0 | 439 | 186 | 186 |   0 |  1 |   0 |   0 | 7.779889e+03 | 3.883013e+03 | 100.36%| unknown
d 0.1s|     1 |     0 |  2005 |     - |distribu|   0 | 439 | 186 | 186 |   0 |  1 |   0 |   0 | 7.779889e+03 | 4.810083e+03 |  61.74%| unknown
d 0.1s|     1 |     0 |  2021 |     - |distribu|   0 | 439 | 186 | 186 |   0 |  1 |   0 |   0 | 7.779889e+03 | 4.938570e+03 |  57.53%| unknown
d 0.1s|     1 |     0 |  2041 |     - |distribu|   0 | 439 | 186 | 186 |   0 |  1 |   0 |   0 | 7.779889e+03 | 5.297552e+03 |  46.86%| unknown
d 0.1s|     1 |     0 |  2044 |     - |distribu|   0 | 439 | 186 | 186 |   0 |  1 |   0 |   0 | 7.779889e+03 | 6.104123e+03 |  27.45%| unknown
  0.1s|     1 |     0 |  2044 |     - |  5793k |   0 | 439 | 186 | 186 |   0 |  1 |   0 |   0 | 7.779889e+03 | 6.104123e+03 |  27.45%| unknown
  0.5s|     1 |     2 |  2044 |     - |  5994k |   0 | 439 | 186 | 186 |   0 |  2 |   0 |  45 | 7.735204e+03 | 6.104123e+03 |  26.72%| unknown

SCIP Status        : solving was interrupted [node limit reached]
Solving Time (sec) : 0.50
Solving Nodes      : 1
Primal Bound       : +6.10412313644363e+03 (58 solutions)
Dual Bound         : +7.73520360049739e+03
Gap                : 26.72 %
