presolving:
(round 1, fast)       0 del vars, 4 del conss, 0 add conss, 0 chg bounds, 0 chg sides, 0 chg coeffs, 0 upgd conss, 0 impls, 191 clqs
(round 2, fast)       3 del vars, 4 del conss, 0 add conss, 0 chg bounds, 0 chg sides, 0 chg coeffs, 0 upgd conss, 0 impls, 191 clqs
   (0.0s) running MILP presolver
   (0.0s) MILP presolver (2 rounds): 0 aggregations, 6 fixings, 0 bound changes
(round 3, medium)     9 del vars, 4 del conss, 0 add conss, 0 chg bounds, 0 chg sides, 0 chg coeffs, 0 upgd conss, 0 impls, 191 clqs
(round 4, exhaustive) 9 del vars, 5 del conss, 0 add conss, 0 chg bounds, 1 chg sides, 0 chg coeffs, 0 upgd conss, 0 impls, 191 clqs
(round 5, exhaustive) 9 del vars, 5 del conss, 0 add conss, 0 chg bounds, 1 chg sides, 0 chg coeffs, 190 upgd conss, 0 impls, 191 clqs
(round 6, medium)     38 del vars, 5 del conss, 0 add conss, 0 chg bounds, 1 chg sides, 29 chg coeffs, 190 upgd conss, 0 impls, 191 clqs
(round 7, fast)       43 del vars, 6 del conss, 0 add conss, 0 chg bounds, 1 chg sides, 29 chg coeffs, 190 upgd conss, 0 impls, 190 clqs
(round 8, exhaustive) 43 del vars, 8 del conss, 0 add conss, 0 chg bounds, 1 chg sides, 29 chg coeffs, 190 upgd conss, 0 impls, 190 clqs
(round 9, exhaustive) 44 del vars, 8 del conss, 0 add conss, 0 chg bounds, 1 chg sides, 29 chg coeffs, 190 upgd conss, 0 impls, 190 clqs
   (0.0s) probing: 51/456 (11.2%) - 0 fixings, 0 aggregations, 0 implications, 0 bound changes
   (0.0s) probing aborted: 50/50 successive totally useless probings
   (0.0s) symmetry computation started: requiring (bin +, int +, cont +), (fixed: bin -, int -, cont -)
   (0.0s) no symmetry present (symcode time: 0.00)
presolving (10 rounds: 10 fast, 7 medium, 5 exhaustive):
 44 deleted vars, 8 deleted constraints, 0 added constraints, 0 tightened bounds, 0 added holes, 1 changed sides, 29 changed coefficients
 0 implications, 190 cliques
presolved problem has 456 variables (456 bin, 0 int, 0 impl, 0 cont) and 187 constraints
    187 constraints of type <setppc>
Presolving Time: 0.02

 time | node  | left  |LP iter|LP it/n|mem/heur|mdpt |vars |cons |rows |cuts |sepa|confs|strbr|  dualbound   | primalbound  |  gap   | compl. 
  0.1s|     1 |     0 |  1878 |     - |  5451k |   0 | 456 | 187 | 187 |   0 |  0 |   0 |   0 | 7.466976e+03 |      --      |    Inf | unknown
d 0.1s|     1 |     0 |  1878 |     - |distribu|   0 | 456 | 187 | 187 |   0 |  1 |   0 |   0 | 7.466976e+03 | 2.167558e+03 | 244.49%| unknown
d 0.1s|     1 |     0 |  2021 |     - |distribu|   0 | 456 | 187 | 187 |   0 |  1 |   0 |   0 | 7.466976e+03 | 2.525357e+03 | 195.68%| unknown
d 0.1s|     1 |     0 |  2136 |     - |distribu|   0 | 456 | 187 | 187 |   0 |  1 |   0 |   0 | 7.466976e+03 | 3.430149e+03 | 117.69%| unknown
d 0.1s|     1 |     0 |  2175 |     - |distribu|   0 | 456 | 187 | 187 |   0 |  1 |   0 |   0 | 7.466976e+03 | 3.895037e+03 |  91.70%| unknown
d 0.1s|     1 |     0 |  2232 |     - |distribu|   0 | 456 | 187 | 187 |   0 |  1 |   0 |   0 | 7.466976e+03 | 4.957578e+03 |  50.62%| unknown
d 0.1s|     1 |     0 |  2338 |     - |distribu|   0 | 456 | 187 | 187 |   0 |  1 |   0 |   0 | 7.466976e+03 | 5.938626e+03 |  25.74%| unknown
  0.1s|     1 |     0 |  2338 |     - |  5600k |   0 | 456 | 187 | 187 |   0 |  1 |   0 |   0 | 7.466976e+03 | 5.938626e+03 |  25.74%| unknown
  0.2s|     1 |     2 |  2338 |     - |  5751k |   0 | 456 | 187 | 187 |   0 |  2 |   0 |  22 | 7.404504e+03 | 5.938626e+03 |  24.68%| unknown

SCIP Status        : solving was interrupted [node limit reached]
Solving Time (sec) : 0.25
Solving Nodes      : 1
Primal Bound       : +5.93862638561550e+03 (31 solutions)
Dual Bound         : +7.40450446310662e+03
Gap                : 24.68 %
