presolving:
(round 1, fast)       0 del vars, 1 del conss, 0 add conss, 0 chg bounds, 0 chg sides, 0 chg coeffs, 0 upgd conss, 0 impls, 189 clqs
   (0.0s) running MILP presolver
   (0.0s) MILP presolver (2 rounds): 0 aggregations, 23 fixings, 0 bound changes
(round 2, medium)     23 del vars, 1 del conss, 0 add conss, 0 chg bounds, 0 chg sides, 0 chg coeffs, 0 upgd conss, 0 impls, 188 clqs
(round 3, fast)       23 del vars, 2 del conss, 0 add conss, 0 chg bounds, 0 chg sides, 0 chg coeffs, 0 upgd conss, 0 impls, 188 clqs
(round 4, exhaustive) 23 del vars, 10 del conss, 0 add conss, 0 chg bounds, 8 chg sides, 0 chg coeffs, 0 upgd conss, 0 impls, 188 clqs
(round 5, exhaustive) 23 del vars, 10 del conss, 0 add conss, 0 chg bounds, 8 chg sides, 0 chg coeffs, 180 upgd conss, 0 impls, 188 clqs
(round 6, medium)     70 del vars, 10 del conss, 0 add conss, 0 chg bounds, 8 chg sides, 47 chg coeffs, 180 upgd conss, 0 impls, 188 clqs
(round 7, fast)       105 del vars, 13 del conss, 0 add conss, 0 chg bounds, 8 chg sides, 47 chg coeffs, 180 upgd conss, 0 impls, 185 clqs
   (0.0s) running MILP presolver
   (0.0s) MILP presolver (2 rounds): 0 aggregations, 7 fixings, 0 bound changes
(round 8, medium)     112 del vars, 13 del conss, 0 add conss, 0 chg bounds, 8 chg sides, 47 chg coeffs, 180 upgd conss, 0 impls, 185 clqs
(round 9, exhaustive) 112 del vars, 22 del conss, 0 add conss, 0 chg bounds, 8 chg sides, 47 chg coeffs, 180 upgd conss, 0 impls, 185 clqs
   (0.0s) probing: 51/388 (13.1%) - 0 fixings, 0 aggregations, 0 implications, 0 bound changes
   (0.0s) probing aborted: 50/50 successive totally useless probings
   (0.0s) symmetry computation started: requiring (bin +, int +, cont +), (fixed: bin -, int -, cont -)
   (0.0s) no symmetry present (symcode time: 0.00)
presolving (10 rounds: 10 fast, 7 medium, 4 exhaustive):
 112 deleted vars, 22 deleted constraints, 0 added constraints, 0 tightened bounds, 0 added holes, 8 changed sides, 47 changed coefficients
 0 implications, 185 cliques
presolved problem has 388 variables (388 bin, 0 int, 0 impl, 0 cont) and 168 constraints
    168 constraints of type <setppc>
Presolving Time: 0.02

 time | node  | left  |LP iter|LP it/n|mem/heur|mdpt |vars |cons |rows |cuts |sepa|confs|strbr|  dualbound   | primalbound  |  gap   | compl. 
  0.1s|     1 |     0 |  1042 |     - |  4916k |   0 | 388 | 168 | 168 |   0 |  0 |   0 |   0 | 7.337736e+03 |      --      |    Inf | unknown
d 0.1s|     1 |     0 |  1042 |     - |distribu|   0 | 388 | 168 | 168 |   0 |  1 |   0 |   0 | 7.337736e+03 | 3.276840e+03 | 123.93%| unknown
d 0.1s|     1 |     0 |  1075 |     - |distribu|   0 | 388 | 168 | 168 |   0 |  1 |   0 |   0 | 7.337736e+03 | 3.353742e+03 | 118.79%| unknown
d 0.1s|     1 |     0 |  1186 |     - |distribu|   0 | 388 | 168 | 168 |   0 |  1 |   0 |   0 | 7.337736e+03 | 4.567503e+03 |  60.65%| unknown
d 0.1s|     1 |     0 |  1243 |     - |distribu|   0 | 388 | 168 | 168 |   0 |  1 |   0 |   0 | 7.337736e+03 | 5.179341e+03 |  41.67%| unknown
d 0.1s|     1 |     0 |  1259 |     - |distribu|   0 | 388 | 168 | 168 |   0 |  1 |   0 |   0 | 7.337736e+03 | 6.799368e+03 |   7.92%| unknown
  0.1s|     1 |     0 |  1259 |     - |  5023k |   0 | 388 | 168 | 168 |   0 |  1 |   0 |   0 | 7.337736e+03 | 6.799368e+03 |   7.92%| unknown
  0.2s|     1 |     2 |  1259 |     - |  5202k |   0 | 388 | 168 | 168 |   0 |  2 |   0 |  24 | 7.314208e+03 | 6.799368e+03 |   7.57%| unknown

SCIP Status        : solving was interrupted [node limit reached]
Solving Time (sec) : 0.17
Solving Nodes      : 1
Primal Bound       : +6.79936768107294e+03 (32 solutions)
Dual Bound         : +7.31420836755180e+03
Gap                : 7.57 %
