presolving:
(round 1, fast)       0 del vars, 1 del conss, 0 add conss, 0 chg bounds, 0 chg sides, 0 chg coeffs, 0 upgd conss, 0 impls, 199 clqs
   (0.0s) running MILP presolver
   (0.0s) MILP presolver (2 rounds): 0 aggregations, 23 fixings, 0 bound changes
(round 2, medium)     23 del vars, 1 del conss, 0 add conss, 0 chg bounds, 0 chg sides, 0 chg coeffs, 0 upgd conss, 0 impls, 197 clqs
(round 3, fast)       23 del vars, 3 del conss, 0 add conss, 0 chg bounds, 0 chg sides, 0 chg coeffs, 0 upgd conss, 0 impls, 197 clqs
(round 4, exhaustive) 23 del vars, 10 del conss, 0 add conss, 0 chg bounds, 7 chg sides, 0 chg coeffs, 0 upgd conss, 0 impls, 197 clqs
(round 5, exhaustive) 23 del vars, 10 del conss, 0 add conss, 0 chg bounds, 7 chg sides, 0 chg coeffs, 190 upgd conss, 0 impls, 197 clqs
(round 6, medium)     53 del vars, 10 del conss, 0 add conss, 0 chg bounds, 7 chg sides, 30 chg coeffs, 190 upgd conss, 0 impls, 197 clqs
(round 7, fast)       66 del vars, 12 del conss, 0 add conss, 0 chg bounds, 7 chg sides, 30 chg coeffs, 190 upgd conss, 0 impls, 195 clqs
(round 8, exhaustive) 66 del vars, 16 del conss, 0 add conss, 0 chg bounds, 7 chg sides, 30 chg coeffs, 190 upgd conss, 0 impls, 195 clqs
   (0.0s) probing: 51/434 (11.8%) - 0 fixings, 0 aggregations, 0 implications, 0 bound changes
   (0.0s) probing aborted: 50/50 successive totally useless probings
   (0.0s) symmetry computation started: requiring (bin +, int +, cont +), (fixed: bin -, int -, cont -)
   (0.0s) no symmetry present (symcode time: 0.00)
presolving (9 rounds: 9 fast, 6 medium, 4 exhaustive):
 66 deleted vars, 16 deleted constraints, 0 added constraints, 0 tightened bounds, 0 added holes, 7 changed sides, 30 changed coefficients
 0 implications, 195 cliques
presolved problem has 434 variables (434 bin, 0 int, 0 impl, 0 cont) and 184 constraints
    184 constraints of type <setppc>
Presolving Time: 0.02

 time | node  | left  |LP iter|LP it/n|mem/heur|mdpt |vars |cons |rows |cuts |sepa|confs|strbr|  dualbound   | primalbound  |  gap   | compl. 
  0.1s|     1 |     0 |  1598 |     - |  5507k |   0 | 434 | 184 | 184 |   0 |  0 |   0 |   0 | 7.554730e+03 |      --      |    Inf | unknown
d 0.1s|     1 |     0 |  1598 |     - |distribu|   0 | 434 | 184 | 184 |   0 |  1 |   0 |   0 | 7.554730e+03 | 2.424289e+03 | 211.63%| unknown
d 0.1s|     1 |     0 |  1666 |     - |distribu|   0 | 434 | 184 | 184 |   0 |  1 |   0 |   0 | 7.554730e+03 | 3.278581e+03 | 130.43%| unknown
d 0.1s|     1 |     0 |  1745 |     - |distribu|   0 | 434 | 184 | 184 |   0 |  1 |   0 |   0 | 7.554730e+03 | 3.416964e+03 | 121.09%| unknown
d 0.1s|     1 |     0 |  1821 |     - |distribu|   0 | 434 | 184 | 184 |   0 |  1 |   0 |   0 | 7.554730e+03 | 6.657926e+03 |  13.47%| unknown
  0.1s|     1 |     0 |  1821 |     - |  5611k |   0 | 434 | 184 | 184 |   0 |  1 |   0 |   0 | 7.554730e+03 | 6.657926e+03 |  13.47%| unknown
  0.3s|     1 |     2 |  1821 |     - |  5765k |   0 | 434 | 184 | 184 |   0 |  2 |   0 |  41 | 7.521689e+03 | 6.657926e+03 |  12.97%| unknown

SCIP Status        : solving was interrupted [node limit reached]
Solving Time (sec) : 0.33
Solving Nodes      : 1
Primal Bound       : +6.65792583093076e+03 (46 solutions)
Dual Bound         : +7.52168933703277e+03
Gap                : 12.97 %
