presolving:
(round 1, fast)       1 del vars, 1 del conss, 0 add conss, 0 chg bounds, 0 chg sides, 0 chg coeffs, 0 upgd conss, 0 impls, 189 clqs
   (0.0s) running MILP presolver
   (0.0s) MILP presolver (2 rounds): 0 aggregations, 12 fixings, 0 bound changes
(round 2, medium)     13 del vars, 1 del conss, 0 add conss, 0 chg bounds, 0 chg sides, 0 chg coeffs, 0 upgd conss, 0 impls, 189 clqs
(round 3, exhaustive) 13 del vars, 5 del conss, 0 add conss, 0 chg bounds, 4 chg sides, 0 chg coeffs, 0 upgd conss, 0 impls, 189 clqs
(round 4, exhaustive) 13 del vars, 5 del conss, 0 add conss, 0 chg bounds, 4 chg sides, 0 chg coeffs, 185 upgd conss, 0 impls, 189 clqs
(round 5, medium)     50 del vars, 5 del conss, 0 add conss, 0 chg bounds, 4 chg sides, 37 chg coeffs, 185 upgd conss, 0 impls, 189 clqs
(round 6, fast)       76 del vars, 7 del conss, 0 add conss, 0 chg bounds, 4 chg sides, 37 chg coeffs, 185 upgd conss, 0 impls, 187 clqs
(round 7, exhaustive) 76 del vars, 10 del conss, 0 add conss, 0 chg bounds, 4 chg sides, 37 chg coeffs, 185 upgd conss, 0 impls, 187 clqs
   (0.0s) probing: 51/424 (12.0%) - 0 fixings, 0 aggregations, 0 implications, 0 bound changes
   (0.0s) probing aborted: 50/50 successive totally useless probings
   (0.0s) symmetry computation started: requiring (bin +, int +, cont +), (fixed: bin -, int -, cont -)
   (0.0s) no symmetry present (symcode time: 0.00)
presolving (8 rounds: 8 fast, 6 medium, 4 exhaustive):
 76 deleted vars, 10 deleted constraints, 0 added constraints, 0 tightened bounds, 0 added holes, 4 changed sides, 37 changed coefficients
 0 implications, 187 cliques
presolved problem has 424 variables (424 bin, 0 int, 0 impl, 0 cont) and 180 constraints
    180 constraints of type <setppc>
Presolving Time: 0.02

 time | node  | left  |LP iter|LP it/n|mem/heur|mdpt |vars |cons |rows |cuts |sepa|confs|strbr|  dualbound   | primalbound  |  gap   | compl. 
  0.1s|     1 |     0 |  1185 |     - |  5427k |   0 | 424 | 180 | 180 |   0 |  0 |   0 |   0 | 7.366717e+03 |      --      |    Inf | unknown
d 0.1s|     1 |     0 |  1185 |     - |distribu|   0 | 424 | 180 | 180 |   0 |  1 |   0 |   0 | 7.366717e+03 | 3.034692e+03 | 142.75%| unknown
d 0.1s|     1 |     0 |  1265 |     - |distribu|   0 | 424 | 180 | 180 |   0 |  1 |   0 |   0 | 7.366717e+03 | 3.242839e+03 | 127.17%| unknown
d 0.1s|     1 |     0 |  1294 |     - |distribu|   0 | 424 | 180 | 180 |   0 |  1 |   0 |   0 | 7.366717e+03 | 3.870576e+03 |  90.33%| unknown
d 0.1s|     1 |     0 |  1338 |     - |distribu|   0 | 424 | 180 | 180 |   0 |  1 |   0 |   0 | 7.366717e+03 | 7.150893e+03 |   3.02%| unknown
  0.1s|     1 |     0 |  1338 |     - |  5531k |   0 | 424 | 180 | 180 |   0 |  1 |   0 |   0 | 7.366717e+03 | 7.150893e+03 |   3.02%| unknown
  0.1s|     1 |     0 |  1338 |     - |  5531k |   0 | 424 | 180 | 179 |   0 |  1 |   0 |   0 | 7.366717e+03 | 7.150893e+03 |   3.02%| unknown

SCIP Status        : solving was interrupted [node limit reached]
Solving Time (sec) : 0.08
Solving Nodes      : 1
Primal Bound       : +7.15089337688175e+03 (4 solutions)
Dual Bound         : +7.36671726960682e+03
Gap                : 3.02 %
