presolving:
   (0.0s) running MILP presolver
   (0.0s) MILP presolver (2 rounds): 0 aggregations, 16 fixings, 0 bound changes
(round 1, medium)     16 del vars, 0 del conss, 0 add conss, 0 chg bounds, 0 chg sides, 0 chg coeffs, 0 upgd conss, 0 impls, 189 clqs
(round 2, fast)       16 del vars, 1 del conss, 0 add conss, 0 chg bounds, 0 chg sides, 0 chg coeffs, 0 upgd conss, 0 impls, 189 clqs
(round 3, exhaustive) 16 del vars, 6 del conss, 0 add conss, 0 chg bounds, 5 chg sides, 0 chg coeffs, 0 upgd conss, 0 impls, 189 clqs
(round 4, exhaustive) 16 del vars, 6 del conss, 0 add conss, 0 chg bounds, 5 chg sides, 0 chg coeffs, 184 upgd conss, 0 impls, 189 clqs
(round 5, medium)     55 del vars, 6 del conss, 0 add conss, 0 chg bounds, 5 chg sides, 39 chg coeffs, 184 upgd conss, 0 impls, 189 clqs
(round 6, fast)       75 del vars, 6 del conss, 0 add conss, 0 chg bounds, 5 chg sides, 39 chg coeffs, 184 upgd conss, 0 impls, 189 clqs
(round 7, exhaustive) 75 del vars, 9 del conss, 0 add conss, 0 chg bounds, 5 chg sides, 39 chg coeffs, 184 upgd conss, 0 impls, 189 clqs
   (0.0s) probing: 51/425 (12.0%) - 0 fixings, 0 aggregations, 0 implications, 0 bound changes
   (0.0s) probing aborted: 50/50 successive totally useless probings
   (0.0s) symmetry computation started: requiring (bin +, int +, cont +), (fixed: bin -, int -, cont -)
   (0.0s) no symmetry present (symcode time: 0.00)
presolving (8 rounds: 8 fast, 6 medium, 4 exhaustive):
 75 deleted vars, 9 deleted constraints, 0 added constraints, 0 tightened bounds, 0 added holes, 5 changed sides, 39 changed coefficients
 0 implications, 189 cliques
presolved problem has 425 variables (425 bin, 0 int, 0 impl, 0 cont) and 181 constraints
    181 constraints of type <setppc>
Presolving Time: 0.02

 time | node  | left  |LP iter|LP it/n|mem/heur|mdpt |vars |cons |rows |cuts |sepa|confs|strbr|  dualbound   | primalbound  |  gap   | compl. 
  0.1s|     1 |     0 |  1168 |     - |  5487k |   0 | 425 | 181 | 181 |   0 |  0 |   0 |   0 | 7.577649e+03 |      --      |    Inf | unknown
d 0.1s|     1 |     0 |  1168 |     - |distribu|   0 | 425 | 181 | 181 |   0 |  1 |   0 |   0 | 7.577649e+03 | 3.077736e+03 | 146.21%| unknown
d 0.1s|     1 |     0 |  1255 |     - |distribu|   0 | 425 | 181 | 181 |   0 |  1 |   0 |   0 | 7.577649e+03 | 3.655972e+03 | 107.27%| unknown
d 0.1s|     1 |     0 |  1312 |     - |distribu|   0 | 425 | 181 | 181 |   0 |  1 |   0 |   0 | 7.577649e+03 | 4.227697e+03 |  79.24%| unknown
d 0.1s|     1 |     0 |  1345 |     - |distribu|   0 | 425 | 181 | 181 |   0 |  1 |   0 |   0 | 7.577649e+03 | 7.108119e+03 |   6.61%| unknown
  0.1s|     1 |     0 |  1345 |     - |  5582k |   0 | 425 | 181 | 181 |   0 |  1 |   0 |   0 | 7.577649e+03 | 7.108119e+03 |   6.61%| unknown
  0.2s|     1 |     2 |  1345 |     - |  5765k |   0 | 425 | 181 | 181 |   0 |  2 |   0 |  26 | 7.545662e+03 | 7.108119e+03 |   6.16%| unknown

SCIP Status        : solving was interrupted [node limit reached]
Solving Time (sec) : 0.18
Solving Nodes      : 1
Primal Bound       : +7.10811866725145e+03 (30 solutions)
Dual Bound         : +7.54566171709855e+03
Gap                : 6.16 %
