presolving:
(round 1, fast)       0 del vars, 1 del conss, 0 add conss, 0 chg bounds, 0 chg sides, 0 chg coeffs, 0 upgd conss, 0 impls, 195 clqs
   (0.0s) running MILP presolver
   (0.0s) MILP presolver (2 rounds): 0 aggregations, 13 fixings, 0 bound changes
(round 2, medium)     13 del vars, 1 del conss, 0 add conss, 0 chg bounds, 0 chg sides, 0 chg coeffs, 0 upgd conss, 0 impls, 194 clqs
(round 3, fast)       13 del vars, 2 del conss, 0 add conss, 0 chg bounds, 0 chg sides, 0 chg coeffs, 0 upgd conss, 0 impls, 194 clqs
(round 4, exhaustive) 13 del vars, 6 del conss, 0 add conss, 0 chg bounds, 4 chg sides, 0 chg coeffs, 0 upgd conss, 0 impls, 194 clqs
(round 5, exhaustive) 13 del vars, 6 del conss, 0 add conss, 0 chg bounds, 4 chg sides, 0 chg coeffs, 190 upgd conss, 0 impls, 194 clqs
(round 6, medium)     42 del vars, 6 del conss, 0 add conss, 0 chg bounds, 4 chg sides, 29 chg coeffs, 190 upgd conss, 0 impls, 194 clqs
(round 7, fast)       52 del vars, 6 del conss, 0 add conss, 0 chg bounds, 4 chg sides, 29 chg coeffs, 190 upgd conss, 0 impls, 194 clqs
(round 8, exhaustive) 52 del vars, 10 del conss, 0 add conss, 0 chg bounds, 4 chg sides, 29 chg coeffs, 190 upgd conss, 0 impls, 194 clqs
   (0.0s) probing: 51/448 (11.4%) - 0 fixings, 0 aggregations, 0 implications, 0 bound changes
   (0.0s) probing aborted: 50/50 successive totally useless probings
   (0.0s) symmetry computation started: requiring (bin +, int +, cont +), (fixed: bin -, int -, cont -)
   (0.0s) no symmetry present (symcode time: 0.00)
presolving (9 rounds: 9 fast, 6 medium, 4 exhaustive):
 52 deleted vars, 10 deleted constraints, 0 added constraints, 0 tightened bounds, 0 added holes, 4 changed sides, 29 changed coefficients
 0 implications, 194 cliques
presolved problem has 448 variables (448 bin, 0 int, 0 impl, 0 cont) and 186 constraints
    186 constraints of type <setppc>
Presolving Time: 0.02

 time | node  | left  |LP iter|LP it/n|mem/heur|mdpt |vars |cons |rows |cuts |sepa|confs|strbr|  dualbound   | primalbound  |  gap   | compl. 
  0.1s|     1 |     0 |  1209 |     - |  5555k |   0 | 448 | 186 | 186 |   0 |  0 |   0 |   0 | 8.012525e+03 |      --      |    Inf | unknown
d 0.1s|     1 |     0 |  1209 |     - |distribu|   0 | 448 | 186 | 186 |   0 |  1 |   0 |   0 | 8.012525e+03 | 2.527693e+03 | 216.99%| unknown
d 0.1s|     1 |     0 |  1362 |     - |distribu|   0 | 448 | 186 | 186 |   0 |  1 |   0 |   0 | 8.012525e+03 | 3.600011e+03 | 122.57%| unknown
d 0.1s|     1 |     0 |  1400 |     - |distribu|   0 | 448 | 186 | 186 |   0 |  1 |   0 |   0 | 8.012525e+03 | 4.072657e+03 |  96.74%| unknown
d 0.1s|     1 |     0 |  1457 |     - |distribu|   0 | 448 | 186 | 186 |   0 |  1 |   0 |   0 | 8.012525e+03 | 5.542760e+03 |  44.56%| unknown
d 0.1s|     1 |     0 |  1468 |     - |distribu|   0 | 448 | 186 | 186 |   0 |  1 |   0 |   0 | 8.012525e+03 | 6.437644e+03 |  24.46%| unknown
d 0.1s|     1 |     0 |  1482 |     - |distribu|   0 | 448 | 186 | 186 |   0 |  1 |   0 |   0 | 8.012525e+03 | 6.495930e+03 |  23.35%| unknown
d 0.1s|     1 |     0 |  1485 |     - |distribu|   0 | 448 | 186 | 186 |   0 |  1 |   0 |   0 | 8.012525e+03 | 7.100167e+03 |  12.85%| unknown
  0.1s|     1 |     0 |  1485 |     - |  5680k |   0 | 448 | 186 | 186 |   0 |  1 |   0 |   0 | 8.012525e+03 | 7.100167e+03 |  12.85%| unknown
  0.2s|     1 |     2 |  1485 |     - |  5896k |   0 | 448 | 186 | 186 |   0 |  2 |   0 |  27 | 7.940232e+03 | 7.100167e+03 |  11.83%| unknown

SCIP Status        : solving was interrupted [node limit reached]
Solving Time (sec) : 0.21
Solving Nodes      : 1
Primal Bound       : +7.10016692153139e+03 (35 solutions)
Dual Bound         : +7.94023227955459e+03
Gap                : 11.83 %
