presolving:
(round 1, fast)       0 del vars, 2 del conss, 0 add conss, 0 chg bounds, 0 chg sides, 0 chg coeffs, 0 upgd conss, 0 impls, 191 clqs
   (0.0s) running MILP presolver
   (0.0s) MILP presolver (2 rounds): 0 aggregations, 12 fixings, 0 bound changes
(round 2, medium)     12 del vars, 2 del conss, 0 add conss, 0 chg bounds, 0 chg sides, 0 chg coeffs, 0 upgd conss, 0 impls, 191 clqs
(round 3, exhaustive) 12 del vars, 8 del conss, 0 add conss, 0 chg bounds, 6 chg sides, 0 chg coeffs, 0 upgd conss, 0 impls, 191 clqs
(round 4, exhaustive) 12 del vars, 8 del conss, 0 add conss, 0 chg bounds, 6 chg sides, 0 chg coeffs, 185 upgd conss, 0 impls, 191 clqs
(round 5, medium)     42 del vars, 8 del conss, 0 add conss, 0 chg bounds, 6 chg sides, 30 chg coeffs, 185 upgd conss, 0 impls, 191 clqs
(round 6, fast)       54 del vars, 9 del conss, 0 add conss, 0 chg bounds, 6 chg sides, 30 chg coeffs, 185 upgd conss, 0 impls, 189 clqs
(round 7, exhaustive) 54 del vars, 11 del conss, 0 add conss, 0 chg bounds, 6 chg sides, 30 chg coeffs, 185 upgd conss, 0 impls, 189 clqs
   (0.0s) probing: 51/446 (11.4%) - 0 fixings, 0 aggregations, 0 implications, 0 bound changes
   (0.0s) probing aborted: 50/50 successive totally useless probings
   (0.0s) symmetry computation started: requiring (bin +, int +, cont +), (fixed: bin -, int -, cont -)
   (0.0s) no symmetry present (symcode time: 0.00)
presolving (8 rounds: 8 fast, 6 medium, 4 exhaustive):
 54 deleted vars, 11 deleted constraints, 0 added constraints, 0 tightened bounds, 0 added holes, 6 changed sides, 30 changed coefficients
 0 implications, 189 cliques
presolved problem has 446 variables (446 bin, 0 int, 0 impl, 0 cont) and 182 constraints
    182 constraints of type <setppc>
Presolving Time: 0.01

 time | node  | left  |LP iter|LP it/n|mem/heur|mdpt |vars |cons |rows |cuts |sepa|confs|strbr|  dualbound   | primalbound  |  gap   | compl. 
  0.1s|     1 |     0 |  1485 |     - |  5645k |   0 | 446 | 182 | 182 |   0 |  0 |   0 |   0 | 7.940971e+03 |      --      |    Inf | unknown
d 0.1s|     1 |     0 |  1485 |     - |distribu|   0 | 446 | 182 | 182 |   0 |  1 |   0 |   0 | 7.940971e+03 | 2.461876e+03 | 222.56%| unknown
d 0.1s|     1 |     0 |  1565 |     - |distribu|   0 | 446 | 182 | 182 |   0 |  1 |   0 |   0 | 7.940971e+03 | 2.975691e+03 | 166.86%| unknown
d 0.1s|     1 |     0 |  1700 |     - |distribu|   0 | 446 | 182 | 182 |   0 |  1 |   0 |   0 | 7.940971e+03 | 3.716744e+03 | 113.65%| unknown
d 0.1s|     1 |     0 |  1839 |     - |distribu|   0 | 446 | 182 | 182 |   0 |  1 |   0 |   0 | 7.940971e+03 | 4.020995e+03 |  97.49%| unknown
d 0.1s|     1 |     0 |  1919 |     - |distribu|   0 | 446 | 182 | 182 |   0 |  1 |   0 |   0 | 7.940971e+03 | 4.760256e+03 |  66.82%| unknown
d 0.1s|     1 |     0 |  1930 |     - |distribu|   0 | 446 | 182 | 182 |   0 |  1 |   0 |   0 | 7.940971e+03 | 5.626414e+03 |  41.14%| unknown
d 0.1s|     1 |     0 |  1935 |     - |distribu|   0 | 446 | 182 | 182 |   0 |  1 |   0 |   0 | 7.940971e+03 | 6.452618e+03 |  23.07%| unknown
  0.1s|     1 |     0 |  1935 |     - |  5792k |   0 | 446 | 182 | 182 |   0 |  1 |   0 |   0 | 7.940971e+03 | 6.452618e+03 |  23.07%| unknown
  0.3s|     1 |     2 |  1935 |     - |  5966k |   0 | 446 | 182 | 182 |   0 |  2 |   0 |  41 | 7.903467e+03 | 6.452618e+03 |  22.48%| unknown

SCIP Status        : solving was interrupted [node limit reached]
Solving Time (sec) : 0.28
Solving Nodes      : 1
Primal Bound       : +6.45261775400671e+03 (48 solutions)
Dual Bound         : +7.90346729519865e+03
Gap                : 22.48 %
