presolving:
(round 1, fast)       0 del vars, 1 del conss, 0 add conss, 0 chg bounds, 0 chg sides, 0 chg coeffs, 0 upgd conss, 0 impls, 190 clqs
   (0.0s) running MILP presolver
   (0.0s) MILP presolver (2 rounds): 0 aggregations, 16 fixings, 0 bound changes
(round 2, medium)     16 del vars, 1 del conss, 0 add conss, 0 chg bounds, 0 chg sides, 0 chg coeffs, 0 upgd conss, 0 impls, 190 clqs
(round 3, exhaustive) 16 del vars, 4 del conss, 0 add conss, 0 chg bounds, 3 chg sides, 0 chg coeffs, 0 upgd conss, 0 impls, 190 clqs
(round 4, exhaustive) 16 del vars, 4 del conss, 0 add conss, 0 chg bounds, 3 chg sides, 0 chg coeffs, 187 upgd conss, 0 impls, 190 clqs
(round 5, medium)     55 del vars, 4 del conss, 0 add conss, 0 chg bounds, 3 chg sides, 39 chg coeffs, 187 upgd conss, 0 impls, 190 clqs
(round 6, fast)       76 del vars, 5 del conss, 0 add conss, 0 chg bounds, 3 chg sides, 39 chg coeffs, 187 upgd conss, 0 impls, 188 clqs
(round 7, exhaustive) 76 del vars, 9 del conss, 0 add conss, 0 chg bounds, 3 chg sides, 39 chg coeffs, 187 upgd conss, 0 impls, 188 clqs
   (0.0s) probing: 51/424 (12.0%) - 0 fixings, 0 aggregations, 0 implications, 0 bound changes
   (0.0s) probing aborted: 50/50 successive totally useless probings
   (0.0s) symmetry computation started: requiring (bin +, int +, cont +), (fixed: bin -, int -, cont -)
   (0.0s) no symmetry present (symcode time: 0.00)
presolving (8 rounds: 8 fast, 6 medium, 4 exhaustive):
 76 deleted vars, 9 deleted constraints, 0 added constraints, 0 tightened bounds, 0 added holes, 3 changed sides, 39 changed coefficients
 0 implications, 188 cliques
presolved problem has 424 variables (424 bin, 0 int, 0 impl, 0 cont) and 182 constraints
    182 constraints of type <setppc>
Presolving Time: 0.02

 time | node  | left  |LP iter|LP it/n|mem/heur|mdpt |vars |cons |rows |cuts |sepa|confs|strbr|  dualbound   | primalbound  |  gap   | compl. 
  0.1s|     1 |     0 |  1763 |     - |  5397k |   0 | 424 | 182 | 182 |   0 |  0 |   0 |   0 | 7.730530e+03 |      --      |    Inf | unknown
d 0.1s|     1 |     0 |  1763 |     - |distribu|   0 | 424 | 182 | 182 |   0 |  1 |   0 |   0 | 7.730530e+03 | 2.933823e+03 | 163.50%| unknown
d 0.1s|     1 |     0 |  1805 |     - |distribu|   0 | 424 | 182 | 182 |   0 |  1 |   0 |   0 | 7.730530e+03 | 3.214502e+03 | 140.49%| unknown
d 0.1s|     1 |     0 |  1848 |     - |distribu|   0 | 424 | 182 | 182 |   0 |  1 |   0 |   0 | 7.730530e+03 | 3.680858e+03 | 110.02%| unknown
d 0.1s|     1 |     0 |  1937 |     - |distribu|   0 | 424 | 182 | 182 |   0 |  1 |   0 |   0 | 7.730530e+03 | 5.029625e+03 |  53.70%| unknown
d 0.1s|     1 |     0 |  2012 |     - |distribu|   0 | 424 | 182 | 182 |   0 |  1 |   0 |   0 | 7.730530e+03 | 6.582581e+03 |  17.44%| unknown
  0.1s|     1 |     0 |  2012 |     - |  5512k |   0 | 424 | 182 | 182 |   0 |  1 |   0 |   0 | 7.730530e+03 | 6.582581e+03 |  17.44%| unknown
  0.3s|     1 |     2 |  2012 |     - |  5690k |   0 | 424 | 182 | 182 |   0 |  2 |   0 |  32 | 7.694725e+03 | 6.582581e+03 |  16.90%| unknown

SCIP Status        : solving was interrupted [node limit reached]
Solving Time (sec) : 0.26
Solving Nodes      : 1
Primal Bound       : +6.58258144888189e+03 (39 solutions)
Dual Bound         : +7.69472474463964e+03
Gap                : 16.90 %
