presolving:
(round 1, fast)       1 del vars, 1 del conss, 0 add conss, 0 chg bounds, 0 chg sides, 0 chg coeffs, 0 upgd conss, 0 impls, 193 clqs
   (0.0s) running MILP presolver
   (0.0s) MILP presolver (2 rounds): 0 aggregations, 18 fixings, 0 bound changes
(round 2, medium)     19 del vars, 1 del conss, 0 add conss, 0 chg bounds, 0 chg sides, 0 chg coeffs, 0 upgd conss, 0 impls, 192 clqs
(round 3, fast)       19 del vars, 2 del conss, 0 add conss, 0 chg bounds, 0 chg sides, 0 chg coeffs, 0 upgd conss, 0 impls, 192 clqs
(round 4, exhaustive) 19 del vars, 10 del conss, 0 add conss, 0 chg bounds, 8 chg sides, 0 chg coeffs, 0 upgd conss, 0 impls, 192 clqs
(round 5, exhaustive) 19 del vars, 10 del conss, 0 add conss, 0 chg bounds, 8 chg sides, 0 chg coeffs, 184 upgd conss, 0 impls, 192 clqs
(round 6, medium)     52 del vars, 10 del conss, 0 add conss, 0 chg bounds, 8 chg sides, 33 chg coeffs, 184 upgd conss, 0 impls, 192 clqs
(round 7, fast)       66 del vars, 10 del conss, 0 add conss, 0 chg bounds, 8 chg sides, 33 chg coeffs, 184 upgd conss, 0 impls, 191 clqs
(round 8, exhaustive) 66 del vars, 14 del conss, 0 add conss, 0 chg bounds, 8 chg sides, 33 chg coeffs, 184 upgd conss, 0 impls, 191 clqs
   (0.0s) probing: 51/434 (11.8%) - 0 fixings, 0 aggregations, 0 implications, 0 bound changes
   (0.0s) probing aborted: 50/50 successive totally useless probings
   (0.0s) symmetry computation started: requiring (bin +, int +, cont +), (fixed: bin -, int -, cont -)
   (0.0s) no symmetry present (symcode time: 0.00)
presolving (9 rounds: 9 fast, 6 medium, 4 exhaustive):
 66 deleted vars, 14 deleted constraints, 0 added constraints, 0 tightened bounds, 0 added holes, 8 changed sides, 33 changed coefficients
 0 implications, 191 cliques
presolved problem has 434 variables (434 bin, 0 int, 0 impl, 0 cont) and 180 constraints
    180 constraints of type <setppc>
Presolving Time: 0.02

 time | node  | left  |LP iter|LP it/n|mem/heur|mdpt |vars |cons |rows |cuts |sepa|confs|strbr|  dualbound   | primalbound  |  gap   | compl. 
  0.1s|     1 |     0 |  1692 |     - |  5515k |   0 | 434 | 180 | 180 |   0 |  0 |   0 |   0 | 8.146395e+03 |      --      |    Inf | unknown
d 0.1s|     1 |     0 |  1692 |     - |distribu|   0 | 434 | 180 | 180 |   0 |  1 |   0 |   0 | 8.146395e+03 | 2.453137e+03 | 232.08%| unknown
d 0.1s|     1 |     0 |  1839 |     - |distribu|   0 | 434 | 180 | 180 |   0 |  1 |   0 |   0 | 8.146395e+03 | 2.617270e+03 | 211.26%| unknown
d 0.1s|     1 |     0 |  1935 |     - |distribu|   0 | 434 | 180 | 180 |   0 |  1 |   0 |   0 | 8.146395e+03 | 3.500853e+03 | 132.70%| unknown
d 0.1s|     1 |     0 |  2188 |     - |distribu|   0 | 434 | 180 | 180 |   0 |  1 |   0 |   0 | 8.146395e+03 | 3.622664e+03 | 124.87%| unknown
d 0.1s|     1 |     0 |  2284 |     - |distribu|   0 | 434 | 180 | 180 |   0 |  1 |   0 |   0 | 8.146395e+03 | 3.851926e+03 | 111.49%| unknown
d 0.1s|     1 |     0 |  2298 |     - |distribu|   0 | 434 | 180 | 180 |   0 |  1 |   0 |   0 | 8.146395e+03 | 6.466166e+03 |  25.98%| unknown
  0.1s|     1 |     0 |  2298 |     - |  5664k |   0 | 434 | 180 | 180 |   0 |  1 |   0 |   0 | 8.146395e+03 | 6.466166e+03 |  25.98%| unknown
  0.3s|     1 |     2 |  2298 |     - |  5803k |   0 | 434 | 180 | 180 |   0 |  2 |   0 |  21 | 8.065209e+03 | 6.466166e+03 |  24.73%| unknown

SCIP Status        : solving was interrupted [node limit reached]
Solving Time (sec) : 0.25
Solving Nodes      : 1
Primal Bound       : +6.46616585992304e+03 (30 solutions)
Dual Bound         : +8.06520850976732e+03
Gap                : 24.73 %
