presolving:
(round 1, fast)       0 del vars, 1 del conss, 0 add conss, 0 chg bounds, 0 chg sides, 0 chg coeffs, 0 upgd conss, 0 impls, 192 clqs
(round 2, fast)       1 del vars, 1 del conss, 0 add conss, 0 chg bounds, 0 chg sides, 0 chg coeffs, 0 upgd conss, 0 impls, 192 clqs
   (0.0s) running MILP presolver
   (0.0s) MILP presolver (2 rounds): 0 aggregations, 12 fixings, 0 bound changes
(round 3, medium)     13 del vars, 1 del conss, 0 add conss, 0 chg bounds, 0 chg sides, 0 chg coeffs, 0 upgd conss, 0 impls, 191 clqs
(round 4, fast)       14 del vars, 3 del conss, 0 add conss, 0 chg bounds, 0 chg sides, 0 chg coeffs, 0 upgd conss, 0 impls, 190 clqs
(round 5, exhaustive) 14 del vars, 8 del conss, 0 add conss, 0 chg bounds, 5 chg sides, 0 chg coeffs, 0 upgd conss, 0 impls, 190 clqs
(round 6, exhaustive) 14 del vars, 8 del conss, 0 add conss, 0 chg bounds, 5 chg sides, 0 chg coeffs, 185 upgd conss, 0 impls, 190 clqs
(round 7, medium)     52 del vars, 8 del conss, 0 add conss, 0 chg bounds, 5 chg sides, 38 chg coeffs, 185 upgd conss, 0 impls, 190 clqs
(round 8, fast)       75 del vars, 9 del conss, 0 add conss, 0 chg bounds, 5 chg sides, 38 chg coeffs, 185 upgd conss, 0 impls, 187 clqs
(round 9, exhaustive) 75 del vars, 12 del conss, 0 add conss, 0 chg bounds, 5 chg sides, 38 chg coeffs, 185 upgd conss, 0 impls, 187 clqs
   (0.0s) probing: 51/425 (12.0%) - 0 fixings, 0 aggregations, 0 implications, 0 bound changes
   (0.0s) probing aborted: 50/50 successive totally useless probings
   (0.0s) symmetry computation started: requiring (bin +, int +, cont +), (fixed: bin -, int -, cont -)
   (0.0s) no symmetry present (symcode time: 0.00)
presolving (10 rounds: 10 fast, 6 medium, 4 exhaustive):
 75 deleted vars, 12 deleted constraints, 0 added constraints, 0 tightened bounds, 0 added holes, 5 changed sides, 38 changed coefficients
 0 implications, 187 cliques
presolved problem has 425 variables (425 bin, 0 int, 0 impl, 0 cont) and 181 constraints
    181 constraints of type <setppc>
Presolving Time: 0.02

 time | node  | left  |LP iter|LP it/n|mem/heur|mdpt |vars |cons |rows |cuts |sepa|confs|strbr|  dualbound   | primalbound  |  gap   | compl. 
  0.1s|     1 |     0 |  1581 |     - |  5534k |   0 | 425 | 181 | 181 |   0 |  0 |   0 |   0 | 7.146632e+03 |      --      |    Inf | unknown
d 0.1s|     1 |     0 |  1581 |     - |distribu|   0 | 425 | 181 | 181 |   0 |  1 |   0 |   0 | 7.146632e+03 | 3.332032e+03 | 114.48%| unknown
d 0.1s|     1 |     0 |  1621 |     - |distribu|   0 | 425 | 181 | 181 |   0 |  1 |   0 |   0 | 7.146632e+03 | 3.363715e+03 | 112.46%| unknown
d 0.1s|     1 |     0 |  1768 |     - |distribu|   0 | 425 | 181 | 181 |   0 |  1 |   0 |   0 | 7.146632e+03 | 3.420465e+03 | 108.94%| unknown
d 0.1s|     1 |     0 |  1822 |     - |distribu|   0 | 425 | 181 | 181 |   0 |  1 |   0 |   0 | 7.146632e+03 | 4.482575e+03 |  59.43%| unknown
d 0.1s|     1 |     0 |  1872 |     - |distribu|   0 | 425 | 181 | 181 |   0 |  1 |   0 |   0 | 7.146632e+03 | 5.950483e+03 |  20.10%| unknown
  0.1s|     1 |     0 |  1872 |     - |  5698k |   0 | 425 | 181 | 181 |   0 |  1 |   0 |   0 | 7.146632e+03 | 5.950483e+03 |  20.10%| unknown
  0.3s|     1 |     2 |  1872 |     - |  6166k |   0 | 425 | 181 | 181 |   0 |  2 |   0 |  50 | 7.092214e+03 | 5.950483e+03 |  19.19%| unknown

SCIP Status        : solving was interrupted [node limit reached]
Solving Time (sec) : 0.35
Solving Nodes      : 1
Primal Bound       : +5.95048326661375e+03 (72 solutions)
Dual Bound         : +7.09221416092602e+03
Gap                : 19.19 %
