presolving:
   (0.0s) running MILP presolver
   (0.0s) MILP presolver (2 rounds): 0 aggregations, 15 fixings, 0 bound changes
(round 1, medium)     15 del vars, 0 del conss, 0 add conss, 0 chg bounds, 0 chg sides, 0 chg coeffs, 0 upgd conss, 0 impls, 186 clqs
(round 2, fast)       16 del vars, 1 del conss, 0 add conss, 0 chg bounds, 0 chg sides, 0 chg coeffs, 0 upgd conss, 0 impls, 185 clqs
(round 3, exhaustive) 16 del vars, 6 del conss, 0 add conss, 0 chg bounds, 5 chg sides, 0 chg coeffs, 0 upgd conss, 0 impls, 185 clqs
(round 4, exhaustive) 16 del vars, 6 del conss, 0 add conss, 0 chg bounds, 5 chg sides, 0 chg coeffs, 180 upgd conss, 0 impls, 185 clqs
(round 5, medium)     61 del vars, 6 del conss, 0 add conss, 0 chg bounds, 5 chg sides, 45 chg coeffs, 180 upgd conss, 0 impls, 185 clqs
(round 6, fast)       93 del vars, 7 del conss, 0 add conss, 0 chg bounds, 5 chg sides, 45 chg coeffs, 180 upgd conss, 0 impls, 184 clqs
   (0.0s) running MILP presolver
   (0.0s) MILP presolver (2 rounds): 0 aggregations, 2 fixings, 0 bound changes
(round 7, medium)     95 del vars, 7 del conss, 0 add conss, 0 chg bounds, 5 chg sides, 45 chg coeffs, 180 upgd conss, 0 impls, 184 clqs
(round 8, exhaustive) 95 del vars, 10 del conss, 0 add conss, 0 chg bounds, 5 chg sides, 45 chg coeffs, 180 upgd conss, 0 impls, 184 clqs
   (0.0s) probing: 51/405 (12.6%) - 0 fixings, 0 aggregations, 0 implications, 0 bound changes
   (0.0s) probing aborted: 50/50 successive totally useless probings
   (0.0s) symmetry computation started: requiring (bin +, int +, cont +), (fixed: bin -, int -, cont -)
   (0.0s) no symmetry present (symcode time: 0.00)
presolving (9 rounds: 9 fast, 7 medium, 4 exhaustive):
 95 deleted vars, 10 deleted constraints, 0 added constraints, 0 tightened bounds, 0 added holes, 5 changed sides, 45 changed coefficients
 0 implications, 184 cliques
presolved problem has 405 variables (405 bin, 0 int, 0 impl, 0 cont) and 176 constraints
    176 constraints of type <setppc>
Presolving Time: 0.02

 time | node  | left  |LP iter|LP it/n|mem/heur|mdpt |vars |cons |rows |cuts |sepa|confs|strbr|  dualbound   | primalbound  |  gap   | compl. 
  0.1s|     1 |     0 |  1181 |     - |  5362k |   0 | 405 | 176 | 176 |   0 |  0 |   0 |   0 | 8.168460e+03 |      --      |    Inf | unknown
d 0.1s|     1 |     0 |  1181 |     - |distribu|   0 | 405 | 176 | 176 |   0 |  1 |   0 |   0 | 8.168460e+03 | 3.588385e+03 | 127.64%| unknown
d 0.1s|     1 |     0 |  1315 |     - |distribu|   0 | 405 | 176 | 176 |   0 |  1 |   0 |   0 | 8.168460e+03 | 4.023986e+03 | 102.99%| unknown
d 0.1s|     1 |     0 |  1443 |     - |distribu|   0 | 405 | 176 | 176 |   0 |  1 |   0 |   0 | 8.168460e+03 | 4.477853e+03 |  82.42%| unknown
d 0.1s|     1 |     0 |  1552 |     - |distribu|   0 | 405 | 176 | 176 |   0 |  1 |   0 |   0 | 8.168460e+03 | 6.559677e+03 |  24.53%| unknown
d 0.1s|     1 |     0 |  1560 |     - |distribu|   0 | 405 | 176 | 176 |   0 |  1 |   0 |   0 | 8.168460e+03 | 6.947989e+03 |  17.57%| unknown
  0.1s|     1 |     0 |  1560 |     - |  5467k |   0 | 405 | 176 | 176 |   0 |  1 |   0 |   0 | 8.168460e+03 | 6.947989e+03 |  17.57%| unknown
  0.2s|     1 |     2 |  1560 |     - |  5626k |   0 | 405 | 176 | 176 |   0 |  2 |   0 |  26 | 8.115755e+03 | 6.947989e+03 |  16.81%| unknown

SCIP Status        : solving was interrupted [node limit reached]
Solving Time (sec) : 0.22
Solving Nodes      : 1
Primal Bound       : +6.94798870929615e+03 (31 solutions)
Dual Bound         : +8.11575501768294e+03
Gap                : 16.81 %
