presolving:
   (0.0s) running MILP presolver
   (0.0s) MILP presolver (2 rounds): 0 aggregations, 17 fixings, 0 bound changes
(round 1, medium)     17 del vars, 0 del conss, 0 add conss, 0 chg bounds, 0 chg sides, 0 chg coeffs, 0 upgd conss, 0 impls, 191 clqs
(round 2, fast)       18 del vars, 1 del conss, 0 add conss, 0 chg bounds, 0 chg sides, 0 chg coeffs, 0 upgd conss, 0 impls, 190 clqs
(round 3, exhaustive) 18 del vars, 9 del conss, 0 add conss, 0 chg bounds, 8 chg sides, 0 chg coeffs, 0 upgd conss, 0 impls, 190 clqs
(round 4, exhaustive) 18 del vars, 9 del conss, 0 add conss, 0 chg bounds, 8 chg sides, 0 chg coeffs, 182 upgd conss, 0 impls, 190 clqs
(round 5, medium)     47 del vars, 9 del conss, 0 add conss, 0 chg bounds, 8 chg sides, 29 chg coeffs, 182 upgd conss, 0 impls, 190 clqs
(round 6, fast)       58 del vars, 9 del conss, 0 add conss, 0 chg bounds, 8 chg sides, 29 chg coeffs, 182 upgd conss, 0 impls, 190 clqs
(round 7, exhaustive) 58 del vars, 11 del conss, 0 add conss, 0 chg bounds, 8 chg sides, 29 chg coeffs, 182 upgd conss, 0 impls, 190 clqs
   (0.0s) probing: 51/442 (11.5%) - 0 fixings, 0 aggregations, 0 implications, 0 bound changes
   (0.0s) probing aborted: 50/50 successive totally useless probings
   (0.0s) symmetry computation started: requiring (bin +, int +, cont +), (fixed: bin -, int -, cont -)
   (0.0s) no symmetry present (symcode time: 0.00)
presolving (8 rounds: 8 fast, 6 medium, 4 exhaustive):
 58 deleted vars, 11 deleted constraints, 0 added constraints, 0 tightened bounds, 0 added holes, 8 changed sides, 29 changed coefficients
 0 implications, 190 cliques
presolved problem has 442 variables (442 bin, 0 int, 0 impl, 0 cont) and 180 constraints
    180 constraints of type <setppc>
Presolving Time: 0.02

 time | node  | left  |LP iter|LP it/n|mem/heur|mdpt |vars |cons |rows |cuts |sepa|confs|strbr|  dualbound   | primalbound  |  gap   | compl. 
  0.1s|     1 |     0 |  1657 |     - |  5512k |   0 | 442 | 180 | 180 |   0 |  0 |   0 |   0 | 7.798766e+03 |      --      |    Inf | unknown
d 0.1s|     1 |     0 |  1657 |     - |distribu|   0 | 442 | 180 | 180 |   0 |  1 |   0 |   0 | 7.798766e+03 | 2.451927e+03 | 218.07%| unknown
d 0.1s|     1 |     0 |  1749 |     - |distribu|   0 | 442 | 180 | 180 |   0 |  1 |   0 |   0 | 7.798766e+03 | 2.826394e+03 | 175.93%| unknown
d 0.1s|     1 |     0 |  1815 |     - |distribu|   0 | 442 | 180 | 180 |   0 |  1 |   0 |   0 | 7.798766e+03 | 3.366032e+03 | 131.69%| unknown
d 0.1s|     1 |     0 |  1905 |     - |distribu|   0 | 442 | 180 | 180 |   0 |  1 |   0 |   0 | 7.798766e+03 | 4.188203e+03 |  86.21%| unknown
d 0.1s|     1 |     0 |  1943 |     - |distribu|   0 | 442 | 180 | 180 |   0 |  1 |   0 |   0 | 7.798766e+03 | 4.733771e+03 |  64.75%| unknown
d 0.1s|     1 |     0 |  1970 |     - |distribu|   0 | 442 | 180 | 180 |   0 |  1 |   0 |   0 | 7.798766e+03 | 4.905039e+03 |  58.99%| unknown
d 0.1s|     1 |     0 |  1983 |     - |distribu|   0 | 442 | 180 | 180 |   0 |  1 |   0 |   0 | 7.798766e+03 | 6.365478e+03 |  22.52%| unknown
  0.1s|     1 |     0 |  1983 |     - |  5622k |   0 | 442 | 180 | 180 |   0 |  1 |   0 |   0 | 7.798766e+03 | 6.365478e+03 |  22.52%| unknown
  0.3s|     1 |     2 |  1983 |     - |  5822k |   0 | 442 | 180 | 180 |   0 |  2 |   0 |  35 | 7.745016e+03 | 6.365478e+03 |  21.67%| unknown

SCIP Status        : solving was interrupted [node limit reached]
Solving Time (sec) : 0.25
Solving Nodes      : 1
Primal Bound       : +6.36547758837161e+03 (46 solutions)
Dual Bound         : +7.74501638810167e+03
Gap                : 21.67 %
