presolving:
   (0.0s) running MILP presolver
   (0.0s) MILP presolver (2 rounds): 0 aggregations, 20 fixings, 0 bound changes
(round 1, medium)     20 del vars, 0 del conss, 0 add conss, 0 chg bounds, 0 chg sides, 0 chg coeffs, 0 upgd conss, 0 impls, 196 clqs
(round 2, fast)       20 del vars, 1 del conss, 0 add conss, 0 chg bounds, 0 chg sides, 0 chg coeffs, 0 upgd conss, 0 impls, 196 clqs
(round 3, exhaustive) 20 del vars, 3 del conss, 0 add conss, 0 chg bounds, 2 chg sides, 0 chg coeffs, 0 upgd conss, 0 impls, 196 clqs
(round 4, exhaustive) 20 del vars, 3 del conss, 0 add conss, 0 chg bounds, 2 chg sides, 0 chg coeffs, 194 upgd conss, 0 impls, 196 clqs
(round 5, medium)     56 del vars, 3 del conss, 0 add conss, 0 chg bounds, 2 chg sides, 36 chg coeffs, 194 upgd conss, 0 impls, 196 clqs
(round 6, fast)       70 del vars, 5 del conss, 0 add conss, 0 chg bounds, 2 chg sides, 36 chg coeffs, 194 upgd conss, 0 impls, 194 clqs
(round 7, exhaustive) 70 del vars, 8 del conss, 0 add conss, 0 chg bounds, 2 chg sides, 36 chg coeffs, 194 upgd conss, 0 impls, 194 clqs
   (0.0s) probing: 51/430 (11.9%) - 0 fixings, 0 aggregations, 0 implications, 0 bound changes
   (0.0s) probing aborted: 50/50 successive totally useless probings
   (0.0s) symmetry computation started: requiring (bin +, int +, cont +), (fixed: bin -, int -, cont -)
   (0.0s) no symmetry present (symcode time: 0.00)
presolving (8 rounds: 8 fast, 6 medium, 4 exhaustive):
 70 deleted vars, 8 deleted constraints, 0 added constraints, 0 tightened bounds, 0 added holes, 2 changed sides, 36 changed coefficients
 0 implications, 194 cliques
presolved problem has 430 variables (430 bin, 0 int, 0 impl, 0 cont) and 189 constraints
    189 constraints of type <setppc>
Presolving Time: 0.02

 time | node  | left  |LP iter|LP it/n|mem/heur|mdpt |vars |cons |rows |cuts |sepa|confs|strbr|  dualbound   | primalbound  |  gap   | compl. 
  0.1s|     1 |     0 |  1641 |     - |  5236k |   0 | 430 | 189 | 189 |   0 |  0 |   0 |   0 | 8.337162e+03 |      --      |    Inf | unknown
d 0.1s|     1 |     0 |  1641 |     - |distribu|   0 | 430 | 189 | 189 |   0 |  1 |   0 |   0 | 8.337162e+03 | 3.382664e+03 | 146.47%| unknown
d 0.1s|     1 |     0 |  1676 |     - |distribu|   0 | 430 | 189 | 189 |   0 |  1 |   0 |   0 | 8.337162e+03 | 3.850452e+03 | 116.52%| unknown
d 0.1s|     1 |     0 |  1729 |     - |distribu|   0 | 430 | 189 | 189 |   0 |  1 |   0 |   0 | 8.337162e+03 | 4.331254e+03 |  92.49%| unknown
d 0.1s|     1 |     0 |  1814 |     - |distribu|   0 | 430 | 189 | 189 |   0 |  1 |   0 |   0 | 8.337162e+03 | 4.653256e+03 |  79.17%| unknown
d 0.1s|     1 |     0 |  2001 |     - |distribu|   0 | 430 | 189 | 189 |   0 |  1 |   0 |   0 | 8.337162e+03 | 5.698481e+03 |  46.30%| unknown
d 0.1s|     1 |     0 |  2009 |     - |distribu|   0 | 430 | 189 | 189 |   0 |  1 |   0 |   0 | 8.337162e+03 | 7.005880e+03 |  19.00%| unknown
  0.1s|     1 |     0 |  2009 |     - |  5389k |   0 | 430 | 189 | 189 |   0 |  1 |   0 |   0 | 8.337162e+03 | 7.005880e+03 |  19.00%| unknown
  0.2s|     1 |     2 |  2009 |     - |  5669k |   0 | 430 | 189 | 189 |   0 |  2 |   0 |  35 | 8.302637e+03 | 7.005880e+03 |  18.51%| unknown

SCIP Status        : solving was interrupted [node limit reached]
Solving Time (sec) : 0.24
Solving Nodes      : 1
Primal Bound       : +7.00587969548772e+03 (48 solutions)
Dual Bound         : +8.30263709046272e+03
Gap                : 18.51 %
