presolving:
(round 1, fast)       0 del vars, 1 del conss, 0 add conss, 0 chg bounds, 0 chg sides, 0 chg coeffs, 0 upgd conss, 0 impls, 193 clqs
   (0.0s) running MILP presolver
   (0.0s) MILP presolver (2 rounds): 0 aggregations, 14 fixings, 0 bound changes
(round 2, medium)     14 del vars, 1 del conss, 0 add conss, 0 chg bounds, 0 chg sides, 0 chg coeffs, 0 upgd conss, 0 impls, 193 clqs
(round 3, exhaustive) 14 del vars, 3 del conss, 0 add conss, 0 chg bounds, 2 chg sides, 0 chg coeffs, 0 upgd conss, 0 impls, 193 clqs
(round 4, exhaustive) 14 del vars, 3 del conss, 0 add conss, 0 chg bounds, 2 chg sides, 0 chg coeffs, 191 upgd conss, 0 impls, 193 clqs
(round 5, medium)     47 del vars, 3 del conss, 0 add conss, 0 chg bounds, 2 chg sides, 33 chg coeffs, 191 upgd conss, 0 impls, 193 clqs
(round 6, fast)       51 del vars, 3 del conss, 0 add conss, 0 chg bounds, 2 chg sides, 33 chg coeffs, 191 upgd conss, 0 impls, 193 clqs
(round 7, exhaustive) 51 del vars, 5 del conss, 0 add conss, 0 chg bounds, 2 chg sides, 33 chg coeffs, 191 upgd conss, 0 impls, 193 clqs
   (0.0s) probing: 51/449 (11.4%) - 0 fixings, 0 aggregations, 0 implications, 0 bound changes
   (0.0s) probing aborted: 50/50 successive totally useless probings
   (0.0s) symmetry computation started: requiring (bin +, int +, cont +), (fixed: bin -, int -, cont -)
   (0.0s) no symmetry present (symcode time: 0.00)
presolving (8 rounds: 8 fast, 6 medium, 4 exhaustive):
 51 deleted vars, 5 deleted constraints, 0 added constraints, 0 tightened bounds, 0 added holes, 2 changed sides, 33 changed coefficients
 0 implications, 193 cliques
presolved problem has 449 variables (449 bin, 0 int, 0 impl, 0 cont) and 189 constraints
    189 constraints of type <setppc>
Presolving Time: 0.02

 time | node  | left  |LP iter|LP it/n|mem/heur|mdpt |vars |cons |rows |cuts |sepa|confs|strbr|  dualbound   | primalbound  |  gap   | compl. 
  0.1s|     1 |     0 |  1711 |     - |  5632k |   0 | 449 | 189 | 189 |   0 |  0 |   0 |   0 | 7.304308e+03 |      --      |    Inf | unknown
d 0.1s|     1 |     0 |  1711 |     - |distribu|   0 | 449 | 189 | 189 |   0 |  1 |   0 |   0 | 7.304308e+03 | 2.143979e+03 | 240.69%| unknown
d 0.1s|     1 |     0 |  1786 |     - |distribu|   0 | 449 | 189 | 189 |   0 |  1 |   0 |   0 | 7.304308e+03 | 2.468763e+03 | 195.87%| unknown
d 0.1s|     1 |     0 |  1871 |     - |distribu|   0 | 449 | 189 | 189 |   0 |  1 |   0 |   0 | 7.304308e+03 | 6.833489e+03 |   6.89%| unknown
  0.1s|     1 |     0 |  1871 |     - |  5726k |   0 | 449 | 189 | 189 |   0 |  1 |   0 |   0 | 7.304308e+03 | 6.833489e+03 |   6.89%| unknown
  0.1s|     1 |     0 |  1871 |     - |  5726k |   0 | 449 | 189 | 189 |   0 |  1 |   0 |   0 | 7.304308e+03 | 6.833489e+03 |   6.89%| unknown
  0.3s|     1 |     2 |  1871 |     - |  5921k |   0 | 449 | 189 | 189 |   0 |  2 |   0 |  48 | 7.275203e+03 | 6.833489e+03 |   6.46%| unknown

SCIP Status        : solving was interrupted [node limit reached]
Solving Time (sec) : 0.35
Solving Nodes      : 1
Primal Bound       : +6.83348909957553e+03 (52 solutions)
Dual Bound         : +7.27520252005330e+03
Gap                : 6.46 %
