presolving:
   (0.0s) running MILP presolver
   (0.0s) MILP presolver (2 rounds): 0 aggregations, 15 fixings, 0 bound changes
(round 1, medium)     15 del vars, 0 del conss, 0 add conss, 0 chg bounds, 0 chg sides, 0 chg coeffs, 0 upgd conss, 0 impls, 191 clqs
(round 2, exhaustive) 15 del vars, 5 del conss, 0 add conss, 0 chg bounds, 5 chg sides, 0 chg coeffs, 0 upgd conss, 0 impls, 191 clqs
(round 3, exhaustive) 15 del vars, 5 del conss, 0 add conss, 0 chg bounds, 5 chg sides, 0 chg coeffs, 186 upgd conss, 0 impls, 191 clqs
(round 4, medium)     55 del vars, 5 del conss, 0 add conss, 0 chg bounds, 5 chg sides, 40 chg coeffs, 186 upgd conss, 0 impls, 191 clqs
(round 5, fast)       85 del vars, 8 del conss, 0 add conss, 0 chg bounds, 5 chg sides, 40 chg coeffs, 186 upgd conss, 0 impls, 187 clqs
(round 6, exhaustive) 85 del vars, 13 del conss, 0 add conss, 0 chg bounds, 5 chg sides, 40 chg coeffs, 186 upgd conss, 0 impls, 187 clqs
   (0.0s) probing: 51/415 (12.3%) - 0 fixings, 0 aggregations, 0 implications, 0 bound changes
   (0.0s) probing aborted: 50/50 successive totally useless probings
   (0.0s) symmetry computation started: requiring (bin +, int +, cont +), (fixed: bin -, int -, cont -)
   (0.0s) no symmetry present (symcode time: 0.00)
presolving (7 rounds: 7 fast, 6 medium, 4 exhaustive):
 85 deleted vars, 13 deleted constraints, 0 added constraints, 0 tightened bounds, 0 added holes, 5 changed sides, 40 changed coefficients
 0 implications, 187 cliques
presolved problem has 415 variables (415 bin, 0 int, 0 impl, 0 cont) and 178 constraints
    178 constraints of type <setppc>
Presolving Time: 0.02

 time | node  | left  |LP iter|LP it/n|mem/heur|mdpt |vars |cons |rows |cuts |sepa|confs|strbr|  dualbound   | primalbound  |  gap   | compl. 
  0.1s|     1 |     0 |  1646 |     - |  5415k |   0 | 415 | 178 | 178 |   0 |  0 |   0 |   0 | 7.720885e+03 |      --      |    Inf | unknown
d 0.1s|     1 |     0 |  1646 |     - |distribu|   0 | 415 | 178 | 178 |   0 |  1 |   0 |   0 | 7.720885e+03 | 3.426836e+03 | 125.31%| unknown
d 0.1s|     1 |     0 |  1713 |     - |distribu|   0 | 415 | 178 | 178 |   0 |  1 |   0 |   0 | 7.720885e+03 | 3.682500e+03 | 109.66%| unknown
d 0.1s|     1 |     0 |  1743 |     - |distribu|   0 | 415 | 178 | 178 |   0 |  1 |   0 |   0 | 7.720885e+03 | 4.527970e+03 |  70.52%| unknown
d 0.1s|     1 |     0 |  1809 |     - |distribu|   0 | 415 | 178 | 178 |   0 |  1 |   0 |   0 | 7.720885e+03 | 6.295678e+03 |  22.64%| unknown
d 0.1s|     1 |     0 |  1858 |     - |distribu|   0 | 415 | 178 | 178 |   0 |  1 |   0 |   0 | 7.720885e+03 | 6.766536e+03 |  14.10%| unknown
  0.1s|     1 |     0 |  1858 |     - |  5567k |   0 | 415 | 178 | 178 |   0 |  1 |   0 |   0 | 7.720885e+03 | 6.766536e+03 |  14.10%| unknown
  0.2s|     1 |     2 |  1858 |     - |  5727k |   0 | 415 | 178 | 178 |   0 |  2 |   0 |  32 | 7.693066e+03 | 6.766536e+03 |  13.69%| unknown

SCIP Status        : solving was interrupted [node limit reached]
Solving Time (sec) : 0.23
Solving Nodes      : 1
Primal Bound       : +6.76653579560786e+03 (42 solutions)
Dual Bound         : +7.69306570675678e+03
Gap                : 13.69 %
