presolving:
(round 1, fast)       0 del vars, 1 del conss, 0 add conss, 0 chg bounds, 0 chg sides, 0 chg coeffs, 0 upgd conss, 0 impls, 190 clqs
   (0.0s) running MILP presolver
   (0.0s) MILP presolver (2 rounds): 0 aggregations, 13 fixings, 0 bound changes
(round 2, medium)     13 del vars, 1 del conss, 0 add conss, 0 chg bounds, 0 chg sides, 0 chg coeffs, 0 upgd conss, 0 impls, 190 clqs
(round 3, exhaustive) 13 del vars, 3 del conss, 0 add conss, 0 chg bounds, 2 chg sides, 0 chg coeffs, 0 upgd conss, 0 impls, 190 clqs
(round 4, exhaustive) 13 del vars, 3 del conss, 0 add conss, 0 chg bounds, 2 chg sides, 0 chg coeffs, 188 upgd conss, 0 impls, 190 clqs
(round 5, medium)     51 del vars, 3 del conss, 0 add conss, 0 chg bounds, 2 chg sides, 38 chg coeffs, 188 upgd conss, 0 impls, 190 clqs
(round 6, fast)       74 del vars, 4 del conss, 0 add conss, 0 chg bounds, 2 chg sides, 38 chg coeffs, 188 upgd conss, 0 impls, 189 clqs
(round 7, exhaustive) 74 del vars, 9 del conss, 0 add conss, 0 chg bounds, 2 chg sides, 38 chg coeffs, 188 upgd conss, 0 impls, 189 clqs
   (0.0s) probing: 51/426 (12.0%) - 0 fixings, 0 aggregations, 0 implications, 0 bound changes
   (0.0s) probing aborted: 50/50 successive totally useless probings
   (0.0s) symmetry computation started: requiring (bin +, int +, cont +), (fixed: bin -, int -, cont -)
   (0.0s) no symmetry present (symcode time: 0.00)
presolving (8 rounds: 8 fast, 6 medium, 4 exhaustive):
 74 deleted vars, 9 deleted constraints, 0 added constraints, 0 tightened bounds, 0 added holes, 2 changed sides, 38 changed coefficients
 0 implications, 189 cliques
presolved problem has 426 variables (426 bin, 0 int, 0 impl, 0 cont) and 182 constraints
    182 constraints of type <setppc>
Presolving Time: 0.02

 time | node  | left  |LP iter|LP it/n|mem/heur|mdpt |vars |cons |rows |cuts |sepa|confs|strbr|  dualbound   | primalbound  |  gap   | compl. 
  0.1s|     1 |     0 |  1135 |     - |  5410k |   0 | 426 | 182 | 182 |   0 |  0 |   0 |   0 | 8.065613e+03 |      --      |    Inf | unknown
d 0.1s|     1 |     0 |  1135 |     - |distribu|   0 | 426 | 182 | 182 |   0 |  1 |   0 |   0 | 8.065613e+03 | 3.197441e+03 | 152.25%| unknown
d 0.1s|     1 |     0 |  1173 |     - |distribu|   0 | 426 | 182 | 182 |   0 |  1 |   0 |   0 | 8.065613e+03 | 3.737119e+03 | 115.82%| unknown
d 0.1s|     1 |     0 |  1277 |     - |distribu|   0 | 426 | 182 | 182 |   0 |  1 |   0 |   0 | 8.065613e+03 | 4.129770e+03 |  95.30%| unknown
d 0.1s|     1 |     0 |  1368 |     - |distribu|   0 | 426 | 182 | 182 |   0 |  1 |   0 |   0 | 8.065613e+03 | 5.254264e+03 |  53.51%| unknown
d 0.1s|     1 |     0 |  1376 |     - |distribu|   0 | 426 | 182 | 182 |   0 |  1 |   0 |   0 | 8.065613e+03 | 7.064103e+03 |  14.18%| unknown
  0.1s|     1 |     0 |  1376 |     - |  5517k |   0 | 426 | 182 | 182 |   0 |  1 |   0 |   0 | 8.065613e+03 | 7.064103e+03 |  14.18%| unknown
  0.2s|     1 |     2 |  1376 |     - |  5790k |   0 | 426 | 182 | 182 |   0 |  2 |   0 |  31 | 8.034386e+03 | 7.064103e+03 |  13.74%| unknown

SCIP Status        : solving was interrupted [node limit reached]
Solving Time (sec) : 0.19
Solving Nodes      : 1
Primal Bound       : +7.06410279073965e+03 (41 solutions)
Dual Bound         : +8.03438589573360e+03
Gap                : 13.74 %
