presolving:
(round 1, fast)       0 del vars, 1 del conss, 0 add conss, 0 chg bounds, 0 chg sides, 0 chg coeffs, 0 upgd conss, 0 impls, 191 clqs
   (0.0s) running MILP presolver
   (0.0s) MILP presolver (2 rounds): 0 aggregations, 16 fixings, 0 bound changes
(round 2, medium)     16 del vars, 1 del conss, 0 add conss, 0 chg bounds, 0 chg sides, 0 chg coeffs, 0 upgd conss, 0 impls, 191 clqs
(round 3, exhaustive) 16 del vars, 4 del conss, 0 add conss, 0 chg bounds, 3 chg sides, 0 chg coeffs, 0 upgd conss, 0 impls, 191 clqs
(round 4, exhaustive) 16 del vars, 4 del conss, 0 add conss, 0 chg bounds, 3 chg sides, 0 chg coeffs, 188 upgd conss, 0 impls, 191 clqs
(round 5, medium)     46 del vars, 4 del conss, 0 add conss, 0 chg bounds, 3 chg sides, 30 chg coeffs, 188 upgd conss, 0 impls, 191 clqs
(round 6, fast)       56 del vars, 4 del conss, 0 add conss, 0 chg bounds, 3 chg sides, 30 chg coeffs, 188 upgd conss, 0 impls, 190 clqs
(round 7, exhaustive) 56 del vars, 7 del conss, 0 add conss, 0 chg bounds, 3 chg sides, 30 chg coeffs, 188 upgd conss, 0 impls, 190 clqs
(round 8, exhaustive) 57 del vars, 7 del conss, 0 add conss, 0 chg bounds, 3 chg sides, 30 chg coeffs, 188 upgd conss, 0 impls, 190 clqs
   (0.0s) probing: 51/443 (11.5%) - 0 fixings, 0 aggregations, 0 implications, 0 bound changes
   (0.0s) probing aborted: 50/50 successive totally useless probings
   (0.0s) symmetry computation started: requiring (bin +, int +, cont +), (fixed: bin -, int -, cont -)
   (0.0s) no symmetry present (symcode time: 0.00)
presolving (9 rounds: 9 fast, 7 medium, 5 exhaustive):
 57 deleted vars, 7 deleted constraints, 0 added constraints, 0 tightened bounds, 0 added holes, 3 changed sides, 30 changed coefficients
 0 implications, 190 cliques
presolved problem has 443 variables (443 bin, 0 int, 0 impl, 0 cont) and 185 constraints
    185 constraints of type <setppc>
Presolving Time: 0.02

 time | node  | left  |LP iter|LP it/n|mem/heur|mdpt |vars |cons |rows |cuts |sepa|confs|strbr|  dualbound   | primalbound  |  gap   | compl. 
  0.1s|     1 |     0 |  1724 |     - |  5488k |   0 | 443 | 185 | 185 |   0 |  0 |   0 |   0 | 7.450906e+03 |      --      |    Inf | unknown
d 0.1s|     1 |     0 |  1724 |     - |distribu|   0 | 443 | 185 | 185 |   0 |  1 |   0 |   0 | 7.450906e+03 | 2.252321e+03 | 230.81%| unknown
d 0.1s|     1 |     0 |  1817 |     - |distribu|   0 | 443 | 185 | 185 |   0 |  1 |   0 |   0 | 7.450906e+03 | 2.397818e+03 | 210.74%| unknown
d 0.1s|     1 |     0 |  1998 |     - |distribu|   0 | 443 | 185 | 185 |   0 |  1 |   0 |   0 | 7.450906e+03 | 3.086374e+03 | 141.41%| unknown
d 0.1s|     1 |     0 |  2091 |     - |distribu|   0 | 443 | 185 | 185 |   0 |  1 |   0 |   0 | 7.450906e+03 | 3.942262e+03 |  89.00%| unknown
d 0.1s|     1 |     0 |  2124 |     - |distribu|   0 | 443 | 185 | 185 |   0 |  1 |   0 |   0 | 7.450906e+03 | 6.352306e+03 |  17.29%| unknown
  0.1s|     1 |     0 |  2124 |     - |  5621k |   0 | 443 | 185 | 185 |   0 |  1 |   0 |   0 | 7.450906e+03 | 6.352306e+03 |  17.29%| unknown
  0.2s|     1 |     2 |  2124 |     - |  5714k |   0 | 443 | 185 | 185 |   0 |  2 |   0 |  19 | 7.409440e+03 | 6.352306e+03 |  16.64%| unknown

SCIP Status        : solving was interrupted [node limit reached]
Solving Time (sec) : 0.18
Solving Nodes      : 1
Primal Bound       : +6.35230630479257e+03 (23 solutions)
Dual Bound         : +7.40943986920650e+03
Gap                : 16.64 %
