presolving:
(round 1, fast)       1 del vars, 1 del conss, 0 add conss, 0 chg bounds, 0 chg sides, 0 chg coeffs, 0 upgd conss, 0 impls, 190 clqs
   (0.0s) running MILP presolver
   (0.0s) MILP presolver (2 rounds): 0 aggregations, 23 fixings, 0 bound changes
(round 2, medium)     24 del vars, 1 del conss, 0 add conss, 0 chg bounds, 0 chg sides, 0 chg coeffs, 0 upgd conss, 0 impls, 189 clqs
(round 3, fast)       24 del vars, 2 del conss, 0 add conss, 0 chg bounds, 0 chg sides, 0 chg coeffs, 0 upgd conss, 0 impls, 189 clqs
(round 4, exhaustive) 24 del vars, 9 del conss, 0 add conss, 0 chg bounds, 7 chg sides, 0 chg coeffs, 0 upgd conss, 0 impls, 189 clqs
(round 5, exhaustive) 24 del vars, 9 del conss, 0 add conss, 0 chg bounds, 7 chg sides, 0 chg coeffs, 182 upgd conss, 0 impls, 189 clqs
(round 6, medium)     60 del vars, 9 del conss, 0 add conss, 0 chg bounds, 7 chg sides, 36 chg coeffs, 182 upgd conss, 0 impls, 189 clqs
(round 7, fast)       72 del vars, 9 del conss, 0 add conss, 0 chg bounds, 7 chg sides, 36 chg coeffs, 182 upgd conss, 0 impls, 189 clqs
(round 8, exhaustive) 72 del vars, 12 del conss, 0 add conss, 0 chg bounds, 7 chg sides, 36 chg coeffs, 182 upgd conss, 0 impls, 189 clqs
   (0.0s) probing: 51/428 (11.9%) - 0 fixings, 0 aggregations, 0 implications, 0 bound changes
   (0.0s) probing aborted: 50/50 successive totally useless probings
   (0.0s) symmetry computation started: requiring (bin +, int +, cont +), (fixed: bin -, int -, cont -)
   (0.0s) no symmetry present (symcode time: 0.00)
presolving (9 rounds: 9 fast, 6 medium, 4 exhaustive):
 72 deleted vars, 12 deleted constraints, 0 added constraints, 0 tightened bounds, 0 added holes, 7 changed sides, 36 changed coefficients
 0 implications, 189 cliques
presolved problem has 428 variables (428 bin, 0 int, 0 impl, 0 cont) and 179 constraints
    179 constraints of type <setppc>
Presolving Time: 0.04

 time | node  | left  |LP iter|LP it/n|mem/heur|mdpt |vars |cons |rows |cuts |sepa|confs|strbr|  dualbound   | primalbound  |  gap   | compl. 
  0.1s|     1 |     0 |  1493 |     - |  5277k |   0 | 428 | 179 | 179 |   0 |  0 |   0 |   0 | 7.260325e+03 |      --      |    Inf | unknown
d 0.1s|     1 |     0 |  1493 |     - |distribu|   0 | 428 | 179 | 179 |   0 |  1 |   0 |   0 | 7.260325e+03 | 2.856583e+03 | 154.16%| unknown
d 0.2s|     1 |     0 |  1609 |     - |distribu|   0 | 428 | 179 | 179 |   0 |  1 |   0 |   0 | 7.260325e+03 | 3.002604e+03 | 141.80%| unknown
d 0.2s|     1 |     0 |  1645 |     - |distribu|   0 | 428 | 179 | 179 |   0 |  1 |   0 |   0 | 7.260325e+03 | 3.856226e+03 |  88.28%| unknown
d 0.2s|     1 |     0 |  1724 |     - |distribu|   0 | 428 | 179 | 179 |   0 |  1 |   0 |   0 | 7.260325e+03 | 5.124158e+03 |  41.69%| unknown
d 0.2s|     1 |     0 |  1779 |     - |distribu|   0 | 428 | 179 | 179 |   0 |  1 |   0 |   0 | 7.260325e+03 | 5.256919e+03 |  38.11%| unknown
d 0.2s|     1 |     0 |  1800 |     - |distribu|   0 | 428 | 179 | 179 |   0 |  1 |   0 |   0 | 7.260325e+03 | 6.329268e+03 |  14.71%| unknown
  0.2s|     1 |     0 |  1800 |     - |  5398k |   0 | 428 | 179 | 179 |   0 |  1 |   0 |   0 | 7.260325e+03 | 6.329268e+03 |  14.71%| unknown
  0.3s|     1 |     2 |  1800 |     - |  5539k |   0 | 428 | 179 | 179 |   0 |  2 |   0 |  19 | 7.210557e+03 | 6.329268e+03 |  13.92%| unknown

SCIP Status        : solving was interrupted [node limit reached]
Solving Time (sec) : 0.30
Solving Nodes      : 1
Primal Bound       : +6.32926811405769e+03 (28 solutions)
Dual Bound         : +7.21055721861013e+03
Gap                : 13.92 %
