presolving:
(round 1, fast)       1 del vars, 1 del conss, 0 add conss, 0 chg bounds, 0 chg sides, 0 chg coeffs, 0 upgd conss, 0 impls, 190 clqs
   (0.0s) running MILP presolver
   (0.0s) MILP presolver (2 rounds): 0 aggregations, 12 fixings, 0 bound changes
(round 2, medium)     13 del vars, 1 del conss, 0 add conss, 0 chg bounds, 0 chg sides, 0 chg coeffs, 0 upgd conss, 0 impls, 190 clqs
(round 3, exhaustive) 13 del vars, 4 del conss, 0 add conss, 0 chg bounds, 3 chg sides, 0 chg coeffs, 0 upgd conss, 0 impls, 190 clqs
(round 4, exhaustive) 13 del vars, 4 del conss, 0 add conss, 0 chg bounds, 3 chg sides, 0 chg coeffs, 187 upgd conss, 0 impls, 190 clqs
(round 5, medium)     49 del vars, 4 del conss, 0 add conss, 0 chg bounds, 3 chg sides, 36 chg coeffs, 187 upgd conss, 0 impls, 190 clqs
(round 6, fast)       56 del vars, 4 del conss, 0 add conss, 0 chg bounds, 3 chg sides, 36 chg coeffs, 187 upgd conss, 0 impls, 189 clqs
(round 7, exhaustive) 56 del vars, 6 del conss, 0 add conss, 0 chg bounds, 3 chg sides, 36 chg coeffs, 187 upgd conss, 0 impls, 189 clqs
   (0.0s) probing: 51/444 (11.5%) - 0 fixings, 0 aggregations, 0 implications, 0 bound changes
   (0.0s) probing aborted: 50/50 successive totally useless probings
   (0.0s) symmetry computation started: requiring (bin +, int +, cont +), (fixed: bin -, int -, cont -)
   (0.0s) no symmetry present (symcode time: 0.00)
presolving (8 rounds: 8 fast, 6 medium, 4 exhaustive):
 56 deleted vars, 6 deleted constraints, 0 added constraints, 0 tightened bounds, 0 added holes, 3 changed sides, 36 changed coefficients
 0 implications, 189 cliques
presolved problem has 444 variables (444 bin, 0 int, 0 impl, 0 cont) and 185 constraints
    185 constraints of type <setppc>
Presolving Time: 0.02

 time | node  | left  |LP iter|LP it/n|mem/heur|mdpt |vars |cons |rows |cuts |sepa|confs|strbr|  dualbound   | primalbound  |  gap   | compl. 
  0.1s|     1 |     0 |  1435 |     - |  5451k |   0 | 444 | 185 | 185 |   0 |  0 |   0 |   0 | 8.083480e+03 |      --      |    Inf | unknown
d 0.1s|     1 |     0 |  1435 |     - |distribu|   0 | 444 | 185 | 185 |   0 |  1 |   0 |   0 | 8.083480e+03 | 3.211512e+03 | 151.70%| unknown
d 0.1s|     1 |     0 |  1540 |     - |distribu|   0 | 444 | 185 | 185 |   0 |  1 |   0 |   0 | 8.083480e+03 | 3.294799e+03 | 145.34%| unknown
d 0.1s|     1 |     0 |  1674 |     - |distribu|   0 | 444 | 185 | 185 |   0 |  1 |   0 |   0 | 8.083480e+03 | 4.262325e+03 |  89.65%| unknown
d 0.1s|     1 |     0 |  1751 |     - |distribu|   0 | 444 | 185 | 185 |   0 |  1 |   0 |   0 | 8.083480e+03 | 4.305189e+03 |  87.76%| unknown
d 0.1s|     1 |     0 |  1786 |     - |distribu|   0 | 444 | 185 | 185 |   0 |  1 |   0 |   0 | 8.083480e+03 | 5.601124e+03 |  44.32%| unknown
d 0.1s|     1 |     0 |  1827 |     - |distribu|   0 | 444 | 185 | 185 |   0 |  1 |   0 |   0 | 8.083480e+03 | 5.846004e+03 |  38.27%| unknown
d 0.1s|     1 |     0 |  1851 |     - |distribu|   0 | 444 | 185 | 185 |   0 |  1 |   0 |   0 | 8.083480e+03 | 6.656747e+03 |  21.43%| unknown
  0.1s|     1 |     0 |  1851 |     - |  5606k |   0 | 444 | 185 | 185 |   0 |  1 |   0 |   0 | 8.083480e+03 | 6.656747e+03 |  21.43%| unknown
  0.3s|     1 |     2 |  1851 |     - |  5791k |   0 | 444 | 185 | 185 |   0 |  2 |   0 |  23 | 8.050747e+03 | 6.656747e+03 |  20.94%| unknown

SCIP Status        : solving was interrupted [node limit reached]
Solving Time (sec) : 0.28
Solving Nodes      : 1
Primal Bound       : +6.65674693657817e+03 (35 solutions)
Dual Bound         : +8.05074665722745e+03
Gap                : 20.94 %
