presolving:
(round 1, fast)       0 del vars, 3 del conss, 0 add conss, 0 chg bounds, 0 chg sides, 0 chg coeffs, 0 upgd conss, 0 impls, 192 clqs
   (0.0s) running MILP presolver
   (0.0s) MILP presolver (2 rounds): 0 aggregations, 15 fixings, 0 bound changes
(round 2, medium)     15 del vars, 3 del conss, 0 add conss, 0 chg bounds, 0 chg sides, 0 chg coeffs, 0 upgd conss, 0 impls, 192 clqs
(round 3, exhaustive) 15 del vars, 4 del conss, 0 add conss, 0 chg bounds, 1 chg sides, 0 chg coeffs, 0 upgd conss, 0 impls, 192 clqs
(round 4, exhaustive) 15 del vars, 4 del conss, 0 add conss, 0 chg bounds, 1 chg sides, 0 chg coeffs, 191 upgd conss, 0 impls, 192 clqs
(round 5, medium)     53 del vars, 4 del conss, 0 add conss, 0 chg bounds, 1 chg sides, 38 chg coeffs, 191 upgd conss, 0 impls, 192 clqs
(round 6, fast)       77 del vars, 6 del conss, 0 add conss, 0 chg bounds, 1 chg sides, 38 chg coeffs, 191 upgd conss, 0 impls, 190 clqs
(round 7, exhaustive) 77 del vars, 11 del conss, 0 add conss, 0 chg bounds, 1 chg sides, 38 chg coeffs, 191 upgd conss, 0 impls, 190 clqs
   (0.0s) probing: 51/423 (12.1%) - 0 fixings, 0 aggregations, 0 implications, 0 bound changes
   (0.0s) probing aborted: 50/50 successive totally useless probings
   (0.0s) symmetry computation started: requiring (bin +, int +, cont +), (fixed: bin -, int -, cont -)
   (0.0s) no symmetry present (symcode time: 0.00)
presolving (8 rounds: 8 fast, 6 medium, 4 exhaustive):
 77 deleted vars, 11 deleted constraints, 0 added constraints, 0 tightened bounds, 0 added holes, 1 changed sides, 38 changed coefficients
 0 implications, 190 cliques
presolved problem has 423 variables (423 bin, 0 int, 0 impl, 0 cont) and 184 constraints
    184 constraints of type <setppc>
Presolving Time: 0.02

 time | node  | left  |LP iter|LP it/n|mem/heur|mdpt |vars |cons |rows |cuts |sepa|confs|strbr|  dualbound   | primalbound  |  gap   | compl. 
  0.1s|     1 |     0 |   808 |     - |  5322k |   0 | 423 | 184 | 184 |   0 |  0 |   0 |   0 | 7.975556e+03 |      --      |    Inf | unknown
d 0.1s|     1 |     0 |   808 |     - |distribu|   0 | 423 | 184 | 184 |   0 |  1 |   0 |   0 | 7.975556e+03 | 3.067571e+03 | 160.00%| unknown
d 0.1s|     1 |     0 |   957 |     - |distribu|   0 | 423 | 184 | 184 |   0 |  1 |   0 |   0 | 7.975556e+03 | 3.949344e+03 | 101.95%| unknown
d 0.1s|     1 |     0 |  1008 |     - |distribu|   0 | 423 | 184 | 184 |   0 |  1 |   0 |   0 | 7.975556e+03 | 4.322189e+03 |  84.53%| unknown
d 0.1s|     1 |     0 |  1042 |     - |distribu|   0 | 423 | 184 | 184 |   0 |  1 |   0 |   0 | 7.975556e+03 | 7.164045e+03 |  11.33%| unknown
  0.1s|     1 |     0 |  1042 |     - |  5427k |   0 | 423 | 184 | 184 |   0 |  1 |   0 |   0 | 7.975556e+03 | 7.164045e+03 |  11.33%| unknown
  0.2s|     1 |     2 |  1042 |     - |  5621k |   0 | 423 | 184 | 184 |   0 |  2 |   0 |  26 | 7.925459e+03 | 7.164045e+03 |  10.63%| unknown

SCIP Status        : solving was interrupted [node limit reached]
Solving Time (sec) : 0.17
Solving Nodes      : 1
Primal Bound       : +7.16404482126235e+03 (35 solutions)
Dual Bound         : +7.92545862341495e+03
Gap                : 10.63 %
