presolving:
(round 1, fast)       0 del vars, 1 del conss, 0 add conss, 0 chg bounds, 0 chg sides, 0 chg coeffs, 0 upgd conss, 0 impls, 192 clqs
   (0.0s) running MILP presolver
   (0.0s) MILP presolver (2 rounds): 0 aggregations, 16 fixings, 0 bound changes
(round 2, medium)     16 del vars, 1 del conss, 0 add conss, 0 chg bounds, 0 chg sides, 0 chg coeffs, 0 upgd conss, 0 impls, 192 clqs
(round 3, exhaustive) 16 del vars, 4 del conss, 0 add conss, 0 chg bounds, 3 chg sides, 0 chg coeffs, 0 upgd conss, 0 impls, 192 clqs
(round 4, exhaustive) 16 del vars, 4 del conss, 0 add conss, 0 chg bounds, 3 chg sides, 0 chg coeffs, 189 upgd conss, 0 impls, 192 clqs
(round 5, medium)     60 del vars, 4 del conss, 0 add conss, 0 chg bounds, 3 chg sides, 44 chg coeffs, 189 upgd conss, 0 impls, 192 clqs
(round 6, fast)       95 del vars, 7 del conss, 0 add conss, 0 chg bounds, 3 chg sides, 44 chg coeffs, 189 upgd conss, 0 impls, 189 clqs
   (0.0s) running MILP presolver
   (0.0s) MILP presolver (2 rounds): 0 aggregations, 2 fixings, 0 bound changes
(round 7, medium)     97 del vars, 7 del conss, 0 add conss, 0 chg bounds, 3 chg sides, 44 chg coeffs, 189 upgd conss, 0 impls, 189 clqs
(round 8, exhaustive) 97 del vars, 14 del conss, 0 add conss, 0 chg bounds, 3 chg sides, 44 chg coeffs, 189 upgd conss, 0 impls, 189 clqs
   (0.0s) probing: 51/403 (12.7%) - 0 fixings, 0 aggregations, 0 implications, 0 bound changes
   (0.0s) probing aborted: 50/50 successive totally useless probings
   (0.0s) symmetry computation started: requiring (bin +, int +, cont +), (fixed: bin -, int -, cont -)
   (0.0s) no symmetry present (symcode time: 0.00)
presolving (9 rounds: 9 fast, 7 medium, 4 exhaustive):
 97 deleted vars, 14 deleted constraints, 0 added constraints, 0 tightened bounds, 0 added holes, 3 changed sides, 44 changed coefficients
 0 implications, 189 cliques
presolved problem has 403 variables (403 bin, 0 int, 0 impl, 0 cont) and 179 constraints
    179 constraints of type <setppc>
Presolving Time: 0.04

 time | node  | left  |LP iter|LP it/n|mem/heur|mdpt |vars |cons |rows |cuts |sepa|confs|strbr|  dualbound   | primalbound  |  gap   | compl. 
  0.1s|     1 |     0 |   966 |     - |  5160k |   0 | 403 | 179 | 179 |   0 |  0 |   0 |   0 | 7.682246e+03 |      --      |    Inf | unknown
d 0.1s|     1 |     0 |   966 |     - |distribu|   0 | 403 | 179 | 179 |   0 |  1 |   0 |   0 | 7.682246e+03 | 3.666276e+03 | 109.54%| unknown
d 0.1s|     1 |     0 |  1011 |     - |distribu|   0 | 403 | 179 | 179 |   0 |  1 |   0 |   0 | 7.682246e+03 | 3.738837e+03 | 105.47%| unknown
d 0.1s|     1 |     0 |  1061 |     - |distribu|   0 | 403 | 179 | 179 |   0 |  1 |   0 |   0 | 7.682246e+03 | 4.756617e+03 |  61.51%| unknown
d 0.1s|     1 |     0 |  1116 |     - |distribu|   0 | 403 | 179 | 179 |   0 |  1 |   0 |   0 | 7.682246e+03 | 5.079140e+03 |  51.25%| unknown
d 0.1s|     1 |     0 |  1155 |     - |distribu|   0 | 403 | 179 | 179 |   0 |  1 |   0 |   0 | 7.682246e+03 | 5.446037e+03 |  41.06%| unknown
d 0.1s|     1 |     0 |  1165 |     - |distribu|   0 | 403 | 179 | 179 |   0 |  1 |   0 |   0 | 7.682246e+03 | 5.618460e+03 |  36.73%| unknown
d 0.1s|     1 |     0 |  1168 |     - |distribu|   0 | 403 | 179 | 179 |   0 |  1 |   0 |   0 | 7.682246e+03 | 6.585346e+03 |  16.66%| unknown
  0.1s|     1 |     0 |  1168 |     - |  5313k |   0 | 403 | 179 | 179 |   0 |  1 |   0 |   0 | 7.682246e+03 | 6.585346e+03 |  16.66%| unknown
  0.2s|     1 |     2 |  1168 |     - |  5606k |   0 | 403 | 179 | 179 |   0 |  2 |   0 |  25 | 7.642079e+03 | 6.585346e+03 |  16.05%| unknown

SCIP Status        : solving was interrupted [node limit reached]
Solving Time (sec) : 0.16
Solving Nodes      : 1
Primal Bound       : +6.58534640573533e+03 (48 solutions)
Dual Bound         : +7.64207944681059e+03
Gap                : 16.05 %
