presolving:
(round 1, fast)       0 del vars, 2 del conss, 0 add conss, 0 chg bounds, 0 chg sides, 0 chg coeffs, 0 upgd conss, 0 impls, 194 clqs
   (0.0s) running MILP presolver
   (0.0s) MILP presolver (2 rounds): 0 aggregations, 25 fixings, 0 bound changes
(round 2, medium)     25 del vars, 2 del conss, 0 add conss, 0 chg bounds, 0 chg sides, 0 chg coeffs, 0 upgd conss, 0 impls, 194 clqs
(round 3, exhaustive) 25 del vars, 7 del conss, 0 add conss, 0 chg bounds, 5 chg sides, 0 chg coeffs, 0 upgd conss, 0 impls, 194 clqs
(round 4, exhaustive) 25 del vars, 7 del conss, 0 add conss, 0 chg bounds, 5 chg sides, 0 chg coeffs, 189 upgd conss, 0 impls, 194 clqs
(round 5, medium)     66 del vars, 7 del conss, 0 add conss, 0 chg bounds, 5 chg sides, 41 chg coeffs, 189 upgd conss, 0 impls, 194 clqs
(round 6, fast)       86 del vars, 8 del conss, 0 add conss, 0 chg bounds, 5 chg sides, 41 chg coeffs, 189 upgd conss, 0 impls, 192 clqs
(round 7, exhaustive) 86 del vars, 13 del conss, 0 add conss, 0 chg bounds, 5 chg sides, 41 chg coeffs, 189 upgd conss, 0 impls, 192 clqs
(round 8, exhaustive) 87 del vars, 13 del conss, 0 add conss, 0 chg bounds, 5 chg sides, 41 chg coeffs, 189 upgd conss, 0 impls, 191 clqs
   (0.0s) probing: 51/413 (12.3%) - 0 fixings, 0 aggregations, 0 implications, 0 bound changes
   (0.0s) probing aborted: 50/50 successive totally useless probings
   (0.0s) symmetry computation started: requiring (bin +, int +, cont +), (fixed: bin -, int -, cont -)
   (0.0s) no symmetry present (symcode time: 0.00)
presolving (9 rounds: 9 fast, 7 medium, 5 exhaustive):
 87 deleted vars, 13 deleted constraints, 0 added constraints, 0 tightened bounds, 0 added holes, 5 changed sides, 41 changed coefficients
 0 implications, 191 cliques
presolved problem has 413 variables (413 bin, 0 int, 0 impl, 0 cont) and 183 constraints
    183 constraints of type <setppc>
Presolving Time: 0.02

 time | node  | left  |LP iter|LP it/n|mem/heur|mdpt |vars |cons |rows |cuts |sepa|confs|strbr|  dualbound   | primalbound  |  gap   | compl. 
  0.1s|     1 |     0 |  1824 |     - |  5146k |   0 | 413 | 183 | 183 |   0 |  0 |   0 |   0 | 7.521677e+03 |      --      |    Inf | unknown
d 0.1s|     1 |     0 |  1824 |     - |distribu|   0 | 413 | 183 | 183 |   0 |  1 |   0 |   0 | 7.521677e+03 | 3.259624e+03 | 130.75%| unknown
d 0.1s|     1 |     0 |  1886 |     - |distribu|   0 | 413 | 183 | 183 |   0 |  1 |   0 |   0 | 7.521677e+03 | 3.601539e+03 | 108.85%| unknown
d 0.1s|     1 |     0 |  1959 |     - |distribu|   0 | 413 | 183 | 183 |   0 |  1 |   0 |   0 | 7.521677e+03 | 3.625855e+03 | 107.45%| unknown
d 0.1s|     1 |     0 |  2029 |     - |distribu|   0 | 413 | 183 | 183 |   0 |  1 |   0 |   0 | 7.521677e+03 | 3.968867e+03 |  89.52%| unknown
d 0.1s|     1 |     0 |  2089 |     - |distribu|   0 | 413 | 183 | 183 |   0 |  1 |   0 |   0 | 7.521677e+03 | 4.152580e+03 |  81.13%| unknown
d 0.1s|     1 |     0 |  2126 |     - |distribu|   0 | 413 | 183 | 183 |   0 |  1 |   0 |   0 | 7.521677e+03 | 5.416206e+03 |  38.87%| unknown
d 0.1s|     1 |     0 |  2149 |     - |distribu|   0 | 413 | 183 | 183 |   0 |  1 |   0 |   0 | 7.521677e+03 | 6.810514e+03 |  10.44%| unknown
  0.1s|     1 |     0 |  2149 |     - |  5248k |   0 | 413 | 183 | 183 |   0 |  1 |   0 |   0 | 7.521677e+03 | 6.810514e+03 |  10.44%| unknown
  0.2s|     1 |     2 |  2149 |     - |  5427k |   0 | 413 | 183 | 183 |   0 |  2 |   0 |  34 | 7.501751e+03 | 6.810514e+03 |  10.15%| unknown

SCIP Status        : solving was interrupted [node limit reached]
Solving Time (sec) : 0.20
Solving Nodes      : 1
Primal Bound       : +6.81051354940880e+03 (45 solutions)
Dual Bound         : +7.50175073915990e+03
Gap                : 10.15 %
