presolving:
   (0.0s) running MILP presolver
   (0.0s) MILP presolver (2 rounds): 0 aggregations, 9 fixings, 0 bound changes
(round 1, medium)     9 del vars, 0 del conss, 0 add conss, 0 chg bounds, 0 chg sides, 0 chg coeffs, 0 upgd conss, 0 impls, 192 clqs
(round 2, exhaustive) 9 del vars, 1 del conss, 0 add conss, 0 chg bounds, 1 chg sides, 0 chg coeffs, 0 upgd conss, 0 impls, 192 clqs
(round 3, exhaustive) 9 del vars, 1 del conss, 0 add conss, 0 chg bounds, 1 chg sides, 0 chg coeffs, 191 upgd conss, 0 impls, 192 clqs
(round 4, medium)     41 del vars, 1 del conss, 0 add conss, 0 chg bounds, 1 chg sides, 32 chg coeffs, 191 upgd conss, 0 impls, 192 clqs
(round 5, fast)       51 del vars, 1 del conss, 0 add conss, 0 chg bounds, 1 chg sides, 32 chg coeffs, 191 upgd conss, 0 impls, 192 clqs
(round 6, exhaustive) 51 del vars, 3 del conss, 0 add conss, 0 chg bounds, 1 chg sides, 32 chg coeffs, 191 upgd conss, 0 impls, 192 clqs
   (0.0s) probing: 51/449 (11.4%) - 0 fixings, 0 aggregations, 0 implications, 0 bound changes
   (0.0s) probing aborted: 50/50 successive totally useless probings
   (0.0s) symmetry computation started: requiring (bin +, int +, cont +), (fixed: bin -, int -, cont -)
   (0.0s) no symmetry present (symcode time: 0.00)
presolving (7 rounds: 7 fast, 6 medium, 4 exhaustive):
 51 deleted vars, 3 deleted constraints, 0 added constraints, 0 tightened bounds, 0 added holes, 1 changed sides, 32 changed coefficients
 0 implications, 192 cliques
presolved problem has 449 variables (449 bin, 0 int, 0 impl, 0 cont) and 189 constraints
    189 constraints of type <setppc>
Presolving Time: 0.02

 time | node  | left  |LP iter|LP it/n|mem/heur|mdpt |vars |cons |rows |cuts |sepa|confs|strbr|  dualbound   | primalbound  |  gap   | compl. 
  0.1s|     1 |     0 |  1329 |     - |  5556k |   0 | 449 | 189 | 189 |   0 |  0 |   0 |   0 | 7.516670e+03 |      --      |    Inf | unknown
d 0.1s|     1 |     0 |  1329 |     - |distribu|   0 | 449 | 189 | 189 |   0 |  1 |   0 |   0 | 7.516670e+03 | 2.330993e+03 | 222.47%| unknown
d 0.1s|     1 |     0 |  1437 |     - |distribu|   0 | 449 | 189 | 189 |   0 |  1 |   0 |   0 | 7.516670e+03 | 2.989458e+03 | 151.44%| unknown
d 0.1s|     1 |     0 |  1509 |     - |distribu|   0 | 449 | 189 | 189 |   0 |  1 |   0 |   0 | 7.516670e+03 | 4.103451e+03 |  83.18%| unknown
d 0.1s|     1 |     0 |  1522 |     - |distribu|   0 | 449 | 189 | 189 |   0 |  1 |   0 |   0 | 7.516670e+03 | 6.982341e+03 |   7.65%| unknown
  0.1s|     1 |     0 |  1522 |     - |  5671k |   0 | 449 | 189 | 189 |   0 |  1 |   0 |   0 | 7.516670e+03 | 6.982341e+03 |   7.65%| unknown
  0.3s|     1 |     2 |  1522 |     - |  5845k |   0 | 449 | 189 | 189 |   0 |  2 |   0 |  35 | 7.462590e+03 | 6.982341e+03 |   6.88%| unknown

SCIP Status        : solving was interrupted [node limit reached]
Solving Time (sec) : 0.33
Solving Nodes      : 1
Primal Bound       : +6.98234092809000e+03 (39 solutions)
Dual Bound         : +7.46258994683515e+03
Gap                : 6.88 %
