presolving:
(round 1, fast)       1 del vars, 1 del conss, 0 add conss, 0 chg bounds, 0 chg sides, 0 chg coeffs, 0 upgd conss, 0 impls, 194 clqs
   (0.0s) running MILP presolver
   (0.0s) MILP presolver (2 rounds): 0 aggregations, 16 fixings, 0 bound changes
(round 2, medium)     17 del vars, 1 del conss, 0 add conss, 0 chg bounds, 0 chg sides, 0 chg coeffs, 0 upgd conss, 0 impls, 194 clqs
(round 3, exhaustive) 17 del vars, 4 del conss, 0 add conss, 0 chg bounds, 3 chg sides, 0 chg coeffs, 0 upgd conss, 0 impls, 194 clqs
(round 4, exhaustive) 17 del vars, 4 del conss, 0 add conss, 0 chg bounds, 3 chg sides, 0 chg coeffs, 191 upgd conss, 0 impls, 194 clqs
(round 5, medium)     54 del vars, 4 del conss, 0 add conss, 0 chg bounds, 3 chg sides, 37 chg coeffs, 191 upgd conss, 0 impls, 194 clqs
(round 6, fast)       63 del vars, 4 del conss, 0 add conss, 0 chg bounds, 3 chg sides, 37 chg coeffs, 191 upgd conss, 0 impls, 193 clqs
(round 7, exhaustive) 63 del vars, 6 del conss, 0 add conss, 0 chg bounds, 3 chg sides, 37 chg coeffs, 191 upgd conss, 0 impls, 193 clqs
   (0.0s) probing: 51/437 (11.7%) - 0 fixings, 0 aggregations, 0 implications, 0 bound changes
   (0.0s) probing aborted: 50/50 successive totally useless probings
   (0.0s) symmetry computation started: requiring (bin +, int +, cont +), (fixed: bin -, int -, cont -)
   (0.0s) no symmetry present (symcode time: 0.00)
presolving (8 rounds: 8 fast, 6 medium, 4 exhaustive):
 63 deleted vars, 6 deleted constraints, 0 added constraints, 0 tightened bounds, 0 added holes, 3 changed sides, 37 changed coefficients
 0 implications, 193 cliques
presolved problem has 437 variables (437 bin, 0 int, 0 impl, 0 cont) and 189 constraints
    189 constraints of type <setppc>
Presolving Time: 0.02

 time | node  | left  |LP iter|LP it/n|mem/heur|mdpt |vars |cons |rows |cuts |sepa|confs|strbr|  dualbound   | primalbound  |  gap   | compl. 
  0.1s|     1 |     0 |  1560 |     - |  5422k |   0 | 437 | 189 | 189 |   0 |  0 |   0 |   0 | 8.167505e+03 |      --      |    Inf | unknown
d 0.1s|     1 |     0 |  1560 |     - |distribu|   0 | 437 | 189 | 189 |   0 |  1 |   0 |   0 | 8.167505e+03 | 3.127082e+03 | 161.19%| unknown
d 0.1s|     1 |     0 |  1616 |     - |distribu|   0 | 437 | 189 | 189 |   0 |  1 |   0 |   0 | 8.167505e+03 | 3.262856e+03 | 150.32%| unknown
d 0.1s|     1 |     0 |  1664 |     - |distribu|   0 | 437 | 189 | 189 |   0 |  1 |   0 |   0 | 8.167505e+03 | 4.132828e+03 |  97.63%| unknown
d 0.1s|     1 |     0 |  1737 |     - |distribu|   0 | 437 | 189 | 189 |   0 |  1 |   0 |   0 | 8.167505e+03 | 4.355002e+03 |  87.54%| unknown
d 0.1s|     1 |     0 |  1902 |     - |distribu|   0 | 437 | 189 | 189 |   0 |  1 |   0 |   0 | 8.167505e+03 | 4.917652e+03 |  66.09%| unknown
d 0.1s|     1 |     0 |  1942 |     - |distribu|   0 | 437 | 189 | 189 |   0 |  1 |   0 |   0 | 8.167505e+03 | 4.955414e+03 |  64.82%| unknown
d 0.1s|     1 |     0 |  1965 |     - |distribu|   0 | 437 | 189 | 189 |   0 |  1 |   0 |   0 | 8.167505e+03 | 5.155964e+03 |  58.41%| unknown
d 0.1s|     1 |     0 |  2002 |     - |distribu|   0 | 437 | 189 | 189 |   0 |  1 |   0 |   0 | 8.167505e+03 | 6.299720e+03 |  29.65%| unknown
  0.1s|     1 |     0 |  2002 |     - |  5595k |   0 | 437 | 189 | 189 |   0 |  1 |   0 |   0 | 8.167505e+03 | 6.299720e+03 |  29.65%| unknown
  0.2s|     1 |     2 |  2002 |     - |  5750k |   0 | 437 | 189 | 189 |   0 |  2 |   0 |  24 | 8.136996e+03 | 6.299720e+03 |  29.16%| unknown

SCIP Status        : solving was interrupted [node limit reached]
Solving Time (sec) : 0.19
Solving Nodes      : 1
Primal Bound       : +6.29971950768740e+03 (38 solutions)
Dual Bound         : +8.13699578031541e+03
Gap                : 29.16 %
