presolving:
(round 1, fast)       1 del vars, 2 del conss, 0 add conss, 0 chg bounds, 0 chg sides, 0 chg coeffs, 0 upgd conss, 0 impls, 189 clqs
   (0.0s) running MILP presolver
   (0.0s) MILP presolver (2 rounds): 0 aggregations, 28 fixings, 0 bound changes
(round 2, medium)     29 del vars, 2 del conss, 0 add conss, 0 chg bounds, 0 chg sides, 0 chg coeffs, 0 upgd conss, 0 impls, 187 clqs
(round 3, fast)       29 del vars, 4 del conss, 0 add conss, 0 chg bounds, 0 chg sides, 0 chg coeffs, 0 upgd conss, 0 impls, 187 clqs
(round 4, exhaustive) 29 del vars, 7 del conss, 0 add conss, 0 chg bounds, 3 chg sides, 0 chg coeffs, 0 upgd conss, 0 impls, 187 clqs
(round 5, exhaustive) 29 del vars, 7 del conss, 0 add conss, 0 chg bounds, 3 chg sides, 0 chg coeffs, 184 upgd conss, 0 impls, 187 clqs
(round 6, medium)     73 del vars, 7 del conss, 0 add conss, 0 chg bounds, 3 chg sides, 44 chg coeffs, 184 upgd conss, 0 impls, 187 clqs
(round 7, fast)       95 del vars, 8 del conss, 0 add conss, 0 chg bounds, 3 chg sides, 44 chg coeffs, 184 upgd conss, 0 impls, 184 clqs
(round 8, exhaustive) 95 del vars, 12 del conss, 0 add conss, 0 chg bounds, 3 chg sides, 44 chg coeffs, 184 upgd conss, 0 impls, 184 clqs
   (0.0s) probing: 51/405 (12.6%) - 0 fixings, 0 aggregations, 0 implications, 0 bound changes
   (0.0s) probing aborted: 50/50 successive totally useless probings
   (0.0s) symmetry computation started: requiring (bin +, int +, cont +), (fixed: bin -, int -, cont -)
   (0.0s) no symmetry present (symcode time: 0.00)
presolving (9 rounds: 9 fast, 6 medium, 4 exhaustive):
 95 deleted vars, 12 deleted constraints, 0 added constraints, 0 tightened bounds, 0 added holes, 3 changed sides, 44 changed coefficients
 0 implications, 184 cliques
presolved problem has 405 variables (405 bin, 0 int, 0 impl, 0 cont) and 179 constraints
    179 constraints of type <setppc>
Presolving Time: 0.02

 time | node  | left  |LP iter|LP it/n|mem/heur|mdpt |vars |cons |rows |cuts |sepa|confs|strbr|  dualbound   | primalbound  |  gap   | compl. 
  0.0s|     1 |     0 |   886 |     - |  5033k |   0 | 405 | 179 | 179 |   0 |  0 |   0 |   0 | 7.905640e+03 |      --      |    Inf | unknown
d 0.1s|     1 |     0 |   886 |     - |distribu|   0 | 405 | 179 | 179 |   0 |  1 |   0 |   0 | 7.905640e+03 | 3.905290e+03 | 102.43%| unknown
d 0.1s|     1 |     0 |  1002 |     - |distribu|   0 | 405 | 179 | 179 |   0 |  1 |   0 |   0 | 7.905640e+03 | 4.406605e+03 |  79.40%| unknown
d 0.1s|     1 |     0 |  1069 |     - |distribu|   0 | 405 | 179 | 179 |   0 |  1 |   0 |   0 | 7.905640e+03 | 6.019870e+03 |  31.33%| unknown
d 0.1s|     1 |     0 |  1095 |     - |distribu|   0 | 405 | 179 | 179 |   0 |  1 |   0 |   0 | 7.905640e+03 | 7.312485e+03 |   8.11%| unknown
  0.1s|     1 |     0 |  1095 |     - |  5149k |   0 | 405 | 179 | 179 |   0 |  1 |   0 |   0 | 7.905640e+03 | 7.312485e+03 |   8.11%| unknown
  0.2s|     1 |     2 |  1095 |     - |  5526k |   0 | 405 | 179 | 179 |   0 |  2 |   0 |  33 | 7.868308e+03 | 7.312485e+03 |   7.60%| unknown

SCIP Status        : solving was interrupted [node limit reached]
Solving Time (sec) : 0.18
Solving Nodes      : 1
Primal Bound       : +7.31248505539424e+03 (44 solutions)
Dual Bound         : +7.86830763987263e+03
Gap                : 7.60 %
