presolving:
(round 1, fast)       0 del vars, 1 del conss, 0 add conss, 0 chg bounds, 0 chg sides, 0 chg coeffs, 0 upgd conss, 0 impls, 185 clqs
(round 2, fast)       1 del vars, 1 del conss, 0 add conss, 0 chg bounds, 0 chg sides, 0 chg coeffs, 0 upgd conss, 0 impls, 185 clqs
   (0.0s) running MILP presolver
   (0.0s) MILP presolver (2 rounds): 0 aggregations, 27 fixings, 0 bound changes
(round 3, medium)     28 del vars, 1 del conss, 0 add conss, 0 chg bounds, 0 chg sides, 0 chg coeffs, 0 upgd conss, 0 impls, 185 clqs
(round 4, exhaustive) 28 del vars, 6 del conss, 0 add conss, 0 chg bounds, 5 chg sides, 0 chg coeffs, 0 upgd conss, 0 impls, 185 clqs
(round 5, exhaustive) 28 del vars, 6 del conss, 0 add conss, 0 chg bounds, 5 chg sides, 0 chg coeffs, 180 upgd conss, 0 impls, 185 clqs
(round 6, medium)     69 del vars, 6 del conss, 0 add conss, 0 chg bounds, 5 chg sides, 41 chg coeffs, 180 upgd conss, 0 impls, 185 clqs
(round 7, fast)       96 del vars, 7 del conss, 0 add conss, 0 chg bounds, 5 chg sides, 41 chg coeffs, 180 upgd conss, 0 impls, 183 clqs
(round 8, exhaustive) 96 del vars, 13 del conss, 0 add conss, 0 chg bounds, 5 chg sides, 41 chg coeffs, 180 upgd conss, 0 impls, 183 clqs
   (0.0s) probing: 51/404 (12.6%) - 0 fixings, 0 aggregations, 0 implications, 0 bound changes
   (0.0s) probing aborted: 50/50 successive totally useless probings
   (0.0s) symmetry computation started: requiring (bin +, int +, cont +), (fixed: bin -, int -, cont -)
   (0.0s) no symmetry present (symcode time: 0.00)
presolving (9 rounds: 9 fast, 6 medium, 4 exhaustive):
 96 deleted vars, 13 deleted constraints, 0 added constraints, 0 tightened bounds, 0 added holes, 5 changed sides, 41 changed coefficients
 0 implications, 183 cliques
presolved problem has 404 variables (404 bin, 0 int, 0 impl, 0 cont) and 173 constraints
    173 constraints of type <setppc>
Presolving Time: 0.01

 time | node  | left  |LP iter|LP it/n|mem/heur|mdpt |vars |cons |rows |cuts |sepa|confs|strbr|  dualbound   | primalbound  |  gap   | compl. 
  0.1s|     1 |     0 |   998 |     - |  5026k |   0 | 404 | 173 | 173 |   0 |  0 |   0 |   0 | 8.036970e+03 |      --      |    Inf | unknown
d 0.1s|     1 |     0 |   998 |     - |distribu|   0 | 404 | 173 | 173 |   0 |  1 |   0 |   0 | 8.036970e+03 | 4.108226e+03 |  95.63%| unknown
d 0.1s|     1 |     0 |  1073 |     - |distribu|   0 | 404 | 173 | 173 |   0 |  1 |   0 |   0 | 8.036970e+03 | 4.863198e+03 |  65.26%| unknown
d 0.1s|     1 |     0 |  1123 |     - |distribu|   0 | 404 | 173 | 173 |   0 |  1 |   0 |   0 | 8.036970e+03 | 5.799029e+03 |  38.59%| unknown
d 0.1s|     1 |     0 |  1172 |     - |distribu|   0 | 404 | 173 | 173 |   0 |  1 |   0 |   0 | 8.036970e+03 | 7.542115e+03 |   6.56%| unknown
  0.1s|     1 |     0 |  1172 |     - |  5136k |   0 | 404 | 173 | 173 |   0 |  1 |   0 |   0 | 8.036970e+03 | 7.542115e+03 |   6.56%| unknown
  0.1s|     1 |     0 |  1172 |     - |  5136k |   0 | 404 | 173 | 173 |   0 |  1 |   0 |   0 | 8.036970e+03 | 7.542115e+03 |   6.56%| unknown
  0.2s|     1 |     2 |  1172 |     - |  5410k |   0 | 404 | 173 | 173 |   0 |  2 |   0 |  34 | 8.013951e+03 | 7.542115e+03 |   6.26%| unknown

SCIP Status        : solving was interrupted [node limit reached]
Solving Time (sec) : 0.17
Solving Nodes      : 1
Primal Bound       : +7.54211517627194e+03 (35 solutions)
Dual Bound         : +8.01395075367054e+03
Gap                : 6.26 %
