presolving:
   (0.0s) running MILP presolver
   (0.0s) MILP presolver (2 rounds): 0 aggregations, 21 fixings, 0 bound changes
(round 1, medium)     21 del vars, 0 del conss, 0 add conss, 0 chg bounds, 0 chg sides, 0 chg coeffs, 0 upgd conss, 0 impls, 187 clqs
(round 2, exhaustive) 21 del vars, 4 del conss, 0 add conss, 0 chg bounds, 4 chg sides, 0 chg coeffs, 0 upgd conss, 0 impls, 187 clqs
(round 3, exhaustive) 21 del vars, 4 del conss, 0 add conss, 0 chg bounds, 4 chg sides, 0 chg coeffs, 183 upgd conss, 0 impls, 187 clqs
(round 4, medium)     62 del vars, 4 del conss, 0 add conss, 0 chg bounds, 4 chg sides, 41 chg coeffs, 183 upgd conss, 0 impls, 187 clqs
(round 5, fast)       90 del vars, 4 del conss, 0 add conss, 0 chg bounds, 4 chg sides, 41 chg coeffs, 183 upgd conss, 0 impls, 187 clqs
(round 6, exhaustive) 90 del vars, 8 del conss, 0 add conss, 0 chg bounds, 4 chg sides, 41 chg coeffs, 183 upgd conss, 0 impls, 187 clqs
   (0.0s) probing: 51/410 (12.4%) - 0 fixings, 0 aggregations, 0 implications, 0 bound changes
   (0.0s) probing aborted: 50/50 successive totally useless probings
   (0.0s) symmetry computation started: requiring (bin +, int +, cont +), (fixed: bin -, int -, cont -)
   (0.0s) no symmetry present (symcode time: 0.00)
presolving (7 rounds: 7 fast, 6 medium, 4 exhaustive):
 90 deleted vars, 8 deleted constraints, 0 added constraints, 0 tightened bounds, 0 added holes, 4 changed sides, 41 changed coefficients
 0 implications, 187 cliques
presolved problem has 410 variables (410 bin, 0 int, 0 impl, 0 cont) and 179 constraints
    179 constraints of type <setppc>
Presolving Time: 0.02

 time | node  | left  |LP iter|LP it/n|mem/heur|mdpt |vars |cons |rows |cuts |sepa|confs|strbr|  dualbound   | primalbound  |  gap   | compl. 
  0.1s|     1 |     0 |  1230 |     - |  5208k |   0 | 410 | 179 | 179 |   0 |  0 |   0 |   0 | 7.450815e+03 |      --      |    Inf | unknown
d 0.1s|     1 |     0 |  1230 |     - |distribu|   0 | 410 | 179 | 179 |   0 |  1 |   0 |   0 | 7.450815e+03 | 3.237551e+03 | 130.14%| unknown
d 0.1s|     1 |     0 |  1348 |     - |distribu|   0 | 410 | 179 | 179 |   0 |  1 |   0 |   0 | 7.450815e+03 | 3.448274e+03 | 116.07%| unknown
d 0.1s|     1 |     0 |  1424 |     - |distribu|   0 | 410 | 179 | 179 |   0 |  1 |   0 |   0 | 7.450815e+03 | 3.758896e+03 |  98.22%| unknown
d 0.1s|     1 |     0 |  1499 |     - |distribu|   0 | 410 | 179 | 179 |   0 |  1 |   0 |   0 | 7.450815e+03 | 4.220031e+03 |  76.56%| unknown
d 0.1s|     1 |     0 |  1543 |     - |distribu|   0 | 410 | 179 | 179 |   0 |  1 |   0 |   0 | 7.450815e+03 | 4.597259e+03 |  62.07%| unknown
d 0.1s|     1 |     0 |  1576 |     - |distribu|   0 | 410 | 179 | 179 |   0 |  1 |   0 |   0 | 7.450815e+03 | 5.079430e+03 |  46.69%| unknown
d 0.1s|     1 |     0 |  1613 |     - |distribu|   0 | 410 | 179 | 179 |   0 |  1 |   0 |   0 | 7.450815e+03 | 5.415865e+03 |  37.57%| unknown
d 0.1s|     1 |     0 |  1616 |     - |distribu|   0 | 410 | 179 | 179 |   0 |  1 |   0 |   0 | 7.450815e+03 | 6.084083e+03 |  22.46%| unknown
  0.1s|     1 |     0 |  1616 |     - |  5365k |   0 | 410 | 179 | 179 |   0 |  1 |   0 |   0 | 7.450815e+03 | 6.084083e+03 |  22.46%| unknown
  0.4s|     1 |     2 |  1616 |     - |  5683k |   0 | 410 | 179 | 179 |   0 |  2 |   0 |  41 | 7.384721e+03 | 6.084083e+03 |  21.38%| unknown

SCIP Status        : solving was interrupted [node limit reached]
Solving Time (sec) : 0.38
Solving Nodes      : 1
Primal Bound       : +6.08408305677742e+03 (50 solutions)
Dual Bound         : +7.38472066809328e+03
Gap                : 21.38 %
