presolving:
(round 1, fast)       0 del vars, 1 del conss, 0 add conss, 0 chg bounds, 0 chg sides, 0 chg coeffs, 0 upgd conss, 0 impls, 188 clqs
   (0.0s) running MILP presolver
   (0.0s) MILP presolver (2 rounds): 0 aggregations, 11 fixings, 0 bound changes
(round 2, medium)     11 del vars, 1 del conss, 0 add conss, 0 chg bounds, 0 chg sides, 0 chg coeffs, 0 upgd conss, 0 impls, 188 clqs
(round 3, exhaustive) 11 del vars, 3 del conss, 0 add conss, 0 chg bounds, 2 chg sides, 0 chg coeffs, 0 upgd conss, 0 impls, 188 clqs
(round 4, exhaustive) 11 del vars, 3 del conss, 0 add conss, 0 chg bounds, 2 chg sides, 0 chg coeffs, 186 upgd conss, 0 impls, 188 clqs
(round 5, medium)     47 del vars, 3 del conss, 0 add conss, 0 chg bounds, 2 chg sides, 36 chg coeffs, 186 upgd conss, 0 impls, 188 clqs
(round 6, fast)       58 del vars, 3 del conss, 0 add conss, 0 chg bounds, 2 chg sides, 36 chg coeffs, 186 upgd conss, 0 impls, 187 clqs
(round 7, exhaustive) 58 del vars, 8 del conss, 0 add conss, 0 chg bounds, 2 chg sides, 36 chg coeffs, 186 upgd conss, 0 impls, 187 clqs
   (0.0s) probing: 51/442 (11.5%) - 0 fixings, 0 aggregations, 0 implications, 0 bound changes
   (0.0s) probing aborted: 50/50 successive totally useless probings
   (0.0s) symmetry computation started: requiring (bin +, int +, cont +), (fixed: bin -, int -, cont -)
   (0.0s) no symmetry present (symcode time: 0.00)
presolving (8 rounds: 8 fast, 6 medium, 4 exhaustive):
 58 deleted vars, 8 deleted constraints, 0 added constraints, 0 tightened bounds, 0 added holes, 2 changed sides, 36 changed coefficients
 0 implications, 187 cliques
presolved problem has 442 variables (442 bin, 0 int, 0 impl, 0 cont) and 181 constraints
    181 constraints of type <setppc>
Presolving Time: 0.02

 time | node  | left  |LP iter|LP it/n|mem/heur|mdpt |vars |cons |rows |cuts |sepa|confs|strbr|  dualbound   | primalbound  |  gap   | compl. 
  0.1s|     1 |     0 |  1214 |     - |  5570k |   0 | 442 | 181 | 181 |   0 |  0 |   0 |   0 | 7.231183e+03 |      --      |    Inf | unknown
d 0.1s|     1 |     0 |  1214 |     - |distribu|   0 | 442 | 181 | 181 |   0 |  1 |   0 |   0 | 7.231183e+03 | 2.374101e+03 | 204.59%| unknown
d 0.1s|     1 |     0 |  1286 |     - |distribu|   0 | 442 | 181 | 181 |   0 |  1 |   0 |   0 | 7.231183e+03 | 2.435969e+03 | 196.85%| unknown
d 0.1s|     1 |     0 |  1433 |     - |distribu|   0 | 442 | 181 | 181 |   0 |  1 |   0 |   0 | 7.231183e+03 | 3.162329e+03 | 128.67%| unknown
d 0.1s|     1 |     0 |  1539 |     - |distribu|   0 | 442 | 181 | 181 |   0 |  1 |   0 |   0 | 7.231183e+03 | 3.448943e+03 | 109.66%| unknown
d 0.1s|     1 |     0 |  1627 |     - |distribu|   0 | 442 | 181 | 181 |   0 |  1 |   0 |   0 | 7.231183e+03 | 3.497007e+03 | 106.78%| unknown
d 0.1s|     1 |     0 |  1660 |     - |distribu|   0 | 442 | 181 | 181 |   0 |  1 |   0 |   0 | 7.231183e+03 | 3.893382e+03 |  85.73%| unknown
d 0.1s|     1 |     0 |  1691 |     - |distribu|   0 | 442 | 181 | 181 |   0 |  1 |   0 |   0 | 7.231183e+03 | 3.911441e+03 |  84.87%| unknown
d 0.1s|     1 |     0 |  1717 |     - |distribu|   0 | 442 | 181 | 181 |   0 |  1 |   0 |   0 | 7.231183e+03 | 4.142648e+03 |  74.55%| unknown
d 0.1s|     1 |     0 |  1724 |     - |distribu|   0 | 442 | 181 | 181 |   0 |  1 |   0 |   0 | 7.231183e+03 | 5.315510e+03 |  36.04%| unknown
  0.1s|     1 |     0 |  1724 |     - |  5735k |   0 | 442 | 181 | 181 |   0 |  1 |   0 |   0 | 7.231183e+03 | 5.315510e+03 |  36.04%| unknown
  0.4s|     1 |     2 |  1724 |     - |  6104k |   0 | 442 | 181 | 181 |   0 |  2 |   0 |  53 | 7.184748e+03 | 5.315510e+03 |  35.17%| unknown

SCIP Status        : solving was interrupted [node limit reached]
Solving Time (sec) : 0.38
Solving Nodes      : 1
Primal Bound       : +5.31550984616912e+03 (65 solutions)
Dual Bound         : +7.18474769689463e+03
Gap                : 35.17 %
