presolving:
   (0.0s) running MILP presolver
   (0.0s) MILP presolver (2 rounds): 0 aggregations, 15 fixings, 0 bound changes
(round 1, medium)     15 del vars, 0 del conss, 0 add conss, 0 chg bounds, 0 chg sides, 0 chg coeffs, 0 upgd conss, 0 impls, 195 clqs
(round 2, exhaustive) 15 del vars, 5 del conss, 0 add conss, 0 chg bounds, 5 chg sides, 0 chg coeffs, 0 upgd conss, 0 impls, 195 clqs
(round 3, exhaustive) 15 del vars, 5 del conss, 0 add conss, 0 chg bounds, 5 chg sides, 0 chg coeffs, 190 upgd conss, 0 impls, 195 clqs
(round 4, medium)     50 del vars, 5 del conss, 0 add conss, 0 chg bounds, 5 chg sides, 35 chg coeffs, 190 upgd conss, 0 impls, 195 clqs
(round 5, fast)       64 del vars, 5 del conss, 0 add conss, 0 chg bounds, 5 chg sides, 35 chg coeffs, 190 upgd conss, 0 impls, 195 clqs
(round 6, exhaustive) 64 del vars, 9 del conss, 0 add conss, 0 chg bounds, 5 chg sides, 35 chg coeffs, 190 upgd conss, 0 impls, 195 clqs
   (0.0s) probing: 51/436 (11.7%) - 0 fixings, 0 aggregations, 0 implications, 0 bound changes
   (0.0s) probing aborted: 50/50 successive totally useless probings
   (0.0s) symmetry computation started: requiring (bin +, int +, cont +), (fixed: bin -, int -, cont -)
   (0.0s) no symmetry present (symcode time: 0.00)
presolving (7 rounds: 7 fast, 6 medium, 4 exhaustive):
 64 deleted vars, 9 deleted constraints, 0 added constraints, 0 tightened bounds, 0 added holes, 5 changed sides, 35 changed coefficients
 0 implications, 195 cliques
presolved problem has 436 variables (436 bin, 0 int, 0 impl, 0 cont) and 186 constraints
    186 constraints of type <setppc>
Presolving Time: 0.02

 time | node  | left  |LP iter|LP it/n|mem/heur|mdpt |vars |cons |rows |cuts |sepa|confs|strbr|  dualbound   | primalbound  |  gap   | compl. 
  0.1s|     1 |     0 |  1439 |     - |  5351k |   0 | 436 | 186 | 186 |   0 |  0 |   0 |   0 | 7.982070e+03 |      --      |    Inf | unknown
d 0.1s|     1 |     0 |  1439 |     - |distribu|   0 | 436 | 186 | 186 |   0 |  1 |   0 |   0 | 7.982070e+03 | 2.700964e+03 | 195.53%| unknown
d 0.1s|     1 |     0 |  1635 |     - |distribu|   0 | 436 | 186 | 186 |   0 |  1 |   0 |   0 | 7.982070e+03 | 3.836173e+03 | 108.07%| unknown
d 0.1s|     1 |     0 |  1708 |     - |distribu|   0 | 436 | 186 | 186 |   0 |  1 |   0 |   0 | 7.982070e+03 | 4.203029e+03 |  89.91%| unknown
d 0.1s|     1 |     0 |  1749 |     - |distribu|   0 | 436 | 186 | 186 |   0 |  1 |   0 |   0 | 7.982070e+03 | 5.255122e+03 |  51.89%| unknown
d 0.1s|     1 |     0 |  1759 |     - |distribu|   0 | 436 | 186 | 186 |   0 |  1 |   0 |   0 | 7.982070e+03 | 6.979937e+03 |  14.36%| unknown
  0.1s|     1 |     0 |  1759 |     - |  5463k |   0 | 436 | 186 | 186 |   0 |  1 |   0 |   0 | 7.982070e+03 | 6.979937e+03 |  14.36%| unknown
  0.2s|     1 |     2 |  1759 |     - |  5544k |   0 | 436 | 186 | 186 |   0 |  2 |   0 |  19 | 7.948367e+03 | 6.979937e+03 |  13.87%| unknown

SCIP Status        : solving was interrupted [node limit reached]
Solving Time (sec) : 0.16
Solving Nodes      : 1
Primal Bound       : +6.97993655583270e+03 (24 solutions)
Dual Bound         : +7.94836676086720e+03
Gap                : 13.87 %
