presolving:
(round 1, fast)       1 del vars, 2 del conss, 0 add conss, 0 chg bounds, 0 chg sides, 0 chg coeffs, 0 upgd conss, 0 impls, 194 clqs
(round 2, fast)       2 del vars, 2 del conss, 0 add conss, 0 chg bounds, 0 chg sides, 0 chg coeffs, 0 upgd conss, 0 impls, 194 clqs
   (0.0s) running MILP presolver
   (0.0s) MILP presolver (2 rounds): 0 aggregations, 6 fixings, 0 bound changes
(round 3, medium)     8 del vars, 2 del conss, 0 add conss, 0 chg bounds, 0 chg sides, 0 chg coeffs, 0 upgd conss, 0 impls, 194 clqs
(round 4, exhaustive) 8 del vars, 5 del conss, 0 add conss, 0 chg bounds, 3 chg sides, 0 chg coeffs, 0 upgd conss, 0 impls, 194 clqs
(round 5, exhaustive) 8 del vars, 5 del conss, 0 add conss, 0 chg bounds, 3 chg sides, 0 chg coeffs, 191 upgd conss, 0 impls, 194 clqs
(round 6, medium)     39 del vars, 5 del conss, 0 add conss, 0 chg bounds, 3 chg sides, 31 chg coeffs, 191 upgd conss, 0 impls, 194 clqs
(round 7, fast)       49 del vars, 5 del conss, 0 add conss, 0 chg bounds, 3 chg sides, 31 chg coeffs, 191 upgd conss, 0 impls, 193 clqs
(round 8, exhaustive) 49 del vars, 9 del conss, 0 add conss, 0 chg bounds, 3 chg sides, 31 chg coeffs, 191 upgd conss, 0 impls, 193 clqs
(round 9, exhaustive) 50 del vars, 9 del conss, 0 add conss, 0 chg bounds, 3 chg sides, 31 chg coeffs, 191 upgd conss, 0 impls, 192 clqs
   (0.0s) probing: 51/450 (11.3%) - 0 fixings, 0 aggregations, 0 implications, 0 bound changes
   (0.0s) probing aborted: 50/50 successive totally useless probings
   (0.0s) symmetry computation started: requiring (bin +, int +, cont +), (fixed: bin -, int -, cont -)
   (0.0s) no symmetry present (symcode time: 0.00)
presolving (10 rounds: 10 fast, 7 medium, 5 exhaustive):
 50 deleted vars, 9 deleted constraints, 0 added constraints, 0 tightened bounds, 0 added holes, 3 changed sides, 31 changed coefficients
 0 implications, 192 cliques
presolved problem has 450 variables (450 bin, 0 int, 0 impl, 0 cont) and 187 constraints
    187 constraints of type <setppc>
Presolving Time: 0.02

 time | node  | left  |LP iter|LP it/n|mem/heur|mdpt |vars |cons |rows |cuts |sepa|confs|strbr|  dualbound   | primalbound  |  gap   | compl. 
  0.1s|     1 |     0 |  1888 |     - |  5456k |   0 | 450 | 187 | 187 |   0 |  0 |   0 |   0 | 8.353309e+03 |      --      |    Inf | unknown
d 0.1s|     1 |     0 |  1888 |     - |distribu|   0 | 450 | 187 | 187 |   0 |  1 |   0 |   0 | 8.353309e+03 | 2.305506e+03 | 262.32%| unknown
d 0.1s|     1 |     0 |  2002 |     - |distribu|   0 | 450 | 187 | 187 |   0 |  1 |   0 |   0 | 8.353309e+03 | 3.063857e+03 | 172.64%| unknown
d 0.1s|     1 |     0 |  2079 |     - |distribu|   0 | 450 | 187 | 187 |   0 |  1 |   0 |   0 | 8.353309e+03 | 3.120075e+03 | 167.73%| unknown
d 0.1s|     1 |     0 |  2171 |     - |distribu|   0 | 450 | 187 | 187 |   0 |  1 |   0 |   0 | 8.353309e+03 | 4.104553e+03 | 103.51%| unknown
d 0.1s|     1 |     0 |  2324 |     - |distribu|   0 | 450 | 187 | 187 |   0 |  1 |   0 |   0 | 8.353309e+03 | 4.871440e+03 |  71.48%| unknown
d 0.1s|     1 |     0 |  2335 |     - |distribu|   0 | 450 | 187 | 187 |   0 |  1 |   0 |   0 | 8.353309e+03 | 5.772964e+03 |  44.70%| unknown
d 0.1s|     1 |     0 |  2340 |     - |distribu|   0 | 450 | 187 | 187 |   0 |  1 |   0 |   0 | 8.353309e+03 | 6.788897e+03 |  23.04%| unknown
  0.1s|     1 |     0 |  2340 |     - |  5606k |   0 | 450 | 187 | 187 |   0 |  1 |   0 |   0 | 8.353309e+03 | 6.788897e+03 |  23.04%| unknown
  0.2s|     1 |     2 |  2340 |     - |  5776k |   0 | 450 | 187 | 187 |   0 |  2 |   0 |  20 | 8.313718e+03 | 6.788897e+03 |  22.46%| unknown

SCIP Status        : solving was interrupted [node limit reached]
Solving Time (sec) : 0.21
Solving Nodes      : 1
Primal Bound       : +6.78889729971745e+03 (30 solutions)
Dual Bound         : +8.31371795929625e+03
Gap                : 22.46 %
