presolving:
   (0.0s) running MILP presolver
   (0.0s) MILP presolver (2 rounds): 0 aggregations, 3 fixings, 0 bound changes
(round 1, medium)     3 del vars, 0 del conss, 0 add conss, 0 chg bounds, 0 chg sides, 0 chg coeffs, 0 upgd conss, 0 impls, 192 clqs
(round 2, exhaustive) 3 del vars, 1 del conss, 0 add conss, 0 chg bounds, 1 chg sides, 0 chg coeffs, 0 upgd conss, 0 impls, 192 clqs
(round 3, exhaustive) 3 del vars, 1 del conss, 0 add conss, 0 chg bounds, 1 chg sides, 0 chg coeffs, 191 upgd conss, 0 impls, 192 clqs
(round 4, medium)     40 del vars, 1 del conss, 0 add conss, 0 chg bounds, 1 chg sides, 37 chg coeffs, 191 upgd conss, 0 impls, 192 clqs
(round 5, fast)       48 del vars, 2 del conss, 0 add conss, 0 chg bounds, 1 chg sides, 37 chg coeffs, 191 upgd conss, 0 impls, 191 clqs
(round 6, exhaustive) 48 del vars, 3 del conss, 0 add conss, 0 chg bounds, 1 chg sides, 37 chg coeffs, 191 upgd conss, 0 impls, 191 clqs
   (0.0s) probing: 51/452 (11.3%) - 0 fixings, 0 aggregations, 0 implications, 0 bound changes
   (0.0s) probing aborted: 50/50 successive totally useless probings
   (0.0s) symmetry computation started: requiring (bin +, int +, cont +), (fixed: bin -, int -, cont -)
   (0.0s) no symmetry present (symcode time: 0.00)
presolving (7 rounds: 7 fast, 6 medium, 4 exhaustive):
 48 deleted vars, 3 deleted constraints, 0 added constraints, 0 tightened bounds, 0 added holes, 1 changed sides, 37 changed coefficients
 0 implications, 191 cliques
presolved problem has 452 variables (452 bin, 0 int, 0 impl, 0 cont) and 189 constraints
    189 constraints of type <setppc>
Presolving Time: 0.02

 time | node  | left  |LP iter|LP it/n|mem/heur|mdpt |vars |cons |rows |cuts |sepa|confs|strbr|  dualbound   | primalbound  |  gap   | compl. 
  0.1s|     1 |     0 |  1371 |     - |  5421k |   0 | 452 | 189 | 189 |   0 |  0 |   0 |   0 | 7.916640e+03 |      --      |    Inf | unknown
d 0.1s|     1 |     0 |  1371 |     - |distribu|   0 | 452 | 189 | 189 |   0 |  1 |   0 |   0 | 7.916640e+03 | 2.496379e+03 | 217.12%| unknown
d 0.1s|     1 |     0 |  1469 |     - |distribu|   0 | 452 | 189 | 189 |   0 |  1 |   0 |   0 | 7.916640e+03 | 3.093772e+03 | 155.89%| unknown
d 0.1s|     1 |     0 |  1597 |     - |distribu|   0 | 452 | 189 | 189 |   0 |  1 |   0 |   0 | 7.916640e+03 | 3.534401e+03 | 123.99%| unknown
d 0.1s|     1 |     0 |  1780 |     - |distribu|   0 | 452 | 189 | 189 |   0 |  1 |   0 |   0 | 7.916640e+03 | 4.164981e+03 |  90.08%| unknown
d 0.1s|     1 |     0 |  1829 |     - |distribu|   0 | 452 | 189 | 189 |   0 |  1 |   0 |   0 | 7.916640e+03 | 4.982593e+03 |  58.89%| unknown
d 0.1s|     1 |     0 |  1844 |     - |distribu|   0 | 452 | 189 | 189 |   0 |  1 |   0 |   0 | 7.916640e+03 | 5.811037e+03 |  36.23%| unknown
d 0.1s|     1 |     0 |  1856 |     - |distribu|   0 | 452 | 189 | 189 |   0 |  1 |   0 |   0 | 7.916640e+03 | 6.542129e+03 |  21.01%| unknown
  0.1s|     1 |     0 |  1856 |     - |  5540k |   0 | 452 | 189 | 189 |   0 |  1 |   0 |   0 | 7.916640e+03 | 6.542129e+03 |  21.01%| unknown
  0.2s|     1 |     2 |  1856 |     - |  5662k |   0 | 452 | 189 | 189 |   0 |  2 |   0 |  20 | 7.862389e+03 | 6.542129e+03 |  20.18%| unknown

SCIP Status        : solving was interrupted [node limit reached]
Solving Time (sec) : 0.22
Solving Nodes      : 1
Primal Bound       : +6.54212864911474e+03 (28 solutions)
Dual Bound         : +7.86238868731700e+03
Gap                : 20.18 %
