presolving:
   (0.0s) running MILP presolver
   (0.0s) MILP presolver (2 rounds): 0 aggregations, 19 fixings, 0 bound changes
(round 1, medium)     19 del vars, 0 del conss, 0 add conss, 0 chg bounds, 0 chg sides, 0 chg coeffs, 0 upgd conss, 0 impls, 198 clqs
(round 2, exhaustive) 19 del vars, 5 del conss, 0 add conss, 0 chg bounds, 5 chg sides, 0 chg coeffs, 0 upgd conss, 0 impls, 198 clqs
(round 3, exhaustive) 19 del vars, 5 del conss, 0 add conss, 0 chg bounds, 5 chg sides, 0 chg coeffs, 193 upgd conss, 0 impls, 198 clqs
(round 4, medium)     61 del vars, 5 del conss, 0 add conss, 0 chg bounds, 5 chg sides, 42 chg coeffs, 193 upgd conss, 0 impls, 198 clqs
(round 5, fast)       87 del vars, 6 del conss, 0 add conss, 0 chg bounds, 5 chg sides, 42 chg coeffs, 193 upgd conss, 0 impls, 195 clqs
(round 6, exhaustive) 87 del vars, 11 del conss, 0 add conss, 0 chg bounds, 5 chg sides, 42 chg coeffs, 193 upgd conss, 0 impls, 195 clqs
(round 7, exhaustive) 89 del vars, 11 del conss, 0 add conss, 0 chg bounds, 5 chg sides, 42 chg coeffs, 193 upgd conss, 0 impls, 194 clqs
   (0.0s) probing: 51/411 (12.4%) - 0 fixings, 0 aggregations, 0 implications, 0 bound changes
   (0.0s) probing aborted: 50/50 successive totally useless probings
   (0.0s) symmetry computation started: requiring (bin +, int +, cont +), (fixed: bin -, int -, cont -)
   (0.0s) no symmetry present (symcode time: 0.00)
presolving (8 rounds: 8 fast, 7 medium, 5 exhaustive):
 89 deleted vars, 11 deleted constraints, 0 added constraints, 0 tightened bounds, 0 added holes, 5 changed sides, 42 changed coefficients
 0 implications, 194 cliques
presolved problem has 411 variables (411 bin, 0 int, 0 impl, 0 cont) and 187 constraints
    187 constraints of type <setppc>
Presolving Time: 0.02

 time | node  | left  |LP iter|LP it/n|mem/heur|mdpt |vars |cons |rows |cuts |sepa|confs|strbr|  dualbound   | primalbound  |  gap   | compl. 
  0.1s|     1 |     0 |  1086 |     - |  5261k |   0 | 411 | 187 | 187 |   0 |  0 |   0 |   0 | 7.905330e+03 |      --      |    Inf | unknown
d 0.1s|     1 |     0 |  1086 |     - |distribu|   0 | 411 | 187 | 187 |   0 |  1 |   0 |   0 | 7.905330e+03 | 3.729411e+03 | 111.97%| unknown
d 0.1s|     1 |     0 |  1233 |     - |distribu|   0 | 411 | 187 | 187 |   0 |  1 |   0 |   0 | 7.905330e+03 | 4.824632e+03 |  63.85%| unknown
d 0.1s|     1 |     0 |  1311 |     - |distribu|   0 | 411 | 187 | 187 |   0 |  1 |   0 |   0 | 7.905330e+03 | 7.274419e+03 |   8.67%| unknown
  0.1s|     1 |     0 |  1311 |     - |  5389k |   0 | 411 | 187 | 187 |   0 |  1 |   0 |   0 | 7.905330e+03 | 7.274419e+03 |   8.67%| unknown
  0.1s|     1 |     0 |  1311 |     - |  5389k |   0 | 411 | 187 | 187 |   0 |  1 |   0 |   0 | 7.905330e+03 | 7.274419e+03 |   8.67%| unknown
  0.2s|     1 |     2 |  1311 |     - |  5696k |   0 | 411 | 187 | 187 |   0 |  2 |   0 |  31 | 7.857712e+03 | 7.274419e+03 |   8.02%| unknown

SCIP Status        : solving was interrupted [node limit reached]
Solving Time (sec) : 0.18
Solving Nodes      : 1
Primal Bound       : +7.27441872665423e+03 (43 solutions)
Dual Bound         : +7.85771165661206e+03
Gap                : 8.02 %
