presolving:
(round 1, fast)       0 del vars, 1 del conss, 0 add conss, 0 chg bounds, 0 chg sides, 0 chg coeffs, 0 upgd conss, 0 impls, 190 clqs
(round 2, fast)       1 del vars, 1 del conss, 0 add conss, 0 chg bounds, 0 chg sides, 0 chg coeffs, 0 upgd conss, 0 impls, 190 clqs
   (0.0s) running MILP presolver
   (0.0s) MILP presolver (2 rounds): 0 aggregations, 23 fixings, 0 bound changes
(round 3, medium)     24 del vars, 1 del conss, 0 add conss, 0 chg bounds, 0 chg sides, 0 chg coeffs, 0 upgd conss, 0 impls, 190 clqs
(round 4, exhaustive) 24 del vars, 9 del conss, 0 add conss, 0 chg bounds, 8 chg sides, 0 chg coeffs, 0 upgd conss, 0 impls, 190 clqs
(round 5, exhaustive) 24 del vars, 9 del conss, 0 add conss, 0 chg bounds, 8 chg sides, 0 chg coeffs, 182 upgd conss, 0 impls, 190 clqs
(round 6, medium)     67 del vars, 9 del conss, 0 add conss, 0 chg bounds, 8 chg sides, 43 chg coeffs, 182 upgd conss, 0 impls, 190 clqs
(round 7, fast)       90 del vars, 11 del conss, 0 add conss, 0 chg bounds, 8 chg sides, 43 chg coeffs, 182 upgd conss, 0 impls, 186 clqs
(round 8, exhaustive) 90 del vars, 13 del conss, 0 add conss, 0 chg bounds, 8 chg sides, 43 chg coeffs, 182 upgd conss, 0 impls, 186 clqs
   (0.0s) probing: 51/410 (12.4%) - 0 fixings, 0 aggregations, 0 implications, 0 bound changes
   (0.0s) probing aborted: 50/50 successive totally useless probings
   (0.0s) symmetry computation started: requiring (bin +, int +, cont +), (fixed: bin -, int -, cont -)
   (0.0s) no symmetry present (symcode time: 0.00)
presolving (9 rounds: 9 fast, 6 medium, 4 exhaustive):
 90 deleted vars, 13 deleted constraints, 0 added constraints, 0 tightened bounds, 0 added holes, 8 changed sides, 43 changed coefficients
 0 implications, 186 cliques
presolved problem has 410 variables (410 bin, 0 int, 0 impl, 0 cont) and 178 constraints
    178 constraints of type <setppc>
Presolving Time: 0.01

 time | node  | left  |LP iter|LP it/n|mem/heur|mdpt |vars |cons |rows |cuts |sepa|confs|strbr|  dualbound   | primalbound  |  gap   | compl. 
  0.0s|     1 |     0 |  1015 |     - |  4980k |   0 | 410 | 178 | 178 |   0 |  0 |   0 |   0 | 7.940432e+03 |      --      |    Inf | unknown
d 0.0s|     1 |     0 |  1015 |     - |distribu|   0 | 410 | 178 | 178 |   0 |  1 |   0 |   0 | 7.940432e+03 | 3.438857e+03 | 130.90%| unknown
d 0.0s|     1 |     0 |  1047 |     - |distribu|   0 | 410 | 178 | 178 |   0 |  1 |   0 |   0 | 7.940432e+03 | 4.510344e+03 |  76.05%| unknown
d 0.1s|     1 |     0 |  1241 |     - |distribu|   0 | 410 | 178 | 178 |   0 |  1 |   0 |   0 | 7.940432e+03 | 5.138670e+03 |  54.52%| unknown
d 0.1s|     1 |     0 |  1277 |     - |distribu|   0 | 410 | 178 | 178 |   0 |  1 |   0 |   0 | 7.940432e+03 | 6.177913e+03 |  28.53%| unknown
d 0.1s|     1 |     0 |  1280 |     - |distribu|   0 | 410 | 178 | 178 |   0 |  1 |   0 |   0 | 7.940432e+03 | 6.920015e+03 |  14.75%| unknown
  0.1s|     1 |     0 |  1280 |     - |  5147k |   0 | 410 | 178 | 178 |   0 |  1 |   0 |   0 | 7.940432e+03 | 6.920015e+03 |  14.75%| unknown
  0.2s|     1 |     2 |  1280 |     - |  5525k |   0 | 410 | 178 | 178 |   0 |  2 |   0 |  29 | 7.895283e+03 | 6.920015e+03 |  14.09%| unknown

SCIP Status        : solving was interrupted [node limit reached]
Solving Time (sec) : 0.16
Solving Nodes      : 1
Primal Bound       : +6.92001505777811e+03 (44 solutions)
Dual Bound         : +7.89528318739891e+03
Gap                : 14.09 %
