presolving:
(round 1, fast)       0 del vars, 1 del conss, 0 add conss, 0 chg bounds, 0 chg sides, 0 chg coeffs, 0 upgd conss, 0 impls, 189 clqs
(round 2, fast)       1 del vars, 1 del conss, 0 add conss, 0 chg bounds, 0 chg sides, 0 chg coeffs, 0 upgd conss, 0 impls, 189 clqs
   (0.0s) running MILP presolver
   (0.0s) MILP presolver (2 rounds): 0 aggregations, 23 fixings, 0 bound changes
(round 3, medium)     24 del vars, 1 del conss, 0 add conss, 0 chg bounds, 0 chg sides, 0 chg coeffs, 0 upgd conss, 0 impls, 188 clqs
(round 4, fast)       24 del vars, 2 del conss, 0 add conss, 0 chg bounds, 0 chg sides, 0 chg coeffs, 0 upgd conss, 0 impls, 188 clqs
(round 5, exhaustive) 24 del vars, 7 del conss, 0 add conss, 0 chg bounds, 5 chg sides, 0 chg coeffs, 0 upgd conss, 0 impls, 188 clqs
(round 6, exhaustive) 24 del vars, 7 del conss, 0 add conss, 0 chg bounds, 5 chg sides, 0 chg coeffs, 183 upgd conss, 0 impls, 188 clqs
(round 7, medium)     64 del vars, 7 del conss, 0 add conss, 0 chg bounds, 5 chg sides, 40 chg coeffs, 183 upgd conss, 0 impls, 188 clqs
(round 8, fast)       80 del vars, 7 del conss, 0 add conss, 0 chg bounds, 5 chg sides, 40 chg coeffs, 183 upgd conss, 0 impls, 187 clqs
(round 9, exhaustive) 80 del vars, 10 del conss, 0 add conss, 0 chg bounds, 5 chg sides, 40 chg coeffs, 183 upgd conss, 0 impls, 187 clqs
   (0.0s) probing: 51/420 (12.1%) - 0 fixings, 0 aggregations, 0 implications, 0 bound changes
   (0.0s) probing aborted: 50/50 successive totally useless probings
   (0.0s) symmetry computation started: requiring (bin +, int +, cont +), (fixed: bin -, int -, cont -)
   (0.0s) no symmetry present (symcode time: 0.00)
presolving (10 rounds: 10 fast, 6 medium, 4 exhaustive):
 80 deleted vars, 10 deleted constraints, 0 added constraints, 0 tightened bounds, 0 added holes, 5 changed sides, 40 changed coefficients
 0 implications, 187 cliques
presolved problem has 420 variables (420 bin, 0 int, 0 impl, 0 cont) and 180 constraints
    180 constraints of type <setppc>
Presolving Time: 0.02

 time | node  | left  |LP iter|LP it/n|mem/heur|mdpt |vars |cons |rows |cuts |sepa|confs|strbr|  dualbound   | primalbound  |  gap   | compl. 
  0.1s|     1 |     0 |  1295 |     - |  5197k |   0 | 420 | 180 | 180 |   0 |  0 |   0 |   0 | 7.584717e+03 |      --      |    Inf | unknown
d 0.1s|     1 |     0 |  1295 |     - |distribu|   0 | 420 | 180 | 180 |   0 |  1 |   0 |   0 | 7.584717e+03 | 2.887250e+03 | 162.70%| unknown
d 0.1s|     1 |     0 |  1450 |     - |distribu|   0 | 420 | 180 | 180 |   0 |  1 |   0 |   0 | 7.584717e+03 | 3.165839e+03 | 139.58%| unknown
d 0.1s|     1 |     0 |  1565 |     - |distribu|   0 | 420 | 180 | 180 |   0 |  1 |   0 |   0 | 7.584717e+03 | 3.709392e+03 | 104.47%| unknown
d 0.1s|     1 |     0 |  1651 |     - |distribu|   0 | 420 | 180 | 180 |   0 |  1 |   0 |   0 | 7.584717e+03 | 4.379628e+03 |  73.18%| unknown
d 0.1s|     1 |     0 |  1684 |     - |distribu|   0 | 420 | 180 | 180 |   0 |  1 |   0 |   0 | 7.584717e+03 | 5.734880e+03 |  32.26%| unknown
d 0.1s|     1 |     0 |  1695 |     - |distribu|   0 | 420 | 180 | 180 |   0 |  1 |   0 |   0 | 7.584717e+03 | 6.881127e+03 |  10.22%| unknown
  0.1s|     1 |     0 |  1695 |     - |  5314k |   0 | 420 | 180 | 180 |   0 |  1 |   0 |   0 | 7.584717e+03 | 6.881127e+03 |  10.22%| unknown
  0.3s|     1 |     2 |  1695 |     - |  5476k |   0 | 420 | 180 | 180 |   0 |  2 |   0 |  19 | 7.544886e+03 | 6.881127e+03 |   9.65%| unknown

SCIP Status        : solving was interrupted [node limit reached]
Solving Time (sec) : 0.25
Solving Nodes      : 1
Primal Bound       : +6.88112678639117e+03 (29 solutions)
Dual Bound         : +7.54488607176457e+03
Gap                : 9.65 %
