presolving:
(round 1, fast)       0 del vars, 1 del conss, 0 add conss, 0 chg bounds, 0 chg sides, 0 chg coeffs, 0 upgd conss, 0 impls, 194 clqs
(round 2, fast)       1 del vars, 1 del conss, 0 add conss, 0 chg bounds, 0 chg sides, 0 chg coeffs, 0 upgd conss, 0 impls, 194 clqs
   (0.0s) running MILP presolver
   (0.0s) MILP presolver (2 rounds): 0 aggregations, 18 fixings, 0 bound changes
(round 3, medium)     19 del vars, 1 del conss, 0 add conss, 0 chg bounds, 0 chg sides, 0 chg coeffs, 0 upgd conss, 0 impls, 194 clqs
(round 4, exhaustive) 19 del vars, 5 del conss, 0 add conss, 0 chg bounds, 4 chg sides, 0 chg coeffs, 0 upgd conss, 0 impls, 194 clqs
(round 5, exhaustive) 19 del vars, 5 del conss, 0 add conss, 0 chg bounds, 4 chg sides, 0 chg coeffs, 190 upgd conss, 0 impls, 194 clqs
(round 6, medium)     53 del vars, 5 del conss, 0 add conss, 0 chg bounds, 4 chg sides, 34 chg coeffs, 190 upgd conss, 0 impls, 194 clqs
(round 7, fast)       73 del vars, 7 del conss, 0 add conss, 0 chg bounds, 4 chg sides, 34 chg coeffs, 190 upgd conss, 0 impls, 192 clqs
(round 8, exhaustive) 73 del vars, 9 del conss, 0 add conss, 0 chg bounds, 4 chg sides, 34 chg coeffs, 190 upgd conss, 0 impls, 192 clqs
   (0.0s) probing: 51/427 (11.9%) - 0 fixings, 0 aggregations, 0 implications, 0 bound changes
   (0.0s) probing aborted: 50/50 successive totally useless probings
   (0.0s) symmetry computation started: requiring (bin +, int +, cont +), (fixed: bin -, int -, cont -)
   (0.0s) no symmetry present (symcode time: 0.00)
presolving (9 rounds: 9 fast, 6 medium, 4 exhaustive):
 73 deleted vars, 9 deleted constraints, 0 added constraints, 0 tightened bounds, 0 added holes, 4 changed sides, 34 changed coefficients
 0 implications, 192 cliques
presolved problem has 427 variables (427 bin, 0 int, 0 impl, 0 cont) and 186 constraints
    186 constraints of type <setppc>
Presolving Time: 0.02

 time | node  | left  |LP iter|LP it/n|mem/heur|mdpt |vars |cons |rows |cuts |sepa|confs|strbr|  dualbound   | primalbound  |  gap   | compl. 
  0.1s|     1 |     0 |  1842 |     - |  5169k |   0 | 427 | 186 | 186 |   0 |  0 |   0 |   0 | 7.685857e+03 |      --      |    Inf | unknown
d 0.1s|     1 |     0 |  1842 |     - |distribu|   0 | 427 | 186 | 186 |   0 |  1 |   0 |   0 | 7.685857e+03 | 3.488920e+03 | 120.29%| unknown
d 0.1s|     1 |     0 |  1939 |     - |distribu|   0 | 427 | 186 | 186 |   0 |  1 |   0 |   0 | 7.685857e+03 | 4.497219e+03 |  70.90%| unknown
d 0.1s|     1 |     0 |  2090 |     - |distribu|   0 | 427 | 186 | 186 |   0 |  1 |   0 |   0 | 7.685857e+03 | 4.713482e+03 |  63.06%| unknown
d 0.1s|     1 |     0 |  2159 |     - |distribu|   0 | 427 | 186 | 186 |   0 |  1 |   0 |   0 | 7.685857e+03 | 4.869600e+03 |  57.83%| unknown
d 0.1s|     1 |     0 |  2170 |     - |distribu|   0 | 427 | 186 | 186 |   0 |  1 |   0 |   0 | 7.685857e+03 | 6.663553e+03 |  15.34%| unknown
  0.1s|     1 |     0 |  2170 |     - |  5295k |   0 | 427 | 186 | 186 |   0 |  1 |   0 |   0 | 7.685857e+03 | 6.663553e+03 |  15.34%| unknown
* 0.1s|     1 |     0 |  2170 |     - |strongbr|   0 | 427 | 186 | 186 |   0 |  2 |   0 |  11 | 7.685857e+03 | 7.255880e+03 |   5.93%| unknown
  0.2s|     1 |     0 |  2193 |     - |  5609k |   0 | 427 | 186 | 186 |   0 |  2 |   0 |  37 | 7.666913e+03 | 7.255880e+03 |   5.66%| unknown
  0.2s|     1 |     0 |  2193 |     - |  5609k |   0 | 427 | 186 | 186 |   0 |  2 |   0 |  37 | 7.666913e+03 | 7.255880e+03 |   5.66%| unknown
* 0.3s|     1 |     0 |  2193 |     - |strongbr|   0 | 427 | 186 | 186 |   0 |  3 |   0 |  44 | 7.666913e+03 | 7.550851e+03 |   1.54%| unknown
  0.3s|     1 |     0 |  2206 |     - |  5974k |   0 | 427 | 186 | 186 |   0 |  3 |   0 |  57 | 7.650150e+03 | 7.550851e+03 |   1.32%| unknown
  0.3s|     1 |     0 |  2206 |     - |  5974k |   0 | 427 | 186 | 176 |   0 |  3 |   0 |  57 | 7.650150e+03 | 7.550851e+03 |   1.32%| unknown

SCIP Status        : solving was interrupted [node limit reached]
Solving Time (sec) : 0.31
Solving Nodes      : 1
Primal Bound       : +7.55085057542833e+03 (75 solutions)
Dual Bound         : +7.65015010402469e+03
Gap                : 1.32 %
