presolving:
   (0.0s) running MILP presolver
   (0.0s) MILP presolver (2 rounds): 0 aggregations, 8 fixings, 0 bound changes
(round 1, medium)     8 del vars, 0 del conss, 0 add conss, 0 chg bounds, 0 chg sides, 0 chg coeffs, 0 upgd conss, 0 impls, 196 clqs
(round 2, exhaustive) 8 del vars, 2 del conss, 0 add conss, 0 chg bounds, 2 chg sides, 0 chg coeffs, 0 upgd conss, 0 impls, 196 clqs
(round 3, exhaustive) 8 del vars, 2 del conss, 0 add conss, 0 chg bounds, 2 chg sides, 0 chg coeffs, 194 upgd conss, 0 impls, 196 clqs
(round 4, medium)     42 del vars, 2 del conss, 0 add conss, 0 chg bounds, 2 chg sides, 34 chg coeffs, 194 upgd conss, 0 impls, 196 clqs
(round 5, fast)       49 del vars, 2 del conss, 0 add conss, 0 chg bounds, 2 chg sides, 34 chg coeffs, 194 upgd conss, 0 impls, 195 clqs
   (0.0s) probing: 51/451 (11.3%) - 0 fixings, 0 aggregations, 0 implications, 0 bound changes
   (0.0s) probing aborted: 50/50 successive totally useless probings
   (0.0s) symmetry computation started: requiring (bin +, int +, cont +), (fixed: bin -, int -, cont -)
   (0.0s) no symmetry present (symcode time: 0.00)
presolving (6 rounds: 6 fast, 5 medium, 3 exhaustive):
 49 deleted vars, 2 deleted constraints, 0 added constraints, 0 tightened bounds, 0 added holes, 2 changed sides, 34 changed coefficients
 0 implications, 195 cliques
presolved problem has 451 variables (451 bin, 0 int, 0 impl, 0 cont) and 194 constraints
    194 constraints of type <setppc>
Presolving Time: 0.02

 time | node  | left  |LP iter|LP it/n|mem/heur|mdpt |vars |cons |rows |cuts |sepa|confs|strbr|  dualbound   | primalbound  |  gap   | compl. 
  0.1s|     1 |     0 |  1603 |     - |  5830k |   0 | 451 | 194 | 194 |   0 |  0 |   0 |   0 | 8.247086e+03 |      --      |    Inf | unknown
d 0.1s|     1 |     0 |  1603 |     - |distribu|   0 | 451 | 194 | 194 |   0 |  1 |   0 |   0 | 8.247086e+03 | 2.516314e+03 | 227.74%| unknown
d 0.1s|     1 |     0 |  1656 |     - |distribu|   0 | 451 | 194 | 194 |   0 |  1 |   0 |   0 | 8.247086e+03 | 3.089132e+03 | 166.97%| unknown
d 0.1s|     1 |     0 |  1741 |     - |distribu|   0 | 451 | 194 | 194 |   0 |  1 |   0 |   0 | 8.247086e+03 | 3.463127e+03 | 138.14%| unknown
d 0.1s|     1 |     0 |  1850 |     - |distribu|   0 | 451 | 194 | 194 |   0 |  1 |   0 |   0 | 8.247086e+03 | 3.945900e+03 | 109.00%| unknown
d 0.1s|     1 |     0 |  1914 |     - |distribu|   0 | 451 | 194 | 194 |   0 |  1 |   0 |   0 | 8.247086e+03 | 5.816764e+03 |  41.78%| unknown
d 0.1s|     1 |     0 |  1939 |     - |distribu|   0 | 451 | 194 | 194 |   0 |  1 |   0 |   0 | 8.247086e+03 | 7.065077e+03 |  16.73%| unknown
  0.1s|     1 |     0 |  1939 |     - |  5953k |   0 | 451 | 194 | 194 |   0 |  1 |   0 |   0 | 8.247086e+03 | 7.065077e+03 |  16.73%| unknown
  0.2s|     1 |     2 |  1939 |     - |  6015k |   0 | 451 | 194 | 194 |   0 |  2 |   0 |  19 | 8.184409e+03 | 7.065077e+03 |  15.84%| unknown

SCIP Status        : solving was interrupted [node limit reached]
Solving Time (sec) : 0.20
Solving Nodes      : 1
Primal Bound       : +7.06507677518455e+03 (26 solutions)
Dual Bound         : +8.18440851030921e+03
Gap                : 15.84 %
