presolving:
(round 1, fast)       1 del vars, 1 del conss, 0 add conss, 0 chg bounds, 0 chg sides, 0 chg coeffs, 0 upgd conss, 0 impls, 192 clqs
   (0.0s) running MILP presolver
   (0.0s) MILP presolver (2 rounds): 0 aggregations, 14 fixings, 0 bound changes
(round 2, medium)     15 del vars, 1 del conss, 0 add conss, 0 chg bounds, 0 chg sides, 0 chg coeffs, 0 upgd conss, 0 impls, 191 clqs
(round 3, fast)       15 del vars, 2 del conss, 0 add conss, 0 chg bounds, 0 chg sides, 0 chg coeffs, 0 upgd conss, 0 impls, 191 clqs
(round 4, exhaustive) 15 del vars, 7 del conss, 0 add conss, 0 chg bounds, 5 chg sides, 0 chg coeffs, 0 upgd conss, 0 impls, 191 clqs
(round 5, exhaustive) 15 del vars, 7 del conss, 0 add conss, 0 chg bounds, 5 chg sides, 0 chg coeffs, 186 upgd conss, 0 impls, 191 clqs
(round 6, medium)     57 del vars, 7 del conss, 0 add conss, 0 chg bounds, 5 chg sides, 42 chg coeffs, 186 upgd conss, 0 impls, 191 clqs
(round 7, fast)       67 del vars, 7 del conss, 0 add conss, 0 chg bounds, 5 chg sides, 42 chg coeffs, 186 upgd conss, 0 impls, 190 clqs
(round 8, exhaustive) 67 del vars, 10 del conss, 0 add conss, 0 chg bounds, 5 chg sides, 42 chg coeffs, 186 upgd conss, 0 impls, 190 clqs
   (0.0s) probing: 51/433 (11.8%) - 0 fixings, 0 aggregations, 0 implications, 0 bound changes
   (0.0s) probing aborted: 50/50 successive totally useless probings
   (0.0s) symmetry computation started: requiring (bin +, int +, cont +), (fixed: bin -, int -, cont -)
   (0.0s) no symmetry present (symcode time: 0.00)
presolving (9 rounds: 9 fast, 6 medium, 4 exhaustive):
 67 deleted vars, 10 deleted constraints, 0 added constraints, 0 tightened bounds, 0 added holes, 5 changed sides, 42 changed coefficients
 0 implications, 190 cliques
presolved problem has 433 variables (433 bin, 0 int, 0 impl, 0 cont) and 183 constraints
    183 constraints of type <setppc>
Presolving Time: 0.02

 time | node  | left  |LP iter|LP it/n|mem/heur|mdpt |vars |cons |rows |cuts |sepa|confs|strbr|  dualbound   | primalbound  |  gap   | compl. 
  0.1s|     1 |     0 |  1335 |     - |  5463k |   0 | 433 | 183 | 183 |   0 |  0 |   0 |   0 | 7.831687e+03 |      --      |    Inf | unknown
d 0.1s|     1 |     0 |  1335 |     - |distribu|   0 | 433 | 183 | 183 |   0 |  1 |   0 |   0 | 7.831687e+03 | 3.110044e+03 | 151.82%| unknown
d 0.1s|     1 |     0 |  1399 |     - |distribu|   0 | 433 | 183 | 183 |   0 |  1 |   0 |   0 | 7.831687e+03 | 3.401185e+03 | 130.26%| unknown
d 0.1s|     1 |     0 |  1491 |     - |distribu|   0 | 433 | 183 | 183 |   0 |  1 |   0 |   0 | 7.831687e+03 | 3.993625e+03 |  96.10%| unknown
d 0.1s|     1 |     0 |  1613 |     - |distribu|   0 | 433 | 183 | 183 |   0 |  1 |   0 |   0 | 7.831687e+03 | 5.139514e+03 |  52.38%| unknown
d 0.1s|     1 |     0 |  1649 |     - |distribu|   0 | 433 | 183 | 183 |   0 |  1 |   0 |   0 | 7.831687e+03 | 7.248045e+03 |   8.05%| unknown
  0.1s|     1 |     0 |  1649 |     - |  5567k |   0 | 433 | 183 | 183 |   0 |  1 |   0 |   0 | 7.831687e+03 | 7.248045e+03 |   8.05%| unknown
  0.3s|     1 |     2 |  1649 |     - |  5769k |   0 | 433 | 183 | 183 |   0 |  2 |   0 |  29 | 7.796414e+03 | 7.248045e+03 |   7.57%| unknown

SCIP Status        : solving was interrupted [node limit reached]
Solving Time (sec) : 0.26
Solving Nodes      : 1
Primal Bound       : +7.24804481867939e+03 (34 solutions)
Dual Bound         : +7.79641350910470e+03
Gap                : 7.57 %
