presolving:
   (0.0s) running MILP presolver
   (0.0s) MILP presolver (2 rounds): 0 aggregations, 18 fixings, 0 bound changes
(round 1, medium)     18 del vars, 0 del conss, 0 add conss, 0 chg bounds, 0 chg sides, 0 chg coeffs, 0 upgd conss, 0 impls, 194 clqs
(round 2, exhaustive) 18 del vars, 6 del conss, 0 add conss, 0 chg bounds, 6 chg sides, 0 chg coeffs, 0 upgd conss, 0 impls, 194 clqs
(round 3, exhaustive) 18 del vars, 6 del conss, 0 add conss, 0 chg bounds, 6 chg sides, 0 chg coeffs, 188 upgd conss, 0 impls, 194 clqs
(round 4, medium)     54 del vars, 6 del conss, 0 add conss, 0 chg bounds, 6 chg sides, 36 chg coeffs, 188 upgd conss, 0 impls, 194 clqs
(round 5, fast)       72 del vars, 7 del conss, 0 add conss, 0 chg bounds, 6 chg sides, 36 chg coeffs, 188 upgd conss, 0 impls, 191 clqs
(round 6, exhaustive) 72 del vars, 12 del conss, 0 add conss, 0 chg bounds, 6 chg sides, 36 chg coeffs, 188 upgd conss, 0 impls, 191 clqs
   (0.0s) probing: 51/428 (11.9%) - 0 fixings, 0 aggregations, 0 implications, 0 bound changes
   (0.0s) probing aborted: 50/50 successive totally useless probings
   (0.0s) symmetry computation started: requiring (bin +, int +, cont +), (fixed: bin -, int -, cont -)
   (0.0s) no symmetry present (symcode time: 0.00)
presolving (7 rounds: 7 fast, 6 medium, 4 exhaustive):
 72 deleted vars, 12 deleted constraints, 0 added constraints, 0 tightened bounds, 0 added holes, 6 changed sides, 36 changed coefficients
 0 implications, 191 cliques
presolved problem has 428 variables (428 bin, 0 int, 0 impl, 0 cont) and 182 constraints
    182 constraints of type <setppc>
Presolving Time: 0.01

 time | node  | left  |LP iter|LP it/n|mem/heur|mdpt |vars |cons |rows |cuts |sepa|confs|strbr|  dualbound   | primalbound  |  gap   | compl. 
  0.1s|     1 |     0 |  1430 |     - |  5187k |   0 | 428 | 182 | 182 |   0 |  0 |   0 |   0 | 7.855914e+03 |      --      |    Inf | unknown
d 0.1s|     1 |     0 |  1430 |     - |distribu|   0 | 428 | 182 | 182 |   0 |  1 |   0 |   0 | 7.855914e+03 | 3.013081e+03 | 160.73%| unknown
d 0.1s|     1 |     0 |  1518 |     - |distribu|   0 | 428 | 182 | 182 |   0 |  1 |   0 |   0 | 7.855914e+03 | 3.188353e+03 | 146.39%| unknown
d 0.1s|     1 |     0 |  1580 |     - |distribu|   0 | 428 | 182 | 182 |   0 |  1 |   0 |   0 | 7.855914e+03 | 3.501596e+03 | 124.35%| unknown
d 0.1s|     1 |     0 |  1614 |     - |distribu|   0 | 428 | 182 | 182 |   0 |  1 |   0 |   0 | 7.855914e+03 | 5.517308e+03 |  42.39%| unknown
d 0.1s|     1 |     0 |  1665 |     - |distribu|   0 | 428 | 182 | 182 |   0 |  1 |   0 |   0 | 7.855914e+03 | 6.358444e+03 |  23.55%| unknown
d 0.1s|     1 |     0 |  1699 |     - |distribu|   0 | 428 | 182 | 182 |   0 |  1 |   0 |   0 | 7.855914e+03 | 6.714442e+03 |  17.00%| unknown
  0.1s|     1 |     0 |  1699 |     - |  5348k |   0 | 428 | 182 | 182 |   0 |  1 |   0 |   0 | 7.855914e+03 | 6.714442e+03 |  17.00%| unknown
  0.3s|     1 |     2 |  1699 |     - |  5613k |   0 | 428 | 182 | 182 |   0 |  2 |   0 |  25 | 7.795377e+03 | 6.714442e+03 |  16.10%| unknown

SCIP Status        : solving was interrupted [node limit reached]
Solving Time (sec) : 0.33
Solving Nodes      : 1
Primal Bound       : +6.71444222738995e+03 (36 solutions)
Dual Bound         : +7.79537745529573e+03
Gap                : 16.10 %
