presolving:
(round 1, fast)       0 del vars, 1 del conss, 0 add conss, 0 chg bounds, 0 chg sides, 0 chg coeffs, 0 upgd conss, 0 impls, 185 clqs
   (0.0s) running MILP presolver
   (0.0s) MILP presolver (2 rounds): 0 aggregations, 27 fixings, 0 bound changes
(round 2, medium)     27 del vars, 1 del conss, 0 add conss, 0 chg bounds, 0 chg sides, 0 chg coeffs, 0 upgd conss, 0 impls, 185 clqs
(round 3, fast)       28 del vars, 2 del conss, 0 add conss, 0 chg bounds, 0 chg sides, 0 chg coeffs, 0 upgd conss, 0 impls, 184 clqs
(round 4, exhaustive) 28 del vars, 9 del conss, 0 add conss, 0 chg bounds, 7 chg sides, 0 chg coeffs, 0 upgd conss, 0 impls, 184 clqs
(round 5, exhaustive) 28 del vars, 9 del conss, 0 add conss, 0 chg bounds, 7 chg sides, 0 chg coeffs, 177 upgd conss, 0 impls, 184 clqs
(round 6, fast)       29 del vars, 9 del conss, 0 add conss, 0 chg bounds, 7 chg sides, 0 chg coeffs, 177 upgd conss, 0 impls, 184 clqs
(round 7, medium)     72 del vars, 9 del conss, 0 add conss, 0 chg bounds, 7 chg sides, 43 chg coeffs, 177 upgd conss, 0 impls, 184 clqs
(round 8, fast)       91 del vars, 11 del conss, 0 add conss, 0 chg bounds, 7 chg sides, 43 chg coeffs, 177 upgd conss, 0 impls, 179 clqs
(round 9, exhaustive) 91 del vars, 14 del conss, 0 add conss, 0 chg bounds, 7 chg sides, 43 chg coeffs, 177 upgd conss, 0 impls, 179 clqs
   (0.1s) probing: 51/409 (12.5%) - 0 fixings, 0 aggregations, 0 implications, 0 bound changes
   (0.1s) probing aborted: 50/50 successive totally useless probings
   (0.1s) symmetry computation started: requiring (bin +, int +, cont +), (fixed: bin -, int -, cont -)
   (0.1s) no symmetry present (symcode time: 0.00)
presolving (10 rounds: 10 fast, 6 medium, 4 exhaustive):
 91 deleted vars, 14 deleted constraints, 0 added constraints, 0 tightened bounds, 0 added holes, 7 changed sides, 43 changed coefficients
 0 implications, 179 cliques
presolved problem has 409 variables (409 bin, 0 int, 0 impl, 0 cont) and 172 constraints
    172 constraints of type <setppc>
Presolving Time: 0.08

 time | node  | left  |LP iter|LP it/n|mem/heur|mdpt |vars |cons |rows |cuts |sepa|confs|strbr|  dualbound   | primalbound  |  gap   | compl. 
  0.1s|     1 |     0 |   806 |     - |  5388k |   0 | 409 | 172 | 172 |   0 |  0 |   0 |   0 | 7.654972e+03 |      --      |    Inf | unknown
d 0.1s|     1 |     0 |   806 |     - |distribu|   0 | 409 | 172 | 172 |   0 |  1 |   0 |   0 | 7.654972e+03 | 3.408504e+03 | 124.58%| unknown
d 0.2s|     1 |     0 |   890 |     - |distribu|   0 | 409 | 172 | 172 |   0 |  1 |   0 |   0 | 7.654972e+03 | 3.762070e+03 | 103.48%| unknown
d 0.2s|     1 |     0 |   986 |     - |distribu|   0 | 409 | 172 | 172 |   0 |  1 |   0 |   0 | 7.654972e+03 | 4.384373e+03 |  74.60%| unknown
d 0.2s|     1 |     0 |  1037 |     - |distribu|   0 | 409 | 172 | 172 |   0 |  1 |   0 |   0 | 7.654972e+03 | 4.428872e+03 |  72.84%| unknown
d 0.2s|     1 |     0 |  1058 |     - |distribu|   0 | 409 | 172 | 172 |   0 |  1 |   0 |   0 | 7.654972e+03 | 6.747768e+03 |  13.44%| unknown
d 0.2s|     1 |     0 |  1061 |     - |distribu|   0 | 409 | 172 | 172 |   0 |  1 |   0 |   0 | 7.654972e+03 | 6.823999e+03 |  12.18%| unknown
  0.2s|     1 |     0 |  1061 |     - |  5493k |   0 | 409 | 172 | 172 |   0 |  1 |   0 |   0 | 7.654972e+03 | 6.823999e+03 |  12.18%| unknown
  0.4s|     1 |     2 |  1061 |     - |  5647k |   0 | 409 | 172 | 172 |   0 |  2 |   0 |  37 | 7.580777e+03 | 6.823999e+03 |  11.09%| unknown

SCIP Status        : solving was interrupted [node limit reached]
Solving Time (sec) : 0.36
Solving Nodes      : 1
Primal Bound       : +6.82399930956322e+03 (42 solutions)
Dual Bound         : +7.58077704813884e+03
Gap                : 11.09 %
