presolving:
(round 1, fast)       0 del vars, 1 del conss, 0 add conss, 0 chg bounds, 0 chg sides, 0 chg coeffs, 0 upgd conss, 0 impls, 196 clqs
   (0.0s) running MILP presolver
   (0.0s) MILP presolver (2 rounds): 0 aggregations, 20 fixings, 0 bound changes
(round 2, medium)     20 del vars, 1 del conss, 0 add conss, 0 chg bounds, 0 chg sides, 0 chg coeffs, 0 upgd conss, 0 impls, 195 clqs
(round 3, fast)       20 del vars, 2 del conss, 0 add conss, 0 chg bounds, 0 chg sides, 0 chg coeffs, 0 upgd conss, 0 impls, 195 clqs
(round 4, exhaustive) 20 del vars, 9 del conss, 0 add conss, 0 chg bounds, 7 chg sides, 0 chg coeffs, 0 upgd conss, 0 impls, 195 clqs
(round 5, exhaustive) 20 del vars, 9 del conss, 0 add conss, 0 chg bounds, 7 chg sides, 0 chg coeffs, 188 upgd conss, 0 impls, 195 clqs
(round 6, medium)     60 del vars, 9 del conss, 0 add conss, 0 chg bounds, 7 chg sides, 40 chg coeffs, 188 upgd conss, 0 impls, 195 clqs
(round 7, fast)       79 del vars, 10 del conss, 0 add conss, 0 chg bounds, 7 chg sides, 40 chg coeffs, 188 upgd conss, 0 impls, 192 clqs
(round 8, exhaustive) 79 del vars, 14 del conss, 0 add conss, 0 chg bounds, 7 chg sides, 40 chg coeffs, 188 upgd conss, 0 impls, 192 clqs
   (0.0s) probing: 51/421 (12.1%) - 0 fixings, 0 aggregations, 0 implications, 0 bound changes
   (0.0s) probing aborted: 50/50 successive totally useless probings
   (0.0s) symmetry computation started: requiring (bin +, int +, cont +), (fixed: bin -, int -, cont -)
   (0.0s) no symmetry present (symcode time: 0.00)
presolving (9 rounds: 9 fast, 6 medium, 4 exhaustive):
 79 deleted vars, 14 deleted constraints, 0 added constraints, 0 tightened bounds, 0 added holes, 7 changed sides, 40 changed coefficients
 0 implications, 192 cliques
presolved problem has 421 variables (421 bin, 0 int, 0 impl, 0 cont) and 183 constraints
    183 constraints of type <setppc>
Presolving Time: 0.01

 time | node  | left  |LP iter|LP it/n|mem/heur|mdpt |vars |cons |rows |cuts |sepa|confs|strbr|  dualbound   | primalbound  |  gap   | compl. 
  0.1s|     1 |     0 |  1191 |     - |  5162k |   0 | 421 | 183 | 183 |   0 |  0 |   0 |   0 | 7.253455e+03 |      --      |    Inf | unknown
d 0.1s|     1 |     0 |  1191 |     - |distribu|   0 | 421 | 183 | 183 |   0 |  1 |   0 |   0 | 7.253455e+03 | 2.860857e+03 | 153.54%| unknown
d 0.1s|     1 |     0 |  1276 |     - |distribu|   0 | 421 | 183 | 183 |   0 |  1 |   0 |   0 | 7.253455e+03 | 3.096488e+03 | 134.25%| unknown
d 0.1s|     1 |     0 |  1385 |     - |distribu|   0 | 421 | 183 | 183 |   0 |  1 |   0 |   0 | 7.253455e+03 | 3.353973e+03 | 116.26%| unknown
d 0.1s|     1 |     0 |  1467 |     - |distribu|   0 | 421 | 183 | 183 |   0 |  1 |   0 |   0 | 7.253455e+03 | 3.693726e+03 |  96.37%| unknown
d 0.1s|     1 |     0 |  1517 |     - |distribu|   0 | 421 | 183 | 183 |   0 |  1 |   0 |   0 | 7.253455e+03 | 4.653434e+03 |  55.87%| unknown
d 0.1s|     1 |     0 |  1534 |     - |distribu|   0 | 421 | 183 | 183 |   0 |  1 |   0 |   0 | 7.253455e+03 | 6.456397e+03 |  12.35%| unknown
  0.1s|     1 |     0 |  1534 |     - |  5320k |   0 | 421 | 183 | 183 |   0 |  1 |   0 |   0 | 7.253455e+03 | 6.456397e+03 |  12.35%| unknown
  0.2s|     1 |     2 |  1534 |     - |  5664k |   0 | 421 | 183 | 183 |   0 |  2 |   0 |  29 | 7.220825e+03 | 6.456397e+03 |  11.84%| unknown

SCIP Status        : solving was interrupted [node limit reached]
Solving Time (sec) : 0.24
Solving Nodes      : 1
Primal Bound       : +6.45639653330206e+03 (36 solutions)
Dual Bound         : +7.22082498981592e+03
Gap                : 11.84 %
