presolving:
(round 1, fast)       0 del vars, 1 del conss, 0 add conss, 0 chg bounds, 0 chg sides, 0 chg coeffs, 0 upgd conss, 0 impls, 193 clqs
(round 2, fast)       1 del vars, 1 del conss, 0 add conss, 0 chg bounds, 0 chg sides, 0 chg coeffs, 0 upgd conss, 0 impls, 193 clqs
   (0.0s) running MILP presolver
   (0.0s) MILP presolver (2 rounds): 0 aggregations, 17 fixings, 0 bound changes
(round 3, medium)     18 del vars, 1 del conss, 0 add conss, 0 chg bounds, 0 chg sides, 0 chg coeffs, 0 upgd conss, 0 impls, 193 clqs
(round 4, exhaustive) 18 del vars, 6 del conss, 0 add conss, 0 chg bounds, 5 chg sides, 0 chg coeffs, 0 upgd conss, 0 impls, 193 clqs
(round 5, exhaustive) 18 del vars, 6 del conss, 0 add conss, 0 chg bounds, 5 chg sides, 0 chg coeffs, 188 upgd conss, 0 impls, 193 clqs
(round 6, medium)     59 del vars, 6 del conss, 0 add conss, 0 chg bounds, 5 chg sides, 41 chg coeffs, 188 upgd conss, 0 impls, 193 clqs
(round 7, fast)       79 del vars, 9 del conss, 0 add conss, 0 chg bounds, 5 chg sides, 41 chg coeffs, 188 upgd conss, 0 impls, 190 clqs
(round 8, exhaustive) 79 del vars, 12 del conss, 0 add conss, 0 chg bounds, 5 chg sides, 41 chg coeffs, 188 upgd conss, 0 impls, 190 clqs
   (0.0s) probing: 51/421 (12.1%) - 0 fixings, 0 aggregations, 0 implications, 0 bound changes
   (0.0s) probing aborted: 50/50 successive totally useless probings
   (0.0s) symmetry computation started: requiring (bin +, int +, cont +), (fixed: bin -, int -, cont -)
   (0.0s) no symmetry present (symcode time: 0.00)
presolving (9 rounds: 9 fast, 6 medium, 4 exhaustive):
 79 deleted vars, 12 deleted constraints, 0 added constraints, 0 tightened bounds, 0 added holes, 5 changed sides, 41 changed coefficients
 0 implications, 190 cliques
presolved problem has 421 variables (421 bin, 0 int, 0 impl, 0 cont) and 182 constraints
    182 constraints of type <setppc>
Presolving Time: 0.02

 time | node  | left  |LP iter|LP it/n|mem/heur|mdpt |vars |cons |rows |cuts |sepa|confs|strbr|  dualbound   | primalbound  |  gap   | compl. 
  0.1s|     1 |     0 |  1204 |     - |  5442k |   0 | 421 | 182 | 182 |   0 |  0 |   0 |   0 | 7.965694e+03 |      --      |    Inf | unknown
d 0.1s|     1 |     0 |  1204 |     - |distribu|   0 | 421 | 182 | 182 |   0 |  1 |   0 |   0 | 7.965694e+03 | 3.775150e+03 | 111.00%| unknown
d 0.1s|     1 |     0 |  1266 |     - |distribu|   0 | 421 | 182 | 182 |   0 |  1 |   0 |   0 | 7.965694e+03 | 4.157850e+03 |  91.58%| unknown
d 0.1s|     1 |     0 |  1321 |     - |distribu|   0 | 421 | 182 | 182 |   0 |  1 |   0 |   0 | 7.965694e+03 | 5.428462e+03 |  46.74%| unknown
d 0.1s|     1 |     0 |  1347 |     - |distribu|   0 | 421 | 182 | 182 |   0 |  1 |   0 |   0 | 7.965694e+03 | 6.231853e+03 |  27.82%| unknown
d 0.1s|     1 |     0 |  1367 |     - |distribu|   0 | 421 | 182 | 182 |   0 |  1 |   0 |   0 | 7.965694e+03 | 7.172840e+03 |  11.05%| unknown
  0.1s|     1 |     0 |  1367 |     - |  5564k |   0 | 421 | 182 | 182 |   0 |  1 |   0 |   0 | 7.965694e+03 | 7.172840e+03 |  11.05%| unknown
  0.2s|     1 |     2 |  1367 |     - |  5791k |   0 | 421 | 182 | 182 |   0 |  2 |   0 |  35 | 7.932241e+03 | 7.172840e+03 |  10.59%| unknown

SCIP Status        : solving was interrupted [node limit reached]
Solving Time (sec) : 0.21
Solving Nodes      : 1
Primal Bound       : +7.17284014029806e+03 (41 solutions)
Dual Bound         : +7.93224119662369e+03
Gap                : 10.59 %
