presolving:
(round 1, fast)       0 del vars, 1 del conss, 0 add conss, 0 chg bounds, 0 chg sides, 0 chg coeffs, 0 upgd conss, 0 impls, 193 clqs
(round 2, fast)       1 del vars, 1 del conss, 0 add conss, 0 chg bounds, 0 chg sides, 0 chg coeffs, 0 upgd conss, 0 impls, 193 clqs
   (0.0s) running MILP presolver
   (0.0s) MILP presolver (2 rounds): 0 aggregations, 27 fixings, 0 bound changes
(round 3, medium)     28 del vars, 1 del conss, 0 add conss, 0 chg bounds, 0 chg sides, 0 chg coeffs, 0 upgd conss, 0 impls, 193 clqs
(round 4, exhaustive) 28 del vars, 7 del conss, 0 add conss, 0 chg bounds, 6 chg sides, 0 chg coeffs, 0 upgd conss, 0 impls, 193 clqs
(round 5, exhaustive) 28 del vars, 7 del conss, 0 add conss, 0 chg bounds, 6 chg sides, 0 chg coeffs, 187 upgd conss, 0 impls, 193 clqs
(round 6, medium)     61 del vars, 7 del conss, 0 add conss, 0 chg bounds, 6 chg sides, 33 chg coeffs, 187 upgd conss, 0 impls, 193 clqs
(round 7, fast)       79 del vars, 8 del conss, 0 add conss, 0 chg bounds, 6 chg sides, 33 chg coeffs, 187 upgd conss, 0 impls, 191 clqs
(round 8, exhaustive) 79 del vars, 14 del conss, 0 add conss, 0 chg bounds, 6 chg sides, 33 chg coeffs, 187 upgd conss, 0 impls, 191 clqs
   (0.0s) probing: 51/421 (12.1%) - 0 fixings, 0 aggregations, 0 implications, 0 bound changes
   (0.0s) probing aborted: 50/50 successive totally useless probings
   (0.0s) symmetry computation started: requiring (bin +, int +, cont +), (fixed: bin -, int -, cont -)
   (0.0s) no symmetry present (symcode time: 0.00)
presolving (9 rounds: 9 fast, 6 medium, 4 exhaustive):
 79 deleted vars, 14 deleted constraints, 0 added constraints, 0 tightened bounds, 0 added holes, 6 changed sides, 33 changed coefficients
 0 implications, 191 cliques
presolved problem has 421 variables (421 bin, 0 int, 0 impl, 0 cont) and 180 constraints
    180 constraints of type <setppc>
Presolving Time: 0.02

 time | node  | left  |LP iter|LP it/n|mem/heur|mdpt |vars |cons |rows |cuts |sepa|confs|strbr|  dualbound   | primalbound  |  gap   | compl. 
  0.1s|     1 |     0 |  1167 |     - |  5225k |   0 | 421 | 180 | 180 |   0 |  0 |   0 |   0 | 8.042356e+03 |      --      |    Inf | unknown
d 0.1s|     1 |     0 |  1167 |     - |distribu|   0 | 421 | 180 | 180 |   0 |  1 |   0 |   0 | 8.042356e+03 | 3.242817e+03 | 148.01%| unknown
d 0.1s|     1 |     0 |  1249 |     - |distribu|   0 | 421 | 180 | 180 |   0 |  1 |   0 |   0 | 8.042356e+03 | 3.652532e+03 | 120.19%| unknown
d 0.1s|     1 |     0 |  1312 |     - |distribu|   0 | 421 | 180 | 180 |   0 |  1 |   0 |   0 | 8.042356e+03 | 4.013031e+03 | 100.41%| unknown
d 0.1s|     1 |     0 |  1372 |     - |distribu|   0 | 421 | 180 | 180 |   0 |  1 |   0 |   0 | 8.042356e+03 | 5.379717e+03 |  49.49%| unknown
d 0.1s|     1 |     0 |  1538 |     - |distribu|   0 | 421 | 180 | 180 |   0 |  1 |   0 |   0 | 8.042356e+03 | 5.750026e+03 |  39.87%| unknown
d 0.1s|     1 |     0 |  1549 |     - |distribu|   0 | 421 | 180 | 180 |   0 |  1 |   0 |   0 | 8.042356e+03 | 6.986770e+03 |  15.11%| unknown
  0.1s|     1 |     0 |  1549 |     - |  5369k |   0 | 421 | 180 | 180 |   0 |  1 |   0 |   0 | 8.042356e+03 | 6.986770e+03 |  15.11%| unknown
* 0.2s|     1 |     0 |  1549 |     - |strongbr|   0 | 421 | 180 | 180 |   0 |  2 |   0 |  30 | 8.042356e+03 | 7.875079e+03 |   2.12%| unknown
  0.2s|     1 |     0 |  1570 |     - |  5644k |   0 | 421 | 180 | 180 |   0 |  2 |   0 |  35 | 8.018560e+03 | 7.875079e+03 |   1.82%| unknown
  0.2s|     1 |     0 |  1570 |     - |  5644k |   0 | 421 | 180 | 175 |   0 |  2 |   0 |  35 | 8.018560e+03 | 7.875079e+03 |   1.82%| unknown

SCIP Status        : solving was interrupted [node limit reached]
Solving Time (sec) : 0.23
Solving Nodes      : 1
Primal Bound       : +7.87507944128264e+03 (50 solutions)
Dual Bound         : +8.01856011986547e+03
Gap                : 1.82 %
