presolving:
(round 1, fast)       1 del vars, 2 del conss, 0 add conss, 0 chg bounds, 0 chg sides, 0 chg coeffs, 0 upgd conss, 0 impls, 190 clqs
(round 2, fast)       2 del vars, 2 del conss, 0 add conss, 0 chg bounds, 0 chg sides, 0 chg coeffs, 0 upgd conss, 0 impls, 190 clqs
   (0.0s) running MILP presolver
   (0.0s) MILP presolver (2 rounds): 0 aggregations, 24 fixings, 0 bound changes
(round 3, medium)     26 del vars, 2 del conss, 0 add conss, 0 chg bounds, 0 chg sides, 0 chg coeffs, 0 upgd conss, 0 impls, 190 clqs
(round 4, exhaustive) 26 del vars, 10 del conss, 0 add conss, 0 chg bounds, 8 chg sides, 0 chg coeffs, 0 upgd conss, 0 impls, 190 clqs
(round 5, exhaustive) 26 del vars, 10 del conss, 0 add conss, 0 chg bounds, 8 chg sides, 0 chg coeffs, 182 upgd conss, 0 impls, 190 clqs
(round 6, medium)     69 del vars, 10 del conss, 0 add conss, 0 chg bounds, 8 chg sides, 43 chg coeffs, 182 upgd conss, 0 impls, 190 clqs
(round 7, fast)       98 del vars, 13 del conss, 0 add conss, 0 chg bounds, 8 chg sides, 43 chg coeffs, 182 upgd conss, 0 impls, 186 clqs
   (0.0s) running MILP presolver
   (0.0s) MILP presolver (2 rounds): 0 aggregations, 2 fixings, 0 bound changes
(round 8, medium)     100 del vars, 13 del conss, 0 add conss, 0 chg bounds, 8 chg sides, 43 chg coeffs, 182 upgd conss, 0 impls, 186 clqs
(round 9, exhaustive) 100 del vars, 21 del conss, 0 add conss, 0 chg bounds, 8 chg sides, 43 chg coeffs, 182 upgd conss, 0 impls, 186 clqs
   (0.0s) probing: 51/400 (12.8%) - 0 fixings, 0 aggregations, 0 implications, 0 bound changes
   (0.0s) probing aborted: 50/50 successive totally useless probings
   (0.0s) symmetry computation started: requiring (bin +, int +, cont +), (fixed: bin -, int -, cont -)
   (0.0s) no symmetry present (symcode time: 0.00)
presolving (10 rounds: 10 fast, 7 medium, 4 exhaustive):
 100 deleted vars, 21 deleted constraints, 0 added constraints, 0 tightened bounds, 0 added holes, 8 changed sides, 43 changed coefficients
 0 implications, 186 cliques
presolved problem has 400 variables (400 bin, 0 int, 0 impl, 0 cont) and 171 constraints
    171 constraints of type <setppc>
Presolving Time: 0.02

 time | node  | left  |LP iter|LP it/n|mem/heur|mdpt |vars |cons |rows |cuts |sepa|confs|strbr|  dualbound   | primalbound  |  gap   | compl. 
  0.1s|     1 |     0 |  1630 |     - |  5153k |   0 | 400 | 171 | 171 |   0 |  0 |   0 |   0 | 7.151391e+03 |      --      |    Inf | unknown
d 0.1s|     1 |     0 |  1630 |     - |distribu|   0 | 400 | 171 | 171 |   0 |  1 |   0 |   0 | 7.151391e+03 | 3.367951e+03 | 112.34%| unknown
d 0.1s|     1 |     0 |  1743 |     - |distribu|   0 | 400 | 171 | 171 |   0 |  1 |   0 |   0 | 7.151391e+03 | 4.122258e+03 |  73.48%| unknown
d 0.1s|     1 |     0 |  1777 |     - |distribu|   0 | 400 | 171 | 171 |   0 |  1 |   0 |   0 | 7.151391e+03 | 4.412092e+03 |  62.09%| unknown
d 0.1s|     1 |     0 |  1785 |     - |distribu|   0 | 400 | 171 | 171 |   0 |  1 |   0 |   0 | 7.151391e+03 | 6.868348e+03 |   4.12%| unknown
  0.1s|     1 |     0 |  1785 |     - |  5276k |   0 | 400 | 171 | 171 |   0 |  1 |   0 |   0 | 7.151391e+03 | 6.868348e+03 |   4.12%| unknown
  0.1s|     1 |     0 |  1785 |     - |  5276k |   0 | 400 | 171 | 171 |   0 |  1 |   0 |   0 | 7.151391e+03 | 6.868348e+03 |   4.12%| unknown
  0.3s|     1 |     2 |  1785 |     - |  5539k |   0 | 400 | 171 | 171 |   0 |  2 |   0 |  34 | 7.121842e+03 | 6.868348e+03 |   3.69%| unknown

SCIP Status        : solving was interrupted [node limit reached]
Solving Time (sec) : 0.32
Solving Nodes      : 1
Primal Bound       : +6.86834805366217e+03 (37 solutions)
Dual Bound         : +7.12184244950298e+03
Gap                : 3.69 %
