presolving:
(round 1, fast)       1 del vars, 2 del conss, 0 add conss, 0 chg bounds, 0 chg sides, 0 chg coeffs, 0 upgd conss, 0 impls, 185 clqs
(round 2, fast)       2 del vars, 2 del conss, 0 add conss, 0 chg bounds, 0 chg sides, 0 chg coeffs, 0 upgd conss, 0 impls, 185 clqs
   (0.0s) running MILP presolver
   (0.0s) MILP presolver (2 rounds): 0 aggregations, 17 fixings, 0 bound changes
(round 3, medium)     19 del vars, 2 del conss, 0 add conss, 0 chg bounds, 0 chg sides, 0 chg coeffs, 0 upgd conss, 0 impls, 185 clqs
(round 4, exhaustive) 19 del vars, 6 del conss, 0 add conss, 0 chg bounds, 4 chg sides, 0 chg coeffs, 0 upgd conss, 0 impls, 185 clqs
(round 5, exhaustive) 19 del vars, 6 del conss, 0 add conss, 0 chg bounds, 4 chg sides, 0 chg coeffs, 181 upgd conss, 0 impls, 185 clqs
(round 6, medium)     58 del vars, 6 del conss, 0 add conss, 0 chg bounds, 4 chg sides, 39 chg coeffs, 181 upgd conss, 0 impls, 185 clqs
(round 7, fast)       81 del vars, 6 del conss, 0 add conss, 0 chg bounds, 4 chg sides, 39 chg coeffs, 181 upgd conss, 0 impls, 184 clqs
(round 8, exhaustive) 81 del vars, 10 del conss, 0 add conss, 0 chg bounds, 4 chg sides, 39 chg coeffs, 181 upgd conss, 0 impls, 184 clqs
   (0.0s) probing: 51/419 (12.2%) - 0 fixings, 0 aggregations, 0 implications, 0 bound changes
   (0.0s) probing aborted: 50/50 successive totally useless probings
   (0.0s) symmetry computation started: requiring (bin +, int +, cont +), (fixed: bin -, int -, cont -)
   (0.0s) no symmetry present (symcode time: 0.00)
presolving (9 rounds: 9 fast, 6 medium, 4 exhaustive):
 81 deleted vars, 10 deleted constraints, 0 added constraints, 0 tightened bounds, 0 added holes, 4 changed sides, 39 changed coefficients
 0 implications, 184 cliques
presolved problem has 419 variables (419 bin, 0 int, 0 impl, 0 cont) and 177 constraints
    177 constraints of type <setppc>
Presolving Time: 0.03

 time | node  | left  |LP iter|LP it/n|mem/heur|mdpt |vars |cons |rows |cuts |sepa|confs|strbr|  dualbound   | primalbound  |  gap   | compl. 
  0.1s|     1 |     0 |  1297 |     - |  5431k |   0 | 419 | 177 | 177 |   0 |  0 |   0 |   0 | 7.820962e+03 |      --      |    Inf | unknown
d 0.1s|     1 |     0 |  1297 |     - |distribu|   0 | 419 | 177 | 177 |   0 |  1 |   0 |   0 | 7.820962e+03 | 3.063203e+03 | 155.32%| unknown
d 0.1s|     1 |     0 |  1307 |     - |distribu|   0 | 419 | 177 | 177 |   0 |  1 |   0 |   0 | 7.820962e+03 | 3.195846e+03 | 144.72%| unknown
d 0.1s|     1 |     0 |  1369 |     - |distribu|   0 | 419 | 177 | 177 |   0 |  1 |   0 |   0 | 7.820962e+03 | 3.472996e+03 | 125.19%| unknown
d 0.1s|     1 |     0 |  1481 |     - |distribu|   0 | 419 | 177 | 177 |   0 |  1 |   0 |   0 | 7.820962e+03 | 3.938872e+03 |  98.56%| unknown
d 0.1s|     1 |     0 |  1592 |     - |distribu|   0 | 419 | 177 | 177 |   0 |  1 |   0 |   0 | 7.820962e+03 | 4.330175e+03 |  80.62%| unknown
d 0.1s|     1 |     0 |  1659 |     - |distribu|   0 | 419 | 177 | 177 |   0 |  1 |   0 |   0 | 7.820962e+03 | 6.708026e+03 |  16.59%| unknown
  0.1s|     1 |     0 |  1659 |     - |  5534k |   0 | 419 | 177 | 177 |   0 |  1 |   0 |   0 | 7.820962e+03 | 6.708026e+03 |  16.59%| unknown
  0.4s|     1 |     2 |  1659 |     - |  5696k |   0 | 419 | 177 | 177 |   0 |  2 |   0 |  28 | 7.757877e+03 | 6.708026e+03 |  15.65%| unknown

SCIP Status        : solving was interrupted [node limit reached]
Solving Time (sec) : 0.44
Solving Nodes      : 1
Primal Bound       : +6.70802634336936e+03 (34 solutions)
Dual Bound         : +7.75787701542081e+03
Gap                : 15.65 %
