presolving:
   (0.0s) running MILP presolver
   (0.0s) MILP presolver (2 rounds): 0 aggregations, 15 fixings, 0 bound changes
(round 1, medium)     15 del vars, 0 del conss, 0 add conss, 0 chg bounds, 0 chg sides, 0 chg coeffs, 0 upgd conss, 0 impls, 198 clqs
(round 2, fast)       16 del vars, 2 del conss, 0 add conss, 0 chg bounds, 0 chg sides, 0 chg coeffs, 0 upgd conss, 0 impls, 197 clqs
(round 3, exhaustive) 16 del vars, 7 del conss, 0 add conss, 0 chg bounds, 5 chg sides, 0 chg coeffs, 0 upgd conss, 0 impls, 197 clqs
(round 4, exhaustive) 16 del vars, 7 del conss, 0 add conss, 0 chg bounds, 5 chg sides, 0 chg coeffs, 192 upgd conss, 0 impls, 197 clqs
(round 5, fast)       17 del vars, 7 del conss, 0 add conss, 0 chg bounds, 5 chg sides, 0 chg coeffs, 192 upgd conss, 0 impls, 197 clqs
(round 6, medium)     47 del vars, 7 del conss, 0 add conss, 0 chg bounds, 5 chg sides, 30 chg coeffs, 192 upgd conss, 0 impls, 197 clqs
(round 7, fast)       68 del vars, 9 del conss, 0 add conss, 0 chg bounds, 5 chg sides, 30 chg coeffs, 192 upgd conss, 0 impls, 194 clqs
(round 8, exhaustive) 68 del vars, 10 del conss, 0 add conss, 0 chg bounds, 5 chg sides, 30 chg coeffs, 192 upgd conss, 0 impls, 194 clqs
   (0.0s) probing: 51/432 (11.8%) - 0 fixings, 0 aggregations, 0 implications, 0 bound changes
   (0.0s) probing aborted: 50/50 successive totally useless probings
   (0.0s) symmetry computation started: requiring (bin +, int +, cont +), (fixed: bin -, int -, cont -)
   (0.0s) no symmetry present (symcode time: 0.00)
presolving (9 rounds: 9 fast, 6 medium, 4 exhaustive):
 68 deleted vars, 10 deleted constraints, 0 added constraints, 0 tightened bounds, 0 added holes, 5 changed sides, 30 changed coefficients
 0 implications, 194 cliques
presolved problem has 432 variables (432 bin, 0 int, 0 impl, 0 cont) and 189 constraints
    189 constraints of type <setppc>
Presolving Time: 0.02

 time | node  | left  |LP iter|LP it/n|mem/heur|mdpt |vars |cons |rows |cuts |sepa|confs|strbr|  dualbound   | primalbound  |  gap   | compl. 
  0.1s|     1 |     0 |  1141 |     - |  5327k |   0 | 432 | 189 | 189 |   0 |  0 |   0 |   0 | 8.089172e+03 |      --      |    Inf | unknown
d 0.1s|     1 |     0 |  1141 |     - |distribu|   0 | 432 | 189 | 189 |   0 |  1 |   0 |   0 | 8.089172e+03 | 3.558135e+03 | 127.34%| unknown
d 0.1s|     1 |     0 |  1231 |     - |distribu|   0 | 432 | 189 | 189 |   0 |  1 |   0 |   0 | 8.089172e+03 | 3.879696e+03 | 108.50%| unknown
d 0.1s|     1 |     0 |  1398 |     - |distribu|   0 | 432 | 189 | 189 |   0 |  1 |   0 |   0 | 8.089172e+03 | 4.667337e+03 |  73.31%| unknown
d 0.1s|     1 |     0 |  1432 |     - |distribu|   0 | 432 | 189 | 189 |   0 |  1 |   0 |   0 | 8.089172e+03 | 7.252209e+03 |  11.54%| unknown
  0.1s|     1 |     0 |  1432 |     - |  5436k |   0 | 432 | 189 | 189 |   0 |  1 |   0 |   0 | 8.089172e+03 | 7.252209e+03 |  11.54%| unknown
  0.2s|     1 |     2 |  1432 |     - |  5682k |   0 | 432 | 189 | 189 |   0 |  2 |   0 |  28 | 8.036536e+03 | 7.252209e+03 |  10.82%| unknown

SCIP Status        : solving was interrupted [node limit reached]
Solving Time (sec) : 0.20
Solving Nodes      : 1
Primal Bound       : +7.25220911092217e+03 (46 solutions)
Dual Bound         : +8.03653556726892e+03
Gap                : 10.82 %
