presolving:
(round 1, fast)       0 del vars, 3 del conss, 0 add conss, 0 chg bounds, 0 chg sides, 0 chg coeffs, 0 upgd conss, 0 impls, 183 clqs
   (0.0s) running MILP presolver
   (0.0s) MILP presolver (2 rounds): 0 aggregations, 14 fixings, 0 bound changes
(round 2, medium)     14 del vars, 3 del conss, 0 add conss, 0 chg bounds, 0 chg sides, 0 chg coeffs, 0 upgd conss, 0 impls, 183 clqs
(round 3, fast)       15 del vars, 4 del conss, 0 add conss, 0 chg bounds, 0 chg sides, 0 chg coeffs, 0 upgd conss, 0 impls, 182 clqs
(round 4, exhaustive) 15 del vars, 8 del conss, 0 add conss, 0 chg bounds, 4 chg sides, 0 chg coeffs, 0 upgd conss, 0 impls, 182 clqs
(round 5, exhaustive) 15 del vars, 8 del conss, 0 add conss, 0 chg bounds, 4 chg sides, 0 chg coeffs, 178 upgd conss, 0 impls, 182 clqs
(round 6, medium)     44 del vars, 8 del conss, 0 add conss, 0 chg bounds, 4 chg sides, 29 chg coeffs, 178 upgd conss, 0 impls, 182 clqs
(round 7, fast)       58 del vars, 8 del conss, 0 add conss, 0 chg bounds, 4 chg sides, 29 chg coeffs, 178 upgd conss, 0 impls, 182 clqs
(round 8, exhaustive) 58 del vars, 11 del conss, 0 add conss, 0 chg bounds, 4 chg sides, 29 chg coeffs, 178 upgd conss, 0 impls, 182 clqs
   (0.0s) probing: 51/442 (11.5%) - 0 fixings, 0 aggregations, 0 implications, 0 bound changes
   (0.0s) probing aborted: 50/50 successive totally useless probings
   (0.0s) symmetry computation started: requiring (bin +, int +, cont +), (fixed: bin -, int -, cont -)
   (0.0s) no symmetry present (symcode time: 0.00)
presolving (9 rounds: 9 fast, 6 medium, 4 exhaustive):
 58 deleted vars, 11 deleted constraints, 0 added constraints, 0 tightened bounds, 0 added holes, 4 changed sides, 29 changed coefficients
 0 implications, 182 cliques
presolved problem has 442 variables (442 bin, 0 int, 0 impl, 0 cont) and 175 constraints
    175 constraints of type <setppc>
Presolving Time: 0.02

 time | node  | left  |LP iter|LP it/n|mem/heur|mdpt |vars |cons |rows |cuts |sepa|confs|strbr|  dualbound   | primalbound  |  gap   | compl. 
  0.1s|     1 |     0 |  1591 |     - |  5470k |   0 | 442 | 175 | 175 |   0 |  0 |   0 |   0 | 7.574076e+03 |      --      |    Inf | unknown
d 0.1s|     1 |     0 |  1591 |     - |distribu|   0 | 442 | 175 | 175 |   0 |  1 |   0 |   0 | 7.574076e+03 | 2.728161e+03 | 177.63%| unknown
d 0.1s|     1 |     0 |  1675 |     - |distribu|   0 | 442 | 175 | 175 |   0 |  1 |   0 |   0 | 7.574076e+03 | 3.265617e+03 | 131.93%| unknown
d 0.1s|     1 |     0 |  1763 |     - |distribu|   0 | 442 | 175 | 175 |   0 |  1 |   0 |   0 | 7.574076e+03 | 3.499125e+03 | 116.46%| unknown
d 0.1s|     1 |     0 |  1848 |     - |distribu|   0 | 442 | 175 | 175 |   0 |  1 |   0 |   0 | 7.574076e+03 | 4.035131e+03 |  87.70%| unknown
d 0.1s|     1 |     0 |  1931 |     - |distribu|   0 | 442 | 175 | 175 |   0 |  1 |   0 |   0 | 7.574076e+03 | 5.054878e+03 |  49.84%| unknown
d 0.1s|     1 |     0 |  1955 |     - |distribu|   0 | 442 | 175 | 175 |   0 |  1 |   0 |   0 | 7.574076e+03 | 6.459900e+03 |  17.25%| unknown
d 0.1s|     1 |     0 |  1959 |     - |distribu|   0 | 442 | 175 | 175 |   0 |  1 |   0 |   0 | 7.574076e+03 | 6.618498e+03 |  14.44%| unknown
  0.1s|     1 |     0 |  1959 |     - |  5645k |   0 | 442 | 175 | 175 |   0 |  1 |   0 |   0 | 7.574076e+03 | 6.618498e+03 |  14.44%| unknown
  0.2s|     1 |     2 |  1959 |     - |  5809k |   0 | 442 | 175 | 175 |   0 |  2 |   0 |  29 | 7.539688e+03 | 6.618498e+03 |  13.92%| unknown

SCIP Status        : solving was interrupted [node limit reached]
Solving Time (sec) : 0.23
Solving Nodes      : 1
Primal Bound       : +6.61849828109728e+03 (41 solutions)
Dual Bound         : +7.53968811094072e+03
Gap                : 13.92 %
