presolving:
(round 1, fast)       1 del vars, 1 del conss, 0 add conss, 0 chg bounds, 0 chg sides, 0 chg coeffs, 0 upgd conss, 0 impls, 198 clqs
   (0.0s) running MILP presolver
   (0.0s) MILP presolver (2 rounds): 0 aggregations, 15 fixings, 0 bound changes
(round 2, medium)     16 del vars, 1 del conss, 0 add conss, 0 chg bounds, 0 chg sides, 0 chg coeffs, 0 upgd conss, 0 impls, 198 clqs
(round 3, exhaustive) 16 del vars, 3 del conss, 0 add conss, 0 chg bounds, 2 chg sides, 0 chg coeffs, 0 upgd conss, 0 impls, 198 clqs
(round 4, exhaustive) 16 del vars, 3 del conss, 0 add conss, 0 chg bounds, 2 chg sides, 0 chg coeffs, 196 upgd conss, 0 impls, 198 clqs
(round 5, medium)     48 del vars, 3 del conss, 0 add conss, 0 chg bounds, 2 chg sides, 32 chg coeffs, 196 upgd conss, 0 impls, 198 clqs
(round 6, fast)       57 del vars, 3 del conss, 0 add conss, 0 chg bounds, 2 chg sides, 32 chg coeffs, 196 upgd conss, 0 impls, 198 clqs
(round 7, exhaustive) 57 del vars, 7 del conss, 0 add conss, 0 chg bounds, 2 chg sides, 32 chg coeffs, 196 upgd conss, 0 impls, 198 clqs
   (0.0s) probing: 51/443 (11.5%) - 0 fixings, 0 aggregations, 0 implications, 0 bound changes
   (0.0s) probing aborted: 50/50 successive totally useless probings
   (0.0s) symmetry computation started: requiring (bin +, int +, cont +), (fixed: bin -, int -, cont -)
   (0.0s) no symmetry present (symcode time: 0.00)
presolving (8 rounds: 8 fast, 6 medium, 4 exhaustive):
 57 deleted vars, 7 deleted constraints, 0 added constraints, 0 tightened bounds, 0 added holes, 2 changed sides, 32 changed coefficients
 0 implications, 198 cliques
presolved problem has 443 variables (443 bin, 0 int, 0 impl, 0 cont) and 192 constraints
    192 constraints of type <setppc>
Presolving Time: 0.02

 time | node  | left  |LP iter|LP it/n|mem/heur|mdpt |vars |cons |rows |cuts |sepa|confs|strbr|  dualbound   | primalbound  |  gap   | compl. 
  0.1s|     1 |     0 |  2126 |     - |  5438k |   0 | 443 | 192 | 192 |   0 |  0 |   0 |   0 | 6.929974e+03 |      --      |    Inf | unknown
d 0.1s|     1 |     0 |  2126 |     - |distribu|   0 | 443 | 192 | 192 |   0 |  1 |   0 |   0 | 6.929974e+03 | 2.537454e+03 | 173.11%| unknown
d 0.1s|     1 |     0 |  2196 |     - |distribu|   0 | 443 | 192 | 192 |   0 |  1 |   0 |   0 | 6.929974e+03 | 3.471071e+03 |  99.65%| unknown
d 0.1s|     1 |     0 |  2272 |     - |distribu|   0 | 443 | 192 | 192 |   0 |  1 |   0 |   0 | 6.929974e+03 | 3.537036e+03 |  95.93%| unknown
d 0.1s|     1 |     0 |  2329 |     - |distribu|   0 | 443 | 192 | 192 |   0 |  1 |   0 |   0 | 6.929974e+03 | 3.997702e+03 |  73.35%| unknown
d 0.1s|     1 |     0 |  2383 |     - |distribu|   0 | 443 | 192 | 192 |   0 |  1 |   0 |   0 | 6.929974e+03 | 4.357871e+03 |  59.02%| unknown
d 0.1s|     1 |     0 |  2415 |     - |distribu|   0 | 443 | 192 | 192 |   0 |  1 |   0 |   0 | 6.929974e+03 | 4.923155e+03 |  40.76%| unknown
d 0.1s|     1 |     0 |  2425 |     - |distribu|   0 | 443 | 192 | 192 |   0 |  1 |   0 |   0 | 6.929974e+03 | 5.586530e+03 |  24.05%| unknown
d 0.1s|     1 |     0 |  2428 |     - |distribu|   0 | 443 | 192 | 192 |   0 |  1 |   0 |   0 | 6.929974e+03 | 5.975518e+03 |  15.97%| unknown
  0.1s|     1 |     0 |  2428 |     - |  5607k |   0 | 443 | 192 | 192 |   0 |  1 |   0 |   0 | 6.929974e+03 | 5.975518e+03 |  15.97%| unknown
  0.3s|     1 |     2 |  2428 |     - |  5764k |   0 | 443 | 192 | 192 |   0 |  2 |   0 |  26 | 6.907424e+03 | 5.975518e+03 |  15.60%| unknown

SCIP Status        : solving was interrupted [node limit reached]
Solving Time (sec) : 0.29
Solving Nodes      : 1
Primal Bound       : +5.97551805327527e+03 (35 solutions)
Dual Bound         : +6.90742378149961e+03
Gap                : 15.60 %
