presolving:
   (0.0s) running MILP presolver
   (0.0s) MILP presolver (2 rounds): 0 aggregations, 7 fixings, 0 bound changes
(round 1, medium)     7 del vars, 0 del conss, 0 add conss, 0 chg bounds, 0 chg sides, 0 chg coeffs, 0 upgd conss, 0 impls, 191 clqs
(round 2, exhaustive) 7 del vars, 1 del conss, 0 add conss, 0 chg bounds, 1 chg sides, 0 chg coeffs, 0 upgd conss, 0 impls, 191 clqs
(round 3, exhaustive) 7 del vars, 1 del conss, 0 add conss, 0 chg bounds, 1 chg sides, 0 chg coeffs, 190 upgd conss, 0 impls, 191 clqs
(round 4, medium)     38 del vars, 1 del conss, 0 add conss, 0 chg bounds, 1 chg sides, 31 chg coeffs, 190 upgd conss, 0 impls, 191 clqs
(round 5, fast)       48 del vars, 1 del conss, 0 add conss, 0 chg bounds, 1 chg sides, 31 chg coeffs, 190 upgd conss, 0 impls, 191 clqs
(round 6, exhaustive) 48 del vars, 3 del conss, 0 add conss, 0 chg bounds, 1 chg sides, 31 chg coeffs, 190 upgd conss, 0 impls, 191 clqs
   (0.0s) probing: 51/452 (11.3%) - 0 fixings, 0 aggregations, 0 implications, 0 bound changes
   (0.0s) probing aborted: 50/50 successive totally useless probings
   (0.0s) symmetry computation started: requiring (bin +, int +, cont +), (fixed: bin -, int -, cont -)
   (0.0s) no symmetry present (symcode time: 0.00)
presolving (7 rounds: 7 fast, 6 medium, 4 exhaustive):
 48 deleted vars, 3 deleted constraints, 0 added constraints, 0 tightened bounds, 0 added holes, 1 changed sides, 31 changed coefficients
 0 implications, 191 cliques
presolved problem has 452 variables (452 bin, 0 int, 0 impl, 0 cont) and 188 constraints
    188 constraints of type <setppc>
Presolving Time: 0.02

 time | node  | left  |LP iter|LP it/n|mem/heur|mdpt |vars |cons |rows |cuts |sepa|confs|strbr|  dualbound   | primalbound  |  gap   | compl. 
  0.1s|     1 |     0 |  1506 |     - |  5549k |   0 | 452 | 188 | 188 |   0 |  0 |   0 |   0 | 7.854196e+03 |      --      |    Inf | unknown
d 0.1s|     1 |     0 |  1506 |     - |distribu|   0 | 452 | 188 | 188 |   0 |  1 |   0 |   0 | 7.854196e+03 | 2.362898e+03 | 232.40%| unknown
d 0.1s|     1 |     0 |  1631 |     - |distribu|   0 | 452 | 188 | 188 |   0 |  1 |   0 |   0 | 7.854196e+03 | 2.598854e+03 | 202.22%| unknown
d 0.1s|     1 |     0 |  1714 |     - |distribu|   0 | 452 | 188 | 188 |   0 |  1 |   0 |   0 | 7.854196e+03 | 2.934229e+03 | 167.67%| unknown
d 0.1s|     1 |     0 |  1778 |     - |distribu|   0 | 452 | 188 | 188 |   0 |  1 |   0 |   0 | 7.854196e+03 | 5.338389e+03 |  47.13%| unknown
d 0.1s|     1 |     0 |  1903 |     - |distribu|   0 | 452 | 188 | 188 |   0 |  1 |   0 |   0 | 7.854196e+03 | 5.704571e+03 |  37.68%| unknown
d 0.1s|     1 |     0 |  1933 |     - |distribu|   0 | 452 | 188 | 188 |   0 |  1 |   0 |   0 | 7.854196e+03 | 6.467673e+03 |  21.44%| unknown
  0.1s|     1 |     0 |  1933 |     - |  5714k |   0 | 452 | 188 | 188 |   0 |  1 |   0 |   0 | 7.854196e+03 | 6.467673e+03 |  21.44%| unknown
  0.3s|     1 |     2 |  1933 |     - |  5864k |   0 | 452 | 188 | 188 |   0 |  2 |   0 |  34 | 7.809130e+03 | 6.467673e+03 |  20.74%| unknown

SCIP Status        : solving was interrupted [node limit reached]
Solving Time (sec) : 0.28
Solving Nodes      : 1
Primal Bound       : +6.46767273612652e+03 (45 solutions)
Dual Bound         : +7.80912993408257e+03
Gap                : 20.74 %
