presolving:
   (0.0s) running MILP presolver
   (0.0s) MILP presolver (2 rounds): 0 aggregations, 21 fixings, 0 bound changes
(round 1, medium)     21 del vars, 0 del conss, 0 add conss, 0 chg bounds, 0 chg sides, 0 chg coeffs, 0 upgd conss, 0 impls, 187 clqs
(round 2, exhaustive) 21 del vars, 4 del conss, 0 add conss, 0 chg bounds, 4 chg sides, 0 chg coeffs, 0 upgd conss, 0 impls, 187 clqs
(round 3, exhaustive) 21 del vars, 4 del conss, 0 add conss, 0 chg bounds, 4 chg sides, 0 chg coeffs, 183 upgd conss, 0 impls, 187 clqs
(round 4, medium)     64 del vars, 4 del conss, 0 add conss, 0 chg bounds, 4 chg sides, 43 chg coeffs, 183 upgd conss, 0 impls, 187 clqs
(round 5, fast)       85 del vars, 4 del conss, 0 add conss, 0 chg bounds, 4 chg sides, 43 chg coeffs, 183 upgd conss, 0 impls, 186 clqs
(round 6, exhaustive) 85 del vars, 9 del conss, 0 add conss, 0 chg bounds, 4 chg sides, 43 chg coeffs, 183 upgd conss, 0 impls, 186 clqs
   (0.0s) probing: 51/415 (12.3%) - 0 fixings, 0 aggregations, 0 implications, 0 bound changes
   (0.0s) probing aborted: 50/50 successive totally useless probings
   (0.0s) symmetry computation started: requiring (bin +, int +, cont +), (fixed: bin -, int -, cont -)
   (0.0s) no symmetry present (symcode time: 0.00)
presolving (7 rounds: 7 fast, 6 medium, 4 exhaustive):
 85 deleted vars, 9 deleted constraints, 0 added constraints, 0 tightened bounds, 0 added holes, 4 changed sides, 43 changed coefficients
 0 implications, 186 cliques
presolved problem has 415 variables (415 bin, 0 int, 0 impl, 0 cont) and 178 constraints
    178 constraints of type <setppc>
Presolving Time: 0.02

 time | node  | left  |LP iter|LP it/n|mem/heur|mdpt |vars |cons |rows |cuts |sepa|confs|strbr|  dualbound   | primalbound  |  gap   | compl. 
  0.1s|     1 |     0 |  1368 |     - |  5418k |   0 | 415 | 178 | 178 |   0 |  0 |   0 |   0 | 7.701692e+03 |      --      |    Inf | unknown
d 0.1s|     1 |     0 |  1368 |     - |distribu|   0 | 415 | 178 | 178 |   0 |  1 |   0 |   0 | 7.701692e+03 | 3.544151e+03 | 117.31%| unknown
d 0.1s|     1 |     0 |  1452 |     - |distribu|   0 | 415 | 178 | 178 |   0 |  1 |   0 |   0 | 7.701692e+03 | 4.140339e+03 |  86.02%| unknown
d 0.1s|     1 |     0 |  1533 |     - |distribu|   0 | 415 | 178 | 178 |   0 |  1 |   0 |   0 | 7.701692e+03 | 4.159259e+03 |  85.17%| unknown
d 0.1s|     1 |     0 |  1600 |     - |distribu|   0 | 415 | 178 | 178 |   0 |  1 |   0 |   0 | 7.701692e+03 | 4.663931e+03 |  65.13%| unknown
d 0.1s|     1 |     0 |  1636 |     - |distribu|   0 | 415 | 178 | 178 |   0 |  1 |   0 |   0 | 7.701692e+03 | 7.215800e+03 |   6.73%| unknown
  0.1s|     1 |     0 |  1636 |     - |  5523k |   0 | 415 | 178 | 178 |   0 |  1 |   0 |   0 | 7.701692e+03 | 7.215800e+03 |   6.73%| unknown
  0.3s|     1 |     2 |  1636 |     - |  5700k |   0 | 415 | 178 | 178 |   0 |  2 |   0 |  26 | 7.671542e+03 | 7.215800e+03 |   6.32%| unknown

SCIP Status        : solving was interrupted [node limit reached]
Solving Time (sec) : 0.25
Solving Nodes      : 1
Primal Bound       : +7.21579969876023e+03 (32 solutions)
Dual Bound         : +7.67154168288079e+03
Gap                : 6.32 %
