presolving:
   (0.0s) running MILP presolver
   (0.0s) MILP presolver (2 rounds): 0 aggregations, 10 fixings, 0 bound changes
(round 1, medium)     10 del vars, 0 del conss, 0 add conss, 0 chg bounds, 0 chg sides, 0 chg coeffs, 0 upgd conss, 0 impls, 191 clqs
(round 2, exhaustive) 10 del vars, 7 del conss, 0 add conss, 0 chg bounds, 7 chg sides, 0 chg coeffs, 0 upgd conss, 0 impls, 191 clqs
(round 3, exhaustive) 10 del vars, 7 del conss, 0 add conss, 0 chg bounds, 7 chg sides, 0 chg coeffs, 184 upgd conss, 0 impls, 191 clqs
(round 4, medium)     40 del vars, 7 del conss, 0 add conss, 0 chg bounds, 7 chg sides, 30 chg coeffs, 184 upgd conss, 0 impls, 191 clqs
(round 5, fast)       50 del vars, 7 del conss, 0 add conss, 0 chg bounds, 7 chg sides, 30 chg coeffs, 184 upgd conss, 0 impls, 191 clqs
(round 6, exhaustive) 50 del vars, 12 del conss, 0 add conss, 0 chg bounds, 7 chg sides, 30 chg coeffs, 184 upgd conss, 0 impls, 191 clqs
   (0.0s) probing: 51/450 (11.3%) - 0 fixings, 0 aggregations, 0 implications, 0 bound changes
   (0.0s) probing aborted: 50/50 successive totally useless probings
   (0.0s) symmetry computation started: requiring (bin +, int +, cont +), (fixed: bin -, int -, cont -)
   (0.0s) no symmetry present (symcode time: 0.00)
presolving (7 rounds: 7 fast, 6 medium, 4 exhaustive):
 50 deleted vars, 12 deleted constraints, 0 added constraints, 0 tightened bounds, 0 added holes, 7 changed sides, 30 changed coefficients
 0 implications, 191 cliques
presolved problem has 450 variables (450 bin, 0 int, 0 impl, 0 cont) and 179 constraints
    179 constraints of type <setppc>
Presolving Time: 0.02

 time | node  | left  |LP iter|LP it/n|mem/heur|mdpt |vars |cons |rows |cuts |sepa|confs|strbr|  dualbound   | primalbound  |  gap   | compl. 
  0.1s|     1 |     0 |  1414 |     - |  5530k |   0 | 450 | 179 | 179 |   0 |  0 |   0 |   0 | 7.837969e+03 |      --      |    Inf | unknown
d 0.1s|     1 |     0 |  1414 |     - |distribu|   0 | 450 | 179 | 179 |   0 |  1 |   0 |   0 | 7.837969e+03 | 2.419163e+03 | 224.00%| unknown
d 0.1s|     1 |     0 |  1483 |     - |distribu|   0 | 450 | 179 | 179 |   0 |  1 |   0 |   0 | 7.837969e+03 | 3.172449e+03 | 147.06%| unknown
d 0.1s|     1 |     0 |  1676 |     - |distribu|   0 | 450 | 179 | 179 |   0 |  1 |   0 |   0 | 7.837969e+03 | 3.617633e+03 | 116.66%| unknown
d 0.1s|     1 |     0 |  1758 |     - |distribu|   0 | 450 | 179 | 179 |   0 |  1 |   0 |   0 | 7.837969e+03 | 3.976145e+03 |  97.12%| unknown
d 0.1s|     1 |     0 |  1810 |     - |distribu|   0 | 450 | 179 | 179 |   0 |  1 |   0 |   0 | 7.837969e+03 | 4.527746e+03 |  73.11%| unknown
d 0.1s|     1 |     0 |  1841 |     - |distribu|   0 | 450 | 179 | 179 |   0 |  1 |   0 |   0 | 7.837969e+03 | 5.286918e+03 |  48.25%| unknown
d 0.1s|     1 |     0 |  1847 |     - |distribu|   0 | 450 | 179 | 179 |   0 |  1 |   0 |   0 | 7.837969e+03 | 6.539493e+03 |  19.86%| unknown
  0.1s|     1 |     0 |  1847 |     - |  5649k |   0 | 450 | 179 | 179 |   0 |  1 |   0 |   0 | 7.837969e+03 | 6.539493e+03 |  19.86%| unknown
  0.2s|     1 |     2 |  1847 |     - |  5787k |   0 | 450 | 179 | 179 |   0 |  2 |   0 |  35 | 7.792619e+03 | 6.539493e+03 |  19.16%| unknown

SCIP Status        : solving was interrupted [node limit reached]
Solving Time (sec) : 0.21
Solving Nodes      : 1
Primal Bound       : +6.53949268026049e+03 (44 solutions)
Dual Bound         : +7.79261886884054e+03
Gap                : 19.16 %
