presolving:
(round 1, fast)       1 del vars, 3 del conss, 0 add conss, 0 chg bounds, 0 chg sides, 0 chg coeffs, 0 upgd conss, 0 impls, 187 clqs
(round 2, fast)       2 del vars, 3 del conss, 0 add conss, 0 chg bounds, 0 chg sides, 0 chg coeffs, 0 upgd conss, 0 impls, 187 clqs
   (0.0s) running MILP presolver
   (0.0s) MILP presolver (2 rounds): 0 aggregations, 8 fixings, 0 bound changes
(round 3, medium)     10 del vars, 3 del conss, 0 add conss, 0 chg bounds, 0 chg sides, 0 chg coeffs, 0 upgd conss, 0 impls, 187 clqs
(round 4, exhaustive) 10 del vars, 5 del conss, 0 add conss, 0 chg bounds, 2 chg sides, 0 chg coeffs, 0 upgd conss, 0 impls, 187 clqs
(round 5, exhaustive) 10 del vars, 5 del conss, 0 add conss, 0 chg bounds, 2 chg sides, 0 chg coeffs, 185 upgd conss, 0 impls, 187 clqs
(round 6, medium)     43 del vars, 5 del conss, 0 add conss, 0 chg bounds, 2 chg sides, 33 chg coeffs, 185 upgd conss, 0 impls, 187 clqs
(round 7, fast)       64 del vars, 7 del conss, 0 add conss, 0 chg bounds, 2 chg sides, 33 chg coeffs, 185 upgd conss, 0 impls, 185 clqs
(round 8, exhaustive) 64 del vars, 12 del conss, 0 add conss, 0 chg bounds, 2 chg sides, 33 chg coeffs, 185 upgd conss, 0 impls, 185 clqs
   (0.0s) probing: 51/436 (11.7%) - 0 fixings, 0 aggregations, 0 implications, 0 bound changes
   (0.0s) probing aborted: 50/50 successive totally useless probings
   (0.0s) symmetry computation started: requiring (bin +, int +, cont +), (fixed: bin -, int -, cont -)
   (0.0s) no symmetry present (symcode time: 0.00)
presolving (9 rounds: 9 fast, 6 medium, 4 exhaustive):
 64 deleted vars, 12 deleted constraints, 0 added constraints, 0 tightened bounds, 0 added holes, 2 changed sides, 33 changed coefficients
 0 implications, 185 cliques
presolved problem has 436 variables (436 bin, 0 int, 0 impl, 0 cont) and 178 constraints
    178 constraints of type <setppc>
Presolving Time: 0.03

 time | node  | left  |LP iter|LP it/n|mem/heur|mdpt |vars |cons |rows |cuts |sepa|confs|strbr|  dualbound   | primalbound  |  gap   | compl. 
  0.1s|     1 |     0 |  1356 |     - |  5526k |   0 | 436 | 178 | 178 |   0 |  0 |   0 |   0 | 7.277102e+03 |      --      |    Inf | unknown
d 0.1s|     1 |     0 |  1356 |     - |distribu|   0 | 436 | 178 | 178 |   0 |  1 |   0 |   0 | 7.277102e+03 | 2.553662e+03 | 184.97%| unknown
d 0.1s|     1 |     0 |  1394 |     - |distribu|   0 | 436 | 178 | 178 |   0 |  1 |   0 |   0 | 7.277102e+03 | 2.925502e+03 | 148.75%| unknown
d 0.1s|     1 |     0 |  1505 |     - |distribu|   0 | 436 | 178 | 178 |   0 |  1 |   0 |   0 | 7.277102e+03 | 3.794110e+03 |  91.80%| unknown
d 0.1s|     1 |     0 |  1550 |     - |distribu|   0 | 436 | 178 | 178 |   0 |  1 |   0 |   0 | 7.277102e+03 | 4.751941e+03 |  53.14%| unknown
d 0.1s|     1 |     0 |  1568 |     - |distribu|   0 | 436 | 178 | 178 |   0 |  1 |   0 |   0 | 7.277102e+03 | 5.024985e+03 |  44.82%| unknown
d 0.1s|     1 |     0 |  1633 |     - |distribu|   0 | 436 | 178 | 178 |   0 |  1 |   0 |   0 | 7.277102e+03 | 5.259732e+03 |  38.35%| unknown
d 0.1s|     1 |     0 |  1638 |     - |distribu|   0 | 436 | 178 | 178 |   0 |  1 |   0 |   0 | 7.277102e+03 | 6.096003e+03 |  19.37%| unknown
  0.1s|     1 |     0 |  1638 |     - |  5692k |   0 | 436 | 178 | 178 |   0 |  1 |   0 |   0 | 7.277102e+03 | 6.096003e+03 |  19.37%| unknown
  0.3s|     1 |     2 |  1638 |     - |  5955k |   0 | 436 | 178 | 178 |   0 |  2 |   0 |  41 | 7.225255e+03 | 6.096003e+03 |  18.52%| unknown

SCIP Status        : solving was interrupted [node limit reached]
Solving Time (sec) : 0.35
Solving Nodes      : 1
Primal Bound       : +6.09600326484851e+03 (54 solutions)
Dual Bound         : +7.22525514726898e+03
Gap                : 18.52 %
