presolving:
(round 1, fast)       0 del vars, 1 del conss, 0 add conss, 0 chg bounds, 0 chg sides, 0 chg coeffs, 0 upgd conss, 0 impls, 189 clqs
   (0.0s) running MILP presolver
   (0.0s) MILP presolver (2 rounds): 0 aggregations, 20 fixings, 0 bound changes
(round 2, medium)     20 del vars, 1 del conss, 0 add conss, 0 chg bounds, 0 chg sides, 0 chg coeffs, 0 upgd conss, 0 impls, 188 clqs
(round 3, fast)       20 del vars, 2 del conss, 0 add conss, 0 chg bounds, 0 chg sides, 0 chg coeffs, 0 upgd conss, 0 impls, 188 clqs
(round 4, exhaustive) 20 del vars, 7 del conss, 0 add conss, 0 chg bounds, 5 chg sides, 0 chg coeffs, 0 upgd conss, 0 impls, 188 clqs
(round 5, exhaustive) 20 del vars, 7 del conss, 0 add conss, 0 chg bounds, 5 chg sides, 0 chg coeffs, 183 upgd conss, 0 impls, 188 clqs
(round 6, medium)     60 del vars, 7 del conss, 0 add conss, 0 chg bounds, 5 chg sides, 40 chg coeffs, 183 upgd conss, 0 impls, 188 clqs
(round 7, fast)       81 del vars, 10 del conss, 0 add conss, 0 chg bounds, 5 chg sides, 40 chg coeffs, 183 upgd conss, 0 impls, 185 clqs
(round 8, exhaustive) 81 del vars, 15 del conss, 0 add conss, 0 chg bounds, 5 chg sides, 40 chg coeffs, 183 upgd conss, 0 impls, 185 clqs
   (0.0s) probing: 51/419 (12.2%) - 0 fixings, 0 aggregations, 0 implications, 0 bound changes
   (0.0s) probing aborted: 50/50 successive totally useless probings
   (0.0s) symmetry computation started: requiring (bin +, int +, cont +), (fixed: bin -, int -, cont -)
   (0.0s) no symmetry present (symcode time: 0.00)
presolving (9 rounds: 9 fast, 6 medium, 4 exhaustive):
 81 deleted vars, 15 deleted constraints, 0 added constraints, 0 tightened bounds, 0 added holes, 5 changed sides, 40 changed coefficients
 0 implications, 185 cliques
presolved problem has 419 variables (419 bin, 0 int, 0 impl, 0 cont) and 175 constraints
    175 constraints of type <setppc>
Presolving Time: 0.03

 time | node  | left  |LP iter|LP it/n|mem/heur|mdpt |vars |cons |rows |cuts |sepa|confs|strbr|  dualbound   | primalbound  |  gap   | compl. 
  0.1s|     1 |     0 |  1027 |     - |  5209k |   0 | 419 | 175 | 175 |   0 |  0 |   0 |   0 | 7.432967e+03 |      --      |    Inf | unknown
d 0.1s|     1 |     0 |  1027 |     - |distribu|   0 | 419 | 175 | 175 |   0 |  1 |   0 |   0 | 7.432967e+03 | 3.280885e+03 | 126.55%| unknown
d 0.1s|     1 |     0 |  1085 |     - |distribu|   0 | 419 | 175 | 175 |   0 |  1 |   0 |   0 | 7.432967e+03 | 3.420923e+03 | 117.28%| unknown
d 0.1s|     1 |     0 |  1155 |     - |distribu|   0 | 419 | 175 | 175 |   0 |  1 |   0 |   0 | 7.432967e+03 | 3.791342e+03 |  96.05%| unknown
d 0.1s|     1 |     0 |  1185 |     - |distribu|   0 | 419 | 175 | 175 |   0 |  1 |   0 |   0 | 7.432967e+03 | 4.782131e+03 |  55.43%| unknown
d 0.1s|     1 |     0 |  1228 |     - |distribu|   0 | 419 | 175 | 175 |   0 |  1 |   0 |   0 | 7.432967e+03 | 4.844386e+03 |  53.43%| unknown
d 0.1s|     1 |     0 |  1247 |     - |distribu|   0 | 419 | 175 | 175 |   0 |  1 |   0 |   0 | 7.432967e+03 | 4.969631e+03 |  49.57%| unknown
d 0.1s|     1 |     0 |  1274 |     - |distribu|   0 | 419 | 175 | 175 |   0 |  1 |   0 |   0 | 7.432967e+03 | 6.792199e+03 |   9.43%| unknown
  0.1s|     1 |     0 |  1274 |     - |  5318k |   0 | 419 | 175 | 175 |   0 |  1 |   0 |   0 | 7.432967e+03 | 6.792199e+03 |   9.43%| unknown
  0.3s|     1 |     2 |  1274 |     - |  5744k |   0 | 419 | 175 | 175 |   0 |  2 |   0 |  36 | 7.390861e+03 | 6.792199e+03 |   8.81%| unknown

SCIP Status        : solving was interrupted [node limit reached]
Solving Time (sec) : 0.26
Solving Nodes      : 1
Primal Bound       : +6.79219884306100e+03 (53 solutions)
Dual Bound         : +7.39086077236317e+03
Gap                : 8.81 %
