presolving:
(round 1, fast)       2 del vars, 2 del conss, 0 add conss, 0 chg bounds, 0 chg sides, 0 chg coeffs, 0 upgd conss, 0 impls, 194 clqs
   (0.0s) running MILP presolver
   (0.0s) MILP presolver (2 rounds): 0 aggregations, 18 fixings, 0 bound changes
(round 2, medium)     20 del vars, 2 del conss, 0 add conss, 0 chg bounds, 0 chg sides, 0 chg coeffs, 0 upgd conss, 0 impls, 193 clqs
(round 3, fast)       20 del vars, 3 del conss, 0 add conss, 0 chg bounds, 0 chg sides, 0 chg coeffs, 0 upgd conss, 0 impls, 193 clqs
(round 4, exhaustive) 20 del vars, 12 del conss, 0 add conss, 0 chg bounds, 9 chg sides, 0 chg coeffs, 0 upgd conss, 0 impls, 193 clqs
(round 5, exhaustive) 20 del vars, 12 del conss, 0 add conss, 0 chg bounds, 9 chg sides, 0 chg coeffs, 184 upgd conss, 0 impls, 193 clqs
(round 6, medium)     55 del vars, 12 del conss, 0 add conss, 0 chg bounds, 9 chg sides, 35 chg coeffs, 184 upgd conss, 0 impls, 193 clqs
(round 7, fast)       70 del vars, 12 del conss, 0 add conss, 0 chg bounds, 9 chg sides, 35 chg coeffs, 184 upgd conss, 0 impls, 193 clqs
(round 8, exhaustive) 70 del vars, 14 del conss, 0 add conss, 0 chg bounds, 9 chg sides, 35 chg coeffs, 184 upgd conss, 0 impls, 193 clqs
(round 9, exhaustive) 71 del vars, 14 del conss, 0 add conss, 0 chg bounds, 9 chg sides, 35 chg coeffs, 184 upgd conss, 0 impls, 192 clqs
   (0.0s) probing: 51/429 (11.9%) - 0 fixings, 0 aggregations, 0 implications, 0 bound changes
   (0.0s) probing aborted: 50/50 successive totally useless probings
   (0.0s) symmetry computation started: requiring (bin +, int +, cont +), (fixed: bin -, int -, cont -)
   (0.0s) no symmetry present (symcode time: 0.00)
presolving (10 rounds: 10 fast, 7 medium, 5 exhaustive):
 71 deleted vars, 14 deleted constraints, 0 added constraints, 0 tightened bounds, 0 added holes, 9 changed sides, 35 changed coefficients
 0 implications, 192 cliques
presolved problem has 429 variables (429 bin, 0 int, 0 impl, 0 cont) and 182 constraints
    182 constraints of type <setppc>
Presolving Time: 0.02

 time | node  | left  |LP iter|LP it/n|mem/heur|mdpt |vars |cons |rows |cuts |sepa|confs|strbr|  dualbound   | primalbound  |  gap   | compl. 
  0.1s|     1 |     0 |  1210 |     - |  5417k |   0 | 429 | 182 | 182 |   0 |  0 |   0 |   0 | 7.340137e+03 |      --      |    Inf | unknown
d 0.1s|     1 |     0 |  1210 |     - |distribu|   0 | 429 | 182 | 182 |   0 |  1 |   0 |   0 | 7.340137e+03 | 2.651227e+03 | 176.86%| unknown
d 0.1s|     1 |     0 |  1314 |     - |distribu|   0 | 429 | 182 | 182 |   0 |  1 |   0 |   0 | 7.340137e+03 | 2.804774e+03 | 161.70%| unknown
d 0.1s|     1 |     0 |  1365 |     - |distribu|   0 | 429 | 182 | 182 |   0 |  1 |   0 |   0 | 7.340137e+03 | 3.465908e+03 | 111.78%| unknown
d 0.1s|     1 |     0 |  1401 |     - |distribu|   0 | 429 | 182 | 182 |   0 |  1 |   0 |   0 | 7.340137e+03 | 5.408335e+03 |  35.72%| unknown
d 0.1s|     1 |     0 |  1431 |     - |distribu|   0 | 429 | 182 | 182 |   0 |  1 |   0 |   0 | 7.340137e+03 | 6.703856e+03 |   9.49%| unknown
  0.1s|     1 |     0 |  1431 |     - |  5517k |   0 | 429 | 182 | 182 |   0 |  1 |   0 |   0 | 7.340137e+03 | 6.703856e+03 |   9.49%| unknown
  0.2s|     1 |     2 |  1431 |     - |  5691k |   0 | 429 | 182 | 182 |   0 |  2 |   0 |  20 | 7.314196e+03 | 6.703856e+03 |   9.10%| unknown

SCIP Status        : solving was interrupted [node limit reached]
Solving Time (sec) : 0.16
Solving Nodes      : 1
Primal Bound       : +6.70385642033553e+03 (31 solutions)
Dual Bound         : +7.31419622855379e+03
Gap                : 9.10 %
