presolving:
(round 1, fast)       1 del vars, 2 del conss, 0 add conss, 0 chg bounds, 0 chg sides, 0 chg coeffs, 0 upgd conss, 0 impls, 194 clqs
   (0.0s) running MILP presolver
   (0.0s) MILP presolver (2 rounds): 0 aggregations, 21 fixings, 0 bound changes
(round 2, medium)     22 del vars, 2 del conss, 0 add conss, 0 chg bounds, 0 chg sides, 0 chg coeffs, 0 upgd conss, 0 impls, 192 clqs
(round 3, fast)       22 del vars, 4 del conss, 0 add conss, 0 chg bounds, 0 chg sides, 0 chg coeffs, 0 upgd conss, 0 impls, 192 clqs
(round 4, exhaustive) 22 del vars, 11 del conss, 0 add conss, 0 chg bounds, 7 chg sides, 0 chg coeffs, 0 upgd conss, 0 impls, 192 clqs
(round 5, exhaustive) 22 del vars, 11 del conss, 0 add conss, 0 chg bounds, 7 chg sides, 0 chg coeffs, 185 upgd conss, 0 impls, 192 clqs
(round 6, medium)     62 del vars, 11 del conss, 0 add conss, 0 chg bounds, 7 chg sides, 40 chg coeffs, 185 upgd conss, 0 impls, 192 clqs
(round 7, fast)       79 del vars, 11 del conss, 0 add conss, 0 chg bounds, 7 chg sides, 40 chg coeffs, 185 upgd conss, 0 impls, 192 clqs
(round 8, exhaustive) 79 del vars, 16 del conss, 0 add conss, 0 chg bounds, 7 chg sides, 40 chg coeffs, 185 upgd conss, 0 impls, 192 clqs
   (0.0s) probing: 51/421 (12.1%) - 0 fixings, 0 aggregations, 0 implications, 0 bound changes
   (0.0s) probing aborted: 50/50 successive totally useless probings
   (0.0s) symmetry computation started: requiring (bin +, int +, cont +), (fixed: bin -, int -, cont -)
   (0.0s) no symmetry present (symcode time: 0.00)
presolving (9 rounds: 9 fast, 6 medium, 4 exhaustive):
 79 deleted vars, 16 deleted constraints, 0 added constraints, 0 tightened bounds, 0 added holes, 7 changed sides, 40 changed coefficients
 0 implications, 192 cliques
presolved problem has 421 variables (421 bin, 0 int, 0 impl, 0 cont) and 180 constraints
    180 constraints of type <setppc>
Presolving Time: 0.02

 time | node  | left  |LP iter|LP it/n|mem/heur|mdpt |vars |cons |rows |cuts |sepa|confs|strbr|  dualbound   | primalbound  |  gap   | compl. 
  0.1s|     1 |     0 |  1440 |     - |  5408k |   0 | 421 | 180 | 180 |   0 |  0 |   0 |   0 | 7.537724e+03 |      --      |    Inf | unknown
d 0.1s|     1 |     0 |  1440 |     - |distribu|   0 | 421 | 180 | 180 |   0 |  1 |   0 |   0 | 7.537724e+03 | 3.170051e+03 | 137.78%| unknown
d 0.1s|     1 |     0 |  1485 |     - |distribu|   0 | 421 | 180 | 180 |   0 |  1 |   0 |   0 | 7.537724e+03 | 3.268351e+03 | 130.63%| unknown
d 0.1s|     1 |     0 |  1560 |     - |distribu|   0 | 421 | 180 | 180 |   0 |  1 |   0 |   0 | 7.537724e+03 | 3.512979e+03 | 114.57%| unknown
d 0.1s|     1 |     0 |  1645 |     - |distribu|   0 | 421 | 180 | 180 |   0 |  1 |   0 |   0 | 7.537724e+03 | 3.932854e+03 |  91.66%| unknown
d 0.1s|     1 |     0 |  1702 |     - |distribu|   0 | 421 | 180 | 180 |   0 |  1 |   0 |   0 | 7.537724e+03 | 4.062002e+03 |  85.57%| unknown
d 0.1s|     1 |     0 |  1744 |     - |distribu|   0 | 421 | 180 | 180 |   0 |  1 |   0 |   0 | 7.537724e+03 | 4.644229e+03 |  62.30%| unknown
d 0.1s|     1 |     0 |  1754 |     - |distribu|   0 | 421 | 180 | 180 |   0 |  1 |   0 |   0 | 7.537724e+03 | 4.933645e+03 |  52.78%| unknown
d 0.1s|     1 |     0 |  1761 |     - |distribu|   0 | 421 | 180 | 180 |   0 |  1 |   0 |   0 | 7.537724e+03 | 5.934923e+03 |  27.01%| unknown
  0.1s|     1 |     0 |  1761 |     - |  5569k |   0 | 421 | 180 | 180 |   0 |  1 |   0 |   0 | 7.537724e+03 | 5.934923e+03 |  27.01%| unknown
  0.3s|     1 |     2 |  1761 |     - |  5742k |   0 | 421 | 180 | 180 |   0 |  2 |   0 |  22 | 7.507330e+03 | 5.934923e+03 |  26.49%| unknown

SCIP Status        : solving was interrupted [node limit reached]
Solving Time (sec) : 0.26
Solving Nodes      : 1
Primal Bound       : +5.93492284267945e+03 (34 solutions)
Dual Bound         : +7.50733032536972e+03
Gap                : 26.49 %
