presolving:
(round 1, fast)       1 del vars, 2 del conss, 0 add conss, 0 chg bounds, 0 chg sides, 0 chg coeffs, 0 upgd conss, 0 impls, 188 clqs
   (0.0s) running MILP presolver
   (0.0s) MILP presolver (2 rounds): 0 aggregations, 16 fixings, 0 bound changes
(round 2, medium)     17 del vars, 2 del conss, 0 add conss, 0 chg bounds, 0 chg sides, 0 chg coeffs, 0 upgd conss, 0 impls, 188 clqs
(round 3, exhaustive) 17 del vars, 9 del conss, 0 add conss, 0 chg bounds, 7 chg sides, 0 chg coeffs, 0 upgd conss, 0 impls, 188 clqs
(round 4, exhaustive) 17 del vars, 9 del conss, 0 add conss, 0 chg bounds, 7 chg sides, 0 chg coeffs, 181 upgd conss, 0 impls, 188 clqs
(round 5, medium)     46 del vars, 9 del conss, 0 add conss, 0 chg bounds, 7 chg sides, 29 chg coeffs, 181 upgd conss, 0 impls, 188 clqs
(round 6, fast)       54 del vars, 9 del conss, 0 add conss, 0 chg bounds, 7 chg sides, 29 chg coeffs, 181 upgd conss, 0 impls, 186 clqs
(round 7, exhaustive) 54 del vars, 10 del conss, 0 add conss, 0 chg bounds, 7 chg sides, 29 chg coeffs, 181 upgd conss, 0 impls, 186 clqs
   (0.0s) probing: 51/446 (11.4%) - 0 fixings, 0 aggregations, 0 implications, 0 bound changes
   (0.0s) probing aborted: 50/50 successive totally useless probings
   (0.0s) symmetry computation started: requiring (bin +, int +, cont +), (fixed: bin -, int -, cont -)
   (0.0s) no symmetry present (symcode time: 0.00)
presolving (8 rounds: 8 fast, 6 medium, 4 exhaustive):
 54 deleted vars, 10 deleted constraints, 0 added constraints, 0 tightened bounds, 0 added holes, 7 changed sides, 29 changed coefficients
 0 implications, 186 cliques
presolved problem has 446 variables (446 bin, 0 int, 0 impl, 0 cont) and 180 constraints
    180 constraints of type <setppc>
Presolving Time: 0.03

 time | node  | left  |LP iter|LP it/n|mem/heur|mdpt |vars |cons |rows |cuts |sepa|confs|strbr|  dualbound   | primalbound  |  gap   | compl. 
  0.1s|     1 |     0 |  1318 |     - |  5649k |   0 | 446 | 180 | 180 |   0 |  0 |   0 |   0 | 7.103720e+03 |      --      |    Inf | unknown
d 0.1s|     1 |     0 |  1318 |     - |distribu|   0 | 446 | 180 | 180 |   0 |  1 |   0 |   0 | 7.103720e+03 | 1.968950e+03 | 260.79%| unknown
d 0.1s|     1 |     0 |  1426 |     - |distribu|   0 | 446 | 180 | 180 |   0 |  1 |   0 |   0 | 7.103720e+03 | 2.187489e+03 | 224.74%| unknown
d 0.1s|     1 |     0 |  1561 |     - |distribu|   0 | 446 | 180 | 180 |   0 |  1 |   0 |   0 | 7.103720e+03 | 2.758547e+03 | 157.52%| unknown
d 0.1s|     1 |     0 |  1638 |     - |distribu|   0 | 446 | 180 | 180 |   0 |  1 |   0 |   0 | 7.103720e+03 | 3.960623e+03 |  79.36%| unknown
d 0.1s|     1 |     0 |  1664 |     - |distribu|   0 | 446 | 180 | 180 |   0 |  1 |   0 |   0 | 7.103720e+03 | 6.420792e+03 |  10.64%| unknown
  0.1s|     1 |     0 |  1664 |     - |  5743k |   0 | 446 | 180 | 180 |   0 |  1 |   0 |   0 | 7.103720e+03 | 6.420792e+03 |  10.64%| unknown
  0.4s|     1 |     2 |  1664 |     - |  5926k |   0 | 446 | 180 | 180 |   0 |  2 |   0 |  46 | 7.053544e+03 | 6.420792e+03 |   9.85%| unknown

SCIP Status        : solving was interrupted [node limit reached]
Solving Time (sec) : 0.44
Solving Nodes      : 1
Primal Bound       : +6.42079198799143e+03 (51 solutions)
Dual Bound         : +7.05354380360273e+03
Gap                : 9.85 %
