presolving:
(round 1, fast)       1 del vars, 2 del conss, 0 add conss, 0 chg bounds, 0 chg sides, 0 chg coeffs, 0 upgd conss, 0 impls, 192 clqs
   (0.0s) running MILP presolver
   (0.0s) MILP presolver (2 rounds): 0 aggregations, 29 fixings, 0 bound changes
(round 2, medium)     30 del vars, 2 del conss, 0 add conss, 0 chg bounds, 0 chg sides, 0 chg coeffs, 0 upgd conss, 0 impls, 191 clqs
(round 3, fast)       30 del vars, 3 del conss, 0 add conss, 0 chg bounds, 0 chg sides, 0 chg coeffs, 0 upgd conss, 0 impls, 191 clqs
(round 4, exhaustive) 30 del vars, 12 del conss, 0 add conss, 0 chg bounds, 9 chg sides, 0 chg coeffs, 0 upgd conss, 0 impls, 191 clqs
(round 5, exhaustive) 30 del vars, 12 del conss, 0 add conss, 0 chg bounds, 9 chg sides, 0 chg coeffs, 182 upgd conss, 0 impls, 191 clqs
(round 6, medium)     78 del vars, 12 del conss, 0 add conss, 0 chg bounds, 9 chg sides, 48 chg coeffs, 182 upgd conss, 0 impls, 191 clqs
(round 7, fast)       106 del vars, 15 del conss, 0 add conss, 0 chg bounds, 9 chg sides, 48 chg coeffs, 182 upgd conss, 0 impls, 187 clqs
   (0.0s) running MILP presolver
   (0.0s) MILP presolver found nothing
(round 8, exhaustive) 106 del vars, 20 del conss, 0 add conss, 0 chg bounds, 9 chg sides, 48 chg coeffs, 182 upgd conss, 0 impls, 187 clqs
   (0.0s) probing: 51/394 (12.9%) - 0 fixings, 0 aggregations, 0 implications, 0 bound changes
   (0.0s) probing aborted: 50/50 successive totally useless probings
   (0.0s) symmetry computation started: requiring (bin +, int +, cont +), (fixed: bin -, int -, cont -)
   (0.0s) no symmetry present (symcode time: 0.00)
presolving (9 rounds: 9 fast, 6 medium, 4 exhaustive):
 106 deleted vars, 20 deleted constraints, 0 added constraints, 0 tightened bounds, 0 added holes, 9 changed sides, 48 changed coefficients
 0 implications, 187 cliques
presolved problem has 394 variables (394 bin, 0 int, 0 impl, 0 cont) and 174 constraints
    174 constraints of type <setppc>
Presolving Time: 0.03

 time | node  | left  |LP iter|LP it/n|mem/heur|mdpt |vars |cons |rows |cuts |sepa|confs|strbr|  dualbound   | primalbound  |  gap   | compl. 
  0.1s|     1 |     0 |  1608 |     - |  5033k |   0 | 394 | 174 | 174 |   0 |  0 |   0 |   0 | 8.242962e+03 |      --      |    Inf | unknown
d 0.1s|     1 |     0 |  1608 |     - |distribu|   0 | 394 | 174 | 174 |   0 |  1 |   0 |   0 | 8.242962e+03 | 4.025026e+03 | 104.79%| unknown
d 0.1s|     1 |     0 |  1755 |     - |distribu|   0 | 394 | 174 | 174 |   0 |  1 |   0 |   0 | 8.242962e+03 | 4.234579e+03 |  94.66%| unknown
d 0.1s|     1 |     0 |  1885 |     - |distribu|   0 | 394 | 174 | 174 |   0 |  1 |   0 |   0 | 8.242962e+03 | 4.368932e+03 |  88.67%| unknown
d 0.1s|     1 |     0 |  1923 |     - |distribu|   0 | 394 | 174 | 174 |   0 |  1 |   0 |   0 | 8.242962e+03 | 5.820541e+03 |  41.62%| unknown
d 0.1s|     1 |     0 |  1954 |     - |distribu|   0 | 394 | 174 | 174 |   0 |  1 |   0 |   0 | 8.242962e+03 | 7.157060e+03 |  15.17%| unknown
  0.1s|     1 |     0 |  1954 |     - |  5138k |   0 | 394 | 174 | 174 |   0 |  1 |   0 |   0 | 8.242962e+03 | 7.157060e+03 |  15.17%| unknown
  0.3s|     1 |     2 |  1954 |     - |  5515k |   0 | 394 | 174 | 174 |   0 |  2 |   0 |  36 | 8.183821e+03 | 7.157060e+03 |  14.35%| unknown

SCIP Status        : solving was interrupted [node limit reached]
Solving Time (sec) : 0.28
Solving Nodes      : 1
Primal Bound       : +7.15706046965906e+03 (56 solutions)
Dual Bound         : +8.18382123725223e+03
Gap                : 14.35 %
