presolving:
   (0.0s) running MILP presolver
   (0.0s) MILP presolver (2 rounds): 0 aggregations, 13 fixings, 0 bound changes
(round 1, medium)     13 del vars, 0 del conss, 0 add conss, 0 chg bounds, 0 chg sides, 0 chg coeffs, 0 upgd conss, 0 impls, 189 clqs
(round 2, exhaustive) 13 del vars, 4 del conss, 0 add conss, 0 chg bounds, 4 chg sides, 0 chg coeffs, 0 upgd conss, 0 impls, 189 clqs
(round 3, exhaustive) 13 del vars, 4 del conss, 0 add conss, 0 chg bounds, 4 chg sides, 0 chg coeffs, 185 upgd conss, 0 impls, 189 clqs
(round 4, medium)     56 del vars, 4 del conss, 0 add conss, 0 chg bounds, 4 chg sides, 43 chg coeffs, 185 upgd conss, 0 impls, 189 clqs
(round 5, fast)       79 del vars, 4 del conss, 0 add conss, 0 chg bounds, 4 chg sides, 43 chg coeffs, 185 upgd conss, 0 impls, 189 clqs
(round 6, exhaustive) 79 del vars, 11 del conss, 0 add conss, 0 chg bounds, 4 chg sides, 43 chg coeffs, 185 upgd conss, 0 impls, 189 clqs
(round 7, exhaustive) 80 del vars, 11 del conss, 0 add conss, 0 chg bounds, 4 chg sides, 43 chg coeffs, 185 upgd conss, 0 impls, 189 clqs
   (0.0s) probing: 51/420 (12.1%) - 0 fixings, 0 aggregations, 0 implications, 0 bound changes
   (0.0s) probing aborted: 50/50 successive totally useless probings
   (0.0s) symmetry computation started: requiring (bin +, int +, cont +), (fixed: bin -, int -, cont -)
   (0.0s) no symmetry present (symcode time: 0.00)
presolving (8 rounds: 8 fast, 7 medium, 5 exhaustive):
 80 deleted vars, 11 deleted constraints, 0 added constraints, 0 tightened bounds, 0 added holes, 4 changed sides, 43 changed coefficients
 0 implications, 189 cliques
presolved problem has 420 variables (420 bin, 0 int, 0 impl, 0 cont) and 178 constraints
    178 constraints of type <setppc>
Presolving Time: 0.02

 time | node  | left  |LP iter|LP it/n|mem/heur|mdpt |vars |cons |rows |cuts |sepa|confs|strbr|  dualbound   | primalbound  |  gap   | compl. 
  0.1s|     1 |     0 |  1445 |     - |  5483k |   0 | 420 | 178 | 178 |   0 |  0 |   0 |   0 | 7.642136e+03 |      --      |    Inf | unknown
d 0.1s|     1 |     0 |  1445 |     - |distribu|   0 | 420 | 178 | 178 |   0 |  1 |   0 |   0 | 7.642136e+03 | 3.003176e+03 | 154.47%| unknown
d 0.1s|     1 |     0 |  1523 |     - |distribu|   0 | 420 | 178 | 178 |   0 |  1 |   0 |   0 | 7.642136e+03 | 3.333967e+03 | 129.22%| unknown
d 0.1s|     1 |     0 |  1584 |     - |distribu|   0 | 420 | 178 | 178 |   0 |  1 |   0 |   0 | 7.642136e+03 | 3.527745e+03 | 116.63%| unknown
d 0.1s|     1 |     0 |  1641 |     - |distribu|   0 | 420 | 178 | 178 |   0 |  1 |   0 |   0 | 7.642136e+03 | 3.920003e+03 |  94.95%| unknown
d 0.1s|     1 |     0 |  1682 |     - |distribu|   0 | 420 | 178 | 178 |   0 |  1 |   0 |   0 | 7.642136e+03 | 4.733947e+03 |  61.43%| unknown
d 0.1s|     1 |     0 |  1736 |     - |distribu|   0 | 420 | 178 | 178 |   0 |  1 |   0 |   0 | 7.642136e+03 | 5.502302e+03 |  38.89%| unknown
d 0.1s|     1 |     0 |  1740 |     - |distribu|   0 | 420 | 178 | 178 |   0 |  1 |   0 |   0 | 7.642136e+03 | 6.436248e+03 |  18.74%| unknown
  0.1s|     1 |     0 |  1740 |     - |  5617k |   0 | 420 | 178 | 178 |   0 |  1 |   0 |   0 | 7.642136e+03 | 6.436248e+03 |  18.74%| unknown
  0.3s|     1 |     2 |  1740 |     - |  5796k |   0 | 420 | 178 | 178 |   0 |  2 |   0 |  38 | 7.610392e+03 | 6.436248e+03 |  18.24%| unknown

SCIP Status        : solving was interrupted [node limit reached]
Solving Time (sec) : 0.30
Solving Nodes      : 1
Primal Bound       : +6.43624803641641e+03 (47 solutions)
Dual Bound         : +7.61039235433223e+03
Gap                : 18.24 %
