presolving:
   (0.0s) running MILP presolver
   (0.0s) MILP presolver (2 rounds): 0 aggregations, 14 fixings, 0 bound changes
(round 1, medium)     14 del vars, 0 del conss, 0 add conss, 0 chg bounds, 0 chg sides, 0 chg coeffs, 0 upgd conss, 0 impls, 195 clqs
(round 2, exhaustive) 14 del vars, 5 del conss, 0 add conss, 0 chg bounds, 5 chg sides, 0 chg coeffs, 0 upgd conss, 0 impls, 195 clqs
(round 3, exhaustive) 14 del vars, 5 del conss, 0 add conss, 0 chg bounds, 5 chg sides, 0 chg coeffs, 190 upgd conss, 0 impls, 195 clqs
(round 4, medium)     49 del vars, 5 del conss, 0 add conss, 0 chg bounds, 5 chg sides, 35 chg coeffs, 190 upgd conss, 0 impls, 195 clqs
(round 5, fast)       60 del vars, 6 del conss, 0 add conss, 0 chg bounds, 5 chg sides, 35 chg coeffs, 190 upgd conss, 0 impls, 194 clqs
(round 6, exhaustive) 60 del vars, 7 del conss, 0 add conss, 0 chg bounds, 5 chg sides, 35 chg coeffs, 190 upgd conss, 0 impls, 194 clqs
   (0.0s) probing: 51/440 (11.6%) - 0 fixings, 0 aggregations, 0 implications, 0 bound changes
   (0.0s) probing aborted: 50/50 successive totally useless probings
   (0.0s) symmetry computation started: requiring (bin +, int +, cont +), (fixed: bin -, int -, cont -)
   (0.0s) no symmetry present (symcode time: 0.00)
presolving (7 rounds: 7 fast, 6 medium, 4 exhaustive):
 60 deleted vars, 7 deleted constraints, 0 added constraints, 0 tightened bounds, 0 added holes, 5 changed sides, 35 changed coefficients
 0 implications, 194 cliques
presolved problem has 440 variables (440 bin, 0 int, 0 impl, 0 cont) and 188 constraints
    188 constraints of type <setppc>
Presolving Time: 0.02

 time | node  | left  |LP iter|LP it/n|mem/heur|mdpt |vars |cons |rows |cuts |sepa|confs|strbr|  dualbound   | primalbound  |  gap   | compl. 
  0.1s|     1 |     0 |  1362 |     - |  5530k |   0 | 440 | 188 | 188 |   0 |  0 |   0 |   0 | 7.688119e+03 |      --      |    Inf | unknown
d 0.1s|     1 |     0 |  1362 |     - |distribu|   0 | 440 | 188 | 188 |   0 |  1 |   0 |   0 | 7.688119e+03 | 3.110426e+03 | 147.17%| unknown
d 0.1s|     1 |     0 |  1457 |     - |distribu|   0 | 440 | 188 | 188 |   0 |  1 |   0 |   0 | 7.688119e+03 | 3.177086e+03 | 141.99%| unknown
d 0.1s|     1 |     0 |  1622 |     - |distribu|   0 | 440 | 188 | 188 |   0 |  1 |   0 |   0 | 7.688119e+03 | 3.458944e+03 | 122.27%| unknown
d 0.1s|     1 |     0 |  1676 |     - |distribu|   0 | 440 | 188 | 188 |   0 |  1 |   0 |   0 | 7.688119e+03 | 5.141361e+03 |  49.53%| unknown
d 0.1s|     1 |     0 |  1698 |     - |distribu|   0 | 440 | 188 | 188 |   0 |  1 |   0 |   0 | 7.688119e+03 | 7.041120e+03 |   9.19%| unknown
  0.1s|     1 |     0 |  1698 |     - |  5621k |   0 | 440 | 188 | 188 |   0 |  1 |   0 |   0 | 7.688119e+03 | 7.041120e+03 |   9.19%| unknown
  0.2s|     1 |     2 |  1698 |     - |  5904k |   0 | 440 | 188 | 188 |   0 |  2 |   0 |  30 | 7.629881e+03 | 7.041120e+03 |   8.36%| unknown

SCIP Status        : solving was interrupted [node limit reached]
Solving Time (sec) : 0.22
Solving Nodes      : 1
Primal Bound       : +7.04111967124080e+03 (40 solutions)
Dual Bound         : +7.62988095310275e+03
Gap                : 8.36 %
