presolving:
(round 1, fast)       0 del vars, 1 del conss, 0 add conss, 0 chg bounds, 0 chg sides, 0 chg coeffs, 0 upgd conss, 0 impls, 186 clqs
(round 2, fast)       1 del vars, 1 del conss, 0 add conss, 0 chg bounds, 0 chg sides, 0 chg coeffs, 0 upgd conss, 0 impls, 186 clqs
   (0.0s) running MILP presolver
   (0.0s) MILP presolver (2 rounds): 0 aggregations, 26 fixings, 0 bound changes
(round 3, medium)     27 del vars, 1 del conss, 0 add conss, 0 chg bounds, 0 chg sides, 0 chg coeffs, 0 upgd conss, 0 impls, 186 clqs
(round 4, exhaustive) 27 del vars, 8 del conss, 0 add conss, 0 chg bounds, 7 chg sides, 0 chg coeffs, 0 upgd conss, 0 impls, 186 clqs
(round 5, exhaustive) 27 del vars, 8 del conss, 0 add conss, 0 chg bounds, 7 chg sides, 0 chg coeffs, 179 upgd conss, 0 impls, 186 clqs
(round 6, medium)     69 del vars, 8 del conss, 0 add conss, 0 chg bounds, 7 chg sides, 42 chg coeffs, 179 upgd conss, 0 impls, 186 clqs
(round 7, fast)       103 del vars, 13 del conss, 0 add conss, 0 chg bounds, 7 chg sides, 42 chg coeffs, 179 upgd conss, 0 impls, 181 clqs
   (0.0s) running MILP presolver
   (0.0s) MILP presolver (2 rounds): 0 aggregations, 2 fixings, 0 bound changes
(round 8, medium)     105 del vars, 13 del conss, 0 add conss, 0 chg bounds, 7 chg sides, 42 chg coeffs, 179 upgd conss, 0 impls, 181 clqs
(round 9, exhaustive) 105 del vars, 19 del conss, 0 add conss, 0 chg bounds, 7 chg sides, 42 chg coeffs, 179 upgd conss, 0 impls, 181 clqs
   (0.0s) probing: 51/395 (12.9%) - 0 fixings, 0 aggregations, 0 implications, 0 bound changes
   (0.0s) probing aborted: 50/50 successive totally useless probings
   (0.0s) symmetry computation started: requiring (bin +, int +, cont +), (fixed: bin -, int -, cont -)
   (0.0s) no symmetry present (symcode time: 0.00)
presolving (10 rounds: 10 fast, 7 medium, 4 exhaustive):
 105 deleted vars, 19 deleted constraints, 0 added constraints, 0 tightened bounds, 0 added holes, 7 changed sides, 42 changed coefficients
 0 implications, 181 cliques
presolved problem has 395 variables (395 bin, 0 int, 0 impl, 0 cont) and 168 constraints
    168 constraints of type <setppc>
Presolving Time: 0.03

 time | node  | left  |LP iter|LP it/n|mem/heur|mdpt |vars |cons |rows |cuts |sepa|confs|strbr|  dualbound   | primalbound  |  gap   | compl. 
  0.1s|     1 |     0 |  1149 |     - |  5063k |   0 | 395 | 168 | 168 |   0 |  0 |   0 |   0 | 7.480908e+03 |      --      |    Inf | unknown
d 0.1s|     1 |     0 |  1149 |     - |distribu|   0 | 395 | 168 | 168 |   0 |  1 |   0 |   0 | 7.480908e+03 | 3.506555e+03 | 113.34%| unknown
d 0.1s|     1 |     0 |  1226 |     - |distribu|   0 | 395 | 168 | 168 |   0 |  1 |   0 |   0 | 7.480908e+03 | 4.045508e+03 |  84.92%| unknown
d 0.2s|     1 |     0 |  1288 |     - |distribu|   0 | 395 | 168 | 168 |   0 |  1 |   0 |   0 | 7.480908e+03 | 4.728465e+03 |  58.21%| unknown
d 0.2s|     1 |     0 |  1393 |     - |distribu|   0 | 395 | 168 | 168 |   0 |  1 |   0 |   0 | 7.480908e+03 | 5.023586e+03 |  48.92%| unknown
d 0.2s|     1 |     0 |  1401 |     - |distribu|   0 | 395 | 168 | 168 |   0 |  1 |   0 |   0 | 7.480908e+03 | 6.538374e+03 |  14.42%| unknown
  0.2s|     1 |     0 |  1401 |     - |  5195k |   0 | 395 | 168 | 168 |   0 |  1 |   0 |   0 | 7.480908e+03 | 6.538374e+03 |  14.42%| unknown
  0.3s|     1 |     2 |  1401 |     - |  5384k |   0 | 395 | 168 | 168 |   0 |  2 |   0 |  23 | 7.439637e+03 | 6.538374e+03 |  13.78%| unknown

SCIP Status        : solving was interrupted [node limit reached]
Solving Time (sec) : 0.33
Solving Nodes      : 1
Primal Bound       : +6.53837419082176e+03 (30 solutions)
Dual Bound         : +7.43963690618225e+03
Gap                : 13.78 %
