presolving:
   (0.0s) running MILP presolver
   (0.0s) MILP presolver (2 rounds): 0 aggregations, 19 fixings, 0 bound changes
(round 1, medium)     19 del vars, 0 del conss, 0 add conss, 0 chg bounds, 0 chg sides, 0 chg coeffs, 0 upgd conss, 0 impls, 193 clqs
(round 2, exhaustive) 19 del vars, 4 del conss, 0 add conss, 0 chg bounds, 4 chg sides, 0 chg coeffs, 0 upgd conss, 0 impls, 193 clqs
(round 3, exhaustive) 19 del vars, 4 del conss, 0 add conss, 0 chg bounds, 4 chg sides, 0 chg coeffs, 189 upgd conss, 0 impls, 193 clqs
(round 4, medium)     52 del vars, 4 del conss, 0 add conss, 0 chg bounds, 4 chg sides, 33 chg coeffs, 189 upgd conss, 0 impls, 193 clqs
(round 5, fast)       62 del vars, 4 del conss, 0 add conss, 0 chg bounds, 4 chg sides, 33 chg coeffs, 189 upgd conss, 0 impls, 192 clqs
(round 6, exhaustive) 62 del vars, 8 del conss, 0 add conss, 0 chg bounds, 4 chg sides, 33 chg coeffs, 189 upgd conss, 0 impls, 192 clqs
   (0.0s) probing: 51/438 (11.6%) - 0 fixings, 0 aggregations, 0 implications, 0 bound changes
   (0.0s) probing aborted: 50/50 successive totally useless probings
   (0.0s) symmetry computation started: requiring (bin +, int +, cont +), (fixed: bin -, int -, cont -)
   (0.0s) no symmetry present (symcode time: 0.00)
presolving (7 rounds: 7 fast, 6 medium, 4 exhaustive):
 62 deleted vars, 8 deleted constraints, 0 added constraints, 0 tightened bounds, 0 added holes, 4 changed sides, 33 changed coefficients
 0 implications, 192 cliques
presolved problem has 438 variables (438 bin, 0 int, 0 impl, 0 cont) and 185 constraints
    185 constraints of type <setppc>
Presolving Time: 0.02

 time | node  | left  |LP iter|LP it/n|mem/heur|mdpt |vars |cons |rows |cuts |sepa|confs|strbr|  dualbound   | primalbound  |  gap   | compl. 
  0.2s|     1 |     0 |  1826 |     - |  5375k |   0 | 438 | 185 | 185 |   0 |  0 |   0 |   0 | 8.058549e+03 |      --      |    Inf | unknown
d 0.2s|     1 |     0 |  1826 |     - |distribu|   0 | 438 | 185 | 185 |   0 |  1 |   0 |   0 | 8.058549e+03 | 2.822555e+03 | 185.51%| unknown
d 0.2s|     1 |     0 |  1857 |     - |distribu|   0 | 438 | 185 | 185 |   0 |  1 |   0 |   0 | 8.058549e+03 | 2.984700e+03 | 170.00%| unknown
d 0.2s|     1 |     0 |  1929 |     - |distribu|   0 | 438 | 185 | 185 |   0 |  1 |   0 |   0 | 8.058549e+03 | 3.203842e+03 | 151.53%| unknown
d 0.2s|     1 |     0 |  2063 |     - |distribu|   0 | 438 | 185 | 185 |   0 |  1 |   0 |   0 | 8.058549e+03 | 4.808006e+03 |  67.61%| unknown
d 0.2s|     1 |     0 |  2116 |     - |distribu|   0 | 438 | 185 | 185 |   0 |  1 |   0 |   0 | 8.058549e+03 | 5.549051e+03 |  45.22%| unknown
d 0.2s|     1 |     0 |  2135 |     - |distribu|   0 | 438 | 185 | 185 |   0 |  1 |   0 |   0 | 8.058549e+03 | 5.649194e+03 |  42.65%| unknown
d 0.2s|     1 |     0 |  2140 |     - |distribu|   0 | 438 | 185 | 185 |   0 |  1 |   0 |   0 | 8.058549e+03 | 6.210937e+03 |  29.75%| unknown
d 0.2s|     1 |     0 |  2148 |     - |distribu|   0 | 438 | 185 | 185 |   0 |  1 |   0 |   0 | 8.058549e+03 | 6.751016e+03 |  19.37%| unknown
  0.2s|     1 |     0 |  2148 |     - |  5531k |   0 | 438 | 185 | 185 |   0 |  1 |   0 |   0 | 8.058549e+03 | 6.751016e+03 |  19.37%| unknown
  0.4s|     1 |     2 |  2148 |     - |  5725k |   0 | 438 | 185 | 185 |   0 |  2 |   0 |  29 | 8.020920e+03 | 6.751016e+03 |  18.81%| unknown

SCIP Status        : solving was interrupted [node limit reached]
Solving Time (sec) : 0.38
Solving Nodes      : 1
Primal Bound       : +6.75101632772807e+03 (41 solutions)
Dual Bound         : +8.02091997129639e+03
Gap                : 18.81 %
