presolving:
(round 1, fast)       0 del vars, 2 del conss, 0 add conss, 0 chg bounds, 0 chg sides, 0 chg coeffs, 0 upgd conss, 0 impls, 193 clqs
(round 2, fast)       1 del vars, 2 del conss, 0 add conss, 0 chg bounds, 0 chg sides, 0 chg coeffs, 0 upgd conss, 0 impls, 193 clqs
   (0.0s) running MILP presolver
   (0.0s) MILP presolver (2 rounds): 0 aggregations, 11 fixings, 0 bound changes
(round 3, medium)     12 del vars, 2 del conss, 0 add conss, 0 chg bounds, 0 chg sides, 0 chg coeffs, 0 upgd conss, 0 impls, 193 clqs
(round 4, exhaustive) 12 del vars, 7 del conss, 0 add conss, 0 chg bounds, 5 chg sides, 0 chg coeffs, 0 upgd conss, 0 impls, 193 clqs
(round 5, exhaustive) 12 del vars, 7 del conss, 0 add conss, 0 chg bounds, 5 chg sides, 0 chg coeffs, 188 upgd conss, 0 impls, 193 clqs
(round 6, medium)     62 del vars, 7 del conss, 0 add conss, 0 chg bounds, 5 chg sides, 50 chg coeffs, 188 upgd conss, 0 impls, 193 clqs
(round 7, fast)       96 del vars, 13 del conss, 0 add conss, 0 chg bounds, 5 chg sides, 50 chg coeffs, 188 upgd conss, 0 impls, 187 clqs
   (0.0s) running MILP presolver
   (0.0s) MILP presolver found nothing
(round 8, exhaustive) 96 del vars, 17 del conss, 0 add conss, 0 chg bounds, 5 chg sides, 50 chg coeffs, 188 upgd conss, 0 impls, 187 clqs
   (0.0s) probing: 51/404 (12.6%) - 0 fixings, 0 aggregations, 0 implications, 0 bound changes
   (0.0s) probing aborted: 50/50 successive totally useless probings
   (0.0s) symmetry computation started: requiring (bin +, int +, cont +), (fixed: bin -, int -, cont -)
   (0.0s) no symmetry present (symcode time: 0.00)
presolving (9 rounds: 9 fast, 6 medium, 4 exhaustive):
 96 deleted vars, 17 deleted constraints, 0 added constraints, 0 tightened bounds, 0 added holes, 5 changed sides, 50 changed coefficients
 0 implications, 187 cliques
presolved problem has 404 variables (404 bin, 0 int, 0 impl, 0 cont) and 178 constraints
    178 constraints of type <setppc>
Presolving Time: 0.02

 time | node  | left  |LP iter|LP it/n|mem/heur|mdpt |vars |cons |rows |cuts |sepa|confs|strbr|  dualbound   | primalbound  |  gap   | compl. 
  0.1s|     1 |     0 |   979 |     - |  5014k |   0 | 404 | 178 | 178 |   0 |  0 |   0 |   0 | 7.832678e+03 |      --      |    Inf | unknown
d 0.1s|     1 |     0 |   979 |     - |distribu|   0 | 404 | 178 | 178 |   0 |  1 |   0 |   0 | 7.832678e+03 | 3.838157e+03 | 104.07%| unknown
d 0.1s|     1 |     0 |  1074 |     - |distribu|   0 | 404 | 178 | 178 |   0 |  1 |   0 |   0 | 7.832678e+03 | 4.226020e+03 |  85.34%| unknown
d 0.1s|     1 |     0 |  1133 |     - |distribu|   0 | 404 | 178 | 178 |   0 |  1 |   0 |   0 | 7.832678e+03 | 4.586265e+03 |  70.79%| unknown
d 0.1s|     1 |     0 |  1168 |     - |distribu|   0 | 404 | 178 | 178 |   0 |  1 |   0 |   0 | 7.832678e+03 | 4.840979e+03 |  61.80%| unknown
d 0.1s|     1 |     0 |  1190 |     - |distribu|   0 | 404 | 178 | 178 |   0 |  1 |   0 |   0 | 7.832678e+03 | 5.530669e+03 |  41.62%| unknown
d 0.1s|     1 |     0 |  1208 |     - |distribu|   0 | 404 | 178 | 178 |   0 |  1 |   0 |   0 | 7.832678e+03 | 5.704642e+03 |  37.30%| unknown
d 0.1s|     1 |     0 |  1210 |     - |distribu|   0 | 404 | 178 | 178 |   0 |  1 |   0 |   0 | 7.832678e+03 | 6.924364e+03 |  13.12%| unknown
  0.1s|     1 |     0 |  1210 |     - |  5124k |   0 | 404 | 178 | 178 |   0 |  1 |   0 |   0 | 7.832678e+03 | 6.924364e+03 |  13.12%| unknown
  0.3s|     1 |     2 |  1210 |     - |  5331k |   0 | 404 | 178 | 178 |   0 |  2 |   0 |  30 | 7.801950e+03 | 6.924364e+03 |  12.67%| unknown

SCIP Status        : solving was interrupted [node limit reached]
Solving Time (sec) : 0.30
Solving Nodes      : 1
Primal Bound       : +6.92436437141158e+03 (41 solutions)
Dual Bound         : +7.80195033900818e+03
Gap                : 12.67 %
