presolving:
(round 1, fast)       2 del vars, 2 del conss, 0 add conss, 0 chg bounds, 0 chg sides, 0 chg coeffs, 0 upgd conss, 0 impls, 195 clqs
   (0.0s) running MILP presolver
   (0.0s) MILP presolver (2 rounds): 0 aggregations, 9 fixings, 0 bound changes
(round 2, medium)     11 del vars, 2 del conss, 0 add conss, 0 chg bounds, 0 chg sides, 0 chg coeffs, 0 upgd conss, 0 impls, 195 clqs
(round 3, exhaustive) 11 del vars, 7 del conss, 0 add conss, 0 chg bounds, 5 chg sides, 0 chg coeffs, 0 upgd conss, 0 impls, 195 clqs
(round 4, exhaustive) 11 del vars, 7 del conss, 0 add conss, 0 chg bounds, 5 chg sides, 0 chg coeffs, 190 upgd conss, 0 impls, 195 clqs
(round 5, medium)     39 del vars, 7 del conss, 0 add conss, 0 chg bounds, 5 chg sides, 28 chg coeffs, 190 upgd conss, 0 impls, 195 clqs
(round 6, fast)       48 del vars, 8 del conss, 0 add conss, 0 chg bounds, 5 chg sides, 28 chg coeffs, 190 upgd conss, 0 impls, 194 clqs
(round 7, exhaustive) 48 del vars, 12 del conss, 0 add conss, 0 chg bounds, 5 chg sides, 28 chg coeffs, 190 upgd conss, 0 impls, 194 clqs
(round 8, exhaustive) 49 del vars, 12 del conss, 0 add conss, 0 chg bounds, 5 chg sides, 28 chg coeffs, 190 upgd conss, 0 impls, 194 clqs
   (0.0s) probing: 51/451 (11.3%) - 0 fixings, 0 aggregations, 0 implications, 0 bound changes
   (0.0s) probing aborted: 50/50 successive totally useless probings
   (0.0s) symmetry computation started: requiring (bin +, int +, cont +), (fixed: bin -, int -, cont -)
   (0.0s) no symmetry present (symcode time: 0.00)
presolving (9 rounds: 9 fast, 7 medium, 5 exhaustive):
 49 deleted vars, 12 deleted constraints, 0 added constraints, 0 tightened bounds, 0 added holes, 5 changed sides, 28 changed coefficients
 0 implications, 194 cliques
presolved problem has 451 variables (451 bin, 0 int, 0 impl, 0 cont) and 185 constraints
    185 constraints of type <setppc>
Presolving Time: 0.02

 time | node  | left  |LP iter|LP it/n|mem/heur|mdpt |vars |cons |rows |cuts |sepa|confs|strbr|  dualbound   | primalbound  |  gap   | compl. 
  0.1s|     1 |     0 |  1877 |     - |  5763k |   0 | 451 | 185 | 185 |   0 |  0 |   0 |   0 | 7.226889e+03 |      --      |    Inf | unknown
d 0.1s|     1 |     0 |  1877 |     - |distribu|   0 | 451 | 185 | 185 |   0 |  1 |   0 |   0 | 7.226889e+03 | 1.845215e+03 | 291.66%| unknown
d 0.1s|     1 |     0 |  1929 |     - |distribu|   0 | 451 | 185 | 185 |   0 |  1 |   0 |   0 | 7.226889e+03 | 1.951582e+03 | 270.31%| unknown
d 0.1s|     1 |     0 |  2001 |     - |distribu|   0 | 451 | 185 | 185 |   0 |  1 |   0 |   0 | 7.226889e+03 | 2.587625e+03 | 179.29%| unknown
d 0.1s|     1 |     0 |  2088 |     - |distribu|   0 | 451 | 185 | 185 |   0 |  1 |   0 |   0 | 7.226889e+03 | 3.560126e+03 | 103.00%| unknown
d 0.1s|     1 |     0 |  2145 |     - |distribu|   0 | 451 | 185 | 185 |   0 |  1 |   0 |   0 | 7.226889e+03 | 4.115867e+03 |  75.59%| unknown
d 0.1s|     1 |     0 |  2182 |     - |distribu|   0 | 451 | 185 | 185 |   0 |  1 |   0 |   0 | 7.226889e+03 | 6.209038e+03 |  16.39%| unknown
  0.1s|     1 |     0 |  2182 |     - |  5880k |   0 | 451 | 185 | 185 |   0 |  1 |   0 |   0 | 7.226889e+03 | 6.209038e+03 |  16.39%| unknown
  0.4s|     1 |     2 |  2182 |     - |  6043k |   0 | 451 | 185 | 185 |   0 |  2 |   0 |  40 | 7.186238e+03 | 6.209038e+03 |  15.74%| unknown

SCIP Status        : solving was interrupted [node limit reached]
Solving Time (sec) : 0.36
Solving Nodes      : 1
Primal Bound       : +6.20903802718866e+03 (48 solutions)
Dual Bound         : +7.18623755582429e+03
Gap                : 15.74 %
