presolving:
(round 1, fast)       0 del vars, 1 del conss, 0 add conss, 0 chg bounds, 0 chg sides, 0 chg coeffs, 0 upgd conss, 0 impls, 193 clqs
(round 2, fast)       1 del vars, 1 del conss, 0 add conss, 0 chg bounds, 0 chg sides, 0 chg coeffs, 0 upgd conss, 0 impls, 193 clqs
   (0.0s) running MILP presolver
   (0.0s) MILP presolver (2 rounds): 0 aggregations, 14 fixings, 0 bound changes
(round 3, medium)     15 del vars, 1 del conss, 0 add conss, 0 chg bounds, 0 chg sides, 0 chg coeffs, 0 upgd conss, 0 impls, 193 clqs
(round 4, exhaustive) 15 del vars, 5 del conss, 0 add conss, 0 chg bounds, 4 chg sides, 0 chg coeffs, 0 upgd conss, 0 impls, 193 clqs
(round 5, exhaustive) 15 del vars, 5 del conss, 0 add conss, 0 chg bounds, 4 chg sides, 0 chg coeffs, 189 upgd conss, 0 impls, 193 clqs
(round 6, medium)     44 del vars, 5 del conss, 0 add conss, 0 chg bounds, 4 chg sides, 29 chg coeffs, 189 upgd conss, 0 impls, 193 clqs
(round 7, fast)       49 del vars, 5 del conss, 0 add conss, 0 chg bounds, 4 chg sides, 29 chg coeffs, 189 upgd conss, 0 impls, 193 clqs
   (0.0s) probing: 51/451 (11.3%) - 0 fixings, 0 aggregations, 0 implications, 0 bound changes
   (0.0s) probing aborted: 50/50 successive totally useless probings
   (0.0s) symmetry computation started: requiring (bin +, int +, cont +), (fixed: bin -, int -, cont -)
   (0.0s) no symmetry present (symcode time: 0.00)
presolving (8 rounds: 8 fast, 5 medium, 3 exhaustive):
 49 deleted vars, 5 deleted constraints, 0 added constraints, 0 tightened bounds, 0 added holes, 4 changed sides, 29 changed coefficients
 0 implications, 193 cliques
presolved problem has 451 variables (451 bin, 0 int, 0 impl, 0 cont) and 189 constraints
    189 constraints of type <setppc>
Presolving Time: 0.04

 time | node  | left  |LP iter|LP it/n|mem/heur|mdpt |vars |cons |rows |cuts |sepa|confs|strbr|  dualbound   | primalbound  |  gap   | compl. 
  0.1s|     1 |     0 |  1848 |     - |  5500k |   0 | 451 | 189 | 189 |   0 |  0 |   0 |   0 | 7.840963e+03 |      --      |    Inf | unknown
d 0.1s|     1 |     0 |  1848 |     - |distribu|   0 | 451 | 189 | 189 |   0 |  1 |   0 |   0 | 7.840963e+03 | 2.186829e+03 | 258.55%| unknown
d 0.1s|     1 |     0 |  1918 |     - |distribu|   0 | 451 | 189 | 189 |   0 |  1 |   0 |   0 | 7.840963e+03 | 2.568448e+03 | 205.28%| unknown
d 0.1s|     1 |     0 |  2003 |     - |distribu|   0 | 451 | 189 | 189 |   0 |  1 |   0 |   0 | 7.840963e+03 | 3.298666e+03 | 137.70%| unknown
d 0.2s|     1 |     0 |  2066 |     - |distribu|   0 | 451 | 189 | 189 |   0 |  1 |   0 |   0 | 7.840963e+03 | 3.757514e+03 | 108.67%| unknown
d 0.2s|     1 |     0 |  2138 |     - |distribu|   0 | 451 | 189 | 189 |   0 |  1 |   0 |   0 | 7.840963e+03 | 4.104366e+03 |  91.04%| unknown
d 0.2s|     1 |     0 |  2188 |     - |distribu|   0 | 451 | 189 | 189 |   0 |  1 |   0 |   0 | 7.840963e+03 | 4.264288e+03 |  83.88%| unknown
d 0.2s|     1 |     0 |  2214 |     - |distribu|   0 | 451 | 189 | 189 |   0 |  1 |   0 |   0 | 7.840963e+03 | 5.303090e+03 |  47.86%| unknown
d 0.2s|     1 |     0 |  2221 |     - |distribu|   0 | 451 | 189 | 189 |   0 |  1 |   0 |   0 | 7.840963e+03 | 6.729800e+03 |  16.51%| unknown
  0.2s|     1 |     0 |  2221 |     - |  5659k |   0 | 451 | 189 | 189 |   0 |  1 |   0 |   0 | 7.840963e+03 | 6.729800e+03 |  16.51%| unknown
  0.5s|     1 |     2 |  2221 |     - |  5867k |   0 | 451 | 189 | 189 |   0 |  2 |   0 |  33 | 7.809520e+03 | 6.729800e+03 |  16.04%| unknown

SCIP Status        : solving was interrupted [node limit reached]
Solving Time (sec) : 0.48
Solving Nodes      : 1
Primal Bound       : +6.72980030245860e+03 (43 solutions)
Dual Bound         : +7.80952027854167e+03
Gap                : 16.04 %
