presolving:
(round 1, fast)       0 del vars, 1 del conss, 0 add conss, 0 chg bounds, 0 chg sides, 0 chg coeffs, 0 upgd conss, 0 impls, 190 clqs
(round 2, fast)       1 del vars, 1 del conss, 0 add conss, 0 chg bounds, 0 chg sides, 0 chg coeffs, 0 upgd conss, 0 impls, 190 clqs
   (0.0s) running MILP presolver
   (0.0s) MILP presolver (2 rounds): 0 aggregations, 18 fixings, 0 bound changes
(round 3, medium)     19 del vars, 1 del conss, 0 add conss, 0 chg bounds, 0 chg sides, 0 chg coeffs, 0 upgd conss, 0 impls, 189 clqs
(round 4, fast)       19 del vars, 2 del conss, 0 add conss, 0 chg bounds, 0 chg sides, 0 chg coeffs, 0 upgd conss, 0 impls, 189 clqs
(round 5, exhaustive) 19 del vars, 7 del conss, 0 add conss, 0 chg bounds, 5 chg sides, 0 chg coeffs, 0 upgd conss, 0 impls, 189 clqs
(round 6, exhaustive) 19 del vars, 7 del conss, 0 add conss, 0 chg bounds, 5 chg sides, 0 chg coeffs, 184 upgd conss, 0 impls, 189 clqs
(round 7, medium)     61 del vars, 7 del conss, 0 add conss, 0 chg bounds, 5 chg sides, 42 chg coeffs, 184 upgd conss, 0 impls, 189 clqs
(round 8, fast)       97 del vars, 8 del conss, 0 add conss, 0 chg bounds, 5 chg sides, 42 chg coeffs, 184 upgd conss, 0 impls, 188 clqs
   (0.0s) running MILP presolver
   (0.0s) MILP presolver (2 rounds): 0 aggregations, 2 fixings, 0 bound changes
(round 9, medium)     99 del vars, 8 del conss, 0 add conss, 0 chg bounds, 5 chg sides, 42 chg coeffs, 184 upgd conss, 0 impls, 188 clqs
(round 10, exhaustive) 99 del vars, 18 del conss, 0 add conss, 0 chg bounds, 5 chg sides, 42 chg coeffs, 184 upgd conss, 0 impls, 188 clqs
   (0.0s) probing: 51/401 (12.7%) - 0 fixings, 0 aggregations, 0 implications, 0 bound changes
   (0.0s) probing aborted: 50/50 successive totally useless probings
   (0.0s) symmetry computation started: requiring (bin +, int +, cont +), (fixed: bin -, int -, cont -)
   (0.0s) no symmetry present (symcode time: 0.00)
presolving (11 rounds: 11 fast, 7 medium, 4 exhaustive):
 99 deleted vars, 18 deleted constraints, 0 added constraints, 0 tightened bounds, 0 added holes, 5 changed sides, 42 changed coefficients
 0 implications, 188 cliques
presolved problem has 401 variables (401 bin, 0 int, 0 impl, 0 cont) and 173 constraints
    173 constraints of type <setppc>
Presolving Time: 0.02

 time | node  | left  |LP iter|LP it/n|mem/heur|mdpt |vars |cons |rows |cuts |sepa|confs|strbr|  dualbound   | primalbound  |  gap   | compl. 
  0.1s|     1 |     0 |  1203 |     - |  5296k |   0 | 401 | 173 | 173 |   0 |  0 |   0 |   0 | 7.216511e+03 |      --      |    Inf | unknown
d 0.1s|     1 |     0 |  1203 |     - |distribu|   0 | 401 | 173 | 173 |   0 |  1 |   0 |   0 | 7.216511e+03 | 3.222901e+03 | 123.91%| unknown
d 0.1s|     1 |     0 |  1253 |     - |distribu|   0 | 401 | 173 | 173 |   0 |  1 |   0 |   0 | 7.216511e+03 | 3.567542e+03 | 102.28%| unknown
d 0.1s|     1 |     0 |  1363 |     - |distribu|   0 | 401 | 173 | 173 |   0 |  1 |   0 |   0 | 7.216511e+03 | 4.549613e+03 |  58.62%| unknown
d 0.1s|     1 |     0 |  1417 |     - |distribu|   0 | 401 | 173 | 173 |   0 |  1 |   0 |   0 | 7.216511e+03 | 4.718799e+03 |  52.93%| unknown
d 0.1s|     1 |     0 |  1436 |     - |distribu|   0 | 401 | 173 | 173 |   0 |  1 |   0 |   0 | 7.216511e+03 | 6.307127e+03 |  14.42%| unknown
  0.1s|     1 |     0 |  1436 |     - |  5390k |   0 | 401 | 173 | 173 |   0 |  1 |   0 |   0 | 7.216511e+03 | 6.307127e+03 |  14.42%| unknown
  0.2s|     1 |     2 |  1436 |     - |  5584k |   0 | 401 | 173 | 173 |   0 |  2 |   0 |  26 | 7.154102e+03 | 6.307127e+03 |  13.43%| unknown

SCIP Status        : solving was interrupted [node limit reached]
Solving Time (sec) : 0.20
Solving Nodes      : 1
Primal Bound       : +6.30712672947963e+03 (33 solutions)
Dual Bound         : +7.15410242704279e+03
Gap                : 13.43 %
