presolving:
   (0.0s) running MILP presolver
   (0.0s) MILP presolver (2 rounds): 0 aggregations, 21 fixings, 0 bound changes
(round 1, medium)     21 del vars, 0 del conss, 0 add conss, 0 chg bounds, 0 chg sides, 0 chg coeffs, 0 upgd conss, 0 impls, 187 clqs
(round 2, fast)       21 del vars, 1 del conss, 0 add conss, 0 chg bounds, 0 chg sides, 0 chg coeffs, 0 upgd conss, 0 impls, 187 clqs
(round 3, exhaustive) 21 del vars, 5 del conss, 0 add conss, 0 chg bounds, 4 chg sides, 0 chg coeffs, 0 upgd conss, 0 impls, 187 clqs
(round 4, exhaustive) 21 del vars, 5 del conss, 0 add conss, 0 chg bounds, 4 chg sides, 0 chg coeffs, 183 upgd conss, 0 impls, 187 clqs
(round 5, medium)     66 del vars, 5 del conss, 0 add conss, 0 chg bounds, 4 chg sides, 45 chg coeffs, 183 upgd conss, 0 impls, 187 clqs
(round 6, fast)       112 del vars, 7 del conss, 0 add conss, 0 chg bounds, 4 chg sides, 45 chg coeffs, 183 upgd conss, 0 impls, 183 clqs
   (0.0s) running MILP presolver
   (0.0s) MILP presolver (2 rounds): 0 aggregations, 2 fixings, 0 bound changes
(round 7, medium)     114 del vars, 7 del conss, 0 add conss, 0 chg bounds, 4 chg sides, 45 chg coeffs, 183 upgd conss, 0 impls, 183 clqs
(round 8, exhaustive) 114 del vars, 11 del conss, 0 add conss, 0 chg bounds, 4 chg sides, 45 chg coeffs, 183 upgd conss, 0 impls, 183 clqs
   (0.0s) probing: 51/386 (13.2%) - 0 fixings, 0 aggregations, 0 implications, 0 bound changes
   (0.0s) probing aborted: 50/50 successive totally useless probings
   (0.0s) symmetry computation started: requiring (bin +, int +, cont +), (fixed: bin -, int -, cont -)
   (0.0s) no symmetry present (symcode time: 0.00)
presolving (9 rounds: 9 fast, 7 medium, 4 exhaustive):
 114 deleted vars, 11 deleted constraints, 0 added constraints, 0 tightened bounds, 0 added holes, 4 changed sides, 45 changed coefficients
 0 implications, 183 cliques
presolved problem has 386 variables (386 bin, 0 int, 0 impl, 0 cont) and 177 constraints
    177 constraints of type <setppc>
Presolving Time: 0.02

 time | node  | left  |LP iter|LP it/n|mem/heur|mdpt |vars |cons |rows |cuts |sepa|confs|strbr|  dualbound   | primalbound  |  gap   | compl. 
  0.1s|     1 |     0 |  1096 |     - |  5250k |   0 | 386 | 177 | 177 |   0 |  0 |   0 |   0 | 7.140287e+03 |      --      |    Inf | unknown
d 0.1s|     1 |     0 |  1096 |     - |distribu|   0 | 386 | 177 | 177 |   0 |  1 |   0 |   0 | 7.140287e+03 | 3.456626e+03 | 106.57%| unknown
d 0.1s|     1 |     0 |  1206 |     - |distribu|   0 | 386 | 177 | 177 |   0 |  1 |   0 |   0 | 7.140287e+03 | 3.476764e+03 | 105.37%| unknown
d 0.1s|     1 |     0 |  1272 |     - |distribu|   0 | 386 | 177 | 177 |   0 |  1 |   0 |   0 | 7.140287e+03 | 3.828255e+03 |  86.52%| unknown
d 0.1s|     1 |     0 |  1307 |     - |distribu|   0 | 386 | 177 | 177 |   0 |  1 |   0 |   0 | 7.140287e+03 | 6.624424e+03 |   7.79%| unknown
  0.1s|     1 |     0 |  1307 |     - |  5354k |   0 | 386 | 177 | 177 |   0 |  1 |   0 |   0 | 7.140287e+03 | 6.624424e+03 |   7.79%| unknown
  0.3s|     1 |     2 |  1307 |     - |  5598k |   0 | 386 | 177 | 177 |   0 |  2 |   0 |  46 | 7.092309e+03 | 6.624424e+03 |   7.06%| unknown

SCIP Status        : solving was interrupted [node limit reached]
Solving Time (sec) : 0.26
Solving Nodes      : 1
Primal Bound       : +6.62442423916254e+03 (54 solutions)
Dual Bound         : +7.09230935594913e+03
Gap                : 7.06 %
