presolving:
(round 1, fast)       0 del vars, 1 del conss, 0 add conss, 0 chg bounds, 0 chg sides, 0 chg coeffs, 0 upgd conss, 0 impls, 192 clqs
   (0.0s) running MILP presolver
   (0.0s) MILP presolver (2 rounds): 0 aggregations, 16 fixings, 0 bound changes
(round 2, medium)     16 del vars, 1 del conss, 0 add conss, 0 chg bounds, 0 chg sides, 0 chg coeffs, 0 upgd conss, 0 impls, 191 clqs
(round 3, fast)       16 del vars, 2 del conss, 0 add conss, 0 chg bounds, 0 chg sides, 0 chg coeffs, 0 upgd conss, 0 impls, 191 clqs
(round 4, exhaustive) 16 del vars, 4 del conss, 0 add conss, 0 chg bounds, 2 chg sides, 0 chg coeffs, 0 upgd conss, 0 impls, 191 clqs
(round 5, exhaustive) 16 del vars, 4 del conss, 0 add conss, 0 chg bounds, 2 chg sides, 0 chg coeffs, 189 upgd conss, 0 impls, 191 clqs
(round 6, medium)     53 del vars, 4 del conss, 0 add conss, 0 chg bounds, 2 chg sides, 37 chg coeffs, 189 upgd conss, 0 impls, 191 clqs
(round 7, fast)       72 del vars, 4 del conss, 0 add conss, 0 chg bounds, 2 chg sides, 37 chg coeffs, 189 upgd conss, 0 impls, 190 clqs
(round 8, exhaustive) 72 del vars, 8 del conss, 0 add conss, 0 chg bounds, 2 chg sides, 37 chg coeffs, 189 upgd conss, 0 impls, 190 clqs
(round 9, exhaustive) 73 del vars, 8 del conss, 0 add conss, 0 chg bounds, 2 chg sides, 37 chg coeffs, 189 upgd conss, 0 impls, 190 clqs
   (0.0s) probing: 51/427 (11.9%) - 0 fixings, 0 aggregations, 0 implications, 0 bound changes
   (0.0s) probing aborted: 50/50 successive totally useless probings
   (0.0s) symmetry computation started: requiring (bin +, int +, cont +), (fixed: bin -, int -, cont -)
   (0.0s) no symmetry present (symcode time: 0.00)
presolving (10 rounds: 10 fast, 7 medium, 5 exhaustive):
 73 deleted vars, 8 deleted constraints, 0 added constraints, 0 tightened bounds, 0 added holes, 2 changed sides, 37 changed coefficients
 0 implications, 190 cliques
presolved problem has 427 variables (427 bin, 0 int, 0 impl, 0 cont) and 185 constraints
    185 constraints of type <setppc>
Presolving Time: 0.02

 time | node  | left  |LP iter|LP it/n|mem/heur|mdpt |vars |cons |rows |cuts |sepa|confs|strbr|  dualbound   | primalbound  |  gap   | compl. 
  0.1s|     1 |     0 |  1712 |     - |  5395k |   0 | 427 | 185 | 185 |   0 |  0 |   0 |   0 | 7.910210e+03 |      --      |    Inf | unknown
d 0.1s|     1 |     0 |  1712 |     - |distribu|   0 | 427 | 185 | 185 |   0 |  1 |   0 |   0 | 7.910210e+03 | 2.967152e+03 | 166.59%| unknown
d 0.1s|     1 |     0 |  1832 |     - |distribu|   0 | 427 | 185 | 185 |   0 |  1 |   0 |   0 | 7.910210e+03 | 3.222916e+03 | 145.44%| unknown
d 0.1s|     1 |     0 |  1885 |     - |distribu|   0 | 427 | 185 | 185 |   0 |  1 |   0 |   0 | 7.910210e+03 | 4.218645e+03 |  87.51%| unknown
d 0.1s|     1 |     0 |  1938 |     - |distribu|   0 | 427 | 185 | 185 |   0 |  1 |   0 |   0 | 7.910210e+03 | 5.624759e+03 |  40.63%| unknown
d 0.1s|     1 |     0 |  1975 |     - |distribu|   0 | 427 | 185 | 185 |   0 |  1 |   0 |   0 | 7.910210e+03 | 7.240657e+03 |   9.25%| unknown
  0.1s|     1 |     0 |  1975 |     - |  5488k |   0 | 427 | 185 | 185 |   0 |  1 |   0 |   0 | 7.910210e+03 | 7.240657e+03 |   9.25%| unknown
  0.3s|     1 |     2 |  1975 |     - |  5715k |   0 | 427 | 185 | 185 |   0 |  2 |   0 |  46 | 7.870311e+03 | 7.240657e+03 |   8.70%| unknown

SCIP Status        : solving was interrupted [node limit reached]
Solving Time (sec) : 0.28
Solving Nodes      : 1
Primal Bound       : +7.24065712059015e+03 (56 solutions)
Dual Bound         : +7.87031096717759e+03
Gap                : 8.70 %
