presolving:
   (0.0s) running MILP presolver
   (0.0s) MILP presolver (2 rounds): 0 aggregations, 14 fixings, 0 bound changes
(round 1, medium)     14 del vars, 0 del conss, 0 add conss, 0 chg bounds, 0 chg sides, 0 chg coeffs, 0 upgd conss, 0 impls, 193 clqs
(round 2, exhaustive) 14 del vars, 5 del conss, 0 add conss, 0 chg bounds, 5 chg sides, 0 chg coeffs, 0 upgd conss, 0 impls, 193 clqs
(round 3, exhaustive) 14 del vars, 5 del conss, 0 add conss, 0 chg bounds, 5 chg sides, 0 chg coeffs, 188 upgd conss, 0 impls, 193 clqs
(round 4, medium)     48 del vars, 5 del conss, 0 add conss, 0 chg bounds, 5 chg sides, 34 chg coeffs, 188 upgd conss, 0 impls, 193 clqs
(round 5, fast)       57 del vars, 5 del conss, 0 add conss, 0 chg bounds, 5 chg sides, 34 chg coeffs, 188 upgd conss, 0 impls, 193 clqs
(round 6, exhaustive) 57 del vars, 7 del conss, 0 add conss, 0 chg bounds, 5 chg sides, 34 chg coeffs, 188 upgd conss, 0 impls, 193 clqs
   (0.0s) probing: 51/443 (11.5%) - 0 fixings, 0 aggregations, 0 implications, 0 bound changes
   (0.0s) probing aborted: 50/50 successive totally useless probings
   (0.0s) symmetry computation started: requiring (bin +, int +, cont +), (fixed: bin -, int -, cont -)
   (0.0s) no symmetry present (symcode time: 0.00)
presolving (7 rounds: 7 fast, 6 medium, 4 exhaustive):
 57 deleted vars, 7 deleted constraints, 0 added constraints, 0 tightened bounds, 0 added holes, 5 changed sides, 34 changed coefficients
 0 implications, 193 cliques
presolved problem has 443 variables (443 bin, 0 int, 0 impl, 0 cont) and 186 constraints
    186 constraints of type <setppc>
Presolving Time: 0.02

 time | node  | left  |LP iter|LP it/n|mem/heur|mdpt |vars |cons |rows |cuts |sepa|confs|strbr|  dualbound   | primalbound  |  gap   | compl. 
  0.1s|     1 |     0 |  1512 |     - |  5691k |   0 | 443 | 186 | 186 |   0 |  0 |   0 |   0 | 7.479846e+03 |      --      |    Inf | unknown
d 0.1s|     1 |     0 |  1512 |     - |distribu|   0 | 443 | 186 | 186 |   0 |  1 |   0 |   0 | 7.479846e+03 | 2.489039e+03 | 200.51%| unknown
d 0.1s|     1 |     0 |  1600 |     - |distribu|   0 | 443 | 186 | 186 |   0 |  1 |   0 |   0 | 7.479846e+03 | 3.059280e+03 | 144.50%| unknown
d 0.1s|     1 |     0 |  1735 |     - |distribu|   0 | 443 | 186 | 186 |   0 |  1 |   0 |   0 | 7.479846e+03 | 3.478097e+03 | 115.06%| unknown
d 0.1s|     1 |     0 |  1834 |     - |distribu|   0 | 443 | 186 | 186 |   0 |  1 |   0 |   0 | 7.479846e+03 | 3.936511e+03 |  90.01%| unknown
d 0.1s|     1 |     0 |  1883 |     - |distribu|   0 | 443 | 186 | 186 |   0 |  1 |   0 |   0 | 7.479846e+03 | 6.221011e+03 |  20.24%| unknown
d 0.1s|     1 |     0 |  1884 |     - |distribu|   0 | 443 | 186 | 186 |   0 |  1 |   0 |   0 | 7.479846e+03 | 6.655428e+03 |  12.39%| unknown
  0.1s|     1 |     0 |  1884 |     - |  5785k |   0 | 443 | 186 | 186 |   0 |  1 |   0 |   0 | 7.479846e+03 | 6.655428e+03 |  12.39%| unknown
  0.3s|     1 |     2 |  1884 |     - |  5971k |   0 | 443 | 186 | 186 |   0 |  2 |   0 |  37 | 7.437771e+03 | 6.655428e+03 |  11.75%| unknown

SCIP Status        : solving was interrupted [node limit reached]
Solving Time (sec) : 0.31
Solving Nodes      : 1
Primal Bound       : +6.65542831040437e+03 (44 solutions)
Dual Bound         : +7.43777085425539e+03
Gap                : 11.75 %
