presolving:
   (0.0s) running MILP presolver
   (0.0s) MILP presolver (2 rounds): 0 aggregations, 20 fixings, 0 bound changes
(round 1, medium)     20 del vars, 0 del conss, 0 add conss, 0 chg bounds, 0 chg sides, 0 chg coeffs, 0 upgd conss, 0 impls, 195 clqs
(round 2, fast)       21 del vars, 1 del conss, 0 add conss, 0 chg bounds, 0 chg sides, 0 chg coeffs, 0 upgd conss, 0 impls, 194 clqs
(round 3, exhaustive) 21 del vars, 7 del conss, 0 add conss, 0 chg bounds, 6 chg sides, 0 chg coeffs, 0 upgd conss, 0 impls, 194 clqs
(round 4, exhaustive) 21 del vars, 7 del conss, 0 add conss, 0 chg bounds, 6 chg sides, 0 chg coeffs, 188 upgd conss, 0 impls, 194 clqs
(round 5, medium)     53 del vars, 7 del conss, 0 add conss, 0 chg bounds, 6 chg sides, 32 chg coeffs, 188 upgd conss, 0 impls, 194 clqs
(round 6, fast)       70 del vars, 8 del conss, 0 add conss, 0 chg bounds, 6 chg sides, 32 chg coeffs, 188 upgd conss, 0 impls, 193 clqs
   (0.0s) probing: 51/430 (11.9%) - 0 fixings, 0 aggregations, 0 implications, 0 bound changes
   (0.0s) probing aborted: 50/50 successive totally useless probings
   (0.0s) symmetry computation started: requiring (bin +, int +, cont +), (fixed: bin -, int -, cont -)
   (0.0s) no symmetry present (symcode time: 0.00)
presolving (7 rounds: 7 fast, 5 medium, 3 exhaustive):
 70 deleted vars, 8 deleted constraints, 0 added constraints, 0 tightened bounds, 0 added holes, 6 changed sides, 32 changed coefficients
 0 implications, 193 cliques
presolved problem has 430 variables (430 bin, 0 int, 0 impl, 0 cont) and 187 constraints
    187 constraints of type <setppc>
Presolving Time: 0.02

 time | node  | left  |LP iter|LP it/n|mem/heur|mdpt |vars |cons |rows |cuts |sepa|confs|strbr|  dualbound   | primalbound  |  gap   | compl. 
  0.1s|     1 |     0 |  1289 |     - |  5245k |   0 | 430 | 187 | 187 |   0 |  0 |   0 |   0 | 7.870349e+03 |      --      |    Inf | unknown
d 0.1s|     1 |     0 |  1289 |     - |distribu|   0 | 430 | 187 | 187 |   0 |  1 |   0 |   0 | 7.870349e+03 | 2.846529e+03 | 176.49%| unknown
d 0.1s|     1 |     0 |  1359 |     - |distribu|   0 | 430 | 187 | 187 |   0 |  1 |   0 |   0 | 7.870349e+03 | 3.816422e+03 | 106.22%| unknown
d 0.1s|     1 |     0 |  1431 |     - |distribu|   0 | 430 | 187 | 187 |   0 |  1 |   0 |   0 | 7.870349e+03 | 4.396697e+03 |  79.01%| unknown
d 0.1s|     1 |     0 |  1468 |     - |distribu|   0 | 430 | 187 | 187 |   0 |  1 |   0 |   0 | 7.870349e+03 | 4.675041e+03 |  68.35%| unknown
d 0.1s|     1 |     0 |  1499 |     - |distribu|   0 | 430 | 187 | 187 |   0 |  1 |   0 |   0 | 7.870349e+03 | 7.269977e+03 |   8.26%| unknown
  0.1s|     1 |     0 |  1499 |     - |  5357k |   0 | 430 | 187 | 187 |   0 |  1 |   0 |   0 | 7.870349e+03 | 7.269977e+03 |   8.26%| unknown
  0.2s|     1 |     2 |  1499 |     - |  5622k |   0 | 430 | 187 | 187 |   0 |  2 |   0 |  20 | 7.844011e+03 | 7.269977e+03 |   7.90%| unknown

SCIP Status        : solving was interrupted [node limit reached]
Solving Time (sec) : 0.15
Solving Nodes      : 1
Primal Bound       : +7.26997694011009e+03 (31 solutions)
Dual Bound         : +7.84401072968599e+03
Gap                : 7.90 %
