presolving:
   (0.0s) running MILP presolver
   (0.0s) MILP presolver (2 rounds): 0 aggregations, 21 fixings, 0 bound changes
(round 1, medium)     21 del vars, 0 del conss, 0 add conss, 0 chg bounds, 0 chg sides, 0 chg coeffs, 0 upgd conss, 0 impls, 195 clqs
(round 2, fast)       21 del vars, 2 del conss, 0 add conss, 0 chg bounds, 0 chg sides, 0 chg coeffs, 0 upgd conss, 0 impls, 195 clqs
(round 3, exhaustive) 21 del vars, 6 del conss, 0 add conss, 0 chg bounds, 4 chg sides, 0 chg coeffs, 0 upgd conss, 0 impls, 195 clqs
(round 4, exhaustive) 21 del vars, 6 del conss, 0 add conss, 0 chg bounds, 4 chg sides, 0 chg coeffs, 191 upgd conss, 0 impls, 195 clqs
(round 5, medium)     57 del vars, 6 del conss, 0 add conss, 0 chg bounds, 4 chg sides, 36 chg coeffs, 191 upgd conss, 0 impls, 195 clqs
(round 6, fast)       69 del vars, 7 del conss, 0 add conss, 0 chg bounds, 4 chg sides, 36 chg coeffs, 191 upgd conss, 0 impls, 193 clqs
(round 7, exhaustive) 69 del vars, 10 del conss, 0 add conss, 0 chg bounds, 4 chg sides, 36 chg coeffs, 191 upgd conss, 0 impls, 193 clqs
   (0.0s) probing: 51/431 (11.8%) - 0 fixings, 0 aggregations, 0 implications, 0 bound changes
   (0.0s) probing aborted: 50/50 successive totally useless probings
   (0.0s) symmetry computation started: requiring (bin +, int +, cont +), (fixed: bin -, int -, cont -)
   (0.0s) no symmetry present (symcode time: 0.00)
presolving (8 rounds: 8 fast, 6 medium, 4 exhaustive):
 69 deleted vars, 10 deleted constraints, 0 added constraints, 0 tightened bounds, 0 added holes, 4 changed sides, 36 changed coefficients
 0 implications, 193 cliques
presolved problem has 431 variables (431 bin, 0 int, 0 impl, 0 cont) and 187 constraints
    187 constraints of type <setppc>
Presolving Time: 0.03

 time | node  | left  |LP iter|LP it/n|mem/heur|mdpt |vars |cons |rows |cuts |sepa|confs|strbr|  dualbound   | primalbound  |  gap   | compl. 
  0.1s|     1 |     0 |  1329 |     - |  5534k |   0 | 431 | 187 | 187 |   0 |  0 |   0 |   0 | 7.875388e+03 |      --      |    Inf | unknown
d 0.1s|     1 |     0 |  1329 |     - |distribu|   0 | 431 | 187 | 187 |   0 |  1 |   0 |   0 | 7.875388e+03 | 2.767308e+03 | 184.59%| unknown
d 0.1s|     1 |     0 |  1391 |     - |distribu|   0 | 431 | 187 | 187 |   0 |  1 |   0 |   0 | 7.875388e+03 | 4.010213e+03 |  96.38%| unknown
d 0.1s|     1 |     0 |  1411 |     - |distribu|   0 | 431 | 187 | 187 |   0 |  1 |   0 |   0 | 7.875388e+03 | 4.419128e+03 |  78.21%| unknown
d 0.1s|     1 |     0 |  1448 |     - |distribu|   0 | 431 | 187 | 187 |   0 |  1 |   0 |   0 | 7.875388e+03 | 4.542806e+03 |  73.36%| unknown
d 0.1s|     1 |     0 |  1519 |     - |distribu|   0 | 431 | 187 | 187 |   0 |  1 |   0 |   0 | 7.875388e+03 | 6.902607e+03 |  14.09%| unknown
  0.1s|     1 |     0 |  1519 |     - |  5640k |   0 | 431 | 187 | 187 |   0 |  1 |   0 |   0 | 7.875388e+03 | 6.902607e+03 |  14.09%| unknown
  0.3s|     1 |     2 |  1519 |     - |  5823k |   0 | 431 | 187 | 187 |   0 |  2 |   0 |  21 | 7.826197e+03 | 6.902607e+03 |  13.38%| unknown

SCIP Status        : solving was interrupted [node limit reached]
Solving Time (sec) : 0.32
Solving Nodes      : 1
Primal Bound       : +6.90260739973731e+03 (30 solutions)
Dual Bound         : +7.82619664727041e+03
Gap                : 13.38 %
