presolving:
(round 1, fast)       1 del vars, 1 del conss, 0 add conss, 0 chg bounds, 0 chg sides, 0 chg coeffs, 0 upgd conss, 0 impls, 189 clqs
   (0.0s) running MILP presolver
   (0.0s) MILP presolver (2 rounds): 0 aggregations, 37 fixings, 0 bound changes
(round 2, medium)     38 del vars, 1 del conss, 0 add conss, 0 chg bounds, 0 chg sides, 0 chg coeffs, 0 upgd conss, 0 impls, 189 clqs
(round 3, exhaustive) 38 del vars, 11 del conss, 0 add conss, 0 chg bounds, 10 chg sides, 0 chg coeffs, 0 upgd conss, 0 impls, 189 clqs
(round 4, exhaustive) 38 del vars, 11 del conss, 0 add conss, 0 chg bounds, 10 chg sides, 0 chg coeffs, 179 upgd conss, 0 impls, 189 clqs
(round 5, medium)     85 del vars, 11 del conss, 0 add conss, 0 chg bounds, 10 chg sides, 47 chg coeffs, 179 upgd conss, 0 impls, 189 clqs
(round 6, fast)       126 del vars, 15 del conss, 0 add conss, 0 chg bounds, 10 chg sides, 47 chg coeffs, 179 upgd conss, 0 impls, 183 clqs
   (0.0s) running MILP presolver
   (0.0s) MILP presolver (2 rounds): 0 aggregations, 4 fixings, 0 bound changes
(round 7, medium)     130 del vars, 16 del conss, 0 add conss, 0 chg bounds, 10 chg sides, 47 chg coeffs, 179 upgd conss, 0 impls, 182 clqs
(round 8, exhaustive) 130 del vars, 21 del conss, 0 add conss, 0 chg bounds, 10 chg sides, 47 chg coeffs, 179 upgd conss, 0 impls, 182 clqs
   (0.0s) probing: 51/370 (13.8%) - 0 fixings, 0 aggregations, 0 implications, 0 bound changes
   (0.0s) probing aborted: 50/50 successive totally useless probings
   (0.0s) symmetry computation started: requiring (bin +, int +, cont +), (fixed: bin -, int -, cont -)
   (0.1s) no symmetry present (symcode time: 0.00)
presolving (9 rounds: 9 fast, 7 medium, 4 exhaustive):
 130 deleted vars, 21 deleted constraints, 0 added constraints, 0 tightened bounds, 0 added holes, 10 changed sides, 47 changed coefficients
 0 implications, 182 cliques
presolved problem has 370 variables (370 bin, 0 int, 0 impl, 0 cont) and 169 constraints
    169 constraints of type <setppc>
Presolving Time: 0.06

 time | node  | left  |LP iter|LP it/n|mem/heur|mdpt |vars |cons |rows |cuts |sepa|confs|strbr|  dualbound   | primalbound  |  gap   | compl. 
  0.1s|     1 |     0 |   934 |     - |  4899k |   0 | 370 | 169 | 169 |   0 |  0 |   0 |   0 | 7.727844e+03 |      --      |    Inf | unknown
d 0.1s|     1 |     0 |   934 |     - |distribu|   0 | 370 | 169 | 169 |   0 |  1 |   0 |   0 | 7.727844e+03 | 3.805779e+03 | 103.06%| unknown
d 0.1s|     1 |     0 |   968 |     - |distribu|   0 | 370 | 169 | 169 |   0 |  1 |   0 |   0 | 7.727844e+03 | 3.939616e+03 |  96.16%| unknown
d 0.1s|     1 |     0 |  1117 |     - |distribu|   0 | 370 | 169 | 169 |   0 |  1 |   0 |   0 | 7.727844e+03 | 4.286468e+03 |  80.28%| unknown
d 0.2s|     1 |     0 |  1246 |     - |distribu|   0 | 370 | 169 | 169 |   0 |  1 |   0 |   0 | 7.727844e+03 | 5.054990e+03 |  52.88%| unknown
d 0.2s|     1 |     0 |  1278 |     - |distribu|   0 | 370 | 169 | 169 |   0 |  1 |   0 |   0 | 7.727844e+03 | 5.826351e+03 |  32.64%| unknown
d 0.2s|     1 |     0 |  1310 |     - |distribu|   0 | 370 | 169 | 169 |   0 |  1 |   0 |   0 | 7.727844e+03 | 6.105302e+03 |  26.58%| unknown
d 0.2s|     1 |     0 |  1317 |     - |distribu|   0 | 370 | 169 | 169 |   0 |  1 |   0 |   0 | 7.727844e+03 | 6.584365e+03 |  17.37%| unknown
  0.2s|     1 |     0 |  1317 |     - |  5043k |   0 | 370 | 169 | 169 |   0 |  1 |   0 |   0 | 7.727844e+03 | 6.584365e+03 |  17.37%| unknown
  0.3s|     1 |     2 |  1317 |     - |  5187k |   0 | 370 | 169 | 169 |   0 |  2 |   0 |  23 | 7.680201e+03 | 6.584365e+03 |  16.64%| unknown

SCIP Status        : solving was interrupted [node limit reached]
Solving Time (sec) : 0.34
Solving Nodes      : 1
Primal Bound       : +6.58436523963272e+03 (31 solutions)
Dual Bound         : +7.68020093008099e+03
Gap                : 16.64 %
