presolving:
   (0.0s) running MILP presolver
   (0.0s) MILP presolver (2 rounds): 0 aggregations, 21 fixings, 0 bound changes
(round 1, medium)     21 del vars, 0 del conss, 0 add conss, 0 chg bounds, 0 chg sides, 0 chg coeffs, 0 upgd conss, 0 impls, 192 clqs
(round 2, exhaustive) 21 del vars, 10 del conss, 0 add conss, 0 chg bounds, 10 chg sides, 0 chg coeffs, 0 upgd conss, 0 impls, 192 clqs
(round 3, exhaustive) 21 del vars, 10 del conss, 0 add conss, 0 chg bounds, 10 chg sides, 0 chg coeffs, 182 upgd conss, 0 impls, 192 clqs
(round 4, medium)     58 del vars, 10 del conss, 0 add conss, 0 chg bounds, 10 chg sides, 37 chg coeffs, 182 upgd conss, 0 impls, 192 clqs
(round 5, fast)       73 del vars, 10 del conss, 0 add conss, 0 chg bounds, 10 chg sides, 37 chg coeffs, 182 upgd conss, 0 impls, 190 clqs
(round 6, exhaustive) 73 del vars, 14 del conss, 0 add conss, 0 chg bounds, 10 chg sides, 37 chg coeffs, 182 upgd conss, 0 impls, 190 clqs
   (0.0s) probing: 51/427 (11.9%) - 0 fixings, 0 aggregations, 0 implications, 0 bound changes
   (0.0s) probing aborted: 50/50 successive totally useless probings
   (0.0s) symmetry computation started: requiring (bin +, int +, cont +), (fixed: bin -, int -, cont -)
   (0.0s) no symmetry present (symcode time: 0.00)
presolving (7 rounds: 7 fast, 6 medium, 4 exhaustive):
 73 deleted vars, 14 deleted constraints, 0 added constraints, 0 tightened bounds, 0 added holes, 10 changed sides, 37 changed coefficients
 0 implications, 190 cliques
presolved problem has 427 variables (427 bin, 0 int, 0 impl, 0 cont) and 178 constraints
    178 constraints of type <setppc>
Presolving Time: 0.02

 time | node  | left  |LP iter|LP it/n|mem/heur|mdpt |vars |cons |rows |cuts |sepa|confs|strbr|  dualbound   | primalbound  |  gap   | compl. 
  0.1s|     1 |     0 |  1221 |     - |  5564k |   0 | 427 | 178 | 178 |   0 |  0 |   0 |   0 | 7.950604e+03 |      --      |    Inf | unknown
d 0.1s|     1 |     0 |  1221 |     - |distribu|   0 | 427 | 178 | 178 |   0 |  1 |   0 |   0 | 7.950604e+03 | 3.126209e+03 | 154.32%| unknown
d 0.1s|     1 |     0 |  1350 |     - |distribu|   0 | 427 | 178 | 178 |   0 |  1 |   0 |   0 | 7.950604e+03 | 3.604108e+03 | 120.60%| unknown
d 0.1s|     1 |     0 |  1369 |     - |distribu|   0 | 427 | 178 | 178 |   0 |  1 |   0 |   0 | 7.950604e+03 | 3.866385e+03 | 105.63%| unknown
d 0.1s|     1 |     0 |  1429 |     - |distribu|   0 | 427 | 178 | 178 |   0 |  1 |   0 |   0 | 7.950604e+03 | 4.606947e+03 |  72.58%| unknown
d 0.1s|     1 |     0 |  1479 |     - |distribu|   0 | 427 | 178 | 178 |   0 |  1 |   0 |   0 | 7.950604e+03 | 5.594103e+03 |  42.12%| unknown
d 0.1s|     1 |     0 |  1507 |     - |distribu|   0 | 427 | 178 | 178 |   0 |  1 |   0 |   0 | 7.950604e+03 | 7.234331e+03 |   9.90%| unknown
  0.1s|     1 |     0 |  1507 |     - |  5689k |   0 | 427 | 178 | 178 |   0 |  1 |   0 |   0 | 7.950604e+03 | 7.234331e+03 |   9.90%| unknown
  0.3s|     1 |     2 |  1507 |     - |  5924k |   0 | 427 | 178 | 178 |   0 |  2 |   0 |  41 | 7.907297e+03 | 7.234331e+03 |   9.30%| unknown

SCIP Status        : solving was interrupted [node limit reached]
Solving Time (sec) : 0.29
Solving Nodes      : 1
Primal Bound       : +7.23433059434358e+03 (49 solutions)
Dual Bound         : +7.90729715486732e+03
Gap                : 9.30 %
