presolving:
   (0.0s) running MILP presolver
   (0.0s) MILP presolver (2 rounds): 0 aggregations, 18 fixings, 0 bound changes
(round 1, medium)     18 del vars, 0 del conss, 0 add conss, 0 chg bounds, 0 chg sides, 0 chg coeffs, 0 upgd conss, 0 impls, 188 clqs
(round 2, fast)       18 del vars, 1 del conss, 0 add conss, 0 chg bounds, 0 chg sides, 0 chg coeffs, 0 upgd conss, 0 impls, 188 clqs
(round 3, exhaustive) 18 del vars, 6 del conss, 0 add conss, 0 chg bounds, 5 chg sides, 0 chg coeffs, 0 upgd conss, 0 impls, 188 clqs
(round 4, exhaustive) 18 del vars, 6 del conss, 0 add conss, 0 chg bounds, 5 chg sides, 0 chg coeffs, 183 upgd conss, 0 impls, 188 clqs
(round 5, medium)     55 del vars, 6 del conss, 0 add conss, 0 chg bounds, 5 chg sides, 37 chg coeffs, 183 upgd conss, 0 impls, 188 clqs
(round 6, fast)       78 del vars, 7 del conss, 0 add conss, 0 chg bounds, 5 chg sides, 37 chg coeffs, 183 upgd conss, 0 impls, 187 clqs
(round 7, exhaustive) 78 del vars, 8 del conss, 0 add conss, 0 chg bounds, 5 chg sides, 37 chg coeffs, 183 upgd conss, 0 impls, 187 clqs
(round 8, exhaustive) 79 del vars, 8 del conss, 0 add conss, 0 chg bounds, 5 chg sides, 37 chg coeffs, 183 upgd conss, 0 impls, 186 clqs
   (0.0s) probing: 51/421 (12.1%) - 0 fixings, 0 aggregations, 0 implications, 0 bound changes
   (0.0s) probing aborted: 50/50 successive totally useless probings
   (0.0s) symmetry computation started: requiring (bin +, int +, cont +), (fixed: bin -, int -, cont -)
   (0.0s) no symmetry present (symcode time: 0.00)
presolving (9 rounds: 9 fast, 7 medium, 5 exhaustive):
 79 deleted vars, 8 deleted constraints, 0 added constraints, 0 tightened bounds, 0 added holes, 5 changed sides, 37 changed coefficients
 0 implications, 186 cliques
presolved problem has 421 variables (421 bin, 0 int, 0 impl, 0 cont) and 181 constraints
    181 constraints of type <setppc>
Presolving Time: 0.02

 time | node  | left  |LP iter|LP it/n|mem/heur|mdpt |vars |cons |rows |cuts |sepa|confs|strbr|  dualbound   | primalbound  |  gap   | compl. 
  0.1s|     1 |     0 |  1000 |     - |  5334k |   0 | 421 | 181 | 181 |   0 |  0 |   0 |   0 | 7.224722e+03 |      --      |    Inf | unknown
d 0.1s|     1 |     0 |  1000 |     - |distribu|   0 | 421 | 181 | 181 |   0 |  1 |   0 |   0 | 7.224722e+03 | 2.824396e+03 | 155.80%| unknown
d 0.1s|     1 |     0 |  1033 |     - |distribu|   0 | 421 | 181 | 181 |   0 |  1 |   0 |   0 | 7.224722e+03 | 3.154811e+03 | 129.01%| unknown
d 0.1s|     1 |     0 |  1135 |     - |distribu|   0 | 421 | 181 | 181 |   0 |  1 |   0 |   0 | 7.224722e+03 | 3.375225e+03 | 114.05%| unknown
d 0.1s|     1 |     0 |  1192 |     - |distribu|   0 | 421 | 181 | 181 |   0 |  1 |   0 |   0 | 7.224722e+03 | 4.076764e+03 |  77.22%| unknown
d 0.1s|     1 |     0 |  1234 |     - |distribu|   0 | 421 | 181 | 181 |   0 |  1 |   0 |   0 | 7.224722e+03 | 4.454455e+03 |  62.19%| unknown
d 0.1s|     1 |     0 |  1249 |     - |distribu|   0 | 421 | 181 | 181 |   0 |  1 |   0 |   0 | 7.224722e+03 | 6.369537e+03 |  13.43%| unknown
  0.1s|     1 |     0 |  1249 |     - |  5431k |   0 | 421 | 181 | 181 |   0 |  1 |   0 |   0 | 7.224722e+03 | 6.369537e+03 |  13.43%| unknown
  0.3s|     1 |     2 |  1249 |     - |  5886k |   0 | 421 | 181 | 181 |   0 |  2 |   0 |  52 | 7.169630e+03 | 6.369537e+03 |  12.56%| unknown

SCIP Status        : solving was interrupted [node limit reached]
Solving Time (sec) : 0.32
Solving Nodes      : 1
Primal Bound       : +6.36953700552952e+03 (65 solutions)
Dual Bound         : +7.16962996772916e+03
Gap                : 12.56 %
