presolving:
(round 1, fast)       0 del vars, 1 del conss, 0 add conss, 0 chg bounds, 0 chg sides, 0 chg coeffs, 0 upgd conss, 0 impls, 190 clqs
(round 2, fast)       1 del vars, 1 del conss, 0 add conss, 0 chg bounds, 0 chg sides, 0 chg coeffs, 0 upgd conss, 0 impls, 190 clqs
   (0.0s) running MILP presolver
   (0.0s) MILP presolver (2 rounds): 0 aggregations, 23 fixings, 0 bound changes
(round 3, medium)     24 del vars, 1 del conss, 0 add conss, 0 chg bounds, 0 chg sides, 0 chg coeffs, 0 upgd conss, 0 impls, 190 clqs
(round 4, exhaustive) 24 del vars, 4 del conss, 0 add conss, 0 chg bounds, 3 chg sides, 0 chg coeffs, 0 upgd conss, 0 impls, 190 clqs
(round 5, exhaustive) 24 del vars, 4 del conss, 0 add conss, 0 chg bounds, 3 chg sides, 0 chg coeffs, 187 upgd conss, 0 impls, 190 clqs
(round 6, medium)     63 del vars, 4 del conss, 0 add conss, 0 chg bounds, 3 chg sides, 39 chg coeffs, 187 upgd conss, 0 impls, 190 clqs
(round 7, fast)       72 del vars, 4 del conss, 0 add conss, 0 chg bounds, 3 chg sides, 39 chg coeffs, 187 upgd conss, 0 impls, 190 clqs
(round 8, exhaustive) 72 del vars, 7 del conss, 0 add conss, 0 chg bounds, 3 chg sides, 39 chg coeffs, 187 upgd conss, 0 impls, 190 clqs
   (0.0s) probing: 51/428 (11.9%) - 0 fixings, 0 aggregations, 0 implications, 0 bound changes
   (0.0s) probing aborted: 50/50 successive totally useless probings
   (0.0s) symmetry computation started: requiring (bin +, int +, cont +), (fixed: bin -, int -, cont -)
   (0.0s) no symmetry present (symcode time: 0.00)
presolving (9 rounds: 9 fast, 6 medium, 4 exhaustive):
 72 deleted vars, 7 deleted constraints, 0 added constraints, 0 tightened bounds, 0 added holes, 3 changed sides, 39 changed coefficients
 0 implications, 190 cliques
presolved problem has 428 variables (428 bin, 0 int, 0 impl, 0 cont) and 184 constraints
    184 constraints of type <setppc>
Presolving Time: 0.02

 time | node  | left  |LP iter|LP it/n|mem/heur|mdpt |vars |cons |rows |cuts |sepa|confs|strbr|  dualbound   | primalbound  |  gap   | compl. 
  0.1s|     1 |     0 |  1204 |     - |  5226k |   0 | 428 | 184 | 184 |   0 |  0 |   0 |   0 | 7.930532e+03 |      --      |    Inf | unknown
d 0.1s|     1 |     0 |  1204 |     - |distribu|   0 | 428 | 184 | 184 |   0 |  1 |   0 |   0 | 7.930532e+03 | 3.118134e+03 | 154.34%| unknown
d 0.1s|     1 |     0 |  1321 |     - |distribu|   0 | 428 | 184 | 184 |   0 |  1 |   0 |   0 | 7.930532e+03 | 3.850579e+03 | 105.96%| unknown
d 0.1s|     1 |     0 |  1397 |     - |distribu|   0 | 428 | 184 | 184 |   0 |  1 |   0 |   0 | 7.930532e+03 | 4.186783e+03 |  89.42%| unknown
d 0.1s|     1 |     0 |  1452 |     - |distribu|   0 | 428 | 184 | 184 |   0 |  1 |   0 |   0 | 7.930532e+03 | 4.648038e+03 |  70.62%| unknown
d 0.1s|     1 |     0 |  1511 |     - |distribu|   0 | 428 | 184 | 184 |   0 |  1 |   0 |   0 | 7.930532e+03 | 4.940773e+03 |  60.51%| unknown
d 0.1s|     1 |     0 |  1529 |     - |distribu|   0 | 428 | 184 | 184 |   0 |  1 |   0 |   0 | 7.930532e+03 | 7.152451e+03 |  10.88%| unknown
  0.1s|     1 |     0 |  1529 |     - |  5349k |   0 | 428 | 184 | 184 |   0 |  1 |   0 |   0 | 7.930532e+03 | 7.152451e+03 |  10.88%| unknown
  0.3s|     1 |     2 |  1529 |     - |  5644k |   0 | 428 | 184 | 184 |   0 |  2 |   0 |  25 | 7.876565e+03 | 7.152451e+03 |  10.12%| unknown

SCIP Status        : solving was interrupted [node limit reached]
Solving Time (sec) : 0.26
Solving Nodes      : 1
Primal Bound       : +7.15245116138788e+03 (31 solutions)
Dual Bound         : +7.87656478285847e+03
Gap                : 10.12 %
