presolving:
(round 1, fast)       2 del vars, 2 del conss, 0 add conss, 0 chg bounds, 0 chg sides, 0 chg coeffs, 0 upgd conss, 0 impls, 191 clqs
   (0.0s) running MILP presolver
   (0.0s) MILP presolver (2 rounds): 0 aggregations, 17 fixings, 0 bound changes
(round 2, medium)     19 del vars, 2 del conss, 0 add conss, 0 chg bounds, 0 chg sides, 0 chg coeffs, 0 upgd conss, 0 impls, 191 clqs
(round 3, fast)       20 del vars, 3 del conss, 0 add conss, 0 chg bounds, 0 chg sides, 0 chg coeffs, 0 upgd conss, 0 impls, 190 clqs
(round 4, exhaustive) 20 del vars, 8 del conss, 0 add conss, 0 chg bounds, 5 chg sides, 0 chg coeffs, 0 upgd conss, 0 impls, 190 clqs
(round 5, exhaustive) 20 del vars, 8 del conss, 0 add conss, 0 chg bounds, 5 chg sides, 0 chg coeffs, 185 upgd conss, 0 impls, 190 clqs
(round 6, medium)     62 del vars, 8 del conss, 0 add conss, 0 chg bounds, 5 chg sides, 42 chg coeffs, 185 upgd conss, 0 impls, 190 clqs
(round 7, fast)       81 del vars, 8 del conss, 0 add conss, 0 chg bounds, 5 chg sides, 42 chg coeffs, 185 upgd conss, 0 impls, 190 clqs
(round 8, exhaustive) 81 del vars, 13 del conss, 0 add conss, 0 chg bounds, 5 chg sides, 42 chg coeffs, 185 upgd conss, 0 impls, 190 clqs
(round 9, exhaustive) 82 del vars, 13 del conss, 0 add conss, 0 chg bounds, 5 chg sides, 42 chg coeffs, 185 upgd conss, 0 impls, 189 clqs
   (0.0s) probing: 51/418 (12.2%) - 0 fixings, 0 aggregations, 0 implications, 0 bound changes
   (0.0s) probing aborted: 50/50 successive totally useless probings
   (0.0s) symmetry computation started: requiring (bin +, int +, cont +), (fixed: bin -, int -, cont -)
   (0.0s) no symmetry present (symcode time: 0.00)
presolving (10 rounds: 10 fast, 7 medium, 5 exhaustive):
 82 deleted vars, 13 deleted constraints, 0 added constraints, 0 tightened bounds, 0 added holes, 5 changed sides, 42 changed coefficients
 0 implications, 189 cliques
presolved problem has 418 variables (418 bin, 0 int, 0 impl, 0 cont) and 180 constraints
    180 constraints of type <setppc>
Presolving Time: 0.02

 time | node  | left  |LP iter|LP it/n|mem/heur|mdpt |vars |cons |rows |cuts |sepa|confs|strbr|  dualbound   | primalbound  |  gap   | compl. 
  0.1s|     1 |     0 |  1006 |     - |  5312k |   0 | 418 | 180 | 180 |   0 |  0 |   0 |   0 | 8.304723e+03 |      --      |    Inf | unknown
d 0.1s|     1 |     0 |  1006 |     - |distribu|   0 | 418 | 180 | 180 |   0 |  1 |   0 |   0 | 8.304723e+03 | 3.775823e+03 | 119.94%| unknown
d 0.1s|     1 |     0 |  1165 |     - |distribu|   0 | 418 | 180 | 180 |   0 |  1 |   0 |   0 | 8.304723e+03 | 4.372017e+03 |  89.95%| unknown
d 0.1s|     1 |     0 |  1238 |     - |distribu|   0 | 418 | 180 | 180 |   0 |  1 |   0 |   0 | 8.304723e+03 | 4.589059e+03 |  80.97%| unknown
d 0.1s|     1 |     0 |  1289 |     - |distribu|   0 | 418 | 180 | 180 |   0 |  1 |   0 |   0 | 8.304723e+03 | 5.894722e+03 |  40.88%| unknown
d 0.1s|     1 |     0 |  1316 |     - |distribu|   0 | 418 | 180 | 180 |   0 |  1 |   0 |   0 | 8.304723e+03 | 7.778785e+03 |   6.76%| unknown
  0.1s|     1 |     0 |  1316 |     - |  5395k |   0 | 418 | 180 | 180 |   0 |  1 |   0 |   0 | 8.304723e+03 | 7.778785e+03 |   6.76%| unknown
  0.3s|     1 |     2 |  1316 |     - |  5699k |   0 | 418 | 180 | 180 |   0 |  2 |   0 |  37 | 8.261151e+03 | 7.778785e+03 |   6.20%| unknown

SCIP Status        : solving was interrupted [node limit reached]
Solving Time (sec) : 0.34
Solving Nodes      : 1
Primal Bound       : +7.77878506609844e+03 (44 solutions)
Dual Bound         : +8.26115146093577e+03
Gap                : 6.20 %
