presolving:
(round 1, fast)       0 del vars, 2 del conss, 0 add conss, 0 chg bounds, 0 chg sides, 0 chg coeffs, 0 upgd conss, 0 impls, 185 clqs
(round 2, fast)       1 del vars, 2 del conss, 0 add conss, 0 chg bounds, 0 chg sides, 0 chg coeffs, 0 upgd conss, 0 impls, 185 clqs
   (0.0s) running MILP presolver
   (0.0s) MILP presolver (2 rounds): 0 aggregations, 18 fixings, 0 bound changes
(round 3, medium)     19 del vars, 2 del conss, 0 add conss, 0 chg bounds, 0 chg sides, 0 chg coeffs, 0 upgd conss, 0 impls, 185 clqs
(round 4, fast)       20 del vars, 3 del conss, 0 add conss, 0 chg bounds, 0 chg sides, 0 chg coeffs, 0 upgd conss, 0 impls, 184 clqs
(round 5, exhaustive) 20 del vars, 4 del conss, 0 add conss, 0 chg bounds, 1 chg sides, 0 chg coeffs, 0 upgd conss, 0 impls, 184 clqs
(round 6, exhaustive) 20 del vars, 4 del conss, 0 add conss, 0 chg bounds, 1 chg sides, 0 chg coeffs, 183 upgd conss, 0 impls, 184 clqs
(round 7, medium)     59 del vars, 4 del conss, 0 add conss, 0 chg bounds, 1 chg sides, 39 chg coeffs, 183 upgd conss, 0 impls, 184 clqs
(round 8, fast)       78 del vars, 5 del conss, 0 add conss, 0 chg bounds, 1 chg sides, 39 chg coeffs, 183 upgd conss, 0 impls, 183 clqs
(round 9, exhaustive) 78 del vars, 11 del conss, 0 add conss, 0 chg bounds, 1 chg sides, 39 chg coeffs, 183 upgd conss, 0 impls, 183 clqs
(round 10, exhaustive) 79 del vars, 11 del conss, 0 add conss, 0 chg bounds, 1 chg sides, 39 chg coeffs, 183 upgd conss, 0 impls, 183 clqs
   (0.1s) probing: 51/421 (12.1%) - 0 fixings, 0 aggregations, 0 implications, 0 bound changes
   (0.1s) probing aborted: 50/50 successive totally useless probings
   (0.1s) symmetry computation started: requiring (bin +, int +, cont +), (fixed: bin -, int -, cont -)
   (0.1s) no symmetry present (symcode time: 0.00)
presolving (11 rounds: 11 fast, 7 medium, 5 exhaustive):
 79 deleted vars, 11 deleted constraints, 0 added constraints, 0 tightened bounds, 0 added holes, 1 changed sides, 39 changed coefficients
 0 implications, 183 cliques
presolved problem has 421 variables (421 bin, 0 int, 0 impl, 0 cont) and 176 constraints
    176 constraints of type <setppc>
Presolving Time: 0.04

 time | node  | left  |LP iter|LP it/n|mem/heur|mdpt |vars |cons |rows |cuts |sepa|confs|strbr|  dualbound   | primalbound  |  gap   | compl. 
  0.1s|     1 |     0 |  1304 |     - |  5232k |   0 | 421 | 176 | 176 |   0 |  0 |   0 |   0 | 7.502685e+03 |      --      |    Inf | unknown
d 0.1s|     1 |     0 |  1304 |     - |distribu|   0 | 421 | 176 | 176 |   0 |  1 |   0 |   0 | 7.502685e+03 | 2.857009e+03 | 162.61%| unknown
d 0.1s|     1 |     0 |  1459 |     - |distribu|   0 | 421 | 176 | 176 |   0 |  1 |   0 |   0 | 7.502685e+03 | 3.604566e+03 | 108.14%| unknown
d 0.1s|     1 |     0 |  1545 |     - |distribu|   0 | 421 | 176 | 176 |   0 |  1 |   0 |   0 | 7.502685e+03 | 3.981513e+03 |  88.44%| unknown
d 0.1s|     1 |     0 |  1582 |     - |distribu|   0 | 421 | 176 | 176 |   0 |  1 |   0 |   0 | 7.502685e+03 | 4.046985e+03 |  85.39%| unknown
d 0.1s|     1 |     0 |  1650 |     - |distribu|   0 | 421 | 176 | 176 |   0 |  1 |   0 |   0 | 7.502685e+03 | 5.046580e+03 |  48.67%| unknown
d 0.1s|     1 |     0 |  1678 |     - |distribu|   0 | 421 | 176 | 176 |   0 |  1 |   0 |   0 | 7.502685e+03 | 5.369282e+03 |  39.73%| unknown
d 0.1s|     1 |     0 |  1680 |     - |distribu|   0 | 421 | 176 | 176 |   0 |  1 |   0 |   0 | 7.502685e+03 | 5.924471e+03 |  26.64%| unknown
  0.2s|     1 |     0 |  1680 |     - |  5412k |   0 | 421 | 176 | 176 |   0 |  1 |   0 |   0 | 7.502685e+03 | 5.924471e+03 |  26.64%| unknown
  0.3s|     1 |     2 |  1680 |     - |  5669k |   0 | 421 | 176 | 176 |   0 |  2 |   0 |  23 | 7.455055e+03 | 5.924471e+03 |  25.83%| unknown

SCIP Status        : solving was interrupted [node limit reached]
Solving Time (sec) : 0.26
Solving Nodes      : 1
Primal Bound       : +5.92447108931593e+03 (32 solutions)
Dual Bound         : +7.45505546196143e+03
Gap                : 25.83 %
