presolving:
(round 1, fast)       1 del vars, 2 del conss, 0 add conss, 0 chg bounds, 0 chg sides, 0 chg coeffs, 0 upgd conss, 0 impls, 193 clqs
   (0.0s) running MILP presolver
   (0.0s) MILP presolver (2 rounds): 0 aggregations, 13 fixings, 0 bound changes
(round 2, medium)     14 del vars, 2 del conss, 0 add conss, 0 chg bounds, 0 chg sides, 0 chg coeffs, 0 upgd conss, 0 impls, 193 clqs
(round 3, exhaustive) 14 del vars, 8 del conss, 0 add conss, 0 chg bounds, 6 chg sides, 0 chg coeffs, 0 upgd conss, 0 impls, 193 clqs
(round 4, exhaustive) 14 del vars, 8 del conss, 0 add conss, 0 chg bounds, 6 chg sides, 0 chg coeffs, 187 upgd conss, 0 impls, 193 clqs
(round 5, medium)     47 del vars, 8 del conss, 0 add conss, 0 chg bounds, 6 chg sides, 33 chg coeffs, 187 upgd conss, 0 impls, 193 clqs
(round 6, fast)       50 del vars, 8 del conss, 0 add conss, 0 chg bounds, 6 chg sides, 33 chg coeffs, 187 upgd conss, 0 impls, 193 clqs
(round 7, exhaustive) 50 del vars, 10 del conss, 0 add conss, 0 chg bounds, 6 chg sides, 33 chg coeffs, 187 upgd conss, 0 impls, 193 clqs
(round 8, exhaustive) 51 del vars, 10 del conss, 0 add conss, 0 chg bounds, 6 chg sides, 33 chg coeffs, 187 upgd conss, 0 impls, 193 clqs
   (0.0s) probing: 51/449 (11.4%) - 0 fixings, 0 aggregations, 0 implications, 0 bound changes
   (0.0s) probing aborted: 50/50 successive totally useless probings
   (0.0s) symmetry computation started: requiring (bin +, int +, cont +), (fixed: bin -, int -, cont -)
   (0.0s) no symmetry present (symcode time: 0.00)
presolving (9 rounds: 9 fast, 7 medium, 5 exhaustive):
 51 deleted vars, 10 deleted constraints, 0 added constraints, 0 tightened bounds, 0 added holes, 6 changed sides, 33 changed coefficients
 0 implications, 193 cliques
presolved problem has 449 variables (449 bin, 0 int, 0 impl, 0 cont) and 185 constraints
    185 constraints of type <setppc>
Presolving Time: 0.02

 time | node  | left  |LP iter|LP it/n|mem/heur|mdpt |vars |cons |rows |cuts |sepa|confs|strbr|  dualbound   | primalbound  |  gap   | compl. 
  0.1s|     1 |     0 |  1667 |     - |  5543k |   0 | 449 | 185 | 185 |   0 |  0 |   0 |   0 | 7.652164e+03 |      --      |    Inf | unknown
d 0.1s|     1 |     0 |  1667 |     - |distribu|   0 | 449 | 185 | 185 |   0 |  1 |   0 |   0 | 7.652164e+03 | 2.448379e+03 | 212.54%| unknown
d 0.1s|     1 |     0 |  1801 |     - |distribu|   0 | 449 | 185 | 185 |   0 |  1 |   0 |   0 | 7.652164e+03 | 3.540777e+03 | 116.12%| unknown
d 0.1s|     1 |     0 |  1929 |     - |distribu|   0 | 449 | 185 | 185 |   0 |  1 |   0 |   0 | 7.652164e+03 | 4.489829e+03 |  70.43%| unknown
d 0.1s|     1 |     0 |  1943 |     - |distribu|   0 | 449 | 185 | 185 |   0 |  1 |   0 |   0 | 7.652164e+03 | 6.621641e+03 |  15.56%| unknown
  0.1s|     1 |     0 |  1943 |     - |  5680k |   0 | 449 | 185 | 185 |   0 |  1 |   0 |   0 | 7.652164e+03 | 6.621641e+03 |  15.56%| unknown
  0.2s|     1 |     2 |  1943 |     - |  5816k |   0 | 449 | 185 | 185 |   0 |  2 |   0 |  20 | 7.608060e+03 | 6.621641e+03 |  14.90%| unknown

SCIP Status        : solving was interrupted [node limit reached]
Solving Time (sec) : 0.21
Solving Nodes      : 1
Primal Bound       : +6.62164068530648e+03 (27 solutions)
Dual Bound         : +7.60806009807648e+03
Gap                : 14.90 %
