presolving:
   (0.0s) running MILP presolver
   (0.0s) MILP presolver (2 rounds): 0 aggregations, 13 fixings, 0 bound changes
(round 1, medium)     13 del vars, 0 del conss, 0 add conss, 0 chg bounds, 0 chg sides, 0 chg coeffs, 0 upgd conss, 0 impls, 183 clqs
(round 2, exhaustive) 13 del vars, 2 del conss, 0 add conss, 0 chg bounds, 2 chg sides, 0 chg coeffs, 0 upgd conss, 0 impls, 183 clqs
(round 3, exhaustive) 13 del vars, 2 del conss, 0 add conss, 0 chg bounds, 2 chg sides, 0 chg coeffs, 181 upgd conss, 0 impls, 183 clqs
(round 4, medium)     53 del vars, 2 del conss, 0 add conss, 0 chg bounds, 2 chg sides, 40 chg coeffs, 181 upgd conss, 0 impls, 183 clqs
(round 5, fast)       62 del vars, 2 del conss, 0 add conss, 0 chg bounds, 2 chg sides, 40 chg coeffs, 181 upgd conss, 0 impls, 183 clqs
(round 6, exhaustive) 62 del vars, 3 del conss, 0 add conss, 0 chg bounds, 2 chg sides, 40 chg coeffs, 181 upgd conss, 0 impls, 183 clqs
   (0.0s) probing: 51/438 (11.6%) - 0 fixings, 0 aggregations, 0 implications, 0 bound changes
   (0.0s) probing aborted: 50/50 successive totally useless probings
   (0.0s) symmetry computation started: requiring (bin +, int +, cont +), (fixed: bin -, int -, cont -)
   (0.0s) no symmetry present (symcode time: 0.00)
presolving (7 rounds: 7 fast, 6 medium, 4 exhaustive):
 62 deleted vars, 3 deleted constraints, 0 added constraints, 0 tightened bounds, 0 added holes, 2 changed sides, 40 changed coefficients
 0 implications, 183 cliques
presolved problem has 438 variables (438 bin, 0 int, 0 impl, 0 cont) and 180 constraints
    180 constraints of type <setppc>
Presolving Time: 0.03

 time | node  | left  |LP iter|LP it/n|mem/heur|mdpt |vars |cons |rows |cuts |sepa|confs|strbr|  dualbound   | primalbound  |  gap   | compl. 
  0.1s|     1 |     0 |  1492 |     - |  5647k |   0 | 438 | 180 | 180 |   0 |  0 |   0 |   0 | 7.484852e+03 |      --      |    Inf | unknown
d 0.1s|     1 |     0 |  1492 |     - |distribu|   0 | 438 | 180 | 180 |   0 |  1 |   0 |   0 | 7.484852e+03 | 2.928136e+03 | 155.62%| unknown
d 0.1s|     1 |     0 |  1663 |     - |distribu|   0 | 438 | 180 | 180 |   0 |  1 |   0 |   0 | 7.484852e+03 | 3.221875e+03 | 132.31%| unknown
d 0.1s|     1 |     0 |  1728 |     - |distribu|   0 | 438 | 180 | 180 |   0 |  1 |   0 |   0 | 7.484852e+03 | 3.459511e+03 | 116.36%| unknown
d 0.1s|     1 |     0 |  1838 |     - |distribu|   0 | 438 | 180 | 180 |   0 |  1 |   0 |   0 | 7.484852e+03 | 4.067779e+03 |  84.00%| unknown
d 0.2s|     1 |     0 |  1970 |     - |distribu|   0 | 438 | 180 | 180 |   0 |  1 |   0 |   0 | 7.484852e+03 | 4.242156e+03 |  76.44%| unknown
d 0.2s|     1 |     0 |  1991 |     - |distribu|   0 | 438 | 180 | 180 |   0 |  1 |   0 |   0 | 7.484852e+03 | 5.439503e+03 |  37.60%| unknown
d 0.2s|     1 |     0 |  2001 |     - |distribu|   0 | 438 | 180 | 180 |   0 |  1 |   0 |   0 | 7.484852e+03 | 5.696260e+03 |  31.40%| unknown
  0.2s|     1 |     0 |  2001 |     - |  5770k |   0 | 438 | 180 | 180 |   0 |  1 |   0 |   0 | 7.484852e+03 | 5.696260e+03 |  31.40%| unknown
  0.3s|     1 |     2 |  2001 |     - |  5922k |   0 | 438 | 180 | 180 |   0 |  2 |   0 |  30 | 7.454971e+03 | 5.696260e+03 |  30.87%| unknown

SCIP Status        : solving was interrupted [node limit reached]
Solving Time (sec) : 0.33
Solving Nodes      : 1
Primal Bound       : +5.69625952906561e+03 (37 solutions)
Dual Bound         : +7.45497104345285e+03
Gap                : 30.87 %
