presolving:
(round 1, fast)       0 del vars, 1 del conss, 0 add conss, 0 chg bounds, 0 chg sides, 0 chg coeffs, 0 upgd conss, 0 impls, 192 clqs
   (0.0s) running MILP presolver
   (0.0s) MILP presolver (2 rounds): 0 aggregations, 24 fixings, 0 bound changes
(round 2, medium)     24 del vars, 1 del conss, 0 add conss, 0 chg bounds, 0 chg sides, 0 chg coeffs, 0 upgd conss, 0 impls, 192 clqs
(round 3, exhaustive) 24 del vars, 6 del conss, 0 add conss, 0 chg bounds, 5 chg sides, 0 chg coeffs, 0 upgd conss, 0 impls, 192 clqs
(round 4, exhaustive) 24 del vars, 6 del conss, 0 add conss, 0 chg bounds, 5 chg sides, 0 chg coeffs, 187 upgd conss, 0 impls, 192 clqs
(round 5, medium)     65 del vars, 6 del conss, 0 add conss, 0 chg bounds, 5 chg sides, 41 chg coeffs, 187 upgd conss, 0 impls, 192 clqs
(round 6, fast)       87 del vars, 6 del conss, 0 add conss, 0 chg bounds, 5 chg sides, 41 chg coeffs, 187 upgd conss, 0 impls, 190 clqs
(round 7, exhaustive) 87 del vars, 10 del conss, 0 add conss, 0 chg bounds, 5 chg sides, 41 chg coeffs, 187 upgd conss, 0 impls, 190 clqs
   (0.0s) probing: 51/413 (12.3%) - 0 fixings, 0 aggregations, 0 implications, 0 bound changes
   (0.0s) probing aborted: 50/50 successive totally useless probings
   (0.0s) symmetry computation started: requiring (bin +, int +, cont +), (fixed: bin -, int -, cont -)
   (0.0s) no symmetry present (symcode time: 0.00)
presolving (8 rounds: 8 fast, 6 medium, 4 exhaustive):
 87 deleted vars, 10 deleted constraints, 0 added constraints, 0 tightened bounds, 0 added holes, 5 changed sides, 41 changed coefficients
 0 implications, 190 cliques
presolved problem has 413 variables (413 bin, 0 int, 0 impl, 0 cont) and 183 constraints
    183 constraints of type <setppc>
Presolving Time: 0.02

 time | node  | left  |LP iter|LP it/n|mem/heur|mdpt |vars |cons |rows |cuts |sepa|confs|strbr|  dualbound   | primalbound  |  gap   | compl. 
  0.1s|     1 |     0 |  1243 |     - |  5037k |   0 | 413 | 183 | 183 |   0 |  0 |   0 |   0 | 8.224655e+03 |      --      |    Inf | unknown
d 0.1s|     1 |     0 |  1243 |     - |distribu|   0 | 413 | 183 | 183 |   0 |  1 |   0 |   0 | 8.224655e+03 | 3.118074e+03 | 163.77%| unknown
d 0.1s|     1 |     0 |  1352 |     - |distribu|   0 | 413 | 183 | 183 |   0 |  1 |   0 |   0 | 8.224655e+03 | 3.817075e+03 | 115.47%| unknown
d 0.1s|     1 |     0 |  1533 |     - |distribu|   0 | 413 | 183 | 183 |   0 |  1 |   0 |   0 | 8.224655e+03 | 4.273891e+03 |  92.44%| unknown
d 0.1s|     1 |     0 |  1605 |     - |distribu|   0 | 413 | 183 | 183 |   0 |  1 |   0 |   0 | 8.224655e+03 | 4.311026e+03 |  90.78%| unknown
d 0.1s|     1 |     0 |  1662 |     - |distribu|   0 | 413 | 183 | 183 |   0 |  1 |   0 |   0 | 8.224655e+03 | 6.886841e+03 |  19.43%| unknown
  0.1s|     1 |     0 |  1662 |     - |  5146k |   0 | 413 | 183 | 183 |   0 |  1 |   0 |   0 | 8.224655e+03 | 6.886841e+03 |  19.43%| unknown
  0.3s|     1 |     2 |  1662 |     - |  5437k |   0 | 413 | 183 | 183 |   0 |  2 |   0 |  32 | 8.194442e+03 | 6.886841e+03 |  18.99%| unknown

SCIP Status        : solving was interrupted [node limit reached]
Solving Time (sec) : 0.27
Solving Nodes      : 1
Primal Bound       : +6.88684089055574e+03 (36 solutions)
Dual Bound         : +8.19444210827111e+03
Gap                : 18.99 %
