presolving:
   (0.0s) running MILP presolver
   (0.0s) MILP presolver (2 rounds): 0 aggregations, 11 fixings, 0 bound changes
(round 1, medium)     11 del vars, 0 del conss, 0 add conss, 0 chg bounds, 0 chg sides, 0 chg coeffs, 0 upgd conss, 0 impls, 191 clqs
(round 2, exhaustive) 11 del vars, 2 del conss, 0 add conss, 0 chg bounds, 2 chg sides, 0 chg coeffs, 0 upgd conss, 0 impls, 191 clqs
(round 3, exhaustive) 11 del vars, 2 del conss, 0 add conss, 0 chg bounds, 2 chg sides, 0 chg coeffs, 189 upgd conss, 0 impls, 191 clqs
(round 4, medium)     48 del vars, 2 del conss, 0 add conss, 0 chg bounds, 2 chg sides, 37 chg coeffs, 189 upgd conss, 0 impls, 191 clqs
(round 5, fast)       57 del vars, 2 del conss, 0 add conss, 0 chg bounds, 2 chg sides, 37 chg coeffs, 189 upgd conss, 0 impls, 191 clqs
(round 6, exhaustive) 57 del vars, 4 del conss, 0 add conss, 0 chg bounds, 2 chg sides, 37 chg coeffs, 189 upgd conss, 0 impls, 191 clqs
   (0.0s) probing: 51/443 (11.5%) - 0 fixings, 0 aggregations, 0 implications, 0 bound changes
   (0.0s) probing aborted: 50/50 successive totally useless probings
   (0.0s) symmetry computation started: requiring (bin +, int +, cont +), (fixed: bin -, int -, cont -)
   (0.0s) no symmetry present (symcode time: 0.00)
presolving (7 rounds: 7 fast, 6 medium, 4 exhaustive):
 57 deleted vars, 4 deleted constraints, 0 added constraints, 0 tightened bounds, 0 added holes, 2 changed sides, 37 changed coefficients
 0 implications, 191 cliques
presolved problem has 443 variables (443 bin, 0 int, 0 impl, 0 cont) and 187 constraints
    187 constraints of type <setppc>
Presolving Time: 0.02

 time | node  | left  |LP iter|LP it/n|mem/heur|mdpt |vars |cons |rows |cuts |sepa|confs|strbr|  dualbound   | primalbound  |  gap   | compl. 
  0.1s|     1 |     0 |  1578 |     - |  5550k |   0 | 443 | 187 | 187 |   0 |  0 |   0 |   0 | 7.565226e+03 |      --      |    Inf | unknown
d 0.1s|     1 |     0 |  1578 |     - |distribu|   0 | 443 | 187 | 187 |   0 |  1 |   0 |   0 | 7.565226e+03 | 2.718052e+03 | 178.33%| unknown
d 0.1s|     1 |     0 |  1622 |     - |distribu|   0 | 443 | 187 | 187 |   0 |  1 |   0 |   0 | 7.565226e+03 | 2.940282e+03 | 157.30%| unknown
d 0.1s|     1 |     0 |  1681 |     - |distribu|   0 | 443 | 187 | 187 |   0 |  1 |   0 |   0 | 7.565226e+03 | 3.415999e+03 | 121.46%| unknown
d 0.1s|     1 |     0 |  1737 |     - |distribu|   0 | 443 | 187 | 187 |   0 |  1 |   0 |   0 | 7.565226e+03 | 3.552417e+03 | 112.96%| unknown
d 0.1s|     1 |     0 |  1832 |     - |distribu|   0 | 443 | 187 | 187 |   0 |  1 |   0 |   0 | 7.565226e+03 | 5.875142e+03 |  28.77%| unknown
d 0.1s|     1 |     0 |  1868 |     - |distribu|   0 | 443 | 187 | 187 |   0 |  1 |   0 |   0 | 7.565226e+03 | 6.762603e+03 |  11.87%| unknown
  0.1s|     1 |     0 |  1868 |     - |  5668k |   0 | 443 | 187 | 187 |   0 |  1 |   0 |   0 | 7.565226e+03 | 6.762603e+03 |  11.87%| unknown
  0.3s|     1 |     2 |  1868 |     - |  6025k |   0 | 443 | 187 | 187 |   0 |  2 |   0 |  40 | 7.526995e+03 | 6.762603e+03 |  11.30%| unknown

SCIP Status        : solving was interrupted [node limit reached]
Solving Time (sec) : 0.35
Solving Nodes      : 1
Primal Bound       : +6.76260290059485e+03 (48 solutions)
Dual Bound         : +7.52699472401107e+03
Gap                : 11.30 %
