presolving:
(round 1, fast)       1 del vars, 1 del conss, 0 add conss, 0 chg bounds, 0 chg sides, 0 chg coeffs, 0 upgd conss, 0 impls, 194 clqs
   (0.0s) running MILP presolver
   (0.0s) MILP presolver (2 rounds): 0 aggregations, 17 fixings, 0 bound changes
(round 2, medium)     18 del vars, 1 del conss, 0 add conss, 0 chg bounds, 0 chg sides, 0 chg coeffs, 0 upgd conss, 0 impls, 194 clqs
(round 3, exhaustive) 18 del vars, 8 del conss, 0 add conss, 0 chg bounds, 7 chg sides, 0 chg coeffs, 0 upgd conss, 0 impls, 194 clqs
(round 4, exhaustive) 18 del vars, 8 del conss, 0 add conss, 0 chg bounds, 7 chg sides, 0 chg coeffs, 187 upgd conss, 0 impls, 194 clqs
(round 5, medium)     58 del vars, 8 del conss, 0 add conss, 0 chg bounds, 7 chg sides, 40 chg coeffs, 187 upgd conss, 0 impls, 194 clqs
(round 6, fast)       75 del vars, 8 del conss, 0 add conss, 0 chg bounds, 7 chg sides, 40 chg coeffs, 187 upgd conss, 0 impls, 193 clqs
(round 7, exhaustive) 75 del vars, 10 del conss, 0 add conss, 0 chg bounds, 7 chg sides, 40 chg coeffs, 187 upgd conss, 0 impls, 193 clqs
   (0.0s) probing: 51/425 (12.0%) - 0 fixings, 0 aggregations, 0 implications, 0 bound changes
   (0.0s) probing aborted: 50/50 successive totally useless probings
   (0.0s) symmetry computation started: requiring (bin +, int +, cont +), (fixed: bin -, int -, cont -)
   (0.0s) no symmetry present (symcode time: 0.00)
presolving (8 rounds: 8 fast, 6 medium, 4 exhaustive):
 75 deleted vars, 10 deleted constraints, 0 added constraints, 0 tightened bounds, 0 added holes, 7 changed sides, 40 changed coefficients
 0 implications, 193 cliques
presolved problem has 425 variables (425 bin, 0 int, 0 impl, 0 cont) and 185 constraints
    185 constraints of type <setppc>
Presolving Time: 0.02

 time | node  | left  |LP iter|LP it/n|mem/heur|mdpt |vars |cons |rows |cuts |sepa|confs|strbr|  dualbound   | primalbound  |  gap   | compl. 
  0.1s|     1 |     0 |  2094 |     - |  5353k |   0 | 425 | 185 | 185 |   0 |  0 |   0 |   0 | 7.918605e+03 |      --      |    Inf | unknown
d 0.1s|     1 |     0 |  2094 |     - |distribu|   0 | 425 | 185 | 185 |   0 |  1 |   0 |   0 | 7.918605e+03 | 3.064007e+03 | 158.44%| unknown
d 0.1s|     1 |     0 |  2339 |     - |distribu|   0 | 425 | 185 | 185 |   0 |  1 |   0 |   0 | 7.918605e+03 | 3.618386e+03 | 118.84%| unknown
d 0.1s|     1 |     0 |  2398 |     - |distribu|   0 | 425 | 185 | 185 |   0 |  1 |   0 |   0 | 7.918605e+03 | 4.158589e+03 |  90.42%| unknown
d 0.1s|     1 |     0 |  2434 |     - |distribu|   0 | 425 | 185 | 185 |   0 |  1 |   0 |   0 | 7.918605e+03 | 4.366233e+03 |  81.36%| unknown
d 0.1s|     1 |     0 |  2479 |     - |distribu|   0 | 425 | 185 | 185 |   0 |  1 |   0 |   0 | 7.918605e+03 | 6.964819e+03 |  13.69%| unknown
  0.1s|     1 |     0 |  2479 |     - |  5456k |   0 | 425 | 185 | 185 |   0 |  1 |   0 |   0 | 7.918605e+03 | 6.964819e+03 |  13.69%| unknown
  0.3s|     1 |     2 |  2479 |     - |  5629k |   0 | 425 | 185 | 185 |   0 |  2 |   0 |  30 | 7.876886e+03 | 6.964819e+03 |  13.10%| unknown

SCIP Status        : solving was interrupted [node limit reached]
Solving Time (sec) : 0.29
Solving Nodes      : 1
Primal Bound       : +6.96481864474336e+03 (37 solutions)
Dual Bound         : +7.87688553752595e+03
Gap                : 13.10 %
