presolving:
   (0.0s) running MILP presolver
   (0.0s) MILP presolver (2 rounds): 0 aggregations, 7 fixings, 0 bound changes
(round 1, medium)     7 del vars, 0 del conss, 0 add conss, 0 chg bounds, 0 chg sides, 0 chg coeffs, 0 upgd conss, 0 impls, 197 clqs
(round 2, fast)       7 del vars, 1 del conss, 0 add conss, 0 chg bounds, 0 chg sides, 0 chg coeffs, 0 upgd conss, 0 impls, 197 clqs
(round 3, exhaustive) 7 del vars, 4 del conss, 0 add conss, 0 chg bounds, 3 chg sides, 0 chg coeffs, 0 upgd conss, 0 impls, 197 clqs
(round 4, exhaustive) 7 del vars, 4 del conss, 0 add conss, 0 chg bounds, 3 chg sides, 0 chg coeffs, 194 upgd conss, 0 impls, 197 clqs
(round 5, medium)     34 del vars, 4 del conss, 0 add conss, 0 chg bounds, 3 chg sides, 27 chg coeffs, 194 upgd conss, 0 impls, 197 clqs
(round 6, fast)       39 del vars, 4 del conss, 0 add conss, 0 chg bounds, 3 chg sides, 27 chg coeffs, 194 upgd conss, 0 impls, 197 clqs
(round 7, exhaustive) 39 del vars, 7 del conss, 0 add conss, 0 chg bounds, 3 chg sides, 27 chg coeffs, 194 upgd conss, 0 impls, 197 clqs
   (0.0s) probing: 51/461 (11.1%) - 0 fixings, 0 aggregations, 0 implications, 0 bound changes
   (0.0s) probing aborted: 50/50 successive totally useless probings
   (0.0s) symmetry computation started: requiring (bin +, int +, cont +), (fixed: bin -, int -, cont -)
   (0.0s) no symmetry present (symcode time: 0.00)
presolving (8 rounds: 8 fast, 6 medium, 4 exhaustive):
 39 deleted vars, 7 deleted constraints, 0 added constraints, 0 tightened bounds, 0 added holes, 3 changed sides, 27 changed coefficients
 0 implications, 197 cliques
presolved problem has 461 variables (461 bin, 0 int, 0 impl, 0 cont) and 191 constraints
    191 constraints of type <setppc>
Presolving Time: 0.02

 time | node  | left  |LP iter|LP it/n|mem/heur|mdpt |vars |cons |rows |cuts |sepa|confs|strbr|  dualbound   | primalbound  |  gap   | compl. 
  0.1s|     1 |     0 |  1670 |     - |  5674k |   0 | 461 | 191 | 191 |   0 |  0 |   0 |   0 | 7.212288e+03 |      --      |    Inf | unknown
d 0.1s|     1 |     0 |  1670 |     - |distribu|   0 | 461 | 191 | 191 |   0 |  1 |   0 |   0 | 7.212288e+03 | 2.084106e+03 | 246.06%| unknown
d 0.2s|     1 |     0 |  1814 |     - |distribu|   0 | 461 | 191 | 191 |   0 |  1 |   0 |   0 | 7.212288e+03 | 2.369981e+03 | 204.32%| unknown
d 0.2s|     1 |     0 |  1900 |     - |distribu|   0 | 461 | 191 | 191 |   0 |  1 |   0 |   0 | 7.212288e+03 | 2.759971e+03 | 161.32%| unknown
d 0.2s|     1 |     0 |  1955 |     - |distribu|   0 | 461 | 191 | 191 |   0 |  1 |   0 |   0 | 7.212288e+03 | 4.163396e+03 |  73.23%| unknown
d 0.2s|     1 |     0 |  2057 |     - |distribu|   0 | 461 | 191 | 191 |   0 |  1 |   0 |   0 | 7.212288e+03 | 5.557730e+03 |  29.77%| unknown
d 0.2s|     1 |     0 |  2060 |     - |distribu|   0 | 461 | 191 | 191 |   0 |  1 |   0 |   0 | 7.212288e+03 | 5.864062e+03 |  22.99%| unknown
  0.2s|     1 |     0 |  2060 |     - |  5821k |   0 | 461 | 191 | 191 |   0 |  1 |   0 |   0 | 7.212288e+03 | 5.864062e+03 |  22.99%| unknown
  0.3s|     1 |     2 |  2060 |     - |  5996k |   0 | 461 | 191 | 191 |   0 |  2 |   0 |  29 | 7.185126e+03 | 5.864062e+03 |  22.53%| unknown

SCIP Status        : solving was interrupted [node limit reached]
Solving Time (sec) : 0.33
Solving Nodes      : 1
Primal Bound       : +5.86406207472908e+03 (38 solutions)
Dual Bound         : +7.18512633739481e+03
Gap                : 22.53 %
