presolving:
   (0.0s) running MILP presolver
   (0.0s) MILP presolver (2 rounds): 0 aggregations, 13 fixings, 0 bound changes
(round 1, medium)     13 del vars, 0 del conss, 0 add conss, 0 chg bounds, 0 chg sides, 0 chg coeffs, 0 upgd conss, 0 impls, 200 clqs
(round 2, exhaustive) 13 del vars, 6 del conss, 0 add conss, 0 chg bounds, 6 chg sides, 0 chg coeffs, 0 upgd conss, 0 impls, 200 clqs
(round 3, exhaustive) 13 del vars, 6 del conss, 0 add conss, 0 chg bounds, 6 chg sides, 0 chg coeffs, 194 upgd conss, 0 impls, 200 clqs
(round 4, medium)     38 del vars, 6 del conss, 0 add conss, 0 chg bounds, 6 chg sides, 25 chg coeffs, 194 upgd conss, 0 impls, 200 clqs
(round 5, fast)       42 del vars, 6 del conss, 0 add conss, 0 chg bounds, 6 chg sides, 25 chg coeffs, 194 upgd conss, 0 impls, 200 clqs
   (0.0s) probing: 51/458 (11.1%) - 0 fixings, 0 aggregations, 0 implications, 0 bound changes
   (0.0s) probing aborted: 50/50 successive totally useless probings
   (0.0s) symmetry computation started: requiring (bin +, int +, cont +), (fixed: bin -, int -, cont -)
   (0.0s) no symmetry present (symcode time: 0.00)
presolving (6 rounds: 6 fast, 5 medium, 3 exhaustive):
 42 deleted vars, 6 deleted constraints, 0 added constraints, 0 tightened bounds, 0 added holes, 6 changed sides, 25 changed coefficients
 0 implications, 200 cliques
presolved problem has 458 variables (458 bin, 0 int, 0 impl, 0 cont) and 194 constraints
    194 constraints of type <setppc>
Presolving Time: 0.02

 time | node  | left  |LP iter|LP it/n|mem/heur|mdpt |vars |cons |rows |cuts |sepa|confs|strbr|  dualbound   | primalbound  |  gap   | compl. 
  0.1s|     1 |     0 |  1592 |     - |  5559k |   0 | 458 | 194 | 194 |   0 |  0 |   0 |   0 | 7.936897e+03 |      --      |    Inf | unknown
d 0.1s|     1 |     0 |  1592 |     - |distribu|   0 | 458 | 194 | 194 |   0 |  1 |   0 |   0 | 7.936897e+03 | 2.076428e+03 | 282.24%| unknown
d 0.1s|     1 |     0 |  1633 |     - |distribu|   0 | 458 | 194 | 194 |   0 |  1 |   0 |   0 | 7.936897e+03 | 2.553553e+03 | 210.82%| unknown
d 0.1s|     1 |     0 |  1709 |     - |distribu|   0 | 458 | 194 | 194 |   0 |  1 |   0 |   0 | 7.936897e+03 | 2.678109e+03 | 196.36%| unknown
d 0.1s|     1 |     0 |  1798 |     - |distribu|   0 | 458 | 194 | 194 |   0 |  1 |   0 |   0 | 7.936897e+03 | 3.387496e+03 | 134.30%| unknown
d 0.1s|     1 |     0 |  1878 |     - |distribu|   0 | 458 | 194 | 194 |   0 |  1 |   0 |   0 | 7.936897e+03 | 3.735810e+03 | 112.45%| unknown
d 0.1s|     1 |     0 |  1937 |     - |distribu|   0 | 458 | 194 | 194 |   0 |  1 |   0 |   0 | 7.936897e+03 | 4.271041e+03 |  85.83%| unknown
d 0.1s|     1 |     0 |  1966 |     - |distribu|   0 | 458 | 194 | 194 |   0 |  1 |   0 |   0 | 7.936897e+03 | 7.008404e+03 |  13.25%| unknown
  0.1s|     1 |     0 |  1966 |     - |  5659k |   0 | 458 | 194 | 194 |   0 |  1 |   0 |   0 | 7.936897e+03 | 7.008404e+03 |  13.25%| unknown
  0.2s|     1 |     2 |  1966 |     - |  5848k |   0 | 458 | 194 | 194 |   0 |  2 |   0 |  32 | 7.900022e+03 | 7.008404e+03 |  12.72%| unknown

SCIP Status        : solving was interrupted [node limit reached]
Solving Time (sec) : 0.22
Solving Nodes      : 1
Primal Bound       : +7.00840426299344e+03 (42 solutions)
Dual Bound         : +7.90002177528577e+03
Gap                : 12.72 %
