presolving:
   (0.0s) running MILP presolver
   (0.0s) MILP presolver (2 rounds): 0 aggregations, 14 fixings, 0 bound changes
(round 1, medium)     14 del vars, 0 del conss, 0 add conss, 0 chg bounds, 0 chg sides, 0 chg coeffs, 0 upgd conss, 0 impls, 190 clqs
(round 2, fast)       14 del vars, 1 del conss, 0 add conss, 0 chg bounds, 0 chg sides, 0 chg coeffs, 0 upgd conss, 0 impls, 190 clqs
(round 3, exhaustive) 14 del vars, 4 del conss, 0 add conss, 0 chg bounds, 3 chg sides, 0 chg coeffs, 0 upgd conss, 0 impls, 190 clqs
(round 4, exhaustive) 14 del vars, 4 del conss, 0 add conss, 0 chg bounds, 3 chg sides, 0 chg coeffs, 187 upgd conss, 0 impls, 190 clqs
(round 5, medium)     50 del vars, 4 del conss, 0 add conss, 0 chg bounds, 3 chg sides, 36 chg coeffs, 187 upgd conss, 0 impls, 190 clqs
(round 6, fast)       60 del vars, 4 del conss, 0 add conss, 0 chg bounds, 3 chg sides, 36 chg coeffs, 187 upgd conss, 0 impls, 190 clqs
(round 7, exhaustive) 60 del vars, 7 del conss, 0 add conss, 0 chg bounds, 3 chg sides, 36 chg coeffs, 187 upgd conss, 0 impls, 190 clqs
(round 8, exhaustive) 61 del vars, 7 del conss, 0 add conss, 0 chg bounds, 3 chg sides, 36 chg coeffs, 187 upgd conss, 0 impls, 190 clqs
   (0.0s) probing: 51/439 (11.6%) - 0 fixings, 0 aggregations, 0 implications, 0 bound changes
   (0.0s) probing aborted: 50/50 successive totally useless probings
   (0.0s) symmetry computation started: requiring (bin +, int +, cont +), (fixed: bin -, int -, cont -)
   (0.0s) no symmetry present (symcode time: 0.00)
presolving (9 rounds: 9 fast, 7 medium, 5 exhaustive):
 61 deleted vars, 7 deleted constraints, 0 added constraints, 0 tightened bounds, 0 added holes, 3 changed sides, 36 changed coefficients
 0 implications, 190 cliques
presolved problem has 439 variables (439 bin, 0 int, 0 impl, 0 cont) and 184 constraints
    184 constraints of type <setppc>
Presolving Time: 0.02

 time | node  | left  |LP iter|LP it/n|mem/heur|mdpt |vars |cons |rows |cuts |sepa|confs|strbr|  dualbound   | primalbound  |  gap   | compl. 
  0.1s|     1 |     0 |  1698 |     - |  5508k |   0 | 439 | 184 | 184 |   0 |  0 |   0 |   0 | 7.651006e+03 |      --      |    Inf | unknown
d 0.1s|     1 |     0 |  1698 |     - |distribu|   0 | 439 | 184 | 184 |   0 |  1 |   0 |   0 | 7.651006e+03 | 2.658284e+03 | 187.82%| unknown
d 0.1s|     1 |     0 |  1793 |     - |distribu|   0 | 439 | 184 | 184 |   0 |  1 |   0 |   0 | 7.651006e+03 | 2.993763e+03 | 155.56%| unknown
d 0.1s|     1 |     0 |  1977 |     - |distribu|   0 | 439 | 184 | 184 |   0 |  1 |   0 |   0 | 7.651006e+03 | 3.631603e+03 | 110.68%| unknown
d 0.1s|     1 |     0 |  2050 |     - |distribu|   0 | 439 | 184 | 184 |   0 |  1 |   0 |   0 | 7.651006e+03 | 4.270145e+03 |  79.17%| unknown
d 0.1s|     1 |     0 |  2084 |     - |distribu|   0 | 439 | 184 | 184 |   0 |  1 |   0 |   0 | 7.651006e+03 | 4.760194e+03 |  60.73%| unknown
d 0.1s|     1 |     0 |  2096 |     - |distribu|   0 | 439 | 184 | 184 |   0 |  1 |   0 |   0 | 7.651006e+03 | 5.946751e+03 |  28.66%| unknown
d 0.1s|     1 |     0 |  2105 |     - |distribu|   0 | 439 | 184 | 184 |   0 |  1 |   0 |   0 | 7.651006e+03 | 6.381535e+03 |  19.89%| unknown
  0.1s|     1 |     0 |  2105 |     - |  5672k |   0 | 439 | 184 | 184 |   0 |  1 |   0 |   0 | 7.651006e+03 | 6.381535e+03 |  19.89%| unknown
  0.3s|     1 |     2 |  2105 |     - |  5961k |   0 | 439 | 184 | 184 |   0 |  2 |   0 |  36 | 7.614753e+03 | 6.381535e+03 |  19.32%| unknown

SCIP Status        : solving was interrupted [node limit reached]
Solving Time (sec) : 0.31
Solving Nodes      : 1
Primal Bound       : +6.38153526839423e+03 (51 solutions)
Dual Bound         : +7.61475343916249e+03
Gap                : 19.32 %
