presolving:
   (0.0s) running MILP presolver
   (0.0s) MILP presolver (2 rounds): 0 aggregations, 24 fixings, 0 bound changes
(round 1, medium)     24 del vars, 0 del conss, 0 add conss, 0 chg bounds, 0 chg sides, 0 chg coeffs, 0 upgd conss, 0 impls, 192 clqs
(round 2, exhaustive) 24 del vars, 2 del conss, 0 add conss, 0 chg bounds, 2 chg sides, 0 chg coeffs, 0 upgd conss, 0 impls, 192 clqs
(round 3, exhaustive) 24 del vars, 2 del conss, 0 add conss, 0 chg bounds, 2 chg sides, 0 chg coeffs, 190 upgd conss, 0 impls, 192 clqs
(round 4, medium)     67 del vars, 2 del conss, 0 add conss, 0 chg bounds, 2 chg sides, 43 chg coeffs, 190 upgd conss, 0 impls, 192 clqs
(round 5, fast)       93 del vars, 4 del conss, 0 add conss, 0 chg bounds, 2 chg sides, 43 chg coeffs, 190 upgd conss, 0 impls, 190 clqs
(round 6, exhaustive) 93 del vars, 11 del conss, 0 add conss, 0 chg bounds, 2 chg sides, 43 chg coeffs, 190 upgd conss, 0 impls, 190 clqs
   (0.0s) probing: 51/407 (12.5%) - 0 fixings, 0 aggregations, 0 implications, 0 bound changes
   (0.0s) probing aborted: 50/50 successive totally useless probings
   (0.0s) symmetry computation started: requiring (bin +, int +, cont +), (fixed: bin -, int -, cont -)
   (0.0s) no symmetry present (symcode time: 0.00)
presolving (7 rounds: 7 fast, 6 medium, 4 exhaustive):
 93 deleted vars, 11 deleted constraints, 0 added constraints, 0 tightened bounds, 0 added holes, 2 changed sides, 43 changed coefficients
 0 implications, 190 cliques
presolved problem has 407 variables (407 bin, 0 int, 0 impl, 0 cont) and 181 constraints
    181 constraints of type <setppc>
Presolving Time: 0.02

 time | node  | left  |LP iter|LP it/n|mem/heur|mdpt |vars |cons |rows |cuts |sepa|confs|strbr|  dualbound   | primalbound  |  gap   | compl. 
  0.1s|     1 |     0 |  1087 |     - |  5102k |   0 | 407 | 181 | 181 |   0 |  0 |   0 |   0 | 7.067702e+03 |      --      |    Inf | unknown
d 0.1s|     1 |     0 |  1087 |     - |distribu|   0 | 407 | 181 | 181 |   0 |  1 |   0 |   0 | 7.067702e+03 | 2.974763e+03 | 137.59%| unknown
d 0.1s|     1 |     0 |  1164 |     - |distribu|   0 | 407 | 181 | 181 |   0 |  1 |   0 |   0 | 7.067702e+03 | 3.357031e+03 | 110.53%| unknown
d 0.1s|     1 |     0 |  1259 |     - |distribu|   0 | 407 | 181 | 181 |   0 |  1 |   0 |   0 | 7.067702e+03 | 3.937380e+03 |  79.50%| unknown
d 0.1s|     1 |     0 |  1296 |     - |distribu|   0 | 407 | 181 | 181 |   0 |  1 |   0 |   0 | 7.067702e+03 | 4.062734e+03 |  73.96%| unknown
d 0.1s|     1 |     0 |  1343 |     - |distribu|   0 | 407 | 181 | 181 |   0 |  1 |   0 |   0 | 7.067702e+03 | 6.096960e+03 |  15.92%| unknown
d 0.1s|     1 |     0 |  1348 |     - |distribu|   0 | 407 | 181 | 181 |   0 |  1 |   0 |   0 | 7.067702e+03 | 6.286170e+03 |  12.43%| unknown
  0.1s|     1 |     0 |  1348 |     - |  5235k |   0 | 407 | 181 | 181 |   0 |  1 |   0 |   0 | 7.067702e+03 | 6.286170e+03 |  12.43%| unknown
  0.2s|     1 |     2 |  1348 |     - |  5315k |   0 | 407 | 181 | 181 |   0 |  2 |   0 |  20 | 7.027330e+03 | 6.286170e+03 |  11.79%| unknown

SCIP Status        : solving was interrupted [node limit reached]
Solving Time (sec) : 0.21
Solving Nodes      : 1
Primal Bound       : +6.28616978724553e+03 (29 solutions)
Dual Bound         : +7.02733000493696e+03
Gap                : 11.79 %
