presolving:
(round 1, fast)       1 del vars, 1 del conss, 0 add conss, 0 chg bounds, 0 chg sides, 0 chg coeffs, 0 upgd conss, 0 impls, 192 clqs
   (0.0s) running MILP presolver
   (0.0s) MILP presolver (2 rounds): 0 aggregations, 23 fixings, 0 bound changes
(round 2, medium)     24 del vars, 1 del conss, 0 add conss, 0 chg bounds, 0 chg sides, 0 chg coeffs, 0 upgd conss, 0 impls, 191 clqs
(round 3, fast)       24 del vars, 2 del conss, 0 add conss, 0 chg bounds, 0 chg sides, 0 chg coeffs, 0 upgd conss, 0 impls, 191 clqs
(round 4, exhaustive) 24 del vars, 8 del conss, 0 add conss, 0 chg bounds, 6 chg sides, 0 chg coeffs, 0 upgd conss, 0 impls, 191 clqs
(round 5, exhaustive) 24 del vars, 8 del conss, 0 add conss, 0 chg bounds, 6 chg sides, 0 chg coeffs, 185 upgd conss, 0 impls, 191 clqs
(round 6, medium)     64 del vars, 8 del conss, 0 add conss, 0 chg bounds, 6 chg sides, 40 chg coeffs, 185 upgd conss, 0 impls, 191 clqs
(round 7, fast)       100 del vars, 11 del conss, 0 add conss, 0 chg bounds, 6 chg sides, 40 chg coeffs, 185 upgd conss, 0 impls, 187 clqs
   (0.0s) running MILP presolver
   (0.0s) MILP presolver (2 rounds): 0 aggregations, 7 fixings, 0 bound changes
(round 8, medium)     107 del vars, 11 del conss, 0 add conss, 0 chg bounds, 6 chg sides, 40 chg coeffs, 185 upgd conss, 0 impls, 187 clqs
(round 9, exhaustive) 107 del vars, 16 del conss, 0 add conss, 0 chg bounds, 6 chg sides, 40 chg coeffs, 185 upgd conss, 0 impls, 187 clqs
   (0.0s) probing: 51/393 (13.0%) - 0 fixings, 0 aggregations, 0 implications, 0 bound changes
   (0.0s) probing aborted: 50/50 successive totally useless probings
   (0.0s) symmetry computation started: requiring (bin +, int +, cont +), (fixed: bin -, int -, cont -)
   (0.0s) no symmetry present (symcode time: 0.00)
presolving (10 rounds: 10 fast, 7 medium, 4 exhaustive):
 107 deleted vars, 16 deleted constraints, 0 added constraints, 0 tightened bounds, 0 added holes, 6 changed sides, 40 changed coefficients
 0 implications, 187 cliques
presolved problem has 393 variables (393 bin, 0 int, 0 impl, 0 cont) and 177 constraints
    177 constraints of type <setppc>
Presolving Time: 0.02

 time | node  | left  |LP iter|LP it/n|mem/heur|mdpt |vars |cons |rows |cuts |sepa|confs|strbr|  dualbound   | primalbound  |  gap   | compl. 
  0.1s|     1 |     0 |   892 |     - |  5207k |   0 | 393 | 177 | 177 |   0 |  0 |   0 |   0 | 7.507630e+03 |      --      |    Inf | unknown
d 0.1s|     1 |     0 |   892 |     - |distribu|   0 | 393 | 177 | 177 |   0 |  1 |   0 |   0 | 7.507630e+03 | 3.183516e+03 | 135.83%| unknown
d 0.1s|     1 |     0 |   925 |     - |distribu|   0 | 393 | 177 | 177 |   0 |  1 |   0 |   0 | 7.507630e+03 | 3.681985e+03 | 103.90%| unknown
d 0.1s|     1 |     0 |   977 |     - |distribu|   0 | 393 | 177 | 177 |   0 |  1 |   0 |   0 | 7.507630e+03 | 4.395210e+03 |  70.81%| unknown
d 0.1s|     1 |     0 |  1060 |     - |distribu|   0 | 393 | 177 | 177 |   0 |  1 |   0 |   0 | 7.507630e+03 | 7.051053e+03 |   6.48%| unknown
  0.1s|     1 |     0 |  1060 |     - |  5308k |   0 | 393 | 177 | 177 |   0 |  1 |   0 |   0 | 7.507630e+03 | 7.051053e+03 |   6.48%| unknown
* 0.2s|     1 |     0 |  1060 |     - |strongbr|   0 | 393 | 177 | 177 |   0 |  2 |   0 |  26 | 7.507630e+03 | 7.428991e+03 |   1.06%| unknown
  0.3s|     1 |     0 |  1149 |     - |  5525k |   0 | 393 | 177 | 177 |   0 |  2 |  32 |  36 | 7.445102e+03 | 7.428991e+03 |   0.22%| unknown
  0.3s|     1 |     0 |  1149 |     - |  5525k |   0 | 393 | 177 | 106 |   0 |  2 |  32 |  36 | 7.445102e+03 | 7.428991e+03 |   0.22%| unknown

SCIP Status        : solving was interrupted [node limit reached]
Solving Time (sec) : 0.29
Solving Nodes      : 1
Primal Bound       : +7.42899106144169e+03 (39 solutions)
Dual Bound         : +7.44510152242662e+03
Gap                : 0.22 %
