presolving:
(round 1, fast)       0 del vars, 1 del conss, 0 add conss, 0 chg bounds, 0 chg sides, 0 chg coeffs, 0 upgd conss, 0 impls, 190 clqs
   (0.0s) running MILP presolver
   (0.0s) MILP presolver (2 rounds): 0 aggregations, 18 fixings, 0 bound changes
(round 2, medium)     18 del vars, 1 del conss, 0 add conss, 0 chg bounds, 0 chg sides, 0 chg coeffs, 0 upgd conss, 0 impls, 190 clqs
(round 3, exhaustive) 18 del vars, 4 del conss, 0 add conss, 0 chg bounds, 3 chg sides, 0 chg coeffs, 0 upgd conss, 0 impls, 190 clqs
(round 4, exhaustive) 18 del vars, 4 del conss, 0 add conss, 0 chg bounds, 3 chg sides, 0 chg coeffs, 187 upgd conss, 0 impls, 190 clqs
(round 5, medium)     53 del vars, 4 del conss, 0 add conss, 0 chg bounds, 3 chg sides, 35 chg coeffs, 187 upgd conss, 0 impls, 190 clqs
(round 6, fast)       67 del vars, 4 del conss, 0 add conss, 0 chg bounds, 3 chg sides, 35 chg coeffs, 187 upgd conss, 0 impls, 188 clqs
(round 7, exhaustive) 67 del vars, 7 del conss, 0 add conss, 0 chg bounds, 3 chg sides, 35 chg coeffs, 187 upgd conss, 0 impls, 188 clqs
   (0.0s) probing: 51/433 (11.8%) - 0 fixings, 0 aggregations, 0 implications, 0 bound changes
   (0.0s) probing aborted: 50/50 successive totally useless probings
   (0.0s) symmetry computation started: requiring (bin +, int +, cont +), (fixed: bin -, int -, cont -)
   (0.0s) no symmetry present (symcode time: 0.00)
presolving (8 rounds: 8 fast, 6 medium, 4 exhaustive):
 67 deleted vars, 7 deleted constraints, 0 added constraints, 0 tightened bounds, 0 added holes, 3 changed sides, 35 changed coefficients
 0 implications, 188 cliques
presolved problem has 433 variables (433 bin, 0 int, 0 impl, 0 cont) and 184 constraints
    184 constraints of type <setppc>
Presolving Time: 0.01

 time | node  | left  |LP iter|LP it/n|mem/heur|mdpt |vars |cons |rows |cuts |sepa|confs|strbr|  dualbound   | primalbound  |  gap   | compl. 
  0.1s|     1 |     0 |  1285 |     - |  5489k |   0 | 433 | 184 | 184 |   0 |  0 |   0 |   0 | 7.178366e+03 |      --      |    Inf | unknown
d 0.1s|     1 |     0 |  1285 |     - |distribu|   0 | 433 | 184 | 184 |   0 |  1 |   0 |   0 | 7.178366e+03 | 2.280231e+03 | 214.81%| unknown
d 0.1s|     1 |     0 |  1378 |     - |distribu|   0 | 433 | 184 | 184 |   0 |  1 |   0 |   0 | 7.178366e+03 | 2.905502e+03 | 147.06%| unknown
d 0.1s|     1 |     0 |  1475 |     - |distribu|   0 | 433 | 184 | 184 |   0 |  1 |   0 |   0 | 7.178366e+03 | 4.242010e+03 |  69.22%| unknown
d 0.1s|     1 |     0 |  1564 |     - |distribu|   0 | 433 | 184 | 184 |   0 |  1 |   0 |   0 | 7.178366e+03 | 6.004956e+03 |  19.54%| unknown
  0.1s|     1 |     0 |  1564 |     - |  5631k |   0 | 433 | 184 | 184 |   0 |  1 |   0 |   0 | 7.178366e+03 | 6.004956e+03 |  19.54%| unknown
  0.2s|     1 |     2 |  1564 |     - |  5750k |   0 | 433 | 184 | 184 |   0 |  2 |   0 |  25 | 7.119175e+03 | 6.004956e+03 |  18.55%| unknown

SCIP Status        : solving was interrupted [node limit reached]
Solving Time (sec) : 0.20
Solving Nodes      : 1
Primal Bound       : +6.00495629665245e+03 (32 solutions)
Dual Bound         : +7.11917466129553e+03
Gap                : 18.55 %
