presolving:
   (0.0s) running MILP presolver
   (0.0s) MILP presolver (2 rounds): 0 aggregations, 18 fixings, 0 bound changes
(round 1, medium)     18 del vars, 0 del conss, 0 add conss, 0 chg bounds, 0 chg sides, 0 chg coeffs, 0 upgd conss, 0 impls, 192 clqs
(round 2, fast)       18 del vars, 1 del conss, 0 add conss, 0 chg bounds, 0 chg sides, 0 chg coeffs, 0 upgd conss, 0 impls, 192 clqs
(round 3, exhaustive) 18 del vars, 4 del conss, 0 add conss, 0 chg bounds, 3 chg sides, 0 chg coeffs, 0 upgd conss, 0 impls, 192 clqs
(round 4, exhaustive) 18 del vars, 4 del conss, 0 add conss, 0 chg bounds, 3 chg sides, 0 chg coeffs, 189 upgd conss, 0 impls, 192 clqs
(round 5, medium)     52 del vars, 4 del conss, 0 add conss, 0 chg bounds, 3 chg sides, 34 chg coeffs, 189 upgd conss, 0 impls, 192 clqs
(round 6, fast)       64 del vars, 5 del conss, 0 add conss, 0 chg bounds, 3 chg sides, 34 chg coeffs, 189 upgd conss, 0 impls, 191 clqs
(round 7, exhaustive) 64 del vars, 7 del conss, 0 add conss, 0 chg bounds, 3 chg sides, 34 chg coeffs, 189 upgd conss, 0 impls, 191 clqs
   (0.0s) probing: 51/436 (11.7%) - 0 fixings, 0 aggregations, 0 implications, 0 bound changes
   (0.0s) probing aborted: 50/50 successive totally useless probings
   (0.0s) symmetry computation started: requiring (bin +, int +, cont +), (fixed: bin -, int -, cont -)
   (0.0s) no symmetry present (symcode time: 0.00)
presolving (8 rounds: 8 fast, 6 medium, 4 exhaustive):
 64 deleted vars, 7 deleted constraints, 0 added constraints, 0 tightened bounds, 0 added holes, 3 changed sides, 34 changed coefficients
 0 implications, 191 cliques
presolved problem has 436 variables (436 bin, 0 int, 0 impl, 0 cont) and 186 constraints
    186 constraints of type <setppc>
Presolving Time: 0.02

 time | node  | left  |LP iter|LP it/n|mem/heur|mdpt |vars |cons |rows |cuts |sepa|confs|strbr|  dualbound   | primalbound  |  gap   | compl. 
  0.1s|     1 |     0 |  2034 |     - |  5612k |   0 | 436 | 186 | 186 |   0 |  0 |   0 |   0 | 7.187763e+03 |      --      |    Inf | unknown
d 0.1s|     1 |     0 |  2034 |     - |distribu|   0 | 436 | 186 | 186 |   0 |  1 |   0 |   0 | 7.187763e+03 | 2.477037e+03 | 190.18%| unknown
d 0.1s|     1 |     0 |  2054 |     - |distribu|   0 | 436 | 186 | 186 |   0 |  1 |   0 |   0 | 7.187763e+03 | 2.596424e+03 | 176.83%| unknown
d 0.1s|     1 |     0 |  2165 |     - |distribu|   0 | 436 | 186 | 186 |   0 |  1 |   0 |   0 | 7.187763e+03 | 3.236207e+03 | 122.10%| unknown
d 0.1s|     1 |     0 |  2253 |     - |distribu|   0 | 436 | 186 | 186 |   0 |  1 |   0 |   0 | 7.187763e+03 | 3.349693e+03 | 114.58%| unknown
d 0.1s|     1 |     0 |  2291 |     - |distribu|   0 | 436 | 186 | 186 |   0 |  1 |   0 |   0 | 7.187763e+03 | 4.115554e+03 |  74.65%| unknown
d 0.1s|     1 |     0 |  2305 |     - |distribu|   0 | 436 | 186 | 186 |   0 |  1 |   0 |   0 | 7.187763e+03 | 4.702549e+03 |  52.85%| unknown
d 0.1s|     1 |     0 |  2391 |     - |distribu|   0 | 436 | 186 | 186 |   0 |  1 |   0 |   0 | 7.187763e+03 | 5.517773e+03 |  30.27%| unknown
  0.1s|     1 |     0 |  2391 |     - |  5775k |   0 | 436 | 186 | 186 |   0 |  1 |   0 |   0 | 7.187763e+03 | 5.517773e+03 |  30.27%| unknown
  0.2s|     1 |     2 |  2391 |     - |  5935k |   0 | 436 | 186 | 186 |   0 |  2 |   0 |  21 | 7.146341e+03 | 5.517773e+03 |  29.51%| unknown

SCIP Status        : solving was interrupted [node limit reached]
Solving Time (sec) : 0.23
Solving Nodes      : 1
Primal Bound       : +5.51777257711433e+03 (34 solutions)
Dual Bound         : +7.14634112529976e+03
Gap                : 29.51 %
