presolving:
(round 1, fast)       2 del vars, 2 del conss, 0 add conss, 0 chg bounds, 0 chg sides, 0 chg coeffs, 0 upgd conss, 0 impls, 194 clqs
   (0.0s) running MILP presolver
   (0.0s) MILP presolver (2 rounds): 0 aggregations, 13 fixings, 0 bound changes
(round 2, medium)     15 del vars, 2 del conss, 0 add conss, 0 chg bounds, 0 chg sides, 0 chg coeffs, 0 upgd conss, 0 impls, 194 clqs
(round 3, fast)       16 del vars, 3 del conss, 0 add conss, 0 chg bounds, 0 chg sides, 0 chg coeffs, 0 upgd conss, 0 impls, 193 clqs
(round 4, exhaustive) 16 del vars, 7 del conss, 0 add conss, 0 chg bounds, 4 chg sides, 0 chg coeffs, 0 upgd conss, 0 impls, 193 clqs
(round 5, exhaustive) 16 del vars, 7 del conss, 0 add conss, 0 chg bounds, 4 chg sides, 0 chg coeffs, 189 upgd conss, 0 impls, 193 clqs
(round 6, medium)     46 del vars, 7 del conss, 0 add conss, 0 chg bounds, 4 chg sides, 30 chg coeffs, 189 upgd conss, 0 impls, 193 clqs
(round 7, fast)       56 del vars, 8 del conss, 0 add conss, 0 chg bounds, 4 chg sides, 30 chg coeffs, 189 upgd conss, 0 impls, 192 clqs
(round 8, exhaustive) 56 del vars, 10 del conss, 0 add conss, 0 chg bounds, 4 chg sides, 30 chg coeffs, 189 upgd conss, 0 impls, 192 clqs
   (0.0s) probing: 51/444 (11.5%) - 0 fixings, 0 aggregations, 0 implications, 0 bound changes
   (0.0s) probing aborted: 50/50 successive totally useless probings
   (0.0s) symmetry computation started: requiring (bin +, int +, cont +), (fixed: bin -, int -, cont -)
   (0.0s) no symmetry present (symcode time: 0.00)
presolving (9 rounds: 9 fast, 6 medium, 4 exhaustive):
 56 deleted vars, 10 deleted constraints, 0 added constraints, 0 tightened bounds, 0 added holes, 4 changed sides, 30 changed coefficients
 0 implications, 192 cliques
presolved problem has 444 variables (444 bin, 0 int, 0 impl, 0 cont) and 186 constraints
    186 constraints of type <setppc>
Presolving Time: 0.01

 time | node  | left  |LP iter|LP it/n|mem/heur|mdpt |vars |cons |rows |cuts |sepa|confs|strbr|  dualbound   | primalbound  |  gap   | compl. 
  0.1s|     1 |     0 |  1258 |     - |  5402k |   0 | 444 | 186 | 186 |   0 |  0 |   0 |   0 | 7.612533e+03 |      --      |    Inf | unknown
d 0.1s|     1 |     0 |  1258 |     - |distribu|   0 | 444 | 186 | 186 |   0 |  1 |   0 |   0 | 7.612533e+03 | 2.961929e+03 | 157.01%| unknown
d 0.1s|     1 |     0 |  1419 |     - |distribu|   0 | 444 | 186 | 186 |   0 |  1 |   0 |   0 | 7.612533e+03 | 3.569991e+03 | 113.24%| unknown
d 0.1s|     1 |     0 |  1463 |     - |distribu|   0 | 444 | 186 | 186 |   0 |  1 |   0 |   0 | 7.612533e+03 | 4.672302e+03 |  62.93%| unknown
d 0.1s|     1 |     0 |  1541 |     - |distribu|   0 | 444 | 186 | 186 |   0 |  1 |   0 |   0 | 7.612533e+03 | 6.838051e+03 |  11.33%| unknown
  0.1s|     1 |     0 |  1541 |     - |  5512k |   0 | 444 | 186 | 186 |   0 |  1 |   0 |   0 | 7.612533e+03 | 6.838051e+03 |  11.33%| unknown
* 0.2s|     1 |     0 |  1541 |     - |strongbr|   0 | 444 | 186 | 186 |   0 |  2 |   0 |  42 | 7.612533e+03 | 7.514894e+03 |   1.30%| unknown
  0.2s|     1 |     0 |  1585 |     - |  6174k |   0 | 444 | 187 | 186 |   0 |  2 |  22 |  50 | 7.574648e+03 | 7.514894e+03 |   0.80%| unknown
  0.2s|     1 |     0 |  1585 |     - |  6174k |   0 | 444 | 187 | 151 |   0 |  2 |  22 |  50 | 7.574648e+03 | 7.514894e+03 |   0.80%| unknown
  0.2s|     1 |     0 |  1585 |     - |  6174k |   0 | 444 | 151 | 151 |   0 |  3 |  22 |  50 | 7.574648e+03 | 7.514894e+03 |   0.80%| unknown

SCIP Status        : solving was interrupted [node limit reached]
Solving Time (sec) : 0.25
Solving Nodes      : 1
Primal Bound       : +7.51489414355124e+03 (55 solutions)
Dual Bound         : +7.57464829432218e+03
Gap                : 0.80 %
