presolving:
(round 1, fast)       0 del vars, 2 del conss, 0 add conss, 0 chg bounds, 0 chg sides, 0 chg coeffs, 0 upgd conss, 0 impls, 195 clqs
   (0.0s) running MILP presolver
   (0.0s) MILP presolver (2 rounds): 0 aggregations, 12 fixings, 0 bound changes
(round 2, medium)     12 del vars, 2 del conss, 0 add conss, 0 chg bounds, 0 chg sides, 0 chg coeffs, 0 upgd conss, 0 impls, 194 clqs
(round 3, fast)       12 del vars, 3 del conss, 0 add conss, 0 chg bounds, 0 chg sides, 0 chg coeffs, 0 upgd conss, 0 impls, 194 clqs
(round 4, exhaustive) 12 del vars, 9 del conss, 0 add conss, 0 chg bounds, 6 chg sides, 0 chg coeffs, 0 upgd conss, 0 impls, 194 clqs
(round 5, exhaustive) 12 del vars, 9 del conss, 0 add conss, 0 chg bounds, 6 chg sides, 0 chg coeffs, 188 upgd conss, 0 impls, 194 clqs
(round 6, medium)     37 del vars, 9 del conss, 0 add conss, 0 chg bounds, 6 chg sides, 25 chg coeffs, 188 upgd conss, 0 impls, 194 clqs
(round 7, fast)       41 del vars, 9 del conss, 0 add conss, 0 chg bounds, 6 chg sides, 25 chg coeffs, 188 upgd conss, 0 impls, 194 clqs
(round 8, exhaustive) 41 del vars, 10 del conss, 0 add conss, 0 chg bounds, 6 chg sides, 25 chg coeffs, 188 upgd conss, 0 impls, 194 clqs
   (0.0s) probing: 51/459 (11.1%) - 0 fixings, 0 aggregations, 0 implications, 0 bound changes
   (0.0s) probing aborted: 50/50 successive totally useless probings
   (0.0s) symmetry computation started: requiring (bin +, int +, cont +), (fixed: bin -, int -, cont -)
   (0.0s) no symmetry present (symcode time: 0.00)
presolving (9 rounds: 9 fast, 6 medium, 4 exhaustive):
 41 deleted vars, 10 deleted constraints, 0 added constraints, 0 tightened bounds, 0 added holes, 6 changed sides, 25 changed coefficients
 0 implications, 194 cliques
presolved problem has 459 variables (459 bin, 0 int, 0 impl, 0 cont) and 187 constraints
    187 constraints of type <setppc>
Presolving Time: 0.02

 time | node  | left  |LP iter|LP it/n|mem/heur|mdpt |vars |cons |rows |cuts |sepa|confs|strbr|  dualbound   | primalbound  |  gap   | compl. 
  0.1s|     1 |     0 |  1635 |     - |  5674k |   0 | 459 | 187 | 187 |   0 |  0 |   0 |   0 | 7.345563e+03 |      --      |    Inf | unknown
d 0.1s|     1 |     0 |  1635 |     - |distribu|   0 | 459 | 187 | 187 |   0 |  1 |   0 |   0 | 7.345563e+03 | 1.960947e+03 | 274.59%| unknown
d 0.1s|     1 |     0 |  1668 |     - |distribu|   0 | 459 | 187 | 187 |   0 |  1 |   0 |   0 | 7.345563e+03 | 2.204203e+03 | 233.25%| unknown
d 0.1s|     1 |     0 |  1738 |     - |distribu|   0 | 459 | 187 | 187 |   0 |  1 |   0 |   0 | 7.345563e+03 | 2.570849e+03 | 185.73%| unknown
d 0.1s|     1 |     0 |  1839 |     - |distribu|   0 | 459 | 187 | 187 |   0 |  1 |   0 |   0 | 7.345563e+03 | 2.950051e+03 | 149.00%| unknown
d 0.1s|     1 |     0 |  1927 |     - |distribu|   0 | 459 | 187 | 187 |   0 |  1 |   0 |   0 | 7.345563e+03 | 3.124199e+03 | 135.12%| unknown
d 0.1s|     1 |     0 |  1985 |     - |distribu|   0 | 459 | 187 | 187 |   0 |  1 |   0 |   0 | 7.345563e+03 | 3.741981e+03 |  96.30%| unknown
d 0.1s|     1 |     0 |  2016 |     - |distribu|   0 | 459 | 187 | 187 |   0 |  1 |   0 |   0 | 7.345563e+03 | 3.920223e+03 |  87.38%| unknown
d 0.1s|     1 |     0 |  2030 |     - |distribu|   0 | 459 | 187 | 187 |   0 |  1 |   0 |   0 | 7.345563e+03 | 4.599678e+03 |  59.70%| unknown
d 0.1s|     1 |     0 |  2044 |     - |distribu|   0 | 459 | 187 | 187 |   0 |  1 |   0 |   0 | 7.345563e+03 | 4.734259e+03 |  55.16%| unknown
d 0.1s|     1 |     0 |  2070 |     - |distribu|   0 | 459 | 187 | 187 |   0 |  1 |   0 |   0 | 7.345563e+03 | 5.536554e+03 |  32.67%| unknown
  0.1s|     1 |     0 |  2070 |     - |  5822k |   0 | 459 | 187 | 187 |   0 |  1 |   0 |   0 | 7.345563e+03 | 5.536554e+03 |  32.67%| unknown
  0.2s|     1 |     2 |  2070 |     - |  5963k |   0 | 459 | 187 | 187 |   0 |  2 |   0 |  24 | 7.303690e+03 | 5.536554e+03 |  31.92%| unknown

SCIP Status        : solving was interrupted [node limit reached]
Solving Time (sec) : 0.22
Solving Nodes      : 1
Primal Bound       : +5.53655409808995e+03 (35 solutions)
Dual Bound         : +7.30369035679863e+03
Gap                : 31.92 %
