presolving:
   (0.0s) running MILP presolver
   (0.0s) MILP presolver (2 rounds): 0 aggregations, 29 fixings, 0 bound changes
(round 1, medium)     29 del vars, 0 del conss, 0 add conss, 0 chg bounds, 0 chg sides, 0 chg coeffs, 0 upgd conss, 0 impls, 189 clqs
(round 2, fast)       29 del vars, 1 del conss, 0 add conss, 0 chg bounds, 0 chg sides, 0 chg coeffs, 0 upgd conss, 0 impls, 189 clqs
(round 3, exhaustive) 29 del vars, 10 del conss, 0 add conss, 0 chg bounds, 9 chg sides, 0 chg coeffs, 0 upgd conss, 0 impls, 189 clqs
(round 4, exhaustive) 29 del vars, 10 del conss, 0 add conss, 0 chg bounds, 9 chg sides, 0 chg coeffs, 180 upgd conss, 0 impls, 189 clqs
(round 5, medium)     60 del vars, 10 del conss, 0 add conss, 0 chg bounds, 9 chg sides, 31 chg coeffs, 180 upgd conss, 0 impls, 189 clqs
(round 6, fast)       75 del vars, 10 del conss, 0 add conss, 0 chg bounds, 9 chg sides, 31 chg coeffs, 180 upgd conss, 0 impls, 189 clqs
(round 7, exhaustive) 75 del vars, 15 del conss, 0 add conss, 0 chg bounds, 9 chg sides, 31 chg coeffs, 180 upgd conss, 0 impls, 189 clqs
   (0.0s) probing: 51/425 (12.0%) - 0 fixings, 0 aggregations, 0 implications, 0 bound changes
   (0.0s) probing aborted: 50/50 successive totally useless probings
   (0.0s) symmetry computation started: requiring (bin +, int +, cont +), (fixed: bin -, int -, cont -)
   (0.0s) no symmetry present (symcode time: 0.00)
presolving (8 rounds: 8 fast, 6 medium, 4 exhaustive):
 75 deleted vars, 15 deleted constraints, 0 added constraints, 0 tightened bounds, 0 added holes, 9 changed sides, 31 changed coefficients
 0 implications, 189 cliques
presolved problem has 425 variables (425 bin, 0 int, 0 impl, 0 cont) and 175 constraints
    175 constraints of type <setppc>
Presolving Time: 0.04

 time | node  | left  |LP iter|LP it/n|mem/heur|mdpt |vars |cons |rows |cuts |sepa|confs|strbr|  dualbound   | primalbound  |  gap   | compl. 
  0.1s|     1 |     0 |  1649 |     - |  5394k |   0 | 425 | 175 | 175 |   0 |  0 |   0 |   0 | 7.047991e+03 |      --      |    Inf | unknown
d 0.1s|     1 |     0 |  1649 |     - |distribu|   0 | 425 | 175 | 175 |   0 |  1 |   0 |   0 | 7.047991e+03 | 2.379015e+03 | 196.26%| unknown
d 0.1s|     1 |     0 |  1757 |     - |distribu|   0 | 425 | 175 | 175 |   0 |  1 |   0 |   0 | 7.047991e+03 | 2.735557e+03 | 157.64%| unknown
d 0.1s|     1 |     0 |  1814 |     - |distribu|   0 | 425 | 175 | 175 |   0 |  1 |   0 |   0 | 7.047991e+03 | 6.847871e+03 |   2.92%| unknown
  0.1s|     1 |     0 |  1814 |     - |  5459k |   0 | 425 | 175 | 175 |   0 |  1 |   0 |   0 | 7.047991e+03 | 6.847871e+03 |   2.92%| unknown
  0.1s|     1 |     0 |  1814 |     - |  5459k |   0 | 425 | 175 | 174 |   0 |  1 |   0 |   0 | 7.047991e+03 | 6.847871e+03 |   2.92%| unknown

SCIP Status        : solving was interrupted [node limit reached]
Solving Time (sec) : 0.15
Solving Nodes      : 1
Primal Bound       : +6.84787147861992e+03 (3 solutions)
Dual Bound         : +7.04799071886363e+03
Gap                : 2.92 %
