presolving:
(round 1, fast)       0 del vars, 1 del conss, 0 add conss, 0 chg bounds, 0 chg sides, 0 chg coeffs, 0 upgd conss, 0 impls, 189 clqs
   (0.0s) running MILP presolver
   (0.0s) MILP presolver (2 rounds): 0 aggregations, 19 fixings, 0 bound changes
(round 2, medium)     19 del vars, 1 del conss, 0 add conss, 0 chg bounds, 0 chg sides, 0 chg coeffs, 0 upgd conss, 0 impls, 189 clqs
(round 3, exhaustive) 19 del vars, 6 del conss, 0 add conss, 0 chg bounds, 5 chg sides, 0 chg coeffs, 0 upgd conss, 0 impls, 189 clqs
(round 4, exhaustive) 19 del vars, 6 del conss, 0 add conss, 0 chg bounds, 5 chg sides, 0 chg coeffs, 184 upgd conss, 0 impls, 189 clqs
(round 5, medium)     57 del vars, 6 del conss, 0 add conss, 0 chg bounds, 5 chg sides, 38 chg coeffs, 184 upgd conss, 0 impls, 189 clqs
(round 6, fast)       72 del vars, 6 del conss, 0 add conss, 0 chg bounds, 5 chg sides, 38 chg coeffs, 184 upgd conss, 0 impls, 188 clqs
(round 7, exhaustive) 72 del vars, 8 del conss, 0 add conss, 0 chg bounds, 5 chg sides, 38 chg coeffs, 184 upgd conss, 0 impls, 188 clqs
   (0.0s) probing: 51/428 (11.9%) - 0 fixings, 0 aggregations, 0 implications, 0 bound changes
   (0.0s) probing aborted: 50/50 successive totally useless probings
   (0.0s) symmetry computation started: requiring (bin +, int +, cont +), (fixed: bin -, int -, cont -)
   (0.0s) no symmetry present (symcode time: 0.00)
presolving (8 rounds: 8 fast, 6 medium, 4 exhaustive):
 72 deleted vars, 8 deleted constraints, 0 added constraints, 0 tightened bounds, 0 added holes, 5 changed sides, 38 changed coefficients
 0 implications, 188 cliques
presolved problem has 428 variables (428 bin, 0 int, 0 impl, 0 cont) and 182 constraints
    182 constraints of type <setppc>
Presolving Time: 0.02

 time | node  | left  |LP iter|LP it/n|mem/heur|mdpt |vars |cons |rows |cuts |sepa|confs|strbr|  dualbound   | primalbound  |  gap   | compl. 
  0.1s|     1 |     0 |  1539 |     - |  5451k |   0 | 428 | 182 | 182 |   0 |  0 |   0 |   0 | 7.497740e+03 |      --      |    Inf | unknown
d 0.1s|     1 |     0 |  1539 |     - |distribu|   0 | 428 | 182 | 182 |   0 |  1 |   0 |   0 | 7.497740e+03 | 2.571644e+03 | 191.55%| unknown
d 0.1s|     1 |     0 |  1650 |     - |distribu|   0 | 428 | 182 | 182 |   0 |  1 |   0 |   0 | 7.497740e+03 | 2.644236e+03 | 183.55%| unknown
d 0.1s|     1 |     0 |  1678 |     - |distribu|   0 | 428 | 182 | 182 |   0 |  1 |   0 |   0 | 7.497740e+03 | 3.012870e+03 | 148.86%| unknown
d 0.1s|     1 |     0 |  1783 |     - |distribu|   0 | 428 | 182 | 182 |   0 |  1 |   0 |   0 | 7.497740e+03 | 3.415814e+03 | 119.50%| unknown
d 0.1s|     1 |     0 |  1829 |     - |distribu|   0 | 428 | 182 | 182 |   0 |  1 |   0 |   0 | 7.497740e+03 | 3.648464e+03 | 105.50%| unknown
d 0.1s|     1 |     0 |  1854 |     - |distribu|   0 | 428 | 182 | 182 |   0 |  1 |   0 |   0 | 7.497740e+03 | 3.783202e+03 |  98.19%| unknown
d 0.1s|     1 |     0 |  1872 |     - |distribu|   0 | 428 | 182 | 182 |   0 |  1 |   0 |   0 | 7.497740e+03 | 5.166410e+03 |  45.12%| unknown
d 0.1s|     1 |     0 |  1879 |     - |distribu|   0 | 428 | 182 | 182 |   0 |  1 |   0 |   0 | 7.497740e+03 | 6.374053e+03 |  17.63%| unknown
  0.1s|     1 |     0 |  1879 |     - |  5602k |   0 | 428 | 182 | 182 |   0 |  1 |   0 |   0 | 7.497740e+03 | 6.374053e+03 |  17.63%| unknown
  0.3s|     1 |     2 |  1879 |     - |  5866k |   0 | 428 | 182 | 182 |   0 |  2 |   0 |  42 | 7.463030e+03 | 6.374053e+03 |  17.08%| unknown

SCIP Status        : solving was interrupted [node limit reached]
Solving Time (sec) : 0.30
Solving Nodes      : 1
Primal Bound       : +6.37405252495851e+03 (51 solutions)
Dual Bound         : +7.46303034792124e+03
Gap                : 17.08 %
