presolving:
(round 1, fast)       0 del vars, 1 del conss, 0 add conss, 0 chg bounds, 0 chg sides, 0 chg coeffs, 0 upgd conss, 0 impls, 193 clqs
   (0.0s) running MILP presolver
   (0.0s) MILP presolver (2 rounds): 0 aggregations, 20 fixings, 0 bound changes
(round 2, medium)     20 del vars, 1 del conss, 0 add conss, 0 chg bounds, 0 chg sides, 0 chg coeffs, 0 upgd conss, 0 impls, 193 clqs
(round 3, fast)       21 del vars, 2 del conss, 0 add conss, 0 chg bounds, 0 chg sides, 0 chg coeffs, 0 upgd conss, 0 impls, 192 clqs
(round 4, exhaustive) 21 del vars, 8 del conss, 0 add conss, 0 chg bounds, 6 chg sides, 0 chg coeffs, 0 upgd conss, 0 impls, 192 clqs
(round 5, exhaustive) 21 del vars, 8 del conss, 0 add conss, 0 chg bounds, 6 chg sides, 0 chg coeffs, 186 upgd conss, 0 impls, 192 clqs
(round 6, medium)     57 del vars, 8 del conss, 0 add conss, 0 chg bounds, 6 chg sides, 36 chg coeffs, 186 upgd conss, 0 impls, 192 clqs
(round 7, fast)       72 del vars, 9 del conss, 0 add conss, 0 chg bounds, 6 chg sides, 36 chg coeffs, 186 upgd conss, 0 impls, 190 clqs
(round 8, exhaustive) 72 del vars, 13 del conss, 0 add conss, 0 chg bounds, 6 chg sides, 36 chg coeffs, 186 upgd conss, 0 impls, 190 clqs
(round 9, exhaustive) 74 del vars, 13 del conss, 0 add conss, 0 chg bounds, 6 chg sides, 36 chg coeffs, 186 upgd conss, 0 impls, 189 clqs
   (0.0s) probing: 51/426 (12.0%) - 0 fixings, 0 aggregations, 0 implications, 0 bound changes
   (0.0s) probing aborted: 50/50 successive totally useless probings
   (0.0s) symmetry computation started: requiring (bin +, int +, cont +), (fixed: bin -, int -, cont -)
   (0.0s) no symmetry present (symcode time: 0.00)
presolving (10 rounds: 10 fast, 7 medium, 5 exhaustive):
 74 deleted vars, 13 deleted constraints, 0 added constraints, 0 tightened bounds, 0 added holes, 6 changed sides, 36 changed coefficients
 0 implications, 189 cliques
presolved problem has 426 variables (426 bin, 0 int, 0 impl, 0 cont) and 181 constraints
    181 constraints of type <setppc>
Presolving Time: 0.02

 time | node  | left  |LP iter|LP it/n|mem/heur|mdpt |vars |cons |rows |cuts |sepa|confs|strbr|  dualbound   | primalbound  |  gap   | compl. 
  0.1s|     1 |     0 |  1164 |     - |  5302k |   0 | 426 | 181 | 181 |   0 |  0 |   0 |   0 | 7.598777e+03 |      --      |    Inf | unknown
d 0.1s|     1 |     0 |  1164 |     - |distribu|   0 | 426 | 181 | 181 |   0 |  1 |   0 |   0 | 7.598777e+03 | 2.661730e+03 | 185.48%| unknown
d 0.1s|     1 |     0 |  1258 |     - |distribu|   0 | 426 | 181 | 181 |   0 |  1 |   0 |   0 | 7.598777e+03 | 3.181062e+03 | 138.88%| unknown
d 0.1s|     1 |     0 |  1309 |     - |distribu|   0 | 426 | 181 | 181 |   0 |  1 |   0 |   0 | 7.598777e+03 | 3.931438e+03 |  93.28%| unknown
d 0.1s|     1 |     0 |  1365 |     - |distribu|   0 | 426 | 181 | 181 |   0 |  1 |   0 |   0 | 7.598777e+03 | 5.017445e+03 |  51.45%| unknown
d 0.1s|     1 |     0 |  1383 |     - |distribu|   0 | 426 | 181 | 181 |   0 |  1 |   0 |   0 | 7.598777e+03 | 7.027427e+03 |   8.13%| unknown
  0.1s|     1 |     0 |  1383 |     - |  5411k |   0 | 426 | 181 | 181 |   0 |  1 |   0 |   0 | 7.598777e+03 | 7.027427e+03 |   8.13%| unknown
  0.2s|     1 |     2 |  1383 |     - |  5566k |   0 | 426 | 181 | 181 |   0 |  2 |   0 |  30 | 7.559169e+03 | 7.027427e+03 |   7.57%| unknown

SCIP Status        : solving was interrupted [node limit reached]
Solving Time (sec) : 0.20
Solving Nodes      : 1
Primal Bound       : +7.02742654747145e+03 (35 solutions)
Dual Bound         : +7.55916917010715e+03
Gap                : 7.57 %
