presolving:
   (0.0s) running MILP presolver
   (0.0s) MILP presolver (2 rounds): 0 aggregations, 26 fixings, 0 bound changes
(round 1, medium)     26 del vars, 0 del conss, 0 add conss, 0 chg bounds, 0 chg sides, 0 chg coeffs, 0 upgd conss, 0 impls, 189 clqs
(round 2, fast)       26 del vars, 2 del conss, 0 add conss, 0 chg bounds, 0 chg sides, 0 chg coeffs, 0 upgd conss, 0 impls, 189 clqs
(round 3, exhaustive) 26 del vars, 7 del conss, 0 add conss, 0 chg bounds, 5 chg sides, 0 chg coeffs, 0 upgd conss, 0 impls, 189 clqs
(round 4, exhaustive) 26 del vars, 7 del conss, 0 add conss, 0 chg bounds, 5 chg sides, 0 chg coeffs, 184 upgd conss, 0 impls, 189 clqs
(round 5, medium)     72 del vars, 7 del conss, 0 add conss, 0 chg bounds, 5 chg sides, 46 chg coeffs, 184 upgd conss, 0 impls, 189 clqs
(round 6, fast)       100 del vars, 7 del conss, 0 add conss, 0 chg bounds, 5 chg sides, 46 chg coeffs, 184 upgd conss, 0 impls, 188 clqs
   (0.0s) running MILP presolver
   (0.0s) MILP presolver (2 rounds): 0 aggregations, 3 fixings, 0 bound changes
(round 7, medium)     103 del vars, 7 del conss, 0 add conss, 0 chg bounds, 5 chg sides, 46 chg coeffs, 184 upgd conss, 0 impls, 188 clqs
(round 8, exhaustive) 103 del vars, 14 del conss, 0 add conss, 0 chg bounds, 5 chg sides, 46 chg coeffs, 184 upgd conss, 0 impls, 188 clqs
   (0.0s) probing: 51/397 (12.8%) - 0 fixings, 0 aggregations, 0 implications, 0 bound changes
   (0.0s) probing aborted: 50/50 successive totally useless probings
   (0.0s) symmetry computation started: requiring (bin +, int +, cont +), (fixed: bin -, int -, cont -)
   (0.0s) no symmetry present (symcode time: 0.00)
presolving (9 rounds: 9 fast, 7 medium, 4 exhaustive):
 103 deleted vars, 14 deleted constraints, 0 added constraints, 0 tightened bounds, 0 added holes, 5 changed sides, 46 changed coefficients
 0 implications, 188 cliques
presolved problem has 397 variables (397 bin, 0 int, 0 impl, 0 cont) and 177 constraints
    177 constraints of type <setppc>
Presolving Time: 0.02

 time | node  | left  |LP iter|LP it/n|mem/heur|mdpt |vars |cons |rows |cuts |sepa|confs|strbr|  dualbound   | primalbound  |  gap   | compl. 
  0.1s|     1 |     0 |  1205 |     - |  4958k |   0 | 397 | 177 | 177 |   0 |  0 |   0 |   0 | 7.947105e+03 |      --      |    Inf | unknown
d 0.1s|     1 |     0 |  1205 |     - |distribu|   0 | 397 | 177 | 177 |   0 |  1 |   0 |   0 | 7.947105e+03 | 3.401646e+03 | 133.63%| unknown
d 0.1s|     1 |     0 |  1292 |     - |distribu|   0 | 397 | 177 | 177 |   0 |  1 |   0 |   0 | 7.947105e+03 | 4.095321e+03 |  94.05%| unknown
d 0.1s|     1 |     0 |  1421 |     - |distribu|   0 | 397 | 177 | 177 |   0 |  1 |   0 |   0 | 7.947105e+03 | 4.727346e+03 |  68.11%| unknown
d 0.1s|     1 |     0 |  1460 |     - |distribu|   0 | 397 | 177 | 177 |   0 |  1 |   0 |   0 | 7.947105e+03 | 6.110584e+03 |  30.05%| unknown
d 0.1s|     1 |     0 |  1470 |     - |distribu|   0 | 397 | 177 | 177 |   0 |  1 |   0 |   0 | 7.947105e+03 | 6.898317e+03 |  15.20%| unknown
  0.1s|     1 |     0 |  1470 |     - |  5076k |   0 | 397 | 177 | 177 |   0 |  1 |   0 |   0 | 7.947105e+03 | 6.898317e+03 |  15.20%| unknown
  0.1s|     1 |     2 |  1470 |     - |  5161k |   0 | 397 | 177 | 177 |   0 |  2 |   0 |  20 | 7.906823e+03 | 6.898317e+03 |  14.62%| unknown

SCIP Status        : solving was interrupted [node limit reached]
Solving Time (sec) : 0.14
Solving Nodes      : 1
Primal Bound       : +6.89831745083464e+03 (28 solutions)
Dual Bound         : +7.90682310120523e+03
Gap                : 14.62 %
