presolving:
   (0.0s) running MILP presolver
   (0.0s) MILP presolver (2 rounds): 0 aggregations, 13 fixings, 0 bound changes
(round 1, medium)     13 del vars, 0 del conss, 0 add conss, 0 chg bounds, 0 chg sides, 0 chg coeffs, 0 upgd conss, 0 impls, 192 clqs
(round 2, exhaustive) 13 del vars, 5 del conss, 0 add conss, 0 chg bounds, 5 chg sides, 0 chg coeffs, 0 upgd conss, 0 impls, 192 clqs
(round 3, exhaustive) 13 del vars, 5 del conss, 0 add conss, 0 chg bounds, 5 chg sides, 0 chg coeffs, 187 upgd conss, 0 impls, 192 clqs
(round 4, medium)     48 del vars, 5 del conss, 0 add conss, 0 chg bounds, 5 chg sides, 35 chg coeffs, 187 upgd conss, 0 impls, 192 clqs
(round 5, fast)       76 del vars, 5 del conss, 0 add conss, 0 chg bounds, 5 chg sides, 35 chg coeffs, 187 upgd conss, 0 impls, 192 clqs
(round 6, exhaustive) 76 del vars, 12 del conss, 0 add conss, 0 chg bounds, 5 chg sides, 35 chg coeffs, 187 upgd conss, 0 impls, 192 clqs
   (0.0s) probing: 51/424 (12.0%) - 0 fixings, 0 aggregations, 0 implications, 0 bound changes
   (0.0s) probing aborted: 50/50 successive totally useless probings
   (0.0s) symmetry computation started: requiring (bin +, int +, cont +), (fixed: bin -, int -, cont -)
   (0.0s) no symmetry present (symcode time: 0.00)
presolving (7 rounds: 7 fast, 6 medium, 4 exhaustive):
 76 deleted vars, 12 deleted constraints, 0 added constraints, 0 tightened bounds, 0 added holes, 5 changed sides, 35 changed coefficients
 0 implications, 192 cliques
presolved problem has 424 variables (424 bin, 0 int, 0 impl, 0 cont) and 180 constraints
    180 constraints of type <setppc>
Presolving Time: 0.02

 time | node  | left  |LP iter|LP it/n|mem/heur|mdpt |vars |cons |rows |cuts |sepa|confs|strbr|  dualbound   | primalbound  |  gap   | compl. 
  0.1s|     1 |     0 |  1644 |     - |  5304k |   0 | 424 | 180 | 180 |   0 |  0 |   0 |   0 | 7.982493e+03 |      --      |    Inf | unknown
d 0.1s|     1 |     0 |  1644 |     - |distribu|   0 | 424 | 180 | 180 |   0 |  1 |   0 |   0 | 7.982493e+03 | 3.286779e+03 | 142.87%| unknown
d 0.1s|     1 |     0 |  1688 |     - |distribu|   0 | 424 | 180 | 180 |   0 |  1 |   0 |   0 | 7.982493e+03 | 3.445600e+03 | 131.67%| unknown
d 0.1s|     1 |     0 |  1765 |     - |distribu|   0 | 424 | 180 | 180 |   0 |  1 |   0 |   0 | 7.982493e+03 | 3.523764e+03 | 126.53%| unknown
d 0.1s|     1 |     0 |  1833 |     - |distribu|   0 | 424 | 180 | 180 |   0 |  1 |   0 |   0 | 7.982493e+03 | 4.989635e+03 |  59.98%| unknown
d 0.1s|     1 |     0 |  1914 |     - |distribu|   0 | 424 | 180 | 180 |   0 |  1 |   0 |   0 | 7.982493e+03 | 6.406368e+03 |  24.60%| unknown
d 0.1s|     1 |     0 |  1916 |     - |distribu|   0 | 424 | 180 | 180 |   0 |  1 |   0 |   0 | 7.982493e+03 | 6.910797e+03 |  15.51%| unknown
  0.1s|     1 |     0 |  1916 |     - |  5413k |   0 | 424 | 180 | 180 |   0 |  1 |   0 |   0 | 7.982493e+03 | 6.910797e+03 |  15.51%| unknown
  0.2s|     1 |     2 |  1916 |     - |  5646k |   0 | 424 | 180 | 180 |   0 |  2 |   0 |  25 | 7.933211e+03 | 6.910797e+03 |  14.79%| unknown

SCIP Status        : solving was interrupted [node limit reached]
Solving Time (sec) : 0.25
Solving Nodes      : 1
Primal Bound       : +6.91079650842183e+03 (40 solutions)
Dual Bound         : +7.93321064744228e+03
Gap                : 14.79 %
