presolving:
(round 1, fast)       1 del vars, 1 del conss, 0 add conss, 0 chg bounds, 0 chg sides, 0 chg coeffs, 0 upgd conss, 0 impls, 191 clqs
(round 2, fast)       2 del vars, 1 del conss, 0 add conss, 0 chg bounds, 0 chg sides, 0 chg coeffs, 0 upgd conss, 0 impls, 191 clqs
   (0.0s) running MILP presolver
   (0.0s) MILP presolver (2 rounds): 0 aggregations, 19 fixings, 0 bound changes
(round 3, medium)     21 del vars, 1 del conss, 0 add conss, 0 chg bounds, 0 chg sides, 0 chg coeffs, 0 upgd conss, 0 impls, 191 clqs
(round 4, exhaustive) 21 del vars, 5 del conss, 0 add conss, 0 chg bounds, 4 chg sides, 0 chg coeffs, 0 upgd conss, 0 impls, 191 clqs
(round 5, exhaustive) 21 del vars, 5 del conss, 0 add conss, 0 chg bounds, 4 chg sides, 0 chg coeffs, 187 upgd conss, 0 impls, 191 clqs
(round 6, medium)     54 del vars, 5 del conss, 0 add conss, 0 chg bounds, 4 chg sides, 33 chg coeffs, 187 upgd conss, 0 impls, 191 clqs
(round 7, fast)       60 del vars, 5 del conss, 0 add conss, 0 chg bounds, 4 chg sides, 33 chg coeffs, 187 upgd conss, 0 impls, 191 clqs
(round 8, exhaustive) 60 del vars, 7 del conss, 0 add conss, 0 chg bounds, 4 chg sides, 33 chg coeffs, 187 upgd conss, 0 impls, 191 clqs
   (0.0s) probing: 51/440 (11.6%) - 0 fixings, 0 aggregations, 0 implications, 0 bound changes
   (0.0s) probing aborted: 50/50 successive totally useless probings
   (0.0s) symmetry computation started: requiring (bin +, int +, cont +), (fixed: bin -, int -, cont -)
   (0.0s) no symmetry present (symcode time: 0.00)
presolving (9 rounds: 9 fast, 6 medium, 4 exhaustive):
 60 deleted vars, 7 deleted constraints, 0 added constraints, 0 tightened bounds, 0 added holes, 4 changed sides, 33 changed coefficients
 0 implications, 191 cliques
presolved problem has 440 variables (440 bin, 0 int, 0 impl, 0 cont) and 185 constraints
    185 constraints of type <setppc>
Presolving Time: 0.02

 time | node  | left  |LP iter|LP it/n|mem/heur|mdpt |vars |cons |rows |cuts |sepa|confs|strbr|  dualbound   | primalbound  |  gap   | compl. 
  0.1s|     1 |     0 |  1365 |     - |  5438k |   0 | 440 | 185 | 185 |   0 |  0 |   0 |   0 | 7.543662e+03 |      --      |    Inf | unknown
d 0.1s|     1 |     0 |  1365 |     - |distribu|   0 | 440 | 185 | 185 |   0 |  1 |   0 |   0 | 7.543662e+03 | 2.491891e+03 | 202.73%| unknown
d 0.1s|     1 |     0 |  1454 |     - |distribu|   0 | 440 | 185 | 185 |   0 |  1 |   0 |   0 | 7.543662e+03 | 2.965913e+03 | 154.35%| unknown
d 0.1s|     1 |     0 |  1533 |     - |distribu|   0 | 440 | 185 | 185 |   0 |  1 |   0 |   0 | 7.543662e+03 | 3.324321e+03 | 126.92%| unknown
d 0.1s|     1 |     0 |  1574 |     - |distribu|   0 | 440 | 185 | 185 |   0 |  1 |   0 |   0 | 7.543662e+03 | 6.919330e+03 |   9.02%| unknown
  0.1s|     1 |     0 |  1574 |     - |  5542k |   0 | 440 | 185 | 185 |   0 |  1 |   0 |   0 | 7.543662e+03 | 6.919330e+03 |   9.02%| unknown
  0.2s|     1 |     2 |  1574 |     - |  5618k |   0 | 440 | 185 | 185 |   0 |  2 |   0 |  23 | 7.482037e+03 | 6.919330e+03 |   8.13%| unknown

SCIP Status        : solving was interrupted [node limit reached]
Solving Time (sec) : 0.19
Solving Nodes      : 1
Primal Bound       : +6.91933007213430e+03 (26 solutions)
Dual Bound         : +7.48203703157900e+03
Gap                : 8.13 %
