presolving:
   (0.0s) running MILP presolver
   (0.0s) MILP presolver (2 rounds): 0 aggregations, 17 fixings, 0 bound changes
(round 1, medium)     17 del vars, 0 del conss, 0 add conss, 0 chg bounds, 0 chg sides, 0 chg coeffs, 0 upgd conss, 0 impls, 190 clqs
(round 2, exhaustive) 17 del vars, 3 del conss, 0 add conss, 0 chg bounds, 3 chg sides, 0 chg coeffs, 0 upgd conss, 0 impls, 190 clqs
(round 3, exhaustive) 17 del vars, 3 del conss, 0 add conss, 0 chg bounds, 3 chg sides, 0 chg coeffs, 187 upgd conss, 0 impls, 190 clqs
(round 4, medium)     57 del vars, 3 del conss, 0 add conss, 0 chg bounds, 3 chg sides, 40 chg coeffs, 187 upgd conss, 0 impls, 190 clqs
(round 5, fast)       94 del vars, 7 del conss, 0 add conss, 0 chg bounds, 3 chg sides, 40 chg coeffs, 187 upgd conss, 0 impls, 186 clqs
   (0.0s) running MILP presolver
   (0.0s) MILP presolver found nothing
(round 6, exhaustive) 94 del vars, 11 del conss, 0 add conss, 0 chg bounds, 3 chg sides, 40 chg coeffs, 187 upgd conss, 0 impls, 186 clqs
   (0.0s) probing: 51/406 (12.6%) - 0 fixings, 0 aggregations, 0 implications, 0 bound changes
   (0.0s) probing aborted: 50/50 successive totally useless probings
   (0.0s) symmetry computation started: requiring (bin +, int +, cont +), (fixed: bin -, int -, cont -)
   (0.0s) no symmetry present (symcode time: 0.00)
presolving (7 rounds: 7 fast, 6 medium, 4 exhaustive):
 94 deleted vars, 11 deleted constraints, 0 added constraints, 0 tightened bounds, 0 added holes, 3 changed sides, 40 changed coefficients
 0 implications, 186 cliques
presolved problem has 406 variables (406 bin, 0 int, 0 impl, 0 cont) and 179 constraints
    179 constraints of type <setppc>
Presolving Time: 0.02

 time | node  | left  |LP iter|LP it/n|mem/heur|mdpt |vars |cons |rows |cuts |sepa|confs|strbr|  dualbound   | primalbound  |  gap   | compl. 
  0.1s|     1 |     0 |  1017 |     - |  5194k |   0 | 406 | 179 | 179 |   0 |  0 |   0 |   0 | 7.768330e+03 |      --      |    Inf | unknown
d 0.1s|     1 |     0 |  1017 |     - |distribu|   0 | 406 | 179 | 179 |   0 |  1 |   0 |   0 | 7.768330e+03 | 3.578044e+03 | 117.11%| unknown
d 0.1s|     1 |     0 |  1068 |     - |distribu|   0 | 406 | 179 | 179 |   0 |  1 |   0 |   0 | 7.768330e+03 | 3.718027e+03 | 108.94%| unknown
d 0.1s|     1 |     0 |  1121 |     - |distribu|   0 | 406 | 179 | 179 |   0 |  1 |   0 |   0 | 7.768330e+03 | 4.312477e+03 |  80.14%| unknown
d 0.1s|     1 |     0 |  1189 |     - |distribu|   0 | 406 | 179 | 179 |   0 |  1 |   0 |   0 | 7.768330e+03 | 4.695709e+03 |  65.43%| unknown
d 0.1s|     1 |     0 |  1335 |     - |distribu|   0 | 406 | 179 | 179 |   0 |  1 |   0 |   0 | 7.768330e+03 | 5.640716e+03 |  37.72%| unknown
d 0.1s|     1 |     0 |  1342 |     - |distribu|   0 | 406 | 179 | 179 |   0 |  1 |   0 |   0 | 7.768330e+03 | 6.925646e+03 |  12.17%| unknown
  0.1s|     1 |     0 |  1342 |     - |  5313k |   0 | 406 | 179 | 179 |   0 |  1 |   0 |   0 | 7.768330e+03 | 6.925646e+03 |  12.17%| unknown
  0.2s|     1 |     2 |  1342 |     - |  5491k |   0 | 406 | 179 | 179 |   0 |  2 |   0 |  24 | 7.750776e+03 | 6.925646e+03 |  11.91%| unknown

SCIP Status        : solving was interrupted [node limit reached]
Solving Time (sec) : 0.16
Solving Nodes      : 1
Primal Bound       : +6.92564576415786e+03 (33 solutions)
Dual Bound         : +7.75077611543804e+03
Gap                : 11.91 %
