presolving:
(round 1, fast)       0 del vars, 1 del conss, 0 add conss, 0 chg bounds, 0 chg sides, 0 chg coeffs, 0 upgd conss, 0 impls, 190 clqs
   (0.0s) running MILP presolver
   (0.0s) MILP presolver (2 rounds): 0 aggregations, 18 fixings, 0 bound changes
(round 2, medium)     18 del vars, 1 del conss, 0 add conss, 0 chg bounds, 0 chg sides, 0 chg coeffs, 0 upgd conss, 0 impls, 190 clqs
(round 3, exhaustive) 18 del vars, 7 del conss, 0 add conss, 0 chg bounds, 6 chg sides, 0 chg coeffs, 0 upgd conss, 0 impls, 190 clqs
(round 4, exhaustive) 18 del vars, 7 del conss, 0 add conss, 0 chg bounds, 6 chg sides, 0 chg coeffs, 184 upgd conss, 0 impls, 190 clqs
(round 5, medium)     62 del vars, 7 del conss, 0 add conss, 0 chg bounds, 6 chg sides, 44 chg coeffs, 184 upgd conss, 0 impls, 190 clqs
(round 6, fast)       82 del vars, 7 del conss, 0 add conss, 0 chg bounds, 6 chg sides, 44 chg coeffs, 184 upgd conss, 0 impls, 189 clqs
(round 7, exhaustive) 82 del vars, 13 del conss, 0 add conss, 0 chg bounds, 6 chg sides, 44 chg coeffs, 184 upgd conss, 0 impls, 189 clqs
   (0.0s) probing: 51/418 (12.2%) - 0 fixings, 0 aggregations, 0 implications, 0 bound changes
   (0.0s) probing aborted: 50/50 successive totally useless probings
   (0.0s) symmetry computation started: requiring (bin +, int +, cont +), (fixed: bin -, int -, cont -)
   (0.0s) no symmetry present (symcode time: 0.00)
presolving (8 rounds: 8 fast, 6 medium, 4 exhaustive):
 82 deleted vars, 13 deleted constraints, 0 added constraints, 0 tightened bounds, 0 added holes, 6 changed sides, 44 changed coefficients
 0 implications, 189 cliques
presolved problem has 418 variables (418 bin, 0 int, 0 impl, 0 cont) and 178 constraints
    178 constraints of type <setppc>
Presolving Time: 0.02

 time | node  | left  |LP iter|LP it/n|mem/heur|mdpt |vars |cons |rows |cuts |sepa|confs|strbr|  dualbound   | primalbound  |  gap   | compl. 
  0.1s|     1 |     0 |  1276 |     - |  5198k |   0 | 418 | 178 | 178 |   0 |  0 |   0 |   0 | 7.511509e+03 |      --      |    Inf | unknown
d 0.2s|     1 |     0 |  1276 |     - |distribu|   0 | 418 | 178 | 178 |   0 |  1 |   0 |   0 | 7.511509e+03 | 3.737684e+03 | 100.97%| unknown
d 0.2s|     1 |     0 |  1427 |     - |distribu|   0 | 418 | 178 | 178 |   0 |  1 |   0 |   0 | 7.511509e+03 | 5.011364e+03 |  49.89%| unknown
d 0.2s|     1 |     0 |  1439 |     - |distribu|   0 | 418 | 178 | 178 |   0 |  1 |   0 |   0 | 7.511509e+03 | 7.140436e+03 |   5.20%| unknown
  0.2s|     1 |     0 |  1439 |     - |  5292k |   0 | 418 | 178 | 178 |   0 |  1 |   0 |   0 | 7.511509e+03 | 7.140436e+03 |   5.20%| unknown
  0.3s|     1 |     2 |  1439 |     - |  5653k |   0 | 418 | 178 | 178 |   0 |  2 |   0 |  41 | 7.465551e+03 | 7.140436e+03 |   4.55%| unknown

SCIP Status        : solving was interrupted [node limit reached]
Solving Time (sec) : 0.31
Solving Nodes      : 1
Primal Bound       : +7.14043556007857e+03 (53 solutions)
Dual Bound         : +7.46555100964533e+03
Gap                : 4.55 %
