presolving:
   (0.0s) running MILP presolver
   (0.0s) MILP presolver (2 rounds): 0 aggregations, 25 fixings, 0 bound changes
(round 1, medium)     25 del vars, 0 del conss, 0 add conss, 0 chg bounds, 0 chg sides, 0 chg coeffs, 0 upgd conss, 0 impls, 189 clqs
(round 2, exhaustive) 25 del vars, 2 del conss, 0 add conss, 0 chg bounds, 2 chg sides, 0 chg coeffs, 0 upgd conss, 0 impls, 189 clqs
(round 3, exhaustive) 25 del vars, 2 del conss, 0 add conss, 0 chg bounds, 2 chg sides, 0 chg coeffs, 187 upgd conss, 0 impls, 189 clqs
(round 4, medium)     66 del vars, 2 del conss, 0 add conss, 0 chg bounds, 2 chg sides, 41 chg coeffs, 187 upgd conss, 0 impls, 189 clqs
(round 5, fast)       101 del vars, 10 del conss, 0 add conss, 0 chg bounds, 2 chg sides, 41 chg coeffs, 187 upgd conss, 0 impls, 181 clqs
   (0.0s) running MILP presolver
   (0.0s) MILP presolver (2 rounds): 0 aggregations, 1 fixings, 0 bound changes
(round 6, medium)     102 del vars, 10 del conss, 0 add conss, 0 chg bounds, 2 chg sides, 41 chg coeffs, 187 upgd conss, 0 impls, 181 clqs
(round 7, exhaustive) 102 del vars, 18 del conss, 0 add conss, 0 chg bounds, 2 chg sides, 41 chg coeffs, 187 upgd conss, 0 impls, 181 clqs
(round 8, fast)       104 del vars, 18 del conss, 0 add conss, 0 chg bounds, 2 chg sides, 41 chg coeffs, 187 upgd conss, 0 impls, 180 clqs
(round 9, medium)     105 del vars, 18 del conss, 0 add conss, 0 chg bounds, 2 chg sides, 42 chg coeffs, 187 upgd conss, 0 impls, 179 clqs
   (0.0s) probing: 51/395 (12.9%) - 0 fixings, 0 aggregations, 0 implications, 0 bound changes
   (0.0s) probing aborted: 50/50 successive totally useless probings
   (0.0s) symmetry computation started: requiring (bin +, int +, cont +), (fixed: bin -, int -, cont -)
   (0.0s) no symmetry present (symcode time: 0.00)
presolving (10 rounds: 10 fast, 8 medium, 4 exhaustive):
 105 deleted vars, 18 deleted constraints, 0 added constraints, 0 tightened bounds, 0 added holes, 2 changed sides, 42 changed coefficients
 0 implications, 179 cliques
presolved problem has 395 variables (395 bin, 0 int, 0 impl, 0 cont) and 171 constraints
    171 constraints of type <setppc>
Presolving Time: 0.02

 time | node  | left  |LP iter|LP it/n|mem/heur|mdpt |vars |cons |rows |cuts |sepa|confs|strbr|  dualbound   | primalbound  |  gap   | compl. 
  0.1s|     1 |     0 |   901 |     - |  5072k |   0 | 395 | 171 | 171 |   0 |  0 |   0 |   0 | 7.795007e+03 |      --      |    Inf | unknown
d 0.1s|     1 |     0 |   901 |     - |distribu|   0 | 395 | 171 | 171 |   0 |  1 |   0 |   0 | 7.795007e+03 | 4.283144e+03 |  81.99%| unknown
d 0.1s|     1 |     0 |   977 |     - |distribu|   0 | 395 | 171 | 171 |   0 |  1 |   0 |   0 | 7.795007e+03 | 4.380848e+03 |  77.93%| unknown
d 0.1s|     1 |     0 |  1059 |     - |distribu|   0 | 395 | 171 | 171 |   0 |  1 |   0 |   0 | 7.795007e+03 | 4.446298e+03 |  75.31%| unknown
d 0.1s|     1 |     0 |  1084 |     - |distribu|   0 | 395 | 171 | 171 |   0 |  1 |   0 |   0 | 7.795007e+03 | 5.573745e+03 |  39.85%| unknown
d 0.1s|     1 |     0 |  1111 |     - |distribu|   0 | 395 | 171 | 171 |   0 |  1 |   0 |   0 | 7.795007e+03 | 7.018904e+03 |  11.06%| unknown
  0.1s|     1 |     0 |  1111 |     - |  5203k |   0 | 395 | 171 | 171 |   0 |  1 |   0 |   0 | 7.795007e+03 | 7.018904e+03 |  11.06%| unknown
  0.1s|     1 |     2 |  1111 |     - |  5363k |   0 | 395 | 171 | 171 |   0 |  2 |   0 |  19 | 7.761044e+03 | 7.018904e+03 |  10.57%| unknown

SCIP Status        : solving was interrupted [node limit reached]
Solving Time (sec) : 0.11
Solving Nodes      : 1
Primal Bound       : +7.01890416661457e+03 (29 solutions)
Dual Bound         : +7.76104363370823e+03
Gap                : 10.57 %
