presolving:
   (0.0s) running MILP presolver
   (0.0s) MILP presolver (2 rounds): 0 aggregations, 5 fixings, 0 bound changes
(round 1, medium)     5 del vars, 0 del conss, 0 add conss, 0 chg bounds, 0 chg sides, 0 chg coeffs, 0 upgd conss, 0 impls, 196 clqs
(round 2, exhaustive) 5 del vars, 6 del conss, 0 add conss, 0 chg bounds, 6 chg sides, 0 chg coeffs, 0 upgd conss, 0 impls, 196 clqs
(round 3, exhaustive) 5 del vars, 6 del conss, 0 add conss, 0 chg bounds, 6 chg sides, 0 chg coeffs, 190 upgd conss, 0 impls, 196 clqs
(round 4, medium)     39 del vars, 6 del conss, 0 add conss, 0 chg bounds, 6 chg sides, 34 chg coeffs, 190 upgd conss, 0 impls, 196 clqs
(round 5, fast)       58 del vars, 6 del conss, 0 add conss, 0 chg bounds, 6 chg sides, 34 chg coeffs, 190 upgd conss, 0 impls, 195 clqs
(round 6, exhaustive) 58 del vars, 9 del conss, 0 add conss, 0 chg bounds, 6 chg sides, 34 chg coeffs, 190 upgd conss, 0 impls, 195 clqs
   (0.0s) probing: 51/442 (11.5%) - 0 fixings, 0 aggregations, 0 implications, 0 bound changes
   (0.0s) probing aborted: 50/50 successive totally useless probings
   (0.0s) symmetry computation started: requiring (bin +, int +, cont +), (fixed: bin -, int -, cont -)
   (0.0s) no symmetry present (symcode time: 0.00)
presolving (7 rounds: 7 fast, 6 medium, 4 exhaustive):
 58 deleted vars, 9 deleted constraints, 0 added constraints, 0 tightened bounds, 0 added holes, 6 changed sides, 34 changed coefficients
 0 implications, 195 cliques
presolved problem has 442 variables (442 bin, 0 int, 0 impl, 0 cont) and 187 constraints
    187 constraints of type <setppc>
Presolving Time: 0.01

 time | node  | left  |LP iter|LP it/n|mem/heur|mdpt |vars |cons |rows |cuts |sepa|confs|strbr|  dualbound   | primalbound  |  gap   | compl. 
  0.1s|     1 |     0 |  1836 |     - |  5425k |   0 | 442 | 187 | 187 |   0 |  0 |   0 |   0 | 7.695977e+03 |      --      |    Inf | unknown
d 0.1s|     1 |     0 |  1836 |     - |distribu|   0 | 442 | 187 | 187 |   0 |  1 |   0 |   0 | 7.695977e+03 | 2.686537e+03 | 186.46%| unknown
d 0.1s|     1 |     0 |  1886 |     - |distribu|   0 | 442 | 187 | 187 |   0 |  1 |   0 |   0 | 7.695977e+03 | 2.935092e+03 | 162.21%| unknown
d 0.1s|     1 |     0 |  1994 |     - |distribu|   0 | 442 | 187 | 187 |   0 |  1 |   0 |   0 | 7.695977e+03 | 3.957029e+03 |  94.49%| unknown
d 0.1s|     1 |     0 |  2096 |     - |distribu|   0 | 442 | 187 | 187 |   0 |  1 |   0 |   0 | 7.695977e+03 | 4.283904e+03 |  79.65%| unknown
d 0.1s|     1 |     0 |  2234 |     - |distribu|   0 | 442 | 187 | 187 |   0 |  1 |   0 |   0 | 7.695977e+03 | 6.585377e+03 |  16.86%| unknown
  0.1s|     1 |     0 |  2234 |     - |  5562k |   0 | 442 | 187 | 187 |   0 |  1 |   0 |   0 | 7.695977e+03 | 6.585377e+03 |  16.86%| unknown
  0.2s|     1 |     2 |  2234 |     - |  5705k |   0 | 442 | 187 | 187 |   0 |  2 |   0 |  24 | 7.648762e+03 | 6.585377e+03 |  16.15%| unknown

SCIP Status        : solving was interrupted [node limit reached]
Solving Time (sec) : 0.20
Solving Nodes      : 1
Primal Bound       : +6.58537718334191e+03 (30 solutions)
Dual Bound         : +7.64876175898441e+03
Gap                : 16.15 %
