presolving:
(round 1, fast)       0 del vars, 1 del conss, 0 add conss, 0 chg bounds, 0 chg sides, 0 chg coeffs, 0 upgd conss, 0 impls, 188 clqs
   (0.0s) running MILP presolver
   (0.0s) MILP presolver (2 rounds): 0 aggregations, 23 fixings, 0 bound changes
(round 2, medium)     23 del vars, 1 del conss, 0 add conss, 0 chg bounds, 0 chg sides, 0 chg coeffs, 0 upgd conss, 0 impls, 188 clqs
(round 3, exhaustive) 23 del vars, 7 del conss, 0 add conss, 0 chg bounds, 6 chg sides, 0 chg coeffs, 0 upgd conss, 0 impls, 188 clqs
(round 4, exhaustive) 23 del vars, 7 del conss, 0 add conss, 0 chg bounds, 6 chg sides, 0 chg coeffs, 182 upgd conss, 0 impls, 188 clqs
(round 5, medium)     62 del vars, 7 del conss, 0 add conss, 0 chg bounds, 6 chg sides, 39 chg coeffs, 182 upgd conss, 0 impls, 188 clqs
(round 6, fast)       88 del vars, 9 del conss, 0 add conss, 0 chg bounds, 6 chg sides, 39 chg coeffs, 182 upgd conss, 0 impls, 185 clqs
(round 7, exhaustive) 88 del vars, 14 del conss, 0 add conss, 0 chg bounds, 6 chg sides, 39 chg coeffs, 182 upgd conss, 0 impls, 185 clqs
   (0.0s) probing: 51/412 (12.4%) - 0 fixings, 0 aggregations, 0 implications, 0 bound changes
   (0.0s) probing aborted: 50/50 successive totally useless probings
   (0.0s) symmetry computation started: requiring (bin +, int +, cont +), (fixed: bin -, int -, cont -)
   (0.0s) no symmetry present (symcode time: 0.00)
presolving (8 rounds: 8 fast, 6 medium, 4 exhaustive):
 88 deleted vars, 14 deleted constraints, 0 added constraints, 0 tightened bounds, 0 added holes, 6 changed sides, 39 changed coefficients
 0 implications, 185 cliques
presolved problem has 412 variables (412 bin, 0 int, 0 impl, 0 cont) and 175 constraints
    175 constraints of type <setppc>
Presolving Time: 0.03

 time | node  | left  |LP iter|LP it/n|mem/heur|mdpt |vars |cons |rows |cuts |sepa|confs|strbr|  dualbound   | primalbound  |  gap   | compl. 
  0.1s|     1 |     0 |  1258 |     - |  5098k |   0 | 412 | 175 | 175 |   0 |  0 |   0 |   0 | 7.289861e+03 |      --      |    Inf | unknown
d 0.1s|     1 |     0 |  1258 |     - |distribu|   0 | 412 | 175 | 175 |   0 |  1 |   0 |   0 | 7.289861e+03 | 2.793684e+03 | 160.94%| unknown
d 0.1s|     1 |     0 |  1326 |     - |distribu|   0 | 412 | 175 | 175 |   0 |  1 |   0 |   0 | 7.289861e+03 | 3.065183e+03 | 137.83%| unknown
d 0.1s|     1 |     0 |  1350 |     - |distribu|   0 | 412 | 175 | 175 |   0 |  1 |   0 |   0 | 7.289861e+03 | 3.317468e+03 | 119.74%| unknown
d 0.1s|     1 |     0 |  1418 |     - |distribu|   0 | 412 | 175 | 175 |   0 |  1 |   0 |   0 | 7.289861e+03 | 5.180663e+03 |  40.71%| unknown
d 0.1s|     1 |     0 |  1431 |     - |distribu|   0 | 412 | 175 | 175 |   0 |  1 |   0 |   0 | 7.289861e+03 | 6.361662e+03 |  14.59%| unknown
d 0.1s|     1 |     0 |  1438 |     - |distribu|   0 | 412 | 175 | 175 |   0 |  1 |   0 |   0 | 7.289861e+03 | 6.633432e+03 |   9.90%| unknown
  0.2s|     1 |     0 |  1438 |     - |  5203k |   0 | 412 | 175 | 175 |   0 |  1 |   0 |   0 | 7.289861e+03 | 6.633432e+03 |   9.90%| unknown
  0.4s|     1 |     2 |  1438 |     - |  5374k |   0 | 412 | 175 | 175 |   0 |  2 |   0 |  30 | 7.246931e+03 | 6.633432e+03 |   9.25%| unknown

SCIP Status        : solving was interrupted [node limit reached]
Solving Time (sec) : 0.41
Solving Nodes      : 1
Primal Bound       : +6.63343156607764e+03 (36 solutions)
Dual Bound         : +7.24693135332067e+03
Gap                : 9.25 %
