presolving:
   (0.0s) running MILP presolver
   (0.0s) MILP presolver (2 rounds): 0 aggregations, 23 fixings, 0 bound changes
(round 1, medium)     23 del vars, 0 del conss, 0 add conss, 0 chg bounds, 0 chg sides, 0 chg coeffs, 0 upgd conss, 0 impls, 192 clqs
(round 2, fast)       23 del vars, 1 del conss, 0 add conss, 0 chg bounds, 0 chg sides, 0 chg coeffs, 0 upgd conss, 0 impls, 192 clqs
(round 3, exhaustive) 23 del vars, 7 del conss, 0 add conss, 0 chg bounds, 6 chg sides, 0 chg coeffs, 0 upgd conss, 0 impls, 192 clqs
(round 4, exhaustive) 23 del vars, 7 del conss, 0 add conss, 0 chg bounds, 6 chg sides, 0 chg coeffs, 186 upgd conss, 0 impls, 192 clqs
(round 5, medium)     64 del vars, 7 del conss, 0 add conss, 0 chg bounds, 6 chg sides, 41 chg coeffs, 186 upgd conss, 0 impls, 192 clqs
(round 6, fast)       85 del vars, 7 del conss, 0 add conss, 0 chg bounds, 6 chg sides, 41 chg coeffs, 186 upgd conss, 0 impls, 191 clqs
(round 7, exhaustive) 85 del vars, 11 del conss, 0 add conss, 0 chg bounds, 6 chg sides, 41 chg coeffs, 186 upgd conss, 0 impls, 191 clqs
   (0.0s) probing: 51/415 (12.3%) - 0 fixings, 0 aggregations, 0 implications, 0 bound changes
   (0.0s) probing aborted: 50/50 successive totally useless probings
   (0.0s) symmetry computation started: requiring (bin +, int +, cont +), (fixed: bin -, int -, cont -)
   (0.0s) no symmetry present (symcode time: 0.00)
presolving (8 rounds: 8 fast, 6 medium, 4 exhaustive):
 85 deleted vars, 11 deleted constraints, 0 added constraints, 0 tightened bounds, 0 added holes, 6 changed sides, 41 changed coefficients
 0 implications, 191 cliques
presolved problem has 415 variables (415 bin, 0 int, 0 impl, 0 cont) and 182 constraints
    182 constraints of type <setppc>
Presolving Time: 0.01

 time | node  | left  |LP iter|LP it/n|mem/heur|mdpt |vars |cons |rows |cuts |sepa|confs|strbr|  dualbound   | primalbound  |  gap   | compl. 
  0.1s|     1 |     0 |  1543 |     - |  5336k |   0 | 415 | 182 | 182 |   0 |  0 |   0 |   0 | 7.282463e+03 |      --      |    Inf | unknown
d 0.1s|     1 |     0 |  1543 |     - |distribu|   0 | 415 | 182 | 182 |   0 |  1 |   0 |   0 | 7.282463e+03 | 2.992235e+03 | 143.38%| unknown
d 0.1s|     1 |     0 |  1701 |     - |distribu|   0 | 415 | 182 | 182 |   0 |  1 |   0 |   0 | 7.282463e+03 | 3.288738e+03 | 121.44%| unknown
d 0.1s|     1 |     0 |  1782 |     - |distribu|   0 | 415 | 182 | 182 |   0 |  1 |   0 |   0 | 7.282463e+03 | 3.778560e+03 |  92.73%| unknown
d 0.1s|     1 |     0 |  1809 |     - |distribu|   0 | 415 | 182 | 182 |   0 |  1 |   0 |   0 | 7.282463e+03 | 4.237247e+03 |  71.87%| unknown
d 0.1s|     1 |     0 |  1838 |     - |distribu|   0 | 415 | 182 | 182 |   0 |  1 |   0 |   0 | 7.282463e+03 | 5.615863e+03 |  29.68%| unknown
d 0.1s|     1 |     0 |  1870 |     - |distribu|   0 | 415 | 182 | 182 |   0 |  1 |   0 |   0 | 7.282463e+03 | 6.386689e+03 |  14.03%| unknown
  0.1s|     1 |     0 |  1870 |     - |  5457k |   0 | 415 | 182 | 182 |   0 |  1 |   0 |   0 | 7.282463e+03 | 6.386689e+03 |  14.03%| unknown
  0.2s|     1 |     2 |  1870 |     - |  5686k |   0 | 415 | 182 | 182 |   0 |  2 |   0 |  25 | 7.254368e+03 | 6.386689e+03 |  13.59%| unknown

SCIP Status        : solving was interrupted [node limit reached]
Solving Time (sec) : 0.21
Solving Nodes      : 1
Primal Bound       : +6.38668922951169e+03 (33 solutions)
Dual Bound         : +7.25436788840236e+03
Gap                : 13.59 %
