presolving:
(round 1, fast)       1 del vars, 1 del conss, 0 add conss, 0 chg bounds, 0 chg sides, 0 chg coeffs, 0 upgd conss, 0 impls, 196 clqs
   (0.0s) running MILP presolver
   (0.0s) MILP presolver (2 rounds): 0 aggregations, 21 fixings, 0 bound changes
(round 2, medium)     22 del vars, 1 del conss, 0 add conss, 0 chg bounds, 0 chg sides, 0 chg coeffs, 0 upgd conss, 0 impls, 195 clqs
(round 3, fast)       22 del vars, 2 del conss, 0 add conss, 0 chg bounds, 0 chg sides, 0 chg coeffs, 0 upgd conss, 0 impls, 195 clqs
(round 4, exhaustive) 22 del vars, 7 del conss, 0 add conss, 0 chg bounds, 5 chg sides, 0 chg coeffs, 0 upgd conss, 0 impls, 195 clqs
(round 5, exhaustive) 22 del vars, 7 del conss, 0 add conss, 0 chg bounds, 5 chg sides, 0 chg coeffs, 190 upgd conss, 0 impls, 195 clqs
(round 6, medium)     64 del vars, 7 del conss, 0 add conss, 0 chg bounds, 5 chg sides, 42 chg coeffs, 190 upgd conss, 0 impls, 195 clqs
(round 7, fast)       82 del vars, 8 del conss, 0 add conss, 0 chg bounds, 5 chg sides, 42 chg coeffs, 190 upgd conss, 0 impls, 193 clqs
(round 8, exhaustive) 82 del vars, 16 del conss, 0 add conss, 0 chg bounds, 5 chg sides, 42 chg coeffs, 190 upgd conss, 0 impls, 193 clqs
   (0.0s) probing: 51/418 (12.2%) - 0 fixings, 0 aggregations, 0 implications, 0 bound changes
   (0.0s) probing aborted: 50/50 successive totally useless probings
   (0.0s) symmetry computation started: requiring (bin +, int +, cont +), (fixed: bin -, int -, cont -)
   (0.0s) no symmetry present (symcode time: 0.00)
presolving (9 rounds: 9 fast, 6 medium, 4 exhaustive):
 82 deleted vars, 16 deleted constraints, 0 added constraints, 0 tightened bounds, 0 added holes, 5 changed sides, 42 changed coefficients
 0 implications, 193 cliques
presolved problem has 418 variables (418 bin, 0 int, 0 impl, 0 cont) and 181 constraints
    181 constraints of type <setppc>
Presolving Time: 0.02

 time | node  | left  |LP iter|LP it/n|mem/heur|mdpt |vars |cons |rows |cuts |sepa|confs|strbr|  dualbound   | primalbound  |  gap   | compl. 
  0.1s|     1 |     0 |  1524 |     - |  5158k |   0 | 418 | 181 | 181 |   0 |  0 |   0 |   0 | 7.629314e+03 |      --      |    Inf | unknown
d 0.1s|     1 |     0 |  1524 |     - |distribu|   0 | 418 | 181 | 181 |   0 |  1 |   0 |   0 | 7.629314e+03 | 3.551447e+03 | 114.82%| unknown
d 0.1s|     1 |     0 |  1570 |     - |distribu|   0 | 418 | 181 | 181 |   0 |  1 |   0 |   0 | 7.629314e+03 | 3.733224e+03 | 104.36%| unknown
d 0.1s|     1 |     0 |  1673 |     - |distribu|   0 | 418 | 181 | 181 |   0 |  1 |   0 |   0 | 7.629314e+03 | 3.983369e+03 |  91.53%| unknown
d 0.1s|     1 |     0 |  1753 |     - |distribu|   0 | 418 | 181 | 181 |   0 |  1 |   0 |   0 | 7.629314e+03 | 4.729427e+03 |  61.32%| unknown
d 0.1s|     1 |     0 |  1841 |     - |distribu|   0 | 418 | 181 | 181 |   0 |  1 |   0 |   0 | 7.629314e+03 | 4.767930e+03 |  60.01%| unknown
d 0.1s|     1 |     0 |  1886 |     - |distribu|   0 | 418 | 181 | 181 |   0 |  1 |   0 |   0 | 7.629314e+03 | 5.536603e+03 |  37.80%| unknown
d 0.1s|     1 |     0 |  1897 |     - |distribu|   0 | 418 | 181 | 181 |   0 |  1 |   0 |   0 | 7.629314e+03 | 6.617243e+03 |  15.29%| unknown
  0.1s|     1 |     0 |  1897 |     - |  5313k |   0 | 418 | 181 | 181 |   0 |  1 |   0 |   0 | 7.629314e+03 | 6.617243e+03 |  15.29%| unknown
  0.2s|     1 |     2 |  1897 |     - |  5646k |   0 | 418 | 181 | 181 |   0 |  2 |   0 |  27 | 7.596948e+03 | 6.617243e+03 |  14.81%| unknown

SCIP Status        : solving was interrupted [node limit reached]
Solving Time (sec) : 0.16
Solving Nodes      : 1
Primal Bound       : +6.61724267810903e+03 (36 solutions)
Dual Bound         : +7.59694825398865e+03
Gap                : 14.81 %
