presolving:
(round 1, fast)       0 del vars, 1 del conss, 0 add conss, 0 chg bounds, 0 chg sides, 0 chg coeffs, 0 upgd conss, 0 impls, 190 clqs
   (0.0s) running MILP presolver
   (0.0s) MILP presolver (2 rounds): 0 aggregations, 15 fixings, 0 bound changes
(round 2, medium)     15 del vars, 1 del conss, 0 add conss, 0 chg bounds, 0 chg sides, 0 chg coeffs, 0 upgd conss, 0 impls, 190 clqs
(round 3, exhaustive) 15 del vars, 6 del conss, 0 add conss, 0 chg bounds, 5 chg sides, 0 chg coeffs, 0 upgd conss, 0 impls, 190 clqs
(round 4, exhaustive) 15 del vars, 6 del conss, 0 add conss, 0 chg bounds, 5 chg sides, 0 chg coeffs, 185 upgd conss, 0 impls, 190 clqs
(round 5, medium)     49 del vars, 6 del conss, 0 add conss, 0 chg bounds, 5 chg sides, 34 chg coeffs, 185 upgd conss, 0 impls, 190 clqs
(round 6, fast)       66 del vars, 6 del conss, 0 add conss, 0 chg bounds, 5 chg sides, 34 chg coeffs, 185 upgd conss, 0 impls, 189 clqs
(round 7, exhaustive) 66 del vars, 14 del conss, 0 add conss, 0 chg bounds, 5 chg sides, 34 chg coeffs, 185 upgd conss, 0 impls, 189 clqs
   (0.0s) probing: 51/434 (11.8%) - 0 fixings, 0 aggregations, 0 implications, 0 bound changes
   (0.0s) probing aborted: 50/50 successive totally useless probings
   (0.0s) symmetry computation started: requiring (bin +, int +, cont +), (fixed: bin -, int -, cont -)
   (0.0s) no symmetry present (symcode time: 0.00)
presolving (8 rounds: 8 fast, 6 medium, 4 exhaustive):
 66 deleted vars, 14 deleted constraints, 0 added constraints, 0 tightened bounds, 0 added holes, 5 changed sides, 34 changed coefficients
 0 implications, 189 cliques
presolved problem has 434 variables (434 bin, 0 int, 0 impl, 0 cont) and 177 constraints
    177 constraints of type <setppc>
Presolving Time: 0.02

 time | node  | left  |LP iter|LP it/n|mem/heur|mdpt |vars |cons |rows |cuts |sepa|confs|strbr|  dualbound   | primalbound  |  gap   | compl. 
  0.1s|     1 |     0 |  1421 |     - |  5582k |   0 | 434 | 177 | 177 |   0 |  0 |   0 |   0 | 7.623314e+03 |      --      |    Inf | unknown
d 0.1s|     1 |     0 |  1421 |     - |distribu|   0 | 434 | 177 | 177 |   0 |  1 |   0 |   0 | 7.623314e+03 | 2.778112e+03 | 174.41%| unknown
d 0.1s|     1 |     0 |  1440 |     - |distribu|   0 | 434 | 177 | 177 |   0 |  1 |   0 |   0 | 7.623314e+03 | 2.922297e+03 | 160.87%| unknown
d 0.1s|     1 |     0 |  1610 |     - |distribu|   0 | 434 | 177 | 177 |   0 |  1 |   0 |   0 | 7.623314e+03 | 3.070112e+03 | 148.31%| unknown
d 0.1s|     1 |     0 |  1780 |     - |distribu|   0 | 434 | 177 | 177 |   0 |  1 |   0 |   0 | 7.623314e+03 | 4.352969e+03 |  75.13%| unknown
d 0.1s|     1 |     0 |  1815 |     - |distribu|   0 | 434 | 177 | 177 |   0 |  1 |   0 |   0 | 7.623314e+03 | 6.726599e+03 |  13.33%| unknown
  0.1s|     1 |     0 |  1815 |     - |  5698k |   0 | 434 | 177 | 177 |   0 |  1 |   0 |   0 | 7.623314e+03 | 6.726599e+03 |  13.33%| unknown
  0.3s|     1 |     2 |  1815 |     - |  5878k |   0 | 434 | 177 | 177 |   0 |  2 |   0 |  26 | 7.576995e+03 | 6.726599e+03 |  12.64%| unknown

SCIP Status        : solving was interrupted [node limit reached]
Solving Time (sec) : 0.28
Solving Nodes      : 1
Primal Bound       : +6.72659857480917e+03 (32 solutions)
Dual Bound         : +7.57699545160204e+03
Gap                : 12.64 %
