presolving:
   (0.0s) running MILP presolver
   (0.0s) MILP presolver (2 rounds): 0 aggregations, 20 fixings, 0 bound changes
(round 1, medium)     20 del vars, 0 del conss, 0 add conss, 0 chg bounds, 0 chg sides, 0 chg coeffs, 0 upgd conss, 0 impls, 191 clqs
(round 2, fast)       20 del vars, 1 del conss, 0 add conss, 0 chg bounds, 0 chg sides, 0 chg coeffs, 0 upgd conss, 0 impls, 191 clqs
(round 3, exhaustive) 20 del vars, 5 del conss, 0 add conss, 0 chg bounds, 4 chg sides, 0 chg coeffs, 0 upgd conss, 0 impls, 191 clqs
(round 4, exhaustive) 20 del vars, 5 del conss, 0 add conss, 0 chg bounds, 4 chg sides, 0 chg coeffs, 187 upgd conss, 0 impls, 191 clqs
(round 5, fast)       21 del vars, 5 del conss, 0 add conss, 0 chg bounds, 4 chg sides, 0 chg coeffs, 187 upgd conss, 0 impls, 191 clqs
(round 6, medium)     62 del vars, 5 del conss, 0 add conss, 0 chg bounds, 4 chg sides, 41 chg coeffs, 187 upgd conss, 0 impls, 190 clqs
(round 7, fast)       98 del vars, 6 del conss, 0 add conss, 0 chg bounds, 4 chg sides, 41 chg coeffs, 187 upgd conss, 0 impls, 188 clqs
   (0.0s) running MILP presolver
   (0.0s) MILP presolver found nothing
(round 8, exhaustive) 98 del vars, 10 del conss, 0 add conss, 0 chg bounds, 4 chg sides, 41 chg coeffs, 187 upgd conss, 0 impls, 188 clqs
   (0.0s) probing: 51/402 (12.7%) - 0 fixings, 0 aggregations, 0 implications, 0 bound changes
   (0.0s) probing aborted: 50/50 successive totally useless probings
   (0.0s) symmetry computation started: requiring (bin +, int +, cont +), (fixed: bin -, int -, cont -)
   (0.0s) no symmetry present (symcode time: 0.00)
presolving (9 rounds: 9 fast, 6 medium, 4 exhaustive):
 98 deleted vars, 10 deleted constraints, 0 added constraints, 0 tightened bounds, 0 added holes, 4 changed sides, 41 changed coefficients
 0 implications, 188 cliques
presolved problem has 402 variables (402 bin, 0 int, 0 impl, 0 cont) and 182 constraints
    182 constraints of type <setppc>
Presolving Time: 0.02

 time | node  | left  |LP iter|LP it/n|mem/heur|mdpt |vars |cons |rows |cuts |sepa|confs|strbr|  dualbound   | primalbound  |  gap   | compl. 
  0.1s|     1 |     0 |  1052 |     - |  4997k |   0 | 402 | 182 | 182 |   0 |  0 |   0 |   0 | 8.154715e+03 |      --      |    Inf | unknown
d 0.1s|     1 |     0 |  1052 |     - |distribu|   0 | 402 | 182 | 182 |   0 |  1 |   0 |   0 | 8.154715e+03 | 3.345895e+03 | 143.72%| unknown
d 0.1s|     1 |     0 |  1133 |     - |distribu|   0 | 402 | 182 | 182 |   0 |  1 |   0 |   0 | 8.154715e+03 | 4.059279e+03 | 100.89%| unknown
d 0.1s|     1 |     0 |  1196 |     - |distribu|   0 | 402 | 182 | 182 |   0 |  1 |   0 |   0 | 8.154715e+03 | 4.429736e+03 |  84.09%| unknown
d 0.1s|     1 |     0 |  1279 |     - |distribu|   0 | 402 | 182 | 182 |   0 |  1 |   0 |   0 | 8.154715e+03 | 5.089024e+03 |  60.24%| unknown
d 0.1s|     1 |     0 |  1362 |     - |distribu|   0 | 402 | 182 | 182 |   0 |  1 |   0 |   0 | 8.154715e+03 | 5.194446e+03 |  56.99%| unknown
d 0.1s|     1 |     0 |  1381 |     - |distribu|   0 | 402 | 182 | 182 |   0 |  1 |   0 |   0 | 8.154715e+03 | 5.462922e+03 |  49.27%| unknown
d 0.1s|     1 |     0 |  1419 |     - |distribu|   0 | 402 | 182 | 182 |   0 |  1 |   0 |   0 | 8.154715e+03 | 6.799377e+03 |  19.93%| unknown
d 0.1s|     1 |     0 |  1425 |     - |distribu|   0 | 402 | 182 | 182 |   0 |  1 |   0 |   0 | 8.154715e+03 | 7.193343e+03 |  13.36%| unknown
  0.1s|     1 |     0 |  1425 |     - |  5150k |   0 | 402 | 182 | 182 |   0 |  1 |   0 |   0 | 8.154715e+03 | 7.193343e+03 |  13.36%| unknown
  0.2s|     1 |     2 |  1425 |     - |  5224k |   0 | 402 | 182 | 182 |   0 |  2 |   0 |  19 | 8.107898e+03 | 7.193343e+03 |  12.71%| unknown

SCIP Status        : solving was interrupted [node limit reached]
Solving Time (sec) : 0.23
Solving Nodes      : 1
Primal Bound       : +7.19334304996150e+03 (28 solutions)
Dual Bound         : +8.10789841865379e+03
Gap                : 12.71 %
