presolving:
(round 1, fast)       1 del vars, 2 del conss, 0 add conss, 0 chg bounds, 0 chg sides, 0 chg coeffs, 0 upgd conss, 0 impls, 191 clqs
   (0.0s) running MILP presolver
   (0.0s) MILP presolver (2 rounds): 0 aggregations, 18 fixings, 0 bound changes
(round 2, medium)     19 del vars, 2 del conss, 0 add conss, 0 chg bounds, 0 chg sides, 0 chg coeffs, 0 upgd conss, 0 impls, 190 clqs
(round 3, fast)       19 del vars, 3 del conss, 0 add conss, 0 chg bounds, 0 chg sides, 0 chg coeffs, 0 upgd conss, 0 impls, 190 clqs
(round 4, exhaustive) 19 del vars, 6 del conss, 0 add conss, 0 chg bounds, 3 chg sides, 0 chg coeffs, 0 upgd conss, 0 impls, 190 clqs
(round 5, exhaustive) 19 del vars, 6 del conss, 0 add conss, 0 chg bounds, 3 chg sides, 0 chg coeffs, 187 upgd conss, 0 impls, 190 clqs
(round 6, medium)     49 del vars, 6 del conss, 0 add conss, 0 chg bounds, 3 chg sides, 30 chg coeffs, 187 upgd conss, 0 impls, 190 clqs
(round 7, fast)       62 del vars, 6 del conss, 0 add conss, 0 chg bounds, 3 chg sides, 30 chg coeffs, 187 upgd conss, 0 impls, 190 clqs
(round 8, exhaustive) 62 del vars, 9 del conss, 0 add conss, 0 chg bounds, 3 chg sides, 30 chg coeffs, 187 upgd conss, 0 impls, 190 clqs
   (0.0s) probing: 51/438 (11.6%) - 0 fixings, 0 aggregations, 0 implications, 0 bound changes
   (0.0s) probing aborted: 50/50 successive totally useless probings
   (0.0s) symmetry computation started: requiring (bin +, int +, cont +), (fixed: bin -, int -, cont -)
   (0.0s) no symmetry present (symcode time: 0.00)
presolving (9 rounds: 9 fast, 6 medium, 4 exhaustive):
 62 deleted vars, 9 deleted constraints, 0 added constraints, 0 tightened bounds, 0 added holes, 3 changed sides, 30 changed coefficients
 0 implications, 190 cliques
presolved problem has 438 variables (438 bin, 0 int, 0 impl, 0 cont) and 184 constraints
    184 constraints of type <setppc>
Presolving Time: 0.02

 time | node  | left  |LP iter|LP it/n|mem/heur|mdpt |vars |cons |rows |cuts |sepa|confs|strbr|  dualbound   | primalbound  |  gap   | compl. 
  0.1s|     1 |     0 |  1139 |     - |  5606k |   0 | 438 | 184 | 184 |   0 |  0 |   0 |   0 | 7.559867e+03 |      --      |    Inf | unknown
d 0.1s|     1 |     0 |  1139 |     - |distribu|   0 | 438 | 184 | 184 |   0 |  1 |   0 |   0 | 7.559867e+03 | 2.389402e+03 | 216.39%| unknown
d 0.1s|     1 |     0 |  1240 |     - |distribu|   0 | 438 | 184 | 184 |   0 |  1 |   0 |   0 | 7.559867e+03 | 2.739544e+03 | 175.95%| unknown
d 0.1s|     1 |     0 |  1338 |     - |distribu|   0 | 438 | 184 | 184 |   0 |  1 |   0 |   0 | 7.559867e+03 | 3.542835e+03 | 113.38%| unknown
d 0.1s|     1 |     0 |  1416 |     - |distribu|   0 | 438 | 184 | 184 |   0 |  1 |   0 |   0 | 7.559867e+03 | 6.834802e+03 |  10.61%| unknown
  0.1s|     1 |     0 |  1416 |     - |  5719k |   0 | 438 | 184 | 184 |   0 |  1 |   0 |   0 | 7.559867e+03 | 6.834802e+03 |  10.61%| unknown
  0.3s|     1 |     2 |  1416 |     - |  5891k |   0 | 438 | 184 | 184 |   0 |  2 |   0 |  37 | 7.517000e+03 | 6.834802e+03 |   9.98%| unknown

SCIP Status        : solving was interrupted [node limit reached]
Solving Time (sec) : 0.29
Solving Nodes      : 1
Primal Bound       : +6.83480247070429e+03 (42 solutions)
Dual Bound         : +7.51700004205306e+03
Gap                : 9.98 %
