presolving:
(round 1, fast)       0 del vars, 2 del conss, 0 add conss, 0 chg bounds, 0 chg sides, 0 chg coeffs, 0 upgd conss, 0 impls, 191 clqs
   (0.0s) running MILP presolver
   (0.0s) MILP presolver (2 rounds): 0 aggregations, 20 fixings, 0 bound changes
(round 2, medium)     20 del vars, 2 del conss, 0 add conss, 0 chg bounds, 0 chg sides, 0 chg coeffs, 0 upgd conss, 0 impls, 191 clqs
(round 3, exhaustive) 20 del vars, 7 del conss, 0 add conss, 0 chg bounds, 5 chg sides, 0 chg coeffs, 0 upgd conss, 0 impls, 191 clqs
(round 4, exhaustive) 20 del vars, 7 del conss, 0 add conss, 0 chg bounds, 5 chg sides, 0 chg coeffs, 186 upgd conss, 0 impls, 191 clqs
(round 5, medium)     55 del vars, 7 del conss, 0 add conss, 0 chg bounds, 5 chg sides, 35 chg coeffs, 186 upgd conss, 0 impls, 191 clqs
(round 6, fast)       75 del vars, 7 del conss, 0 add conss, 0 chg bounds, 5 chg sides, 35 chg coeffs, 186 upgd conss, 0 impls, 191 clqs
(round 7, exhaustive) 75 del vars, 15 del conss, 0 add conss, 0 chg bounds, 5 chg sides, 35 chg coeffs, 186 upgd conss, 0 impls, 191 clqs
(round 8, exhaustive) 77 del vars, 15 del conss, 0 add conss, 0 chg bounds, 5 chg sides, 35 chg coeffs, 186 upgd conss, 0 impls, 191 clqs
   (0.0s) probing: 51/423 (12.1%) - 0 fixings, 0 aggregations, 0 implications, 0 bound changes
   (0.0s) probing aborted: 50/50 successive totally useless probings
   (0.0s) symmetry computation started: requiring (bin +, int +, cont +), (fixed: bin -, int -, cont -)
   (0.0s) no symmetry present (symcode time: 0.00)
presolving (9 rounds: 9 fast, 7 medium, 5 exhaustive):
 77 deleted vars, 15 deleted constraints, 0 added constraints, 0 tightened bounds, 0 added holes, 5 changed sides, 35 changed coefficients
 0 implications, 191 cliques
presolved problem has 423 variables (423 bin, 0 int, 0 impl, 0 cont) and 178 constraints
    178 constraints of type <setppc>
Presolving Time: 0.02

 time | node  | left  |LP iter|LP it/n|mem/heur|mdpt |vars |cons |rows |cuts |sepa|confs|strbr|  dualbound   | primalbound  |  gap   | compl. 
  0.1s|     1 |     0 |  1521 |     - |  5290k |   0 | 423 | 178 | 178 |   0 |  0 |   0 |   0 | 7.182198e+03 |      --      |    Inf | unknown
d 0.1s|     1 |     0 |  1521 |     - |distribu|   0 | 423 | 178 | 178 |   0 |  1 |   0 |   0 | 7.182198e+03 | 2.550292e+03 | 181.62%| unknown
d 0.1s|     1 |     0 |  1633 |     - |distribu|   0 | 423 | 178 | 178 |   0 |  1 |   0 |   0 | 7.182198e+03 | 2.784859e+03 | 157.90%| unknown
d 0.1s|     1 |     0 |  1727 |     - |distribu|   0 | 423 | 178 | 178 |   0 |  1 |   0 |   0 | 7.182198e+03 | 4.176127e+03 |  71.98%| unknown
d 0.1s|     1 |     0 |  1756 |     - |distribu|   0 | 423 | 178 | 178 |   0 |  1 |   0 |   0 | 7.182198e+03 | 6.361156e+03 |  12.91%| unknown
  0.1s|     1 |     0 |  1756 |     - |  5450k |   0 | 423 | 178 | 178 |   0 |  1 |   0 |   0 | 7.182198e+03 | 6.361156e+03 |  12.91%| unknown
  0.2s|     1 |     2 |  1756 |     - |  5572k |   0 | 423 | 178 | 178 |   0 |  2 |   0 |  20 | 7.157545e+03 | 6.361156e+03 |  12.52%| unknown

SCIP Status        : solving was interrupted [node limit reached]
Solving Time (sec) : 0.17
Solving Nodes      : 1
Primal Bound       : +6.36115625298386e+03 (24 solutions)
Dual Bound         : +7.15754517613385e+03
Gap                : 12.52 %
