presolving:
(round 1, fast)       0 del vars, 1 del conss, 0 add conss, 0 chg bounds, 0 chg sides, 0 chg coeffs, 0 upgd conss, 0 impls, 188 clqs
(round 2, fast)       1 del vars, 1 del conss, 0 add conss, 0 chg bounds, 0 chg sides, 0 chg coeffs, 0 upgd conss, 0 impls, 188 clqs
   (0.0s) running MILP presolver
   (0.0s) MILP presolver (2 rounds): 0 aggregations, 8 fixings, 0 bound changes
(round 3, medium)     9 del vars, 1 del conss, 0 add conss, 0 chg bounds, 0 chg sides, 0 chg coeffs, 0 upgd conss, 0 impls, 188 clqs
(round 4, fast)       10 del vars, 2 del conss, 0 add conss, 0 chg bounds, 0 chg sides, 0 chg coeffs, 0 upgd conss, 0 impls, 187 clqs
(round 5, exhaustive) 10 del vars, 4 del conss, 0 add conss, 0 chg bounds, 2 chg sides, 0 chg coeffs, 0 upgd conss, 0 impls, 187 clqs
(round 6, exhaustive) 10 del vars, 4 del conss, 0 add conss, 0 chg bounds, 2 chg sides, 0 chg coeffs, 185 upgd conss, 0 impls, 187 clqs
(round 7, medium)     39 del vars, 4 del conss, 0 add conss, 0 chg bounds, 2 chg sides, 29 chg coeffs, 185 upgd conss, 0 impls, 187 clqs
(round 8, fast)       45 del vars, 4 del conss, 0 add conss, 0 chg bounds, 2 chg sides, 29 chg coeffs, 185 upgd conss, 0 impls, 187 clqs
(round 9, exhaustive) 45 del vars, 7 del conss, 0 add conss, 0 chg bounds, 2 chg sides, 29 chg coeffs, 185 upgd conss, 0 impls, 187 clqs
   (0.0s) probing: 51/455 (11.2%) - 0 fixings, 0 aggregations, 0 implications, 0 bound changes
   (0.0s) probing aborted: 50/50 successive totally useless probings
   (0.0s) symmetry computation started: requiring (bin +, int +, cont +), (fixed: bin -, int -, cont -)
   (0.0s) no symmetry present (symcode time: 0.00)
presolving (10 rounds: 10 fast, 6 medium, 4 exhaustive):
 45 deleted vars, 7 deleted constraints, 0 added constraints, 0 tightened bounds, 0 added holes, 2 changed sides, 29 changed coefficients
 0 implications, 187 cliques
presolved problem has 455 variables (455 bin, 0 int, 0 impl, 0 cont) and 182 constraints
    182 constraints of type <setppc>
Presolving Time: 0.02

 time | node  | left  |LP iter|LP it/n|mem/heur|mdpt |vars |cons |rows |cuts |sepa|confs|strbr|  dualbound   | primalbound  |  gap   | compl. 
  0.1s|     1 |     0 |  2639 |     - |  5874k |   0 | 455 | 182 | 182 |   0 |  0 |   0 |   0 | 7.718320e+03 |      --      |    Inf | unknown
d 0.1s|     1 |     0 |  2639 |     - |distribu|   0 | 455 | 182 | 182 |   0 |  1 |   0 |   0 | 7.718320e+03 | 2.268956e+03 | 240.17%| unknown
d 0.1s|     1 |     0 |  2739 |     - |distribu|   0 | 455 | 182 | 182 |   0 |  1 |   0 |   0 | 7.718320e+03 | 2.700912e+03 | 185.77%| unknown
d 0.2s|     1 |     0 |  2908 |     - |distribu|   0 | 455 | 182 | 182 |   0 |  1 |   0 |   0 | 7.718320e+03 | 3.027254e+03 | 154.96%| unknown
d 0.2s|     1 |     0 |  3060 |     - |distribu|   0 | 455 | 182 | 182 |   0 |  1 |   0 |   0 | 7.718320e+03 | 3.150263e+03 | 145.01%| unknown
d 0.2s|     1 |     0 |  3093 |     - |distribu|   0 | 455 | 182 | 182 |   0 |  1 |   0 |   0 | 7.718320e+03 | 3.364127e+03 | 129.43%| unknown
d 0.2s|     1 |     0 |  3157 |     - |distribu|   0 | 455 | 182 | 182 |   0 |  1 |   0 |   0 | 7.718320e+03 | 3.918759e+03 |  96.96%| unknown
d 0.2s|     1 |     0 |  3194 |     - |distribu|   0 | 455 | 182 | 182 |   0 |  1 |   0 |   0 | 7.718320e+03 | 4.290603e+03 |  79.89%| unknown
d 0.2s|     1 |     0 |  3239 |     - |distribu|   0 | 455 | 182 | 182 |   0 |  1 |   0 |   0 | 7.718320e+03 | 4.413138e+03 |  74.89%| unknown
d 0.2s|     1 |     0 |  3255 |     - |distribu|   0 | 455 | 182 | 182 |   0 |  1 |   0 |   0 | 7.718320e+03 | 5.035185e+03 |  53.29%| unknown
d 0.2s|     1 |     0 |  3257 |     - |distribu|   0 | 455 | 182 | 182 |   0 |  1 |   0 |   0 | 7.718320e+03 | 5.244799e+03 |  47.16%| unknown
  0.2s|     1 |     0 |  3257 |     - |  6075k |   0 | 455 | 182 | 182 |   0 |  1 |   0 |   0 | 7.718320e+03 | 5.244799e+03 |  47.16%| unknown
  0.6s|     1 |     2 |  3257 |     - |  6214k |   0 | 455 | 182 | 182 |   0 |  2 |   0 |  38 | 7.654731e+03 | 5.244799e+03 |  45.95%| unknown

SCIP Status        : solving was interrupted [node limit reached]
Solving Time (sec) : 0.60
Solving Nodes      : 1
Primal Bound       : +5.24479907756254e+03 (54 solutions)
Dual Bound         : +7.65473052571201e+03
Gap                : 45.95 %
