presolving:
(round 1, fast)       1 del vars, 2 del conss, 0 add conss, 0 chg bounds, 0 chg sides, 0 chg coeffs, 0 upgd conss, 0 impls, 187 clqs
   (0.0s) running MILP presolver
   (0.0s) MILP presolver (2 rounds): 0 aggregations, 20 fixings, 0 bound changes
(round 2, medium)     21 del vars, 2 del conss, 0 add conss, 0 chg bounds, 0 chg sides, 0 chg coeffs, 0 upgd conss, 0 impls, 187 clqs
(round 3, exhaustive) 21 del vars, 7 del conss, 0 add conss, 0 chg bounds, 5 chg sides, 0 chg coeffs, 0 upgd conss, 0 impls, 187 clqs
(round 4, exhaustive) 21 del vars, 7 del conss, 0 add conss, 0 chg bounds, 5 chg sides, 0 chg coeffs, 182 upgd conss, 0 impls, 187 clqs
(round 5, medium)     66 del vars, 7 del conss, 0 add conss, 0 chg bounds, 5 chg sides, 45 chg coeffs, 182 upgd conss, 0 impls, 187 clqs
(round 6, fast)       93 del vars, 8 del conss, 0 add conss, 0 chg bounds, 5 chg sides, 45 chg coeffs, 182 upgd conss, 0 impls, 186 clqs
   (0.0s) running MILP presolver
   (0.0s) MILP presolver found nothing
(round 7, exhaustive) 93 del vars, 13 del conss, 0 add conss, 0 chg bounds, 5 chg sides, 45 chg coeffs, 182 upgd conss, 0 impls, 186 clqs
   (0.0s) probing: 51/407 (12.5%) - 0 fixings, 0 aggregations, 0 implications, 0 bound changes
   (0.0s) probing aborted: 50/50 successive totally useless probings
   (0.0s) symmetry computation started: requiring (bin +, int +, cont +), (fixed: bin -, int -, cont -)
   (0.0s) no symmetry present (symcode time: 0.00)
presolving (8 rounds: 8 fast, 6 medium, 4 exhaustive):
 93 deleted vars, 13 deleted constraints, 0 added constraints, 0 tightened bounds, 0 added holes, 5 changed sides, 45 changed coefficients
 0 implications, 186 cliques
presolved problem has 407 variables (407 bin, 0 int, 0 impl, 0 cont) and 176 constraints
    176 constraints of type <setppc>
Presolving Time: 0.04

 time | node  | left  |LP iter|LP it/n|mem/heur|mdpt |vars |cons |rows |cuts |sepa|confs|strbr|  dualbound   | primalbound  |  gap   | compl. 
  0.1s|     1 |     0 |  1351 |     - |  5190k |   0 | 407 | 176 | 176 |   0 |  0 |   0 |   0 | 7.546077e+03 |      --      |    Inf | unknown
d 0.1s|     1 |     0 |  1351 |     - |distribu|   0 | 407 | 176 | 176 |   0 |  1 |   0 |   0 | 7.546077e+03 | 3.410690e+03 | 121.25%| unknown
d 0.1s|     1 |     0 |  1428 |     - |distribu|   0 | 407 | 176 | 176 |   0 |  1 |   0 |   0 | 7.546077e+03 | 3.813114e+03 |  97.90%| unknown
d 0.2s|     1 |     0 |  1480 |     - |distribu|   0 | 407 | 176 | 176 |   0 |  1 |   0 |   0 | 7.546077e+03 | 4.804154e+03 |  57.07%| unknown
d 0.2s|     1 |     0 |  1513 |     - |distribu|   0 | 407 | 176 | 176 |   0 |  1 |   0 |   0 | 7.546077e+03 | 4.898259e+03 |  54.06%| unknown
d 0.2s|     1 |     0 |  1542 |     - |distribu|   0 | 407 | 176 | 176 |   0 |  1 |   0 |   0 | 7.546077e+03 | 6.973271e+03 |   8.21%| unknown
d 0.2s|     1 |     0 |  1546 |     - |distribu|   0 | 407 | 176 | 176 |   0 |  1 |   0 |   0 | 7.546077e+03 | 7.126146e+03 |   5.89%| unknown
  0.2s|     1 |     0 |  1546 |     - |  5275k |   0 | 407 | 176 | 176 |   0 |  1 |   0 |   0 | 7.546077e+03 | 7.126146e+03 |   5.89%| unknown
  0.4s|     1 |     2 |  1546 |     - |  5508k |   0 | 407 | 176 | 176 |   0 |  2 |   0 |  34 | 7.512277e+03 | 7.126146e+03 |   5.42%| unknown

SCIP Status        : solving was interrupted [node limit reached]
Solving Time (sec) : 0.41
Solving Nodes      : 1
Primal Bound       : +7.12614645295188e+03 (44 solutions)
Dual Bound         : +7.51227686375158e+03
Gap                : 5.42 %
