presolving:
(round 1, fast)       0 del vars, 1 del conss, 0 add conss, 0 chg bounds, 0 chg sides, 0 chg coeffs, 0 upgd conss, 0 impls, 195 clqs
   (0.0s) running MILP presolver
   (0.0s) MILP presolver (2 rounds): 0 aggregations, 19 fixings, 0 bound changes
(round 2, medium)     19 del vars, 1 del conss, 0 add conss, 0 chg bounds, 0 chg sides, 0 chg coeffs, 0 upgd conss, 0 impls, 195 clqs
(round 3, exhaustive) 19 del vars, 5 del conss, 0 add conss, 0 chg bounds, 4 chg sides, 0 chg coeffs, 0 upgd conss, 0 impls, 195 clqs
(round 4, exhaustive) 19 del vars, 5 del conss, 0 add conss, 0 chg bounds, 4 chg sides, 0 chg coeffs, 191 upgd conss, 0 impls, 195 clqs
(round 5, medium)     60 del vars, 5 del conss, 0 add conss, 0 chg bounds, 4 chg sides, 41 chg coeffs, 191 upgd conss, 0 impls, 195 clqs
(round 6, fast)       85 del vars, 7 del conss, 0 add conss, 0 chg bounds, 4 chg sides, 41 chg coeffs, 191 upgd conss, 0 impls, 193 clqs
(round 7, exhaustive) 85 del vars, 11 del conss, 0 add conss, 0 chg bounds, 4 chg sides, 41 chg coeffs, 191 upgd conss, 0 impls, 193 clqs
   (0.0s) probing: 51/415 (12.3%) - 0 fixings, 0 aggregations, 0 implications, 0 bound changes
   (0.0s) probing aborted: 50/50 successive totally useless probings
   (0.0s) symmetry computation started: requiring (bin +, int +, cont +), (fixed: bin -, int -, cont -)
   (0.0s) no symmetry present (symcode time: 0.00)
presolving (8 rounds: 8 fast, 6 medium, 4 exhaustive):
 85 deleted vars, 11 deleted constraints, 0 added constraints, 0 tightened bounds, 0 added holes, 4 changed sides, 41 changed coefficients
 0 implications, 193 cliques
presolved problem has 415 variables (415 bin, 0 int, 0 impl, 0 cont) and 185 constraints
    185 constraints of type <setppc>
Presolving Time: 0.02

 time | node  | left  |LP iter|LP it/n|mem/heur|mdpt |vars |cons |rows |cuts |sepa|confs|strbr|  dualbound   | primalbound  |  gap   | compl. 
  0.1s|     1 |     0 |  1327 |     - |  5323k |   0 | 415 | 185 | 185 |   0 |  0 |   0 |   0 | 8.090537e+03 |      --      |    Inf | unknown
d 0.1s|     1 |     0 |  1327 |     - |distribu|   0 | 415 | 185 | 185 |   0 |  1 |   0 |   0 | 8.090537e+03 | 3.281020e+03 | 146.59%| unknown
d 0.1s|     1 |     0 |  1419 |     - |distribu|   0 | 415 | 185 | 185 |   0 |  1 |   0 |   0 | 8.090537e+03 | 3.520578e+03 | 129.81%| unknown
d 0.1s|     1 |     0 |  1507 |     - |distribu|   0 | 415 | 185 | 185 |   0 |  1 |   0 |   0 | 8.090537e+03 | 4.178002e+03 |  93.65%| unknown
d 0.1s|     1 |     0 |  1566 |     - |distribu|   0 | 415 | 185 | 185 |   0 |  1 |   0 |   0 | 8.090537e+03 | 4.475904e+03 |  80.76%| unknown
d 0.1s|     1 |     0 |  1584 |     - |distribu|   0 | 415 | 185 | 185 |   0 |  1 |   0 |   0 | 8.090537e+03 | 5.090529e+03 |  58.93%| unknown
d 0.1s|     1 |     0 |  1643 |     - |distribu|   0 | 415 | 185 | 185 |   0 |  1 |   0 |   0 | 8.090537e+03 | 5.453145e+03 |  48.36%| unknown
d 0.1s|     1 |     0 |  1670 |     - |distribu|   0 | 415 | 185 | 185 |   0 |  1 |   0 |   0 | 8.090537e+03 | 6.764948e+03 |  19.59%| unknown
  0.1s|     1 |     0 |  1670 |     - |  5473k |   0 | 415 | 185 | 185 |   0 |  1 |   0 |   0 | 8.090537e+03 | 6.764948e+03 |  19.59%| unknown
  0.2s|     1 |     2 |  1670 |     - |  5627k |   0 | 415 | 185 | 185 |   0 |  2 |   0 |  33 | 8.035335e+03 | 6.764948e+03 |  18.78%| unknown

SCIP Status        : solving was interrupted [node limit reached]
Solving Time (sec) : 0.22
Solving Nodes      : 1
Primal Bound       : +6.76494811528487e+03 (41 solutions)
Dual Bound         : +8.03533530807338e+03
Gap                : 18.78 %
