presolving:
(round 1, fast)       0 del vars, 1 del conss, 0 add conss, 0 chg bounds, 0 chg sides, 0 chg coeffs, 0 upgd conss, 0 impls, 194 clqs
   (0.0s) running MILP presolver
   (0.0s) MILP presolver (2 rounds): 0 aggregations, 20 fixings, 0 bound changes
(round 2, medium)     20 del vars, 1 del conss, 0 add conss, 0 chg bounds, 0 chg sides, 0 chg coeffs, 0 upgd conss, 0 impls, 193 clqs
(round 3, fast)       20 del vars, 2 del conss, 0 add conss, 0 chg bounds, 0 chg sides, 0 chg coeffs, 0 upgd conss, 0 impls, 193 clqs
(round 4, exhaustive) 20 del vars, 2 del conss, 0 add conss, 0 chg bounds, 0 chg sides, 0 chg coeffs, 193 upgd conss, 0 impls, 193 clqs
(round 5, medium)     59 del vars, 2 del conss, 0 add conss, 0 chg bounds, 0 chg sides, 39 chg coeffs, 193 upgd conss, 0 impls, 193 clqs
(round 6, fast)       77 del vars, 5 del conss, 0 add conss, 0 chg bounds, 0 chg sides, 39 chg coeffs, 193 upgd conss, 0 impls, 190 clqs
(round 7, exhaustive) 77 del vars, 8 del conss, 0 add conss, 0 chg bounds, 0 chg sides, 39 chg coeffs, 193 upgd conss, 0 impls, 190 clqs
   (0.0s) probing: 51/423 (12.1%) - 0 fixings, 0 aggregations, 0 implications, 0 bound changes
   (0.0s) probing aborted: 50/50 successive totally useless probings
   (0.0s) symmetry computation started: requiring (bin +, int +, cont +), (fixed: bin -, int -, cont -)
   (0.0s) no symmetry present (symcode time: 0.00)
presolving (8 rounds: 8 fast, 5 medium, 3 exhaustive):
 77 deleted vars, 8 deleted constraints, 0 added constraints, 0 tightened bounds, 0 added holes, 0 changed sides, 39 changed coefficients
 0 implications, 190 cliques
presolved problem has 423 variables (423 bin, 0 int, 0 impl, 0 cont) and 187 constraints
    187 constraints of type <setppc>
Presolving Time: 0.05

 time | node  | left  |LP iter|LP it/n|mem/heur|mdpt |vars |cons |rows |cuts |sepa|confs|strbr|  dualbound   | primalbound  |  gap   | compl. 
  0.1s|     1 |     0 |  1111 |     - |  5303k |   0 | 423 | 187 | 187 |   0 |  0 |   0 |   0 | 7.719283e+03 |      --      |    Inf | unknown
d 0.1s|     1 |     0 |  1111 |     - |distribu|   0 | 423 | 187 | 187 |   0 |  1 |   0 |   0 | 7.719283e+03 | 3.189119e+03 | 142.05%| unknown
d 0.1s|     1 |     0 |  1198 |     - |distribu|   0 | 423 | 187 | 187 |   0 |  1 |   0 |   0 | 7.719283e+03 | 7.523614e+03 |   2.60%| unknown
  0.1s|     1 |     0 |  1198 |     - |  5355k |   0 | 423 | 187 | 187 |   0 |  1 |   0 |   0 | 7.719283e+03 | 7.523614e+03 |   2.60%| unknown
  0.1s|     1 |     0 |  1198 |     - |  5355k |   0 | 423 | 187 | 184 |   0 |  1 |   0 |   0 | 7.719283e+03 | 7.523614e+03 |   2.60%| unknown

SCIP Status        : solving was interrupted [node limit reached]
Solving Time (sec) : 0.14
Solving Nodes      : 1
Primal Bound       : +7.52361425611978e+03 (2 solutions)
Dual Bound         : +7.71928293662381e+03
Gap                : 2.60 %
