presolving:
(round 1, fast)       1 del vars, 3 del conss, 0 add conss, 0 chg bounds, 0 chg sides, 0 chg coeffs, 0 upgd conss, 0 impls, 189 clqs
(round 2, fast)       3 del vars, 3 del conss, 0 add conss, 0 chg bounds, 0 chg sides, 0 chg coeffs, 0 upgd conss, 0 impls, 189 clqs
   (0.0s) running MILP presolver
   (0.0s) MILP presolver (2 rounds): 0 aggregations, 16 fixings, 0 bound changes
(round 3, medium)     19 del vars, 3 del conss, 0 add conss, 0 chg bounds, 0 chg sides, 0 chg coeffs, 0 upgd conss, 0 impls, 189 clqs
(round 4, exhaustive) 19 del vars, 6 del conss, 0 add conss, 0 chg bounds, 3 chg sides, 0 chg coeffs, 0 upgd conss, 0 impls, 189 clqs
(round 5, exhaustive) 19 del vars, 6 del conss, 0 add conss, 0 chg bounds, 3 chg sides, 0 chg coeffs, 186 upgd conss, 0 impls, 189 clqs
(round 6, medium)     53 del vars, 6 del conss, 0 add conss, 0 chg bounds, 3 chg sides, 34 chg coeffs, 186 upgd conss, 0 impls, 189 clqs
(round 7, fast)       75 del vars, 7 del conss, 0 add conss, 0 chg bounds, 3 chg sides, 34 chg coeffs, 186 upgd conss, 0 impls, 188 clqs
(round 8, exhaustive) 75 del vars, 14 del conss, 0 add conss, 0 chg bounds, 3 chg sides, 34 chg coeffs, 186 upgd conss, 0 impls, 188 clqs
   (0.0s) probing: 51/425 (12.0%) - 0 fixings, 0 aggregations, 0 implications, 0 bound changes
   (0.0s) probing aborted: 50/50 successive totally useless probings
   (0.0s) symmetry computation started: requiring (bin +, int +, cont +), (fixed: bin -, int -, cont -)
   (0.0s) no symmetry present (symcode time: 0.00)
presolving (9 rounds: 9 fast, 6 medium, 4 exhaustive):
 75 deleted vars, 14 deleted constraints, 0 added constraints, 0 tightened bounds, 0 added holes, 3 changed sides, 34 changed coefficients
 0 implications, 188 cliques
presolved problem has 425 variables (425 bin, 0 int, 0 impl, 0 cont) and 178 constraints
    178 constraints of type <setppc>
Presolving Time: 0.02

 time | node  | left  |LP iter|LP it/n|mem/heur|mdpt |vars |cons |rows |cuts |sepa|confs|strbr|  dualbound   | primalbound  |  gap   | compl. 
  0.1s|     1 |     0 |  1204 |     - |  5258k |   0 | 425 | 178 | 178 |   0 |  0 |   0 |   0 | 7.356129e+03 |      --      |    Inf | unknown
d 0.1s|     1 |     0 |  1204 |     - |distribu|   0 | 425 | 178 | 178 |   0 |  1 |   0 |   0 | 7.356129e+03 | 2.678628e+03 | 174.62%| unknown
d 0.1s|     1 |     0 |  1311 |     - |distribu|   0 | 425 | 178 | 178 |   0 |  1 |   0 |   0 | 7.356129e+03 | 2.977595e+03 | 147.05%| unknown
d 0.1s|     1 |     0 |  1381 |     - |distribu|   0 | 425 | 178 | 178 |   0 |  1 |   0 |   0 | 7.356129e+03 | 3.519980e+03 | 108.98%| unknown
d 0.1s|     1 |     0 |  1435 |     - |distribu|   0 | 425 | 178 | 178 |   0 |  1 |   0 |   0 | 7.356129e+03 | 3.956870e+03 |  85.91%| unknown
d 0.1s|     1 |     0 |  1494 |     - |distribu|   0 | 425 | 178 | 178 |   0 |  1 |   0 |   0 | 7.356129e+03 | 4.437357e+03 |  65.78%| unknown
d 0.1s|     1 |     0 |  1512 |     - |distribu|   0 | 425 | 178 | 178 |   0 |  1 |   0 |   0 | 7.356129e+03 | 6.320041e+03 |  16.39%| unknown
  0.1s|     1 |     0 |  1512 |     - |  5353k |   0 | 425 | 178 | 178 |   0 |  1 |   0 |   0 | 7.356129e+03 | 6.320041e+03 |  16.39%| unknown
  0.2s|     1 |     2 |  1512 |     - |  5551k |   0 | 425 | 178 | 178 |   0 |  2 |   0 |  34 | 7.321821e+03 | 6.320041e+03 |  15.85%| unknown

SCIP Status        : solving was interrupted [node limit reached]
Solving Time (sec) : 0.21
Solving Nodes      : 1
Primal Bound       : +6.32004053484267e+03 (41 solutions)
Dual Bound         : +7.32182108246154e+03
Gap                : 15.85 %
