presolving:
(round 1, fast)       1 del vars, 1 del conss, 0 add conss, 0 chg bounds, 0 chg sides, 0 chg coeffs, 0 upgd conss, 0 impls, 188 clqs
(round 2, fast)       2 del vars, 1 del conss, 0 add conss, 0 chg bounds, 0 chg sides, 0 chg coeffs, 0 upgd conss, 0 impls, 188 clqs
   (0.0s) running MILP presolver
   (0.0s) MILP presolver (2 rounds): 0 aggregations, 15 fixings, 0 bound changes
(round 3, medium)     17 del vars, 1 del conss, 0 add conss, 0 chg bounds, 0 chg sides, 0 chg coeffs, 0 upgd conss, 0 impls, 188 clqs
(round 4, exhaustive) 17 del vars, 3 del conss, 0 add conss, 0 chg bounds, 2 chg sides, 0 chg coeffs, 0 upgd conss, 0 impls, 188 clqs
(round 5, exhaustive) 17 del vars, 3 del conss, 0 add conss, 0 chg bounds, 2 chg sides, 0 chg coeffs, 186 upgd conss, 0 impls, 188 clqs
(round 6, medium)     52 del vars, 3 del conss, 0 add conss, 0 chg bounds, 2 chg sides, 35 chg coeffs, 186 upgd conss, 0 impls, 188 clqs
(round 7, fast)       65 del vars, 3 del conss, 0 add conss, 0 chg bounds, 2 chg sides, 35 chg coeffs, 186 upgd conss, 0 impls, 187 clqs
(round 8, exhaustive) 65 del vars, 7 del conss, 0 add conss, 0 chg bounds, 2 chg sides, 35 chg coeffs, 186 upgd conss, 0 impls, 187 clqs
   (0.0s) probing: 51/435 (11.7%) - 0 fixings, 0 aggregations, 0 implications, 0 bound changes
   (0.0s) probing aborted: 50/50 successive totally useless probings
   (0.0s) symmetry computation started: requiring (bin +, int +, cont +), (fixed: bin -, int -, cont -)
   (0.0s) no symmetry present (symcode time: 0.00)
presolving (9 rounds: 9 fast, 6 medium, 4 exhaustive):
 65 deleted vars, 7 deleted constraints, 0 added constraints, 0 tightened bounds, 0 added holes, 2 changed sides, 35 changed coefficients
 0 implications, 187 cliques
presolved problem has 435 variables (435 bin, 0 int, 0 impl, 0 cont) and 182 constraints
    182 constraints of type <setppc>
Presolving Time: 0.02

 time | node  | left  |LP iter|LP it/n|mem/heur|mdpt |vars |cons |rows |cuts |sepa|confs|strbr|  dualbound   | primalbound  |  gap   | compl. 
  0.1s|     1 |     0 |  1153 |     - |  5350k |   0 | 435 | 182 | 182 |   0 |  0 |   0 |   0 | 8.170146e+03 |      --      |    Inf | unknown
d 0.1s|     1 |     0 |  1153 |     - |distribu|   0 | 435 | 182 | 182 |   0 |  1 |   0 |   0 | 8.170146e+03 | 3.215555e+03 | 154.08%| unknown
d 0.1s|     1 |     0 |  1241 |     - |distribu|   0 | 435 | 182 | 182 |   0 |  1 |   0 |   0 | 8.170146e+03 | 3.745166e+03 | 118.15%| unknown
d 0.1s|     1 |     0 |  1415 |     - |distribu|   0 | 435 | 182 | 182 |   0 |  1 |   0 |   0 | 8.170146e+03 | 3.919384e+03 | 108.45%| unknown
d 0.1s|     1 |     0 |  1506 |     - |distribu|   0 | 435 | 182 | 182 |   0 |  1 |   0 |   0 | 8.170146e+03 | 4.179809e+03 |  95.47%| unknown
d 0.1s|     1 |     0 |  1587 |     - |distribu|   0 | 435 | 182 | 182 |   0 |  1 |   0 |   0 | 8.170146e+03 | 6.921593e+03 |  18.04%| unknown
  0.1s|     1 |     0 |  1587 |     - |  5437k |   0 | 435 | 182 | 182 |   0 |  1 |   0 |   0 | 8.170146e+03 | 6.921593e+03 |  18.04%| unknown
  0.2s|     1 |     2 |  1587 |     - |  5652k |   0 | 435 | 182 | 182 |   0 |  2 |   0 |  27 | 8.095754e+03 | 6.921593e+03 |  16.96%| unknown

SCIP Status        : solving was interrupted [node limit reached]
Solving Time (sec) : 0.20
Solving Nodes      : 1
Primal Bound       : +6.92159344279692e+03 (47 solutions)
Dual Bound         : +8.09575415835825e+03
Gap                : 16.96 %
