presolving:
(round 1, fast)       0 del vars, 2 del conss, 0 add conss, 0 chg bounds, 0 chg sides, 0 chg coeffs, 0 upgd conss, 0 impls, 188 clqs
   (0.0s) running MILP presolver
   (0.0s) MILP presolver (2 rounds): 0 aggregations, 9 fixings, 0 bound changes
(round 2, medium)     9 del vars, 2 del conss, 0 add conss, 0 chg bounds, 0 chg sides, 0 chg coeffs, 0 upgd conss, 0 impls, 188 clqs
(round 3, exhaustive) 9 del vars, 5 del conss, 0 add conss, 0 chg bounds, 3 chg sides, 0 chg coeffs, 0 upgd conss, 0 impls, 188 clqs
(round 4, exhaustive) 9 del vars, 5 del conss, 0 add conss, 0 chg bounds, 3 chg sides, 0 chg coeffs, 185 upgd conss, 0 impls, 188 clqs
(round 5, medium)     46 del vars, 5 del conss, 0 add conss, 0 chg bounds, 3 chg sides, 37 chg coeffs, 185 upgd conss, 0 impls, 188 clqs
(round 6, fast)       59 del vars, 5 del conss, 0 add conss, 0 chg bounds, 3 chg sides, 37 chg coeffs, 185 upgd conss, 0 impls, 187 clqs
   (0.0s) probing: 51/441 (11.6%) - 0 fixings, 0 aggregations, 0 implications, 0 bound changes
   (0.0s) probing aborted: 50/50 successive totally useless probings
   (0.0s) symmetry computation started: requiring (bin +, int +, cont +), (fixed: bin -, int -, cont -)
   (0.0s) no symmetry present (symcode time: 0.00)
presolving (7 rounds: 7 fast, 5 medium, 3 exhaustive):
 59 deleted vars, 5 deleted constraints, 0 added constraints, 0 tightened bounds, 0 added holes, 3 changed sides, 37 changed coefficients
 0 implications, 187 cliques
presolved problem has 441 variables (441 bin, 0 int, 0 impl, 0 cont) and 185 constraints
    185 constraints of type <setppc>
Presolving Time: 0.01

 time | node  | left  |LP iter|LP it/n|mem/heur|mdpt |vars |cons |rows |cuts |sepa|confs|strbr|  dualbound   | primalbound  |  gap   | compl. 
  0.1s|     1 |     0 |  1655 |     - |  5353k |   0 | 441 | 185 | 185 |   0 |  0 |   0 |   0 | 7.775475e+03 |      --      |    Inf | unknown
d 0.1s|     1 |     0 |  1655 |     - |distribu|   0 | 441 | 185 | 185 |   0 |  1 |   0 |   0 | 7.775475e+03 | 2.688089e+03 | 189.26%| unknown
d 0.1s|     1 |     0 |  1701 |     - |distribu|   0 | 441 | 185 | 185 |   0 |  1 |   0 |   0 | 7.775475e+03 | 3.296581e+03 | 135.86%| unknown
d 0.1s|     1 |     0 |  1807 |     - |distribu|   0 | 441 | 185 | 185 |   0 |  1 |   0 |   0 | 7.775475e+03 | 3.523611e+03 | 120.67%| unknown
d 0.1s|     1 |     0 |  1900 |     - |distribu|   0 | 441 | 185 | 185 |   0 |  1 |   0 |   0 | 7.775475e+03 | 3.861390e+03 | 101.36%| unknown
d 0.1s|     1 |     0 |  1948 |     - |distribu|   0 | 441 | 185 | 185 |   0 |  1 |   0 |   0 | 7.775475e+03 | 7.040396e+03 |  10.44%| unknown
d 0.1s|     1 |     0 |  1953 |     - |distribu|   0 | 441 | 185 | 185 |   0 |  1 |   0 |   0 | 7.775475e+03 | 7.231111e+03 |   7.53%| unknown
  0.1s|     1 |     0 |  1953 |     - |  5456k |   0 | 441 | 185 | 185 |   0 |  1 |   0 |   0 | 7.775475e+03 | 7.231111e+03 |   7.53%| unknown
  0.2s|     1 |     2 |  1953 |     - |  5682k |   0 | 441 | 185 | 185 |   0 |  2 |   0 |  29 | 7.720927e+03 | 7.231111e+03 |   6.77%| unknown

SCIP Status        : solving was interrupted [node limit reached]
Solving Time (sec) : 0.20
Solving Nodes      : 1
Primal Bound       : +7.23111134857026e+03 (39 solutions)
Dual Bound         : +7.72092672581767e+03
Gap                : 6.77 %
