presolving:
   (0.0s) running MILP presolver
   (0.0s) MILP presolver (2 rounds): 0 aggregations, 19 fixings, 0 bound changes
(round 1, medium)     19 del vars, 0 del conss, 0 add conss, 0 chg bounds, 0 chg sides, 0 chg coeffs, 0 upgd conss, 0 impls, 194 clqs
(round 2, fast)       19 del vars, 2 del conss, 0 add conss, 0 chg bounds, 0 chg sides, 0 chg coeffs, 0 upgd conss, 0 impls, 194 clqs
(round 3, exhaustive) 19 del vars, 7 del conss, 0 add conss, 0 chg bounds, 5 chg sides, 0 chg coeffs, 0 upgd conss, 0 impls, 194 clqs
(round 4, exhaustive) 19 del vars, 7 del conss, 0 add conss, 0 chg bounds, 5 chg sides, 0 chg coeffs, 189 upgd conss, 0 impls, 194 clqs
(round 5, medium)     57 del vars, 7 del conss, 0 add conss, 0 chg bounds, 5 chg sides, 38 chg coeffs, 189 upgd conss, 0 impls, 194 clqs
(round 6, fast)       77 del vars, 9 del conss, 0 add conss, 0 chg bounds, 5 chg sides, 38 chg coeffs, 189 upgd conss, 0 impls, 191 clqs
(round 7, exhaustive) 77 del vars, 13 del conss, 0 add conss, 0 chg bounds, 5 chg sides, 38 chg coeffs, 189 upgd conss, 0 impls, 191 clqs
   (0.0s) probing: 51/423 (12.1%) - 0 fixings, 0 aggregations, 0 implications, 0 bound changes
   (0.0s) probing aborted: 50/50 successive totally useless probings
   (0.0s) symmetry computation started: requiring (bin +, int +, cont +), (fixed: bin -, int -, cont -)
   (0.0s) no symmetry present (symcode time: 0.00)
presolving (8 rounds: 8 fast, 6 medium, 4 exhaustive):
 77 deleted vars, 13 deleted constraints, 0 added constraints, 0 tightened bounds, 0 added holes, 5 changed sides, 38 changed coefficients
 0 implications, 191 cliques
presolved problem has 423 variables (423 bin, 0 int, 0 impl, 0 cont) and 183 constraints
    183 constraints of type <setppc>
Presolving Time: 0.02

 time | node  | left  |LP iter|LP it/n|mem/heur|mdpt |vars |cons |rows |cuts |sepa|confs|strbr|  dualbound   | primalbound  |  gap   | compl. 
  0.1s|     1 |     0 |  1942 |     - |  5542k |   0 | 423 | 183 | 183 |   0 |  0 |   0 |   0 | 7.346005e+03 |      --      |    Inf | unknown
d 0.1s|     1 |     0 |  1942 |     - |distribu|   0 | 423 | 183 | 183 |   0 |  1 |   0 |   0 | 7.346005e+03 | 2.797057e+03 | 162.63%| unknown
d 0.1s|     1 |     0 |  2101 |     - |distribu|   0 | 423 | 183 | 183 |   0 |  1 |   0 |   0 | 7.346005e+03 | 3.424093e+03 | 114.54%| unknown
d 0.1s|     1 |     0 |  2166 |     - |distribu|   0 | 423 | 183 | 183 |   0 |  1 |   0 |   0 | 7.346005e+03 | 3.828363e+03 |  91.88%| unknown
d 0.1s|     1 |     0 |  2227 |     - |distribu|   0 | 423 | 183 | 183 |   0 |  1 |   0 |   0 | 7.346005e+03 | 5.013447e+03 |  46.53%| unknown
d 0.1s|     1 |     0 |  2251 |     - |distribu|   0 | 423 | 183 | 183 |   0 |  1 |   0 |   0 | 7.346005e+03 | 5.449472e+03 |  34.80%| unknown
d 0.1s|     1 |     0 |  2267 |     - |distribu|   0 | 423 | 183 | 183 |   0 |  1 |   0 |   0 | 7.346005e+03 | 6.168528e+03 |  19.09%| unknown
d 0.1s|     1 |     0 |  2294 |     - |distribu|   0 | 423 | 183 | 183 |   0 |  1 |   0 |   0 | 7.346005e+03 | 6.538649e+03 |  12.35%| unknown
  0.1s|     1 |     0 |  2294 |     - |  5653k |   0 | 423 | 183 | 183 |   0 |  1 |   0 |   0 | 7.346005e+03 | 6.538649e+03 |  12.35%| unknown
  0.3s|     1 |     2 |  2294 |     - |  5850k |   0 | 423 | 183 | 183 |   0 |  2 |   0 |  28 | 7.312627e+03 | 6.538649e+03 |  11.84%| unknown

SCIP Status        : solving was interrupted [node limit reached]
Solving Time (sec) : 0.27
Solving Nodes      : 1
Primal Bound       : +6.53864896347344e+03 (36 solutions)
Dual Bound         : +7.31262688287421e+03
Gap                : 11.84 %
