presolving:
   (0.0s) running MILP presolver
   (0.0s) MILP presolver (2 rounds): 0 aggregations, 15 fixings, 0 bound changes
(round 1, medium)     15 del vars, 0 del conss, 0 add conss, 0 chg bounds, 0 chg sides, 0 chg coeffs, 0 upgd conss, 0 impls, 193 clqs
(round 2, exhaustive) 15 del vars, 2 del conss, 0 add conss, 0 chg bounds, 2 chg sides, 0 chg coeffs, 0 upgd conss, 0 impls, 193 clqs
(round 3, exhaustive) 15 del vars, 2 del conss, 0 add conss, 0 chg bounds, 2 chg sides, 0 chg coeffs, 191 upgd conss, 0 impls, 193 clqs
(round 4, medium)     48 del vars, 2 del conss, 0 add conss, 0 chg bounds, 2 chg sides, 33 chg coeffs, 191 upgd conss, 0 impls, 193 clqs
(round 5, fast)       57 del vars, 2 del conss, 0 add conss, 0 chg bounds, 2 chg sides, 33 chg coeffs, 191 upgd conss, 0 impls, 193 clqs
(round 6, exhaustive) 57 del vars, 6 del conss, 0 add conss, 0 chg bounds, 2 chg sides, 33 chg coeffs, 191 upgd conss, 0 impls, 193 clqs
   (0.0s) probing: 51/443 (11.5%) - 0 fixings, 0 aggregations, 0 implications, 0 bound changes
   (0.0s) probing aborted: 50/50 successive totally useless probings
   (0.0s) symmetry computation started: requiring (bin +, int +, cont +), (fixed: bin -, int -, cont -)
   (0.0s) no symmetry present (symcode time: 0.00)
presolving (7 rounds: 7 fast, 6 medium, 4 exhaustive):
 57 deleted vars, 6 deleted constraints, 0 added constraints, 0 tightened bounds, 0 added holes, 2 changed sides, 33 changed coefficients
 0 implications, 193 cliques
presolved problem has 443 variables (443 bin, 0 int, 0 impl, 0 cont) and 187 constraints
    187 constraints of type <setppc>
Presolving Time: 0.02

 time | node  | left  |LP iter|LP it/n|mem/heur|mdpt |vars |cons |rows |cuts |sepa|confs|strbr|  dualbound   | primalbound  |  gap   | compl. 
  0.1s|     1 |     0 |  1840 |     - |  5598k |   0 | 443 | 187 | 187 |   0 |  0 |   0 |   0 | 7.403038e+03 |      --      |    Inf | unknown
d 0.1s|     1 |     0 |  1840 |     - |distribu|   0 | 443 | 187 | 187 |   0 |  1 |   0 |   0 | 7.403038e+03 | 2.401947e+03 | 208.21%| unknown
d 0.1s|     1 |     0 |  1949 |     - |distribu|   0 | 443 | 187 | 187 |   0 |  1 |   0 |   0 | 7.403038e+03 | 2.924931e+03 | 153.10%| unknown
d 0.1s|     1 |     0 |  2050 |     - |distribu|   0 | 443 | 187 | 187 |   0 |  1 |   0 |   0 | 7.403038e+03 | 3.428136e+03 | 115.95%| unknown
d 0.1s|     1 |     0 |  2115 |     - |distribu|   0 | 443 | 187 | 187 |   0 |  1 |   0 |   0 | 7.403038e+03 | 3.558051e+03 | 108.06%| unknown
d 0.1s|     1 |     0 |  2171 |     - |distribu|   0 | 443 | 187 | 187 |   0 |  1 |   0 |   0 | 7.403038e+03 | 3.776231e+03 |  96.04%| unknown
d 0.1s|     1 |     0 |  2228 |     - |distribu|   0 | 443 | 187 | 187 |   0 |  1 |   0 |   0 | 7.403038e+03 | 3.995696e+03 |  85.28%| unknown
d 0.1s|     1 |     0 |  2253 |     - |distribu|   0 | 443 | 187 | 187 |   0 |  1 |   0 |   0 | 7.403038e+03 | 5.175615e+03 |  43.04%| unknown
d 0.1s|     1 |     0 |  2259 |     - |distribu|   0 | 443 | 187 | 187 |   0 |  1 |   0 |   0 | 7.403038e+03 | 6.115525e+03 |  21.05%| unknown
  0.1s|     1 |     0 |  2259 |     - |  5746k |   0 | 443 | 187 | 187 |   0 |  1 |   0 |   0 | 7.403038e+03 | 6.115525e+03 |  21.05%| unknown
  0.3s|     1 |     2 |  2259 |     - |  5948k |   0 | 443 | 187 | 187 |   0 |  2 |   0 |  31 | 7.365797e+03 | 6.115525e+03 |  20.44%| unknown

SCIP Status        : solving was interrupted [node limit reached]
Solving Time (sec) : 0.29
Solving Nodes      : 1
Primal Bound       : +6.11552458429653e+03 (41 solutions)
Dual Bound         : +7.36579685965920e+03
Gap                : 20.44 %
