presolving:
(round 1, fast)       0 del vars, 1 del conss, 0 add conss, 0 chg bounds, 0 chg sides, 0 chg coeffs, 0 upgd conss, 0 impls, 185 clqs
   (0.0s) running MILP presolver
   (0.0s) MILP presolver (2 rounds): 0 aggregations, 17 fixings, 0 bound changes
(round 2, medium)     17 del vars, 1 del conss, 0 add conss, 0 chg bounds, 0 chg sides, 0 chg coeffs, 0 upgd conss, 0 impls, 185 clqs
(round 3, exhaustive) 17 del vars, 2 del conss, 0 add conss, 0 chg bounds, 1 chg sides, 0 chg coeffs, 0 upgd conss, 0 impls, 185 clqs
(round 4, exhaustive) 17 del vars, 2 del conss, 0 add conss, 0 chg bounds, 1 chg sides, 0 chg coeffs, 184 upgd conss, 0 impls, 185 clqs
(round 5, medium)     58 del vars, 2 del conss, 0 add conss, 0 chg bounds, 1 chg sides, 41 chg coeffs, 184 upgd conss, 0 impls, 185 clqs
(round 6, fast)       78 del vars, 2 del conss, 0 add conss, 0 chg bounds, 1 chg sides, 41 chg coeffs, 184 upgd conss, 0 impls, 185 clqs
(round 7, exhaustive) 78 del vars, 6 del conss, 0 add conss, 0 chg bounds, 1 chg sides, 41 chg coeffs, 184 upgd conss, 0 impls, 185 clqs
   (0.0s) probing: 51/422 (12.1%) - 0 fixings, 0 aggregations, 0 implications, 0 bound changes
   (0.0s) probing aborted: 50/50 successive totally useless probings
   (0.0s) symmetry computation started: requiring (bin +, int +, cont +), (fixed: bin -, int -, cont -)
   (0.0s) no symmetry present (symcode time: 0.00)
presolving (8 rounds: 8 fast, 6 medium, 4 exhaustive):
 78 deleted vars, 6 deleted constraints, 0 added constraints, 0 tightened bounds, 0 added holes, 1 changed sides, 41 changed coefficients
 0 implications, 185 cliques
presolved problem has 422 variables (422 bin, 0 int, 0 impl, 0 cont) and 180 constraints
    180 constraints of type <setppc>
Presolving Time: 0.02

 time | node  | left  |LP iter|LP it/n|mem/heur|mdpt |vars |cons |rows |cuts |sepa|confs|strbr|  dualbound   | primalbound  |  gap   | compl. 
  0.1s|     1 |     0 |  1277 |     - |  5516k |   0 | 422 | 180 | 180 |   0 |  0 |   0 |   0 | 7.505964e+03 |      --      |    Inf | unknown
d 0.1s|     1 |     0 |  1277 |     - |distribu|   0 | 422 | 180 | 180 |   0 |  1 |   0 |   0 | 7.505964e+03 | 3.131148e+03 | 139.72%| unknown
d 0.1s|     1 |     0 |  1331 |     - |distribu|   0 | 422 | 180 | 180 |   0 |  1 |   0 |   0 | 7.505964e+03 | 3.301819e+03 | 127.33%| unknown
d 0.1s|     1 |     0 |  1413 |     - |distribu|   0 | 422 | 180 | 180 |   0 |  1 |   0 |   0 | 7.505964e+03 | 3.650442e+03 | 105.62%| unknown
d 0.1s|     1 |     0 |  1494 |     - |distribu|   0 | 422 | 180 | 180 |   0 |  1 |   0 |   0 | 7.505964e+03 | 4.442702e+03 |  68.95%| unknown
d 0.1s|     1 |     0 |  1596 |     - |distribu|   0 | 422 | 180 | 180 |   0 |  1 |   0 |   0 | 7.505964e+03 | 6.585100e+03 |  13.98%| unknown
  0.1s|     1 |     0 |  1596 |     - |  5653k |   0 | 422 | 180 | 180 |   0 |  1 |   0 |   0 | 7.505964e+03 | 6.585100e+03 |  13.98%| unknown
  0.4s|     1 |     2 |  1596 |     - |  5755k |   0 | 422 | 180 | 180 |   0 |  2 |   0 |  23 | 7.454928e+03 | 6.585100e+03 |  13.21%| unknown

SCIP Status        : solving was interrupted [node limit reached]
Solving Time (sec) : 0.42
Solving Nodes      : 1
Primal Bound       : +6.58510042263115e+03 (29 solutions)
Dual Bound         : +7.45492765896273e+03
Gap                : 13.21 %
