presolving:
   (0.0s) running MILP presolver
   (0.0s) MILP presolver (2 rounds): 0 aggregations, 24 fixings, 0 bound changes
(round 1, medium)     24 del vars, 0 del conss, 0 add conss, 0 chg bounds, 0 chg sides, 0 chg coeffs, 0 upgd conss, 0 impls, 190 clqs
(round 2, fast)       24 del vars, 2 del conss, 0 add conss, 0 chg bounds, 0 chg sides, 0 chg coeffs, 0 upgd conss, 0 impls, 190 clqs
(round 3, exhaustive) 24 del vars, 10 del conss, 0 add conss, 0 chg bounds, 8 chg sides, 0 chg coeffs, 0 upgd conss, 0 impls, 190 clqs
(round 4, exhaustive) 24 del vars, 10 del conss, 0 add conss, 0 chg bounds, 8 chg sides, 0 chg coeffs, 182 upgd conss, 0 impls, 190 clqs
(round 5, medium)     60 del vars, 10 del conss, 0 add conss, 0 chg bounds, 8 chg sides, 36 chg coeffs, 182 upgd conss, 0 impls, 190 clqs
(round 6, fast)       87 del vars, 11 del conss, 0 add conss, 0 chg bounds, 8 chg sides, 36 chg coeffs, 182 upgd conss, 0 impls, 188 clqs
(round 7, exhaustive) 87 del vars, 15 del conss, 0 add conss, 0 chg bounds, 8 chg sides, 36 chg coeffs, 182 upgd conss, 0 impls, 188 clqs
   (0.0s) probing: 51/413 (12.3%) - 0 fixings, 0 aggregations, 0 implications, 0 bound changes
   (0.0s) probing aborted: 50/50 successive totally useless probings
   (0.0s) symmetry computation started: requiring (bin +, int +, cont +), (fixed: bin -, int -, cont -)
   (0.0s) no symmetry present (symcode time: 0.00)
presolving (8 rounds: 8 fast, 6 medium, 4 exhaustive):
 87 deleted vars, 15 deleted constraints, 0 added constraints, 0 tightened bounds, 0 added holes, 8 changed sides, 36 changed coefficients
 0 implications, 188 cliques
presolved problem has 413 variables (413 bin, 0 int, 0 impl, 0 cont) and 177 constraints
    177 constraints of type <setppc>
Presolving Time: 0.02

 time | node  | left  |LP iter|LP it/n|mem/heur|mdpt |vars |cons |rows |cuts |sepa|confs|strbr|  dualbound   | primalbound  |  gap   | compl. 
  0.1s|     1 |     0 |  1153 |     - |  5402k |   0 | 413 | 177 | 177 |   0 |  0 |   0 |   0 | 7.414915e+03 |      --      |    Inf | unknown
d 0.1s|     1 |     0 |  1153 |     - |distribu|   0 | 413 | 177 | 177 |   0 |  1 |   0 |   0 | 7.414915e+03 | 2.767110e+03 | 167.97%| unknown
d 0.1s|     1 |     0 |  1220 |     - |distribu|   0 | 413 | 177 | 177 |   0 |  1 |   0 |   0 | 7.414915e+03 | 3.199373e+03 | 131.76%| unknown
d 0.1s|     1 |     0 |  1314 |     - |distribu|   0 | 413 | 177 | 177 |   0 |  1 |   0 |   0 | 7.414915e+03 | 3.534409e+03 | 109.79%| unknown
d 0.1s|     1 |     0 |  1421 |     - |distribu|   0 | 413 | 177 | 177 |   0 |  1 |   0 |   0 | 7.414915e+03 | 5.031947e+03 |  47.36%| unknown
d 0.1s|     1 |     0 |  1460 |     - |distribu|   0 | 413 | 177 | 177 |   0 |  1 |   0 |   0 | 7.414915e+03 | 6.353326e+03 |  16.71%| unknown
  0.1s|     1 |     0 |  1460 |     - |  5535k |   0 | 413 | 177 | 177 |   0 |  1 |   0 |   0 | 7.414915e+03 | 6.353326e+03 |  16.71%| unknown
  0.2s|     1 |     2 |  1460 |     - |  5694k |   0 | 413 | 177 | 177 |   0 |  2 |   0 |  29 | 7.354874e+03 | 6.353326e+03 |  15.76%| unknown

SCIP Status        : solving was interrupted [node limit reached]
Solving Time (sec) : 0.21
Solving Nodes      : 1
Primal Bound       : +6.35332584450671e+03 (36 solutions)
Dual Bound         : +7.35487427995954e+03
Gap                : 15.76 %
