presolving:
(round 1, fast)       1 del vars, 4 del conss, 0 add conss, 0 chg bounds, 0 chg sides, 0 chg coeffs, 0 upgd conss, 0 impls, 194 clqs
   (0.0s) running MILP presolver
   (0.0s) MILP presolver (2 rounds): 0 aggregations, 21 fixings, 0 bound changes
(round 2, medium)     22 del vars, 4 del conss, 0 add conss, 0 chg bounds, 0 chg sides, 0 chg coeffs, 0 upgd conss, 0 impls, 194 clqs
(round 3, fast)       23 del vars, 5 del conss, 0 add conss, 0 chg bounds, 0 chg sides, 0 chg coeffs, 0 upgd conss, 0 impls, 193 clqs
(round 4, exhaustive) 23 del vars, 11 del conss, 0 add conss, 0 chg bounds, 6 chg sides, 0 chg coeffs, 0 upgd conss, 0 impls, 193 clqs
(round 5, exhaustive) 23 del vars, 11 del conss, 0 add conss, 0 chg bounds, 6 chg sides, 0 chg coeffs, 187 upgd conss, 0 impls, 193 clqs
(round 6, medium)     59 del vars, 11 del conss, 0 add conss, 0 chg bounds, 6 chg sides, 36 chg coeffs, 187 upgd conss, 0 impls, 192 clqs
(round 7, fast)       79 del vars, 11 del conss, 0 add conss, 0 chg bounds, 6 chg sides, 36 chg coeffs, 187 upgd conss, 0 impls, 192 clqs
(round 8, exhaustive) 79 del vars, 17 del conss, 0 add conss, 0 chg bounds, 6 chg sides, 36 chg coeffs, 187 upgd conss, 0 impls, 192 clqs
(round 9, exhaustive) 80 del vars, 17 del conss, 0 add conss, 0 chg bounds, 6 chg sides, 36 chg coeffs, 187 upgd conss, 0 impls, 191 clqs
   (0.0s) probing: 51/420 (12.1%) - 0 fixings, 0 aggregations, 0 implications, 0 bound changes
   (0.0s) probing aborted: 50/50 successive totally useless probings
   (0.0s) symmetry computation started: requiring (bin +, int +, cont +), (fixed: bin -, int -, cont -)
   (0.0s) no symmetry present (symcode time: 0.00)
presolving (10 rounds: 10 fast, 7 medium, 5 exhaustive):
 80 deleted vars, 17 deleted constraints, 0 added constraints, 0 tightened bounds, 0 added holes, 6 changed sides, 36 changed coefficients
 0 implications, 191 cliques
presolved problem has 420 variables (420 bin, 0 int, 0 impl, 0 cont) and 181 constraints
    181 constraints of type <setppc>
Presolving Time: 0.02

 time | node  | left  |LP iter|LP it/n|mem/heur|mdpt |vars |cons |rows |cuts |sepa|confs|strbr|  dualbound   | primalbound  |  gap   | compl. 
  0.1s|     1 |     0 |  1322 |     - |  5247k |   0 | 420 | 181 | 181 |   0 |  0 |   0 |   0 | 7.364662e+03 |      --      |    Inf | unknown
d 0.1s|     1 |     0 |  1322 |     - |distribu|   0 | 420 | 181 | 181 |   0 |  1 |   0 |   0 | 7.364662e+03 | 3.174449e+03 | 132.00%| unknown
d 0.1s|     1 |     0 |  1409 |     - |distribu|   0 | 420 | 181 | 181 |   0 |  1 |   0 |   0 | 7.364662e+03 | 3.446059e+03 | 113.71%| unknown
d 0.1s|     1 |     0 |  1450 |     - |distribu|   0 | 420 | 181 | 181 |   0 |  1 |   0 |   0 | 7.364662e+03 | 5.444491e+03 |  35.27%| unknown
d 0.1s|     1 |     0 |  1472 |     - |distribu|   0 | 420 | 181 | 181 |   0 |  1 |   0 |   0 | 7.364662e+03 | 6.136050e+03 |  20.02%| unknown
d 0.1s|     1 |     0 |  1475 |     - |distribu|   0 | 420 | 181 | 181 |   0 |  1 |   0 |   0 | 7.364662e+03 | 7.040168e+03 |   4.61%| unknown
  0.1s|     1 |     0 |  1475 |     - |  5387k |   0 | 420 | 181 | 181 |   0 |  1 |   0 |   0 | 7.364662e+03 | 7.040168e+03 |   4.61%| unknown
  0.1s|     1 |     0 |  1475 |     - |  5387k |   0 | 420 | 181 | 181 |   0 |  1 |   0 |   0 | 7.364662e+03 | 7.040168e+03 |   4.61%| unknown
  0.2s|     1 |     2 |  1475 |     - |  5636k |   0 | 420 | 181 | 181 |   0 |  2 |   0 |  34 | 7.344013e+03 | 7.040168e+03 |   4.32%| unknown

SCIP Status        : solving was interrupted [node limit reached]
Solving Time (sec) : 0.20
Solving Nodes      : 1
Primal Bound       : +7.04016803895852e+03 (48 solutions)
Dual Bound         : +7.34401284446607e+03
Gap                : 4.32 %
