presolving:
(round 1, fast)       1 del vars, 1 del conss, 0 add conss, 0 chg bounds, 0 chg sides, 0 chg coeffs, 0 upgd conss, 0 impls, 188 clqs
   (0.0s) running MILP presolver
   (0.0s) MILP presolver (2 rounds): 0 aggregations, 21 fixings, 0 bound changes
(round 2, medium)     22 del vars, 1 del conss, 0 add conss, 0 chg bounds, 0 chg sides, 0 chg coeffs, 0 upgd conss, 0 impls, 188 clqs
(round 3, fast)       23 del vars, 2 del conss, 0 add conss, 0 chg bounds, 0 chg sides, 0 chg coeffs, 0 upgd conss, 0 impls, 187 clqs
(round 4, exhaustive) 23 del vars, 2 del conss, 0 add conss, 0 chg bounds, 0 chg sides, 0 chg coeffs, 187 upgd conss, 0 impls, 187 clqs
(round 5, medium)     61 del vars, 2 del conss, 0 add conss, 0 chg bounds, 0 chg sides, 38 chg coeffs, 187 upgd conss, 0 impls, 187 clqs
(round 6, fast)       86 del vars, 5 del conss, 0 add conss, 0 chg bounds, 0 chg sides, 38 chg coeffs, 187 upgd conss, 0 impls, 184 clqs
(round 7, exhaustive) 86 del vars, 9 del conss, 0 add conss, 0 chg bounds, 0 chg sides, 38 chg coeffs, 187 upgd conss, 0 impls, 184 clqs
   (0.0s) probing: 51/414 (12.3%) - 0 fixings, 0 aggregations, 0 implications, 0 bound changes
   (0.0s) probing aborted: 50/50 successive totally useless probings
   (0.0s) symmetry computation started: requiring (bin +, int +, cont +), (fixed: bin -, int -, cont -)
   (0.0s) no symmetry present (symcode time: 0.00)
presolving (8 rounds: 8 fast, 5 medium, 3 exhaustive):
 86 deleted vars, 9 deleted constraints, 0 added constraints, 0 tightened bounds, 0 added holes, 0 changed sides, 38 changed coefficients
 0 implications, 184 cliques
presolved problem has 414 variables (414 bin, 0 int, 0 impl, 0 cont) and 180 constraints
    180 constraints of type <setppc>
Presolving Time: 0.02

 time | node  | left  |LP iter|LP it/n|mem/heur|mdpt |vars |cons |rows |cuts |sepa|confs|strbr|  dualbound   | primalbound  |  gap   | compl. 
  0.1s|     1 |     0 |  1091 |     - |  5157k |   0 | 414 | 180 | 180 |   0 |  0 |   0 |   0 | 7.949264e+03 |      --      |    Inf | unknown
d 0.1s|     1 |     0 |  1091 |     - |distribu|   0 | 414 | 180 | 180 |   0 |  1 |   0 |   0 | 7.949264e+03 | 3.227675e+03 | 146.28%| unknown
d 0.1s|     1 |     0 |  1189 |     - |distribu|   0 | 414 | 180 | 180 |   0 |  1 |   0 |   0 | 7.949264e+03 | 3.758849e+03 | 111.48%| unknown
d 0.1s|     1 |     0 |  1308 |     - |distribu|   0 | 414 | 180 | 180 |   0 |  1 |   0 |   0 | 7.949264e+03 | 3.839118e+03 | 107.06%| unknown
d 0.1s|     1 |     0 |  1354 |     - |distribu|   0 | 414 | 180 | 180 |   0 |  1 |   0 |   0 | 7.949264e+03 | 5.342430e+03 |  48.79%| unknown
d 0.1s|     1 |     0 |  1427 |     - |distribu|   0 | 414 | 180 | 180 |   0 |  1 |   0 |   0 | 7.949264e+03 | 5.590081e+03 |  42.20%| unknown
d 0.1s|     1 |     0 |  1433 |     - |distribu|   0 | 414 | 180 | 180 |   0 |  1 |   0 |   0 | 7.949264e+03 | 7.084213e+03 |  12.21%| unknown
  0.1s|     1 |     0 |  1433 |     - |  5263k |   0 | 414 | 180 | 180 |   0 |  1 |   0 |   0 | 7.949264e+03 | 7.084213e+03 |  12.21%| unknown
  0.2s|     1 |     2 |  1433 |     - |  5389k |   0 | 414 | 180 | 180 |   0 |  2 |   0 |  27 | 7.919281e+03 | 7.084213e+03 |  11.79%| unknown

SCIP Status        : solving was interrupted [node limit reached]
Solving Time (sec) : 0.19
Solving Nodes      : 1
Primal Bound       : +7.08421340832976e+03 (33 solutions)
Dual Bound         : +7.91928128674555e+03
Gap                : 11.79 %
