presolving:
(round 1, fast)       0 del vars, 2 del conss, 0 add conss, 0 chg bounds, 0 chg sides, 0 chg coeffs, 0 upgd conss, 0 impls, 199 clqs
   (0.0s) running MILP presolver
   (0.0s) MILP presolver (2 rounds): 0 aggregations, 15 fixings, 0 bound changes
(round 2, medium)     15 del vars, 2 del conss, 0 add conss, 0 chg bounds, 0 chg sides, 0 chg coeffs, 0 upgd conss, 0 impls, 199 clqs
(round 3, fast)       16 del vars, 3 del conss, 0 add conss, 0 chg bounds, 0 chg sides, 0 chg coeffs, 0 upgd conss, 0 impls, 198 clqs
(round 4, exhaustive) 16 del vars, 5 del conss, 0 add conss, 0 chg bounds, 2 chg sides, 0 chg coeffs, 0 upgd conss, 0 impls, 198 clqs
(round 5, exhaustive) 16 del vars, 5 del conss, 0 add conss, 0 chg bounds, 2 chg sides, 0 chg coeffs, 196 upgd conss, 0 impls, 198 clqs
(round 6, medium)     47 del vars, 5 del conss, 0 add conss, 0 chg bounds, 2 chg sides, 31 chg coeffs, 196 upgd conss, 0 impls, 198 clqs
(round 7, fast)       57 del vars, 5 del conss, 0 add conss, 0 chg bounds, 2 chg sides, 31 chg coeffs, 196 upgd conss, 0 impls, 198 clqs
(round 8, exhaustive) 57 del vars, 9 del conss, 0 add conss, 0 chg bounds, 2 chg sides, 31 chg coeffs, 196 upgd conss, 0 impls, 198 clqs
   (0.0s) probing: 51/443 (11.5%) - 0 fixings, 0 aggregations, 0 implications, 0 bound changes
   (0.0s) probing aborted: 50/50 successive totally useless probings
   (0.0s) symmetry computation started: requiring (bin +, int +, cont +), (fixed: bin -, int -, cont -)
   (0.0s) no symmetry present (symcode time: 0.00)
presolving (9 rounds: 9 fast, 6 medium, 4 exhaustive):
 57 deleted vars, 9 deleted constraints, 0 added constraints, 0 tightened bounds, 0 added holes, 2 changed sides, 31 changed coefficients
 0 implications, 198 cliques
presolved problem has 443 variables (443 bin, 0 int, 0 impl, 0 cont) and 192 constraints
    192 constraints of type <setppc>
Presolving Time: 0.01

 time | node  | left  |LP iter|LP it/n|mem/heur|mdpt |vars |cons |rows |cuts |sepa|confs|strbr|  dualbound   | primalbound  |  gap   | compl. 
  0.1s|     1 |     0 |  1270 |     - |  5339k |   0 | 443 | 192 | 192 |   0 |  0 |   0 |   0 | 7.631571e+03 |      --      |    Inf | unknown
d 0.1s|     1 |     0 |  1270 |     - |distribu|   0 | 443 | 192 | 192 |   0 |  1 |   0 |   0 | 7.631571e+03 | 2.729605e+03 | 179.59%| unknown
d 0.1s|     1 |     0 |  1449 |     - |distribu|   0 | 443 | 192 | 192 |   0 |  1 |   0 |   0 | 7.631571e+03 | 4.193286e+03 |  81.99%| unknown
d 0.1s|     1 |     0 |  1598 |     - |distribu|   0 | 443 | 192 | 192 |   0 |  1 |   0 |   0 | 7.631571e+03 | 5.221289e+03 |  46.16%| unknown
d 0.1s|     1 |     0 |  1612 |     - |distribu|   0 | 443 | 192 | 192 |   0 |  1 |   0 |   0 | 7.631571e+03 | 6.941767e+03 |   9.94%| unknown
  0.1s|     1 |     0 |  1612 |     - |  5445k |   0 | 443 | 192 | 192 |   0 |  1 |   0 |   0 | 7.631571e+03 | 6.941767e+03 |   9.94%| unknown
  0.3s|     1 |     2 |  1612 |     - |  5767k |   0 | 443 | 192 | 192 |   0 |  2 |   0 |  42 | 7.607964e+03 | 6.941767e+03 |   9.60%| unknown

SCIP Status        : solving was interrupted [node limit reached]
Solving Time (sec) : 0.32
Solving Nodes      : 1
Primal Bound       : +6.94176721221925e+03 (52 solutions)
Dual Bound         : +7.60796367688864e+03
Gap                : 9.60 %
