presolving:
(round 1, fast)       0 del vars, 3 del conss, 0 add conss, 0 chg bounds, 0 chg sides, 0 chg coeffs, 0 upgd conss, 0 impls, 189 clqs
   (0.0s) running MILP presolver
   (0.0s) MILP presolver (2 rounds): 0 aggregations, 11 fixings, 0 bound changes
(round 2, medium)     11 del vars, 3 del conss, 0 add conss, 0 chg bounds, 0 chg sides, 0 chg coeffs, 0 upgd conss, 0 impls, 189 clqs
(round 3, exhaustive) 11 del vars, 6 del conss, 0 add conss, 0 chg bounds, 3 chg sides, 0 chg coeffs, 0 upgd conss, 0 impls, 189 clqs
(round 4, exhaustive) 11 del vars, 6 del conss, 0 add conss, 0 chg bounds, 3 chg sides, 0 chg coeffs, 186 upgd conss, 0 impls, 189 clqs
(round 5, medium)     52 del vars, 6 del conss, 0 add conss, 0 chg bounds, 3 chg sides, 41 chg coeffs, 186 upgd conss, 0 impls, 189 clqs
(round 6, fast)       82 del vars, 8 del conss, 0 add conss, 0 chg bounds, 3 chg sides, 41 chg coeffs, 186 upgd conss, 0 impls, 187 clqs
(round 7, exhaustive) 82 del vars, 16 del conss, 0 add conss, 0 chg bounds, 3 chg sides, 41 chg coeffs, 186 upgd conss, 0 impls, 187 clqs
   (0.0s) probing: 51/418 (12.2%) - 0 fixings, 0 aggregations, 0 implications, 0 bound changes
   (0.0s) probing aborted: 50/50 successive totally useless probings
   (0.0s) symmetry computation started: requiring (bin +, int +, cont +), (fixed: bin -, int -, cont -)
   (0.0s) no symmetry present (symcode time: 0.00)
presolving (8 rounds: 8 fast, 6 medium, 4 exhaustive):
 82 deleted vars, 16 deleted constraints, 0 added constraints, 0 tightened bounds, 0 added holes, 3 changed sides, 41 changed coefficients
 0 implications, 187 cliques
presolved problem has 418 variables (418 bin, 0 int, 0 impl, 0 cont) and 176 constraints
    176 constraints of type <setppc>
Presolving Time: 0.02

 time | node  | left  |LP iter|LP it/n|mem/heur|mdpt |vars |cons |rows |cuts |sepa|confs|strbr|  dualbound   | primalbound  |  gap   | compl. 
  0.1s|     1 |     0 |  1000 |     - |  5390k |   0 | 418 | 176 | 176 |   0 |  0 |   0 |   0 | 7.309906e+03 |      --      |    Inf | unknown
d 0.1s|     1 |     0 |  1000 |     - |distribu|   0 | 418 | 176 | 176 |   0 |  1 |   0 |   0 | 7.309906e+03 | 3.081344e+03 | 137.23%| unknown
d 0.1s|     1 |     0 |  1230 |     - |distribu|   0 | 418 | 176 | 176 |   0 |  1 |   0 |   0 | 7.309906e+03 | 3.559829e+03 | 105.34%| unknown
d 0.1s|     1 |     0 |  1382 |     - |distribu|   0 | 418 | 176 | 176 |   0 |  1 |   0 |   0 | 7.309906e+03 | 4.273160e+03 |  71.07%| unknown
d 0.1s|     1 |     0 |  1404 |     - |distribu|   0 | 418 | 176 | 176 |   0 |  1 |   0 |   0 | 7.309906e+03 | 4.726153e+03 |  54.67%| unknown
d 0.1s|     1 |     0 |  1418 |     - |distribu|   0 | 418 | 176 | 176 |   0 |  1 |   0 |   0 | 7.309906e+03 | 6.132386e+03 |  19.20%| unknown
  0.1s|     1 |     0 |  1418 |     - |  5511k |   0 | 418 | 176 | 176 |   0 |  1 |   0 |   0 | 7.309906e+03 | 6.132386e+03 |  19.20%| unknown
  0.2s|     1 |     2 |  1418 |     - |  5641k |   0 | 418 | 176 | 176 |   0 |  2 |   0 |  21 | 7.253256e+03 | 6.132386e+03 |  18.28%| unknown

SCIP Status        : solving was interrupted [node limit reached]
Solving Time (sec) : 0.18
Solving Nodes      : 1
Primal Bound       : +6.13238632387113e+03 (29 solutions)
Dual Bound         : +7.25325595596692e+03
Gap                : 18.28 %
