presolving:
   (0.0s) running MILP presolver
   (0.0s) MILP presolver (2 rounds): 0 aggregations, 24 fixings, 0 bound changes
(round 1, medium)     24 del vars, 0 del conss, 0 add conss, 0 chg bounds, 0 chg sides, 0 chg coeffs, 0 upgd conss, 0 impls, 185 clqs
(round 2, fast)       24 del vars, 1 del conss, 0 add conss, 0 chg bounds, 0 chg sides, 0 chg coeffs, 0 upgd conss, 0 impls, 185 clqs
(round 3, exhaustive) 24 del vars, 4 del conss, 0 add conss, 0 chg bounds, 3 chg sides, 0 chg coeffs, 0 upgd conss, 0 impls, 185 clqs
(round 4, exhaustive) 24 del vars, 4 del conss, 0 add conss, 0 chg bounds, 3 chg sides, 0 chg coeffs, 182 upgd conss, 0 impls, 185 clqs
(round 5, medium)     62 del vars, 4 del conss, 0 add conss, 0 chg bounds, 3 chg sides, 38 chg coeffs, 182 upgd conss, 0 impls, 185 clqs
(round 6, fast)       78 del vars, 5 del conss, 0 add conss, 0 chg bounds, 3 chg sides, 38 chg coeffs, 182 upgd conss, 0 impls, 183 clqs
(round 7, exhaustive) 78 del vars, 7 del conss, 0 add conss, 0 chg bounds, 3 chg sides, 38 chg coeffs, 182 upgd conss, 0 impls, 183 clqs
   (0.0s) probing: 51/422 (12.1%) - 0 fixings, 0 aggregations, 0 implications, 0 bound changes
   (0.0s) probing aborted: 50/50 successive totally useless probings
   (0.0s) symmetry computation started: requiring (bin +, int +, cont +), (fixed: bin -, int -, cont -)
   (0.0s) no symmetry present (symcode time: 0.00)
presolving (8 rounds: 8 fast, 6 medium, 4 exhaustive):
 78 deleted vars, 7 deleted constraints, 0 added constraints, 0 tightened bounds, 0 added holes, 3 changed sides, 38 changed coefficients
 0 implications, 183 cliques
presolved problem has 422 variables (422 bin, 0 int, 0 impl, 0 cont) and 179 constraints
    179 constraints of type <setppc>
Presolving Time: 0.02

 time | node  | left  |LP iter|LP it/n|mem/heur|mdpt |vars |cons |rows |cuts |sepa|confs|strbr|  dualbound   | primalbound  |  gap   | compl. 
  0.1s|     1 |     0 |  1337 |     - |  5331k |   0 | 422 | 179 | 179 |   0 |  0 |   0 |   0 | 8.073454e+03 |      --      |    Inf | unknown
d 0.1s|     1 |     0 |  1337 |     - |distribu|   0 | 422 | 179 | 179 |   0 |  1 |   0 |   0 | 8.073454e+03 | 2.899222e+03 | 178.47%| unknown
d 0.1s|     1 |     0 |  1397 |     - |distribu|   0 | 422 | 179 | 179 |   0 |  1 |   0 |   0 | 8.073454e+03 | 3.122825e+03 | 158.53%| unknown
d 0.1s|     1 |     0 |  1455 |     - |distribu|   0 | 422 | 179 | 179 |   0 |  1 |   0 |   0 | 8.073454e+03 | 3.547562e+03 | 127.58%| unknown
d 0.1s|     1 |     0 |  1498 |     - |distribu|   0 | 422 | 179 | 179 |   0 |  1 |   0 |   0 | 8.073454e+03 | 4.353377e+03 |  85.45%| unknown
d 0.1s|     1 |     0 |  1541 |     - |distribu|   0 | 422 | 179 | 179 |   0 |  1 |   0 |   0 | 8.073454e+03 | 6.617813e+03 |  22.00%| unknown
d 0.1s|     1 |     0 |  1569 |     - |distribu|   0 | 422 | 179 | 179 |   0 |  1 |   0 |   0 | 8.073454e+03 | 6.829822e+03 |  18.21%| unknown
d 0.1s|     1 |     0 |  1572 |     - |distribu|   0 | 422 | 179 | 179 |   0 |  1 |   0 |   0 | 8.073454e+03 | 7.307443e+03 |  10.48%| unknown
  0.1s|     1 |     0 |  1572 |     - |  5476k |   0 | 422 | 179 | 179 |   0 |  1 |   0 |   0 | 8.073454e+03 | 7.307443e+03 |  10.48%| unknown
  0.3s|     1 |     2 |  1572 |     - |  5653k |   0 | 422 | 179 | 179 |   0 |  2 |   0 |  45 | 8.035064e+03 | 7.307443e+03 |   9.96%| unknown

SCIP Status        : solving was interrupted [node limit reached]
Solving Time (sec) : 0.29
Solving Nodes      : 1
Primal Bound       : +7.30744269570430e+03 (53 solutions)
Dual Bound         : +8.03506385928786e+03
Gap                : 9.96 %
