presolving:
(round 1, fast)       0 del vars, 2 del conss, 0 add conss, 0 chg bounds, 0 chg sides, 0 chg coeffs, 0 upgd conss, 0 impls, 187 clqs
(round 2, fast)       1 del vars, 2 del conss, 0 add conss, 0 chg bounds, 0 chg sides, 0 chg coeffs, 0 upgd conss, 0 impls, 187 clqs
   (0.0s) running MILP presolver
   (0.0s) MILP presolver (2 rounds): 0 aggregations, 21 fixings, 0 bound changes
(round 3, medium)     22 del vars, 2 del conss, 0 add conss, 0 chg bounds, 0 chg sides, 0 chg coeffs, 0 upgd conss, 0 impls, 186 clqs
(round 4, fast)       22 del vars, 3 del conss, 0 add conss, 0 chg bounds, 0 chg sides, 0 chg coeffs, 0 upgd conss, 0 impls, 186 clqs
(round 5, exhaustive) 22 del vars, 8 del conss, 0 add conss, 0 chg bounds, 5 chg sides, 0 chg coeffs, 0 upgd conss, 0 impls, 186 clqs
(round 6, exhaustive) 22 del vars, 8 del conss, 0 add conss, 0 chg bounds, 5 chg sides, 0 chg coeffs, 181 upgd conss, 0 impls, 186 clqs
(round 7, medium)     58 del vars, 8 del conss, 0 add conss, 0 chg bounds, 5 chg sides, 36 chg coeffs, 181 upgd conss, 0 impls, 186 clqs
(round 8, fast)       75 del vars, 8 del conss, 0 add conss, 0 chg bounds, 5 chg sides, 36 chg coeffs, 181 upgd conss, 0 impls, 186 clqs
(round 9, exhaustive) 75 del vars, 12 del conss, 0 add conss, 0 chg bounds, 5 chg sides, 36 chg coeffs, 181 upgd conss, 0 impls, 186 clqs
(round 10, exhaustive) 76 del vars, 12 del conss, 0 add conss, 0 chg bounds, 5 chg sides, 36 chg coeffs, 181 upgd conss, 0 impls, 186 clqs
   (0.0s) probing: 51/424 (12.0%) - 0 fixings, 0 aggregations, 0 implications, 0 bound changes
   (0.0s) probing aborted: 50/50 successive totally useless probings
   (0.0s) symmetry computation started: requiring (bin +, int +, cont +), (fixed: bin -, int -, cont -)
   (0.0s) no symmetry present (symcode time: 0.00)
presolving (11 rounds: 11 fast, 7 medium, 5 exhaustive):
 76 deleted vars, 12 deleted constraints, 0 added constraints, 0 tightened bounds, 0 added holes, 5 changed sides, 36 changed coefficients
 0 implications, 186 cliques
presolved problem has 424 variables (424 bin, 0 int, 0 impl, 0 cont) and 177 constraints
    177 constraints of type <setppc>
Presolving Time: 0.03

 time | node  | left  |LP iter|LP it/n|mem/heur|mdpt |vars |cons |rows |cuts |sepa|confs|strbr|  dualbound   | primalbound  |  gap   | compl. 
  0.1s|     1 |     0 |  1294 |     - |  5403k |   0 | 424 | 177 | 177 |   0 |  0 |   0 |   0 | 7.051168e+03 |      --      |    Inf | unknown
d 0.1s|     1 |     0 |  1294 |     - |distribu|   0 | 424 | 177 | 177 |   0 |  1 |   0 |   0 | 7.051168e+03 | 2.921861e+03 | 141.32%| unknown
d 0.1s|     1 |     0 |  1331 |     - |distribu|   0 | 424 | 177 | 177 |   0 |  1 |   0 |   0 | 7.051168e+03 | 2.929514e+03 | 140.69%| unknown
d 0.1s|     1 |     0 |  1401 |     - |distribu|   0 | 424 | 177 | 177 |   0 |  1 |   0 |   0 | 7.051168e+03 | 3.116015e+03 | 126.29%| unknown
d 0.2s|     1 |     0 |  1518 |     - |distribu|   0 | 424 | 177 | 177 |   0 |  1 |   0 |   0 | 7.051168e+03 | 3.864303e+03 |  82.47%| unknown
d 0.2s|     1 |     0 |  1618 |     - |distribu|   0 | 424 | 177 | 177 |   0 |  1 |   0 |   0 | 7.051168e+03 | 4.498476e+03 |  56.75%| unknown
d 0.2s|     1 |     0 |  1674 |     - |distribu|   0 | 424 | 177 | 177 |   0 |  1 |   0 |   0 | 7.051168e+03 | 5.929661e+03 |  18.91%| unknown
  0.2s|     1 |     0 |  1674 |     - |  5556k |   0 | 424 | 177 | 177 |   0 |  1 |   0 |   0 | 7.051168e+03 | 5.929661e+03 |  18.91%| unknown
  0.3s|     1 |     2 |  1674 |     - |  5736k |   0 | 424 | 177 | 177 |   0 |  2 |   0 |  28 | 7.020443e+03 | 5.929661e+03 |  18.40%| unknown

SCIP Status        : solving was interrupted [node limit reached]
Solving Time (sec) : 0.34
Solving Nodes      : 1
Primal Bound       : +5.92966117613317e+03 (39 solutions)
Dual Bound         : +7.02044293017009e+03
Gap                : 18.40 %
