presolving:
(round 1, fast)       0 del vars, 1 del conss, 0 add conss, 0 chg bounds, 0 chg sides, 0 chg coeffs, 0 upgd conss, 0 impls, 191 clqs
(round 2, fast)       1 del vars, 1 del conss, 0 add conss, 0 chg bounds, 0 chg sides, 0 chg coeffs, 0 upgd conss, 0 impls, 191 clqs
   (0.0s) running MILP presolver
   (0.0s) MILP presolver (2 rounds): 0 aggregations, 17 fixings, 0 bound changes
(round 3, medium)     18 del vars, 1 del conss, 0 add conss, 0 chg bounds, 0 chg sides, 0 chg coeffs, 0 upgd conss, 0 impls, 191 clqs
(round 4, exhaustive) 18 del vars, 6 del conss, 0 add conss, 0 chg bounds, 5 chg sides, 0 chg coeffs, 0 upgd conss, 0 impls, 191 clqs
(round 5, exhaustive) 18 del vars, 6 del conss, 0 add conss, 0 chg bounds, 5 chg sides, 0 chg coeffs, 186 upgd conss, 0 impls, 191 clqs
(round 6, medium)     53 del vars, 6 del conss, 0 add conss, 0 chg bounds, 5 chg sides, 35 chg coeffs, 186 upgd conss, 0 impls, 191 clqs
(round 7, fast)       73 del vars, 6 del conss, 0 add conss, 0 chg bounds, 5 chg sides, 35 chg coeffs, 186 upgd conss, 0 impls, 191 clqs
(round 8, exhaustive) 73 del vars, 9 del conss, 0 add conss, 0 chg bounds, 5 chg sides, 35 chg coeffs, 186 upgd conss, 0 impls, 191 clqs
   (0.0s) probing: 51/427 (11.9%) - 0 fixings, 0 aggregations, 0 implications, 0 bound changes
   (0.0s) probing aborted: 50/50 successive totally useless probings
   (0.0s) symmetry computation started: requiring (bin +, int +, cont +), (fixed: bin -, int -, cont -)
   (0.0s) no symmetry present (symcode time: 0.00)
presolving (9 rounds: 9 fast, 6 medium, 4 exhaustive):
 73 deleted vars, 9 deleted constraints, 0 added constraints, 0 tightened bounds, 0 added holes, 5 changed sides, 35 changed coefficients
 0 implications, 191 cliques
presolved problem has 427 variables (427 bin, 0 int, 0 impl, 0 cont) and 183 constraints
    183 constraints of type <setppc>
Presolving Time: 0.02

 time | node  | left  |LP iter|LP it/n|mem/heur|mdpt |vars |cons |rows |cuts |sepa|confs|strbr|  dualbound   | primalbound  |  gap   | compl. 
  0.1s|     1 |     0 |  1628 |     - |  5344k |   0 | 427 | 183 | 183 |   0 |  0 |   0 |   0 | 7.615239e+03 |      --      |    Inf | unknown
d 0.1s|     1 |     0 |  1628 |     - |distribu|   0 | 427 | 183 | 183 |   0 |  1 |   0 |   0 | 7.615239e+03 | 2.546464e+03 | 199.05%| unknown
d 0.1s|     1 |     0 |  1707 |     - |distribu|   0 | 427 | 183 | 183 |   0 |  1 |   0 |   0 | 7.615239e+03 | 2.845221e+03 | 167.65%| unknown
d 0.1s|     1 |     0 |  1861 |     - |distribu|   0 | 427 | 183 | 183 |   0 |  1 |   0 |   0 | 7.615239e+03 | 3.416368e+03 | 122.90%| unknown
d 0.1s|     1 |     0 |  1995 |     - |distribu|   0 | 427 | 183 | 183 |   0 |  1 |   0 |   0 | 7.615239e+03 | 4.299394e+03 |  77.12%| unknown
d 0.1s|     1 |     0 |  2019 |     - |distribu|   0 | 427 | 183 | 183 |   0 |  1 |   0 |   0 | 7.615239e+03 | 6.742146e+03 |  12.95%| unknown
  0.1s|     1 |     0 |  2019 |     - |  5453k |   0 | 427 | 183 | 183 |   0 |  1 |   0 |   0 | 7.615239e+03 | 6.742146e+03 |  12.95%| unknown
  0.4s|     1 |     2 |  2019 |     - |  5616k |   0 | 427 | 183 | 183 |   0 |  2 |   0 |  42 | 7.572092e+03 | 6.742146e+03 |  12.31%| unknown

SCIP Status        : solving was interrupted [node limit reached]
Solving Time (sec) : 0.36
Solving Nodes      : 1
Primal Bound       : +6.74214578351918e+03 (47 solutions)
Dual Bound         : +7.57209237258719e+03
Gap                : 12.31 %
