presolving:
   (0.0s) running MILP presolver
   (0.0s) MILP presolver (2 rounds): 0 aggregations, 12 fixings, 0 bound changes
(round 1, medium)     12 del vars, 0 del conss, 0 add conss, 0 chg bounds, 0 chg sides, 0 chg coeffs, 0 upgd conss, 0 impls, 193 clqs
(round 2, exhaustive) 12 del vars, 6 del conss, 0 add conss, 0 chg bounds, 6 chg sides, 0 chg coeffs, 0 upgd conss, 0 impls, 193 clqs
(round 3, exhaustive) 12 del vars, 6 del conss, 0 add conss, 0 chg bounds, 6 chg sides, 0 chg coeffs, 187 upgd conss, 0 impls, 193 clqs
(round 4, medium)     48 del vars, 6 del conss, 0 add conss, 0 chg bounds, 6 chg sides, 36 chg coeffs, 187 upgd conss, 0 impls, 193 clqs
(round 5, fast)       57 del vars, 6 del conss, 0 add conss, 0 chg bounds, 6 chg sides, 36 chg coeffs, 187 upgd conss, 0 impls, 193 clqs
(round 6, exhaustive) 57 del vars, 8 del conss, 0 add conss, 0 chg bounds, 6 chg sides, 36 chg coeffs, 187 upgd conss, 0 impls, 193 clqs
   (0.0s) probing: 51/443 (11.5%) - 0 fixings, 0 aggregations, 0 implications, 0 bound changes
   (0.0s) probing aborted: 50/50 successive totally useless probings
   (0.0s) symmetry computation started: requiring (bin +, int +, cont +), (fixed: bin -, int -, cont -)
   (0.0s) no symmetry present (symcode time: 0.00)
presolving (7 rounds: 7 fast, 6 medium, 4 exhaustive):
 57 deleted vars, 8 deleted constraints, 0 added constraints, 0 tightened bounds, 0 added holes, 6 changed sides, 36 changed coefficients
 0 implications, 193 cliques
presolved problem has 443 variables (443 bin, 0 int, 0 impl, 0 cont) and 185 constraints
    185 constraints of type <setppc>
Presolving Time: 0.01

 time | node  | left  |LP iter|LP it/n|mem/heur|mdpt |vars |cons |rows |cuts |sepa|confs|strbr|  dualbound   | primalbound  |  gap   | compl. 
  0.1s|     1 |     0 |  1810 |     - |  5657k |   0 | 443 | 185 | 185 |   0 |  0 |   0 |   0 | 8.135963e+03 |      --      |    Inf | unknown
d 0.1s|     1 |     0 |  1810 |     - |distribu|   0 | 443 | 185 | 185 |   0 |  1 |   0 |   0 | 8.135963e+03 | 2.853468e+03 | 185.13%| unknown
d 0.2s|     1 |     0 |  1901 |     - |distribu|   0 | 443 | 185 | 185 |   0 |  1 |   0 |   0 | 8.135963e+03 | 3.589269e+03 | 126.67%| unknown
d 0.2s|     1 |     0 |  1975 |     - |distribu|   0 | 443 | 185 | 185 |   0 |  1 |   0 |   0 | 8.135963e+03 | 3.943065e+03 | 106.34%| unknown
d 0.2s|     1 |     0 |  2039 |     - |distribu|   0 | 443 | 185 | 185 |   0 |  1 |   0 |   0 | 8.135963e+03 | 4.303216e+03 |  89.07%| unknown
d 0.2s|     1 |     0 |  2056 |     - |distribu|   0 | 443 | 185 | 185 |   0 |  1 |   0 |   0 | 8.135963e+03 | 4.740131e+03 |  71.64%| unknown
d 0.2s|     1 |     0 |  2138 |     - |distribu|   0 | 443 | 185 | 185 |   0 |  1 |   0 |   0 | 8.135963e+03 | 5.452989e+03 |  49.20%| unknown
d 0.2s|     1 |     0 |  2153 |     - |distribu|   0 | 443 | 185 | 185 |   0 |  1 |   0 |   0 | 8.135963e+03 | 6.097181e+03 |  33.44%| unknown
  0.2s|     1 |     0 |  2153 |     - |  5821k |   0 | 443 | 185 | 185 |   0 |  1 |   0 |   0 | 8.135963e+03 | 6.097181e+03 |  33.44%| unknown
  0.4s|     1 |     2 |  2153 |     - |  5979k |   0 | 443 | 185 | 185 |   0 |  2 |   0 |  36 | 8.092120e+03 | 6.097181e+03 |  32.72%| unknown

SCIP Status        : solving was interrupted [node limit reached]
Solving Time (sec) : 0.42
Solving Nodes      : 1
Primal Bound       : +6.09718091234614e+03 (47 solutions)
Dual Bound         : +8.09212004344097e+03
Gap                : 32.72 %
