presolving:
(round 1, fast)       0 del vars, 2 del conss, 0 add conss, 0 chg bounds, 0 chg sides, 0 chg coeffs, 0 upgd conss, 0 impls, 191 clqs
   (0.0s) running MILP presolver
   (0.0s) MILP presolver (2 rounds): 0 aggregations, 18 fixings, 0 bound changes
(round 2, medium)     18 del vars, 2 del conss, 0 add conss, 0 chg bounds, 0 chg sides, 0 chg coeffs, 0 upgd conss, 0 impls, 191 clqs
(round 3, fast)       19 del vars, 3 del conss, 0 add conss, 0 chg bounds, 0 chg sides, 0 chg coeffs, 0 upgd conss, 0 impls, 190 clqs
(round 4, exhaustive) 19 del vars, 10 del conss, 0 add conss, 0 chg bounds, 7 chg sides, 0 chg coeffs, 0 upgd conss, 0 impls, 190 clqs
(round 5, exhaustive) 19 del vars, 10 del conss, 0 add conss, 0 chg bounds, 7 chg sides, 0 chg coeffs, 183 upgd conss, 0 impls, 190 clqs
(round 6, medium)     53 del vars, 10 del conss, 0 add conss, 0 chg bounds, 7 chg sides, 34 chg coeffs, 183 upgd conss, 0 impls, 190 clqs
(round 7, fast)       63 del vars, 11 del conss, 0 add conss, 0 chg bounds, 7 chg sides, 34 chg coeffs, 183 upgd conss, 0 impls, 189 clqs
(round 8, exhaustive) 63 del vars, 13 del conss, 0 add conss, 0 chg bounds, 7 chg sides, 34 chg coeffs, 183 upgd conss, 0 impls, 189 clqs
   (0.0s) probing: 51/437 (11.7%) - 0 fixings, 0 aggregations, 0 implications, 0 bound changes
   (0.0s) probing aborted: 50/50 successive totally useless probings
   (0.0s) symmetry computation started: requiring (bin +, int +, cont +), (fixed: bin -, int -, cont -)
   (0.0s) no symmetry present (symcode time: 0.00)
presolving (9 rounds: 9 fast, 6 medium, 4 exhaustive):
 63 deleted vars, 13 deleted constraints, 0 added constraints, 0 tightened bounds, 0 added holes, 7 changed sides, 34 changed coefficients
 0 implications, 189 cliques
presolved problem has 437 variables (437 bin, 0 int, 0 impl, 0 cont) and 180 constraints
    180 constraints of type <setppc>
Presolving Time: 0.02

 time | node  | left  |LP iter|LP it/n|mem/heur|mdpt |vars |cons |rows |cuts |sepa|confs|strbr|  dualbound   | primalbound  |  gap   | compl. 
  0.1s|     1 |     0 |  1514 |     - |  5406k |   0 | 437 | 180 | 180 |   0 |  0 |   0 |   0 | 7.593755e+03 |      --      |    Inf | unknown
d 0.1s|     1 |     0 |  1514 |     - |distribu|   0 | 437 | 180 | 180 |   0 |  1 |   0 |   0 | 7.593755e+03 | 2.882054e+03 | 163.48%| unknown
d 0.1s|     1 |     0 |  1584 |     - |distribu|   0 | 437 | 180 | 180 |   0 |  1 |   0 |   0 | 7.593755e+03 | 3.152405e+03 | 140.89%| unknown
d 0.1s|     1 |     0 |  1688 |     - |distribu|   0 | 437 | 180 | 180 |   0 |  1 |   0 |   0 | 7.593755e+03 | 3.610774e+03 | 110.31%| unknown
d 0.1s|     1 |     0 |  1784 |     - |distribu|   0 | 437 | 180 | 180 |   0 |  1 |   0 |   0 | 7.593755e+03 | 4.136898e+03 |  83.56%| unknown
d 0.1s|     1 |     0 |  1799 |     - |distribu|   0 | 437 | 180 | 180 |   0 |  1 |   0 |   0 | 7.593755e+03 | 4.652186e+03 |  63.23%| unknown
d 0.1s|     1 |     0 |  1826 |     - |distribu|   0 | 437 | 180 | 180 |   0 |  1 |   0 |   0 | 7.593755e+03 | 5.700322e+03 |  33.22%| unknown
d 0.1s|     1 |     0 |  1852 |     - |distribu|   0 | 437 | 180 | 180 |   0 |  1 |   0 |   0 | 7.593755e+03 | 5.949555e+03 |  27.64%| unknown
d 0.1s|     1 |     0 |  1862 |     - |distribu|   0 | 437 | 180 | 180 |   0 |  1 |   0 |   0 | 7.593755e+03 | 6.355242e+03 |  19.49%| unknown
  0.1s|     1 |     0 |  1862 |     - |  5541k |   0 | 437 | 180 | 180 |   0 |  1 |   0 |   0 | 7.593755e+03 | 6.355242e+03 |  19.49%| unknown
  0.3s|     1 |     2 |  1862 |     - |  5738k |   0 | 437 | 180 | 180 |   0 |  2 |   0 |  26 | 7.548779e+03 | 6.355242e+03 |  18.78%| unknown

SCIP Status        : solving was interrupted [node limit reached]
Solving Time (sec) : 0.25
Solving Nodes      : 1
Primal Bound       : +6.35524170144940e+03 (36 solutions)
Dual Bound         : +7.54877947675845e+03
Gap                : 18.78 %
