presolving:
(round 1, fast)       1 del vars, 1 del conss, 0 add conss, 0 chg bounds, 0 chg sides, 0 chg coeffs, 0 upgd conss, 0 impls, 186 clqs
   (0.0s) running MILP presolver
   (0.0s) MILP presolver (2 rounds): 0 aggregations, 17 fixings, 0 bound changes
(round 2, medium)     18 del vars, 1 del conss, 0 add conss, 0 chg bounds, 0 chg sides, 0 chg coeffs, 0 upgd conss, 0 impls, 186 clqs
(round 3, exhaustive) 18 del vars, 10 del conss, 0 add conss, 0 chg bounds, 9 chg sides, 0 chg coeffs, 0 upgd conss, 0 impls, 186 clqs
(round 4, exhaustive) 18 del vars, 10 del conss, 0 add conss, 0 chg bounds, 9 chg sides, 0 chg coeffs, 177 upgd conss, 0 impls, 186 clqs
(round 5, medium)     54 del vars, 10 del conss, 0 add conss, 0 chg bounds, 9 chg sides, 36 chg coeffs, 177 upgd conss, 0 impls, 186 clqs
(round 6, fast)       79 del vars, 11 del conss, 0 add conss, 0 chg bounds, 9 chg sides, 36 chg coeffs, 177 upgd conss, 0 impls, 184 clqs
(round 7, exhaustive) 79 del vars, 16 del conss, 0 add conss, 0 chg bounds, 9 chg sides, 36 chg coeffs, 177 upgd conss, 0 impls, 184 clqs
   (0.0s) probing: 51/421 (12.1%) - 0 fixings, 0 aggregations, 0 implications, 0 bound changes
   (0.0s) probing aborted: 50/50 successive totally useless probings
   (0.0s) symmetry computation started: requiring (bin +, int +, cont +), (fixed: bin -, int -, cont -)
   (0.0s) no symmetry present (symcode time: 0.00)
presolving (8 rounds: 8 fast, 6 medium, 4 exhaustive):
 79 deleted vars, 16 deleted constraints, 0 added constraints, 0 tightened bounds, 0 added holes, 9 changed sides, 36 changed coefficients
 0 implications, 184 cliques
presolved problem has 421 variables (421 bin, 0 int, 0 impl, 0 cont) and 171 constraints
    171 constraints of type <setppc>
Presolving Time: 0.02

 time | node  | left  |LP iter|LP it/n|mem/heur|mdpt |vars |cons |rows |cuts |sepa|confs|strbr|  dualbound   | primalbound  |  gap   | compl. 
  0.1s|     1 |     0 |  1309 |     - |  5475k |   0 | 421 | 171 | 171 |   0 |  0 |   0 |   0 | 7.139217e+03 |      --      |    Inf | unknown
d 0.1s|     1 |     0 |  1309 |     - |distribu|   0 | 421 | 171 | 171 |   0 |  1 |   0 |   0 | 7.139217e+03 | 2.931609e+03 | 143.53%| unknown
d 0.1s|     1 |     0 |  1373 |     - |distribu|   0 | 421 | 171 | 171 |   0 |  1 |   0 |   0 | 7.139217e+03 | 3.249177e+03 | 119.72%| unknown
d 0.1s|     1 |     0 |  1495 |     - |distribu|   0 | 421 | 171 | 171 |   0 |  1 |   0 |   0 | 7.139217e+03 | 3.842228e+03 |  85.81%| unknown
d 0.1s|     1 |     0 |  1529 |     - |distribu|   0 | 421 | 171 | 171 |   0 |  1 |   0 |   0 | 7.139217e+03 | 4.344078e+03 |  64.34%| unknown
d 0.1s|     1 |     0 |  1552 |     - |distribu|   0 | 421 | 171 | 171 |   0 |  1 |   0 |   0 | 7.139217e+03 | 6.467959e+03 |  10.38%| unknown
  0.1s|     1 |     0 |  1552 |     - |  5579k |   0 | 421 | 171 | 171 |   0 |  1 |   0 |   0 | 7.139217e+03 | 6.467959e+03 |  10.38%| unknown
  0.2s|     1 |     2 |  1552 |     - |  5754k |   0 | 421 | 171 | 171 |   0 |  2 |   0 |  31 | 7.099537e+03 | 6.467959e+03 |   9.76%| unknown

SCIP Status        : solving was interrupted [node limit reached]
Solving Time (sec) : 0.21
Solving Nodes      : 1
Primal Bound       : +6.46795891921772e+03 (36 solutions)
Dual Bound         : +7.09953686246132e+03
Gap                : 9.76 %
