presolving:
   (0.0s) running MILP presolver
   (0.0s) MILP presolver (2 rounds): 0 aggregations, 20 fixings, 0 bound changes
(round 1, medium)     20 del vars, 0 del conss, 0 add conss, 0 chg bounds, 0 chg sides, 0 chg coeffs, 0 upgd conss, 0 impls, 195 clqs
(round 2, fast)       21 del vars, 2 del conss, 0 add conss, 0 chg bounds, 0 chg sides, 0 chg coeffs, 0 upgd conss, 0 impls, 194 clqs
(round 3, exhaustive) 21 del vars, 7 del conss, 0 add conss, 0 chg bounds, 5 chg sides, 0 chg coeffs, 0 upgd conss, 0 impls, 194 clqs
(round 4, exhaustive) 21 del vars, 7 del conss, 0 add conss, 0 chg bounds, 5 chg sides, 0 chg coeffs, 189 upgd conss, 0 impls, 194 clqs
(round 5, medium)     55 del vars, 7 del conss, 0 add conss, 0 chg bounds, 5 chg sides, 34 chg coeffs, 189 upgd conss, 0 impls, 194 clqs
(round 6, fast)       77 del vars, 8 del conss, 0 add conss, 0 chg bounds, 5 chg sides, 34 chg coeffs, 189 upgd conss, 0 impls, 193 clqs
(round 7, exhaustive) 77 del vars, 14 del conss, 0 add conss, 0 chg bounds, 5 chg sides, 34 chg coeffs, 189 upgd conss, 0 impls, 193 clqs
   (0.0s) probing: 51/423 (12.1%) - 0 fixings, 0 aggregations, 0 implications, 0 bound changes
   (0.0s) probing aborted: 50/50 successive totally useless probings
   (0.0s) symmetry computation started: requiring (bin +, int +, cont +), (fixed: bin -, int -, cont -)
   (0.0s) no symmetry present (symcode time: 0.00)
presolving (8 rounds: 8 fast, 6 medium, 4 exhaustive):
 77 deleted vars, 14 deleted constraints, 0 added constraints, 0 tightened bounds, 0 added holes, 5 changed sides, 34 changed coefficients
 0 implications, 193 cliques
presolved problem has 423 variables (423 bin, 0 int, 0 impl, 0 cont) and 182 constraints
    182 constraints of type <setppc>
Presolving Time: 0.02

 time | node  | left  |LP iter|LP it/n|mem/heur|mdpt |vars |cons |rows |cuts |sepa|confs|strbr|  dualbound   | primalbound  |  gap   | compl. 
  0.1s|     1 |     0 |  1657 |     - |  5435k |   0 | 423 | 182 | 182 |   0 |  0 |   0 |   0 | 7.519348e+03 |      --      |    Inf | unknown
d 0.1s|     1 |     0 |  1657 |     - |distribu|   0 | 423 | 182 | 182 |   0 |  1 |   0 |   0 | 7.519348e+03 | 2.676701e+03 | 180.92%| unknown
d 0.1s|     1 |     0 |  1683 |     - |distribu|   0 | 423 | 182 | 182 |   0 |  1 |   0 |   0 | 7.519348e+03 | 2.987892e+03 | 151.66%| unknown
d 0.1s|     1 |     0 |  1757 |     - |distribu|   0 | 423 | 182 | 182 |   0 |  1 |   0 |   0 | 7.519348e+03 | 3.287200e+03 | 128.75%| unknown
d 0.1s|     1 |     0 |  1843 |     - |distribu|   0 | 423 | 182 | 182 |   0 |  1 |   0 |   0 | 7.519348e+03 | 5.036438e+03 |  49.30%| unknown
d 0.1s|     1 |     0 |  1859 |     - |distribu|   0 | 423 | 182 | 182 |   0 |  1 |   0 |   0 | 7.519348e+03 | 6.252927e+03 |  20.25%| unknown
d 0.1s|     1 |     0 |  1862 |     - |distribu|   0 | 423 | 182 | 182 |   0 |  1 |   0 |   0 | 7.519348e+03 | 6.719715e+03 |  11.90%| unknown
  0.1s|     1 |     0 |  1862 |     - |  5542k |   0 | 423 | 182 | 182 |   0 |  1 |   0 |   0 | 7.519348e+03 | 6.719715e+03 |  11.90%| unknown
  0.2s|     1 |     2 |  1862 |     - |  5720k |   0 | 423 | 182 | 182 |   0 |  2 |   0 |  34 | 7.491429e+03 | 6.719715e+03 |  11.48%| unknown

SCIP Status        : solving was interrupted [node limit reached]
Solving Time (sec) : 0.23
Solving Nodes      : 1
Primal Bound       : +6.71971505527916e+03 (42 solutions)
Dual Bound         : +7.49142851001151e+03
Gap                : 11.48 %
