presolving:
(round 1, fast)       0 del vars, 1 del conss, 0 add conss, 0 chg bounds, 0 chg sides, 0 chg coeffs, 0 upgd conss, 0 impls, 190 clqs
   (0.0s) running MILP presolver
   (0.0s) MILP presolver (2 rounds): 0 aggregations, 16 fixings, 0 bound changes
(round 2, medium)     16 del vars, 1 del conss, 0 add conss, 0 chg bounds, 0 chg sides, 0 chg coeffs, 0 upgd conss, 0 impls, 190 clqs
(round 3, exhaustive) 16 del vars, 4 del conss, 0 add conss, 0 chg bounds, 3 chg sides, 0 chg coeffs, 0 upgd conss, 0 impls, 190 clqs
(round 4, exhaustive) 16 del vars, 4 del conss, 0 add conss, 0 chg bounds, 3 chg sides, 0 chg coeffs, 187 upgd conss, 0 impls, 190 clqs
(round 5, medium)     55 del vars, 4 del conss, 0 add conss, 0 chg bounds, 3 chg sides, 39 chg coeffs, 187 upgd conss, 0 impls, 190 clqs
(round 6, fast)       80 del vars, 5 del conss, 0 add conss, 0 chg bounds, 3 chg sides, 39 chg coeffs, 187 upgd conss, 0 impls, 189 clqs
(round 7, exhaustive) 80 del vars, 10 del conss, 0 add conss, 0 chg bounds, 3 chg sides, 39 chg coeffs, 187 upgd conss, 0 impls, 189 clqs
   (0.0s) probing: 51/420 (12.1%) - 0 fixings, 0 aggregations, 0 implications, 0 bound changes
   (0.0s) probing aborted: 50/50 successive totally useless probings
   (0.0s) symmetry computation started: requiring (bin +, int +, cont +), (fixed: bin -, int -, cont -)
   (0.0s) no symmetry present (symcode time: 0.00)
presolving (8 rounds: 8 fast, 6 medium, 4 exhaustive):
 80 deleted vars, 10 deleted constraints, 0 added constraints, 0 tightened bounds, 0 added holes, 3 changed sides, 39 changed coefficients
 0 implications, 189 cliques
presolved problem has 420 variables (420 bin, 0 int, 0 impl, 0 cont) and 181 constraints
    181 constraints of type <setppc>
Presolving Time: 0.03

 time | node  | left  |LP iter|LP it/n|mem/heur|mdpt |vars |cons |rows |cuts |sepa|confs|strbr|  dualbound   | primalbound  |  gap   | compl. 
  0.2s|     1 |     0 |  2816 |     - |  5411k |   0 | 420 | 181 | 181 |   0 |  0 |   0 |   0 | 7.543444e+03 |      --      |    Inf | unknown
d 0.2s|     1 |     0 |  2816 |     - |distribu|   0 | 420 | 181 | 181 |   0 |  1 |   0 |   0 | 7.543444e+03 | 2.753192e+03 | 173.99%| unknown
d 0.2s|     1 |     0 |  2880 |     - |distribu|   0 | 420 | 181 | 181 |   0 |  1 |   0 |   0 | 7.543444e+03 | 3.144531e+03 | 139.89%| unknown
d 0.2s|     1 |     0 |  2952 |     - |distribu|   0 | 420 | 181 | 181 |   0 |  1 |   0 |   0 | 7.543444e+03 | 3.381898e+03 | 123.05%| unknown
d 0.2s|     1 |     0 |  3007 |     - |distribu|   0 | 420 | 181 | 181 |   0 |  1 |   0 |   0 | 7.543444e+03 | 5.968403e+03 |  26.39%| unknown
d 0.2s|     1 |     0 |  3148 |     - |distribu|   0 | 420 | 181 | 181 |   0 |  1 |   0 |   0 | 7.543444e+03 | 6.844991e+03 |  10.20%| unknown
  0.2s|     1 |     0 |  3148 |     - |  5568k |   0 | 420 | 181 | 181 |   0 |  1 |   0 |   0 | 7.543444e+03 | 6.844991e+03 |  10.20%| unknown
  0.5s|     1 |     2 |  3148 |     - |  5948k |   0 | 420 | 181 | 181 |   0 |  2 |   0 |  58 | 7.510291e+03 | 6.844991e+03 |   9.72%| unknown

SCIP Status        : solving was interrupted [node limit reached]
Solving Time (sec) : 0.45
Solving Nodes      : 1
Primal Bound       : +6.84499133044789e+03 (67 solutions)
Dual Bound         : +7.51029135790316e+03
Gap                : 9.72 %
