presolving:
(round 1, fast)       0 del vars, 1 del conss, 0 add conss, 0 chg bounds, 0 chg sides, 0 chg coeffs, 0 upgd conss, 0 impls, 194 clqs
(round 2, fast)       1 del vars, 1 del conss, 0 add conss, 0 chg bounds, 0 chg sides, 0 chg coeffs, 0 upgd conss, 0 impls, 194 clqs
   (0.0s) running MILP presolver
   (0.0s) MILP presolver (2 rounds): 0 aggregations, 12 fixings, 0 bound changes
(round 3, medium)     13 del vars, 1 del conss, 0 add conss, 0 chg bounds, 0 chg sides, 0 chg coeffs, 0 upgd conss, 0 impls, 194 clqs
(round 4, exhaustive) 13 del vars, 3 del conss, 0 add conss, 0 chg bounds, 2 chg sides, 0 chg coeffs, 0 upgd conss, 0 impls, 194 clqs
(round 5, exhaustive) 13 del vars, 3 del conss, 0 add conss, 0 chg bounds, 2 chg sides, 0 chg coeffs, 192 upgd conss, 0 impls, 194 clqs
(round 6, medium)     51 del vars, 3 del conss, 0 add conss, 0 chg bounds, 2 chg sides, 38 chg coeffs, 192 upgd conss, 0 impls, 194 clqs
(round 7, fast)       64 del vars, 3 del conss, 0 add conss, 0 chg bounds, 2 chg sides, 38 chg coeffs, 192 upgd conss, 0 impls, 194 clqs
(round 8, exhaustive) 64 del vars, 9 del conss, 0 add conss, 0 chg bounds, 2 chg sides, 38 chg coeffs, 192 upgd conss, 0 impls, 194 clqs
   (0.0s) probing: 51/436 (11.7%) - 0 fixings, 0 aggregations, 0 implications, 0 bound changes
   (0.0s) probing aborted: 50/50 successive totally useless probings
   (0.0s) symmetry computation started: requiring (bin +, int +, cont +), (fixed: bin -, int -, cont -)
   (0.0s) no symmetry present (symcode time: 0.00)
presolving (9 rounds: 9 fast, 6 medium, 4 exhaustive):
 64 deleted vars, 9 deleted constraints, 0 added constraints, 0 tightened bounds, 0 added holes, 2 changed sides, 38 changed coefficients
 0 implications, 194 cliques
presolved problem has 436 variables (436 bin, 0 int, 0 impl, 0 cont) and 186 constraints
    186 constraints of type <setppc>
Presolving Time: 0.02

 time | node  | left  |LP iter|LP it/n|mem/heur|mdpt |vars |cons |rows |cuts |sepa|confs|strbr|  dualbound   | primalbound  |  gap   | compl. 
  0.1s|     1 |     0 |  1675 |     - |  5468k |   0 | 436 | 186 | 186 |   0 |  0 |   0 |   0 | 7.932248e+03 |      --      |    Inf | unknown
d 0.1s|     1 |     0 |  1675 |     - |distribu|   0 | 436 | 186 | 186 |   0 |  1 |   0 |   0 | 7.932248e+03 | 2.842420e+03 | 179.07%| unknown
d 0.1s|     1 |     0 |  1760 |     - |distribu|   0 | 436 | 186 | 186 |   0 |  1 |   0 |   0 | 7.932248e+03 | 3.017287e+03 | 162.89%| unknown
d 0.1s|     1 |     0 |  1906 |     - |distribu|   0 | 436 | 186 | 186 |   0 |  1 |   0 |   0 | 7.932248e+03 | 3.646493e+03 | 117.53%| unknown
d 0.1s|     1 |     0 |  1984 |     - |distribu|   0 | 436 | 186 | 186 |   0 |  1 |   0 |   0 | 7.932248e+03 | 6.028505e+03 |  31.58%| unknown
d 0.1s|     1 |     0 |  2043 |     - |distribu|   0 | 436 | 186 | 186 |   0 |  1 |   0 |   0 | 7.932248e+03 | 6.708922e+03 |  18.23%| unknown
d 0.1s|     1 |     0 |  2048 |     - |distribu|   0 | 436 | 186 | 186 |   0 |  1 |   0 |   0 | 7.932248e+03 | 7.027709e+03 |  12.87%| unknown
  0.1s|     1 |     0 |  2048 |     - |  5593k |   0 | 436 | 186 | 186 |   0 |  1 |   0 |   0 | 7.932248e+03 | 7.027709e+03 |  12.87%| unknown
  0.3s|     1 |     2 |  2048 |     - |  5844k |   0 | 436 | 186 | 186 |   0 |  2 |   0 |  41 | 7.898040e+03 | 7.027709e+03 |  12.38%| unknown

SCIP Status        : solving was interrupted [node limit reached]
Solving Time (sec) : 0.30
Solving Nodes      : 1
Primal Bound       : +7.02770874784034e+03 (48 solutions)
Dual Bound         : +7.89803978657125e+03
Gap                : 12.38 %
