presolving:
(round 1, fast)       0 del vars, 2 del conss, 0 add conss, 0 chg bounds, 0 chg sides, 0 chg coeffs, 0 upgd conss, 0 impls, 185 clqs
(round 2, fast)       1 del vars, 2 del conss, 0 add conss, 0 chg bounds, 0 chg sides, 0 chg coeffs, 0 upgd conss, 0 impls, 185 clqs
   (0.0s) running MILP presolver
   (0.0s) MILP presolver (2 rounds): 0 aggregations, 21 fixings, 0 bound changes
(round 3, medium)     22 del vars, 2 del conss, 0 add conss, 0 chg bounds, 0 chg sides, 0 chg coeffs, 0 upgd conss, 0 impls, 184 clqs
(round 4, fast)       22 del vars, 3 del conss, 0 add conss, 0 chg bounds, 0 chg sides, 0 chg coeffs, 0 upgd conss, 0 impls, 184 clqs
(round 5, exhaustive) 22 del vars, 7 del conss, 0 add conss, 0 chg bounds, 4 chg sides, 0 chg coeffs, 0 upgd conss, 0 impls, 184 clqs
(round 6, exhaustive) 22 del vars, 7 del conss, 0 add conss, 0 chg bounds, 4 chg sides, 0 chg coeffs, 180 upgd conss, 0 impls, 184 clqs
(round 7, medium)     70 del vars, 7 del conss, 0 add conss, 0 chg bounds, 4 chg sides, 48 chg coeffs, 180 upgd conss, 0 impls, 184 clqs
(round 8, fast)       106 del vars, 9 del conss, 0 add conss, 0 chg bounds, 4 chg sides, 48 chg coeffs, 180 upgd conss, 0 impls, 182 clqs
   (0.0s) running MILP presolver
   (0.0s) MILP presolver (2 rounds): 0 aggregations, 1 fixings, 0 bound changes
(round 9, medium)     107 del vars, 9 del conss, 0 add conss, 0 chg bounds, 4 chg sides, 48 chg coeffs, 180 upgd conss, 0 impls, 182 clqs
(round 10, exhaustive) 107 del vars, 17 del conss, 0 add conss, 0 chg bounds, 4 chg sides, 48 chg coeffs, 180 upgd conss, 0 impls, 182 clqs
   (0.0s) probing: 51/393 (13.0%) - 0 fixings, 0 aggregations, 0 implications, 0 bound changes
   (0.0s) probing aborted: 50/50 successive totally useless probings
   (0.0s) symmetry computation started: requiring (bin +, int +, cont +), (fixed: bin -, int -, cont -)
   (0.0s) no symmetry present (symcode time: 0.00)
presolving (11 rounds: 11 fast, 7 medium, 4 exhaustive):
 107 deleted vars, 17 deleted constraints, 0 added constraints, 0 tightened bounds, 0 added holes, 4 changed sides, 48 changed coefficients
 0 implications, 182 cliques
presolved problem has 393 variables (393 bin, 0 int, 0 impl, 0 cont) and 170 constraints
    170 constraints of type <setppc>
Presolving Time: 0.03

 time | node  | left  |LP iter|LP it/n|mem/heur|mdpt |vars |cons |rows |cuts |sepa|confs|strbr|  dualbound   | primalbound  |  gap   | compl. 
  0.1s|     1 |     0 |   997 |     - |  4940k |   0 | 393 | 170 | 170 |   0 |  0 |   0 |   0 | 8.523710e+03 |      --      |    Inf | unknown
d 0.1s|     1 |     0 |   997 |     - |distribu|   0 | 393 | 170 | 170 |   0 |  1 |   0 |   0 | 8.523710e+03 | 4.275627e+03 |  99.36%| unknown
d 0.1s|     1 |     0 |  1086 |     - |distribu|   0 | 393 | 170 | 170 |   0 |  1 |   0 |   0 | 8.523710e+03 | 4.695253e+03 |  81.54%| unknown
d 0.1s|     1 |     0 |  1186 |     - |distribu|   0 | 393 | 170 | 170 |   0 |  1 |   0 |   0 | 8.523710e+03 | 6.562294e+03 |  29.89%| unknown
d 0.1s|     1 |     0 |  1203 |     - |distribu|   0 | 393 | 170 | 170 |   0 |  1 |   0 |   0 | 8.523710e+03 | 7.555282e+03 |  12.82%| unknown
d 0.1s|     1 |     0 |  1204 |     - |distribu|   0 | 393 | 170 | 170 |   0 |  1 |   0 |   0 | 8.523710e+03 | 7.839129e+03 |   8.73%| unknown
  0.1s|     1 |     0 |  1204 |     - |  5071k |   0 | 393 | 170 | 170 |   0 |  1 |   0 |   0 | 8.523710e+03 | 7.839129e+03 |   8.73%| unknown
  0.3s|     1 |     2 |  1204 |     - |  5522k |   0 | 393 | 170 | 170 |   0 |  2 |   0 |  55 | 8.499679e+03 | 7.839129e+03 |   8.43%| unknown

SCIP Status        : solving was interrupted [node limit reached]
Solving Time (sec) : 0.29
Solving Nodes      : 1
Primal Bound       : +7.83912867832019e+03 (61 solutions)
Dual Bound         : +8.49967924776365e+03
Gap                : 8.43 %
