presolving:
(round 1, fast)       0 del vars, 1 del conss, 0 add conss, 0 chg bounds, 0 chg sides, 0 chg coeffs, 0 upgd conss, 0 impls, 183 clqs
   (0.0s) running MILP presolver
   (0.0s) MILP presolver (2 rounds): 0 aggregations, 17 fixings, 0 bound changes
(round 2, medium)     17 del vars, 1 del conss, 0 add conss, 0 chg bounds, 0 chg sides, 0 chg coeffs, 0 upgd conss, 0 impls, 183 clqs
(round 3, exhaustive) 17 del vars, 7 del conss, 0 add conss, 0 chg bounds, 6 chg sides, 0 chg coeffs, 0 upgd conss, 0 impls, 183 clqs
(round 4, exhaustive) 17 del vars, 7 del conss, 0 add conss, 0 chg bounds, 6 chg sides, 0 chg coeffs, 177 upgd conss, 0 impls, 183 clqs
(round 5, medium)     63 del vars, 7 del conss, 0 add conss, 0 chg bounds, 6 chg sides, 46 chg coeffs, 177 upgd conss, 0 impls, 183 clqs
(round 6, fast)       98 del vars, 8 del conss, 0 add conss, 0 chg bounds, 6 chg sides, 46 chg coeffs, 177 upgd conss, 0 impls, 181 clqs
   (0.0s) running MILP presolver
   (0.0s) MILP presolver (2 rounds): 0 aggregations, 2 fixings, 0 bound changes
(round 7, medium)     100 del vars, 8 del conss, 0 add conss, 0 chg bounds, 6 chg sides, 46 chg coeffs, 177 upgd conss, 0 impls, 181 clqs
(round 8, exhaustive) 100 del vars, 12 del conss, 0 add conss, 0 chg bounds, 6 chg sides, 46 chg coeffs, 177 upgd conss, 0 impls, 181 clqs
   (0.0s) probing: 51/400 (12.8%) - 0 fixings, 0 aggregations, 0 implications, 0 bound changes
   (0.0s) probing aborted: 50/50 successive totally useless probings
   (0.0s) symmetry computation started: requiring (bin +, int +, cont +), (fixed: bin -, int -, cont -)
   (0.0s) no symmetry present (symcode time: 0.00)
presolving (9 rounds: 9 fast, 7 medium, 4 exhaustive):
 100 deleted vars, 12 deleted constraints, 0 added constraints, 0 tightened bounds, 0 added holes, 6 changed sides, 46 changed coefficients
 0 implications, 181 cliques
presolved problem has 400 variables (400 bin, 0 int, 0 impl, 0 cont) and 172 constraints
    172 constraints of type <setppc>
Presolving Time: 0.02

 time | node  | left  |LP iter|LP it/n|mem/heur|mdpt |vars |cons |rows |cuts |sepa|confs|strbr|  dualbound   | primalbound  |  gap   | compl. 
  0.1s|     1 |     0 |  1086 |     - |  5465k |   0 | 400 | 172 | 172 |   0 |  0 |   0 |   0 | 6.899001e+03 |      --      |    Inf | unknown
d 0.1s|     1 |     0 |  1086 |     - |distribu|   0 | 400 | 172 | 172 |   0 |  1 |   0 |   0 | 6.899001e+03 | 3.225767e+03 | 113.87%| unknown
d 0.1s|     1 |     0 |  1163 |     - |distribu|   0 | 400 | 172 | 172 |   0 |  1 |   0 |   0 | 6.899001e+03 | 3.359460e+03 | 105.36%| unknown
d 0.1s|     1 |     0 |  1193 |     - |distribu|   0 | 400 | 172 | 172 |   0 |  1 |   0 |   0 | 6.899001e+03 | 3.962849e+03 |  74.09%| unknown
d 0.1s|     1 |     0 |  1269 |     - |distribu|   0 | 400 | 172 | 172 |   0 |  1 |   0 |   0 | 6.899001e+03 | 4.839400e+03 |  42.56%| unknown
d 0.1s|     1 |     0 |  1278 |     - |distribu|   0 | 400 | 172 | 172 |   0 |  1 |   0 |   0 | 6.899001e+03 | 6.518441e+03 |   5.84%| unknown
  0.1s|     1 |     0 |  1278 |     - |  5569k |   0 | 400 | 172 | 172 |   0 |  1 |   0 |   0 | 6.899001e+03 | 6.518441e+03 |   5.84%| unknown
  0.2s|     1 |     2 |  1278 |     - |  5736k |   0 | 400 | 172 | 172 |   0 |  2 |   0 |  25 | 6.869734e+03 | 6.518441e+03 |   5.39%| unknown

SCIP Status        : solving was interrupted [node limit reached]
Solving Time (sec) : 0.18
Solving Nodes      : 1
Primal Bound       : +6.51844057014349e+03 (32 solutions)
Dual Bound         : +6.86973405820544e+03
Gap                : 5.39 %
