presolving:
(round 1, fast)       0 del vars, 1 del conss, 0 add conss, 0 chg bounds, 0 chg sides, 0 chg coeffs, 0 upgd conss, 0 impls, 193 clqs
   (0.0s) running MILP presolver
   (0.0s) MILP presolver (2 rounds): 0 aggregations, 13 fixings, 0 bound changes
(round 2, medium)     13 del vars, 1 del conss, 0 add conss, 0 chg bounds, 0 chg sides, 0 chg coeffs, 0 upgd conss, 0 impls, 193 clqs
(round 3, exhaustive) 13 del vars, 5 del conss, 0 add conss, 0 chg bounds, 4 chg sides, 0 chg coeffs, 0 upgd conss, 0 impls, 193 clqs
(round 4, exhaustive) 13 del vars, 5 del conss, 0 add conss, 0 chg bounds, 4 chg sides, 0 chg coeffs, 189 upgd conss, 0 impls, 193 clqs
(round 5, medium)     46 del vars, 5 del conss, 0 add conss, 0 chg bounds, 4 chg sides, 33 chg coeffs, 189 upgd conss, 0 impls, 193 clqs
(round 6, fast)       59 del vars, 5 del conss, 0 add conss, 0 chg bounds, 4 chg sides, 33 chg coeffs, 189 upgd conss, 0 impls, 193 clqs
(round 7, exhaustive) 59 del vars, 12 del conss, 0 add conss, 0 chg bounds, 4 chg sides, 33 chg coeffs, 189 upgd conss, 0 impls, 193 clqs
   (0.0s) probing: 51/441 (11.6%) - 0 fixings, 0 aggregations, 0 implications, 0 bound changes
   (0.0s) probing aborted: 50/50 successive totally useless probings
   (0.0s) symmetry computation started: requiring (bin +, int +, cont +), (fixed: bin -, int -, cont -)
   (0.0s) no symmetry present (symcode time: 0.00)
presolving (8 rounds: 8 fast, 6 medium, 4 exhaustive):
 59 deleted vars, 12 deleted constraints, 0 added constraints, 0 tightened bounds, 0 added holes, 4 changed sides, 33 changed coefficients
 0 implications, 193 cliques
presolved problem has 441 variables (441 bin, 0 int, 0 impl, 0 cont) and 182 constraints
    182 constraints of type <setppc>
Presolving Time: 0.02

 time | node  | left  |LP iter|LP it/n|mem/heur|mdpt |vars |cons |rows |cuts |sepa|confs|strbr|  dualbound   | primalbound  |  gap   | compl. 
  0.2s|     1 |     0 |  1378 |     - |  5595k |   0 | 441 | 182 | 182 |   0 |  0 |   0 |   0 | 7.133562e+03 |      --      |    Inf | unknown
d 0.2s|     1 |     0 |  1378 |     - |distribu|   0 | 441 | 182 | 182 |   0 |  1 |   0 |   0 | 7.133562e+03 | 2.200797e+03 | 224.14%| unknown
d 0.2s|     1 |     0 |  1602 |     - |distribu|   0 | 441 | 182 | 182 |   0 |  1 |   0 |   0 | 7.133562e+03 | 2.708502e+03 | 163.38%| unknown
d 0.2s|     1 |     0 |  1685 |     - |distribu|   0 | 441 | 182 | 182 |   0 |  1 |   0 |   0 | 7.133562e+03 | 3.031396e+03 | 135.32%| unknown
d 0.2s|     1 |     0 |  1756 |     - |distribu|   0 | 441 | 182 | 182 |   0 |  1 |   0 |   0 | 7.133562e+03 | 3.449699e+03 | 106.79%| unknown
d 0.2s|     1 |     0 |  1805 |     - |distribu|   0 | 441 | 182 | 182 |   0 |  1 |   0 |   0 | 7.133562e+03 | 3.932345e+03 |  81.41%| unknown
d 0.2s|     1 |     0 |  1845 |     - |distribu|   0 | 441 | 182 | 182 |   0 |  1 |   0 |   0 | 7.133562e+03 | 5.196380e+03 |  37.28%| unknown
d 0.2s|     1 |     0 |  1852 |     - |distribu|   0 | 441 | 182 | 182 |   0 |  1 |   0 |   0 | 7.133562e+03 | 5.507657e+03 |  29.52%| unknown
d 0.2s|     1 |     0 |  1854 |     - |distribu|   0 | 441 | 182 | 182 |   0 |  1 |   0 |   0 | 7.133562e+03 | 5.945795e+03 |  19.98%| unknown
  0.2s|     1 |     0 |  1854 |     - |  5755k |   0 | 441 | 182 | 182 |   0 |  1 |   0 |   0 | 7.133562e+03 | 5.945795e+03 |  19.98%| unknown
  0.3s|     1 |     2 |  1854 |     - |  5899k |   0 | 441 | 182 | 182 |   0 |  2 |   0 |  22 | 7.052557e+03 | 5.945795e+03 |  18.61%| unknown

SCIP Status        : solving was interrupted [node limit reached]
Solving Time (sec) : 0.34
Solving Nodes      : 1
Primal Bound       : +5.94579548492130e+03 (31 solutions)
Dual Bound         : +7.05255695955861e+03
Gap                : 18.61 %
