presolving:
(round 1, fast)       0 del vars, 1 del conss, 0 add conss, 0 chg bounds, 0 chg sides, 0 chg coeffs, 0 upgd conss, 0 impls, 196 clqs
   (0.0s) running MILP presolver
   (0.0s) MILP presolver (2 rounds): 0 aggregations, 16 fixings, 0 bound changes
(round 2, medium)     16 del vars, 1 del conss, 0 add conss, 0 chg bounds, 0 chg sides, 0 chg coeffs, 0 upgd conss, 0 impls, 196 clqs
(round 3, exhaustive) 16 del vars, 4 del conss, 0 add conss, 0 chg bounds, 3 chg sides, 0 chg coeffs, 0 upgd conss, 0 impls, 196 clqs
(round 4, exhaustive) 16 del vars, 4 del conss, 0 add conss, 0 chg bounds, 3 chg sides, 0 chg coeffs, 193 upgd conss, 0 impls, 196 clqs
(round 5, medium)     47 del vars, 4 del conss, 0 add conss, 0 chg bounds, 3 chg sides, 31 chg coeffs, 193 upgd conss, 0 impls, 196 clqs
(round 6, fast)       56 del vars, 4 del conss, 0 add conss, 0 chg bounds, 3 chg sides, 31 chg coeffs, 193 upgd conss, 0 impls, 196 clqs
(round 7, exhaustive) 56 del vars, 5 del conss, 0 add conss, 0 chg bounds, 3 chg sides, 31 chg coeffs, 193 upgd conss, 0 impls, 196 clqs
   (0.0s) probing: 51/444 (11.5%) - 0 fixings, 0 aggregations, 0 implications, 0 bound changes
   (0.0s) probing aborted: 50/50 successive totally useless probings
   (0.0s) symmetry computation started: requiring (bin +, int +, cont +), (fixed: bin -, int -, cont -)
   (0.0s) no symmetry present (symcode time: 0.00)
presolving (8 rounds: 8 fast, 6 medium, 4 exhaustive):
 56 deleted vars, 5 deleted constraints, 0 added constraints, 0 tightened bounds, 0 added holes, 3 changed sides, 31 changed coefficients
 0 implications, 196 cliques
presolved problem has 444 variables (444 bin, 0 int, 0 impl, 0 cont) and 192 constraints
    192 constraints of type <setppc>
Presolving Time: 0.02

 time | node  | left  |LP iter|LP it/n|mem/heur|mdpt |vars |cons |rows |cuts |sepa|confs|strbr|  dualbound   | primalbound  |  gap   | compl. 
  0.1s|     1 |     0 |  1378 |     - |  5724k |   0 | 444 | 192 | 192 |   0 |  0 |   0 |   0 | 7.768495e+03 |      --      |    Inf | unknown
d 0.1s|     1 |     0 |  1378 |     - |distribu|   0 | 444 | 192 | 192 |   0 |  1 |   0 |   0 | 7.768495e+03 | 2.778307e+03 | 179.61%| unknown
d 0.1s|     1 |     0 |  1431 |     - |distribu|   0 | 444 | 192 | 192 |   0 |  1 |   0 |   0 | 7.768495e+03 | 3.412153e+03 | 127.67%| unknown
d 0.1s|     1 |     0 |  1556 |     - |distribu|   0 | 444 | 192 | 192 |   0 |  1 |   0 |   0 | 7.768495e+03 | 4.115257e+03 |  88.77%| unknown
d 0.1s|     1 |     0 |  1619 |     - |distribu|   0 | 444 | 192 | 192 |   0 |  1 |   0 |   0 | 7.768495e+03 | 4.776981e+03 |  62.62%| unknown
d 0.1s|     1 |     0 |  1677 |     - |distribu|   0 | 444 | 192 | 192 |   0 |  1 |   0 |   0 | 7.768495e+03 | 5.112926e+03 |  51.94%| unknown
d 0.1s|     1 |     0 |  1692 |     - |distribu|   0 | 444 | 192 | 192 |   0 |  1 |   0 |   0 | 7.768495e+03 | 6.300585e+03 |  23.30%| unknown
d 0.1s|     1 |     0 |  1694 |     - |distribu|   0 | 444 | 192 | 192 |   0 |  1 |   0 |   0 | 7.768495e+03 | 6.709065e+03 |  15.79%| unknown
  0.1s|     1 |     0 |  1694 |     - |  5897k |   0 | 444 | 192 | 192 |   0 |  1 |   0 |   0 | 7.768495e+03 | 6.709065e+03 |  15.79%| unknown
  0.3s|     1 |     2 |  1694 |     - |  6133k |   0 | 444 | 192 | 192 |   0 |  2 |   0 |  42 | 7.740335e+03 | 6.709065e+03 |  15.37%| unknown

SCIP Status        : solving was interrupted [node limit reached]
Solving Time (sec) : 0.25
Solving Nodes      : 1
Primal Bound       : +6.70906523018745e+03 (49 solutions)
Dual Bound         : +7.74033526307457e+03
Gap                : 15.37 %
