presolving:
   (0.0s) running MILP presolver
   (0.0s) MILP presolver (2 rounds): 0 aggregations, 16 fixings, 0 bound changes
(round 1, medium)     16 del vars, 0 del conss, 0 add conss, 0 chg bounds, 0 chg sides, 0 chg coeffs, 0 upgd conss, 0 impls, 195 clqs
(round 2, exhaustive) 16 del vars, 5 del conss, 0 add conss, 0 chg bounds, 5 chg sides, 0 chg coeffs, 0 upgd conss, 0 impls, 195 clqs
(round 3, exhaustive) 16 del vars, 5 del conss, 0 add conss, 0 chg bounds, 5 chg sides, 0 chg coeffs, 190 upgd conss, 0 impls, 195 clqs
(round 4, medium)     51 del vars, 5 del conss, 0 add conss, 0 chg bounds, 5 chg sides, 35 chg coeffs, 190 upgd conss, 0 impls, 195 clqs
(round 5, fast)       64 del vars, 6 del conss, 0 add conss, 0 chg bounds, 5 chg sides, 35 chg coeffs, 190 upgd conss, 0 impls, 194 clqs
(round 6, exhaustive) 64 del vars, 10 del conss, 0 add conss, 0 chg bounds, 5 chg sides, 35 chg coeffs, 190 upgd conss, 0 impls, 194 clqs
   (0.0s) probing: 51/436 (11.7%) - 0 fixings, 0 aggregations, 0 implications, 0 bound changes
   (0.0s) probing aborted: 50/50 successive totally useless probings
   (0.0s) symmetry computation started: requiring (bin +, int +, cont +), (fixed: bin -, int -, cont -)
   (0.0s) no symmetry present (symcode time: 0.00)
presolving (7 rounds: 7 fast, 6 medium, 4 exhaustive):
 64 deleted vars, 10 deleted constraints, 0 added constraints, 0 tightened bounds, 0 added holes, 5 changed sides, 35 changed coefficients
 0 implications, 194 cliques
presolved problem has 436 variables (436 bin, 0 int, 0 impl, 0 cont) and 185 constraints
    185 constraints of type <setppc>
Presolving Time: 0.01

 time | node  | left  |LP iter|LP it/n|mem/heur|mdpt |vars |cons |rows |cuts |sepa|confs|strbr|  dualbound   | primalbound  |  gap   | compl. 
  0.1s|     1 |     0 |  1424 |     - |  5253k |   0 | 436 | 185 | 185 |   0 |  0 |   0 |   0 | 7.357227e+03 |      --      |    Inf | unknown
d 0.1s|     1 |     0 |  1424 |     - |distribu|   0 | 436 | 185 | 185 |   0 |  1 |   0 |   0 | 7.357227e+03 | 2.529005e+03 | 190.91%| unknown
d 0.1s|     1 |     0 |  1547 |     - |distribu|   0 | 436 | 185 | 185 |   0 |  1 |   0 |   0 | 7.357227e+03 | 3.762943e+03 |  95.52%| unknown
d 0.1s|     1 |     0 |  1620 |     - |distribu|   0 | 436 | 185 | 185 |   0 |  1 |   0 |   0 | 7.357227e+03 | 4.301068e+03 |  71.06%| unknown
d 0.1s|     1 |     0 |  1651 |     - |distribu|   0 | 436 | 185 | 185 |   0 |  1 |   0 |   0 | 7.357227e+03 | 6.893361e+03 |   6.73%| unknown
  0.1s|     1 |     0 |  1651 |     - |  5371k |   0 | 436 | 185 | 185 |   0 |  1 |   0 |   0 | 7.357227e+03 | 6.893361e+03 |   6.73%| unknown
  0.2s|     1 |     2 |  1651 |     - |  5605k |   0 | 436 | 185 | 185 |   0 |  2 |   0 |  26 | 7.305084e+03 | 6.893361e+03 |   5.97%| unknown

SCIP Status        : solving was interrupted [node limit reached]
Solving Time (sec) : 0.18
Solving Nodes      : 1
Primal Bound       : +6.89336110582772e+03 (40 solutions)
Dual Bound         : +7.30508387407816e+03
Gap                : 5.97 %
