presolving:
(round 1, fast)       0 del vars, 2 del conss, 0 add conss, 0 chg bounds, 0 chg sides, 0 chg coeffs, 0 upgd conss, 0 impls, 188 clqs
(round 2, fast)       1 del vars, 2 del conss, 0 add conss, 0 chg bounds, 0 chg sides, 0 chg coeffs, 0 upgd conss, 0 impls, 188 clqs
   (0.0s) running MILP presolver
   (0.0s) MILP presolver (2 rounds): 0 aggregations, 18 fixings, 0 bound changes
(round 3, medium)     19 del vars, 2 del conss, 0 add conss, 0 chg bounds, 0 chg sides, 0 chg coeffs, 0 upgd conss, 0 impls, 188 clqs
(round 4, exhaustive) 19 del vars, 10 del conss, 0 add conss, 0 chg bounds, 8 chg sides, 0 chg coeffs, 0 upgd conss, 0 impls, 188 clqs
(round 5, exhaustive) 19 del vars, 10 del conss, 0 add conss, 0 chg bounds, 8 chg sides, 0 chg coeffs, 180 upgd conss, 0 impls, 188 clqs
(round 6, medium)     57 del vars, 10 del conss, 0 add conss, 0 chg bounds, 8 chg sides, 38 chg coeffs, 180 upgd conss, 0 impls, 188 clqs
(round 7, fast)       79 del vars, 10 del conss, 0 add conss, 0 chg bounds, 8 chg sides, 38 chg coeffs, 180 upgd conss, 0 impls, 187 clqs
(round 8, exhaustive) 79 del vars, 13 del conss, 0 add conss, 0 chg bounds, 8 chg sides, 38 chg coeffs, 180 upgd conss, 0 impls, 187 clqs
(round 9, exhaustive) 80 del vars, 13 del conss, 0 add conss, 0 chg bounds, 8 chg sides, 38 chg coeffs, 180 upgd conss, 0 impls, 186 clqs
   (0.0s) probing: 51/420 (12.1%) - 0 fixings, 0 aggregations, 0 implications, 0 bound changes
   (0.0s) probing aborted: 50/50 successive totally useless probings
   (0.0s) symmetry computation started: requiring (bin +, int +, cont +), (fixed: bin -, int -, cont -)
   (0.0s) no symmetry present (symcode time: 0.00)
presolving (10 rounds: 10 fast, 7 medium, 5 exhaustive):
 80 deleted vars, 13 deleted constraints, 0 added constraints, 0 tightened bounds, 0 added holes, 8 changed sides, 38 changed coefficients
 0 implications, 186 cliques
presolved problem has 420 variables (420 bin, 0 int, 0 impl, 0 cont) and 177 constraints
    177 constraints of type <setppc>
Presolving Time: 0.03

 time | node  | left  |LP iter|LP it/n|mem/heur|mdpt |vars |cons |rows |cuts |sepa|confs|strbr|  dualbound   | primalbound  |  gap   | compl. 
  0.1s|     1 |     0 |  1730 |     - |  5206k |   0 | 420 | 177 | 177 |   0 |  0 |   0 |   0 | 7.492065e+03 |      --      |    Inf | unknown
d 0.1s|     1 |     0 |  1730 |     - |distribu|   0 | 420 | 177 | 177 |   0 |  1 |   0 |   0 | 7.492065e+03 | 3.120761e+03 | 140.07%| unknown
d 0.1s|     1 |     0 |  1772 |     - |distribu|   0 | 420 | 177 | 177 |   0 |  1 |   0 |   0 | 7.492065e+03 | 3.365927e+03 | 122.59%| unknown
d 0.1s|     1 |     0 |  1853 |     - |distribu|   0 | 420 | 177 | 177 |   0 |  1 |   0 |   0 | 7.492065e+03 | 4.774826e+03 |  56.91%| unknown
d 0.1s|     1 |     0 |  1925 |     - |distribu|   0 | 420 | 177 | 177 |   0 |  1 |   0 |   0 | 7.492065e+03 | 5.439569e+03 |  37.73%| unknown
d 0.1s|     1 |     0 |  1934 |     - |distribu|   0 | 420 | 177 | 177 |   0 |  1 |   0 |   0 | 7.492065e+03 | 6.536012e+03 |  14.63%| unknown
  0.1s|     1 |     0 |  1934 |     - |  5328k |   0 | 420 | 177 | 177 |   0 |  1 |   0 |   0 | 7.492065e+03 | 6.536012e+03 |  14.63%| unknown
  0.2s|     1 |     2 |  1934 |     - |  5594k |   0 | 420 | 177 | 177 |   0 |  2 |   0 |  35 | 7.438850e+03 | 6.536012e+03 |  13.81%| unknown

SCIP Status        : solving was interrupted [node limit reached]
Solving Time (sec) : 0.25
Solving Nodes      : 1
Primal Bound       : +6.53601170846570e+03 (46 solutions)
Dual Bound         : +7.43884993248808e+03
Gap                : 13.81 %
