presolving:
   (0.0s) running MILP presolver
   (0.0s) MILP presolver (2 rounds): 0 aggregations, 32 fixings, 0 bound changes
(round 1, medium)     32 del vars, 0 del conss, 0 add conss, 0 chg bounds, 0 chg sides, 0 chg coeffs, 0 upgd conss, 0 impls, 185 clqs
(round 2, exhaustive) 32 del vars, 5 del conss, 0 add conss, 0 chg bounds, 5 chg sides, 0 chg coeffs, 0 upgd conss, 0 impls, 185 clqs
(round 3, exhaustive) 32 del vars, 5 del conss, 0 add conss, 0 chg bounds, 5 chg sides, 0 chg coeffs, 180 upgd conss, 0 impls, 185 clqs
(round 4, medium)     82 del vars, 5 del conss, 0 add conss, 0 chg bounds, 5 chg sides, 50 chg coeffs, 180 upgd conss, 0 impls, 185 clqs
(round 5, fast)       119 del vars, 7 del conss, 0 add conss, 0 chg bounds, 5 chg sides, 50 chg coeffs, 180 upgd conss, 0 impls, 179 clqs
   (0.0s) running MILP presolver
   (0.0s) MILP presolver (2 rounds): 0 aggregations, 3 fixings, 0 bound changes
(round 6, medium)     122 del vars, 7 del conss, 0 add conss, 0 chg bounds, 5 chg sides, 50 chg coeffs, 180 upgd conss, 0 impls, 179 clqs
(round 7, exhaustive) 122 del vars, 14 del conss, 0 add conss, 0 chg bounds, 5 chg sides, 50 chg coeffs, 180 upgd conss, 0 impls, 179 clqs
   (0.0s) probing: 51/378 (13.5%) - 0 fixings, 0 aggregations, 0 implications, 0 bound changes
   (0.0s) probing aborted: 50/50 successive totally useless probings
   (0.0s) symmetry computation started: requiring (bin +, int +, cont +), (fixed: bin -, int -, cont -)
   (0.0s) no symmetry present (symcode time: 0.00)
presolving (8 rounds: 8 fast, 7 medium, 4 exhaustive):
 122 deleted vars, 14 deleted constraints, 0 added constraints, 0 tightened bounds, 0 added holes, 5 changed sides, 50 changed coefficients
 0 implications, 179 cliques
presolved problem has 378 variables (378 bin, 0 int, 0 impl, 0 cont) and 171 constraints
    171 constraints of type <setppc>
Presolving Time: 0.02

 time | node  | left  |LP iter|LP it/n|mem/heur|mdpt |vars |cons |rows |cuts |sepa|confs|strbr|  dualbound   | primalbound  |  gap   | compl. 
  0.1s|     1 |     0 |  1105 |     - |  4913k |   0 | 378 | 171 | 171 |   0 |  0 |   0 |   0 | 7.172319e+03 |      --      |    Inf | unknown
d 0.1s|     1 |     0 |  1105 |     - |distribu|   0 | 378 | 171 | 171 |   0 |  1 |   0 |   0 | 7.172319e+03 | 3.446338e+03 | 108.11%| unknown
d 0.1s|     1 |     0 |  1215 |     - |distribu|   0 | 378 | 171 | 171 |   0 |  1 |   0 |   0 | 7.172319e+03 | 4.105868e+03 |  74.68%| unknown
d 0.1s|     1 |     0 |  1258 |     - |distribu|   0 | 378 | 171 | 171 |   0 |  1 |   0 |   0 | 7.172319e+03 | 4.519205e+03 |  58.71%| unknown
d 0.1s|     1 |     0 |  1282 |     - |distribu|   0 | 378 | 171 | 171 |   0 |  1 |   0 |   0 | 7.172319e+03 | 4.761210e+03 |  50.64%| unknown
d 0.1s|     1 |     0 |  1294 |     - |distribu|   0 | 378 | 171 | 171 |   0 |  1 |   0 |   0 | 7.172319e+03 | 5.073903e+03 |  41.36%| unknown
d 0.1s|     1 |     0 |  1296 |     - |distribu|   0 | 378 | 171 | 171 |   0 |  1 |   0 |   0 | 7.172319e+03 | 6.288058e+03 |  14.06%| unknown
  0.1s|     1 |     0 |  1296 |     - |  5059k |   0 | 378 | 171 | 171 |   0 |  1 |   0 |   0 | 7.172319e+03 | 6.288058e+03 |  14.06%| unknown
  0.2s|     1 |     2 |  1296 |     - |  5123k |   0 | 378 | 171 | 171 |   0 |  2 |   0 |  22 | 7.115732e+03 | 6.288058e+03 |  13.16%| unknown

SCIP Status        : solving was interrupted [node limit reached]
Solving Time (sec) : 0.17
Solving Nodes      : 1
Primal Bound       : +6.28805817389257e+03 (28 solutions)
Dual Bound         : +7.11573238974087e+03
Gap                : 13.16 %
