presolving:
(round 1, fast)       0 del vars, 1 del conss, 0 add conss, 0 chg bounds, 0 chg sides, 0 chg coeffs, 0 upgd conss, 0 impls, 192 clqs
   (0.0s) running MILP presolver
   (0.0s) MILP presolver (2 rounds): 0 aggregations, 18 fixings, 0 bound changes
(round 2, medium)     18 del vars, 1 del conss, 0 add conss, 0 chg bounds, 0 chg sides, 0 chg coeffs, 0 upgd conss, 0 impls, 192 clqs
(round 3, exhaustive) 18 del vars, 1 del conss, 0 add conss, 0 chg bounds, 0 chg sides, 0 chg coeffs, 192 upgd conss, 0 impls, 192 clqs
(round 4, medium)     51 del vars, 1 del conss, 0 add conss, 0 chg bounds, 0 chg sides, 33 chg coeffs, 192 upgd conss, 0 impls, 192 clqs
(round 5, fast)       67 del vars, 2 del conss, 0 add conss, 0 chg bounds, 0 chg sides, 33 chg coeffs, 192 upgd conss, 0 impls, 191 clqs
(round 6, exhaustive) 67 del vars, 5 del conss, 0 add conss, 0 chg bounds, 0 chg sides, 33 chg coeffs, 192 upgd conss, 0 impls, 191 clqs
   (0.0s) probing: 51/433 (11.8%) - 0 fixings, 0 aggregations, 0 implications, 0 bound changes
   (0.0s) probing aborted: 50/50 successive totally useless probings
   (0.0s) symmetry computation started: requiring (bin +, int +, cont +), (fixed: bin -, int -, cont -)
   (0.0s) no symmetry present (symcode time: 0.00)
presolving (7 rounds: 7 fast, 5 medium, 3 exhaustive):
 67 deleted vars, 5 deleted constraints, 0 added constraints, 0 tightened bounds, 0 added holes, 0 changed sides, 33 changed coefficients
 0 implications, 191 cliques
presolved problem has 433 variables (433 bin, 0 int, 0 impl, 0 cont) and 188 constraints
    188 constraints of type <setppc>
Presolving Time: 0.02

 time | node  | left  |LP iter|LP it/n|mem/heur|mdpt |vars |cons |rows |cuts |sepa|confs|strbr|  dualbound   | primalbound  |  gap   | compl. 
  0.1s|     1 |     0 |  1409 |     - |  5580k |   0 | 433 | 188 | 188 |   0 |  0 |   0 |   0 | 7.668479e+03 |      --      |    Inf | unknown
d 0.1s|     1 |     0 |  1409 |     - |distribu|   0 | 433 | 188 | 188 |   0 |  1 |   0 |   0 | 7.668479e+03 | 2.376132e+03 | 222.73%| unknown
d 0.1s|     1 |     0 |  1629 |     - |distribu|   0 | 433 | 188 | 188 |   0 |  1 |   0 |   0 | 7.668479e+03 | 2.919387e+03 | 162.67%| unknown
d 0.1s|     1 |     0 |  1786 |     - |distribu|   0 | 433 | 188 | 188 |   0 |  1 |   0 |   0 | 7.668479e+03 | 3.235340e+03 | 137.02%| unknown
d 0.1s|     1 |     0 |  1831 |     - |distribu|   0 | 433 | 188 | 188 |   0 |  1 |   0 |   0 | 7.668479e+03 | 3.358040e+03 | 128.36%| unknown
d 0.1s|     1 |     0 |  1877 |     - |distribu|   0 | 433 | 188 | 188 |   0 |  1 |   0 |   0 | 7.668479e+03 | 4.223206e+03 |  81.58%| unknown
d 0.1s|     1 |     0 |  1936 |     - |distribu|   0 | 433 | 188 | 188 |   0 |  1 |   0 |   0 | 7.668479e+03 | 5.894399e+03 |  30.10%| unknown
  0.1s|     1 |     0 |  1936 |     - |  5718k |   0 | 433 | 188 | 188 |   0 |  1 |   0 |   0 | 7.668479e+03 | 5.894399e+03 |  30.10%| unknown
  0.3s|     1 |     2 |  1936 |     - |  5850k |   0 | 433 | 188 | 188 |   0 |  2 |   0 |  29 | 7.615922e+03 | 5.894399e+03 |  29.21%| unknown

SCIP Status        : solving was interrupted [node limit reached]
Solving Time (sec) : 0.28
Solving Nodes      : 1
Primal Bound       : +5.89439929409486e+03 (36 solutions)
Dual Bound         : +7.61592168223464e+03
Gap                : 29.21 %
