presolving:
(round 1, fast)       0 del vars, 2 del conss, 0 add conss, 0 chg bounds, 0 chg sides, 0 chg coeffs, 0 upgd conss, 0 impls, 192 clqs
(round 2, fast)       1 del vars, 2 del conss, 0 add conss, 0 chg bounds, 0 chg sides, 0 chg coeffs, 0 upgd conss, 0 impls, 192 clqs
   (0.0s) running MILP presolver
   (0.0s) MILP presolver (2 rounds): 0 aggregations, 13 fixings, 0 bound changes
(round 3, medium)     14 del vars, 2 del conss, 0 add conss, 0 chg bounds, 0 chg sides, 0 chg coeffs, 0 upgd conss, 0 impls, 192 clqs
(round 4, exhaustive) 14 del vars, 4 del conss, 0 add conss, 0 chg bounds, 2 chg sides, 0 chg coeffs, 0 upgd conss, 0 impls, 192 clqs
(round 5, exhaustive) 14 del vars, 4 del conss, 0 add conss, 0 chg bounds, 2 chg sides, 0 chg coeffs, 190 upgd conss, 0 impls, 192 clqs
(round 6, medium)     43 del vars, 4 del conss, 0 add conss, 0 chg bounds, 2 chg sides, 29 chg coeffs, 190 upgd conss, 0 impls, 192 clqs
(round 7, fast)       60 del vars, 5 del conss, 0 add conss, 0 chg bounds, 2 chg sides, 29 chg coeffs, 190 upgd conss, 0 impls, 190 clqs
(round 8, exhaustive) 60 del vars, 10 del conss, 0 add conss, 0 chg bounds, 2 chg sides, 29 chg coeffs, 190 upgd conss, 0 impls, 190 clqs
   (0.0s) probing: 51/440 (11.6%) - 0 fixings, 0 aggregations, 0 implications, 0 bound changes
   (0.0s) probing aborted: 50/50 successive totally useless probings
   (0.0s) symmetry computation started: requiring (bin +, int +, cont +), (fixed: bin -, int -, cont -)
   (0.0s) no symmetry present (symcode time: 0.00)
presolving (9 rounds: 9 fast, 6 medium, 4 exhaustive):
 60 deleted vars, 10 deleted constraints, 0 added constraints, 0 tightened bounds, 0 added holes, 2 changed sides, 29 changed coefficients
 0 implications, 190 cliques
presolved problem has 440 variables (440 bin, 0 int, 0 impl, 0 cont) and 184 constraints
    184 constraints of type <setppc>
Presolving Time: 0.03

 time | node  | left  |LP iter|LP it/n|mem/heur|mdpt |vars |cons |rows |cuts |sepa|confs|strbr|  dualbound   | primalbound  |  gap   | compl. 
  0.2s|     1 |     0 |  1835 |     - |  5586k |   0 | 440 | 184 | 184 |   0 |  0 |   0 |   0 | 6.916179e+03 |      --      |    Inf | unknown
d 0.2s|     1 |     0 |  1835 |     - |distribu|   0 | 440 | 184 | 184 |   0 |  1 |   0 |   0 | 6.916179e+03 | 2.173706e+03 | 218.17%| unknown
d 0.2s|     1 |     0 |  1925 |     - |distribu|   0 | 440 | 184 | 184 |   0 |  1 |   0 |   0 | 6.916179e+03 | 2.754228e+03 | 151.11%| unknown
d 0.2s|     1 |     0 |  2054 |     - |distribu|   0 | 440 | 184 | 184 |   0 |  1 |   0 |   0 | 6.916179e+03 | 3.661940e+03 |  88.87%| unknown
d 0.2s|     1 |     0 |  2172 |     - |distribu|   0 | 440 | 184 | 184 |   0 |  1 |   0 |   0 | 6.916179e+03 | 3.734257e+03 |  85.21%| unknown
d 0.2s|     1 |     0 |  2183 |     - |distribu|   0 | 440 | 184 | 184 |   0 |  1 |   0 |   0 | 6.916179e+03 | 4.470397e+03 |  54.71%| unknown
d 0.2s|     1 |     0 |  2193 |     - |distribu|   0 | 440 | 184 | 184 |   0 |  1 |   0 |   0 | 6.916179e+03 | 6.001849e+03 |  15.23%| unknown
  0.2s|     1 |     0 |  2193 |     - |  5717k |   0 | 440 | 184 | 184 |   0 |  1 |   0 |   0 | 6.916179e+03 | 6.001849e+03 |  15.23%| unknown
  0.3s|     1 |     2 |  2193 |     - |  5782k |   0 | 440 | 184 | 184 |   0 |  2 |   0 |  19 | 6.886493e+03 | 6.001849e+03 |  14.74%| unknown

SCIP Status        : solving was interrupted [node limit reached]
Solving Time (sec) : 0.28
Solving Nodes      : 1
Primal Bound       : +6.00184927346709e+03 (28 solutions)
Dual Bound         : +6.88649285665528e+03
Gap                : 14.74 %
