presolving:
   (0.0s) running MILP presolver
   (0.0s) MILP presolver (2 rounds): 0 aggregations, 19 fixings, 0 bound changes
(round 1, medium)     19 del vars, 0 del conss, 0 add conss, 0 chg bounds, 0 chg sides, 0 chg coeffs, 0 upgd conss, 0 impls, 195 clqs
(round 2, fast)       19 del vars, 1 del conss, 0 add conss, 0 chg bounds, 0 chg sides, 0 chg coeffs, 0 upgd conss, 0 impls, 195 clqs
(round 3, exhaustive) 19 del vars, 9 del conss, 0 add conss, 0 chg bounds, 8 chg sides, 0 chg coeffs, 0 upgd conss, 0 impls, 195 clqs
(round 4, exhaustive) 19 del vars, 9 del conss, 0 add conss, 0 chg bounds, 8 chg sides, 0 chg coeffs, 187 upgd conss, 0 impls, 195 clqs
(round 5, medium)     48 del vars, 9 del conss, 0 add conss, 0 chg bounds, 8 chg sides, 29 chg coeffs, 187 upgd conss, 0 impls, 195 clqs
(round 6, fast)       54 del vars, 9 del conss, 0 add conss, 0 chg bounds, 8 chg sides, 29 chg coeffs, 187 upgd conss, 0 impls, 195 clqs
(round 7, exhaustive) 54 del vars, 10 del conss, 0 add conss, 0 chg bounds, 8 chg sides, 29 chg coeffs, 187 upgd conss, 0 impls, 195 clqs
   (0.0s) probing: 51/446 (11.4%) - 0 fixings, 0 aggregations, 0 implications, 0 bound changes
   (0.0s) probing aborted: 50/50 successive totally useless probings
   (0.0s) symmetry computation started: requiring (bin +, int +, cont +), (fixed: bin -, int -, cont -)
   (0.0s) no symmetry present (symcode time: 0.00)
presolving (8 rounds: 8 fast, 6 medium, 4 exhaustive):
 54 deleted vars, 10 deleted constraints, 0 added constraints, 0 tightened bounds, 0 added holes, 8 changed sides, 29 changed coefficients
 0 implications, 195 cliques
presolved problem has 446 variables (446 bin, 0 int, 0 impl, 0 cont) and 186 constraints
    186 constraints of type <setppc>
Presolving Time: 0.02

 time | node  | left  |LP iter|LP it/n|mem/heur|mdpt |vars |cons |rows |cuts |sepa|confs|strbr|  dualbound   | primalbound  |  gap   | compl. 
  0.1s|     1 |     0 |  1862 |     - |  5595k |   0 | 446 | 186 | 186 |   0 |  0 |   0 |   0 | 7.207518e+03 |      --      |    Inf | unknown
d 0.1s|     1 |     0 |  1862 |     - |distribu|   0 | 446 | 186 | 186 |   0 |  1 |   0 |   0 | 7.207518e+03 | 2.547033e+03 | 182.98%| unknown
d 0.1s|     1 |     0 |  1944 |     - |distribu|   0 | 446 | 186 | 186 |   0 |  1 |   0 |   0 | 7.207518e+03 | 2.731032e+03 | 163.91%| unknown
d 0.1s|     1 |     0 |  2060 |     - |distribu|   0 | 446 | 186 | 186 |   0 |  1 |   0 |   0 | 7.207518e+03 | 3.183288e+03 | 126.42%| unknown
d 0.1s|     1 |     0 |  2168 |     - |distribu|   0 | 446 | 186 | 186 |   0 |  1 |   0 |   0 | 7.207518e+03 | 3.872382e+03 |  86.13%| unknown
d 0.1s|     1 |     0 |  2212 |     - |distribu|   0 | 446 | 186 | 186 |   0 |  1 |   0 |   0 | 7.207518e+03 | 4.194627e+03 |  71.83%| unknown
d 0.1s|     1 |     0 |  2234 |     - |distribu|   0 | 446 | 186 | 186 |   0 |  1 |   0 |   0 | 7.207518e+03 | 5.415685e+03 |  33.09%| unknown
d 0.1s|     1 |     0 |  2245 |     - |distribu|   0 | 446 | 186 | 186 |   0 |  1 |   0 |   0 | 7.207518e+03 | 5.982625e+03 |  20.47%| unknown
  0.1s|     1 |     0 |  2245 |     - |  5712k |   0 | 446 | 186 | 186 |   0 |  1 |   0 |   0 | 7.207518e+03 | 5.982625e+03 |  20.47%| unknown
  0.2s|     1 |     2 |  2245 |     - |  5889k |   0 | 446 | 186 | 186 |   0 |  2 |   0 |  25 | 7.163997e+03 | 5.982625e+03 |  19.75%| unknown

SCIP Status        : solving was interrupted [node limit reached]
Solving Time (sec) : 0.22
Solving Nodes      : 1
Primal Bound       : +5.98262517788296e+03 (35 solutions)
Dual Bound         : +7.16399698716556e+03
Gap                : 19.75 %
