presolving:
   (0.0s) running MILP presolver
   (0.0s) MILP presolver (2 rounds): 0 aggregations, 16 fixings, 0 bound changes
(round 1, medium)     16 del vars, 0 del conss, 0 add conss, 0 chg bounds, 0 chg sides, 0 chg coeffs, 0 upgd conss, 0 impls, 201 clqs
(round 2, fast)       16 del vars, 1 del conss, 0 add conss, 0 chg bounds, 0 chg sides, 0 chg coeffs, 0 upgd conss, 0 impls, 201 clqs
(round 3, exhaustive) 16 del vars, 9 del conss, 0 add conss, 0 chg bounds, 8 chg sides, 0 chg coeffs, 0 upgd conss, 0 impls, 201 clqs
(round 4, exhaustive) 16 del vars, 9 del conss, 0 add conss, 0 chg bounds, 8 chg sides, 0 chg coeffs, 193 upgd conss, 0 impls, 201 clqs
(round 5, medium)     48 del vars, 9 del conss, 0 add conss, 0 chg bounds, 8 chg sides, 32 chg coeffs, 193 upgd conss, 0 impls, 201 clqs
(round 6, fast)       64 del vars, 9 del conss, 0 add conss, 0 chg bounds, 8 chg sides, 32 chg coeffs, 193 upgd conss, 0 impls, 200 clqs
(round 7, exhaustive) 64 del vars, 13 del conss, 0 add conss, 0 chg bounds, 8 chg sides, 32 chg coeffs, 193 upgd conss, 0 impls, 200 clqs
   (0.0s) probing: 51/436 (11.7%) - 0 fixings, 0 aggregations, 0 implications, 0 bound changes
   (0.0s) probing aborted: 50/50 successive totally useless probings
   (0.0s) symmetry computation started: requiring (bin +, int +, cont +), (fixed: bin -, int -, cont -)
   (0.0s) no symmetry present (symcode time: 0.00)
presolving (8 rounds: 8 fast, 6 medium, 4 exhaustive):
 64 deleted vars, 13 deleted constraints, 0 added constraints, 0 tightened bounds, 0 added holes, 8 changed sides, 32 changed coefficients
 0 implications, 200 cliques
presolved problem has 436 variables (436 bin, 0 int, 0 impl, 0 cont) and 189 constraints
    189 constraints of type <setppc>
Presolving Time: 0.02

 time | node  | left  |LP iter|LP it/n|mem/heur|mdpt |vars |cons |rows |cuts |sepa|confs|strbr|  dualbound   | primalbound  |  gap   | compl. 
  0.2s|     1 |     0 |  1958 |     - |  5413k |   0 | 436 | 189 | 189 |   0 |  0 |   0 |   0 | 7.811755e+03 |      --      |    Inf | unknown
d 0.2s|     1 |     0 |  1958 |     - |distribu|   0 | 436 | 189 | 189 |   0 |  1 |   0 |   0 | 7.811755e+03 | 2.701975e+03 | 189.11%| unknown
d 0.2s|     1 |     0 |  2029 |     - |distribu|   0 | 436 | 189 | 189 |   0 |  1 |   0 |   0 | 7.811755e+03 | 3.279858e+03 | 138.17%| unknown
d 0.2s|     1 |     0 |  2118 |     - |distribu|   0 | 436 | 189 | 189 |   0 |  1 |   0 |   0 | 7.811755e+03 | 3.375170e+03 | 131.45%| unknown
d 0.2s|     1 |     0 |  2216 |     - |distribu|   0 | 436 | 189 | 189 |   0 |  1 |   0 |   0 | 7.811755e+03 | 4.127466e+03 |  89.26%| unknown
d 0.2s|     1 |     0 |  2278 |     - |distribu|   0 | 436 | 189 | 189 |   0 |  1 |   0 |   0 | 7.811755e+03 | 6.154159e+03 |  26.93%| unknown
d 0.2s|     1 |     0 |  2290 |     - |distribu|   0 | 436 | 189 | 189 |   0 |  1 |   0 |   0 | 7.811755e+03 | 6.789780e+03 |  15.05%| unknown
  0.2s|     1 |     0 |  2290 |     - |  5503k |   0 | 436 | 189 | 189 |   0 |  1 |   0 |   0 | 7.811755e+03 | 6.789780e+03 |  15.05%| unknown
  0.4s|     1 |     2 |  2290 |     - |  5677k |   0 | 436 | 189 | 189 |   0 |  2 |   0 |  21 | 7.758126e+03 | 6.789780e+03 |  14.26%| unknown

SCIP Status        : solving was interrupted [node limit reached]
Solving Time (sec) : 0.38
Solving Nodes      : 1
Primal Bound       : +6.78978026940599e+03 (31 solutions)
Dual Bound         : +7.75812621543971e+03
Gap                : 14.26 %
