presolving:
(round 1, fast)       0 del vars, 2 del conss, 0 add conss, 0 chg bounds, 0 chg sides, 0 chg coeffs, 0 upgd conss, 0 impls, 191 clqs
   (0.0s) running MILP presolver
   (0.0s) MILP presolver (2 rounds): 0 aggregations, 14 fixings, 0 bound changes
(round 2, medium)     14 del vars, 2 del conss, 0 add conss, 0 chg bounds, 0 chg sides, 0 chg coeffs, 0 upgd conss, 0 impls, 190 clqs
(round 3, fast)       14 del vars, 3 del conss, 0 add conss, 0 chg bounds, 0 chg sides, 0 chg coeffs, 0 upgd conss, 0 impls, 190 clqs
(round 4, exhaustive) 14 del vars, 8 del conss, 0 add conss, 0 chg bounds, 5 chg sides, 0 chg coeffs, 0 upgd conss, 0 impls, 190 clqs
(round 5, exhaustive) 14 del vars, 8 del conss, 0 add conss, 0 chg bounds, 5 chg sides, 0 chg coeffs, 185 upgd conss, 0 impls, 190 clqs
(round 6, medium)     56 del vars, 8 del conss, 0 add conss, 0 chg bounds, 5 chg sides, 42 chg coeffs, 185 upgd conss, 0 impls, 190 clqs
(round 7, fast)       78 del vars, 10 del conss, 0 add conss, 0 chg bounds, 5 chg sides, 42 chg coeffs, 185 upgd conss, 0 impls, 187 clqs
(round 8, exhaustive) 78 del vars, 15 del conss, 0 add conss, 0 chg bounds, 5 chg sides, 42 chg coeffs, 185 upgd conss, 0 impls, 187 clqs
   (0.0s) probing: 51/422 (12.1%) - 0 fixings, 0 aggregations, 0 implications, 0 bound changes
   (0.0s) probing aborted: 50/50 successive totally useless probings
   (0.0s) symmetry computation started: requiring (bin +, int +, cont +), (fixed: bin -, int -, cont -)
   (0.0s) no symmetry present (symcode time: 0.00)
presolving (9 rounds: 9 fast, 6 medium, 4 exhaustive):
 78 deleted vars, 15 deleted constraints, 0 added constraints, 0 tightened bounds, 0 added holes, 5 changed sides, 42 changed coefficients
 0 implications, 187 cliques
presolved problem has 422 variables (422 bin, 0 int, 0 impl, 0 cont) and 178 constraints
    178 constraints of type <setppc>
Presolving Time: 0.02

 time | node  | left  |LP iter|LP it/n|mem/heur|mdpt |vars |cons |rows |cuts |sepa|confs|strbr|  dualbound   | primalbound  |  gap   | compl. 
  0.1s|     1 |     0 |  1182 |     - |  5282k |   0 | 422 | 178 | 178 |   0 |  0 |   0 |   0 | 7.766004e+03 |      --      |    Inf | unknown
d 0.1s|     1 |     0 |  1182 |     - |distribu|   0 | 422 | 178 | 178 |   0 |  1 |   0 |   0 | 7.766004e+03 | 3.020491e+03 | 157.11%| unknown
d 0.1s|     1 |     0 |  1261 |     - |distribu|   0 | 422 | 178 | 178 |   0 |  1 |   0 |   0 | 7.766004e+03 | 3.382312e+03 | 129.61%| unknown
d 0.1s|     1 |     0 |  1432 |     - |distribu|   0 | 422 | 178 | 178 |   0 |  1 |   0 |   0 | 7.766004e+03 | 3.897460e+03 |  99.26%| unknown
d 0.1s|     1 |     0 |  1479 |     - |distribu|   0 | 422 | 178 | 178 |   0 |  1 |   0 |   0 | 7.766004e+03 | 5.275484e+03 |  47.21%| unknown
d 0.1s|     1 |     0 |  1513 |     - |distribu|   0 | 422 | 178 | 178 |   0 |  1 |   0 |   0 | 7.766004e+03 | 5.590685e+03 |  38.91%| unknown
d 0.1s|     1 |     0 |  1522 |     - |distribu|   0 | 422 | 178 | 178 |   0 |  1 |   0 |   0 | 7.766004e+03 | 7.066344e+03 |   9.90%| unknown
  0.1s|     1 |     0 |  1522 |     - |  5409k |   0 | 422 | 178 | 178 |   0 |  1 |   0 |   0 | 7.766004e+03 | 7.066344e+03 |   9.90%| unknown
  0.2s|     1 |     2 |  1522 |     - |  5597k |   0 | 422 | 178 | 178 |   0 |  2 |   0 |  42 | 7.723361e+03 | 7.066344e+03 |   9.30%| unknown

SCIP Status        : solving was interrupted [node limit reached]
Solving Time (sec) : 0.24
Solving Nodes      : 1
Primal Bound       : +7.06634441374253e+03 (48 solutions)
Dual Bound         : +7.72336050812634e+03
Gap                : 9.30 %
