presolving:
(round 1, fast)       2 del vars, 3 del conss, 0 add conss, 0 chg bounds, 0 chg sides, 0 chg coeffs, 0 upgd conss, 0 impls, 192 clqs
(round 2, fast)       3 del vars, 3 del conss, 0 add conss, 0 chg bounds, 0 chg sides, 0 chg coeffs, 0 upgd conss, 0 impls, 192 clqs
   (0.0s) running MILP presolver
   (0.0s) MILP presolver (2 rounds): 0 aggregations, 21 fixings, 0 bound changes
(round 3, medium)     24 del vars, 3 del conss, 0 add conss, 0 chg bounds, 0 chg sides, 0 chg coeffs, 0 upgd conss, 0 impls, 192 clqs
(round 4, exhaustive) 24 del vars, 9 del conss, 0 add conss, 0 chg bounds, 6 chg sides, 0 chg coeffs, 0 upgd conss, 0 impls, 192 clqs
(round 5, exhaustive) 24 del vars, 9 del conss, 0 add conss, 0 chg bounds, 6 chg sides, 0 chg coeffs, 186 upgd conss, 0 impls, 192 clqs
(round 6, medium)     64 del vars, 9 del conss, 0 add conss, 0 chg bounds, 6 chg sides, 40 chg coeffs, 186 upgd conss, 0 impls, 192 clqs
(round 7, fast)       90 del vars, 10 del conss, 0 add conss, 0 chg bounds, 6 chg sides, 40 chg coeffs, 186 upgd conss, 0 impls, 190 clqs
(round 8, exhaustive) 90 del vars, 14 del conss, 0 add conss, 0 chg bounds, 6 chg sides, 40 chg coeffs, 186 upgd conss, 0 impls, 190 clqs
(round 9, exhaustive) 91 del vars, 14 del conss, 0 add conss, 0 chg bounds, 6 chg sides, 40 chg coeffs, 186 upgd conss, 0 impls, 190 clqs
   (0.0s) probing: 51/409 (12.5%) - 0 fixings, 0 aggregations, 0 implications, 0 bound changes
   (0.0s) probing aborted: 50/50 successive totally useless probings
   (0.0s) symmetry computation started: requiring (bin +, int +, cont +), (fixed: bin -, int -, cont -)
   (0.0s) no symmetry present (symcode time: 0.00)
presolving (10 rounds: 10 fast, 7 medium, 5 exhaustive):
 91 deleted vars, 14 deleted constraints, 0 added constraints, 0 tightened bounds, 0 added holes, 6 changed sides, 40 changed coefficients
 0 implications, 190 cliques
presolved problem has 409 variables (409 bin, 0 int, 0 impl, 0 cont) and 181 constraints
    181 constraints of type <setppc>
Presolving Time: 0.02

 time | node  | left  |LP iter|LP it/n|mem/heur|mdpt |vars |cons |rows |cuts |sepa|confs|strbr|  dualbound   | primalbound  |  gap   | compl. 
  0.1s|     1 |     0 |  1444 |     - |  5248k |   0 | 409 | 181 | 181 |   0 |  0 |   0 |   0 | 7.778089e+03 |      --      |    Inf | unknown
d 0.1s|     1 |     0 |  1444 |     - |distribu|   0 | 409 | 181 | 181 |   0 |  1 |   0 |   0 | 7.778089e+03 | 3.421892e+03 | 127.30%| unknown
d 0.1s|     1 |     0 |  1657 |     - |distribu|   0 | 409 | 181 | 181 |   0 |  1 |   0 |   0 | 7.778089e+03 | 3.748322e+03 | 107.51%| unknown
d 0.1s|     1 |     0 |  1698 |     - |distribu|   0 | 409 | 181 | 181 |   0 |  1 |   0 |   0 | 7.778089e+03 | 3.829376e+03 | 103.12%| unknown
d 0.1s|     1 |     0 |  1789 |     - |distribu|   0 | 409 | 181 | 181 |   0 |  1 |   0 |   0 | 7.778089e+03 | 4.508658e+03 |  72.51%| unknown
d 0.1s|     1 |     0 |  1833 |     - |distribu|   0 | 409 | 181 | 181 |   0 |  1 |   0 |   0 | 7.778089e+03 | 6.328994e+03 |  22.90%| unknown
d 0.1s|     1 |     0 |  1835 |     - |distribu|   0 | 409 | 181 | 181 |   0 |  1 |   0 |   0 | 7.778089e+03 | 6.862530e+03 |  13.34%| unknown
  0.1s|     1 |     0 |  1835 |     - |  5352k |   0 | 409 | 181 | 181 |   0 |  1 |   0 |   0 | 7.778089e+03 | 6.862530e+03 |  13.34%| unknown
  0.2s|     1 |     2 |  1835 |     - |  5538k |   0 | 409 | 181 | 181 |   0 |  2 |   0 |  23 | 7.760682e+03 | 6.862530e+03 |  13.09%| unknown

SCIP Status        : solving was interrupted [node limit reached]
Solving Time (sec) : 0.18
Solving Nodes      : 1
Primal Bound       : +6.86253044632450e+03 (32 solutions)
Dual Bound         : +7.76068205253570e+03
Gap                : 13.09 %
