presolving:
(round 1, fast)       1 del vars, 1 del conss, 0 add conss, 0 chg bounds, 0 chg sides, 0 chg coeffs, 0 upgd conss, 0 impls, 191 clqs
   (0.0s) running MILP presolver
   (0.0s) MILP presolver (2 rounds): 0 aggregations, 21 fixings, 0 bound changes
(round 2, medium)     22 del vars, 1 del conss, 0 add conss, 0 chg bounds, 0 chg sides, 0 chg coeffs, 0 upgd conss, 0 impls, 191 clqs
(round 3, exhaustive) 22 del vars, 2 del conss, 0 add conss, 0 chg bounds, 1 chg sides, 0 chg coeffs, 0 upgd conss, 0 impls, 191 clqs
(round 4, exhaustive) 22 del vars, 2 del conss, 0 add conss, 0 chg bounds, 1 chg sides, 0 chg coeffs, 190 upgd conss, 0 impls, 191 clqs
(round 5, medium)     62 del vars, 2 del conss, 0 add conss, 0 chg bounds, 1 chg sides, 40 chg coeffs, 190 upgd conss, 0 impls, 191 clqs
(round 6, fast)       84 del vars, 3 del conss, 0 add conss, 0 chg bounds, 1 chg sides, 40 chg coeffs, 190 upgd conss, 0 impls, 190 clqs
(round 7, exhaustive) 84 del vars, 8 del conss, 0 add conss, 0 chg bounds, 1 chg sides, 40 chg coeffs, 190 upgd conss, 0 impls, 190 clqs
(round 8, exhaustive) 85 del vars, 8 del conss, 0 add conss, 0 chg bounds, 1 chg sides, 40 chg coeffs, 190 upgd conss, 0 impls, 189 clqs
   (0.0s) probing: 51/415 (12.3%) - 0 fixings, 0 aggregations, 0 implications, 0 bound changes
   (0.0s) probing aborted: 50/50 successive totally useless probings
   (0.0s) symmetry computation started: requiring (bin +, int +, cont +), (fixed: bin -, int -, cont -)
   (0.0s) no symmetry present (symcode time: 0.00)
presolving (9 rounds: 9 fast, 7 medium, 5 exhaustive):
 85 deleted vars, 8 deleted constraints, 0 added constraints, 0 tightened bounds, 0 added holes, 1 changed sides, 40 changed coefficients
 0 implications, 189 cliques
presolved problem has 415 variables (415 bin, 0 int, 0 impl, 0 cont) and 184 constraints
    184 constraints of type <setppc>
Presolving Time: 0.02

 time | node  | left  |LP iter|LP it/n|mem/heur|mdpt |vars |cons |rows |cuts |sepa|confs|strbr|  dualbound   | primalbound  |  gap   | compl. 
  0.1s|     1 |     0 |  1014 |     - |  5136k |   0 | 415 | 184 | 184 |   0 |  0 |   0 |   0 | 8.191040e+03 |      --      |    Inf | unknown
d 0.1s|     1 |     0 |  1014 |     - |distribu|   0 | 415 | 184 | 184 |   0 |  1 |   0 |   0 | 8.191040e+03 | 3.155919e+03 | 159.55%| unknown
d 0.1s|     1 |     0 |  1188 |     - |distribu|   0 | 415 | 184 | 184 |   0 |  1 |   0 |   0 | 8.191040e+03 | 3.649894e+03 | 124.42%| unknown
d 0.1s|     1 |     0 |  1277 |     - |distribu|   0 | 415 | 184 | 184 |   0 |  1 |   0 |   0 | 8.191040e+03 | 3.819843e+03 | 114.43%| unknown
d 0.1s|     1 |     0 |  1394 |     - |distribu|   0 | 415 | 184 | 184 |   0 |  1 |   0 |   0 | 8.191040e+03 | 4.481315e+03 |  82.78%| unknown
d 0.1s|     1 |     0 |  1498 |     - |distribu|   0 | 415 | 184 | 184 |   0 |  1 |   0 |   0 | 8.191040e+03 | 4.689439e+03 |  74.67%| unknown
d 0.1s|     1 |     0 |  1538 |     - |distribu|   0 | 415 | 184 | 184 |   0 |  1 |   0 |   0 | 8.191040e+03 | 4.884242e+03 |  67.70%| unknown
d 0.1s|     1 |     0 |  1581 |     - |distribu|   0 | 415 | 184 | 184 |   0 |  1 |   0 |   0 | 8.191040e+03 | 5.008963e+03 |  63.53%| unknown
d 0.1s|     1 |     0 |  1595 |     - |distribu|   0 | 415 | 184 | 184 |   0 |  1 |   0 |   0 | 8.191040e+03 | 5.317370e+03 |  54.04%| unknown
d 0.1s|     1 |     0 |  1601 |     - |distribu|   0 | 415 | 184 | 184 |   0 |  1 |   0 |   0 | 8.191040e+03 | 6.665126e+03 |  22.89%| unknown
  0.1s|     1 |     0 |  1601 |     - |  5293k |   0 | 415 | 184 | 184 |   0 |  1 |   0 |   0 | 8.191040e+03 | 6.665126e+03 |  22.89%| unknown
  0.2s|     1 |     2 |  1601 |     - |  5579k |   0 | 415 | 184 | 184 |   0 |  2 |   0 |  32 | 8.156928e+03 | 6.665126e+03 |  22.38%| unknown

SCIP Status        : solving was interrupted [node limit reached]
Solving Time (sec) : 0.20
Solving Nodes      : 1
Primal Bound       : +6.66512629078389e+03 (43 solutions)
Dual Bound         : +8.15692772738623e+03
Gap                : 22.38 %
