presolving:
(round 1, fast)       0 del vars, 1 del conss, 0 add conss, 0 chg bounds, 0 chg sides, 0 chg coeffs, 0 upgd conss, 0 impls, 194 clqs
(round 2, fast)       1 del vars, 1 del conss, 0 add conss, 0 chg bounds, 0 chg sides, 0 chg coeffs, 0 upgd conss, 0 impls, 194 clqs
   (0.0s) running MILP presolver
   (0.0s) MILP presolver (2 rounds): 0 aggregations, 16 fixings, 0 bound changes
(round 3, medium)     17 del vars, 1 del conss, 0 add conss, 0 chg bounds, 0 chg sides, 0 chg coeffs, 0 upgd conss, 0 impls, 194 clqs
(round 4, exhaustive) 17 del vars, 4 del conss, 0 add conss, 0 chg bounds, 3 chg sides, 0 chg coeffs, 0 upgd conss, 0 impls, 194 clqs
(round 5, exhaustive) 17 del vars, 4 del conss, 0 add conss, 0 chg bounds, 3 chg sides, 0 chg coeffs, 191 upgd conss, 0 impls, 194 clqs
(round 6, medium)     45 del vars, 4 del conss, 0 add conss, 0 chg bounds, 3 chg sides, 28 chg coeffs, 191 upgd conss, 0 impls, 194 clqs
(round 7, fast)       59 del vars, 5 del conss, 0 add conss, 0 chg bounds, 3 chg sides, 28 chg coeffs, 191 upgd conss, 0 impls, 193 clqs
(round 8, exhaustive) 59 del vars, 9 del conss, 0 add conss, 0 chg bounds, 3 chg sides, 28 chg coeffs, 191 upgd conss, 0 impls, 193 clqs
   (0.0s) probing: 51/441 (11.6%) - 0 fixings, 0 aggregations, 0 implications, 0 bound changes
   (0.0s) probing aborted: 50/50 successive totally useless probings
   (0.0s) symmetry computation started: requiring (bin +, int +, cont +), (fixed: bin -, int -, cont -)
   (0.0s) no symmetry present (symcode time: 0.00)
presolving (9 rounds: 9 fast, 6 medium, 4 exhaustive):
 59 deleted vars, 9 deleted constraints, 0 added constraints, 0 tightened bounds, 0 added holes, 3 changed sides, 28 changed coefficients
 0 implications, 193 cliques
presolved problem has 441 variables (441 bin, 0 int, 0 impl, 0 cont) and 186 constraints
    186 constraints of type <setppc>
Presolving Time: 0.02

 time | node  | left  |LP iter|LP it/n|mem/heur|mdpt |vars |cons |rows |cuts |sepa|confs|strbr|  dualbound   | primalbound  |  gap   | compl. 
  0.1s|     1 |     0 |  1517 |     - |  5527k |   0 | 441 | 186 | 186 |   0 |  0 |   0 |   0 | 7.378353e+03 |      --      |    Inf | unknown
d 0.1s|     1 |     0 |  1517 |     - |distribu|   0 | 441 | 186 | 186 |   0 |  1 |   0 |   0 | 7.378353e+03 | 2.489168e+03 | 196.42%| unknown
d 0.1s|     1 |     0 |  1631 |     - |distribu|   0 | 441 | 186 | 186 |   0 |  1 |   0 |   0 | 7.378353e+03 | 3.035751e+03 | 143.05%| unknown
d 0.1s|     1 |     0 |  1728 |     - |distribu|   0 | 441 | 186 | 186 |   0 |  1 |   0 |   0 | 7.378353e+03 | 3.384824e+03 | 117.98%| unknown
d 0.1s|     1 |     0 |  1759 |     - |distribu|   0 | 441 | 186 | 186 |   0 |  1 |   0 |   0 | 7.378353e+03 | 3.986686e+03 |  85.07%| unknown
d 0.1s|     1 |     0 |  1816 |     - |distribu|   0 | 441 | 186 | 186 |   0 |  1 |   0 |   0 | 7.378353e+03 | 4.626003e+03 |  59.50%| unknown
d 0.1s|     1 |     0 |  1852 |     - |distribu|   0 | 441 | 186 | 186 |   0 |  1 |   0 |   0 | 7.378353e+03 | 6.441333e+03 |  14.55%| unknown
  0.1s|     1 |     0 |  1852 |     - |  5648k |   0 | 441 | 186 | 186 |   0 |  1 |   0 |   0 | 7.378353e+03 | 6.441333e+03 |  14.55%| unknown
  0.4s|     1 |     2 |  1852 |     - |  6021k |   0 | 441 | 186 | 186 |   0 |  2 |   0 |  55 | 7.346877e+03 | 6.441333e+03 |  14.06%| unknown

SCIP Status        : solving was interrupted [node limit reached]
Solving Time (sec) : 0.42
Solving Nodes      : 1
Primal Bound       : +6.44133280549544e+03 (64 solutions)
Dual Bound         : +7.34687677622714e+03
Gap                : 14.06 %
