presolving:
(round 1, fast)       0 del vars, 1 del conss, 0 add conss, 0 chg bounds, 0 chg sides, 0 chg coeffs, 0 upgd conss, 0 impls, 193 clqs
   (0.0s) running MILP presolver
   (0.0s) MILP presolver (2 rounds): 0 aggregations, 5 fixings, 0 bound changes
(round 2, medium)     5 del vars, 1 del conss, 0 add conss, 0 chg bounds, 0 chg sides, 0 chg coeffs, 0 upgd conss, 0 impls, 193 clqs
(round 3, exhaustive) 5 del vars, 7 del conss, 0 add conss, 0 chg bounds, 6 chg sides, 0 chg coeffs, 0 upgd conss, 0 impls, 193 clqs
(round 4, exhaustive) 5 del vars, 7 del conss, 0 add conss, 0 chg bounds, 6 chg sides, 0 chg coeffs, 187 upgd conss, 0 impls, 193 clqs
(round 5, medium)     35 del vars, 7 del conss, 0 add conss, 0 chg bounds, 6 chg sides, 30 chg coeffs, 187 upgd conss, 0 impls, 193 clqs
(round 6, fast)       38 del vars, 7 del conss, 0 add conss, 0 chg bounds, 6 chg sides, 30 chg coeffs, 187 upgd conss, 0 impls, 193 clqs
(round 7, exhaustive) 38 del vars, 8 del conss, 0 add conss, 0 chg bounds, 6 chg sides, 30 chg coeffs, 187 upgd conss, 0 impls, 193 clqs
   (0.0s) probing: 51/462 (11.0%) - 0 fixings, 0 aggregations, 0 implications, 0 bound changes
   (0.0s) probing aborted: 50/50 successive totally useless probings
   (0.0s) symmetry computation started: requiring (bin +, int +, cont +), (fixed: bin -, int -, cont -)
   (0.0s) no symmetry present (symcode time: 0.00)
presolving (8 rounds: 8 fast, 6 medium, 4 exhaustive):
 38 deleted vars, 8 deleted constraints, 0 added constraints, 0 tightened bounds, 0 added holes, 6 changed sides, 30 changed coefficients
 0 implications, 193 cliques
presolved problem has 462 variables (462 bin, 0 int, 0 impl, 0 cont) and 186 constraints
    186 constraints of type <setppc>
Presolving Time: 0.02

 time | node  | left  |LP iter|LP it/n|mem/heur|mdpt |vars |cons |rows |cuts |sepa|confs|strbr|  dualbound   | primalbound  |  gap   | compl. 
  0.1s|     1 |     0 |  1519 |     - |  6014k |   0 | 462 | 186 | 186 |   0 |  0 |   0 |   0 | 7.295396e+03 |      --      |    Inf | unknown
d 0.1s|     1 |     0 |  1519 |     - |distribu|   0 | 462 | 186 | 186 |   0 |  1 |   0 |   0 | 7.295396e+03 | 2.275260e+03 | 220.64%| unknown
d 0.1s|     1 |     0 |  1719 |     - |distribu|   0 | 462 | 186 | 186 |   0 |  1 |   0 |   0 | 7.295396e+03 | 2.506281e+03 | 191.08%| unknown
d 0.1s|     1 |     0 |  1866 |     - |distribu|   0 | 462 | 186 | 186 |   0 |  1 |   0 |   0 | 7.295396e+03 | 3.632821e+03 | 100.82%| unknown
d 0.1s|     1 |     0 |  2000 |     - |distribu|   0 | 462 | 186 | 186 |   0 |  1 |   0 |   0 | 7.295396e+03 | 4.222966e+03 |  72.76%| unknown
d 0.1s|     1 |     0 |  2015 |     - |distribu|   0 | 462 | 186 | 186 |   0 |  1 |   0 |   0 | 7.295396e+03 | 5.159395e+03 |  41.40%| unknown
d 0.1s|     1 |     0 |  2043 |     - |distribu|   0 | 462 | 186 | 186 |   0 |  1 |   0 |   0 | 7.295396e+03 | 5.903162e+03 |  23.58%| unknown
  0.1s|     1 |     0 |  2043 |     - |  6178k |   0 | 462 | 186 | 186 |   0 |  1 |   0 |   0 | 7.295396e+03 | 5.903162e+03 |  23.58%| unknown
  0.3s|     1 |     2 |  2043 |     - |  6341k |   0 | 462 | 186 | 186 |   0 |  2 |   0 |  21 | 7.259792e+03 | 5.903162e+03 |  22.98%| unknown

SCIP Status        : solving was interrupted [node limit reached]
Solving Time (sec) : 0.27
Solving Nodes      : 1
Primal Bound       : +5.90316199491702e+03 (30 solutions)
Dual Bound         : +7.25979209507397e+03
Gap                : 22.98 %
