presolving:
(round 1, fast)       1 del vars, 3 del conss, 0 add conss, 0 chg bounds, 0 chg sides, 0 chg coeffs, 0 upgd conss, 0 impls, 182 clqs
(round 2, fast)       2 del vars, 3 del conss, 0 add conss, 0 chg bounds, 0 chg sides, 0 chg coeffs, 0 upgd conss, 0 impls, 182 clqs
   (0.0s) running MILP presolver
   (0.0s) MILP presolver (2 rounds): 0 aggregations, 15 fixings, 0 bound changes
(round 3, medium)     17 del vars, 3 del conss, 0 add conss, 0 chg bounds, 0 chg sides, 0 chg coeffs, 0 upgd conss, 0 impls, 182 clqs
(round 4, exhaustive) 17 del vars, 4 del conss, 0 add conss, 0 chg bounds, 1 chg sides, 0 chg coeffs, 0 upgd conss, 0 impls, 182 clqs
(round 5, exhaustive) 17 del vars, 4 del conss, 0 add conss, 0 chg bounds, 1 chg sides, 0 chg coeffs, 181 upgd conss, 0 impls, 182 clqs
(round 6, medium)     61 del vars, 4 del conss, 0 add conss, 0 chg bounds, 1 chg sides, 44 chg coeffs, 181 upgd conss, 0 impls, 182 clqs
(round 7, fast)       83 del vars, 5 del conss, 0 add conss, 0 chg bounds, 1 chg sides, 44 chg coeffs, 181 upgd conss, 0 impls, 181 clqs
(round 8, exhaustive) 83 del vars, 11 del conss, 0 add conss, 0 chg bounds, 1 chg sides, 44 chg coeffs, 181 upgd conss, 0 impls, 181 clqs
   (0.0s) probing: 51/417 (12.2%) - 0 fixings, 0 aggregations, 0 implications, 0 bound changes
   (0.0s) probing aborted: 50/50 successive totally useless probings
   (0.0s) symmetry computation started: requiring (bin +, int +, cont +), (fixed: bin -, int -, cont -)
   (0.0s) no symmetry present (symcode time: 0.00)
presolving (9 rounds: 9 fast, 6 medium, 4 exhaustive):
 83 deleted vars, 11 deleted constraints, 0 added constraints, 0 tightened bounds, 0 added holes, 1 changed sides, 44 changed coefficients
 0 implications, 181 cliques
presolved problem has 417 variables (417 bin, 0 int, 0 impl, 0 cont) and 174 constraints
    174 constraints of type <setppc>
Presolving Time: 0.02

 time | node  | left  |LP iter|LP it/n|mem/heur|mdpt |vars |cons |rows |cuts |sepa|confs|strbr|  dualbound   | primalbound  |  gap   | compl. 
  0.1s|     1 |     0 |  1467 |     - |  5444k |   0 | 417 | 174 | 174 |   0 |  0 |   0 |   0 | 7.540348e+03 |      --      |    Inf | unknown
d 0.1s|     1 |     0 |  1467 |     - |distribu|   0 | 417 | 174 | 174 |   0 |  1 |   0 |   0 | 7.540348e+03 | 2.682382e+03 | 181.11%| unknown
d 0.1s|     1 |     0 |  1603 |     - |distribu|   0 | 417 | 174 | 174 |   0 |  1 |   0 |   0 | 7.540348e+03 | 3.360101e+03 | 124.41%| unknown
d 0.1s|     1 |     0 |  1685 |     - |distribu|   0 | 417 | 174 | 174 |   0 |  1 |   0 |   0 | 7.540348e+03 | 3.649209e+03 | 106.63%| unknown
d 0.1s|     1 |     0 |  1735 |     - |distribu|   0 | 417 | 174 | 174 |   0 |  1 |   0 |   0 | 7.540348e+03 | 4.059230e+03 |  85.76%| unknown
d 0.1s|     1 |     0 |  1817 |     - |distribu|   0 | 417 | 174 | 174 |   0 |  1 |   0 |   0 | 7.540348e+03 | 4.635023e+03 |  62.68%| unknown
d 0.1s|     1 |     0 |  1851 |     - |distribu|   0 | 417 | 174 | 174 |   0 |  1 |   0 |   0 | 7.540348e+03 | 4.725313e+03 |  59.57%| unknown
d 0.1s|     1 |     0 |  1862 |     - |distribu|   0 | 417 | 174 | 174 |   0 |  1 |   0 |   0 | 7.540348e+03 | 5.048389e+03 |  49.36%| unknown
d 0.1s|     1 |     0 |  1869 |     - |distribu|   0 | 417 | 174 | 174 |   0 |  1 |   0 |   0 | 7.540348e+03 | 5.787838e+03 |  30.28%| unknown
d 0.1s|     1 |     0 |  1871 |     - |distribu|   0 | 417 | 174 | 174 |   0 |  1 |   0 |   0 | 7.540348e+03 | 6.218035e+03 |  21.27%| unknown
  0.1s|     1 |     0 |  1871 |     - |  5589k |   0 | 417 | 174 | 174 |   0 |  1 |   0 |   0 | 7.540348e+03 | 6.218035e+03 |  21.27%| unknown
  0.4s|     1 |     2 |  1871 |     - |  5782k |   0 | 417 | 174 | 174 |   0 |  2 |   0 |  33 | 7.507248e+03 | 6.218035e+03 |  20.73%| unknown

SCIP Status        : solving was interrupted [node limit reached]
Solving Time (sec) : 0.37
Solving Nodes      : 1
Primal Bound       : +6.21803514165013e+03 (48 solutions)
Dual Bound         : +7.50724773332871e+03
Gap                : 20.73 %
