presolving:
   (0.0s) running MILP presolver
   (0.0s) MILP presolver (2 rounds): 0 aggregations, 17 fixings, 0 bound changes
(round 1, medium)     17 del vars, 0 del conss, 0 add conss, 0 chg bounds, 0 chg sides, 0 chg coeffs, 0 upgd conss, 0 impls, 194 clqs
(round 2, fast)       17 del vars, 1 del conss, 0 add conss, 0 chg bounds, 0 chg sides, 0 chg coeffs, 0 upgd conss, 0 impls, 194 clqs
(round 3, exhaustive) 17 del vars, 4 del conss, 0 add conss, 0 chg bounds, 3 chg sides, 0 chg coeffs, 0 upgd conss, 0 impls, 194 clqs
(round 4, exhaustive) 17 del vars, 4 del conss, 0 add conss, 0 chg bounds, 3 chg sides, 0 chg coeffs, 191 upgd conss, 0 impls, 194 clqs
(round 5, medium)     55 del vars, 4 del conss, 0 add conss, 0 chg bounds, 3 chg sides, 38 chg coeffs, 191 upgd conss, 0 impls, 194 clqs
(round 6, fast)       73 del vars, 5 del conss, 0 add conss, 0 chg bounds, 3 chg sides, 38 chg coeffs, 191 upgd conss, 0 impls, 192 clqs
(round 7, exhaustive) 73 del vars, 9 del conss, 0 add conss, 0 chg bounds, 3 chg sides, 38 chg coeffs, 191 upgd conss, 0 impls, 192 clqs
   (0.0s) probing: 51/427 (11.9%) - 0 fixings, 0 aggregations, 0 implications, 0 bound changes
   (0.0s) probing aborted: 50/50 successive totally useless probings
   (0.0s) symmetry computation started: requiring (bin +, int +, cont +), (fixed: bin -, int -, cont -)
   (0.0s) no symmetry present (symcode time: 0.00)
presolving (8 rounds: 8 fast, 6 medium, 4 exhaustive):
 73 deleted vars, 9 deleted constraints, 0 added constraints, 0 tightened bounds, 0 added holes, 3 changed sides, 38 changed coefficients
 0 implications, 192 cliques
presolved problem has 427 variables (427 bin, 0 int, 0 impl, 0 cont) and 186 constraints
    186 constraints of type <setppc>
Presolving Time: 0.02

 time | node  | left  |LP iter|LP it/n|mem/heur|mdpt |vars |cons |rows |cuts |sepa|confs|strbr|  dualbound   | primalbound  |  gap   | compl. 
  0.1s|     1 |     0 |  2347 |     - |  5337k |   0 | 427 | 186 | 186 |   0 |  0 |   0 |   0 | 7.900646e+03 |      --      |    Inf | unknown
d 0.1s|     1 |     0 |  2347 |     - |distribu|   0 | 427 | 186 | 186 |   0 |  1 |   0 |   0 | 7.900646e+03 | 2.858277e+03 | 176.41%| unknown
d 0.1s|     1 |     0 |  2418 |     - |distribu|   0 | 427 | 186 | 186 |   0 |  1 |   0 |   0 | 7.900646e+03 | 3.276873e+03 | 141.10%| unknown
d 0.1s|     1 |     0 |  2455 |     - |distribu|   0 | 427 | 186 | 186 |   0 |  1 |   0 |   0 | 7.900646e+03 | 3.464832e+03 | 128.02%| unknown
d 0.1s|     1 |     0 |  2553 |     - |distribu|   0 | 427 | 186 | 186 |   0 |  1 |   0 |   0 | 7.900646e+03 | 3.764424e+03 | 109.88%| unknown
d 0.1s|     1 |     0 |  2570 |     - |distribu|   0 | 427 | 186 | 186 |   0 |  1 |   0 |   0 | 7.900646e+03 | 7.361900e+03 |   7.32%| unknown
  0.1s|     1 |     0 |  2570 |     - |  5434k |   0 | 427 | 186 | 186 |   0 |  1 |   0 |   0 | 7.900646e+03 | 7.361900e+03 |   7.32%| unknown
  0.2s|     1 |     2 |  2570 |     - |  5552k |   0 | 427 | 186 | 186 |   0 |  2 |   0 |  21 | 7.873469e+03 | 7.361900e+03 |   6.95%| unknown

SCIP Status        : solving was interrupted [node limit reached]
Solving Time (sec) : 0.20
Solving Nodes      : 1
Primal Bound       : +7.36190003120620e+03 (27 solutions)
Dual Bound         : +7.87346940879509e+03
Gap                : 6.95 %
