presolving:
(round 1, fast)       0 del vars, 2 del conss, 0 add conss, 0 chg bounds, 0 chg sides, 0 chg coeffs, 0 upgd conss, 0 impls, 194 clqs
(round 2, fast)       1 del vars, 2 del conss, 0 add conss, 0 chg bounds, 0 chg sides, 0 chg coeffs, 0 upgd conss, 0 impls, 194 clqs
   (0.0s) running MILP presolver
   (0.0s) MILP presolver (2 rounds): 0 aggregations, 11 fixings, 0 bound changes
(round 3, medium)     12 del vars, 2 del conss, 0 add conss, 0 chg bounds, 0 chg sides, 0 chg coeffs, 0 upgd conss, 0 impls, 194 clqs
(round 4, exhaustive) 12 del vars, 6 del conss, 0 add conss, 0 chg bounds, 4 chg sides, 0 chg coeffs, 0 upgd conss, 0 impls, 194 clqs
(round 5, exhaustive) 12 del vars, 6 del conss, 0 add conss, 0 chg bounds, 4 chg sides, 0 chg coeffs, 190 upgd conss, 0 impls, 194 clqs
(round 6, medium)     50 del vars, 6 del conss, 0 add conss, 0 chg bounds, 4 chg sides, 38 chg coeffs, 190 upgd conss, 0 impls, 194 clqs
(round 7, fast)       56 del vars, 6 del conss, 0 add conss, 0 chg bounds, 4 chg sides, 38 chg coeffs, 190 upgd conss, 0 impls, 194 clqs
(round 8, exhaustive) 56 del vars, 8 del conss, 0 add conss, 0 chg bounds, 4 chg sides, 38 chg coeffs, 190 upgd conss, 0 impls, 194 clqs
   (0.0s) probing: 51/444 (11.5%) - 0 fixings, 0 aggregations, 0 implications, 0 bound changes
   (0.0s) probing aborted: 50/50 successive totally useless probings
   (0.0s) symmetry computation started: requiring (bin +, int +, cont +), (fixed: bin -, int -, cont -)
   (0.0s) no symmetry present (symcode time: 0.00)
presolving (9 rounds: 9 fast, 6 medium, 4 exhaustive):
 56 deleted vars, 8 deleted constraints, 0 added constraints, 0 tightened bounds, 0 added holes, 4 changed sides, 38 changed coefficients
 0 implications, 194 cliques
presolved problem has 444 variables (444 bin, 0 int, 0 impl, 0 cont) and 188 constraints
    188 constraints of type <setppc>
Presolving Time: 0.02

 time | node  | left  |LP iter|LP it/n|mem/heur|mdpt |vars |cons |rows |cuts |sepa|confs|strbr|  dualbound   | primalbound  |  gap   | compl. 
  0.1s|     1 |     0 |  1449 |     - |  5546k |   0 | 444 | 188 | 188 |   0 |  0 |   0 |   0 | 8.043975e+03 |      --      |    Inf | unknown
d 0.1s|     1 |     0 |  1449 |     - |distribu|   0 | 444 | 188 | 188 |   0 |  1 |   0 |   0 | 8.043975e+03 | 3.235593e+03 | 148.61%| unknown
d 0.1s|     1 |     0 |  1559 |     - |distribu|   0 | 444 | 188 | 188 |   0 |  1 |   0 |   0 | 8.043975e+03 | 3.522587e+03 | 128.35%| unknown
d 0.1s|     1 |     0 |  1648 |     - |distribu|   0 | 444 | 188 | 188 |   0 |  1 |   0 |   0 | 8.043975e+03 | 4.221007e+03 |  90.57%| unknown
d 0.1s|     1 |     0 |  1708 |     - |distribu|   0 | 444 | 188 | 188 |   0 |  1 |   0 |   0 | 8.043975e+03 | 4.494516e+03 |  78.97%| unknown
d 0.1s|     1 |     0 |  1736 |     - |distribu|   0 | 444 | 188 | 188 |   0 |  1 |   0 |   0 | 8.043975e+03 | 6.129422e+03 |  31.24%| unknown
d 0.1s|     1 |     0 |  1754 |     - |distribu|   0 | 444 | 188 | 188 |   0 |  1 |   0 |   0 | 8.043975e+03 | 7.426556e+03 |   8.31%| unknown
  0.1s|     1 |     0 |  1754 |     - |  5660k |   0 | 444 | 188 | 188 |   0 |  1 |   0 |   0 | 8.043975e+03 | 7.426556e+03 |   8.31%| unknown
  0.2s|     1 |     2 |  1754 |     - |  5821k |   0 | 444 | 188 | 188 |   0 |  2 |   0 |  37 | 8.018770e+03 | 7.426556e+03 |   7.97%| unknown

SCIP Status        : solving was interrupted [node limit reached]
Solving Time (sec) : 0.25
Solving Nodes      : 1
Primal Bound       : +7.42655633782176e+03 (44 solutions)
Dual Bound         : +8.01876973348316e+03
Gap                : 7.97 %
