presolving:
(round 1, fast)       0 del vars, 1 del conss, 0 add conss, 0 chg bounds, 0 chg sides, 0 chg coeffs, 0 upgd conss, 0 impls, 199 clqs
   (0.0s) running MILP presolver
   (0.0s) MILP presolver (2 rounds): 0 aggregations, 9 fixings, 0 bound changes
(round 2, medium)     9 del vars, 1 del conss, 0 add conss, 0 chg bounds, 0 chg sides, 0 chg coeffs, 0 upgd conss, 0 impls, 199 clqs
(round 3, exhaustive) 9 del vars, 6 del conss, 0 add conss, 0 chg bounds, 5 chg sides, 0 chg coeffs, 0 upgd conss, 0 impls, 199 clqs
(round 4, exhaustive) 9 del vars, 6 del conss, 0 add conss, 0 chg bounds, 5 chg sides, 0 chg coeffs, 194 upgd conss, 0 impls, 199 clqs
(round 5, medium)     38 del vars, 6 del conss, 0 add conss, 0 chg bounds, 5 chg sides, 29 chg coeffs, 194 upgd conss, 0 impls, 199 clqs
(round 6, fast)       45 del vars, 6 del conss, 0 add conss, 0 chg bounds, 5 chg sides, 29 chg coeffs, 194 upgd conss, 0 impls, 199 clqs
(round 7, exhaustive) 45 del vars, 7 del conss, 0 add conss, 0 chg bounds, 5 chg sides, 29 chg coeffs, 194 upgd conss, 0 impls, 199 clqs
   (0.0s) probing: 51/455 (11.2%) - 0 fixings, 0 aggregations, 0 implications, 0 bound changes
   (0.0s) probing aborted: 50/50 successive totally useless probings
   (0.0s) symmetry computation started: requiring (bin +, int +, cont +), (fixed: bin -, int -, cont -)
   (0.0s) no symmetry present (symcode time: 0.00)
presolving (8 rounds: 8 fast, 6 medium, 4 exhaustive):
 45 deleted vars, 7 deleted constraints, 0 added constraints, 0 tightened bounds, 0 added holes, 5 changed sides, 29 changed coefficients
 0 implications, 199 cliques
presolved problem has 455 variables (455 bin, 0 int, 0 impl, 0 cont) and 193 constraints
    193 constraints of type <setppc>
Presolving Time: 0.01

 time | node  | left  |LP iter|LP it/n|mem/heur|mdpt |vars |cons |rows |cuts |sepa|confs|strbr|  dualbound   | primalbound  |  gap   | compl. 
  0.1s|     1 |     0 |  1777 |     - |  5319k |   0 | 455 | 193 | 193 |   0 |  0 |   0 |   0 | 8.463145e+03 |      --      |    Inf | unknown
d 0.1s|     1 |     0 |  1777 |     - |distribu|   0 | 455 | 193 | 193 |   0 |  1 |   0 |   0 | 8.463145e+03 | 2.186251e+03 | 287.11%| unknown
d 0.1s|     1 |     0 |  1904 |     - |distribu|   0 | 455 | 193 | 193 |   0 |  1 |   0 |   0 | 8.463145e+03 | 2.579309e+03 | 228.12%| unknown
d 0.1s|     1 |     0 |  1966 |     - |distribu|   0 | 455 | 193 | 193 |   0 |  1 |   0 |   0 | 8.463145e+03 | 2.982828e+03 | 183.73%| unknown
d 0.1s|     1 |     0 |  2111 |     - |distribu|   0 | 455 | 193 | 193 |   0 |  1 |   0 |   0 | 8.463145e+03 | 3.222973e+03 | 162.59%| unknown
d 0.1s|     1 |     0 |  2247 |     - |distribu|   0 | 455 | 193 | 193 |   0 |  1 |   0 |   0 | 8.463145e+03 | 4.199637e+03 | 101.52%| unknown
d 0.1s|     1 |     0 |  2333 |     - |distribu|   0 | 455 | 193 | 193 |   0 |  1 |   0 |   0 | 8.463145e+03 | 4.406423e+03 |  92.06%| unknown
d 0.1s|     1 |     0 |  2355 |     - |distribu|   0 | 455 | 193 | 193 |   0 |  1 |   0 |   0 | 8.463145e+03 | 5.497159e+03 |  53.95%| unknown
d 0.1s|     1 |     0 |  2367 |     - |distribu|   0 | 455 | 193 | 193 |   0 |  1 |   0 |   0 | 8.463145e+03 | 7.213114e+03 |  17.33%| unknown
  0.1s|     1 |     0 |  2367 |     - |  5463k |   0 | 455 | 193 | 193 |   0 |  1 |   0 |   0 | 8.463145e+03 | 7.213114e+03 |  17.33%| unknown
  0.3s|     1 |     2 |  2367 |     - |  5644k |   0 | 455 | 193 | 193 |   0 |  2 |   0 |  33 | 8.405992e+03 | 7.213114e+03 |  16.54%| unknown

SCIP Status        : solving was interrupted [node limit reached]
Solving Time (sec) : 0.28
Solving Nodes      : 1
Primal Bound       : +7.21311430148461e+03 (41 solutions)
Dual Bound         : +8.40599182165339e+03
Gap                : 16.54 %
