presolving:
(round 1, fast)       1 del vars, 1 del conss, 0 add conss, 0 chg bounds, 0 chg sides, 0 chg coeffs, 0 upgd conss, 0 impls, 189 clqs
(round 2, fast)       2 del vars, 1 del conss, 0 add conss, 0 chg bounds, 0 chg sides, 0 chg coeffs, 0 upgd conss, 0 impls, 189 clqs
   (0.0s) running MILP presolver
   (0.0s) MILP presolver (2 rounds): 0 aggregations, 12 fixings, 0 bound changes
(round 3, medium)     14 del vars, 1 del conss, 0 add conss, 0 chg bounds, 0 chg sides, 0 chg coeffs, 0 upgd conss, 0 impls, 189 clqs
(round 4, exhaustive) 14 del vars, 3 del conss, 0 add conss, 0 chg bounds, 2 chg sides, 0 chg coeffs, 0 upgd conss, 0 impls, 189 clqs
(round 5, exhaustive) 14 del vars, 3 del conss, 0 add conss, 0 chg bounds, 2 chg sides, 0 chg coeffs, 187 upgd conss, 0 impls, 189 clqs
(round 6, medium)     46 del vars, 3 del conss, 0 add conss, 0 chg bounds, 2 chg sides, 32 chg coeffs, 187 upgd conss, 0 impls, 189 clqs
(round 7, fast)       57 del vars, 4 del conss, 0 add conss, 0 chg bounds, 2 chg sides, 32 chg coeffs, 187 upgd conss, 0 impls, 188 clqs
   (0.0s) probing: 51/443 (11.5%) - 0 fixings, 0 aggregations, 0 implications, 0 bound changes
   (0.0s) probing aborted: 50/50 successive totally useless probings
   (0.0s) symmetry computation started: requiring (bin +, int +, cont +), (fixed: bin -, int -, cont -)
   (0.0s) no symmetry present (symcode time: 0.00)
presolving (8 rounds: 8 fast, 5 medium, 3 exhaustive):
 57 deleted vars, 4 deleted constraints, 0 added constraints, 0 tightened bounds, 0 added holes, 2 changed sides, 32 changed coefficients
 0 implications, 188 cliques
presolved problem has 443 variables (443 bin, 0 int, 0 impl, 0 cont) and 186 constraints
    186 constraints of type <setppc>
Presolving Time: 0.01

 time | node  | left  |LP iter|LP it/n|mem/heur|mdpt |vars |cons |rows |cuts |sepa|confs|strbr|  dualbound   | primalbound  |  gap   | compl. 
  0.1s|     1 |     0 |  1333 |     - |  5275k |   0 | 443 | 186 | 186 |   0 |  0 |   0 |   0 | 7.795771e+03 |      --      |    Inf | unknown
d 0.1s|     1 |     0 |  1333 |     - |distribu|   0 | 443 | 186 | 186 |   0 |  1 |   0 |   0 | 7.795771e+03 | 3.043391e+03 | 156.15%| unknown
d 0.1s|     1 |     0 |  1507 |     - |distribu|   0 | 443 | 186 | 186 |   0 |  1 |   0 |   0 | 7.795771e+03 | 3.284317e+03 | 137.36%| unknown
d 0.1s|     1 |     0 |  1635 |     - |distribu|   0 | 443 | 186 | 186 |   0 |  1 |   0 |   0 | 7.795771e+03 | 4.526646e+03 |  72.22%| unknown
d 0.1s|     1 |     0 |  1779 |     - |distribu|   0 | 443 | 186 | 186 |   0 |  1 |   0 |   0 | 7.795771e+03 | 5.095177e+03 |  53.00%| unknown
d 0.1s|     1 |     0 |  1796 |     - |distribu|   0 | 443 | 186 | 186 |   0 |  1 |   0 |   0 | 7.795771e+03 | 6.819459e+03 |  14.32%| unknown
  0.1s|     1 |     0 |  1796 |     - |  5408k |   0 | 443 | 186 | 186 |   0 |  1 |   0 |   0 | 7.795771e+03 | 6.819459e+03 |  14.32%| unknown
  0.2s|     1 |     2 |  1796 |     - |  5592k |   0 | 443 | 186 | 186 |   0 |  2 |   0 |  36 | 7.761025e+03 | 6.819459e+03 |  13.81%| unknown

SCIP Status        : solving was interrupted [node limit reached]
Solving Time (sec) : 0.22
Solving Nodes      : 1
Primal Bound       : +6.81945881611895e+03 (47 solutions)
Dual Bound         : +7.76102494175121e+03
Gap                : 13.81 %
