presolving:
(round 1, fast)       1 del vars, 1 del conss, 0 add conss, 0 chg bounds, 0 chg sides, 0 chg coeffs, 0 upgd conss, 0 impls, 193 clqs
   (0.0s) running MILP presolver
   (0.0s) MILP presolver (2 rounds): 0 aggregations, 15 fixings, 0 bound changes
(round 2, medium)     16 del vars, 1 del conss, 0 add conss, 0 chg bounds, 0 chg sides, 0 chg coeffs, 0 upgd conss, 0 impls, 193 clqs
(round 3, exhaustive) 16 del vars, 1 del conss, 0 add conss, 0 chg bounds, 0 chg sides, 0 chg coeffs, 193 upgd conss, 0 impls, 193 clqs
(round 4, medium)     49 del vars, 1 del conss, 0 add conss, 0 chg bounds, 0 chg sides, 33 chg coeffs, 193 upgd conss, 0 impls, 193 clqs
(round 5, fast)       57 del vars, 1 del conss, 0 add conss, 0 chg bounds, 0 chg sides, 33 chg coeffs, 193 upgd conss, 0 impls, 193 clqs
   (0.0s) probing: 51/443 (11.5%) - 0 fixings, 0 aggregations, 0 implications, 0 bound changes
   (0.0s) probing aborted: 50/50 successive totally useless probings
   (0.0s) symmetry computation started: requiring (bin +, int +, cont +), (fixed: bin -, int -, cont -)
   (0.0s) no symmetry present (symcode time: 0.00)
presolving (6 rounds: 6 fast, 4 medium, 2 exhaustive):
 57 deleted vars, 1 deleted constraints, 0 added constraints, 0 tightened bounds, 0 added holes, 0 changed sides, 33 changed coefficients
 0 implications, 193 cliques
presolved problem has 443 variables (443 bin, 0 int, 0 impl, 0 cont) and 193 constraints
    193 constraints of type <setppc>
Presolving Time: 0.02

 time | node  | left  |LP iter|LP it/n|mem/heur|mdpt |vars |cons |rows |cuts |sepa|confs|strbr|  dualbound   | primalbound  |  gap   | compl. 
  0.1s|     1 |     0 |  1287 |     - |  5584k |   0 | 443 | 193 | 193 |   0 |  0 |   0 |   0 | 8.043949e+03 |      --      |    Inf | unknown
d 0.1s|     1 |     0 |  1287 |     - |distribu|   0 | 443 | 193 | 193 |   0 |  1 |   0 |   0 | 8.043949e+03 | 2.568497e+03 | 213.18%| unknown
d 0.1s|     1 |     0 |  1396 |     - |distribu|   0 | 443 | 193 | 193 |   0 |  1 |   0 |   0 | 8.043949e+03 | 2.832562e+03 | 183.98%| unknown
d 0.1s|     1 |     0 |  1485 |     - |distribu|   0 | 443 | 193 | 193 |   0 |  1 |   0 |   0 | 8.043949e+03 | 3.154008e+03 | 155.04%| unknown
d 0.1s|     1 |     0 |  1595 |     - |distribu|   0 | 443 | 193 | 193 |   0 |  1 |   0 |   0 | 8.043949e+03 | 7.335521e+03 |   9.66%| unknown
  0.1s|     1 |     0 |  1595 |     - |  5685k |   0 | 443 | 193 | 193 |   0 |  1 |   0 |   0 | 8.043949e+03 | 7.335521e+03 |   9.66%| unknown
  0.4s|     1 |     2 |  1595 |     - |  5864k |   0 | 443 | 193 | 193 |   0 |  2 |   0 |  33 | 8.015076e+03 | 7.335521e+03 |   9.26%| unknown

SCIP Status        : solving was interrupted [node limit reached]
Solving Time (sec) : 0.36
Solving Nodes      : 1
Primal Bound       : +7.33552068309163e+03 (36 solutions)
Dual Bound         : +8.01507554281249e+03
Gap                : 9.26 %
