presolving:
   (0.0s) running MILP presolver
   (0.0s) MILP presolver (2 rounds): 0 aggregations, 12 fixings, 0 bound changes
(round 1, medium)     12 del vars, 0 del conss, 0 add conss, 0 chg bounds, 0 chg sides, 0 chg coeffs, 0 upgd conss, 0 impls, 192 clqs
(round 2, exhaustive) 12 del vars, 6 del conss, 0 add conss, 0 chg bounds, 6 chg sides, 0 chg coeffs, 0 upgd conss, 0 impls, 192 clqs
(round 3, exhaustive) 12 del vars, 6 del conss, 0 add conss, 0 chg bounds, 6 chg sides, 0 chg coeffs, 186 upgd conss, 0 impls, 192 clqs
(round 4, medium)     48 del vars, 6 del conss, 0 add conss, 0 chg bounds, 6 chg sides, 36 chg coeffs, 186 upgd conss, 0 impls, 192 clqs
(round 5, fast)       56 del vars, 6 del conss, 0 add conss, 0 chg bounds, 6 chg sides, 36 chg coeffs, 186 upgd conss, 0 impls, 192 clqs
   (0.0s) probing: 51/444 (11.5%) - 0 fixings, 0 aggregations, 0 implications, 0 bound changes
   (0.0s) probing aborted: 50/50 successive totally useless probings
   (0.0s) symmetry computation started: requiring (bin +, int +, cont +), (fixed: bin -, int -, cont -)
   (0.0s) no symmetry present (symcode time: 0.00)
presolving (6 rounds: 6 fast, 5 medium, 3 exhaustive):
 56 deleted vars, 6 deleted constraints, 0 added constraints, 0 tightened bounds, 0 added holes, 6 changed sides, 36 changed coefficients
 0 implications, 192 cliques
presolved problem has 444 variables (444 bin, 0 int, 0 impl, 0 cont) and 186 constraints
    186 constraints of type <setppc>
Presolving Time: 0.02

 time | node  | left  |LP iter|LP it/n|mem/heur|mdpt |vars |cons |rows |cuts |sepa|confs|strbr|  dualbound   | primalbound  |  gap   | compl. 
  0.1s|     1 |     0 |  1255 |     - |  5600k |   0 | 444 | 186 | 186 |   0 |  0 |   0 |   0 | 8.220207e+03 |      --      |    Inf | unknown
d 0.1s|     1 |     0 |  1255 |     - |distribu|   0 | 444 | 186 | 186 |   0 |  1 |   0 |   0 | 8.220207e+03 | 2.837895e+03 | 189.66%| unknown
d 0.1s|     1 |     0 |  1423 |     - |distribu|   0 | 444 | 186 | 186 |   0 |  1 |   0 |   0 | 8.220207e+03 | 3.158797e+03 | 160.23%| unknown
d 0.1s|     1 |     0 |  1494 |     - |distribu|   0 | 444 | 186 | 186 |   0 |  1 |   0 |   0 | 8.220207e+03 | 3.889669e+03 | 111.33%| unknown
d 0.1s|     1 |     0 |  1593 |     - |distribu|   0 | 444 | 186 | 186 |   0 |  1 |   0 |   0 | 8.220207e+03 | 5.145988e+03 |  59.74%| unknown
d 0.1s|     1 |     0 |  1615 |     - |distribu|   0 | 444 | 186 | 186 |   0 |  1 |   0 |   0 | 8.220207e+03 | 5.536010e+03 |  48.49%| unknown
d 0.1s|     1 |     0 |  1634 |     - |distribu|   0 | 444 | 186 | 186 |   0 |  1 |   0 |   0 | 8.220207e+03 | 7.357443e+03 |  11.73%| unknown
  0.1s|     1 |     0 |  1634 |     - |  5701k |   0 | 444 | 186 | 186 |   0 |  1 |   0 |   0 | 8.220207e+03 | 7.357443e+03 |  11.73%| unknown
  0.2s|     1 |     2 |  1634 |     - |  5778k |   0 | 444 | 186 | 186 |   0 |  2 |   0 |  19 | 8.159725e+03 | 7.357443e+03 |  10.90%| unknown

SCIP Status        : solving was interrupted [node limit reached]
Solving Time (sec) : 0.19
Solving Nodes      : 1
Primal Bound       : +7.35744278629701e+03 (24 solutions)
Dual Bound         : +8.15972463366593e+03
Gap                : 10.90 %
