presolving:
(round 1, fast)       0 del vars, 3 del conss, 0 add conss, 0 chg bounds, 0 chg sides, 0 chg coeffs, 0 upgd conss, 0 impls, 192 clqs
   (0.0s) running MILP presolver
   (0.0s) MILP presolver (2 rounds): 0 aggregations, 26 fixings, 0 bound changes
(round 2, medium)     26 del vars, 3 del conss, 0 add conss, 0 chg bounds, 0 chg sides, 0 chg coeffs, 0 upgd conss, 0 impls, 191 clqs
(round 3, fast)       26 del vars, 4 del conss, 0 add conss, 0 chg bounds, 0 chg sides, 0 chg coeffs, 0 upgd conss, 0 impls, 191 clqs
(round 4, exhaustive) 26 del vars, 10 del conss, 0 add conss, 0 chg bounds, 6 chg sides, 0 chg coeffs, 0 upgd conss, 0 impls, 191 clqs
(round 5, exhaustive) 26 del vars, 10 del conss, 0 add conss, 0 chg bounds, 6 chg sides, 0 chg coeffs, 185 upgd conss, 0 impls, 191 clqs
(round 6, medium)     70 del vars, 10 del conss, 0 add conss, 0 chg bounds, 6 chg sides, 44 chg coeffs, 185 upgd conss, 0 impls, 191 clqs
(round 7, fast)       93 del vars, 12 del conss, 0 add conss, 0 chg bounds, 6 chg sides, 44 chg coeffs, 185 upgd conss, 0 impls, 189 clqs
(round 8, exhaustive) 93 del vars, 18 del conss, 0 add conss, 0 chg bounds, 6 chg sides, 44 chg coeffs, 185 upgd conss, 0 impls, 189 clqs
   (0.0s) probing: 51/407 (12.5%) - 0 fixings, 0 aggregations, 0 implications, 0 bound changes
   (0.0s) probing aborted: 50/50 successive totally useless probings
   (0.0s) symmetry computation started: requiring (bin +, int +, cont +), (fixed: bin -, int -, cont -)
   (0.0s) no symmetry present (symcode time: 0.00)
presolving (9 rounds: 9 fast, 6 medium, 4 exhaustive):
 93 deleted vars, 18 deleted constraints, 0 added constraints, 0 tightened bounds, 0 added holes, 6 changed sides, 44 changed coefficients
 0 implications, 189 cliques
presolved problem has 407 variables (407 bin, 0 int, 0 impl, 0 cont) and 177 constraints
    177 constraints of type <setppc>
Presolving Time: 0.03

 time | node  | left  |LP iter|LP it/n|mem/heur|mdpt |vars |cons |rows |cuts |sepa|confs|strbr|  dualbound   | primalbound  |  gap   | compl. 
  0.1s|     1 |     0 |   808 |     - |  5287k |   0 | 407 | 177 | 177 |   0 |  0 |   0 |   0 | 7.451351e+03 |      --      |    Inf | unknown
d 0.1s|     1 |     0 |   808 |     - |distribu|   0 | 407 | 177 | 177 |   0 |  1 |   0 |   0 | 7.451351e+03 | 3.322013e+03 | 124.30%| unknown
d 0.1s|     1 |     0 |   881 |     - |distribu|   0 | 407 | 177 | 177 |   0 |  1 |   0 |   0 | 7.451351e+03 | 3.503208e+03 | 112.70%| unknown
d 0.1s|     1 |     0 |   900 |     - |distribu|   0 | 407 | 177 | 177 |   0 |  1 |   0 |   0 | 7.451351e+03 | 4.060808e+03 |  83.49%| unknown
d 0.1s|     1 |     0 |   931 |     - |distribu|   0 | 407 | 177 | 177 |   0 |  1 |   0 |   0 | 7.451351e+03 | 4.671390e+03 |  59.51%| unknown
d 0.1s|     1 |     0 |   989 |     - |distribu|   0 | 407 | 177 | 177 |   0 |  1 |   0 |   0 | 7.451351e+03 | 6.368855e+03 |  17.00%| unknown
d 0.1s|     1 |     0 |   991 |     - |distribu|   0 | 407 | 177 | 177 |   0 |  1 |   0 |   0 | 7.451351e+03 | 6.480938e+03 |  14.97%| unknown
  0.1s|     1 |     0 |   991 |     - |  5422k |   0 | 407 | 177 | 177 |   0 |  1 |   0 |   0 | 7.451351e+03 | 6.480938e+03 |  14.97%| unknown
  0.3s|     1 |     2 |   991 |     - |  5571k |   0 | 407 | 177 | 177 |   0 |  2 |   0 |  19 | 7.409967e+03 | 6.480938e+03 |  14.33%| unknown

SCIP Status        : solving was interrupted [node limit reached]
Solving Time (sec) : 0.27
Solving Nodes      : 1
Primal Bound       : +6.48093835068897e+03 (27 solutions)
Dual Bound         : +7.40996682644759e+03
Gap                : 14.33 %
