presolving:
(round 1, fast)       1 del vars, 4 del conss, 0 add conss, 0 chg bounds, 0 chg sides, 0 chg coeffs, 0 upgd conss, 0 impls, 194 clqs
(round 2, fast)       2 del vars, 4 del conss, 0 add conss, 0 chg bounds, 0 chg sides, 0 chg coeffs, 0 upgd conss, 0 impls, 194 clqs
   (0.0s) running MILP presolver
   (0.0s) MILP presolver (2 rounds): 0 aggregations, 8 fixings, 0 bound changes
(round 3, medium)     10 del vars, 4 del conss, 0 add conss, 0 chg bounds, 0 chg sides, 0 chg coeffs, 0 upgd conss, 0 impls, 194 clqs
(round 4, exhaustive) 10 del vars, 6 del conss, 0 add conss, 0 chg bounds, 2 chg sides, 0 chg coeffs, 0 upgd conss, 0 impls, 194 clqs
(round 5, exhaustive) 10 del vars, 6 del conss, 0 add conss, 0 chg bounds, 2 chg sides, 0 chg coeffs, 192 upgd conss, 0 impls, 194 clqs
(round 6, medium)     36 del vars, 6 del conss, 0 add conss, 0 chg bounds, 2 chg sides, 26 chg coeffs, 192 upgd conss, 0 impls, 194 clqs
(round 7, fast)       45 del vars, 6 del conss, 0 add conss, 0 chg bounds, 2 chg sides, 26 chg coeffs, 192 upgd conss, 0 impls, 193 clqs
(round 8, exhaustive) 45 del vars, 9 del conss, 0 add conss, 0 chg bounds, 2 chg sides, 26 chg coeffs, 192 upgd conss, 0 impls, 193 clqs
   (0.0s) probing: 51/455 (11.2%) - 0 fixings, 0 aggregations, 0 implications, 0 bound changes
   (0.0s) probing aborted: 50/50 successive totally useless probings
   (0.0s) symmetry computation started: requiring (bin +, int +, cont +), (fixed: bin -, int -, cont -)
   (0.0s) no symmetry present (symcode time: 0.00)
presolving (9 rounds: 9 fast, 6 medium, 4 exhaustive):
 45 deleted vars, 9 deleted constraints, 0 added constraints, 0 tightened bounds, 0 added holes, 2 changed sides, 26 changed coefficients
 0 implications, 193 cliques
presolved problem has 455 variables (455 bin, 0 int, 0 impl, 0 cont) and 189 constraints
    189 constraints of type <setppc>
Presolving Time: 0.02

 time | node  | left  |LP iter|LP it/n|mem/heur|mdpt |vars |cons |rows |cuts |sepa|confs|strbr|  dualbound   | primalbound  |  gap   | compl. 
  0.1s|     1 |     0 |  1755 |     - |  5494k |   0 | 455 | 189 | 189 |   0 |  0 |   0 |   0 | 7.255823e+03 |      --      |    Inf | unknown
d 0.1s|     1 |     0 |  1755 |     - |distribu|   0 | 455 | 189 | 189 |   0 |  1 |   0 |   0 | 7.255823e+03 | 2.020385e+03 | 259.13%| unknown
d 0.1s|     1 |     0 |  1816 |     - |distribu|   0 | 455 | 189 | 189 |   0 |  1 |   0 |   0 | 7.255823e+03 | 2.288852e+03 | 217.01%| unknown
d 0.1s|     1 |     0 |  1902 |     - |distribu|   0 | 455 | 189 | 189 |   0 |  1 |   0 |   0 | 7.255823e+03 | 2.513099e+03 | 188.72%| unknown
d 0.1s|     1 |     0 |  1947 |     - |distribu|   0 | 455 | 189 | 189 |   0 |  1 |   0 |   0 | 7.255823e+03 | 3.994719e+03 |  81.64%| unknown
d 0.1s|     1 |     0 |  2001 |     - |distribu|   0 | 455 | 189 | 189 |   0 |  1 |   0 |   0 | 7.255823e+03 | 5.993379e+03 |  21.06%| unknown
d 0.1s|     1 |     0 |  2010 |     - |distribu|   0 | 455 | 189 | 189 |   0 |  1 |   0 |   0 | 7.255823e+03 | 6.482640e+03 |  11.93%| unknown
  0.1s|     1 |     0 |  2010 |     - |  5603k |   0 | 455 | 189 | 189 |   0 |  1 |   0 |   0 | 7.255823e+03 | 6.482640e+03 |  11.93%| unknown
  0.2s|     1 |     2 |  2010 |     - |  5791k |   0 | 455 | 189 | 189 |   0 |  2 |   0 |  24 | 7.215557e+03 | 6.482640e+03 |  11.31%| unknown

SCIP Status        : solving was interrupted [node limit reached]
Solving Time (sec) : 0.21
Solving Nodes      : 1
Primal Bound       : +6.48263973352791e+03 (32 solutions)
Dual Bound         : +7.21555695464139e+03
Gap                : 11.31 %
