presolving:
   (0.0s) running MILP presolver
   (0.0s) MILP presolver (2 rounds): 0 aggregations, 14 fixings, 0 bound changes
(round 1, medium)     14 del vars, 0 del conss, 0 add conss, 0 chg bounds, 0 chg sides, 0 chg coeffs, 0 upgd conss, 0 impls, 188 clqs
(round 2, exhaustive) 14 del vars, 3 del conss, 0 add conss, 0 chg bounds, 3 chg sides, 0 chg coeffs, 0 upgd conss, 0 impls, 188 clqs
(round 3, exhaustive) 14 del vars, 3 del conss, 0 add conss, 0 chg bounds, 3 chg sides, 0 chg coeffs, 185 upgd conss, 0 impls, 188 clqs
(round 4, medium)     50 del vars, 3 del conss, 0 add conss, 0 chg bounds, 3 chg sides, 36 chg coeffs, 185 upgd conss, 0 impls, 188 clqs
(round 5, fast)       73 del vars, 4 del conss, 0 add conss, 0 chg bounds, 3 chg sides, 36 chg coeffs, 185 upgd conss, 0 impls, 187 clqs
(round 6, exhaustive) 73 del vars, 5 del conss, 0 add conss, 0 chg bounds, 3 chg sides, 36 chg coeffs, 185 upgd conss, 0 impls, 187 clqs
   (0.0s) probing: 51/427 (11.9%) - 0 fixings, 0 aggregations, 0 implications, 0 bound changes
   (0.0s) probing aborted: 50/50 successive totally useless probings
   (0.0s) symmetry computation started: requiring (bin +, int +, cont +), (fixed: bin -, int -, cont -)
   (0.0s) no symmetry present (symcode time: 0.00)
presolving (7 rounds: 7 fast, 6 medium, 4 exhaustive):
 73 deleted vars, 5 deleted constraints, 0 added constraints, 0 tightened bounds, 0 added holes, 3 changed sides, 36 changed coefficients
 0 implications, 187 cliques
presolved problem has 427 variables (427 bin, 0 int, 0 impl, 0 cont) and 183 constraints
    183 constraints of type <setppc>
Presolving Time: 0.02

 time | node  | left  |LP iter|LP it/n|mem/heur|mdpt |vars |cons |rows |cuts |sepa|confs|strbr|  dualbound   | primalbound  |  gap   | compl. 
  0.1s|     1 |     0 |  1451 |     - |  5452k |   0 | 427 | 183 | 183 |   0 |  0 |   0 |   0 | 7.437211e+03 |      --      |    Inf | unknown
d 0.1s|     1 |     0 |  1451 |     - |distribu|   0 | 427 | 183 | 183 |   0 |  1 |   0 |   0 | 7.437211e+03 | 2.940537e+03 | 152.92%| unknown
d 0.1s|     1 |     0 |  1492 |     - |distribu|   0 | 427 | 183 | 183 |   0 |  1 |   0 |   0 | 7.437211e+03 | 3.094658e+03 | 140.32%| unknown
d 0.1s|     1 |     0 |  1594 |     - |distribu|   0 | 427 | 183 | 183 |   0 |  1 |   0 |   0 | 7.437211e+03 | 3.348583e+03 | 122.10%| unknown
d 0.1s|     1 |     0 |  1728 |     - |distribu|   0 | 427 | 183 | 183 |   0 |  1 |   0 |   0 | 7.437211e+03 | 3.825378e+03 |  94.42%| unknown
d 0.1s|     1 |     0 |  1773 |     - |distribu|   0 | 427 | 183 | 183 |   0 |  1 |   0 |   0 | 7.437211e+03 | 4.206392e+03 |  76.81%| unknown
d 0.1s|     1 |     0 |  1841 |     - |distribu|   0 | 427 | 183 | 183 |   0 |  1 |   0 |   0 | 7.437211e+03 | 4.400744e+03 |  69.00%| unknown
d 0.1s|     1 |     0 |  1886 |     - |distribu|   0 | 427 | 183 | 183 |   0 |  1 |   0 |   0 | 7.437211e+03 | 4.765577e+03 |  56.06%| unknown
d 0.1s|     1 |     0 |  1911 |     - |distribu|   0 | 427 | 183 | 183 |   0 |  1 |   0 |   0 | 7.437211e+03 | 6.335555e+03 |  17.39%| unknown
  0.1s|     1 |     0 |  1911 |     - |  5594k |   0 | 427 | 183 | 183 |   0 |  1 |   0 |   0 | 7.437211e+03 | 6.335555e+03 |  17.39%| unknown
  0.2s|     1 |     2 |  1911 |     - |  5745k |   0 | 427 | 183 | 183 |   0 |  2 |   0 |  26 | 7.401787e+03 | 6.335555e+03 |  16.83%| unknown

SCIP Status        : solving was interrupted [node limit reached]
Solving Time (sec) : 0.18
Solving Nodes      : 1
Primal Bound       : +6.33555516319541e+03 (34 solutions)
Dual Bound         : +7.40178735266219e+03
Gap                : 16.83 %
