presolving:
(round 1, fast)       1 del vars, 1 del conss, 0 add conss, 0 chg bounds, 0 chg sides, 0 chg coeffs, 0 upgd conss, 0 impls, 194 clqs
(round 2, fast)       2 del vars, 1 del conss, 0 add conss, 0 chg bounds, 0 chg sides, 0 chg coeffs, 0 upgd conss, 0 impls, 194 clqs
   (0.0s) running MILP presolver
   (0.0s) MILP presolver (2 rounds): 0 aggregations, 14 fixings, 0 bound changes
(round 3, medium)     16 del vars, 1 del conss, 0 add conss, 0 chg bounds, 0 chg sides, 0 chg coeffs, 0 upgd conss, 0 impls, 193 clqs
(round 4, fast)       17 del vars, 3 del conss, 0 add conss, 0 chg bounds, 0 chg sides, 0 chg coeffs, 0 upgd conss, 0 impls, 192 clqs
(round 5, exhaustive) 17 del vars, 8 del conss, 0 add conss, 0 chg bounds, 5 chg sides, 0 chg coeffs, 0 upgd conss, 0 impls, 192 clqs
(round 6, exhaustive) 17 del vars, 8 del conss, 0 add conss, 0 chg bounds, 5 chg sides, 0 chg coeffs, 187 upgd conss, 0 impls, 192 clqs
(round 7, medium)     52 del vars, 8 del conss, 0 add conss, 0 chg bounds, 5 chg sides, 35 chg coeffs, 187 upgd conss, 0 impls, 192 clqs
(round 8, fast)       64 del vars, 9 del conss, 0 add conss, 0 chg bounds, 5 chg sides, 35 chg coeffs, 187 upgd conss, 0 impls, 191 clqs
(round 9, exhaustive) 64 del vars, 13 del conss, 0 add conss, 0 chg bounds, 5 chg sides, 35 chg coeffs, 187 upgd conss, 0 impls, 191 clqs
   (0.0s) probing: 51/436 (11.7%) - 0 fixings, 0 aggregations, 0 implications, 0 bound changes
   (0.0s) probing aborted: 50/50 successive totally useless probings
   (0.0s) symmetry computation started: requiring (bin +, int +, cont +), (fixed: bin -, int -, cont -)
   (0.0s) no symmetry present (symcode time: 0.00)
presolving (10 rounds: 10 fast, 6 medium, 4 exhaustive):
 64 deleted vars, 13 deleted constraints, 0 added constraints, 0 tightened bounds, 0 added holes, 5 changed sides, 35 changed coefficients
 0 implications, 191 cliques
presolved problem has 436 variables (436 bin, 0 int, 0 impl, 0 cont) and 182 constraints
    182 constraints of type <setppc>
Presolving Time: 0.04

 time | node  | left  |LP iter|LP it/n|mem/heur|mdpt |vars |cons |rows |cuts |sepa|confs|strbr|  dualbound   | primalbound  |  gap   | compl. 
  0.1s|     1 |     0 |  1520 |     - |  5662k |   0 | 436 | 182 | 182 |   0 |  0 |   0 |   0 | 7.941644e+03 |      --      |    Inf | unknown
d 0.1s|     1 |     0 |  1520 |     - |distribu|   0 | 436 | 182 | 182 |   0 |  1 |   0 |   0 | 7.941644e+03 | 2.934993e+03 | 170.58%| unknown
d 0.1s|     1 |     0 |  1600 |     - |distribu|   0 | 436 | 182 | 182 |   0 |  1 |   0 |   0 | 7.941644e+03 | 3.120685e+03 | 154.48%| unknown
d 0.1s|     1 |     0 |  1678 |     - |distribu|   0 | 436 | 182 | 182 |   0 |  1 |   0 |   0 | 7.941644e+03 | 3.536706e+03 | 124.55%| unknown
d 0.1s|     1 |     0 |  1770 |     - |distribu|   0 | 436 | 182 | 182 |   0 |  1 |   0 |   0 | 7.941644e+03 | 4.141086e+03 |  91.78%| unknown
d 0.1s|     1 |     0 |  1833 |     - |distribu|   0 | 436 | 182 | 182 |   0 |  1 |   0 |   0 | 7.941644e+03 | 4.328446e+03 |  83.48%| unknown
d 0.1s|     1 |     0 |  1848 |     - |distribu|   0 | 436 | 182 | 182 |   0 |  1 |   0 |   0 | 7.941644e+03 | 6.856034e+03 |  15.83%| unknown
  0.1s|     1 |     0 |  1848 |     - |  5774k |   0 | 436 | 182 | 182 |   0 |  1 |   0 |   0 | 7.941644e+03 | 6.856034e+03 |  15.83%| unknown
  0.3s|     1 |     2 |  1848 |     - |  5851k |   0 | 436 | 182 | 182 |   0 |  2 |   0 |  22 | 7.907408e+03 | 6.856034e+03 |  15.34%| unknown

SCIP Status        : solving was interrupted [node limit reached]
Solving Time (sec) : 0.29
Solving Nodes      : 1
Primal Bound       : +6.85603362042788e+03 (28 solutions)
Dual Bound         : +7.90740835038827e+03
Gap                : 15.34 %
