presolving:
   (0.0s) running MILP presolver
   (0.0s) MILP presolver (2 rounds): 0 aggregations, 13 fixings, 0 bound changes
(round 1, medium)     13 del vars, 0 del conss, 0 add conss, 0 chg bounds, 0 chg sides, 0 chg coeffs, 0 upgd conss, 0 impls, 188 clqs
(round 2, fast)       13 del vars, 1 del conss, 0 add conss, 0 chg bounds, 0 chg sides, 0 chg coeffs, 0 upgd conss, 0 impls, 188 clqs
(round 3, exhaustive) 13 del vars, 3 del conss, 0 add conss, 0 chg bounds, 2 chg sides, 0 chg coeffs, 0 upgd conss, 0 impls, 188 clqs
(round 4, exhaustive) 13 del vars, 3 del conss, 0 add conss, 0 chg bounds, 2 chg sides, 0 chg coeffs, 186 upgd conss, 0 impls, 188 clqs
(round 5, medium)     48 del vars, 3 del conss, 0 add conss, 0 chg bounds, 2 chg sides, 35 chg coeffs, 186 upgd conss, 0 impls, 188 clqs
(round 6, fast)       68 del vars, 4 del conss, 0 add conss, 0 chg bounds, 2 chg sides, 35 chg coeffs, 186 upgd conss, 0 impls, 187 clqs
(round 7, exhaustive) 68 del vars, 9 del conss, 0 add conss, 0 chg bounds, 2 chg sides, 35 chg coeffs, 186 upgd conss, 0 impls, 187 clqs
(round 8, exhaustive) 69 del vars, 9 del conss, 0 add conss, 0 chg bounds, 2 chg sides, 35 chg coeffs, 186 upgd conss, 0 impls, 187 clqs
   (0.0s) probing: 51/431 (11.8%) - 0 fixings, 0 aggregations, 0 implications, 0 bound changes
   (0.0s) probing aborted: 50/50 successive totally useless probings
   (0.0s) symmetry computation started: requiring (bin +, int +, cont +), (fixed: bin -, int -, cont -)
   (0.0s) no symmetry present (symcode time: 0.00)
presolving (9 rounds: 9 fast, 7 medium, 5 exhaustive):
 69 deleted vars, 9 deleted constraints, 0 added constraints, 0 tightened bounds, 0 added holes, 2 changed sides, 35 changed coefficients
 0 implications, 187 cliques
presolved problem has 431 variables (431 bin, 0 int, 0 impl, 0 cont) and 180 constraints
    180 constraints of type <setppc>
Presolving Time: 0.02

 time | node  | left  |LP iter|LP it/n|mem/heur|mdpt |vars |cons |rows |cuts |sepa|confs|strbr|  dualbound   | primalbound  |  gap   | compl. 
  0.1s|     1 |     0 |  1297 |     - |  5441k |   0 | 431 | 180 | 180 |   0 |  0 |   0 |   0 | 7.196774e+03 |      --      |    Inf | unknown
d 0.1s|     1 |     0 |  1297 |     - |distribu|   0 | 431 | 180 | 180 |   0 |  1 |   0 |   0 | 7.196774e+03 | 2.681525e+03 | 168.38%| unknown
d 0.1s|     1 |     0 |  1331 |     - |distribu|   0 | 431 | 180 | 180 |   0 |  1 |   0 |   0 | 7.196774e+03 | 3.092068e+03 | 132.75%| unknown
d 0.1s|     1 |     0 |  1392 |     - |distribu|   0 | 431 | 180 | 180 |   0 |  1 |   0 |   0 | 7.196774e+03 | 3.326253e+03 | 116.36%| unknown
d 0.1s|     1 |     0 |  1447 |     - |distribu|   0 | 431 | 180 | 180 |   0 |  1 |   0 |   0 | 7.196774e+03 | 3.401927e+03 | 111.55%| unknown
d 0.1s|     1 |     0 |  1555 |     - |distribu|   0 | 431 | 180 | 180 |   0 |  1 |   0 |   0 | 7.196774e+03 | 4.000334e+03 |  79.90%| unknown
d 0.1s|     1 |     0 |  1593 |     - |distribu|   0 | 431 | 180 | 180 |   0 |  1 |   0 |   0 | 7.196774e+03 | 4.451262e+03 |  61.68%| unknown
d 0.1s|     1 |     0 |  1619 |     - |distribu|   0 | 431 | 180 | 180 |   0 |  1 |   0 |   0 | 7.196774e+03 | 6.355798e+03 |  13.23%| unknown
  0.1s|     1 |     0 |  1619 |     - |  5548k |   0 | 431 | 180 | 180 |   0 |  1 |   0 |   0 | 7.196774e+03 | 6.355798e+03 |  13.23%| unknown
  0.2s|     1 |     2 |  1619 |     - |  5776k |   0 | 431 | 180 | 180 |   0 |  2 |   0 |  26 | 7.152524e+03 | 6.355798e+03 |  12.54%| unknown

SCIP Status        : solving was interrupted [node limit reached]
Solving Time (sec) : 0.21
Solving Nodes      : 1
Primal Bound       : +6.35579843917111e+03 (36 solutions)
Dual Bound         : +7.15252402755835e+03
Gap                : 12.54 %
