presolving:
(round 1, fast)       0 del vars, 2 del conss, 0 add conss, 0 chg bounds, 0 chg sides, 0 chg coeffs, 0 upgd conss, 0 impls, 196 clqs
(round 2, fast)       1 del vars, 2 del conss, 0 add conss, 0 chg bounds, 0 chg sides, 0 chg coeffs, 0 upgd conss, 0 impls, 196 clqs
   (0.0s) running MILP presolver
   (0.0s) MILP presolver (2 rounds): 0 aggregations, 9 fixings, 0 bound changes
(round 3, medium)     10 del vars, 2 del conss, 0 add conss, 0 chg bounds, 0 chg sides, 0 chg coeffs, 0 upgd conss, 0 impls, 196 clqs
(round 4, exhaustive) 10 del vars, 5 del conss, 0 add conss, 0 chg bounds, 3 chg sides, 0 chg coeffs, 0 upgd conss, 0 impls, 196 clqs
(round 5, exhaustive) 10 del vars, 5 del conss, 0 add conss, 0 chg bounds, 3 chg sides, 0 chg coeffs, 193 upgd conss, 0 impls, 196 clqs
(round 6, medium)     40 del vars, 5 del conss, 0 add conss, 0 chg bounds, 3 chg sides, 30 chg coeffs, 193 upgd conss, 0 impls, 196 clqs
(round 7, fast)       49 del vars, 6 del conss, 0 add conss, 0 chg bounds, 3 chg sides, 30 chg coeffs, 193 upgd conss, 0 impls, 195 clqs
(round 8, exhaustive) 49 del vars, 9 del conss, 0 add conss, 0 chg bounds, 3 chg sides, 30 chg coeffs, 193 upgd conss, 0 impls, 195 clqs
   (0.0s) probing: 51/451 (11.3%) - 0 fixings, 0 aggregations, 0 implications, 0 bound changes
   (0.0s) probing aborted: 50/50 successive totally useless probings
   (0.0s) symmetry computation started: requiring (bin +, int +, cont +), (fixed: bin -, int -, cont -)
   (0.0s) no symmetry present (symcode time: 0.00)
presolving (9 rounds: 9 fast, 6 medium, 4 exhaustive):
 49 deleted vars, 9 deleted constraints, 0 added constraints, 0 tightened bounds, 0 added holes, 3 changed sides, 30 changed coefficients
 0 implications, 195 cliques
presolved problem has 451 variables (451 bin, 0 int, 0 impl, 0 cont) and 189 constraints
    189 constraints of type <setppc>
Presolving Time: 0.02

 time | node  | left  |LP iter|LP it/n|mem/heur|mdpt |vars |cons |rows |cuts |sepa|confs|strbr|  dualbound   | primalbound  |  gap   | compl. 
  0.1s|     1 |     0 |  1283 |     - |  5552k |   0 | 451 | 189 | 189 |   0 |  0 |   0 |   0 | 7.644872e+03 |      --      |    Inf | unknown
d 0.1s|     1 |     0 |  1283 |     - |distribu|   0 | 451 | 189 | 189 |   0 |  1 |   0 |   0 | 7.644872e+03 | 2.613321e+03 | 192.53%| unknown
d 0.1s|     1 |     0 |  1379 |     - |distribu|   0 | 451 | 189 | 189 |   0 |  1 |   0 |   0 | 7.644872e+03 | 2.903318e+03 | 163.32%| unknown
d 0.1s|     1 |     0 |  1459 |     - |distribu|   0 | 451 | 189 | 189 |   0 |  1 |   0 |   0 | 7.644872e+03 | 3.144590e+03 | 143.11%| unknown
d 0.1s|     1 |     0 |  1632 |     - |distribu|   0 | 451 | 189 | 189 |   0 |  1 |   0 |   0 | 7.644872e+03 | 3.603778e+03 | 112.13%| unknown
d 0.1s|     1 |     0 |  1672 |     - |distribu|   0 | 451 | 189 | 189 |   0 |  1 |   0 |   0 | 7.644872e+03 | 3.691164e+03 | 107.11%| unknown
d 0.1s|     1 |     0 |  1719 |     - |distribu|   0 | 451 | 189 | 189 |   0 |  1 |   0 |   0 | 7.644872e+03 | 4.185620e+03 |  82.65%| unknown
d 0.1s|     1 |     0 |  1751 |     - |distribu|   0 | 451 | 189 | 189 |   0 |  1 |   0 |   0 | 7.644872e+03 | 4.283944e+03 |  78.45%| unknown
d 0.1s|     1 |     0 |  1767 |     - |distribu|   0 | 451 | 189 | 189 |   0 |  1 |   0 |   0 | 7.644872e+03 | 4.535925e+03 |  68.54%| unknown
d 0.1s|     1 |     0 |  1775 |     - |distribu|   0 | 451 | 189 | 189 |   0 |  1 |   0 |   0 | 7.644872e+03 | 5.761853e+03 |  32.68%| unknown
d 0.1s|     1 |     0 |  1776 |     - |distribu|   0 | 451 | 189 | 189 |   0 |  1 |   0 |   0 | 7.644872e+03 | 5.947007e+03 |  28.55%| unknown
  0.1s|     1 |     0 |  1776 |     - |  5710k |   0 | 451 | 189 | 189 |   0 |  1 |   0 |   0 | 7.644872e+03 | 5.947007e+03 |  28.55%| unknown
  0.3s|     1 |     2 |  1776 |     - |  5906k |   0 | 451 | 189 | 189 |   0 |  2 |   0 |  39 | 7.595476e+03 | 5.947007e+03 |  27.72%| unknown

SCIP Status        : solving was interrupted [node limit reached]
Solving Time (sec) : 0.35
Solving Nodes      : 1
Primal Bound       : +5.94700739434790e+03 (56 solutions)
Dual Bound         : +7.59547589873040e+03
Gap                : 27.72 %
