presolving:
(round 1, fast)       1 del vars, 2 del conss, 0 add conss, 0 chg bounds, 0 chg sides, 0 chg coeffs, 0 upgd conss, 0 impls, 192 clqs
(round 2, fast)       2 del vars, 2 del conss, 0 add conss, 0 chg bounds, 0 chg sides, 0 chg coeffs, 0 upgd conss, 0 impls, 192 clqs
   (0.0s) running MILP presolver
   (0.0s) MILP presolver (2 rounds): 0 aggregations, 26 fixings, 0 bound changes
(round 3, medium)     28 del vars, 2 del conss, 0 add conss, 0 chg bounds, 0 chg sides, 0 chg coeffs, 0 upgd conss, 0 impls, 191 clqs
(round 4, fast)       28 del vars, 3 del conss, 0 add conss, 0 chg bounds, 0 chg sides, 0 chg coeffs, 0 upgd conss, 0 impls, 191 clqs
(round 5, exhaustive) 28 del vars, 6 del conss, 0 add conss, 0 chg bounds, 3 chg sides, 0 chg coeffs, 0 upgd conss, 0 impls, 191 clqs
(round 6, exhaustive) 28 del vars, 6 del conss, 0 add conss, 0 chg bounds, 3 chg sides, 0 chg coeffs, 188 upgd conss, 0 impls, 191 clqs
(round 7, medium)     68 del vars, 6 del conss, 0 add conss, 0 chg bounds, 3 chg sides, 40 chg coeffs, 188 upgd conss, 0 impls, 191 clqs
(round 8, fast)       93 del vars, 9 del conss, 0 add conss, 0 chg bounds, 3 chg sides, 40 chg coeffs, 188 upgd conss, 0 impls, 187 clqs
(round 9, exhaustive) 93 del vars, 17 del conss, 0 add conss, 0 chg bounds, 3 chg sides, 40 chg coeffs, 188 upgd conss, 0 impls, 187 clqs
   (0.0s) probing: 51/407 (12.5%) - 0 fixings, 0 aggregations, 0 implications, 0 bound changes
   (0.0s) probing aborted: 50/50 successive totally useless probings
   (0.0s) symmetry computation started: requiring (bin +, int +, cont +), (fixed: bin -, int -, cont -)
   (0.0s) no symmetry present (symcode time: 0.00)
presolving (10 rounds: 10 fast, 6 medium, 4 exhaustive):
 93 deleted vars, 17 deleted constraints, 0 added constraints, 0 tightened bounds, 0 added holes, 3 changed sides, 40 changed coefficients
 0 implications, 187 cliques
presolved problem has 407 variables (407 bin, 0 int, 0 impl, 0 cont) and 177 constraints
    177 constraints of type <setppc>
Presolving Time: 0.02

 time | node  | left  |LP iter|LP it/n|mem/heur|mdpt |vars |cons |rows |cuts |sepa|confs|strbr|  dualbound   | primalbound  |  gap   | compl. 
  0.1s|     1 |     0 |  1263 |     - |  5263k |   0 | 407 | 177 | 177 |   0 |  0 |   0 |   0 | 7.672655e+03 |      --      |    Inf | unknown
d 0.1s|     1 |     0 |  1263 |     - |distribu|   0 | 407 | 177 | 177 |   0 |  1 |   0 |   0 | 7.672655e+03 | 3.007996e+03 | 155.08%| unknown
d 0.1s|     1 |     0 |  1352 |     - |distribu|   0 | 407 | 177 | 177 |   0 |  1 |   0 |   0 | 7.672655e+03 | 3.867050e+03 |  98.41%| unknown
d 0.1s|     1 |     0 |  1420 |     - |distribu|   0 | 407 | 177 | 177 |   0 |  1 |   0 |   0 | 7.672655e+03 | 4.047600e+03 |  89.56%| unknown
d 0.1s|     1 |     0 |  1484 |     - |distribu|   0 | 407 | 177 | 177 |   0 |  1 |   0 |   0 | 7.672655e+03 | 4.510802e+03 |  70.10%| unknown
d 0.1s|     1 |     0 |  1553 |     - |distribu|   0 | 407 | 177 | 177 |   0 |  1 |   0 |   0 | 7.672655e+03 | 4.644678e+03 |  65.19%| unknown
d 0.1s|     1 |     0 |  1617 |     - |distribu|   0 | 407 | 177 | 177 |   0 |  1 |   0 |   0 | 7.672655e+03 | 5.451557e+03 |  40.74%| unknown
d 0.1s|     1 |     0 |  1629 |     - |distribu|   0 | 407 | 177 | 177 |   0 |  1 |   0 |   0 | 7.672655e+03 | 5.886243e+03 |  30.35%| unknown
d 0.1s|     1 |     0 |  1635 |     - |distribu|   0 | 407 | 177 | 177 |   0 |  1 |   0 |   0 | 7.672655e+03 | 6.576756e+03 |  16.66%| unknown
  0.1s|     1 |     0 |  1635 |     - |  5436k |   0 | 407 | 177 | 177 |   0 |  1 |   0 |   0 | 7.672655e+03 | 6.576756e+03 |  16.66%| unknown
  0.2s|     1 |     2 |  1635 |     - |  5487k |   0 | 407 | 177 | 177 |   0 |  2 |   0 |  20 | 7.653462e+03 | 6.576756e+03 |  16.37%| unknown

SCIP Status        : solving was interrupted [node limit reached]
Solving Time (sec) : 0.16
Solving Nodes      : 1
Primal Bound       : +6.57675578649117e+03 (29 solutions)
Dual Bound         : +7.65346156992180e+03
Gap                : 16.37 %
