presolving:
(round 1, fast)       1 del vars, 3 del conss, 0 add conss, 0 chg bounds, 0 chg sides, 0 chg coeffs, 0 upgd conss, 0 impls, 189 clqs
(round 2, fast)       2 del vars, 3 del conss, 0 add conss, 0 chg bounds, 0 chg sides, 0 chg coeffs, 0 upgd conss, 0 impls, 189 clqs
   (0.0s) running MILP presolver
   (0.0s) MILP presolver (2 rounds): 0 aggregations, 23 fixings, 0 bound changes
(round 3, medium)     25 del vars, 3 del conss, 0 add conss, 0 chg bounds, 0 chg sides, 0 chg coeffs, 0 upgd conss, 0 impls, 187 clqs
(round 4, fast)       25 del vars, 5 del conss, 0 add conss, 0 chg bounds, 0 chg sides, 0 chg coeffs, 0 upgd conss, 0 impls, 187 clqs
(round 5, exhaustive) 25 del vars, 7 del conss, 0 add conss, 0 chg bounds, 2 chg sides, 0 chg coeffs, 0 upgd conss, 0 impls, 187 clqs
(round 6, exhaustive) 25 del vars, 7 del conss, 0 add conss, 0 chg bounds, 2 chg sides, 0 chg coeffs, 185 upgd conss, 0 impls, 187 clqs
(round 7, fast)       27 del vars, 7 del conss, 0 add conss, 0 chg bounds, 2 chg sides, 0 chg coeffs, 185 upgd conss, 0 impls, 187 clqs
(round 8, medium)     64 del vars, 7 del conss, 0 add conss, 0 chg bounds, 2 chg sides, 37 chg coeffs, 185 upgd conss, 0 impls, 187 clqs
(round 9, fast)       90 del vars, 8 del conss, 0 add conss, 0 chg bounds, 2 chg sides, 37 chg coeffs, 185 upgd conss, 0 impls, 185 clqs
(round 10, exhaustive) 90 del vars, 17 del conss, 0 add conss, 0 chg bounds, 2 chg sides, 37 chg coeffs, 185 upgd conss, 0 impls, 185 clqs
(round 11, exhaustive) 91 del vars, 17 del conss, 0 add conss, 0 chg bounds, 2 chg sides, 37 chg coeffs, 185 upgd conss, 0 impls, 185 clqs
   (0.0s) probing: 51/409 (12.5%) - 0 fixings, 0 aggregations, 0 implications, 0 bound changes
   (0.0s) probing aborted: 50/50 successive totally useless probings
   (0.0s) symmetry computation started: requiring (bin +, int +, cont +), (fixed: bin -, int -, cont -)
   (0.0s) no symmetry present (symcode time: 0.00)
presolving (12 rounds: 12 fast, 7 medium, 5 exhaustive):
 91 deleted vars, 17 deleted constraints, 0 added constraints, 0 tightened bounds, 0 added holes, 2 changed sides, 37 changed coefficients
 0 implications, 185 cliques
presolved problem has 409 variables (409 bin, 0 int, 0 impl, 0 cont) and 175 constraints
    175 constraints of type <setppc>
Presolving Time: 0.02

 time | node  | left  |LP iter|LP it/n|mem/heur|mdpt |vars |cons |rows |cuts |sepa|confs|strbr|  dualbound   | primalbound  |  gap   | compl. 
  0.1s|     1 |     0 |  1020 |     - |  4992k |   0 | 409 | 175 | 175 |   0 |  0 |   0 |   0 | 7.233395e+03 |      --      |    Inf | unknown
d 0.1s|     1 |     0 |  1020 |     - |distribu|   0 | 409 | 175 | 175 |   0 |  1 |   0 |   0 | 7.233395e+03 | 3.246552e+03 | 122.80%| unknown
d 0.1s|     1 |     0 |  1091 |     - |distribu|   0 | 409 | 175 | 175 |   0 |  1 |   0 |   0 | 7.233395e+03 | 4.070002e+03 |  77.72%| unknown
d 0.1s|     1 |     0 |  1133 |     - |distribu|   0 | 409 | 175 | 175 |   0 |  1 |   0 |   0 | 7.233395e+03 | 4.501563e+03 |  60.69%| unknown
d 0.1s|     1 |     0 |  1170 |     - |distribu|   0 | 409 | 175 | 175 |   0 |  1 |   0 |   0 | 7.233395e+03 | 4.537200e+03 |  59.42%| unknown
d 0.1s|     1 |     0 |  1180 |     - |distribu|   0 | 409 | 175 | 175 |   0 |  1 |   0 |   0 | 7.233395e+03 | 4.845851e+03 |  49.27%| unknown
d 0.1s|     1 |     0 |  1194 |     - |distribu|   0 | 409 | 175 | 175 |   0 |  1 |   0 |   0 | 7.233395e+03 | 6.553352e+03 |  10.38%| unknown
  0.1s|     1 |     0 |  1194 |     - |  5104k |   0 | 409 | 175 | 175 |   0 |  1 |   0 |   0 | 7.233395e+03 | 6.553352e+03 |  10.38%| unknown
  0.2s|     1 |     2 |  1194 |     - |  5292k |   0 | 409 | 175 | 175 |   0 |  2 |   0 |  19 | 7.191149e+03 | 6.553352e+03 |   9.73%| unknown

SCIP Status        : solving was interrupted [node limit reached]
Solving Time (sec) : 0.20
Solving Nodes      : 1
Primal Bound       : +6.55335196248070e+03 (30 solutions)
Dual Bound         : +7.19114931763301e+03
Gap                : 9.73 %
