presolving:
(round 1, fast)       1 del vars, 3 del conss, 0 add conss, 0 chg bounds, 0 chg sides, 0 chg coeffs, 0 upgd conss, 0 impls, 191 clqs
(round 2, fast)       4 del vars, 3 del conss, 0 add conss, 0 chg bounds, 0 chg sides, 0 chg coeffs, 0 upgd conss, 0 impls, 191 clqs
   (0.0s) running MILP presolver
   (0.0s) MILP presolver (2 rounds): 0 aggregations, 9 fixings, 0 bound changes
(round 3, medium)     13 del vars, 3 del conss, 0 add conss, 0 chg bounds, 0 chg sides, 0 chg coeffs, 0 upgd conss, 0 impls, 190 clqs
(round 4, fast)       13 del vars, 4 del conss, 0 add conss, 0 chg bounds, 0 chg sides, 0 chg coeffs, 0 upgd conss, 0 impls, 190 clqs
(round 5, exhaustive) 13 del vars, 4 del conss, 0 add conss, 0 chg bounds, 0 chg sides, 0 chg coeffs, 190 upgd conss, 0 impls, 190 clqs
(round 6, medium)     44 del vars, 4 del conss, 0 add conss, 0 chg bounds, 0 chg sides, 31 chg coeffs, 190 upgd conss, 0 impls, 190 clqs
(round 7, fast)       56 del vars, 6 del conss, 0 add conss, 0 chg bounds, 0 chg sides, 31 chg coeffs, 190 upgd conss, 0 impls, 188 clqs
(round 8, exhaustive) 56 del vars, 8 del conss, 0 add conss, 0 chg bounds, 0 chg sides, 31 chg coeffs, 190 upgd conss, 0 impls, 188 clqs
   (0.0s) probing: 51/444 (11.5%) - 0 fixings, 0 aggregations, 0 implications, 0 bound changes
   (0.0s) probing aborted: 50/50 successive totally useless probings
   (0.0s) symmetry computation started: requiring (bin +, int +, cont +), (fixed: bin -, int -, cont -)
   (0.0s) no symmetry present (symcode time: 0.00)
presolving (9 rounds: 9 fast, 5 medium, 3 exhaustive):
 56 deleted vars, 8 deleted constraints, 0 added constraints, 0 tightened bounds, 0 added holes, 0 changed sides, 31 changed coefficients
 0 implications, 188 cliques
presolved problem has 444 variables (444 bin, 0 int, 0 impl, 0 cont) and 186 constraints
    186 constraints of type <setppc>
Presolving Time: 0.02

 time | node  | left  |LP iter|LP it/n|mem/heur|mdpt |vars |cons |rows |cuts |sepa|confs|strbr|  dualbound   | primalbound  |  gap   | compl. 
  0.1s|     1 |     0 |  1452 |     - |  5278k |   0 | 444 | 186 | 186 |   0 |  0 |   0 |   0 | 7.485295e+03 |      --      |    Inf | unknown
d 0.1s|     1 |     0 |  1452 |     - |distribu|   0 | 444 | 186 | 186 |   0 |  1 |   0 |   0 | 7.485295e+03 | 3.117615e+03 | 140.10%| unknown
d 0.1s|     1 |     0 |  1576 |     - |distribu|   0 | 444 | 186 | 186 |   0 |  1 |   0 |   0 | 7.485295e+03 | 3.846805e+03 |  94.58%| unknown
d 0.1s|     1 |     0 |  1704 |     - |distribu|   0 | 444 | 186 | 186 |   0 |  1 |   0 |   0 | 7.485295e+03 | 3.906244e+03 |  91.62%| unknown
d 0.1s|     1 |     0 |  1723 |     - |distribu|   0 | 444 | 186 | 186 |   0 |  1 |   0 |   0 | 7.485295e+03 | 4.437745e+03 |  68.67%| unknown
d 0.1s|     1 |     0 |  1736 |     - |distribu|   0 | 444 | 186 | 186 |   0 |  1 |   0 |   0 | 7.485295e+03 | 4.544019e+03 |  64.73%| unknown
d 0.1s|     1 |     0 |  1745 |     - |distribu|   0 | 444 | 186 | 186 |   0 |  1 |   0 |   0 | 7.485295e+03 | 6.119489e+03 |  22.32%| unknown
  0.1s|     1 |     0 |  1745 |     - |  5443k |   0 | 444 | 186 | 186 |   0 |  1 |   0 |   0 | 7.485295e+03 | 6.119489e+03 |  22.32%| unknown
  0.3s|     1 |     2 |  1745 |     - |  5720k |   0 | 444 | 186 | 186 |   0 |  2 |   0 |  24 | 7.432703e+03 | 6.119489e+03 |  21.46%| unknown

SCIP Status        : solving was interrupted [node limit reached]
Solving Time (sec) : 0.27
Solving Nodes      : 1
Primal Bound       : +6.11948906355999e+03 (34 solutions)
Dual Bound         : +7.43270287830986e+03
Gap                : 21.46 %
