presolving:
   (0.0s) running MILP presolver
   (0.0s) MILP presolver (2 rounds): 0 aggregations, 19 fixings, 0 bound changes
(round 1, medium)     19 del vars, 0 del conss, 0 add conss, 0 chg bounds, 0 chg sides, 0 chg coeffs, 0 upgd conss, 0 impls, 196 clqs
(round 2, exhaustive) 19 del vars, 7 del conss, 0 add conss, 0 chg bounds, 7 chg sides, 0 chg coeffs, 0 upgd conss, 0 impls, 196 clqs
(round 3, exhaustive) 19 del vars, 7 del conss, 0 add conss, 0 chg bounds, 7 chg sides, 0 chg coeffs, 189 upgd conss, 0 impls, 196 clqs
(round 4, medium)     49 del vars, 7 del conss, 0 add conss, 0 chg bounds, 7 chg sides, 30 chg coeffs, 189 upgd conss, 0 impls, 196 clqs
(round 5, fast)       64 del vars, 7 del conss, 0 add conss, 0 chg bounds, 7 chg sides, 30 chg coeffs, 189 upgd conss, 0 impls, 194 clqs
(round 6, exhaustive) 64 del vars, 10 del conss, 0 add conss, 0 chg bounds, 7 chg sides, 30 chg coeffs, 189 upgd conss, 0 impls, 194 clqs
   (0.0s) probing: 51/436 (11.7%) - 0 fixings, 0 aggregations, 0 implications, 0 bound changes
   (0.0s) probing aborted: 50/50 successive totally useless probings
   (0.0s) symmetry computation started: requiring (bin +, int +, cont +), (fixed: bin -, int -, cont -)
   (0.0s) no symmetry present (symcode time: 0.00)
presolving (7 rounds: 7 fast, 6 medium, 4 exhaustive):
 64 deleted vars, 10 deleted constraints, 0 added constraints, 0 tightened bounds, 0 added holes, 7 changed sides, 30 changed coefficients
 0 implications, 194 cliques
presolved problem has 436 variables (436 bin, 0 int, 0 impl, 0 cont) and 186 constraints
    186 constraints of type <setppc>
Presolving Time: 0.02

 time | node  | left  |LP iter|LP it/n|mem/heur|mdpt |vars |cons |rows |cuts |sepa|confs|strbr|  dualbound   | primalbound  |  gap   | compl. 
  0.1s|     1 |     0 |  1470 |     - |  5674k |   0 | 436 | 186 | 186 |   0 |  0 |   0 |   0 | 8.044692e+03 |      --      |    Inf | unknown
d 0.1s|     1 |     0 |  1470 |     - |distribu|   0 | 436 | 186 | 186 |   0 |  1 |   0 |   0 | 8.044692e+03 | 2.567882e+03 | 213.28%| unknown
d 0.1s|     1 |     0 |  1473 |     - |distribu|   0 | 436 | 186 | 186 |   0 |  1 |   0 |   0 | 8.044692e+03 | 2.824314e+03 | 184.84%| unknown
d 0.1s|     1 |     0 |  1565 |     - |distribu|   0 | 436 | 186 | 186 |   0 |  1 |   0 |   0 | 8.044692e+03 | 3.539157e+03 | 127.31%| unknown
d 0.1s|     1 |     0 |  1643 |     - |distribu|   0 | 436 | 186 | 186 |   0 |  1 |   0 |   0 | 8.044692e+03 | 4.153633e+03 |  93.68%| unknown
d 0.1s|     1 |     0 |  1715 |     - |distribu|   0 | 436 | 186 | 186 |   0 |  1 |   0 |   0 | 8.044692e+03 | 4.407582e+03 |  82.52%| unknown
d 0.1s|     1 |     0 |  1797 |     - |distribu|   0 | 436 | 186 | 186 |   0 |  1 |   0 |   0 | 8.044692e+03 | 5.552775e+03 |  44.88%| unknown
d 0.1s|     1 |     0 |  1801 |     - |distribu|   0 | 436 | 186 | 186 |   0 |  1 |   0 |   0 | 8.044692e+03 | 6.546483e+03 |  22.89%| unknown
  0.1s|     1 |     0 |  1801 |     - |  5836k |   0 | 436 | 186 | 186 |   0 |  1 |   0 |   0 | 8.044692e+03 | 6.546483e+03 |  22.89%| unknown
  0.1s|     1 |     2 |  1801 |     - |  5940k |   0 | 436 | 186 | 186 |   0 |  2 |   0 |  19 | 8.014923e+03 | 6.546483e+03 |  22.43%| unknown

SCIP Status        : solving was interrupted [node limit reached]
Solving Time (sec) : 0.15
Solving Nodes      : 1
Primal Bound       : +6.54648307902051e+03 (28 solutions)
Dual Bound         : +8.01492332799252e+03
Gap                : 22.43 %
