presolving:
(round 1, fast)       1 del vars, 1 del conss, 0 add conss, 0 chg bounds, 0 chg sides, 0 chg coeffs, 0 upgd conss, 0 impls, 193 clqs
   (0.0s) running MILP presolver
   (0.0s) MILP presolver (2 rounds): 0 aggregations, 15 fixings, 0 bound changes
(round 2, medium)     16 del vars, 1 del conss, 0 add conss, 0 chg bounds, 0 chg sides, 0 chg coeffs, 0 upgd conss, 0 impls, 193 clqs
(round 3, exhaustive) 16 del vars, 6 del conss, 0 add conss, 0 chg bounds, 5 chg sides, 0 chg coeffs, 0 upgd conss, 0 impls, 193 clqs
(round 4, exhaustive) 16 del vars, 6 del conss, 0 add conss, 0 chg bounds, 5 chg sides, 0 chg coeffs, 188 upgd conss, 0 impls, 193 clqs
(round 5, medium)     47 del vars, 6 del conss, 0 add conss, 0 chg bounds, 5 chg sides, 31 chg coeffs, 188 upgd conss, 0 impls, 193 clqs
(round 6, fast)       53 del vars, 6 del conss, 0 add conss, 0 chg bounds, 5 chg sides, 31 chg coeffs, 188 upgd conss, 0 impls, 193 clqs
   (0.0s) probing: 51/447 (11.4%) - 0 fixings, 0 aggregations, 0 implications, 0 bound changes
   (0.0s) probing aborted: 50/50 successive totally useless probings
   (0.0s) symmetry computation started: requiring (bin +, int +, cont +), (fixed: bin -, int -, cont -)
   (0.0s) no symmetry present (symcode time: 0.00)
presolving (7 rounds: 7 fast, 5 medium, 3 exhaustive):
 53 deleted vars, 6 deleted constraints, 0 added constraints, 0 tightened bounds, 0 added holes, 5 changed sides, 31 changed coefficients
 0 implications, 193 cliques
presolved problem has 447 variables (447 bin, 0 int, 0 impl, 0 cont) and 188 constraints
    188 constraints of type <setppc>
Presolving Time: 0.02

 time | node  | left  |LP iter|LP it/n|mem/heur|mdpt |vars |cons |rows |cuts |sepa|confs|strbr|  dualbound   | primalbound  |  gap   | compl. 
  0.1s|     1 |     0 |  1836 |     - |  5566k |   0 | 447 | 188 | 188 |   0 |  0 |   0 |   0 | 7.545218e+03 |      --      |    Inf | unknown
d 0.1s|     1 |     0 |  1836 |     - |distribu|   0 | 447 | 188 | 188 |   0 |  1 |   0 |   0 | 7.545218e+03 | 2.111237e+03 | 257.38%| unknown
d 0.1s|     1 |     0 |  1898 |     - |distribu|   0 | 447 | 188 | 188 |   0 |  1 |   0 |   0 | 7.545218e+03 | 2.460774e+03 | 206.62%| unknown
d 0.1s|     1 |     0 |  2005 |     - |distribu|   0 | 447 | 188 | 188 |   0 |  1 |   0 |   0 | 7.545218e+03 | 2.787359e+03 | 170.69%| unknown
d 0.1s|     1 |     0 |  2122 |     - |distribu|   0 | 447 | 188 | 188 |   0 |  1 |   0 |   0 | 7.545218e+03 | 3.657416e+03 | 106.30%| unknown
d 0.1s|     1 |     0 |  2179 |     - |distribu|   0 | 447 | 188 | 188 |   0 |  1 |   0 |   0 | 7.545218e+03 | 4.033896e+03 |  87.05%| unknown
d 0.1s|     1 |     0 |  2271 |     - |distribu|   0 | 447 | 188 | 188 |   0 |  1 |   0 |   0 | 7.545218e+03 | 4.978089e+03 |  51.57%| unknown
d 0.1s|     1 |     0 |  2290 |     - |distribu|   0 | 447 | 188 | 188 |   0 |  1 |   0 |   0 | 7.545218e+03 | 5.240510e+03 |  43.98%| unknown
d 0.1s|     1 |     0 |  2303 |     - |distribu|   0 | 447 | 188 | 188 |   0 |  1 |   0 |   0 | 7.545218e+03 | 6.247553e+03 |  20.77%| unknown
  0.1s|     1 |     0 |  2303 |     - |  5719k |   0 | 447 | 188 | 188 |   0 |  1 |   0 |   0 | 7.545218e+03 | 6.247553e+03 |  20.77%| unknown
  0.2s|     1 |     2 |  2303 |     - |  5911k |   0 | 447 | 188 | 188 |   0 |  2 |   0 |  22 | 7.520966e+03 | 6.247553e+03 |  20.38%| unknown

SCIP Status        : solving was interrupted [node limit reached]
Solving Time (sec) : 0.20
Solving Nodes      : 1
Primal Bound       : +6.24755291855742e+03 (32 solutions)
Dual Bound         : +7.52096588395721e+03
Gap                : 20.38 %
