presolving:
(round 1, fast)       0 del vars, 1 del conss, 0 add conss, 0 chg bounds, 0 chg sides, 0 chg coeffs, 0 upgd conss, 0 impls, 188 clqs
   (0.0s) running MILP presolver
   (0.0s) MILP presolver (2 rounds): 0 aggregations, 6 fixings, 0 bound changes
(round 2, medium)     6 del vars, 1 del conss, 0 add conss, 0 chg bounds, 0 chg sides, 0 chg coeffs, 0 upgd conss, 0 impls, 188 clqs
(round 3, exhaustive) 6 del vars, 4 del conss, 0 add conss, 0 chg bounds, 3 chg sides, 0 chg coeffs, 0 upgd conss, 0 impls, 188 clqs
(round 4, exhaustive) 6 del vars, 4 del conss, 0 add conss, 0 chg bounds, 3 chg sides, 0 chg coeffs, 185 upgd conss, 0 impls, 188 clqs
(round 5, medium)     35 del vars, 4 del conss, 0 add conss, 0 chg bounds, 3 chg sides, 29 chg coeffs, 185 upgd conss, 0 impls, 188 clqs
(round 6, fast)       39 del vars, 4 del conss, 0 add conss, 0 chg bounds, 3 chg sides, 29 chg coeffs, 185 upgd conss, 0 impls, 188 clqs
(round 7, exhaustive) 39 del vars, 5 del conss, 0 add conss, 0 chg bounds, 3 chg sides, 29 chg coeffs, 185 upgd conss, 0 impls, 188 clqs
   (0.0s) probing: 51/461 (11.1%) - 0 fixings, 0 aggregations, 0 implications, 0 bound changes
   (0.0s) probing aborted: 50/50 successive totally useless probings
   (0.0s) symmetry computation started: requiring (bin +, int +, cont +), (fixed: bin -, int -, cont -)
   (0.0s) no symmetry present (symcode time: 0.00)
presolving (8 rounds: 8 fast, 6 medium, 4 exhaustive):
 39 deleted vars, 5 deleted constraints, 0 added constraints, 0 tightened bounds, 0 added holes, 3 changed sides, 29 changed coefficients
 0 implications, 188 cliques
presolved problem has 461 variables (461 bin, 0 int, 0 impl, 0 cont) and 184 constraints
    184 constraints of type <setppc>
Presolving Time: 0.02

 time | node  | left  |LP iter|LP it/n|mem/heur|mdpt |vars |cons |rows |cuts |sepa|confs|strbr|  dualbound   | primalbound  |  gap   | compl. 
  0.1s|     1 |     0 |  2107 |     - |  5745k |   0 | 461 | 184 | 184 |   0 |  0 |   0 |   0 | 7.357032e+03 |      --      |    Inf | unknown
d 0.1s|     1 |     0 |  2107 |     - |distribu|   0 | 461 | 184 | 184 |   0 |  1 |   0 |   0 | 7.357032e+03 | 1.800556e+03 | 308.60%| unknown
d 0.1s|     1 |     0 |  2249 |     - |distribu|   0 | 461 | 184 | 184 |   0 |  1 |   0 |   0 | 7.357032e+03 | 2.185016e+03 | 236.70%| unknown
d 0.1s|     1 |     0 |  2414 |     - |distribu|   0 | 461 | 184 | 184 |   0 |  1 |   0 |   0 | 7.357032e+03 | 2.670088e+03 | 175.54%| unknown
d 0.1s|     1 |     0 |  2499 |     - |distribu|   0 | 461 | 184 | 184 |   0 |  1 |   0 |   0 | 7.357032e+03 | 6.239407e+03 |  17.91%| unknown
d 0.1s|     1 |     0 |  2504 |     - |distribu|   0 | 461 | 184 | 184 |   0 |  1 |   0 |   0 | 7.357032e+03 | 6.341395e+03 |  16.02%| unknown
  0.1s|     1 |     0 |  2504 |     - |  5844k |   0 | 461 | 184 | 184 |   0 |  1 |   0 |   0 | 7.357032e+03 | 6.341395e+03 |  16.02%| unknown
  0.2s|     1 |     2 |  2504 |     - |  5924k |   0 | 461 | 184 | 184 |   0 |  2 |   0 |  24 | 7.329195e+03 | 6.341395e+03 |  15.58%| unknown

SCIP Status        : solving was interrupted [node limit reached]
Solving Time (sec) : 0.25
Solving Nodes      : 1
Primal Bound       : +6.34139543776597e+03 (29 solutions)
Dual Bound         : +7.32919495540330e+03
Gap                : 15.58 %
