presolving:
(round 1, fast)       0 del vars, 1 del conss, 0 add conss, 0 chg bounds, 0 chg sides, 0 chg coeffs, 0 upgd conss, 0 impls, 189 clqs
   (0.0s) running MILP presolver
   (0.0s) MILP presolver (2 rounds): 0 aggregations, 12 fixings, 0 bound changes
(round 2, medium)     12 del vars, 1 del conss, 0 add conss, 0 chg bounds, 0 chg sides, 0 chg coeffs, 0 upgd conss, 0 impls, 189 clqs
(round 3, exhaustive) 12 del vars, 4 del conss, 0 add conss, 0 chg bounds, 3 chg sides, 0 chg coeffs, 0 upgd conss, 0 impls, 189 clqs
(round 4, exhaustive) 12 del vars, 4 del conss, 0 add conss, 0 chg bounds, 3 chg sides, 0 chg coeffs, 186 upgd conss, 0 impls, 189 clqs
(round 5, medium)     50 del vars, 4 del conss, 0 add conss, 0 chg bounds, 3 chg sides, 38 chg coeffs, 186 upgd conss, 0 impls, 189 clqs
(round 6, fast)       70 del vars, 4 del conss, 0 add conss, 0 chg bounds, 3 chg sides, 38 chg coeffs, 186 upgd conss, 0 impls, 188 clqs
(round 7, exhaustive) 70 del vars, 9 del conss, 0 add conss, 0 chg bounds, 3 chg sides, 38 chg coeffs, 186 upgd conss, 0 impls, 188 clqs
   (0.0s) probing: 51/430 (11.9%) - 0 fixings, 0 aggregations, 0 implications, 0 bound changes
   (0.0s) probing aborted: 50/50 successive totally useless probings
   (0.0s) symmetry computation started: requiring (bin +, int +, cont +), (fixed: bin -, int -, cont -)
   (0.0s) no symmetry present (symcode time: 0.00)
presolving (8 rounds: 8 fast, 6 medium, 4 exhaustive):
 70 deleted vars, 9 deleted constraints, 0 added constraints, 0 tightened bounds, 0 added holes, 3 changed sides, 38 changed coefficients
 0 implications, 188 cliques
presolved problem has 430 variables (430 bin, 0 int, 0 impl, 0 cont) and 181 constraints
    181 constraints of type <setppc>
Presolving Time: 0.02

 time | node  | left  |LP iter|LP it/n|mem/heur|mdpt |vars |cons |rows |cuts |sepa|confs|strbr|  dualbound   | primalbound  |  gap   | compl. 
  0.1s|     1 |     0 |  1318 |     - |  5581k |   0 | 430 | 181 | 181 |   0 |  0 |   0 |   0 | 7.254271e+03 |      --      |    Inf | unknown
d 0.1s|     1 |     0 |  1318 |     - |distribu|   0 | 430 | 181 | 181 |   0 |  1 |   0 |   0 | 7.254271e+03 | 2.913939e+03 | 148.95%| unknown
d 0.1s|     1 |     0 |  1434 |     - |distribu|   0 | 430 | 181 | 181 |   0 |  1 |   0 |   0 | 7.254271e+03 | 3.263905e+03 | 122.26%| unknown
d 0.1s|     1 |     0 |  1523 |     - |distribu|   0 | 430 | 181 | 181 |   0 |  1 |   0 |   0 | 7.254271e+03 | 3.958259e+03 |  83.27%| unknown
d 0.1s|     1 |     0 |  1622 |     - |distribu|   0 | 430 | 181 | 181 |   0 |  1 |   0 |   0 | 7.254271e+03 | 4.118640e+03 |  76.13%| unknown
d 0.1s|     1 |     0 |  1647 |     - |distribu|   0 | 430 | 181 | 181 |   0 |  1 |   0 |   0 | 7.254271e+03 | 5.357566e+03 |  35.40%| unknown
d 0.1s|     1 |     0 |  1664 |     - |distribu|   0 | 430 | 181 | 181 |   0 |  1 |   0 |   0 | 7.254271e+03 | 6.177261e+03 |  17.44%| unknown
  0.1s|     1 |     0 |  1664 |     - |  5690k |   0 | 430 | 181 | 181 |   0 |  1 |   0 |   0 | 7.254271e+03 | 6.177261e+03 |  17.44%| unknown
  0.3s|     1 |     2 |  1664 |     - |  5824k |   0 | 430 | 181 | 181 |   0 |  2 |   0 |  22 | 7.213310e+03 | 6.177261e+03 |  16.77%| unknown

SCIP Status        : solving was interrupted [node limit reached]
Solving Time (sec) : 0.27
Solving Nodes      : 1
Primal Bound       : +6.17726133322737e+03 (29 solutions)
Dual Bound         : +7.21331000230631e+03
Gap                : 16.77 %
