presolving:
   (0.0s) running MILP presolver
   (0.0s) MILP presolver (2 rounds): 0 aggregations, 22 fixings, 0 bound changes
(round 1, medium)     22 del vars, 0 del conss, 0 add conss, 0 chg bounds, 0 chg sides, 0 chg coeffs, 0 upgd conss, 0 impls, 192 clqs
(round 2, exhaustive) 22 del vars, 4 del conss, 0 add conss, 0 chg bounds, 4 chg sides, 0 chg coeffs, 0 upgd conss, 0 impls, 192 clqs
(round 3, exhaustive) 22 del vars, 4 del conss, 0 add conss, 0 chg bounds, 4 chg sides, 0 chg coeffs, 188 upgd conss, 0 impls, 192 clqs
(round 4, medium)     59 del vars, 4 del conss, 0 add conss, 0 chg bounds, 4 chg sides, 37 chg coeffs, 188 upgd conss, 0 impls, 192 clqs
(round 5, fast)       83 del vars, 6 del conss, 0 add conss, 0 chg bounds, 4 chg sides, 37 chg coeffs, 188 upgd conss, 0 impls, 189 clqs
(round 6, exhaustive) 83 del vars, 11 del conss, 0 add conss, 0 chg bounds, 4 chg sides, 37 chg coeffs, 188 upgd conss, 0 impls, 189 clqs
   (0.0s) probing: 51/417 (12.2%) - 0 fixings, 0 aggregations, 0 implications, 0 bound changes
   (0.0s) probing aborted: 50/50 successive totally useless probings
   (0.0s) symmetry computation started: requiring (bin +, int +, cont +), (fixed: bin -, int -, cont -)
   (0.0s) no symmetry present (symcode time: 0.00)
presolving (7 rounds: 7 fast, 6 medium, 4 exhaustive):
 83 deleted vars, 11 deleted constraints, 0 added constraints, 0 tightened bounds, 0 added holes, 4 changed sides, 37 changed coefficients
 0 implications, 189 cliques
presolved problem has 417 variables (417 bin, 0 int, 0 impl, 0 cont) and 181 constraints
    181 constraints of type <setppc>
Presolving Time: 0.03

 time | node  | left  |LP iter|LP it/n|mem/heur|mdpt |vars |cons |rows |cuts |sepa|confs|strbr|  dualbound   | primalbound  |  gap   | compl. 
  0.1s|     1 |     0 |  1319 |     - |  5387k |   0 | 417 | 181 | 181 |   0 |  0 |   0 |   0 | 7.604563e+03 |      --      |    Inf | unknown
d 0.1s|     1 |     0 |  1319 |     - |distribu|   0 | 417 | 181 | 181 |   0 |  1 |   0 |   0 | 7.604563e+03 | 2.582296e+03 | 194.49%| unknown
d 0.1s|     1 |     0 |  1425 |     - |distribu|   0 | 417 | 181 | 181 |   0 |  1 |   0 |   0 | 7.604563e+03 | 3.059916e+03 | 148.52%| unknown
d 0.1s|     1 |     0 |  1511 |     - |distribu|   0 | 417 | 181 | 181 |   0 |  1 |   0 |   0 | 7.604563e+03 | 4.689996e+03 |  62.14%| unknown
d 0.2s|     1 |     0 |  1619 |     - |distribu|   0 | 417 | 181 | 181 |   0 |  1 |   0 |   0 | 7.604563e+03 | 7.044619e+03 |   7.95%| unknown
  0.2s|     1 |     0 |  1619 |     - |  5512k |   0 | 417 | 181 | 181 |   0 |  1 |   0 |   0 | 7.604563e+03 | 7.044619e+03 |   7.95%| unknown
  0.6s|     1 |     2 |  1619 |     - |  5902k |   0 | 417 | 181 | 181 |   0 |  2 |   0 |  55 | 7.571170e+03 | 7.044619e+03 |   7.47%| unknown

SCIP Status        : solving was interrupted [node limit reached]
Solving Time (sec) : 0.57
Solving Nodes      : 1
Primal Bound       : +7.04461878682836e+03 (64 solutions)
Dual Bound         : +7.57116991996096e+03
Gap                : 7.47 %
