presolving:
   (0.0s) running MILP presolver
   (0.0s) MILP presolver (2 rounds): 0 aggregations, 28 fixings, 0 bound changes
(round 1, medium)     28 del vars, 0 del conss, 0 add conss, 0 chg bounds, 0 chg sides, 0 chg coeffs, 0 upgd conss, 0 impls, 193 clqs
(round 2, fast)       29 del vars, 1 del conss, 0 add conss, 0 chg bounds, 0 chg sides, 0 chg coeffs, 0 upgd conss, 0 impls, 192 clqs
(round 3, exhaustive) 29 del vars, 8 del conss, 0 add conss, 0 chg bounds, 7 chg sides, 0 chg coeffs, 0 upgd conss, 0 impls, 192 clqs
(round 4, exhaustive) 29 del vars, 8 del conss, 0 add conss, 0 chg bounds, 7 chg sides, 0 chg coeffs, 185 upgd conss, 0 impls, 192 clqs
(round 5, medium)     72 del vars, 8 del conss, 0 add conss, 0 chg bounds, 7 chg sides, 43 chg coeffs, 185 upgd conss, 0 impls, 192 clqs
(round 6, fast)       114 del vars, 10 del conss, 0 add conss, 0 chg bounds, 7 chg sides, 43 chg coeffs, 185 upgd conss, 0 impls, 190 clqs
   (0.0s) running MILP presolver
   (0.0s) MILP presolver (2 rounds): 0 aggregations, 2 fixings, 0 bound changes
(round 7, medium)     117 del vars, 10 del conss, 0 add conss, 0 chg bounds, 7 chg sides, 44 chg coeffs, 185 upgd conss, 0 impls, 189 clqs
(round 8, exhaustive) 117 del vars, 17 del conss, 0 add conss, 0 chg bounds, 7 chg sides, 44 chg coeffs, 185 upgd conss, 0 impls, 189 clqs
   (0.0s) probing: 51/383 (13.3%) - 0 fixings, 0 aggregations, 0 implications, 0 bound changes
   (0.0s) probing aborted: 50/50 successive totally useless probings
   (0.0s) symmetry computation started: requiring (bin +, int +, cont +), (fixed: bin -, int -, cont -)
   (0.0s) no symmetry present (symcode time: 0.00)
presolving (9 rounds: 9 fast, 7 medium, 4 exhaustive):
 117 deleted vars, 17 deleted constraints, 0 added constraints, 0 tightened bounds, 0 added holes, 7 changed sides, 44 changed coefficients
 0 implications, 189 cliques
presolved problem has 383 variables (383 bin, 0 int, 0 impl, 0 cont) and 176 constraints
    176 constraints of type <setppc>
Presolving Time: 0.02

 time | node  | left  |LP iter|LP it/n|mem/heur|mdpt |vars |cons |rows |cuts |sepa|confs|strbr|  dualbound   | primalbound  |  gap   | compl. 
  0.0s|     1 |     0 |   811 |     - |  4823k |   0 | 383 | 176 | 176 |   0 |  0 |   0 |   0 | 8.104515e+03 |      --      |    Inf | unknown
d 0.0s|     1 |     0 |   811 |     - |distribu|   0 | 383 | 176 | 176 |   0 |  1 |   0 |   0 | 8.104515e+03 | 3.990147e+03 | 103.11%| unknown
d 0.1s|     1 |     0 |   945 |     - |distribu|   0 | 383 | 176 | 176 |   0 |  1 |   0 |   0 | 8.104515e+03 | 4.384771e+03 |  84.83%| unknown
d 0.1s|     1 |     0 |   991 |     - |distribu|   0 | 383 | 176 | 176 |   0 |  1 |   0 |   0 | 8.104515e+03 | 7.559110e+03 |   7.22%| unknown
  0.1s|     1 |     0 |   991 |     - |  4922k |   0 | 383 | 176 | 176 |   0 |  1 |   0 |   0 | 8.104515e+03 | 7.559110e+03 |   7.22%| unknown
  0.1s|     1 |     2 |   991 |     - |  5098k |   0 | 383 | 176 | 176 |   0 |  2 |   0 |  21 | 8.073511e+03 | 7.559110e+03 |   6.81%| unknown

SCIP Status        : solving was interrupted [node limit reached]
Solving Time (sec) : 0.14
Solving Nodes      : 1
Primal Bound       : +7.55911033844893e+03 (30 solutions)
Dual Bound         : +8.07351055194702e+03
Gap                : 6.81 %
