presolving:
(round 1, fast)       0 del vars, 1 del conss, 0 add conss, 0 chg bounds, 0 chg sides, 0 chg coeffs, 0 upgd conss, 0 impls, 186 clqs
(round 2, fast)       1 del vars, 1 del conss, 0 add conss, 0 chg bounds, 0 chg sides, 0 chg coeffs, 0 upgd conss, 0 impls, 186 clqs
   (0.0s) running MILP presolver
   (0.0s) MILP presolver (2 rounds): 0 aggregations, 29 fixings, 0 bound changes
(round 3, medium)     30 del vars, 1 del conss, 0 add conss, 0 chg bounds, 0 chg sides, 0 chg coeffs, 0 upgd conss, 0 impls, 184 clqs
(round 4, fast)       30 del vars, 3 del conss, 0 add conss, 0 chg bounds, 0 chg sides, 0 chg coeffs, 0 upgd conss, 0 impls, 184 clqs
(round 5, exhaustive) 30 del vars, 5 del conss, 0 add conss, 0 chg bounds, 2 chg sides, 0 chg coeffs, 0 upgd conss, 0 impls, 184 clqs
(round 6, exhaustive) 30 del vars, 5 del conss, 0 add conss, 0 chg bounds, 2 chg sides, 0 chg coeffs, 182 upgd conss, 0 impls, 184 clqs
(round 7, medium)     67 del vars, 5 del conss, 0 add conss, 0 chg bounds, 2 chg sides, 37 chg coeffs, 182 upgd conss, 0 impls, 184 clqs
(round 8, fast)       90 del vars, 8 del conss, 0 add conss, 0 chg bounds, 2 chg sides, 37 chg coeffs, 182 upgd conss, 0 impls, 181 clqs
(round 9, exhaustive) 90 del vars, 14 del conss, 0 add conss, 0 chg bounds, 2 chg sides, 37 chg coeffs, 182 upgd conss, 0 impls, 181 clqs
   (0.0s) probing: 51/410 (12.4%) - 0 fixings, 0 aggregations, 0 implications, 0 bound changes
   (0.0s) probing aborted: 50/50 successive totally useless probings
   (0.0s) symmetry computation started: requiring (bin +, int +, cont +), (fixed: bin -, int -, cont -)
   (0.0s) no symmetry present (symcode time: 0.00)
presolving (10 rounds: 10 fast, 6 medium, 4 exhaustive):
 90 deleted vars, 14 deleted constraints, 0 added constraints, 0 tightened bounds, 0 added holes, 2 changed sides, 37 changed coefficients
 0 implications, 181 cliques
presolved problem has 410 variables (410 bin, 0 int, 0 impl, 0 cont) and 173 constraints
    173 constraints of type <setppc>
Presolving Time: 0.04

 time | node  | left  |LP iter|LP it/n|mem/heur|mdpt |vars |cons |rows |cuts |sepa|confs|strbr|  dualbound   | primalbound  |  gap   | compl. 
  0.1s|     1 |     0 |  1364 |     - |  5192k |   0 | 410 | 173 | 173 |   0 |  0 |   0 |   0 | 7.906273e+03 |      --      |    Inf | unknown
d 0.1s|     1 |     0 |  1364 |     - |distribu|   0 | 410 | 173 | 173 |   0 |  1 |   0 |   0 | 7.906273e+03 | 2.881139e+03 | 174.41%| unknown
d 0.1s|     1 |     0 |  1430 |     - |distribu|   0 | 410 | 173 | 173 |   0 |  1 |   0 |   0 | 7.906273e+03 | 3.145852e+03 | 151.32%| unknown
d 0.1s|     1 |     0 |  1602 |     - |distribu|   0 | 410 | 173 | 173 |   0 |  1 |   0 |   0 | 7.906273e+03 | 3.975442e+03 |  98.88%| unknown
d 0.1s|     1 |     0 |  1641 |     - |distribu|   0 | 410 | 173 | 173 |   0 |  1 |   0 |   0 | 7.906273e+03 | 4.248284e+03 |  86.11%| unknown
d 0.1s|     1 |     0 |  1660 |     - |distribu|   0 | 410 | 173 | 173 |   0 |  1 |   0 |   0 | 7.906273e+03 | 6.429557e+03 |  22.97%| unknown
d 0.1s|     1 |     0 |  1674 |     - |distribu|   0 | 410 | 173 | 173 |   0 |  1 |   0 |   0 | 7.906273e+03 | 7.004000e+03 |  12.88%| unknown
d 0.2s|     1 |     0 |  1677 |     - |distribu|   0 | 410 | 173 | 173 |   0 |  1 |   0 |   0 | 7.906273e+03 | 7.051707e+03 |  12.12%| unknown
  0.2s|     1 |     0 |  1677 |     - |  5375k |   0 | 410 | 173 | 173 |   0 |  1 |   0 |   0 | 7.906273e+03 | 7.051707e+03 |  12.12%| unknown
  0.4s|     1 |     2 |  1677 |     - |  5537k |   0 | 410 | 173 | 173 |   0 |  2 |   0 |  44 | 7.879683e+03 | 7.051707e+03 |  11.74%| unknown

SCIP Status        : solving was interrupted [node limit reached]
Solving Time (sec) : 0.38
Solving Nodes      : 1
Primal Bound       : +7.05170674401040e+03 (52 solutions)
Dual Bound         : +7.87968326282152e+03
Gap                : 11.74 %
