presolving:
   (0.0s) running MILP presolver
   (0.0s) MILP presolver (2 rounds): 0 aggregations, 12 fixings, 0 bound changes
(round 1, medium)     12 del vars, 0 del conss, 0 add conss, 0 chg bounds, 0 chg sides, 0 chg coeffs, 0 upgd conss, 0 impls, 189 clqs
(round 2, fast)       13 del vars, 1 del conss, 0 add conss, 0 chg bounds, 0 chg sides, 0 chg coeffs, 0 upgd conss, 0 impls, 188 clqs
(round 3, exhaustive) 13 del vars, 2 del conss, 0 add conss, 0 chg bounds, 1 chg sides, 0 chg coeffs, 0 upgd conss, 0 impls, 188 clqs
(round 4, exhaustive) 13 del vars, 2 del conss, 0 add conss, 0 chg bounds, 1 chg sides, 0 chg coeffs, 187 upgd conss, 0 impls, 188 clqs
(round 5, medium)     53 del vars, 2 del conss, 0 add conss, 0 chg bounds, 1 chg sides, 40 chg coeffs, 187 upgd conss, 0 impls, 188 clqs
(round 6, fast)       73 del vars, 3 del conss, 0 add conss, 0 chg bounds, 1 chg sides, 40 chg coeffs, 187 upgd conss, 0 impls, 187 clqs
(round 7, exhaustive) 73 del vars, 5 del conss, 0 add conss, 0 chg bounds, 1 chg sides, 40 chg coeffs, 187 upgd conss, 0 impls, 187 clqs
   (0.0s) probing: 51/427 (11.9%) - 0 fixings, 0 aggregations, 0 implications, 0 bound changes
   (0.0s) probing aborted: 50/50 successive totally useless probings
   (0.0s) symmetry computation started: requiring (bin +, int +, cont +), (fixed: bin -, int -, cont -)
   (0.0s) no symmetry present (symcode time: 0.00)
presolving (8 rounds: 8 fast, 6 medium, 4 exhaustive):
 73 deleted vars, 5 deleted constraints, 0 added constraints, 0 tightened bounds, 0 added holes, 1 changed sides, 40 changed coefficients
 0 implications, 187 cliques
presolved problem has 427 variables (427 bin, 0 int, 0 impl, 0 cont) and 184 constraints
    184 constraints of type <setppc>
Presolving Time: 0.02

 time | node  | left  |LP iter|LP it/n|mem/heur|mdpt |vars |cons |rows |cuts |sepa|confs|strbr|  dualbound   | primalbound  |  gap   | compl. 
  0.1s|     1 |     0 |   730 |     - |  5584k |   0 | 427 | 184 | 184 |   0 |  0 |   0 |   0 | 7.235779e+03 |      --      |    Inf | unknown
d 0.1s|     1 |     0 |   730 |     - |distribu|   0 | 427 | 184 | 184 |   0 |  1 |   0 |   0 | 7.235779e+03 | 2.868855e+03 | 152.22%| unknown
d 0.1s|     1 |     0 |   804 |     - |distribu|   0 | 427 | 184 | 184 |   0 |  1 |   0 |   0 | 7.235779e+03 | 3.272800e+03 | 121.09%| unknown
d 0.1s|     1 |     0 |   991 |     - |distribu|   0 | 427 | 184 | 184 |   0 |  1 |   0 |   0 | 7.235779e+03 | 3.974280e+03 |  82.07%| unknown
d 0.1s|     1 |     0 |  1014 |     - |distribu|   0 | 427 | 184 | 184 |   0 |  1 |   0 |   0 | 7.235779e+03 | 6.011633e+03 |  20.36%| unknown
d 0.1s|     1 |     0 |  1019 |     - |distribu|   0 | 427 | 184 | 184 |   0 |  1 |   0 |   0 | 7.235779e+03 | 6.626631e+03 |   9.19%| unknown
  0.1s|     1 |     0 |  1019 |     - |  5702k |   0 | 427 | 184 | 184 |   0 |  1 |   0 |   0 | 7.235779e+03 | 6.626631e+03 |   9.19%| unknown
  0.2s|     1 |     2 |  1019 |     - |  5801k |   0 | 427 | 184 | 184 |   0 |  2 |   0 |  23 | 7.189008e+03 | 6.626631e+03 |   8.49%| unknown

SCIP Status        : solving was interrupted [node limit reached]
Solving Time (sec) : 0.20
Solving Nodes      : 1
Primal Bound       : +6.62663125096084e+03 (30 solutions)
Dual Bound         : +7.18900827816873e+03
Gap                : 8.49 %
