presolving:
(round 1, fast)       2 del vars, 2 del conss, 0 add conss, 0 chg bounds, 0 chg sides, 0 chg coeffs, 0 upgd conss, 0 impls, 186 clqs
   (0.0s) running MILP presolver
   (0.0s) MILP presolver (2 rounds): 0 aggregations, 24 fixings, 0 bound changes
(round 2, medium)     26 del vars, 2 del conss, 0 add conss, 0 chg bounds, 0 chg sides, 0 chg coeffs, 0 upgd conss, 0 impls, 185 clqs
(round 3, fast)       26 del vars, 3 del conss, 0 add conss, 0 chg bounds, 0 chg sides, 0 chg coeffs, 0 upgd conss, 0 impls, 185 clqs
(round 4, exhaustive) 26 del vars, 8 del conss, 0 add conss, 0 chg bounds, 5 chg sides, 0 chg coeffs, 0 upgd conss, 0 impls, 185 clqs
(round 5, exhaustive) 26 del vars, 8 del conss, 0 add conss, 0 chg bounds, 5 chg sides, 0 chg coeffs, 180 upgd conss, 0 impls, 185 clqs
(round 6, medium)     59 del vars, 8 del conss, 0 add conss, 0 chg bounds, 5 chg sides, 33 chg coeffs, 180 upgd conss, 0 impls, 185 clqs
(round 7, fast)       68 del vars, 8 del conss, 0 add conss, 0 chg bounds, 5 chg sides, 33 chg coeffs, 180 upgd conss, 0 impls, 185 clqs
   (0.0s) probing: 51/432 (11.8%) - 0 fixings, 0 aggregations, 0 implications, 0 bound changes
   (0.0s) probing aborted: 50/50 successive totally useless probings
   (0.0s) symmetry computation started: requiring (bin +, int +, cont +), (fixed: bin -, int -, cont -)
   (0.0s) no symmetry present (symcode time: 0.00)
presolving (8 rounds: 8 fast, 5 medium, 3 exhaustive):
 68 deleted vars, 8 deleted constraints, 0 added constraints, 0 tightened bounds, 0 added holes, 5 changed sides, 33 changed coefficients
 0 implications, 185 cliques
presolved problem has 432 variables (432 bin, 0 int, 0 impl, 0 cont) and 180 constraints
    180 constraints of type <setppc>
Presolving Time: 0.02

 time | node  | left  |LP iter|LP it/n|mem/heur|mdpt |vars |cons |rows |cuts |sepa|confs|strbr|  dualbound   | primalbound  |  gap   | compl. 
  0.1s|     1 |     0 |  1362 |     - |  5326k |   0 | 432 | 180 | 180 |   0 |  0 |   0 |   0 | 6.929485e+03 |      --      |    Inf | unknown
d 0.1s|     1 |     0 |  1362 |     - |distribu|   0 | 432 | 180 | 180 |   0 |  1 |   0 |   0 | 6.929485e+03 | 2.096398e+03 | 230.54%| unknown
d 0.1s|     1 |     0 |  1461 |     - |distribu|   0 | 432 | 180 | 180 |   0 |  1 |   0 |   0 | 6.929485e+03 | 2.433390e+03 | 184.77%| unknown
d 0.1s|     1 |     0 |  1557 |     - |distribu|   0 | 432 | 180 | 180 |   0 |  1 |   0 |   0 | 6.929485e+03 | 2.967500e+03 | 133.51%| unknown
d 0.1s|     1 |     0 |  1643 |     - |distribu|   0 | 432 | 180 | 180 |   0 |  1 |   0 |   0 | 6.929485e+03 | 3.203740e+03 | 116.29%| unknown
d 0.1s|     1 |     0 |  1682 |     - |distribu|   0 | 432 | 180 | 180 |   0 |  1 |   0 |   0 | 6.929485e+03 | 5.698503e+03 |  21.60%| unknown
d 0.1s|     1 |     0 |  1686 |     - |distribu|   0 | 432 | 180 | 180 |   0 |  1 |   0 |   0 | 6.929485e+03 | 5.986614e+03 |  15.75%| unknown
  0.1s|     1 |     0 |  1686 |     - |  5410k |   0 | 432 | 180 | 180 |   0 |  1 |   0 |   0 | 6.929485e+03 | 5.986614e+03 |  15.75%| unknown
  0.4s|     1 |     2 |  1686 |     - |  5727k |   0 | 432 | 180 | 180 |   0 |  2 |   0 |  37 | 6.908122e+03 | 5.986614e+03 |  15.39%| unknown

SCIP Status        : solving was interrupted [node limit reached]
Solving Time (sec) : 0.38
Solving Nodes      : 1
Primal Bound       : +5.98661448813681e+03 (45 solutions)
Dual Bound         : +6.90812240690337e+03
Gap                : 15.39 %
