presolving:
(round 1, fast)       0 del vars, 1 del conss, 0 add conss, 0 chg bounds, 0 chg sides, 0 chg coeffs, 0 upgd conss, 0 impls, 191 clqs
(round 2, fast)       1 del vars, 1 del conss, 0 add conss, 0 chg bounds, 0 chg sides, 0 chg coeffs, 0 upgd conss, 0 impls, 191 clqs
   (0.0s) running MILP presolver
   (0.0s) MILP presolver (2 rounds): 0 aggregations, 10 fixings, 0 bound changes
(round 3, medium)     11 del vars, 1 del conss, 0 add conss, 0 chg bounds, 0 chg sides, 0 chg coeffs, 0 upgd conss, 0 impls, 191 clqs
(round 4, exhaustive) 11 del vars, 4 del conss, 0 add conss, 0 chg bounds, 3 chg sides, 0 chg coeffs, 0 upgd conss, 0 impls, 191 clqs
(round 5, exhaustive) 11 del vars, 4 del conss, 0 add conss, 0 chg bounds, 3 chg sides, 0 chg coeffs, 188 upgd conss, 0 impls, 191 clqs
(round 6, medium)     43 del vars, 4 del conss, 0 add conss, 0 chg bounds, 3 chg sides, 32 chg coeffs, 188 upgd conss, 0 impls, 191 clqs
(round 7, fast)       48 del vars, 4 del conss, 0 add conss, 0 chg bounds, 3 chg sides, 32 chg coeffs, 188 upgd conss, 0 impls, 191 clqs
(round 8, exhaustive) 48 del vars, 7 del conss, 0 add conss, 0 chg bounds, 3 chg sides, 32 chg coeffs, 188 upgd conss, 0 impls, 191 clqs
   (0.0s) probing: 51/452 (11.3%) - 0 fixings, 0 aggregations, 0 implications, 0 bound changes
   (0.0s) probing aborted: 50/50 successive totally useless probings
   (0.0s) symmetry computation started: requiring (bin +, int +, cont +), (fixed: bin -, int -, cont -)
   (0.0s) no symmetry present (symcode time: 0.00)
presolving (9 rounds: 9 fast, 6 medium, 4 exhaustive):
 48 deleted vars, 7 deleted constraints, 0 added constraints, 0 tightened bounds, 0 added holes, 3 changed sides, 32 changed coefficients
 0 implications, 191 cliques
presolved problem has 452 variables (452 bin, 0 int, 0 impl, 0 cont) and 185 constraints
    185 constraints of type <setppc>
Presolving Time: 0.01

 time | node  | left  |LP iter|LP it/n|mem/heur|mdpt |vars |cons |rows |cuts |sepa|confs|strbr|  dualbound   | primalbound  |  gap   | compl. 
  0.1s|     1 |     0 |  2049 |     - |  5807k |   0 | 452 | 185 | 185 |   0 |  0 |   0 |   0 | 7.778835e+03 |      --      |    Inf | unknown
d 0.1s|     1 |     0 |  2049 |     - |distribu|   0 | 452 | 185 | 185 |   0 |  1 |   0 |   0 | 7.778835e+03 | 2.480102e+03 | 213.65%| unknown
d 0.1s|     1 |     0 |  2178 |     - |distribu|   0 | 452 | 185 | 185 |   0 |  1 |   0 |   0 | 7.778835e+03 | 2.667862e+03 | 191.58%| unknown
d 0.1s|     1 |     0 |  2238 |     - |distribu|   0 | 452 | 185 | 185 |   0 |  1 |   0 |   0 | 7.778835e+03 | 3.753481e+03 | 107.24%| unknown
d 0.1s|     1 |     0 |  2282 |     - |distribu|   0 | 452 | 185 | 185 |   0 |  1 |   0 |   0 | 7.778835e+03 | 4.871806e+03 |  59.67%| unknown
d 0.1s|     1 |     0 |  2296 |     - |distribu|   0 | 452 | 185 | 185 |   0 |  1 |   0 |   0 | 7.778835e+03 | 5.483883e+03 |  41.85%| unknown
d 0.1s|     1 |     0 |  2318 |     - |distribu|   0 | 452 | 185 | 185 |   0 |  1 |   0 |   0 | 7.778835e+03 | 6.690121e+03 |  16.27%| unknown
  0.1s|     1 |     0 |  2318 |     - |  5956k |   0 | 452 | 185 | 185 |   0 |  1 |   0 |   0 | 7.778835e+03 | 6.690121e+03 |  16.27%| unknown
  0.3s|     1 |     2 |  2318 |     - |  6141k |   0 | 452 | 185 | 185 |   0 |  2 |   0 |  25 | 7.755080e+03 | 6.690121e+03 |  15.92%| unknown

SCIP Status        : solving was interrupted [node limit reached]
Solving Time (sec) : 0.27
Solving Nodes      : 1
Primal Bound       : +6.69012052961818e+03 (34 solutions)
Dual Bound         : +7.75507955885567e+03
Gap                : 15.92 %
