presolving:
   (0.0s) running MILP presolver
   (0.0s) MILP presolver (2 rounds): 0 aggregations, 13 fixings, 0 bound changes
(round 1, medium)     13 del vars, 0 del conss, 0 add conss, 0 chg bounds, 0 chg sides, 0 chg coeffs, 0 upgd conss, 0 impls, 198 clqs
(round 2, exhaustive) 13 del vars, 7 del conss, 0 add conss, 0 chg bounds, 7 chg sides, 0 chg coeffs, 0 upgd conss, 0 impls, 198 clqs
(round 3, exhaustive) 13 del vars, 7 del conss, 0 add conss, 0 chg bounds, 7 chg sides, 0 chg coeffs, 191 upgd conss, 0 impls, 198 clqs
(round 4, medium)     44 del vars, 7 del conss, 0 add conss, 0 chg bounds, 7 chg sides, 31 chg coeffs, 191 upgd conss, 0 impls, 198 clqs
(round 5, fast)       55 del vars, 8 del conss, 0 add conss, 0 chg bounds, 7 chg sides, 31 chg coeffs, 191 upgd conss, 0 impls, 197 clqs
(round 6, exhaustive) 55 del vars, 11 del conss, 0 add conss, 0 chg bounds, 7 chg sides, 31 chg coeffs, 191 upgd conss, 0 impls, 197 clqs
   (0.0s) probing: 51/445 (11.5%) - 0 fixings, 0 aggregations, 0 implications, 0 bound changes
   (0.0s) probing aborted: 50/50 successive totally useless probings
   (0.0s) symmetry computation started: requiring (bin +, int +, cont +), (fixed: bin -, int -, cont -)
   (0.0s) no symmetry present (symcode time: 0.00)
presolving (7 rounds: 7 fast, 6 medium, 4 exhaustive):
 55 deleted vars, 11 deleted constraints, 0 added constraints, 0 tightened bounds, 0 added holes, 7 changed sides, 31 changed coefficients
 0 implications, 197 cliques
presolved problem has 445 variables (445 bin, 0 int, 0 impl, 0 cont) and 187 constraints
    187 constraints of type <setppc>
Presolving Time: 0.01

 time | node  | left  |LP iter|LP it/n|mem/heur|mdpt |vars |cons |rows |cuts |sepa|confs|strbr|  dualbound   | primalbound  |  gap   | compl. 
  0.1s|     1 |     0 |  2058 |     - |  5582k |   0 | 445 | 187 | 187 |   0 |  0 |   0 |   0 | 7.395770e+03 |      --      |    Inf | unknown
d 0.1s|     1 |     0 |  2058 |     - |distribu|   0 | 445 | 187 | 187 |   0 |  1 |   0 |   0 | 7.395770e+03 | 2.288954e+03 | 223.11%| unknown
d 0.1s|     1 |     0 |  2142 |     - |distribu|   0 | 445 | 187 | 187 |   0 |  1 |   0 |   0 | 7.395770e+03 | 2.606678e+03 | 183.72%| unknown
d 0.1s|     1 |     0 |  2252 |     - |distribu|   0 | 445 | 187 | 187 |   0 |  1 |   0 |   0 | 7.395770e+03 | 3.162299e+03 | 133.87%| unknown
d 0.1s|     1 |     0 |  2311 |     - |distribu|   0 | 445 | 187 | 187 |   0 |  1 |   0 |   0 | 7.395770e+03 | 3.661177e+03 | 102.01%| unknown
d 0.1s|     1 |     0 |  2338 |     - |distribu|   0 | 445 | 187 | 187 |   0 |  1 |   0 |   0 | 7.395770e+03 | 4.143896e+03 |  78.47%| unknown
d 0.1s|     1 |     0 |  2350 |     - |distribu|   0 | 445 | 187 | 187 |   0 |  1 |   0 |   0 | 7.395770e+03 | 4.742486e+03 |  55.95%| unknown
d 0.1s|     1 |     0 |  2359 |     - |distribu|   0 | 445 | 187 | 187 |   0 |  1 |   0 |   0 | 7.395770e+03 | 6.217841e+03 |  18.94%| unknown
d 0.1s|     1 |     0 |  2361 |     - |distribu|   0 | 445 | 187 | 187 |   0 |  1 |   0 |   0 | 7.395770e+03 | 6.392348e+03 |  15.70%| unknown
  0.1s|     1 |     0 |  2361 |     - |  5740k |   0 | 445 | 187 | 187 |   0 |  1 |   0 |   0 | 7.395770e+03 | 6.392348e+03 |  15.70%| unknown
  0.2s|     1 |     2 |  2361 |     - |  5885k |   0 | 445 | 187 | 187 |   0 |  2 |   0 |  27 | 7.357530e+03 | 6.392348e+03 |  15.10%| unknown

SCIP Status        : solving was interrupted [node limit reached]
Solving Time (sec) : 0.24
Solving Nodes      : 1
Primal Bound       : +6.39234838568493e+03 (37 solutions)
Dual Bound         : +7.35752954719185e+03
Gap                : 15.10 %
