presolving:
(round 1, fast)       1 del vars, 2 del conss, 0 add conss, 0 chg bounds, 0 chg sides, 0 chg coeffs, 0 upgd conss, 0 impls, 191 clqs
   (0.0s) running MILP presolver
   (0.0s) MILP presolver (2 rounds): 0 aggregations, 14 fixings, 0 bound changes
(round 2, medium)     15 del vars, 2 del conss, 0 add conss, 0 chg bounds, 0 chg sides, 0 chg coeffs, 0 upgd conss, 0 impls, 191 clqs
(round 3, exhaustive) 15 del vars, 5 del conss, 0 add conss, 0 chg bounds, 3 chg sides, 0 chg coeffs, 0 upgd conss, 0 impls, 191 clqs
(round 4, exhaustive) 15 del vars, 5 del conss, 0 add conss, 0 chg bounds, 3 chg sides, 0 chg coeffs, 188 upgd conss, 0 impls, 191 clqs
(round 5, medium)     48 del vars, 5 del conss, 0 add conss, 0 chg bounds, 3 chg sides, 33 chg coeffs, 188 upgd conss, 0 impls, 191 clqs
(round 6, fast)       59 del vars, 5 del conss, 0 add conss, 0 chg bounds, 3 chg sides, 33 chg coeffs, 188 upgd conss, 0 impls, 191 clqs
(round 7, exhaustive) 59 del vars, 9 del conss, 0 add conss, 0 chg bounds, 3 chg sides, 33 chg coeffs, 188 upgd conss, 0 impls, 191 clqs
(round 8, exhaustive) 60 del vars, 9 del conss, 0 add conss, 0 chg bounds, 3 chg sides, 33 chg coeffs, 188 upgd conss, 0 impls, 190 clqs
   (0.0s) probing: 51/440 (11.6%) - 0 fixings, 0 aggregations, 0 implications, 0 bound changes
   (0.0s) probing aborted: 50/50 successive totally useless probings
   (0.0s) symmetry computation started: requiring (bin +, int +, cont +), (fixed: bin -, int -, cont -)
   (0.0s) no symmetry present (symcode time: 0.00)
presolving (9 rounds: 9 fast, 7 medium, 5 exhaustive):
 60 deleted vars, 9 deleted constraints, 0 added constraints, 0 tightened bounds, 0 added holes, 3 changed sides, 33 changed coefficients
 0 implications, 190 cliques
presolved problem has 440 variables (440 bin, 0 int, 0 impl, 0 cont) and 184 constraints
    184 constraints of type <setppc>
Presolving Time: 0.02

 time | node  | left  |LP iter|LP it/n|mem/heur|mdpt |vars |cons |rows |cuts |sepa|confs|strbr|  dualbound   | primalbound  |  gap   | compl. 
  0.1s|     1 |     0 |  1545 |     - |  5374k |   0 | 440 | 184 | 184 |   0 |  0 |   0 |   0 | 7.897136e+03 |      --      |    Inf | unknown
d 0.1s|     1 |     0 |  1545 |     - |distribu|   0 | 440 | 184 | 184 |   0 |  1 |   0 |   0 | 7.897136e+03 | 3.082156e+03 | 156.22%| unknown
d 0.1s|     1 |     0 |  1695 |     - |distribu|   0 | 440 | 184 | 184 |   0 |  1 |   0 |   0 | 7.897136e+03 | 4.388798e+03 |  79.94%| unknown
d 0.1s|     1 |     0 |  1733 |     - |distribu|   0 | 440 | 184 | 184 |   0 |  1 |   0 |   0 | 7.897136e+03 | 6.178379e+03 |  27.82%| unknown
d 0.1s|     1 |     0 |  1805 |     - |distribu|   0 | 440 | 184 | 184 |   0 |  1 |   0 |   0 | 7.897136e+03 | 7.002795e+03 |  12.77%| unknown
  0.1s|     1 |     0 |  1805 |     - |  5530k |   0 | 440 | 184 | 184 |   0 |  1 |   0 |   0 | 7.897136e+03 | 7.002795e+03 |  12.77%| unknown
* 0.1s|     1 |     0 |  1805 |     - |strongbr|   0 | 440 | 184 | 184 |   0 |  2 |   0 |   5 | 7.897136e+03 | 7.870210e+03 |   0.34%| unknown
  0.1s|     1 |     0 |  1821 |     - |  5699k |   0 | 440 | 184 | 184 |   0 |  2 | 268 |  10 | 7.874771e+03 | 7.870210e+03 |   0.06%| unknown

SCIP Status        : solving was interrupted [node limit reached]
Solving Time (sec) : 0.12
Solving Nodes      : 1
Primal Bound       : +7.87021048269727e+03 (18 solutions)
Dual Bound         : +7.87477122989663e+03
Gap                : 0.06 %
