presolving:
   (0.0s) running MILP presolver
   (0.0s) MILP presolver (2 rounds): 0 aggregations, 17 fixings, 0 bound changes
(round 1, medium)     17 del vars, 0 del conss, 0 add conss, 0 chg bounds, 0 chg sides, 0 chg coeffs, 0 upgd conss, 0 impls, 193 clqs
(round 2, fast)       17 del vars, 1 del conss, 0 add conss, 0 chg bounds, 0 chg sides, 0 chg coeffs, 0 upgd conss, 0 impls, 193 clqs
(round 3, exhaustive) 17 del vars, 8 del conss, 0 add conss, 0 chg bounds, 7 chg sides, 0 chg coeffs, 0 upgd conss, 0 impls, 193 clqs
(round 4, exhaustive) 17 del vars, 8 del conss, 0 add conss, 0 chg bounds, 7 chg sides, 0 chg coeffs, 186 upgd conss, 0 impls, 193 clqs
(round 5, medium)     54 del vars, 8 del conss, 0 add conss, 0 chg bounds, 7 chg sides, 37 chg coeffs, 186 upgd conss, 0 impls, 193 clqs
(round 6, fast)       73 del vars, 9 del conss, 0 add conss, 0 chg bounds, 7 chg sides, 37 chg coeffs, 186 upgd conss, 0 impls, 190 clqs
(round 7, exhaustive) 73 del vars, 14 del conss, 0 add conss, 0 chg bounds, 7 chg sides, 37 chg coeffs, 186 upgd conss, 0 impls, 190 clqs
   (0.0s) probing: 51/427 (11.9%) - 0 fixings, 0 aggregations, 0 implications, 0 bound changes
   (0.0s) probing aborted: 50/50 successive totally useless probings
   (0.0s) symmetry computation started: requiring (bin +, int +, cont +), (fixed: bin -, int -, cont -)
   (0.0s) no symmetry present (symcode time: 0.00)
presolving (8 rounds: 8 fast, 6 medium, 4 exhaustive):
 73 deleted vars, 14 deleted constraints, 0 added constraints, 0 tightened bounds, 0 added holes, 7 changed sides, 37 changed coefficients
 0 implications, 190 cliques
presolved problem has 427 variables (427 bin, 0 int, 0 impl, 0 cont) and 180 constraints
    180 constraints of type <setppc>
Presolving Time: 0.02

 time | node  | left  |LP iter|LP it/n|mem/heur|mdpt |vars |cons |rows |cuts |sepa|confs|strbr|  dualbound   | primalbound  |  gap   | compl. 
  0.1s|     1 |     0 |  1312 |     - |  5598k |   0 | 427 | 180 | 180 |   0 |  0 |   0 |   0 | 7.804326e+03 |      --      |    Inf | unknown
d 0.1s|     1 |     0 |  1312 |     - |distribu|   0 | 427 | 180 | 180 |   0 |  1 |   0 |   0 | 7.804326e+03 | 3.057615e+03 | 155.24%| unknown
d 0.1s|     1 |     0 |  1413 |     - |distribu|   0 | 427 | 180 | 180 |   0 |  1 |   0 |   0 | 7.804326e+03 | 3.502866e+03 | 122.80%| unknown
d 0.1s|     1 |     0 |  1480 |     - |distribu|   0 | 427 | 180 | 180 |   0 |  1 |   0 |   0 | 7.804326e+03 | 3.669702e+03 | 112.67%| unknown
d 0.1s|     1 |     0 |  1580 |     - |distribu|   0 | 427 | 180 | 180 |   0 |  1 |   0 |   0 | 7.804326e+03 | 5.120783e+03 |  52.40%| unknown
d 0.1s|     1 |     0 |  1684 |     - |distribu|   0 | 427 | 180 | 180 |   0 |  1 |   0 |   0 | 7.804326e+03 | 6.696534e+03 |  16.54%| unknown
  0.1s|     1 |     0 |  1684 |     - |  5706k |   0 | 427 | 180 | 180 |   0 |  1 |   0 |   0 | 7.804326e+03 | 6.696534e+03 |  16.54%| unknown
  0.4s|     1 |     2 |  1684 |     - |  5881k |   0 | 427 | 180 | 180 |   0 |  2 |   0 |  40 | 7.767811e+03 | 6.696534e+03 |  16.00%| unknown

SCIP Status        : solving was interrupted [node limit reached]
Solving Time (sec) : 0.42
Solving Nodes      : 1
Primal Bound       : +6.69653389112872e+03 (49 solutions)
Dual Bound         : +7.76781059557481e+03
Gap                : 16.00 %
