presolving:
(round 1, fast)       0 del vars, 2 del conss, 0 add conss, 0 chg bounds, 0 chg sides, 0 chg coeffs, 0 upgd conss, 0 impls, 191 clqs
(round 2, fast)       1 del vars, 2 del conss, 0 add conss, 0 chg bounds, 0 chg sides, 0 chg coeffs, 0 upgd conss, 0 impls, 191 clqs
   (0.0s) running MILP presolver
   (0.0s) MILP presolver (2 rounds): 0 aggregations, 13 fixings, 0 bound changes
(round 3, medium)     14 del vars, 2 del conss, 0 add conss, 0 chg bounds, 0 chg sides, 0 chg coeffs, 0 upgd conss, 0 impls, 191 clqs
(round 4, exhaustive) 14 del vars, 5 del conss, 0 add conss, 0 chg bounds, 3 chg sides, 0 chg coeffs, 0 upgd conss, 0 impls, 191 clqs
(round 5, exhaustive) 14 del vars, 5 del conss, 0 add conss, 0 chg bounds, 3 chg sides, 0 chg coeffs, 188 upgd conss, 0 impls, 191 clqs
(round 6, medium)     50 del vars, 5 del conss, 0 add conss, 0 chg bounds, 3 chg sides, 36 chg coeffs, 188 upgd conss, 0 impls, 191 clqs
(round 7, fast)       69 del vars, 6 del conss, 0 add conss, 0 chg bounds, 3 chg sides, 36 chg coeffs, 188 upgd conss, 0 impls, 190 clqs
(round 8, exhaustive) 69 del vars, 11 del conss, 0 add conss, 0 chg bounds, 3 chg sides, 36 chg coeffs, 188 upgd conss, 0 impls, 190 clqs
   (0.0s) probing: 51/431 (11.8%) - 0 fixings, 0 aggregations, 0 implications, 0 bound changes
   (0.0s) probing aborted: 50/50 successive totally useless probings
   (0.0s) symmetry computation started: requiring (bin +, int +, cont +), (fixed: bin -, int -, cont -)
   (0.0s) no symmetry present (symcode time: 0.00)
presolving (9 rounds: 9 fast, 6 medium, 4 exhaustive):
 69 deleted vars, 11 deleted constraints, 0 added constraints, 0 tightened bounds, 0 added holes, 3 changed sides, 36 changed coefficients
 0 implications, 190 cliques
presolved problem has 431 variables (431 bin, 0 int, 0 impl, 0 cont) and 182 constraints
    182 constraints of type <setppc>
Presolving Time: 0.02

 time | node  | left  |LP iter|LP it/n|mem/heur|mdpt |vars |cons |rows |cuts |sepa|confs|strbr|  dualbound   | primalbound  |  gap   | compl. 
  0.1s|     1 |     0 |  1736 |     - |  5328k |   0 | 431 | 182 | 182 |   0 |  0 |   0 |   0 | 7.400402e+03 |      --      |    Inf | unknown
d 0.1s|     1 |     0 |  1736 |     - |distribu|   0 | 431 | 182 | 182 |   0 |  1 |   0 |   0 | 7.400402e+03 | 2.589859e+03 | 185.75%| unknown
d 0.1s|     1 |     0 |  1817 |     - |distribu|   0 | 431 | 182 | 182 |   0 |  1 |   0 |   0 | 7.400402e+03 | 2.885084e+03 | 156.51%| unknown
d 0.1s|     1 |     0 |  2027 |     - |distribu|   0 | 431 | 182 | 182 |   0 |  1 |   0 |   0 | 7.400402e+03 | 3.279977e+03 | 125.62%| unknown
d 0.1s|     1 |     0 |  2114 |     - |distribu|   0 | 431 | 182 | 182 |   0 |  1 |   0 |   0 | 7.400402e+03 | 6.667353e+03 |  10.99%| unknown
  0.1s|     1 |     0 |  2114 |     - |  5438k |   0 | 431 | 182 | 182 |   0 |  1 |   0 |   0 | 7.400402e+03 | 6.667353e+03 |  10.99%| unknown
  0.4s|     1 |     2 |  2114 |     - |  5612k |   0 | 431 | 182 | 182 |   0 |  2 |   0 |  43 | 7.375243e+03 | 6.667353e+03 |  10.62%| unknown

SCIP Status        : solving was interrupted [node limit reached]
Solving Time (sec) : 0.36
Solving Nodes      : 1
Primal Bound       : +6.66735254874221e+03 (47 solutions)
Dual Bound         : +7.37524286703849e+03
Gap                : 10.62 %
