presolving:
(round 1, fast)       0 del vars, 1 del conss, 0 add conss, 0 chg bounds, 0 chg sides, 0 chg coeffs, 0 upgd conss, 0 impls, 192 clqs
(round 2, fast)       1 del vars, 1 del conss, 0 add conss, 0 chg bounds, 0 chg sides, 0 chg coeffs, 0 upgd conss, 0 impls, 192 clqs
   (0.0s) running MILP presolver
   (0.0s) MILP presolver (2 rounds): 0 aggregations, 12 fixings, 0 bound changes
(round 3, medium)     13 del vars, 1 del conss, 0 add conss, 0 chg bounds, 0 chg sides, 0 chg coeffs, 0 upgd conss, 0 impls, 192 clqs
(round 4, exhaustive) 13 del vars, 2 del conss, 0 add conss, 0 chg bounds, 1 chg sides, 0 chg coeffs, 0 upgd conss, 0 impls, 192 clqs
(round 5, exhaustive) 13 del vars, 2 del conss, 0 add conss, 0 chg bounds, 1 chg sides, 0 chg coeffs, 191 upgd conss, 0 impls, 192 clqs
(round 6, medium)     52 del vars, 2 del conss, 0 add conss, 0 chg bounds, 1 chg sides, 39 chg coeffs, 191 upgd conss, 0 impls, 192 clqs
(round 7, fast)       68 del vars, 2 del conss, 0 add conss, 0 chg bounds, 1 chg sides, 39 chg coeffs, 191 upgd conss, 0 impls, 192 clqs
(round 8, exhaustive) 68 del vars, 9 del conss, 0 add conss, 0 chg bounds, 1 chg sides, 39 chg coeffs, 191 upgd conss, 0 impls, 192 clqs
   (0.0s) probing: 51/432 (11.8%) - 0 fixings, 0 aggregations, 0 implications, 0 bound changes
   (0.0s) probing aborted: 50/50 successive totally useless probings
   (0.0s) symmetry computation started: requiring (bin +, int +, cont +), (fixed: bin -, int -, cont -)
   (0.0s) no symmetry present (symcode time: 0.00)
presolving (9 rounds: 9 fast, 6 medium, 4 exhaustive):
 68 deleted vars, 9 deleted constraints, 0 added constraints, 0 tightened bounds, 0 added holes, 1 changed sides, 39 changed coefficients
 0 implications, 192 cliques
presolved problem has 432 variables (432 bin, 0 int, 0 impl, 0 cont) and 184 constraints
    184 constraints of type <setppc>
Presolving Time: 0.03

 time | node  | left  |LP iter|LP it/n|mem/heur|mdpt |vars |cons |rows |cuts |sepa|confs|strbr|  dualbound   | primalbound  |  gap   | compl. 
  0.1s|     1 |     0 |  1067 |     - |  5354k |   0 | 432 | 184 | 184 |   0 |  0 |   0 |   0 | 7.992685e+03 |      --      |    Inf | unknown
d 0.1s|     1 |     0 |  1067 |     - |distribu|   0 | 432 | 184 | 184 |   0 |  1 |   0 |   0 | 7.992685e+03 | 3.198131e+03 | 149.92%| unknown
d 0.1s|     1 |     0 |  1130 |     - |distribu|   0 | 432 | 184 | 184 |   0 |  1 |   0 |   0 | 7.992685e+03 | 3.517825e+03 | 127.21%| unknown
d 0.1s|     1 |     0 |  1172 |     - |distribu|   0 | 432 | 184 | 184 |   0 |  1 |   0 |   0 | 7.992685e+03 | 3.812169e+03 | 109.66%| unknown
d 0.1s|     1 |     0 |  1232 |     - |distribu|   0 | 432 | 184 | 184 |   0 |  1 |   0 |   0 | 7.992685e+03 | 4.063161e+03 |  96.71%| unknown
d 0.1s|     1 |     0 |  1284 |     - |distribu|   0 | 432 | 184 | 184 |   0 |  1 |   0 |   0 | 7.992685e+03 | 4.611163e+03 |  73.33%| unknown
d 0.1s|     1 |     0 |  1380 |     - |distribu|   0 | 432 | 184 | 184 |   0 |  1 |   0 |   0 | 7.992685e+03 | 4.752903e+03 |  68.16%| unknown
d 0.1s|     1 |     0 |  1404 |     - |distribu|   0 | 432 | 184 | 184 |   0 |  1 |   0 |   0 | 7.992685e+03 | 6.980627e+03 |  14.50%| unknown
d 0.1s|     1 |     0 |  1408 |     - |distribu|   0 | 432 | 184 | 184 |   0 |  1 |   0 |   0 | 7.992685e+03 | 7.197377e+03 |  11.05%| unknown
  0.1s|     1 |     0 |  1408 |     - |  5520k |   0 | 432 | 184 | 184 |   0 |  1 |   0 |   0 | 7.992685e+03 | 7.197377e+03 |  11.05%| unknown
  0.4s|     1 |     2 |  1408 |     - |  5755k |   0 | 432 | 184 | 184 |   0 |  2 |   0 |  41 | 7.963049e+03 | 7.197377e+03 |  10.64%| unknown

SCIP Status        : solving was interrupted [node limit reached]
Solving Time (sec) : 0.38
Solving Nodes      : 1
Primal Bound       : +7.19737705250971e+03 (58 solutions)
Dual Bound         : +7.96304870545297e+03
Gap                : 10.64 %
