presolving:
   (0.0s) running MILP presolver
   (0.0s) MILP presolver (2 rounds): 0 aggregations, 11 fixings, 0 bound changes
(round 1, medium)     11 del vars, 0 del conss, 0 add conss, 0 chg bounds, 0 chg sides, 0 chg coeffs, 0 upgd conss, 0 impls, 186 clqs
(round 2, exhaustive) 11 del vars, 4 del conss, 0 add conss, 0 chg bounds, 4 chg sides, 0 chg coeffs, 0 upgd conss, 0 impls, 186 clqs
(round 3, exhaustive) 11 del vars, 4 del conss, 0 add conss, 0 chg bounds, 4 chg sides, 0 chg coeffs, 182 upgd conss, 0 impls, 186 clqs
(round 4, medium)     41 del vars, 4 del conss, 0 add conss, 0 chg bounds, 4 chg sides, 30 chg coeffs, 182 upgd conss, 0 impls, 186 clqs
(round 5, fast)       46 del vars, 4 del conss, 0 add conss, 0 chg bounds, 4 chg sides, 30 chg coeffs, 182 upgd conss, 0 impls, 186 clqs
(round 6, exhaustive) 46 del vars, 6 del conss, 0 add conss, 0 chg bounds, 4 chg sides, 30 chg coeffs, 182 upgd conss, 0 impls, 186 clqs
   (0.0s) probing: 51/454 (11.2%) - 0 fixings, 0 aggregations, 0 implications, 0 bound changes
   (0.0s) probing aborted: 50/50 successive totally useless probings
   (0.0s) symmetry computation started: requiring (bin +, int +, cont +), (fixed: bin -, int -, cont -)
   (0.0s) no symmetry present (symcode time: 0.00)
presolving (7 rounds: 7 fast, 6 medium, 4 exhaustive):
 46 deleted vars, 6 deleted constraints, 0 added constraints, 0 tightened bounds, 0 added holes, 4 changed sides, 30 changed coefficients
 0 implications, 186 cliques
presolved problem has 454 variables (454 bin, 0 int, 0 impl, 0 cont) and 180 constraints
    180 constraints of type <setppc>
Presolving Time: 0.02

 time | node  | left  |LP iter|LP it/n|mem/heur|mdpt |vars |cons |rows |cuts |sepa|confs|strbr|  dualbound   | primalbound  |  gap   | compl. 
  0.2s|     1 |     0 |  2347 |     - |  5785k |   0 | 454 | 180 | 180 |   0 |  0 |   0 |   0 | 7.460288e+03 |      --      |    Inf | unknown
d 0.2s|     1 |     0 |  2347 |     - |distribu|   0 | 454 | 180 | 180 |   0 |  1 |   0 |   0 | 7.460288e+03 | 2.257232e+03 | 230.51%| unknown
d 0.2s|     1 |     0 |  2447 |     - |distribu|   0 | 454 | 180 | 180 |   0 |  1 |   0 |   0 | 7.460288e+03 | 2.533391e+03 | 194.48%| unknown
d 0.2s|     1 |     0 |  2517 |     - |distribu|   0 | 454 | 180 | 180 |   0 |  1 |   0 |   0 | 7.460288e+03 | 2.900126e+03 | 157.24%| unknown
d 0.2s|     1 |     0 |  2592 |     - |distribu|   0 | 454 | 180 | 180 |   0 |  1 |   0 |   0 | 7.460288e+03 | 3.408584e+03 | 118.87%| unknown
d 0.2s|     1 |     0 |  2716 |     - |distribu|   0 | 454 | 180 | 180 |   0 |  1 |   0 |   0 | 7.460288e+03 | 4.092651e+03 |  82.28%| unknown
d 0.2s|     1 |     0 |  2779 |     - |distribu|   0 | 454 | 180 | 180 |   0 |  1 |   0 |   0 | 7.460288e+03 | 4.757417e+03 |  56.81%| unknown
d 0.2s|     1 |     0 |  2794 |     - |distribu|   0 | 454 | 180 | 180 |   0 |  1 |   0 |   0 | 7.460288e+03 | 6.301083e+03 |  18.40%| unknown
  0.2s|     1 |     0 |  2794 |     - |  5896k |   0 | 454 | 180 | 180 |   0 |  1 |   0 |   0 | 7.460288e+03 | 6.301083e+03 |  18.40%| unknown
  0.4s|     1 |     2 |  2794 |     - |  6070k |   0 | 454 | 180 | 180 |   0 |  2 |   0 |  24 | 7.416986e+03 | 6.301083e+03 |  17.71%| unknown

SCIP Status        : solving was interrupted [node limit reached]
Solving Time (sec) : 0.43
Solving Nodes      : 1
Primal Bound       : +6.30108264176453e+03 (32 solutions)
Dual Bound         : +7.41698596027552e+03
Gap                : 17.71 %
