presolving:
   (0.0s) running MILP presolver
   (0.0s) MILP presolver (2 rounds): 0 aggregations, 17 fixings, 0 bound changes
(round 1, medium)     17 del vars, 0 del conss, 0 add conss, 0 chg bounds, 0 chg sides, 0 chg coeffs, 0 upgd conss, 0 impls, 191 clqs
(round 2, exhaustive) 17 del vars, 1 del conss, 0 add conss, 0 chg bounds, 1 chg sides, 0 chg coeffs, 0 upgd conss, 0 impls, 191 clqs
(round 3, exhaustive) 17 del vars, 1 del conss, 0 add conss, 0 chg bounds, 1 chg sides, 0 chg coeffs, 190 upgd conss, 0 impls, 191 clqs
(round 4, medium)     51 del vars, 1 del conss, 0 add conss, 0 chg bounds, 1 chg sides, 34 chg coeffs, 190 upgd conss, 0 impls, 191 clqs
(round 5, fast)       64 del vars, 2 del conss, 0 add conss, 0 chg bounds, 1 chg sides, 34 chg coeffs, 190 upgd conss, 0 impls, 190 clqs
(round 6, exhaustive) 64 del vars, 7 del conss, 0 add conss, 0 chg bounds, 1 chg sides, 34 chg coeffs, 190 upgd conss, 0 impls, 190 clqs
   (0.0s) probing: 51/436 (11.7%) - 0 fixings, 0 aggregations, 0 implications, 0 bound changes
   (0.0s) probing aborted: 50/50 successive totally useless probings
   (0.0s) symmetry computation started: requiring (bin +, int +, cont +), (fixed: bin -, int -, cont -)
   (0.0s) no symmetry present (symcode time: 0.00)
presolving (7 rounds: 7 fast, 6 medium, 4 exhaustive):
 64 deleted vars, 7 deleted constraints, 0 added constraints, 0 tightened bounds, 0 added holes, 1 changed sides, 34 changed coefficients
 0 implications, 190 cliques
presolved problem has 436 variables (436 bin, 0 int, 0 impl, 0 cont) and 184 constraints
    184 constraints of type <setppc>
Presolving Time: 0.02

 time | node  | left  |LP iter|LP it/n|mem/heur|mdpt |vars |cons |rows |cuts |sepa|confs|strbr|  dualbound   | primalbound  |  gap   | compl. 
  0.1s|     1 |     0 |  1096 |     - |  5533k |   0 | 436 | 184 | 184 |   0 |  0 |   0 |   0 | 7.769612e+03 |      --      |    Inf | unknown
d 0.1s|     1 |     0 |  1096 |     - |distribu|   0 | 436 | 184 | 184 |   0 |  1 |   0 |   0 | 7.769612e+03 | 2.859539e+03 | 171.71%| unknown
d 0.1s|     1 |     0 |  1224 |     - |distribu|   0 | 436 | 184 | 184 |   0 |  1 |   0 |   0 | 7.769612e+03 | 2.860621e+03 | 171.61%| unknown
d 0.1s|     1 |     0 |  1308 |     - |distribu|   0 | 436 | 184 | 184 |   0 |  1 |   0 |   0 | 7.769612e+03 | 3.181455e+03 | 144.22%| unknown
d 0.1s|     1 |     0 |  1414 |     - |distribu|   0 | 436 | 184 | 184 |   0 |  1 |   0 |   0 | 7.769612e+03 | 3.510079e+03 | 121.35%| unknown
d 0.1s|     1 |     0 |  1503 |     - |distribu|   0 | 436 | 184 | 184 |   0 |  1 |   0 |   0 | 7.769612e+03 | 3.812346e+03 | 103.80%| unknown
d 0.1s|     1 |     0 |  1539 |     - |distribu|   0 | 436 | 184 | 184 |   0 |  1 |   0 |   0 | 7.769612e+03 | 4.473900e+03 |  73.67%| unknown
d 0.1s|     1 |     0 |  1554 |     - |distribu|   0 | 436 | 184 | 184 |   0 |  1 |   0 |   0 | 7.769612e+03 | 6.230298e+03 |  24.71%| unknown
  0.1s|     1 |     0 |  1554 |     - |  5631k |   0 | 436 | 184 | 184 |   0 |  1 |   0 |   0 | 7.769612e+03 | 6.230298e+03 |  24.71%| unknown
  0.3s|     1 |     2 |  1554 |     - |  5807k |   0 | 436 | 184 | 184 |   0 |  2 |   0 |  40 | 7.715238e+03 | 6.230298e+03 |  23.83%| unknown

SCIP Status        : solving was interrupted [node limit reached]
Solving Time (sec) : 0.31
Solving Nodes      : 1
Primal Bound       : +6.23029790078093e+03 (49 solutions)
Dual Bound         : +7.71523782675455e+03
Gap                : 23.83 %
