presolving:
(round 1, fast)       0 del vars, 2 del conss, 0 add conss, 0 chg bounds, 0 chg sides, 0 chg coeffs, 0 upgd conss, 0 impls, 196 clqs
   (0.0s) running MILP presolver
   (0.0s) MILP presolver (2 rounds): 0 aggregations, 23 fixings, 0 bound changes
(round 2, medium)     23 del vars, 2 del conss, 0 add conss, 0 chg bounds, 0 chg sides, 0 chg coeffs, 0 upgd conss, 0 impls, 194 clqs
(round 3, fast)       23 del vars, 4 del conss, 0 add conss, 0 chg bounds, 0 chg sides, 0 chg coeffs, 0 upgd conss, 0 impls, 194 clqs
(round 4, exhaustive) 23 del vars, 8 del conss, 0 add conss, 0 chg bounds, 4 chg sides, 0 chg coeffs, 0 upgd conss, 0 impls, 194 clqs
(round 5, exhaustive) 23 del vars, 8 del conss, 0 add conss, 0 chg bounds, 4 chg sides, 0 chg coeffs, 190 upgd conss, 0 impls, 194 clqs
(round 6, medium)     67 del vars, 8 del conss, 0 add conss, 0 chg bounds, 4 chg sides, 44 chg coeffs, 190 upgd conss, 0 impls, 194 clqs
(round 7, fast)       100 del vars, 11 del conss, 0 add conss, 0 chg bounds, 4 chg sides, 44 chg coeffs, 190 upgd conss, 0 impls, 190 clqs
   (0.0s) running MILP presolver
   (0.0s) MILP presolver found nothing
(round 8, exhaustive) 100 del vars, 19 del conss, 0 add conss, 0 chg bounds, 4 chg sides, 44 chg coeffs, 190 upgd conss, 0 impls, 190 clqs
   (0.0s) probing: 51/400 (12.8%) - 0 fixings, 0 aggregations, 0 implications, 0 bound changes
   (0.0s) probing aborted: 50/50 successive totally useless probings
   (0.0s) symmetry computation started: requiring (bin +, int +, cont +), (fixed: bin -, int -, cont -)
   (0.0s) no symmetry present (symcode time: 0.00)
presolving (9 rounds: 9 fast, 6 medium, 4 exhaustive):
 100 deleted vars, 19 deleted constraints, 0 added constraints, 0 tightened bounds, 0 added holes, 4 changed sides, 44 changed coefficients
 0 implications, 190 cliques
presolved problem has 400 variables (400 bin, 0 int, 0 impl, 0 cont) and 179 constraints
    179 constraints of type <setppc>
Presolving Time: 0.02

 time | node  | left  |LP iter|LP it/n|mem/heur|mdpt |vars |cons |rows |cuts |sepa|confs|strbr|  dualbound   | primalbound  |  gap   | compl. 
  0.1s|     1 |     0 |  1064 |     - |  4841k |   0 | 400 | 179 | 179 |   0 |  0 |   0 |   0 | 7.781092e+03 |      --      |    Inf | unknown
d 0.1s|     1 |     0 |  1064 |     - |distribu|   0 | 400 | 179 | 179 |   0 |  1 |   0 |   0 | 7.781092e+03 | 3.484672e+03 | 123.29%| unknown
d 0.1s|     1 |     0 |  1317 |     - |distribu|   0 | 400 | 179 | 179 |   0 |  1 |   0 |   0 | 7.781092e+03 | 3.762539e+03 | 106.80%| unknown
d 0.1s|     1 |     0 |  1460 |     - |distribu|   0 | 400 | 179 | 179 |   0 |  1 |   0 |   0 | 7.781092e+03 | 5.612106e+03 |  38.65%| unknown
d 0.1s|     1 |     0 |  1502 |     - |distribu|   0 | 400 | 179 | 179 |   0 |  1 |   0 |   0 | 7.781092e+03 | 6.713392e+03 |  15.90%| unknown
d 0.1s|     1 |     0 |  1533 |     - |distribu|   0 | 400 | 179 | 179 |   0 |  1 |   0 |   0 | 7.781092e+03 | 6.957455e+03 |  11.84%| unknown
  0.1s|     1 |     0 |  1533 |     - |  4984k |   0 | 400 | 179 | 179 |   0 |  1 |   0 |   0 | 7.781092e+03 | 6.957455e+03 |  11.84%| unknown
  0.2s|     1 |     2 |  1533 |     - |  5179k |   0 | 400 | 179 | 179 |   0 |  2 |   0 |  21 | 7.735393e+03 | 6.957455e+03 |  11.18%| unknown

SCIP Status        : solving was interrupted [node limit reached]
Solving Time (sec) : 0.16
Solving Nodes      : 1
Primal Bound       : +6.95745491816355e+03 (31 solutions)
Dual Bound         : +7.73539289569751e+03
Gap                : 11.18 %
