presolving:
(round 1, fast)       0 del vars, 1 del conss, 0 add conss, 0 chg bounds, 0 chg sides, 0 chg coeffs, 0 upgd conss, 0 impls, 191 clqs
(round 2, fast)       1 del vars, 1 del conss, 0 add conss, 0 chg bounds, 0 chg sides, 0 chg coeffs, 0 upgd conss, 0 impls, 191 clqs
   (0.0s) running MILP presolver
   (0.0s) MILP presolver (2 rounds): 0 aggregations, 15 fixings, 0 bound changes
(round 3, medium)     16 del vars, 1 del conss, 0 add conss, 0 chg bounds, 0 chg sides, 0 chg coeffs, 0 upgd conss, 0 impls, 191 clqs
(round 4, exhaustive) 16 del vars, 4 del conss, 0 add conss, 0 chg bounds, 3 chg sides, 0 chg coeffs, 0 upgd conss, 0 impls, 191 clqs
(round 5, exhaustive) 16 del vars, 4 del conss, 0 add conss, 0 chg bounds, 3 chg sides, 0 chg coeffs, 188 upgd conss, 0 impls, 191 clqs
(round 6, medium)     50 del vars, 4 del conss, 0 add conss, 0 chg bounds, 3 chg sides, 34 chg coeffs, 188 upgd conss, 0 impls, 191 clqs
(round 7, fast)       75 del vars, 6 del conss, 0 add conss, 0 chg bounds, 3 chg sides, 34 chg coeffs, 188 upgd conss, 0 impls, 189 clqs
(round 8, exhaustive) 75 del vars, 9 del conss, 0 add conss, 0 chg bounds, 3 chg sides, 34 chg coeffs, 188 upgd conss, 0 impls, 189 clqs
   (0.0s) probing: 51/425 (12.0%) - 0 fixings, 0 aggregations, 0 implications, 0 bound changes
   (0.0s) probing aborted: 50/50 successive totally useless probings
   (0.0s) symmetry computation started: requiring (bin +, int +, cont +), (fixed: bin -, int -, cont -)
   (0.0s) no symmetry present (symcode time: 0.00)
presolving (9 rounds: 9 fast, 6 medium, 4 exhaustive):
 75 deleted vars, 9 deleted constraints, 0 added constraints, 0 tightened bounds, 0 added holes, 3 changed sides, 34 changed coefficients
 0 implications, 189 cliques
presolved problem has 425 variables (425 bin, 0 int, 0 impl, 0 cont) and 183 constraints
    183 constraints of type <setppc>
Presolving Time: 0.02

 time | node  | left  |LP iter|LP it/n|mem/heur|mdpt |vars |cons |rows |cuts |sepa|confs|strbr|  dualbound   | primalbound  |  gap   | compl. 
  0.1s|     1 |     0 |  1561 |     - |  5428k |   0 | 425 | 183 | 183 |   0 |  0 |   0 |   0 | 7.738145e+03 |      --      |    Inf | unknown
d 0.1s|     1 |     0 |  1561 |     - |distribu|   0 | 425 | 183 | 183 |   0 |  1 |   0 |   0 | 7.738145e+03 | 2.715567e+03 | 184.95%| unknown
d 0.1s|     1 |     0 |  1688 |     - |distribu|   0 | 425 | 183 | 183 |   0 |  1 |   0 |   0 | 7.738145e+03 | 3.501347e+03 | 121.00%| unknown
d 0.1s|     1 |     0 |  1733 |     - |distribu|   0 | 425 | 183 | 183 |   0 |  1 |   0 |   0 | 7.738145e+03 | 4.505710e+03 |  71.74%| unknown
d 0.1s|     1 |     0 |  1818 |     - |distribu|   0 | 425 | 183 | 183 |   0 |  1 |   0 |   0 | 7.738145e+03 | 6.967942e+03 |  11.05%| unknown
  0.1s|     1 |     0 |  1818 |     - |  5530k |   0 | 425 | 183 | 183 |   0 |  1 |   0 |   0 | 7.738145e+03 | 6.967942e+03 |  11.05%| unknown
  0.2s|     1 |     2 |  1818 |     - |  5706k |   0 | 425 | 183 | 183 |   0 |  2 |   0 |  37 | 7.681364e+03 | 6.967942e+03 |  10.24%| unknown

SCIP Status        : solving was interrupted [node limit reached]
Solving Time (sec) : 0.23
Solving Nodes      : 1
Primal Bound       : +6.96794189765138e+03 (43 solutions)
Dual Bound         : +7.68136350269716e+03
Gap                : 10.24 %
