presolving:
   (0.0s) running MILP presolver
   (0.0s) MILP presolver (2 rounds): 0 aggregations, 20 fixings, 0 bound changes
(round 1, medium)     20 del vars, 0 del conss, 0 add conss, 0 chg bounds, 0 chg sides, 0 chg coeffs, 0 upgd conss, 0 impls, 192 clqs
(round 2, exhaustive) 20 del vars, 4 del conss, 0 add conss, 0 chg bounds, 4 chg sides, 0 chg coeffs, 0 upgd conss, 0 impls, 192 clqs
(round 3, exhaustive) 20 del vars, 4 del conss, 0 add conss, 0 chg bounds, 4 chg sides, 0 chg coeffs, 188 upgd conss, 0 impls, 192 clqs
(round 4, medium)     55 del vars, 4 del conss, 0 add conss, 0 chg bounds, 4 chg sides, 35 chg coeffs, 188 upgd conss, 0 impls, 192 clqs
(round 5, fast)       68 del vars, 4 del conss, 0 add conss, 0 chg bounds, 4 chg sides, 35 chg coeffs, 188 upgd conss, 0 impls, 190 clqs
(round 6, exhaustive) 68 del vars, 8 del conss, 0 add conss, 0 chg bounds, 4 chg sides, 35 chg coeffs, 188 upgd conss, 0 impls, 190 clqs
(round 7, exhaustive) 70 del vars, 8 del conss, 0 add conss, 0 chg bounds, 4 chg sides, 35 chg coeffs, 188 upgd conss, 0 impls, 190 clqs
   (0.0s) probing: 51/430 (11.9%) - 0 fixings, 0 aggregations, 0 implications, 0 bound changes
   (0.0s) probing aborted: 50/50 successive totally useless probings
   (0.0s) symmetry computation started: requiring (bin +, int +, cont +), (fixed: bin -, int -, cont -)
   (0.0s) no symmetry present (symcode time: 0.00)
presolving (8 rounds: 8 fast, 7 medium, 5 exhaustive):
 70 deleted vars, 8 deleted constraints, 0 added constraints, 0 tightened bounds, 0 added holes, 4 changed sides, 35 changed coefficients
 0 implications, 190 cliques
presolved problem has 430 variables (430 bin, 0 int, 0 impl, 0 cont) and 184 constraints
    184 constraints of type <setppc>
Presolving Time: 0.02

 time | node  | left  |LP iter|LP it/n|mem/heur|mdpt |vars |cons |rows |cuts |sepa|confs|strbr|  dualbound   | primalbound  |  gap   | compl. 
  0.1s|     1 |     0 |  1396 |     - |  5277k |   0 | 430 | 184 | 184 |   0 |  0 |   0 |   0 | 7.739159e+03 |      --      |    Inf | unknown
d 0.1s|     1 |     0 |  1396 |     - |distribu|   0 | 430 | 184 | 184 |   0 |  1 |   0 |   0 | 7.739159e+03 | 2.690250e+03 | 187.67%| unknown
d 0.1s|     1 |     0 |  1492 |     - |distribu|   0 | 430 | 184 | 184 |   0 |  1 |   0 |   0 | 7.739159e+03 | 3.004091e+03 | 157.62%| unknown
d 0.1s|     1 |     0 |  1579 |     - |distribu|   0 | 430 | 184 | 184 |   0 |  1 |   0 |   0 | 7.739159e+03 | 4.308808e+03 |  79.61%| unknown
d 0.1s|     1 |     0 |  1679 |     - |distribu|   0 | 430 | 184 | 184 |   0 |  1 |   0 |   0 | 7.739159e+03 | 4.381872e+03 |  76.62%| unknown
d 0.1s|     1 |     0 |  1732 |     - |distribu|   0 | 430 | 184 | 184 |   0 |  1 |   0 |   0 | 7.739159e+03 | 4.516644e+03 |  71.35%| unknown
d 0.1s|     1 |     0 |  1774 |     - |distribu|   0 | 430 | 184 | 184 |   0 |  1 |   0 |   0 | 7.739159e+03 | 5.791392e+03 |  33.63%| unknown
d 0.1s|     1 |     0 |  1794 |     - |distribu|   0 | 430 | 184 | 184 |   0 |  1 |   0 |   0 | 7.739159e+03 | 6.487327e+03 |  19.30%| unknown
  0.1s|     1 |     0 |  1794 |     - |  5433k |   0 | 430 | 184 | 184 |   0 |  1 |   0 |   0 | 7.739159e+03 | 6.487327e+03 |  19.30%| unknown
  0.2s|     1 |     2 |  1794 |     - |  5645k |   0 | 430 | 184 | 184 |   0 |  2 |   0 |  26 | 7.695838e+03 | 6.487327e+03 |  18.63%| unknown

SCIP Status        : solving was interrupted [node limit reached]
Solving Time (sec) : 0.24
Solving Nodes      : 1
Primal Bound       : +6.48732703530411e+03 (37 solutions)
Dual Bound         : +7.69583816884592e+03
Gap                : 18.63 %
