presolving:
(round 1, fast)       0 del vars, 4 del conss, 0 add conss, 0 chg bounds, 0 chg sides, 0 chg coeffs, 0 upgd conss, 0 impls, 188 clqs
(round 2, fast)       3 del vars, 4 del conss, 0 add conss, 0 chg bounds, 0 chg sides, 0 chg coeffs, 0 upgd conss, 0 impls, 188 clqs
   (0.0s) running MILP presolver
   (0.0s) MILP presolver (2 rounds): 0 aggregations, 13 fixings, 0 bound changes
(round 3, medium)     16 del vars, 4 del conss, 0 add conss, 0 chg bounds, 0 chg sides, 0 chg coeffs, 0 upgd conss, 0 impls, 188 clqs
(round 4, exhaustive) 16 del vars, 8 del conss, 0 add conss, 0 chg bounds, 4 chg sides, 0 chg coeffs, 0 upgd conss, 0 impls, 188 clqs
(round 5, exhaustive) 16 del vars, 8 del conss, 0 add conss, 0 chg bounds, 4 chg sides, 0 chg coeffs, 184 upgd conss, 0 impls, 188 clqs
(round 6, medium)     49 del vars, 8 del conss, 0 add conss, 0 chg bounds, 4 chg sides, 33 chg coeffs, 184 upgd conss, 0 impls, 188 clqs
(round 7, fast)       56 del vars, 9 del conss, 0 add conss, 0 chg bounds, 4 chg sides, 33 chg coeffs, 184 upgd conss, 0 impls, 187 clqs
(round 8, exhaustive) 56 del vars, 10 del conss, 0 add conss, 0 chg bounds, 4 chg sides, 33 chg coeffs, 184 upgd conss, 0 impls, 187 clqs
   (0.0s) probing: 51/444 (11.5%) - 0 fixings, 0 aggregations, 0 implications, 0 bound changes
   (0.0s) probing aborted: 50/50 successive totally useless probings
   (0.0s) symmetry computation started: requiring (bin +, int +, cont +), (fixed: bin -, int -, cont -)
   (0.0s) no symmetry present (symcode time: 0.00)
presolving (9 rounds: 9 fast, 6 medium, 4 exhaustive):
 56 deleted vars, 10 deleted constraints, 0 added constraints, 0 tightened bounds, 0 added holes, 4 changed sides, 33 changed coefficients
 0 implications, 187 cliques
presolved problem has 444 variables (444 bin, 0 int, 0 impl, 0 cont) and 182 constraints
    182 constraints of type <setppc>
Presolving Time: 0.04

 time | node  | left  |LP iter|LP it/n|mem/heur|mdpt |vars |cons |rows |cuts |sepa|confs|strbr|  dualbound   | primalbound  |  gap   | compl. 
  0.2s|     1 |     0 |  2277 |     - |  5597k |   0 | 444 | 182 | 182 |   0 |  0 |   0 |   0 | 7.968664e+03 |      --      |    Inf | unknown
d 0.2s|     1 |     0 |  2277 |     - |distribu|   0 | 444 | 182 | 182 |   0 |  1 |   0 |   0 | 7.968664e+03 | 2.308807e+03 | 245.14%| unknown
d 0.2s|     1 |     0 |  2456 |     - |distribu|   0 | 444 | 182 | 182 |   0 |  1 |   0 |   0 | 7.968664e+03 | 2.853608e+03 | 179.25%| unknown
d 0.2s|     1 |     0 |  2615 |     - |distribu|   0 | 444 | 182 | 182 |   0 |  1 |   0 |   0 | 7.968664e+03 | 3.250646e+03 | 145.14%| unknown
d 0.2s|     1 |     0 |  2702 |     - |distribu|   0 | 444 | 182 | 182 |   0 |  1 |   0 |   0 | 7.968664e+03 | 3.800790e+03 | 109.66%| unknown
d 0.2s|     1 |     0 |  2752 |     - |distribu|   0 | 444 | 182 | 182 |   0 |  1 |   0 |   0 | 7.968664e+03 | 6.885220e+03 |  15.74%| unknown
  0.2s|     1 |     0 |  2752 |     - |  5689k |   0 | 444 | 182 | 182 |   0 |  1 |   0 |   0 | 7.968664e+03 | 6.885220e+03 |  15.74%| unknown
  0.4s|     1 |     2 |  2752 |     - |  5789k |   0 | 444 | 182 | 182 |   0 |  2 |   0 |  23 | 7.922739e+03 | 6.885220e+03 |  15.07%| unknown

SCIP Status        : solving was interrupted [node limit reached]
Solving Time (sec) : 0.43
Solving Nodes      : 1
Primal Bound       : +6.88521969369836e+03 (29 solutions)
Dual Bound         : +7.92273938989404e+03
Gap                : 15.07 %
