presolving:
   (0.0s) running MILP presolver
   (0.0s) MILP presolver (2 rounds): 0 aggregations, 10 fixings, 0 bound changes
(round 1, medium)     10 del vars, 0 del conss, 0 add conss, 0 chg bounds, 0 chg sides, 0 chg coeffs, 0 upgd conss, 0 impls, 194 clqs
(round 2, exhaustive) 10 del vars, 3 del conss, 0 add conss, 0 chg bounds, 3 chg sides, 0 chg coeffs, 0 upgd conss, 0 impls, 194 clqs
(round 3, exhaustive) 10 del vars, 3 del conss, 0 add conss, 0 chg bounds, 3 chg sides, 0 chg coeffs, 191 upgd conss, 0 impls, 194 clqs
(round 4, medium)     44 del vars, 3 del conss, 0 add conss, 0 chg bounds, 3 chg sides, 34 chg coeffs, 191 upgd conss, 0 impls, 194 clqs
(round 5, fast)       52 del vars, 3 del conss, 0 add conss, 0 chg bounds, 3 chg sides, 34 chg coeffs, 191 upgd conss, 0 impls, 194 clqs
(round 6, exhaustive) 52 del vars, 5 del conss, 0 add conss, 0 chg bounds, 3 chg sides, 34 chg coeffs, 191 upgd conss, 0 impls, 194 clqs
   (0.0s) probing: 51/448 (11.4%) - 0 fixings, 0 aggregations, 0 implications, 0 bound changes
   (0.0s) probing aborted: 50/50 successive totally useless probings
   (0.0s) symmetry computation started: requiring (bin +, int +, cont +), (fixed: bin -, int -, cont -)
   (0.0s) no symmetry present (symcode time: 0.00)
presolving (7 rounds: 7 fast, 6 medium, 4 exhaustive):
 52 deleted vars, 5 deleted constraints, 0 added constraints, 0 tightened bounds, 0 added holes, 3 changed sides, 34 changed coefficients
 0 implications, 194 cliques
presolved problem has 448 variables (448 bin, 0 int, 0 impl, 0 cont) and 189 constraints
    189 constraints of type <setppc>
Presolving Time: 0.04

 time | node  | left  |LP iter|LP it/n|mem/heur|mdpt |vars |cons |rows |cuts |sepa|confs|strbr|  dualbound   | primalbound  |  gap   | compl. 
  0.1s|     1 |     0 |  1903 |     - |  5868k |   0 | 448 | 189 | 189 |   0 |  0 |   0 |   0 | 7.501153e+03 |      --      |    Inf | unknown
d 0.1s|     1 |     0 |  1903 |     - |distribu|   0 | 448 | 189 | 189 |   0 |  1 |   0 |   0 | 7.501153e+03 | 2.622389e+03 | 186.04%| unknown
d 0.1s|     1 |     0 |  2048 |     - |distribu|   0 | 448 | 189 | 189 |   0 |  1 |   0 |   0 | 7.501153e+03 | 3.202258e+03 | 134.25%| unknown
d 0.2s|     1 |     0 |  2106 |     - |distribu|   0 | 448 | 189 | 189 |   0 |  1 |   0 |   0 | 7.501153e+03 | 4.413916e+03 |  69.94%| unknown
d 0.2s|     1 |     0 |  2221 |     - |distribu|   0 | 448 | 189 | 189 |   0 |  1 |   0 |   0 | 7.501153e+03 | 4.916779e+03 |  52.56%| unknown
d 0.2s|     1 |     0 |  2252 |     - |distribu|   0 | 448 | 189 | 189 |   0 |  1 |   0 |   0 | 7.501153e+03 | 5.371529e+03 |  39.65%| unknown
d 0.2s|     1 |     0 |  2266 |     - |distribu|   0 | 448 | 189 | 189 |   0 |  1 |   0 |   0 | 7.501153e+03 | 6.270445e+03 |  19.63%| unknown
  0.2s|     1 |     0 |  2266 |     - |  6028k |   0 | 448 | 189 | 189 |   0 |  1 |   0 |   0 | 7.501153e+03 | 6.270445e+03 |  19.63%| unknown
  0.3s|     1 |     2 |  2266 |     - |  6150k |   0 | 448 | 189 | 189 |   0 |  2 |   0 |  27 | 7.453681e+03 | 6.270445e+03 |  18.87%| unknown

SCIP Status        : solving was interrupted [node limit reached]
Solving Time (sec) : 0.32
Solving Nodes      : 1
Primal Bound       : +6.27044469059074e+03 (35 solutions)
Dual Bound         : +7.45368133495118e+03
Gap                : 18.87 %
