presolving:
(round 1, fast)       0 del vars, 2 del conss, 0 add conss, 0 chg bounds, 0 chg sides, 0 chg coeffs, 0 upgd conss, 0 impls, 195 clqs
(round 2, fast)       1 del vars, 2 del conss, 0 add conss, 0 chg bounds, 0 chg sides, 0 chg coeffs, 0 upgd conss, 0 impls, 195 clqs
   (0.0s) running MILP presolver
   (0.0s) MILP presolver (2 rounds): 0 aggregations, 8 fixings, 0 bound changes
(round 3, medium)     9 del vars, 2 del conss, 0 add conss, 0 chg bounds, 0 chg sides, 0 chg coeffs, 0 upgd conss, 0 impls, 195 clqs
(round 4, exhaustive) 9 del vars, 11 del conss, 0 add conss, 0 chg bounds, 9 chg sides, 0 chg coeffs, 0 upgd conss, 0 impls, 195 clqs
(round 5, exhaustive) 9 del vars, 11 del conss, 0 add conss, 0 chg bounds, 9 chg sides, 0 chg coeffs, 186 upgd conss, 0 impls, 195 clqs
(round 6, medium)     45 del vars, 11 del conss, 0 add conss, 0 chg bounds, 9 chg sides, 36 chg coeffs, 186 upgd conss, 0 impls, 195 clqs
(round 7, fast)       68 del vars, 15 del conss, 0 add conss, 0 chg bounds, 9 chg sides, 36 chg coeffs, 186 upgd conss, 0 impls, 191 clqs
(round 8, exhaustive) 68 del vars, 18 del conss, 0 add conss, 0 chg bounds, 9 chg sides, 36 chg coeffs, 186 upgd conss, 0 impls, 191 clqs
   (0.0s) probing: 51/432 (11.8%) - 0 fixings, 0 aggregations, 0 implications, 0 bound changes
   (0.0s) probing aborted: 50/50 successive totally useless probings
   (0.0s) symmetry computation started: requiring (bin +, int +, cont +), (fixed: bin -, int -, cont -)
   (0.0s) no symmetry present (symcode time: 0.00)
presolving (9 rounds: 9 fast, 6 medium, 4 exhaustive):
 68 deleted vars, 18 deleted constraints, 0 added constraints, 0 tightened bounds, 0 added holes, 9 changed sides, 36 changed coefficients
 0 implications, 191 cliques
presolved problem has 432 variables (432 bin, 0 int, 0 impl, 0 cont) and 179 constraints
    179 constraints of type <setppc>
Presolving Time: 0.02

 time | node  | left  |LP iter|LP it/n|mem/heur|mdpt |vars |cons |rows |cuts |sepa|confs|strbr|  dualbound   | primalbound  |  gap   | compl. 
  0.1s|     1 |     0 |  1618 |     - |  5382k |   0 | 432 | 179 | 179 |   0 |  0 |   0 |   0 | 7.404481e+03 |      --      |    Inf | unknown
d 0.1s|     1 |     0 |  1618 |     - |distribu|   0 | 432 | 179 | 179 |   0 |  1 |   0 |   0 | 7.404481e+03 | 2.769498e+03 | 167.36%| unknown
d 0.1s|     1 |     0 |  1680 |     - |distribu|   0 | 432 | 179 | 179 |   0 |  1 |   0 |   0 | 7.404481e+03 | 2.980949e+03 | 148.39%| unknown
d 0.1s|     1 |     0 |  1771 |     - |distribu|   0 | 432 | 179 | 179 |   0 |  1 |   0 |   0 | 7.404481e+03 | 3.445304e+03 | 114.92%| unknown
d 0.1s|     1 |     0 |  1844 |     - |distribu|   0 | 432 | 179 | 179 |   0 |  1 |   0 |   0 | 7.404481e+03 | 6.935298e+03 |   6.77%| unknown
  0.1s|     1 |     0 |  1844 |     - |  5487k |   0 | 432 | 179 | 179 |   0 |  1 |   0 |   0 | 7.404481e+03 | 6.935298e+03 |   6.77%| unknown
  0.2s|     1 |     2 |  1844 |     - |  5673k |   0 | 432 | 179 | 179 |   0 |  2 |   0 |  30 | 7.352279e+03 | 6.935298e+03 |   6.01%| unknown

SCIP Status        : solving was interrupted [node limit reached]
Solving Time (sec) : 0.23
Solving Nodes      : 1
Primal Bound       : +6.93529800609562e+03 (37 solutions)
Dual Bound         : +7.35227923284025e+03
Gap                : 6.01 %
