presolving:
(round 1, fast)       0 del vars, 1 del conss, 0 add conss, 0 chg bounds, 0 chg sides, 0 chg coeffs, 0 upgd conss, 0 impls, 190 clqs
   (0.0s) running MILP presolver
   (0.0s) MILP presolver (2 rounds): 0 aggregations, 19 fixings, 0 bound changes
(round 2, medium)     19 del vars, 1 del conss, 0 add conss, 0 chg bounds, 0 chg sides, 0 chg coeffs, 0 upgd conss, 0 impls, 190 clqs
(round 3, exhaustive) 19 del vars, 6 del conss, 0 add conss, 0 chg bounds, 5 chg sides, 0 chg coeffs, 0 upgd conss, 0 impls, 190 clqs
(round 4, exhaustive) 19 del vars, 6 del conss, 0 add conss, 0 chg bounds, 5 chg sides, 0 chg coeffs, 185 upgd conss, 0 impls, 190 clqs
(round 5, medium)     55 del vars, 6 del conss, 0 add conss, 0 chg bounds, 5 chg sides, 36 chg coeffs, 185 upgd conss, 0 impls, 189 clqs
(round 6, fast)       71 del vars, 7 del conss, 0 add conss, 0 chg bounds, 5 chg sides, 36 chg coeffs, 185 upgd conss, 0 impls, 188 clqs
(round 7, exhaustive) 71 del vars, 10 del conss, 0 add conss, 0 chg bounds, 5 chg sides, 36 chg coeffs, 185 upgd conss, 0 impls, 188 clqs
   (0.0s) probing: 51/429 (11.9%) - 0 fixings, 0 aggregations, 0 implications, 0 bound changes
   (0.0s) probing aborted: 50/50 successive totally useless probings
   (0.0s) symmetry computation started: requiring (bin +, int +, cont +), (fixed: bin -, int -, cont -)
   (0.0s) no symmetry present (symcode time: 0.00)
presolving (8 rounds: 8 fast, 6 medium, 4 exhaustive):
 71 deleted vars, 10 deleted constraints, 0 added constraints, 0 tightened bounds, 0 added holes, 5 changed sides, 36 changed coefficients
 0 implications, 188 cliques
presolved problem has 429 variables (429 bin, 0 int, 0 impl, 0 cont) and 181 constraints
    181 constraints of type <setppc>
Presolving Time: 0.03

 time | node  | left  |LP iter|LP it/n|mem/heur|mdpt |vars |cons |rows |cuts |sepa|confs|strbr|  dualbound   | primalbound  |  gap   | compl. 
  0.1s|     1 |     0 |  1402 |     - |  5441k |   0 | 429 | 181 | 181 |   0 |  0 |   0 |   0 | 7.472016e+03 |      --      |    Inf | unknown
d 0.1s|     1 |     0 |  1402 |     - |distribu|   0 | 429 | 181 | 181 |   0 |  1 |   0 |   0 | 7.472016e+03 | 2.586644e+03 | 188.87%| unknown
d 0.1s|     1 |     0 |  1538 |     - |distribu|   0 | 429 | 181 | 181 |   0 |  1 |   0 |   0 | 7.472016e+03 | 3.062562e+03 | 143.98%| unknown
d 0.2s|     1 |     0 |  1601 |     - |distribu|   0 | 429 | 181 | 181 |   0 |  1 |   0 |   0 | 7.472016e+03 | 3.250673e+03 | 129.86%| unknown
d 0.2s|     1 |     0 |  1715 |     - |distribu|   0 | 429 | 181 | 181 |   0 |  1 |   0 |   0 | 7.472016e+03 | 4.000118e+03 |  86.79%| unknown
d 0.2s|     1 |     0 |  1753 |     - |distribu|   0 | 429 | 181 | 181 |   0 |  1 |   0 |   0 | 7.472016e+03 | 4.650441e+03 |  60.67%| unknown
d 0.2s|     1 |     0 |  1792 |     - |distribu|   0 | 429 | 181 | 181 |   0 |  1 |   0 |   0 | 7.472016e+03 | 5.963244e+03 |  25.30%| unknown
d 0.2s|     1 |     0 |  1800 |     - |distribu|   0 | 429 | 181 | 181 |   0 |  1 |   0 |   0 | 7.472016e+03 | 6.432045e+03 |  16.17%| unknown
  0.2s|     1 |     0 |  1800 |     - |  5579k |   0 | 429 | 181 | 181 |   0 |  1 |   0 |   0 | 7.472016e+03 | 6.432045e+03 |  16.17%| unknown
  0.4s|     1 |     2 |  1800 |     - |  5653k |   0 | 429 | 181 | 181 |   0 |  2 |   0 |  22 | 7.407859e+03 | 6.432045e+03 |  15.17%| unknown

SCIP Status        : solving was interrupted [node limit reached]
Solving Time (sec) : 0.44
Solving Nodes      : 1
Primal Bound       : +6.43204461887078e+03 (29 solutions)
Dual Bound         : +7.40785923418943e+03
Gap                : 15.17 %
