presolving:
   (0.0s) running MILP presolver
   (0.0s) MILP presolver (2 rounds): 0 aggregations, 16 fixings, 0 bound changes
(round 1, medium)     16 del vars, 0 del conss, 0 add conss, 0 chg bounds, 0 chg sides, 0 chg coeffs, 0 upgd conss, 0 impls, 189 clqs
(round 2, fast)       16 del vars, 1 del conss, 0 add conss, 0 chg bounds, 0 chg sides, 0 chg coeffs, 0 upgd conss, 0 impls, 189 clqs
(round 3, exhaustive) 16 del vars, 5 del conss, 0 add conss, 0 chg bounds, 4 chg sides, 0 chg coeffs, 0 upgd conss, 0 impls, 189 clqs
(round 4, exhaustive) 16 del vars, 5 del conss, 0 add conss, 0 chg bounds, 4 chg sides, 0 chg coeffs, 185 upgd conss, 0 impls, 189 clqs
(round 5, medium)     59 del vars, 5 del conss, 0 add conss, 0 chg bounds, 4 chg sides, 43 chg coeffs, 185 upgd conss, 0 impls, 189 clqs
(round 6, fast)       86 del vars, 7 del conss, 0 add conss, 0 chg bounds, 4 chg sides, 43 chg coeffs, 185 upgd conss, 0 impls, 187 clqs
(round 7, exhaustive) 86 del vars, 12 del conss, 0 add conss, 0 chg bounds, 4 chg sides, 43 chg coeffs, 185 upgd conss, 0 impls, 187 clqs
   (0.0s) probing: 51/414 (12.3%) - 0 fixings, 0 aggregations, 0 implications, 0 bound changes
   (0.0s) probing aborted: 50/50 successive totally useless probings
   (0.0s) symmetry computation started: requiring (bin +, int +, cont +), (fixed: bin -, int -, cont -)
   (0.0s) no symmetry present (symcode time: 0.00)
presolving (8 rounds: 8 fast, 6 medium, 4 exhaustive):
 86 deleted vars, 12 deleted constraints, 0 added constraints, 0 tightened bounds, 0 added holes, 4 changed sides, 43 changed coefficients
 0 implications, 187 cliques
presolved problem has 414 variables (414 bin, 0 int, 0 impl, 0 cont) and 178 constraints
    178 constraints of type <setppc>
Presolving Time: 0.02

 time | node  | left  |LP iter|LP it/n|mem/heur|mdpt |vars |cons |rows |cuts |sepa|confs|strbr|  dualbound   | primalbound  |  gap   | compl. 
  0.1s|     1 |     0 |  1769 |     - |  5226k |   0 | 414 | 178 | 178 |   0 |  0 |   0 |   0 | 7.822748e+03 |      --      |    Inf | unknown
d 0.1s|     1 |     0 |  1769 |     - |distribu|   0 | 414 | 178 | 178 |   0 |  1 |   0 |   0 | 7.822748e+03 | 3.206761e+03 | 143.95%| unknown
d 0.1s|     1 |     0 |  1865 |     - |distribu|   0 | 414 | 178 | 178 |   0 |  1 |   0 |   0 | 7.822748e+03 | 3.344356e+03 | 133.91%| unknown
d 0.1s|     1 |     0 |  1994 |     - |distribu|   0 | 414 | 178 | 178 |   0 |  1 |   0 |   0 | 7.822748e+03 | 3.824148e+03 | 104.56%| unknown
d 0.1s|     1 |     0 |  2048 |     - |distribu|   0 | 414 | 178 | 178 |   0 |  1 |   0 |   0 | 7.822748e+03 | 4.443309e+03 |  76.06%| unknown
d 0.1s|     1 |     0 |  2078 |     - |distribu|   0 | 414 | 178 | 178 |   0 |  1 |   0 |   0 | 7.822748e+03 | 4.517237e+03 |  73.18%| unknown
d 0.1s|     1 |     0 |  2099 |     - |distribu|   0 | 414 | 178 | 178 |   0 |  1 |   0 |   0 | 7.822748e+03 | 5.228852e+03 |  49.61%| unknown
d 0.1s|     1 |     0 |  2126 |     - |distribu|   0 | 414 | 178 | 178 |   0 |  1 |   0 |   0 | 7.822748e+03 | 5.732951e+03 |  36.45%| unknown
d 0.1s|     1 |     0 |  2158 |     - |distribu|   0 | 414 | 178 | 178 |   0 |  1 |   0 |   0 | 7.822748e+03 | 6.650870e+03 |  17.62%| unknown
  0.1s|     1 |     0 |  2158 |     - |  5447k |   0 | 414 | 178 | 178 |   0 |  1 |   0 |   0 | 7.822748e+03 | 6.650870e+03 |  17.62%| unknown
  0.2s|     1 |     2 |  2158 |     - |  5586k |   0 | 414 | 178 | 178 |   0 |  2 |   0 |  31 | 7.795789e+03 | 6.650870e+03 |  17.21%| unknown

SCIP Status        : solving was interrupted [node limit reached]
Solving Time (sec) : 0.24
Solving Nodes      : 1
Primal Bound       : +6.65087002636201e+03 (42 solutions)
Dual Bound         : +7.79578913952088e+03
Gap                : 17.21 %
