presolving:
   (0.0s) running MILP presolver
   (0.0s) MILP presolver (2 rounds): 0 aggregations, 16 fixings, 0 bound changes
(round 1, medium)     16 del vars, 0 del conss, 0 add conss, 0 chg bounds, 0 chg sides, 0 chg coeffs, 0 upgd conss, 0 impls, 195 clqs
(round 2, exhaustive) 16 del vars, 7 del conss, 0 add conss, 0 chg bounds, 7 chg sides, 0 chg coeffs, 0 upgd conss, 0 impls, 195 clqs
(round 3, exhaustive) 16 del vars, 7 del conss, 0 add conss, 0 chg bounds, 7 chg sides, 0 chg coeffs, 188 upgd conss, 0 impls, 195 clqs
(round 4, medium)     46 del vars, 7 del conss, 0 add conss, 0 chg bounds, 7 chg sides, 30 chg coeffs, 188 upgd conss, 0 impls, 195 clqs
(round 5, fast)       52 del vars, 7 del conss, 0 add conss, 0 chg bounds, 7 chg sides, 30 chg coeffs, 188 upgd conss, 0 impls, 195 clqs
(round 6, exhaustive) 52 del vars, 8 del conss, 0 add conss, 0 chg bounds, 7 chg sides, 30 chg coeffs, 188 upgd conss, 0 impls, 195 clqs
   (0.0s) probing: 51/448 (11.4%) - 0 fixings, 0 aggregations, 0 implications, 0 bound changes
   (0.0s) probing aborted: 50/50 successive totally useless probings
   (0.0s) symmetry computation started: requiring (bin +, int +, cont +), (fixed: bin -, int -, cont -)
   (0.0s) no symmetry present (symcode time: 0.00)
presolving (7 rounds: 7 fast, 6 medium, 4 exhaustive):
 52 deleted vars, 8 deleted constraints, 0 added constraints, 0 tightened bounds, 0 added holes, 7 changed sides, 30 changed coefficients
 0 implications, 195 cliques
presolved problem has 448 variables (448 bin, 0 int, 0 impl, 0 cont) and 187 constraints
    187 constraints of type <setppc>
Presolving Time: 0.02

 time | node  | left  |LP iter|LP it/n|mem/heur|mdpt |vars |cons |rows |cuts |sepa|confs|strbr|  dualbound   | primalbound  |  gap   | compl. 
  0.2s|     1 |     0 |  1911 |     - |  5516k |   0 | 448 | 187 | 187 |   0 |  0 |   0 |   0 | 7.135932e+03 |      --      |    Inf | unknown
d 0.2s|     1 |     0 |  1911 |     - |distribu|   0 | 448 | 187 | 187 |   0 |  1 |   0 |   0 | 7.135932e+03 | 2.176381e+03 | 227.88%| unknown
d 0.2s|     1 |     0 |  1980 |     - |distribu|   0 | 448 | 187 | 187 |   0 |  1 |   0 |   0 | 7.135932e+03 | 2.323387e+03 | 207.13%| unknown
d 0.2s|     1 |     0 |  2129 |     - |distribu|   0 | 448 | 187 | 187 |   0 |  1 |   0 |   0 | 7.135932e+03 | 2.952761e+03 | 141.67%| unknown
d 0.2s|     1 |     0 |  2166 |     - |distribu|   0 | 448 | 187 | 187 |   0 |  1 |   0 |   0 | 7.135932e+03 | 3.309896e+03 | 115.59%| unknown
d 0.2s|     1 |     0 |  2226 |     - |distribu|   0 | 448 | 187 | 187 |   0 |  1 |   0 |   0 | 7.135932e+03 | 3.643091e+03 |  95.88%| unknown
d 0.2s|     1 |     0 |  2260 |     - |distribu|   0 | 448 | 187 | 187 |   0 |  1 |   0 |   0 | 7.135932e+03 | 4.032395e+03 |  76.97%| unknown
d 0.2s|     1 |     0 |  2278 |     - |distribu|   0 | 448 | 187 | 187 |   0 |  1 |   0 |   0 | 7.135932e+03 | 5.716493e+03 |  24.83%| unknown
  0.2s|     1 |     0 |  2278 |     - |  5649k |   0 | 448 | 187 | 187 |   0 |  1 |   0 |   0 | 7.135932e+03 | 5.716493e+03 |  24.83%| unknown
  0.3s|     1 |     2 |  2278 |     - |  5880k |   0 | 448 | 187 | 187 |   0 |  2 |   0 |  26 | 7.092848e+03 | 5.716493e+03 |  24.08%| unknown

SCIP Status        : solving was interrupted [node limit reached]
Solving Time (sec) : 0.32
Solving Nodes      : 1
Primal Bound       : +5.71649332569023e+03 (35 solutions)
Dual Bound         : +7.09284758389649e+03
Gap                : 24.08 %
