presolving:
   (0.0s) running MILP presolver
   (0.0s) MILP presolver (2 rounds): 0 aggregations, 16 fixings, 0 bound changes
(round 1, medium)     16 del vars, 0 del conss, 0 add conss, 0 chg bounds, 0 chg sides, 0 chg coeffs, 0 upgd conss, 0 impls, 198 clqs
(round 2, exhaustive) 16 del vars, 3 del conss, 0 add conss, 0 chg bounds, 3 chg sides, 0 chg coeffs, 0 upgd conss, 0 impls, 198 clqs
(round 3, exhaustive) 16 del vars, 3 del conss, 0 add conss, 0 chg bounds, 3 chg sides, 0 chg coeffs, 195 upgd conss, 0 impls, 198 clqs
(round 4, medium)     48 del vars, 3 del conss, 0 add conss, 0 chg bounds, 3 chg sides, 32 chg coeffs, 195 upgd conss, 0 impls, 198 clqs
(round 5, fast)       59 del vars, 3 del conss, 0 add conss, 0 chg bounds, 3 chg sides, 32 chg coeffs, 195 upgd conss, 0 impls, 196 clqs
(round 6, exhaustive) 59 del vars, 4 del conss, 0 add conss, 0 chg bounds, 3 chg sides, 32 chg coeffs, 195 upgd conss, 0 impls, 196 clqs
   (0.0s) probing: 51/441 (11.6%) - 0 fixings, 0 aggregations, 0 implications, 0 bound changes
   (0.0s) probing aborted: 50/50 successive totally useless probings
   (0.0s) symmetry computation started: requiring (bin +, int +, cont +), (fixed: bin -, int -, cont -)
   (0.0s) no symmetry present (symcode time: 0.00)
presolving (7 rounds: 7 fast, 6 medium, 4 exhaustive):
 59 deleted vars, 4 deleted constraints, 0 added constraints, 0 tightened bounds, 0 added holes, 3 changed sides, 32 changed coefficients
 0 implications, 196 cliques
presolved problem has 441 variables (441 bin, 0 int, 0 impl, 0 cont) and 194 constraints
    194 constraints of type <setppc>
Presolving Time: 0.02

 time | node  | left  |LP iter|LP it/n|mem/heur|mdpt |vars |cons |rows |cuts |sepa|confs|strbr|  dualbound   | primalbound  |  gap   | compl. 
  0.1s|     1 |     0 |  1952 |     - |  5348k |   0 | 441 | 194 | 194 |   0 |  0 |   0 |   0 | 8.186168e+03 |      --      |    Inf | unknown
d 0.1s|     1 |     0 |  1952 |     - |distribu|   0 | 441 | 194 | 194 |   0 |  1 |   0 |   0 | 8.186168e+03 | 2.665521e+03 | 207.11%| unknown
d 0.1s|     1 |     0 |  2007 |     - |distribu|   0 | 441 | 194 | 194 |   0 |  1 |   0 |   0 | 8.186168e+03 | 2.886718e+03 | 183.58%| unknown
d 0.1s|     1 |     0 |  2145 |     - |distribu|   0 | 441 | 194 | 194 |   0 |  1 |   0 |   0 | 8.186168e+03 | 3.514183e+03 | 132.95%| unknown
d 0.1s|     1 |     0 |  2253 |     - |distribu|   0 | 441 | 194 | 194 |   0 |  1 |   0 |   0 | 8.186168e+03 | 4.064639e+03 | 101.40%| unknown
d 0.1s|     1 |     0 |  2324 |     - |distribu|   0 | 441 | 194 | 194 |   0 |  1 |   0 |   0 | 8.186168e+03 | 4.909895e+03 |  66.73%| unknown
d 0.1s|     1 |     0 |  2343 |     - |distribu|   0 | 441 | 194 | 194 |   0 |  1 |   0 |   0 | 8.186168e+03 | 6.322313e+03 |  29.48%| unknown
d 0.1s|     1 |     0 |  2349 |     - |distribu|   0 | 441 | 194 | 194 |   0 |  1 |   0 |   0 | 8.186168e+03 | 7.138922e+03 |  14.67%| unknown
d 0.1s|     1 |     0 |  2351 |     - |distribu|   0 | 441 | 194 | 194 |   0 |  1 |   0 |   0 | 8.186168e+03 | 7.304043e+03 |  12.08%| unknown
  0.1s|     1 |     0 |  2351 |     - |  5517k |   0 | 441 | 194 | 194 |   0 |  1 |   0 |   0 | 8.186168e+03 | 7.304043e+03 |  12.08%| unknown
  0.2s|     1 |     2 |  2351 |     - |  5609k |   0 | 441 | 194 | 194 |   0 |  2 |   0 |  20 | 8.155228e+03 | 7.304043e+03 |  11.65%| unknown

SCIP Status        : solving was interrupted [node limit reached]
Solving Time (sec) : 0.20
Solving Nodes      : 1
Primal Bound       : +7.30404348695448e+03 (29 solutions)
Dual Bound         : +8.15522813025980e+03
Gap                : 11.65 %
