presolving:
(round 1, fast)       0 del vars, 1 del conss, 0 add conss, 0 chg bounds, 0 chg sides, 0 chg coeffs, 0 upgd conss, 0 impls, 193 clqs
   (0.0s) running MILP presolver
   (0.0s) MILP presolver (2 rounds): 0 aggregations, 19 fixings, 0 bound changes
(round 2, medium)     19 del vars, 1 del conss, 0 add conss, 0 chg bounds, 0 chg sides, 0 chg coeffs, 0 upgd conss, 0 impls, 192 clqs
(round 3, fast)       19 del vars, 2 del conss, 0 add conss, 0 chg bounds, 0 chg sides, 0 chg coeffs, 0 upgd conss, 0 impls, 192 clqs
(round 4, exhaustive) 19 del vars, 9 del conss, 0 add conss, 0 chg bounds, 7 chg sides, 0 chg coeffs, 0 upgd conss, 0 impls, 192 clqs
(round 5, exhaustive) 19 del vars, 9 del conss, 0 add conss, 0 chg bounds, 7 chg sides, 0 chg coeffs, 185 upgd conss, 0 impls, 192 clqs
(round 6, medium)     63 del vars, 9 del conss, 0 add conss, 0 chg bounds, 7 chg sides, 44 chg coeffs, 185 upgd conss, 0 impls, 192 clqs
(round 7, fast)       88 del vars, 11 del conss, 0 add conss, 0 chg bounds, 7 chg sides, 44 chg coeffs, 185 upgd conss, 0 impls, 189 clqs
(round 8, exhaustive) 88 del vars, 18 del conss, 0 add conss, 0 chg bounds, 7 chg sides, 44 chg coeffs, 185 upgd conss, 0 impls, 189 clqs
   (0.0s) probing: 51/412 (12.4%) - 0 fixings, 0 aggregations, 0 implications, 0 bound changes
   (0.0s) probing aborted: 50/50 successive totally useless probings
   (0.0s) symmetry computation started: requiring (bin +, int +, cont +), (fixed: bin -, int -, cont -)
   (0.0s) no symmetry present (symcode time: 0.00)
presolving (9 rounds: 9 fast, 6 medium, 4 exhaustive):
 88 deleted vars, 18 deleted constraints, 0 added constraints, 0 tightened bounds, 0 added holes, 7 changed sides, 44 changed coefficients
 0 implications, 189 cliques
presolved problem has 412 variables (412 bin, 0 int, 0 impl, 0 cont) and 176 constraints
    176 constraints of type <setppc>
Presolving Time: 0.01

 time | node  | left  |LP iter|LP it/n|mem/heur|mdpt |vars |cons |rows |cuts |sepa|confs|strbr|  dualbound   | primalbound  |  gap   | compl. 
  0.1s|     1 |     0 |   918 |     - |  5055k |   0 | 412 | 176 | 176 |   0 |  0 |   0 |   0 | 7.613416e+03 |      --      |    Inf | unknown
d 0.1s|     1 |     0 |   918 |     - |distribu|   0 | 412 | 176 | 176 |   0 |  1 |   0 |   0 | 7.613416e+03 | 3.345069e+03 | 127.60%| unknown
d 0.1s|     1 |     0 |  1012 |     - |distribu|   0 | 412 | 176 | 176 |   0 |  1 |   0 |   0 | 7.613416e+03 | 3.599984e+03 | 111.48%| unknown
d 0.1s|     1 |     0 |  1104 |     - |distribu|   0 | 412 | 176 | 176 |   0 |  1 |   0 |   0 | 7.613416e+03 | 4.000808e+03 |  90.30%| unknown
d 0.1s|     1 |     0 |  1173 |     - |distribu|   0 | 412 | 176 | 176 |   0 |  1 |   0 |   0 | 7.613416e+03 | 4.748617e+03 |  60.33%| unknown
d 0.1s|     1 |     0 |  1249 |     - |distribu|   0 | 412 | 176 | 176 |   0 |  1 |   0 |   0 | 7.613416e+03 | 4.942334e+03 |  54.04%| unknown
d 0.1s|     1 |     0 |  1258 |     - |distribu|   0 | 412 | 176 | 176 |   0 |  1 |   0 |   0 | 7.613416e+03 | 5.625015e+03 |  35.35%| unknown
d 0.1s|     1 |     0 |  1268 |     - |distribu|   0 | 412 | 176 | 176 |   0 |  1 |   0 |   0 | 7.613416e+03 | 6.419159e+03 |  18.60%| unknown
  0.1s|     1 |     0 |  1268 |     - |  5209k |   0 | 412 | 176 | 176 |   0 |  1 |   0 |   0 | 7.613416e+03 | 6.419159e+03 |  18.60%| unknown
  0.2s|     1 |     2 |  1268 |     - |  5382k |   0 | 412 | 176 | 176 |   0 |  2 |   0 |  25 | 7.559876e+03 | 6.419159e+03 |  17.77%| unknown

SCIP Status        : solving was interrupted [node limit reached]
Solving Time (sec) : 0.17
Solving Nodes      : 1
Primal Bound       : +6.41915892080370e+03 (33 solutions)
Dual Bound         : +7.55987554401838e+03
Gap                : 17.77 %
