presolving:
   (0.0s) running MILP presolver
   (0.0s) MILP presolver (2 rounds): 0 aggregations, 11 fixings, 0 bound changes
(round 1, medium)     11 del vars, 0 del conss, 0 add conss, 0 chg bounds, 0 chg sides, 0 chg coeffs, 0 upgd conss, 0 impls, 190 clqs
(round 2, exhaustive) 11 del vars, 1 del conss, 0 add conss, 0 chg bounds, 1 chg sides, 0 chg coeffs, 0 upgd conss, 0 impls, 190 clqs
(round 3, exhaustive) 11 del vars, 1 del conss, 0 add conss, 0 chg bounds, 1 chg sides, 0 chg coeffs, 189 upgd conss, 0 impls, 190 clqs
(round 4, medium)     43 del vars, 1 del conss, 0 add conss, 0 chg bounds, 1 chg sides, 32 chg coeffs, 189 upgd conss, 0 impls, 190 clqs
(round 5, fast)       60 del vars, 3 del conss, 0 add conss, 0 chg bounds, 1 chg sides, 32 chg coeffs, 189 upgd conss, 0 impls, 188 clqs
(round 6, exhaustive) 60 del vars, 6 del conss, 0 add conss, 0 chg bounds, 1 chg sides, 32 chg coeffs, 189 upgd conss, 0 impls, 188 clqs
   (0.0s) probing: 51/440 (11.6%) - 0 fixings, 0 aggregations, 0 implications, 0 bound changes
   (0.0s) probing aborted: 50/50 successive totally useless probings
   (0.0s) symmetry computation started: requiring (bin +, int +, cont +), (fixed: bin -, int -, cont -)
   (0.0s) no symmetry present (symcode time: 0.00)
presolving (7 rounds: 7 fast, 6 medium, 4 exhaustive):
 60 deleted vars, 6 deleted constraints, 0 added constraints, 0 tightened bounds, 0 added holes, 1 changed sides, 32 changed coefficients
 0 implications, 188 cliques
presolved problem has 440 variables (440 bin, 0 int, 0 impl, 0 cont) and 184 constraints
    184 constraints of type <setppc>
Presolving Time: 0.02

 time | node  | left  |LP iter|LP it/n|mem/heur|mdpt |vars |cons |rows |cuts |sepa|confs|strbr|  dualbound   | primalbound  |  gap   | compl. 
  0.1s|     1 |     0 |  1565 |     - |  5437k |   0 | 440 | 184 | 184 |   0 |  0 |   0 |   0 | 7.666382e+03 |      --      |    Inf | unknown
d 0.1s|     1 |     0 |  1565 |     - |distribu|   0 | 440 | 184 | 184 |   0 |  1 |   0 |   0 | 7.666382e+03 | 2.366543e+03 | 223.95%| unknown
d 0.1s|     1 |     0 |  1647 |     - |distribu|   0 | 440 | 184 | 184 |   0 |  1 |   0 |   0 | 7.666382e+03 | 2.692665e+03 | 184.71%| unknown
d 0.1s|     1 |     0 |  1760 |     - |distribu|   0 | 440 | 184 | 184 |   0 |  1 |   0 |   0 | 7.666382e+03 | 3.250523e+03 | 135.85%| unknown
d 0.1s|     1 |     0 |  1856 |     - |distribu|   0 | 440 | 184 | 184 |   0 |  1 |   0 |   0 | 7.666382e+03 | 3.555664e+03 | 115.61%| unknown
d 0.1s|     1 |     0 |  1899 |     - |distribu|   0 | 440 | 184 | 184 |   0 |  1 |   0 |   0 | 7.666382e+03 | 3.673998e+03 | 108.67%| unknown
d 0.1s|     1 |     0 |  1936 |     - |distribu|   0 | 440 | 184 | 184 |   0 |  1 |   0 |   0 | 7.666382e+03 | 4.846333e+03 |  58.19%| unknown
d 0.1s|     1 |     0 |  1945 |     - |distribu|   0 | 440 | 184 | 184 |   0 |  1 |   0 |   0 | 7.666382e+03 | 6.366488e+03 |  20.42%| unknown
  0.1s|     1 |     0 |  1945 |     - |  5581k |   0 | 440 | 184 | 184 |   0 |  1 |   0 |   0 | 7.666382e+03 | 6.366488e+03 |  20.42%| unknown
  0.5s|     1 |     2 |  1945 |     - |  5765k |   0 | 440 | 184 | 184 |   0 |  2 |   0 |  31 | 7.628239e+03 | 6.366488e+03 |  19.82%| unknown

SCIP Status        : solving was interrupted [node limit reached]
Solving Time (sec) : 0.46
Solving Nodes      : 1
Primal Bound       : +6.36648843032588e+03 (38 solutions)
Dual Bound         : +7.62823898063228e+03
Gap                : 19.82 %
