presolving:
(round 1, fast)       1 del vars, 2 del conss, 0 add conss, 0 chg bounds, 0 chg sides, 0 chg coeffs, 0 upgd conss, 0 impls, 194 clqs
   (0.0s) running MILP presolver
   (0.0s) MILP presolver (2 rounds): 0 aggregations, 23 fixings, 0 bound changes
(round 2, medium)     24 del vars, 2 del conss, 0 add conss, 0 chg bounds, 0 chg sides, 0 chg coeffs, 0 upgd conss, 0 impls, 193 clqs
(round 3, fast)       24 del vars, 3 del conss, 0 add conss, 0 chg bounds, 0 chg sides, 0 chg coeffs, 0 upgd conss, 0 impls, 193 clqs
(round 4, exhaustive) 24 del vars, 9 del conss, 0 add conss, 0 chg bounds, 6 chg sides, 0 chg coeffs, 0 upgd conss, 0 impls, 193 clqs
(round 5, exhaustive) 24 del vars, 9 del conss, 0 add conss, 0 chg bounds, 6 chg sides, 0 chg coeffs, 187 upgd conss, 0 impls, 193 clqs
(round 6, medium)     64 del vars, 9 del conss, 0 add conss, 0 chg bounds, 6 chg sides, 40 chg coeffs, 187 upgd conss, 0 impls, 193 clqs
(round 7, fast)       99 del vars, 13 del conss, 0 add conss, 0 chg bounds, 6 chg sides, 40 chg coeffs, 187 upgd conss, 0 impls, 186 clqs
   (0.0s) running MILP presolver
   (0.0s) MILP presolver (2 rounds): 0 aggregations, 1 fixings, 0 bound changes
(round 8, medium)     100 del vars, 13 del conss, 0 add conss, 0 chg bounds, 6 chg sides, 40 chg coeffs, 187 upgd conss, 0 impls, 186 clqs
(round 9, exhaustive) 100 del vars, 19 del conss, 0 add conss, 0 chg bounds, 6 chg sides, 40 chg coeffs, 187 upgd conss, 0 impls, 186 clqs
(round 10, exhaustive) 101 del vars, 19 del conss, 0 add conss, 0 chg bounds, 6 chg sides, 40 chg coeffs, 187 upgd conss, 0 impls, 186 clqs
   (0.0s) probing: 51/399 (12.8%) - 0 fixings, 0 aggregations, 0 implications, 0 bound changes
   (0.0s) probing aborted: 50/50 successive totally useless probings
   (0.0s) symmetry computation started: requiring (bin +, int +, cont +), (fixed: bin -, int -, cont -)
   (0.0s) no symmetry present (symcode time: 0.00)
presolving (11 rounds: 11 fast, 8 medium, 5 exhaustive):
 101 deleted vars, 19 deleted constraints, 0 added constraints, 0 tightened bounds, 0 added holes, 6 changed sides, 40 changed coefficients
 0 implications, 186 cliques
presolved problem has 399 variables (399 bin, 0 int, 0 impl, 0 cont) and 177 constraints
    177 constraints of type <setppc>
Presolving Time: 0.02

 time | node  | left  |LP iter|LP it/n|mem/heur|mdpt |vars |cons |rows |cuts |sepa|confs|strbr|  dualbound   | primalbound  |  gap   | compl. 
  0.1s|     1 |     0 |  1620 |     - |  4989k |   0 | 399 | 177 | 177 |   0 |  0 |   0 |   0 | 7.626568e+03 |      --      |    Inf | unknown
d 0.1s|     1 |     0 |  1620 |     - |distribu|   0 | 399 | 177 | 177 |   0 |  1 |   0 |   0 | 7.626568e+03 | 3.317267e+03 | 129.91%| unknown
d 0.1s|     1 |     0 |  1694 |     - |distribu|   0 | 399 | 177 | 177 |   0 |  1 |   0 |   0 | 7.626568e+03 | 3.606221e+03 | 111.48%| unknown
d 0.1s|     1 |     0 |  1754 |     - |distribu|   0 | 399 | 177 | 177 |   0 |  1 |   0 |   0 | 7.626568e+03 | 4.307170e+03 |  77.07%| unknown
d 0.1s|     1 |     0 |  1802 |     - |distribu|   0 | 399 | 177 | 177 |   0 |  1 |   0 |   0 | 7.626568e+03 | 4.550075e+03 |  67.61%| unknown
d 0.1s|     1 |     0 |  1876 |     - |distribu|   0 | 399 | 177 | 177 |   0 |  1 |   0 |   0 | 7.626568e+03 | 4.796934e+03 |  58.99%| unknown
d 0.1s|     1 |     0 |  1903 |     - |distribu|   0 | 399 | 177 | 177 |   0 |  1 |   0 |   0 | 7.626568e+03 | 4.985049e+03 |  52.99%| unknown
d 0.1s|     1 |     0 |  1928 |     - |distribu|   0 | 399 | 177 | 177 |   0 |  1 |   0 |   0 | 7.626568e+03 | 6.755559e+03 |  12.89%| unknown
  0.1s|     1 |     0 |  1928 |     - |  5141k |   0 | 399 | 177 | 177 |   0 |  1 |   0 |   0 | 7.626568e+03 | 6.755559e+03 |  12.89%| unknown
  0.2s|     1 |     2 |  1928 |     - |  5372k |   0 | 399 | 177 | 177 |   0 |  2 |   0 |  41 | 7.588806e+03 | 6.755559e+03 |  12.33%| unknown

SCIP Status        : solving was interrupted [node limit reached]
Solving Time (sec) : 0.23
Solving Nodes      : 1
Primal Bound       : +6.75555924168859e+03 (50 solutions)
Dual Bound         : +7.58880581001368e+03
Gap                : 12.33 %
