presolving:
(round 1, fast)       1 del vars, 2 del conss, 0 add conss, 0 chg bounds, 0 chg sides, 0 chg coeffs, 0 upgd conss, 0 impls, 190 clqs
   (0.0s) running MILP presolver
   (0.0s) MILP presolver (2 rounds): 0 aggregations, 19 fixings, 0 bound changes
(round 2, medium)     20 del vars, 2 del conss, 0 add conss, 0 chg bounds, 0 chg sides, 0 chg coeffs, 0 upgd conss, 0 impls, 190 clqs
(round 3, exhaustive) 20 del vars, 8 del conss, 0 add conss, 0 chg bounds, 6 chg sides, 0 chg coeffs, 0 upgd conss, 0 impls, 190 clqs
(round 4, exhaustive) 20 del vars, 8 del conss, 0 add conss, 0 chg bounds, 6 chg sides, 0 chg coeffs, 184 upgd conss, 0 impls, 190 clqs
(round 5, medium)     60 del vars, 8 del conss, 0 add conss, 0 chg bounds, 6 chg sides, 40 chg coeffs, 184 upgd conss, 0 impls, 190 clqs
(round 6, fast)       87 del vars, 10 del conss, 0 add conss, 0 chg bounds, 6 chg sides, 40 chg coeffs, 184 upgd conss, 0 impls, 188 clqs
(round 7, exhaustive) 87 del vars, 17 del conss, 0 add conss, 0 chg bounds, 6 chg sides, 40 chg coeffs, 184 upgd conss, 0 impls, 188 clqs
   (0.0s) probing: 51/413 (12.3%) - 0 fixings, 0 aggregations, 0 implications, 0 bound changes
   (0.0s) probing aborted: 50/50 successive totally useless probings
   (0.0s) symmetry computation started: requiring (bin +, int +, cont +), (fixed: bin -, int -, cont -)
   (0.0s) no symmetry present (symcode time: 0.00)
presolving (8 rounds: 8 fast, 6 medium, 4 exhaustive):
 87 deleted vars, 17 deleted constraints, 0 added constraints, 0 tightened bounds, 0 added holes, 6 changed sides, 40 changed coefficients
 0 implications, 188 cliques
presolved problem has 413 variables (413 bin, 0 int, 0 impl, 0 cont) and 175 constraints
    175 constraints of type <setppc>
Presolving Time: 0.02

 time | node  | left  |LP iter|LP it/n|mem/heur|mdpt |vars |cons |rows |cuts |sepa|confs|strbr|  dualbound   | primalbound  |  gap   | compl. 
  0.1s|     1 |     0 |  1669 |     - |  5355k |   0 | 413 | 175 | 175 |   0 |  0 |   0 |   0 | 7.037840e+03 |      --      |    Inf | unknown
d 0.1s|     1 |     0 |  1669 |     - |distribu|   0 | 413 | 175 | 175 |   0 |  1 |   0 |   0 | 7.037840e+03 | 2.889608e+03 | 143.56%| unknown
d 0.1s|     1 |     0 |  1715 |     - |distribu|   0 | 413 | 175 | 175 |   0 |  1 |   0 |   0 | 7.037840e+03 | 2.994466e+03 | 135.03%| unknown
d 0.1s|     1 |     0 |  1774 |     - |distribu|   0 | 413 | 175 | 175 |   0 |  1 |   0 |   0 | 7.037840e+03 | 3.227291e+03 | 118.07%| unknown
d 0.1s|     1 |     0 |  1842 |     - |distribu|   0 | 413 | 175 | 175 |   0 |  1 |   0 |   0 | 7.037840e+03 | 3.685692e+03 |  90.95%| unknown
d 0.1s|     1 |     0 |  1915 |     - |distribu|   0 | 413 | 175 | 175 |   0 |  1 |   0 |   0 | 7.037840e+03 | 4.283372e+03 |  64.31%| unknown
d 0.1s|     1 |     0 |  1934 |     - |distribu|   0 | 413 | 175 | 175 |   0 |  1 |   0 |   0 | 7.037840e+03 | 6.471460e+03 |   8.75%| unknown
  0.1s|     1 |     0 |  1934 |     - |  5457k |   0 | 413 | 175 | 175 |   0 |  1 |   0 |   0 | 7.037840e+03 | 6.471460e+03 |   8.75%| unknown
  0.3s|     1 |     2 |  1934 |     - |  5669k |   0 | 413 | 175 | 175 |   0 |  2 |   0 |  38 | 6.996366e+03 | 6.471460e+03 |   8.11%| unknown

SCIP Status        : solving was interrupted [node limit reached]
Solving Time (sec) : 0.31
Solving Nodes      : 1
Primal Bound       : +6.47146008268543e+03 (46 solutions)
Dual Bound         : +6.99636582736795e+03
Gap                : 8.11 %
