presolving:
   (0.0s) running MILP presolver
   (0.0s) MILP presolver (2 rounds): 0 aggregations, 19 fixings, 0 bound changes
(round 1, medium)     19 del vars, 0 del conss, 0 add conss, 0 chg bounds, 0 chg sides, 0 chg coeffs, 0 upgd conss, 0 impls, 195 clqs
(round 2, fast)       19 del vars, 1 del conss, 0 add conss, 0 chg bounds, 0 chg sides, 0 chg coeffs, 0 upgd conss, 0 impls, 195 clqs
(round 3, exhaustive) 19 del vars, 5 del conss, 0 add conss, 0 chg bounds, 4 chg sides, 0 chg coeffs, 0 upgd conss, 0 impls, 195 clqs
(round 4, exhaustive) 19 del vars, 5 del conss, 0 add conss, 0 chg bounds, 4 chg sides, 0 chg coeffs, 191 upgd conss, 0 impls, 195 clqs
(round 5, medium)     48 del vars, 5 del conss, 0 add conss, 0 chg bounds, 4 chg sides, 29 chg coeffs, 191 upgd conss, 0 impls, 195 clqs
(round 6, fast)       56 del vars, 6 del conss, 0 add conss, 0 chg bounds, 4 chg sides, 29 chg coeffs, 191 upgd conss, 0 impls, 194 clqs
(round 7, exhaustive) 56 del vars, 8 del conss, 0 add conss, 0 chg bounds, 4 chg sides, 29 chg coeffs, 191 upgd conss, 0 impls, 194 clqs
   (0.0s) probing: 51/444 (11.5%) - 0 fixings, 0 aggregations, 0 implications, 0 bound changes
   (0.0s) probing aborted: 50/50 successive totally useless probings
   (0.0s) symmetry computation started: requiring (bin +, int +, cont +), (fixed: bin -, int -, cont -)
   (0.0s) no symmetry present (symcode time: 0.00)
presolving (8 rounds: 8 fast, 6 medium, 4 exhaustive):
 56 deleted vars, 8 deleted constraints, 0 added constraints, 0 tightened bounds, 0 added holes, 4 changed sides, 29 changed coefficients
 0 implications, 194 cliques
presolved problem has 444 variables (444 bin, 0 int, 0 impl, 0 cont) and 188 constraints
    188 constraints of type <setppc>
Presolving Time: 0.03

 time | node  | left  |LP iter|LP it/n|mem/heur|mdpt |vars |cons |rows |cuts |sepa|confs|strbr|  dualbound   | primalbound  |  gap   | compl. 
  0.2s|     1 |     0 |  1903 |     - |  5747k |   0 | 444 | 188 | 188 |   0 |  0 |   0 |   0 | 7.174669e+03 |      --      |    Inf | unknown
d 0.2s|     1 |     0 |  1903 |     - |distribu|   0 | 444 | 188 | 188 |   0 |  1 |   0 |   0 | 7.174669e+03 | 2.483498e+03 | 188.89%| unknown
d 0.2s|     1 |     0 |  2016 |     - |distribu|   0 | 444 | 188 | 188 |   0 |  1 |   0 |   0 | 7.174669e+03 | 2.974171e+03 | 141.23%| unknown
d 0.2s|     1 |     0 |  2092 |     - |distribu|   0 | 444 | 188 | 188 |   0 |  1 |   0 |   0 | 7.174669e+03 | 3.145143e+03 | 128.12%| unknown
d 0.2s|     1 |     0 |  2152 |     - |distribu|   0 | 444 | 188 | 188 |   0 |  1 |   0 |   0 | 7.174669e+03 | 3.419186e+03 | 109.84%| unknown
d 0.2s|     1 |     0 |  2269 |     - |distribu|   0 | 444 | 188 | 188 |   0 |  1 |   0 |   0 | 7.174669e+03 | 3.536496e+03 | 102.88%| unknown
d 0.2s|     1 |     0 |  2301 |     - |distribu|   0 | 444 | 188 | 188 |   0 |  1 |   0 |   0 | 7.174669e+03 | 6.041476e+03 |  18.76%| unknown
  0.2s|     1 |     0 |  2301 |     - |  5874k |   0 | 444 | 188 | 188 |   0 |  1 |   0 |   0 | 7.174669e+03 | 6.041476e+03 |  18.76%| unknown
  0.4s|     1 |     2 |  2301 |     - |  6102k |   0 | 444 | 188 | 188 |   0 |  2 |   0 |  31 | 7.140052e+03 | 6.041476e+03 |  18.18%| unknown

SCIP Status        : solving was interrupted [node limit reached]
Solving Time (sec) : 0.38
Solving Nodes      : 1
Primal Bound       : +6.04147574788076e+03 (40 solutions)
Dual Bound         : +7.14005177016797e+03
Gap                : 18.18 %
