presolving:
   (0.0s) running MILP presolver
   (0.0s) MILP presolver (2 rounds): 0 aggregations, 24 fixings, 0 bound changes
(round 1, medium)     24 del vars, 0 del conss, 0 add conss, 0 chg bounds, 0 chg sides, 0 chg coeffs, 0 upgd conss, 0 impls, 192 clqs
(round 2, exhaustive) 24 del vars, 7 del conss, 0 add conss, 0 chg bounds, 7 chg sides, 0 chg coeffs, 0 upgd conss, 0 impls, 192 clqs
(round 3, exhaustive) 24 del vars, 7 del conss, 0 add conss, 0 chg bounds, 7 chg sides, 0 chg coeffs, 185 upgd conss, 0 impls, 192 clqs
(round 4, medium)     66 del vars, 7 del conss, 0 add conss, 0 chg bounds, 7 chg sides, 42 chg coeffs, 185 upgd conss, 0 impls, 192 clqs
(round 5, fast)       82 del vars, 8 del conss, 0 add conss, 0 chg bounds, 7 chg sides, 42 chg coeffs, 185 upgd conss, 0 impls, 190 clqs
(round 6, exhaustive) 82 del vars, 11 del conss, 0 add conss, 0 chg bounds, 7 chg sides, 42 chg coeffs, 185 upgd conss, 0 impls, 190 clqs
(round 7, exhaustive) 83 del vars, 11 del conss, 0 add conss, 0 chg bounds, 7 chg sides, 42 chg coeffs, 185 upgd conss, 0 impls, 189 clqs
   (0.0s) probing: 51/417 (12.2%) - 0 fixings, 0 aggregations, 0 implications, 0 bound changes
   (0.0s) probing aborted: 50/50 successive totally useless probings
   (0.0s) symmetry computation started: requiring (bin +, int +, cont +), (fixed: bin -, int -, cont -)
   (0.0s) no symmetry present (symcode time: 0.00)
presolving (8 rounds: 8 fast, 7 medium, 5 exhaustive):
 83 deleted vars, 11 deleted constraints, 0 added constraints, 0 tightened bounds, 0 added holes, 7 changed sides, 42 changed coefficients
 0 implications, 189 cliques
presolved problem has 417 variables (417 bin, 0 int, 0 impl, 0 cont) and 181 constraints
    181 constraints of type <setppc>
Presolving Time: 0.02

 time | node  | left  |LP iter|LP it/n|mem/heur|mdpt |vars |cons |rows |cuts |sepa|confs|strbr|  dualbound   | primalbound  |  gap   | compl. 
  0.1s|     1 |     0 |  1118 |     - |  5157k |   0 | 417 | 181 | 181 |   0 |  0 |   0 |   0 | 7.796793e+03 |      --      |    Inf | unknown
d 0.1s|     1 |     0 |  1118 |     - |distribu|   0 | 417 | 181 | 181 |   0 |  1 |   0 |   0 | 7.796793e+03 | 3.133666e+03 | 148.81%| unknown
d 0.1s|     1 |     0 |  1227 |     - |distribu|   0 | 417 | 181 | 181 |   0 |  1 |   0 |   0 | 7.796793e+03 | 3.568076e+03 | 118.52%| unknown
d 0.1s|     1 |     0 |  1311 |     - |distribu|   0 | 417 | 181 | 181 |   0 |  1 |   0 |   0 | 7.796793e+03 | 3.854353e+03 | 102.29%| unknown
d 0.1s|     1 |     0 |  1381 |     - |distribu|   0 | 417 | 181 | 181 |   0 |  1 |   0 |   0 | 7.796793e+03 | 4.986920e+03 |  56.34%| unknown
d 0.1s|     1 |     0 |  1404 |     - |distribu|   0 | 417 | 181 | 181 |   0 |  1 |   0 |   0 | 7.796793e+03 | 5.527307e+03 |  41.06%| unknown
d 0.1s|     1 |     0 |  1426 |     - |distribu|   0 | 417 | 181 | 181 |   0 |  1 |   0 |   0 | 7.796793e+03 | 5.890601e+03 |  32.36%| unknown
d 0.1s|     1 |     0 |  1431 |     - |distribu|   0 | 417 | 181 | 181 |   0 |  1 |   0 |   0 | 7.796793e+03 | 6.388152e+03 |  22.05%| unknown
d 0.1s|     1 |     0 |  1443 |     - |distribu|   0 | 417 | 181 | 181 |   0 |  1 |   0 |   0 | 7.796793e+03 | 6.699431e+03 |  16.38%| unknown
  0.1s|     1 |     0 |  1443 |     - |  5310k |   0 | 417 | 181 | 181 |   0 |  1 |   0 |   0 | 7.796793e+03 | 6.699431e+03 |  16.38%| unknown
  0.2s|     1 |     2 |  1443 |     - |  5666k |   0 | 417 | 181 | 181 |   0 |  2 |   0 |  38 | 7.729792e+03 | 6.699431e+03 |  15.38%| unknown

SCIP Status        : solving was interrupted [node limit reached]
Solving Time (sec) : 0.22
Solving Nodes      : 1
Primal Bound       : +6.69943077871496e+03 (46 solutions)
Dual Bound         : +7.72979210333524e+03
Gap                : 15.38 %
