presolving:
(round 1, fast)       1 del vars, 2 del conss, 0 add conss, 0 chg bounds, 0 chg sides, 0 chg coeffs, 0 upgd conss, 0 impls, 193 clqs
(round 2, fast)       2 del vars, 2 del conss, 0 add conss, 0 chg bounds, 0 chg sides, 0 chg coeffs, 0 upgd conss, 0 impls, 193 clqs
   (0.0s) running MILP presolver
   (0.0s) MILP presolver (2 rounds): 0 aggregations, 10 fixings, 0 bound changes
(round 3, medium)     12 del vars, 2 del conss, 0 add conss, 0 chg bounds, 0 chg sides, 0 chg coeffs, 0 upgd conss, 0 impls, 193 clqs
(round 4, exhaustive) 12 del vars, 5 del conss, 0 add conss, 0 chg bounds, 3 chg sides, 0 chg coeffs, 0 upgd conss, 0 impls, 193 clqs
(round 5, exhaustive) 12 del vars, 5 del conss, 0 add conss, 0 chg bounds, 3 chg sides, 0 chg coeffs, 190 upgd conss, 0 impls, 193 clqs
(round 6, medium)     44 del vars, 5 del conss, 0 add conss, 0 chg bounds, 3 chg sides, 32 chg coeffs, 190 upgd conss, 0 impls, 193 clqs
(round 7, fast)       64 del vars, 6 del conss, 0 add conss, 0 chg bounds, 3 chg sides, 32 chg coeffs, 190 upgd conss, 0 impls, 191 clqs
(round 8, exhaustive) 64 del vars, 10 del conss, 0 add conss, 0 chg bounds, 3 chg sides, 32 chg coeffs, 190 upgd conss, 0 impls, 191 clqs
   (0.0s) probing: 51/436 (11.7%) - 0 fixings, 0 aggregations, 0 implications, 0 bound changes
   (0.0s) probing aborted: 50/50 successive totally useless probings
   (0.0s) symmetry computation started: requiring (bin +, int +, cont +), (fixed: bin -, int -, cont -)
   (0.0s) no symmetry present (symcode time: 0.00)
presolving (9 rounds: 9 fast, 6 medium, 4 exhaustive):
 64 deleted vars, 10 deleted constraints, 0 added constraints, 0 tightened bounds, 0 added holes, 3 changed sides, 32 changed coefficients
 0 implications, 191 cliques
presolved problem has 436 variables (436 bin, 0 int, 0 impl, 0 cont) and 185 constraints
    185 constraints of type <setppc>
Presolving Time: 0.02

 time | node  | left  |LP iter|LP it/n|mem/heur|mdpt |vars |cons |rows |cuts |sepa|confs|strbr|  dualbound   | primalbound  |  gap   | compl. 
  0.1s|     1 |     0 |  2067 |     - |  5534k |   0 | 436 | 185 | 185 |   0 |  0 |   0 |   0 | 6.960855e+03 |      --      |    Inf | unknown
d 0.1s|     1 |     0 |  2067 |     - |distribu|   0 | 436 | 185 | 185 |   0 |  1 |   0 |   0 | 6.960855e+03 | 2.352527e+03 | 195.89%| unknown
d 0.1s|     1 |     0 |  2189 |     - |distribu|   0 | 436 | 185 | 185 |   0 |  1 |   0 |   0 | 6.960855e+03 | 3.015672e+03 | 130.82%| unknown
d 0.2s|     1 |     0 |  2289 |     - |distribu|   0 | 436 | 185 | 185 |   0 |  1 |   0 |   0 | 6.960855e+03 | 3.635198e+03 |  91.48%| unknown
d 0.2s|     1 |     0 |  2397 |     - |distribu|   0 | 436 | 185 | 185 |   0 |  1 |   0 |   0 | 6.960855e+03 | 3.669518e+03 |  89.69%| unknown
d 0.2s|     1 |     0 |  2419 |     - |distribu|   0 | 436 | 185 | 185 |   0 |  1 |   0 |   0 | 6.960855e+03 | 6.196823e+03 |  12.33%| unknown
  0.2s|     1 |     0 |  2419 |     - |  5653k |   0 | 436 | 185 | 185 |   0 |  1 |   0 |   0 | 6.960855e+03 | 6.196823e+03 |  12.33%| unknown
  0.4s|     1 |     2 |  2419 |     - |  5824k |   0 | 436 | 185 | 185 |   0 |  2 |   0 |  31 | 6.919746e+03 | 6.196823e+03 |  11.67%| unknown

SCIP Status        : solving was interrupted [node limit reached]
Solving Time (sec) : 0.38
Solving Nodes      : 1
Primal Bound       : +6.19682328674581e+03 (37 solutions)
Dual Bound         : +6.91974610545684e+03
Gap                : 11.67 %
