presolving:
(round 1, fast)       1 del vars, 2 del conss, 0 add conss, 0 chg bounds, 0 chg sides, 0 chg coeffs, 0 upgd conss, 0 impls, 183 clqs
(round 2, fast)       2 del vars, 2 del conss, 0 add conss, 0 chg bounds, 0 chg sides, 0 chg coeffs, 0 upgd conss, 0 impls, 183 clqs
   (0.0s) running MILP presolver
   (0.0s) MILP presolver (2 rounds): 0 aggregations, 23 fixings, 0 bound changes
(round 3, medium)     25 del vars, 2 del conss, 0 add conss, 0 chg bounds, 0 chg sides, 0 chg coeffs, 0 upgd conss, 0 impls, 183 clqs
(round 4, exhaustive) 25 del vars, 5 del conss, 0 add conss, 0 chg bounds, 3 chg sides, 0 chg coeffs, 0 upgd conss, 0 impls, 183 clqs
(round 5, exhaustive) 25 del vars, 5 del conss, 0 add conss, 0 chg bounds, 3 chg sides, 0 chg coeffs, 180 upgd conss, 0 impls, 183 clqs
(round 6, medium)     64 del vars, 5 del conss, 0 add conss, 0 chg bounds, 3 chg sides, 39 chg coeffs, 180 upgd conss, 0 impls, 183 clqs
(round 7, fast)       91 del vars, 7 del conss, 0 add conss, 0 chg bounds, 3 chg sides, 39 chg coeffs, 180 upgd conss, 0 impls, 181 clqs
(round 8, exhaustive) 91 del vars, 13 del conss, 0 add conss, 0 chg bounds, 3 chg sides, 39 chg coeffs, 180 upgd conss, 0 impls, 181 clqs
   (0.0s) probing: 51/409 (12.5%) - 0 fixings, 0 aggregations, 0 implications, 0 bound changes
   (0.0s) probing aborted: 50/50 successive totally useless probings
   (0.0s) symmetry computation started: requiring (bin +, int +, cont +), (fixed: bin -, int -, cont -)
   (0.0s) no symmetry present (symcode time: 0.00)
presolving (9 rounds: 9 fast, 6 medium, 4 exhaustive):
 91 deleted vars, 13 deleted constraints, 0 added constraints, 0 tightened bounds, 0 added holes, 3 changed sides, 39 changed coefficients
 0 implications, 181 cliques
presolved problem has 409 variables (409 bin, 0 int, 0 impl, 0 cont) and 172 constraints
    172 constraints of type <setppc>
Presolving Time: 0.02

 time | node  | left  |LP iter|LP it/n|mem/heur|mdpt |vars |cons |rows |cuts |sepa|confs|strbr|  dualbound   | primalbound  |  gap   | compl. 
  0.1s|     1 |     0 |   839 |     - |  5290k |   0 | 409 | 172 | 172 |   0 |  0 |   0 |   0 | 7.787222e+03 |      --      |    Inf | unknown
d 0.1s|     1 |     0 |   839 |     - |distribu|   0 | 409 | 172 | 172 |   0 |  1 |   0 |   0 | 7.787222e+03 | 3.533503e+03 | 120.38%| unknown
d 0.1s|     1 |     0 |   970 |     - |distribu|   0 | 409 | 172 | 172 |   0 |  1 |   0 |   0 | 7.787222e+03 | 3.748453e+03 | 107.74%| unknown
d 0.1s|     1 |     0 |  1054 |     - |distribu|   0 | 409 | 172 | 172 |   0 |  1 |   0 |   0 | 7.787222e+03 | 4.750562e+03 |  63.92%| unknown
d 0.1s|     1 |     0 |  1099 |     - |distribu|   0 | 409 | 172 | 172 |   0 |  1 |   0 |   0 | 7.787222e+03 | 5.120843e+03 |  52.07%| unknown
d 0.1s|     1 |     0 |  1162 |     - |distribu|   0 | 409 | 172 | 172 |   0 |  1 |   0 |   0 | 7.787222e+03 | 5.602445e+03 |  39.00%| unknown
d 0.1s|     1 |     0 |  1166 |     - |distribu|   0 | 409 | 172 | 172 |   0 |  1 |   0 |   0 | 7.787222e+03 | 6.683762e+03 |  16.51%| unknown
  0.1s|     1 |     0 |  1166 |     - |  5421k |   0 | 409 | 172 | 172 |   0 |  1 |   0 |   0 | 7.787222e+03 | 6.683762e+03 |  16.51%| unknown
  0.1s|     1 |     2 |  1166 |     - |  5485k |   0 | 409 | 172 | 172 |   0 |  2 |   0 |  19 | 7.758868e+03 | 6.683762e+03 |  16.09%| unknown

SCIP Status        : solving was interrupted [node limit reached]
Solving Time (sec) : 0.13
Solving Nodes      : 1
Primal Bound       : +6.68376181154582e+03 (29 solutions)
Dual Bound         : +7.75886756843353e+03
Gap                : 16.09 %
