presolving:
(round 1, fast)       0 del vars, 2 del conss, 0 add conss, 0 chg bounds, 0 chg sides, 0 chg coeffs, 0 upgd conss, 0 impls, 193 clqs
   (0.0s) running MILP presolver
   (0.0s) MILP presolver (2 rounds): 0 aggregations, 7 fixings, 0 bound changes
(round 2, medium)     7 del vars, 2 del conss, 0 add conss, 0 chg bounds, 0 chg sides, 0 chg coeffs, 0 upgd conss, 0 impls, 193 clqs
(round 3, exhaustive) 7 del vars, 3 del conss, 0 add conss, 0 chg bounds, 1 chg sides, 0 chg coeffs, 0 upgd conss, 0 impls, 193 clqs
(round 4, exhaustive) 7 del vars, 3 del conss, 0 add conss, 0 chg bounds, 1 chg sides, 0 chg coeffs, 192 upgd conss, 0 impls, 193 clqs
(round 5, medium)     38 del vars, 3 del conss, 0 add conss, 0 chg bounds, 1 chg sides, 31 chg coeffs, 192 upgd conss, 0 impls, 193 clqs
(round 6, fast)       48 del vars, 3 del conss, 0 add conss, 0 chg bounds, 1 chg sides, 31 chg coeffs, 192 upgd conss, 0 impls, 193 clqs
(round 7, exhaustive) 48 del vars, 6 del conss, 0 add conss, 0 chg bounds, 1 chg sides, 31 chg coeffs, 192 upgd conss, 0 impls, 193 clqs
   (0.0s) probing: 51/452 (11.3%) - 0 fixings, 0 aggregations, 0 implications, 0 bound changes
   (0.0s) probing aborted: 50/50 successive totally useless probings
   (0.0s) symmetry computation started: requiring (bin +, int +, cont +), (fixed: bin -, int -, cont -)
   (0.0s) no symmetry present (symcode time: 0.00)
presolving (8 rounds: 8 fast, 6 medium, 4 exhaustive):
 48 deleted vars, 6 deleted constraints, 0 added constraints, 0 tightened bounds, 0 added holes, 1 changed sides, 31 changed coefficients
 0 implications, 193 cliques
presolved problem has 452 variables (452 bin, 0 int, 0 impl, 0 cont) and 189 constraints
    189 constraints of type <setppc>
Presolving Time: 0.03

 time | node  | left  |LP iter|LP it/n|mem/heur|mdpt |vars |cons |rows |cuts |sepa|confs|strbr|  dualbound   | primalbound  |  gap   | compl. 
  0.1s|     1 |     0 |  1337 |     - |  5430k |   0 | 452 | 189 | 189 |   0 |  0 |   0 |   0 | 7.791891e+03 |      --      |    Inf | unknown
d 0.1s|     1 |     0 |  1337 |     - |distribu|   0 | 452 | 189 | 189 |   0 |  1 |   0 |   0 | 7.791891e+03 | 2.054006e+03 | 279.35%| unknown
d 0.1s|     1 |     0 |  1467 |     - |distribu|   0 | 452 | 189 | 189 |   0 |  1 |   0 |   0 | 7.791891e+03 | 2.688174e+03 | 189.86%| unknown
d 0.1s|     1 |     0 |  1525 |     - |distribu|   0 | 452 | 189 | 189 |   0 |  1 |   0 |   0 | 7.791891e+03 | 3.328722e+03 | 134.08%| unknown
d 0.1s|     1 |     0 |  1541 |     - |distribu|   0 | 452 | 189 | 189 |   0 |  1 |   0 |   0 | 7.791891e+03 | 6.501778e+03 |  19.84%| unknown
d 0.1s|     1 |     0 |  1545 |     - |distribu|   0 | 452 | 189 | 189 |   0 |  1 |   0 |   0 | 7.791891e+03 | 7.153107e+03 |   8.93%| unknown
  0.1s|     1 |     0 |  1545 |     - |  5534k |   0 | 452 | 189 | 189 |   0 |  1 |   0 |   0 | 7.791891e+03 | 7.153107e+03 |   8.93%| unknown
  0.3s|     1 |     2 |  1545 |     - |  5622k |   0 | 452 | 189 | 189 |   0 |  2 |   0 |  19 | 7.742224e+03 | 7.153107e+03 |   8.24%| unknown

SCIP Status        : solving was interrupted [node limit reached]
Solving Time (sec) : 0.26
Solving Nodes      : 1
Primal Bound       : +7.15310725980937e+03 (23 solutions)
Dual Bound         : +7.74222366027774e+03
Gap                : 8.24 %
