presolving:
   (0.0s) running MILP presolver
   (0.0s) MILP presolver (2 rounds): 0 aggregations, 17 fixings, 0 bound changes
(round 1, medium)     17 del vars, 0 del conss, 0 add conss, 0 chg bounds, 0 chg sides, 0 chg coeffs, 0 upgd conss, 0 impls, 193 clqs
(round 2, fast)       18 del vars, 1 del conss, 0 add conss, 0 chg bounds, 0 chg sides, 0 chg coeffs, 0 upgd conss, 0 impls, 192 clqs
(round 3, exhaustive) 18 del vars, 5 del conss, 0 add conss, 0 chg bounds, 4 chg sides, 0 chg coeffs, 0 upgd conss, 0 impls, 192 clqs
(round 4, exhaustive) 18 del vars, 5 del conss, 0 add conss, 0 chg bounds, 4 chg sides, 0 chg coeffs, 188 upgd conss, 0 impls, 192 clqs
(round 5, medium)     47 del vars, 5 del conss, 0 add conss, 0 chg bounds, 4 chg sides, 29 chg coeffs, 188 upgd conss, 0 impls, 192 clqs
(round 6, fast)       50 del vars, 5 del conss, 0 add conss, 0 chg bounds, 4 chg sides, 29 chg coeffs, 188 upgd conss, 0 impls, 191 clqs
   (0.0s) probing: 51/450 (11.3%) - 0 fixings, 0 aggregations, 0 implications, 0 bound changes
   (0.0s) probing aborted: 50/50 successive totally useless probings
   (0.0s) symmetry computation started: requiring (bin +, int +, cont +), (fixed: bin -, int -, cont -)
   (0.0s) no symmetry present (symcode time: 0.00)
presolving (7 rounds: 7 fast, 5 medium, 3 exhaustive):
 50 deleted vars, 5 deleted constraints, 0 added constraints, 0 tightened bounds, 0 added holes, 4 changed sides, 29 changed coefficients
 0 implications, 191 cliques
presolved problem has 450 variables (450 bin, 0 int, 0 impl, 0 cont) and 188 constraints
    188 constraints of type <setppc>
Presolving Time: 0.03

 time | node  | left  |LP iter|LP it/n|mem/heur|mdpt |vars |cons |rows |cuts |sepa|confs|strbr|  dualbound   | primalbound  |  gap   | compl. 
  0.2s|     1 |     0 |  1790 |     - |  5476k |   0 | 450 | 188 | 188 |   0 |  0 |   0 |   0 | 7.724028e+03 |      --      |    Inf | unknown
d 0.2s|     1 |     0 |  1790 |     - |distribu|   0 | 450 | 188 | 188 |   0 |  1 |   0 |   0 | 7.724028e+03 | 2.069622e+03 | 273.21%| unknown
d 0.2s|     1 |     0 |  1891 |     - |distribu|   0 | 450 | 188 | 188 |   0 |  1 |   0 |   0 | 7.724028e+03 | 2.369700e+03 | 225.95%| unknown
d 0.2s|     1 |     0 |  2069 |     - |distribu|   0 | 450 | 188 | 188 |   0 |  1 |   0 |   0 | 7.724028e+03 | 3.476803e+03 | 122.16%| unknown
d 0.2s|     1 |     0 |  2104 |     - |distribu|   0 | 450 | 188 | 188 |   0 |  1 |   0 |   0 | 7.724028e+03 | 4.134148e+03 |  86.83%| unknown
d 0.2s|     1 |     0 |  2170 |     - |distribu|   0 | 450 | 188 | 188 |   0 |  1 |   0 |   0 | 7.724028e+03 | 4.171764e+03 |  85.15%| unknown
d 0.2s|     1 |     0 |  2188 |     - |distribu|   0 | 450 | 188 | 188 |   0 |  1 |   0 |   0 | 7.724028e+03 | 4.392426e+03 |  75.85%| unknown
d 0.2s|     1 |     0 |  2200 |     - |distribu|   0 | 450 | 188 | 188 |   0 |  1 |   0 |   0 | 7.724028e+03 | 5.313063e+03 |  45.38%| unknown
d 0.2s|     1 |     0 |  2210 |     - |distribu|   0 | 450 | 188 | 188 |   0 |  1 |   0 |   0 | 7.724028e+03 | 5.581635e+03 |  38.38%| unknown
d 0.2s|     1 |     0 |  2214 |     - |distribu|   0 | 450 | 188 | 188 |   0 |  1 |   0 |   0 | 7.724028e+03 | 6.589285e+03 |  17.22%| unknown
  0.2s|     1 |     0 |  2214 |     - |  5639k |   0 | 450 | 188 | 188 |   0 |  1 |   0 |   0 | 7.724028e+03 | 6.589285e+03 |  17.22%| unknown
  0.4s|     1 |     2 |  2214 |     - |  5795k |   0 | 450 | 188 | 188 |   0 |  2 |   0 |  19 | 7.696350e+03 | 6.589285e+03 |  16.80%| unknown

SCIP Status        : solving was interrupted [node limit reached]
Solving Time (sec) : 0.42
Solving Nodes      : 1
Primal Bound       : +6.58928546132126e+03 (31 solutions)
Dual Bound         : +7.69635006054540e+03
Gap                : 16.80 %
