presolving:
(round 1, fast)       0 del vars, 1 del conss, 0 add conss, 0 chg bounds, 0 chg sides, 0 chg coeffs, 0 upgd conss, 0 impls, 192 clqs
   (0.0s) running MILP presolver
   (0.0s) MILP presolver (2 rounds): 0 aggregations, 14 fixings, 0 bound changes
(round 2, medium)     14 del vars, 1 del conss, 0 add conss, 0 chg bounds, 0 chg sides, 0 chg coeffs, 0 upgd conss, 0 impls, 191 clqs
(round 3, fast)       14 del vars, 2 del conss, 0 add conss, 0 chg bounds, 0 chg sides, 0 chg coeffs, 0 upgd conss, 0 impls, 191 clqs
(round 4, exhaustive) 14 del vars, 6 del conss, 0 add conss, 0 chg bounds, 4 chg sides, 0 chg coeffs, 0 upgd conss, 0 impls, 191 clqs
(round 5, exhaustive) 14 del vars, 6 del conss, 0 add conss, 0 chg bounds, 4 chg sides, 0 chg coeffs, 187 upgd conss, 0 impls, 191 clqs
(round 6, medium)     50 del vars, 6 del conss, 0 add conss, 0 chg bounds, 4 chg sides, 36 chg coeffs, 187 upgd conss, 0 impls, 191 clqs
(round 7, fast)       62 del vars, 6 del conss, 0 add conss, 0 chg bounds, 4 chg sides, 36 chg coeffs, 187 upgd conss, 0 impls, 191 clqs
(round 8, exhaustive) 62 del vars, 12 del conss, 0 add conss, 0 chg bounds, 4 chg sides, 36 chg coeffs, 187 upgd conss, 0 impls, 191 clqs
(round 9, exhaustive) 63 del vars, 12 del conss, 0 add conss, 0 chg bounds, 4 chg sides, 36 chg coeffs, 187 upgd conss, 0 impls, 190 clqs
   (0.0s) probing: 51/437 (11.7%) - 0 fixings, 0 aggregations, 0 implications, 0 bound changes
   (0.0s) probing aborted: 50/50 successive totally useless probings
   (0.0s) symmetry computation started: requiring (bin +, int +, cont +), (fixed: bin -, int -, cont -)
   (0.0s) no symmetry present (symcode time: 0.00)
presolving (10 rounds: 10 fast, 7 medium, 5 exhaustive):
 63 deleted vars, 12 deleted constraints, 0 added constraints, 0 tightened bounds, 0 added holes, 4 changed sides, 36 changed coefficients
 0 implications, 190 cliques
presolved problem has 437 variables (437 bin, 0 int, 0 impl, 0 cont) and 181 constraints
    181 constraints of type <setppc>
Presolving Time: 0.02

 time | node  | left  |LP iter|LP it/n|mem/heur|mdpt |vars |cons |rows |cuts |sepa|confs|strbr|  dualbound   | primalbound  |  gap   | compl. 
  0.1s|     1 |     0 |  1817 |     - |  5310k |   0 | 437 | 181 | 181 |   0 |  0 |   0 |   0 | 7.105163e+03 |      --      |    Inf | unknown
d 0.1s|     1 |     0 |  1817 |     - |distribu|   0 | 437 | 181 | 181 |   0 |  1 |   0 |   0 | 7.105163e+03 | 2.583113e+03 | 175.06%| unknown
d 0.2s|     1 |     0 |  1870 |     - |distribu|   0 | 437 | 181 | 181 |   0 |  1 |   0 |   0 | 7.105163e+03 | 2.901084e+03 | 144.91%| unknown
d 0.2s|     1 |     0 |  2077 |     - |distribu|   0 | 437 | 181 | 181 |   0 |  1 |   0 |   0 | 7.105163e+03 | 3.502538e+03 | 102.86%| unknown
d 0.2s|     1 |     0 |  2188 |     - |distribu|   0 | 437 | 181 | 181 |   0 |  1 |   0 |   0 | 7.105163e+03 | 3.840306e+03 |  85.02%| unknown
d 0.2s|     1 |     0 |  2209 |     - |distribu|   0 | 437 | 181 | 181 |   0 |  1 |   0 |   0 | 7.105163e+03 | 5.747825e+03 |  23.61%| unknown
d 0.2s|     1 |     0 |  2221 |     - |distribu|   0 | 437 | 181 | 181 |   0 |  1 |   0 |   0 | 7.105163e+03 | 5.918225e+03 |  20.06%| unknown
d 0.2s|     1 |     0 |  2222 |     - |distribu|   0 | 437 | 181 | 181 |   0 |  1 |   0 |   0 | 7.105163e+03 | 6.164124e+03 |  15.27%| unknown
  0.2s|     1 |     0 |  2222 |     - |  5460k |   0 | 437 | 181 | 181 |   0 |  1 |   0 |   0 | 7.105163e+03 | 6.164124e+03 |  15.27%| unknown
  0.4s|     1 |     2 |  2222 |     - |  5670k |   0 | 437 | 181 | 181 |   0 |  2 |   0 |  36 | 7.072314e+03 | 6.164124e+03 |  14.73%| unknown

SCIP Status        : solving was interrupted [node limit reached]
Solving Time (sec) : 0.43
Solving Nodes      : 1
Primal Bound       : +6.16412394080551e+03 (47 solutions)
Dual Bound         : +7.07231379704923e+03
Gap                : 14.73 %
