presolving:
(round 1, fast)       0 del vars, 1 del conss, 0 add conss, 0 chg bounds, 0 chg sides, 0 chg coeffs, 0 upgd conss, 0 impls, 190 clqs
   (0.0s) running MILP presolver
   (0.0s) MILP presolver (2 rounds): 0 aggregations, 23 fixings, 0 bound changes
(round 2, medium)     23 del vars, 1 del conss, 0 add conss, 0 chg bounds, 0 chg sides, 0 chg coeffs, 0 upgd conss, 0 impls, 189 clqs
(round 3, fast)       23 del vars, 2 del conss, 0 add conss, 0 chg bounds, 0 chg sides, 0 chg coeffs, 0 upgd conss, 0 impls, 189 clqs
(round 4, exhaustive) 23 del vars, 8 del conss, 0 add conss, 0 chg bounds, 6 chg sides, 0 chg coeffs, 0 upgd conss, 0 impls, 189 clqs
(round 5, exhaustive) 23 del vars, 8 del conss, 0 add conss, 0 chg bounds, 6 chg sides, 0 chg coeffs, 183 upgd conss, 0 impls, 189 clqs
(round 6, medium)     62 del vars, 8 del conss, 0 add conss, 0 chg bounds, 6 chg sides, 39 chg coeffs, 183 upgd conss, 0 impls, 189 clqs
(round 7, fast)       95 del vars, 12 del conss, 0 add conss, 0 chg bounds, 6 chg sides, 39 chg coeffs, 183 upgd conss, 0 impls, 184 clqs
   (0.0s) running MILP presolver
   (0.0s) MILP presolver (2 rounds): 0 aggregations, 1 fixings, 0 bound changes
(round 8, medium)     96 del vars, 12 del conss, 0 add conss, 0 chg bounds, 6 chg sides, 39 chg coeffs, 183 upgd conss, 0 impls, 184 clqs
(round 9, exhaustive) 96 del vars, 15 del conss, 0 add conss, 0 chg bounds, 6 chg sides, 39 chg coeffs, 183 upgd conss, 0 impls, 184 clqs
   (0.0s) probing: 51/404 (12.6%) - 0 fixings, 0 aggregations, 0 implications, 0 bound changes
   (0.0s) probing aborted: 50/50 successive totally useless probings
   (0.0s) symmetry computation started: requiring (bin +, int +, cont +), (fixed: bin -, int -, cont -)
   (0.0s) no symmetry present (symcode time: 0.00)
presolving (10 rounds: 10 fast, 7 medium, 4 exhaustive):
 96 deleted vars, 15 deleted constraints, 0 added constraints, 0 tightened bounds, 0 added holes, 6 changed sides, 39 changed coefficients
 0 implications, 184 cliques
presolved problem has 404 variables (404 bin, 0 int, 0 impl, 0 cont) and 176 constraints
    176 constraints of type <setppc>
Presolving Time: 0.02

 time | node  | left  |LP iter|LP it/n|mem/heur|mdpt |vars |cons |rows |cuts |sepa|confs|strbr|  dualbound   | primalbound  |  gap   | compl. 
  0.1s|     1 |     0 |  1602 |     - |  5119k |   0 | 404 | 176 | 176 |   0 |  0 |   0 |   0 | 7.427617e+03 |      --      |    Inf | unknown
d 0.1s|     1 |     0 |  1602 |     - |distribu|   0 | 404 | 176 | 176 |   0 |  1 |   0 |   0 | 7.427617e+03 | 3.055239e+03 | 143.11%| unknown
d 0.1s|     1 |     0 |  1660 |     - |distribu|   0 | 404 | 176 | 176 |   0 |  1 |   0 |   0 | 7.427617e+03 | 3.209722e+03 | 131.41%| unknown
d 0.1s|     1 |     0 |  1736 |     - |distribu|   0 | 404 | 176 | 176 |   0 |  1 |   0 |   0 | 7.427617e+03 | 4.117157e+03 |  80.41%| unknown
d 0.1s|     1 |     0 |  1779 |     - |distribu|   0 | 404 | 176 | 176 |   0 |  1 |   0 |   0 | 7.427617e+03 | 5.604507e+03 |  32.53%| unknown
d 0.1s|     1 |     0 |  1795 |     - |distribu|   0 | 404 | 176 | 176 |   0 |  1 |   0 |   0 | 7.427617e+03 | 6.832486e+03 |   8.71%| unknown
  0.1s|     1 |     0 |  1795 |     - |  5207k |   0 | 404 | 176 | 176 |   0 |  1 |   0 |   0 | 7.427617e+03 | 6.832486e+03 |   8.71%| unknown
  0.2s|     1 |     2 |  1795 |     - |  5305k |   0 | 404 | 176 | 176 |   0 |  2 |   0 |  19 | 7.381301e+03 | 6.832486e+03 |   8.03%| unknown

SCIP Status        : solving was interrupted [node limit reached]
Solving Time (sec) : 0.20
Solving Nodes      : 1
Primal Bound       : +6.83248581951020e+03 (24 solutions)
Dual Bound         : +7.38130137321897e+03
Gap                : 8.03 %
