presolving:
(round 1, fast)       0 del vars, 1 del conss, 0 add conss, 0 chg bounds, 0 chg sides, 0 chg coeffs, 0 upgd conss, 0 impls, 194 clqs
   (0.0s) running MILP presolver
   (0.0s) MILP presolver (2 rounds): 0 aggregations, 12 fixings, 0 bound changes
(round 2, medium)     12 del vars, 1 del conss, 0 add conss, 0 chg bounds, 0 chg sides, 0 chg coeffs, 0 upgd conss, 0 impls, 194 clqs
(round 3, exhaustive) 12 del vars, 3 del conss, 0 add conss, 0 chg bounds, 2 chg sides, 0 chg coeffs, 0 upgd conss, 0 impls, 194 clqs
(round 4, exhaustive) 12 del vars, 3 del conss, 0 add conss, 0 chg bounds, 2 chg sides, 0 chg coeffs, 192 upgd conss, 0 impls, 194 clqs
(round 5, medium)     44 del vars, 3 del conss, 0 add conss, 0 chg bounds, 2 chg sides, 32 chg coeffs, 192 upgd conss, 0 impls, 194 clqs
(round 6, fast)       56 del vars, 4 del conss, 0 add conss, 0 chg bounds, 2 chg sides, 32 chg coeffs, 192 upgd conss, 0 impls, 192 clqs
(round 7, exhaustive) 56 del vars, 9 del conss, 0 add conss, 0 chg bounds, 2 chg sides, 32 chg coeffs, 192 upgd conss, 0 impls, 192 clqs
   (0.0s) probing: 51/444 (11.5%) - 0 fixings, 0 aggregations, 0 implications, 0 bound changes
   (0.0s) probing aborted: 50/50 successive totally useless probings
   (0.0s) symmetry computation started: requiring (bin +, int +, cont +), (fixed: bin -, int -, cont -)
   (0.0s) no symmetry present (symcode time: 0.00)
presolving (8 rounds: 8 fast, 6 medium, 4 exhaustive):
 56 deleted vars, 9 deleted constraints, 0 added constraints, 0 tightened bounds, 0 added holes, 2 changed sides, 32 changed coefficients
 0 implications, 192 cliques
presolved problem has 444 variables (444 bin, 0 int, 0 impl, 0 cont) and 186 constraints
    186 constraints of type <setppc>
Presolving Time: 0.04

 time | node  | left  |LP iter|LP it/n|mem/heur|mdpt |vars |cons |rows |cuts |sepa|confs|strbr|  dualbound   | primalbound  |  gap   | compl. 
  0.2s|     1 |     0 |  1440 |     - |  5549k |   0 | 444 | 186 | 186 |   0 |  0 |   0 |   0 | 8.275885e+03 |      --      |    Inf | unknown
d 0.2s|     1 |     0 |  1440 |     - |distribu|   0 | 444 | 186 | 186 |   0 |  1 |   0 |   0 | 8.275885e+03 | 2.626044e+03 | 215.15%| unknown
d 0.2s|     1 |     0 |  1487 |     - |distribu|   0 | 444 | 186 | 186 |   0 |  1 |   0 |   0 | 8.275885e+03 | 2.882133e+03 | 187.14%| unknown
d 0.2s|     1 |     0 |  1606 |     - |distribu|   0 | 444 | 186 | 186 |   0 |  1 |   0 |   0 | 8.275885e+03 | 3.444507e+03 | 140.26%| unknown
d 0.2s|     1 |     0 |  1717 |     - |distribu|   0 | 444 | 186 | 186 |   0 |  1 |   0 |   0 | 8.275885e+03 | 5.196991e+03 |  59.24%| unknown
d 0.2s|     1 |     0 |  1875 |     - |distribu|   0 | 444 | 186 | 186 |   0 |  1 |   0 |   0 | 8.275885e+03 | 7.136991e+03 |  15.96%| unknown
  0.2s|     1 |     0 |  1875 |     - |  5702k |   0 | 444 | 186 | 186 |   0 |  1 |   0 |   0 | 8.275885e+03 | 7.136991e+03 |  15.96%| unknown
  0.4s|     1 |     2 |  1875 |     - |  5896k |   0 | 444 | 186 | 186 |   0 |  2 |   0 |  47 | 8.231884e+03 | 7.136991e+03 |  15.34%| unknown

SCIP Status        : solving was interrupted [node limit reached]
Solving Time (sec) : 0.44
Solving Nodes      : 1
Primal Bound       : +7.13699122127520e+03 (55 solutions)
Dual Bound         : +8.23188394136637e+03
Gap                : 15.34 %
