presolving:
   (0.0s) running MILP presolver
   (0.0s) MILP presolver (2 rounds): 0 aggregations, 17 fixings, 0 bound changes
(round 1, medium)     17 del vars, 0 del conss, 0 add conss, 0 chg bounds, 0 chg sides, 0 chg coeffs, 0 upgd conss, 0 impls, 191 clqs
(round 2, fast)       17 del vars, 1 del conss, 0 add conss, 0 chg bounds, 0 chg sides, 0 chg coeffs, 0 upgd conss, 0 impls, 191 clqs
(round 3, exhaustive) 17 del vars, 9 del conss, 0 add conss, 0 chg bounds, 8 chg sides, 0 chg coeffs, 0 upgd conss, 0 impls, 191 clqs
(round 4, exhaustive) 17 del vars, 9 del conss, 0 add conss, 0 chg bounds, 8 chg sides, 0 chg coeffs, 183 upgd conss, 0 impls, 191 clqs
(round 5, medium)     51 del vars, 9 del conss, 0 add conss, 0 chg bounds, 8 chg sides, 34 chg coeffs, 183 upgd conss, 0 impls, 191 clqs
(round 6, fast)       73 del vars, 11 del conss, 0 add conss, 0 chg bounds, 8 chg sides, 34 chg coeffs, 183 upgd conss, 0 impls, 188 clqs
(round 7, exhaustive) 73 del vars, 15 del conss, 0 add conss, 0 chg bounds, 8 chg sides, 34 chg coeffs, 183 upgd conss, 0 impls, 188 clqs
   (0.0s) probing: 51/427 (11.9%) - 0 fixings, 0 aggregations, 0 implications, 0 bound changes
   (0.0s) probing aborted: 50/50 successive totally useless probings
   (0.0s) symmetry computation started: requiring (bin +, int +, cont +), (fixed: bin -, int -, cont -)
   (0.0s) no symmetry present (symcode time: 0.00)
presolving (8 rounds: 8 fast, 6 medium, 4 exhaustive):
 73 deleted vars, 15 deleted constraints, 0 added constraints, 0 tightened bounds, 0 added holes, 8 changed sides, 34 changed coefficients
 0 implications, 188 cliques
presolved problem has 427 variables (427 bin, 0 int, 0 impl, 0 cont) and 177 constraints
    177 constraints of type <setppc>
Presolving Time: 0.02

 time | node  | left  |LP iter|LP it/n|mem/heur|mdpt |vars |cons |rows |cuts |sepa|confs|strbr|  dualbound   | primalbound  |  gap   | compl. 
  0.1s|     1 |     0 |  1368 |     - |  5533k |   0 | 427 | 177 | 177 |   0 |  0 |   0 |   0 | 7.504159e+03 |      --      |    Inf | unknown
d 0.1s|     1 |     0 |  1368 |     - |distribu|   0 | 427 | 177 | 177 |   0 |  1 |   0 |   0 | 7.504159e+03 | 2.737793e+03 | 174.10%| unknown
d 0.1s|     1 |     0 |  1436 |     - |distribu|   0 | 427 | 177 | 177 |   0 |  1 |   0 |   0 | 7.504159e+03 | 2.792459e+03 | 168.73%| unknown
d 0.1s|     1 |     0 |  1540 |     - |distribu|   0 | 427 | 177 | 177 |   0 |  1 |   0 |   0 | 7.504159e+03 | 3.167670e+03 | 136.90%| unknown
d 0.1s|     1 |     0 |  1636 |     - |distribu|   0 | 427 | 177 | 177 |   0 |  1 |   0 |   0 | 7.504159e+03 | 4.211955e+03 |  78.16%| unknown
d 0.1s|     1 |     0 |  1700 |     - |distribu|   0 | 427 | 177 | 177 |   0 |  1 |   0 |   0 | 7.504159e+03 | 6.823212e+03 |   9.98%| unknown
  0.1s|     1 |     0 |  1700 |     - |  5643k |   0 | 427 | 177 | 177 |   0 |  1 |   0 |   0 | 7.504159e+03 | 6.823212e+03 |   9.98%| unknown
  0.2s|     1 |     2 |  1700 |     - |  5816k |   0 | 427 | 177 | 177 |   0 |  2 |   0 |  27 | 7.449321e+03 | 6.823212e+03 |   9.18%| unknown

SCIP Status        : solving was interrupted [node limit reached]
Solving Time (sec) : 0.22
Solving Nodes      : 1
Primal Bound       : +6.82321219090194e+03 (36 solutions)
Dual Bound         : +7.44932121802997e+03
Gap                : 9.18 %
