presolving:
(round 1, fast)       0 del vars, 1 del conss, 0 add conss, 0 chg bounds, 0 chg sides, 0 chg coeffs, 0 upgd conss, 0 impls, 193 clqs
   (0.0s) running MILP presolver
   (0.0s) MILP presolver (2 rounds): 0 aggregations, 25 fixings, 0 bound changes
(round 2, medium)     25 del vars, 1 del conss, 0 add conss, 0 chg bounds, 0 chg sides, 0 chg coeffs, 0 upgd conss, 0 impls, 192 clqs
(round 3, fast)       25 del vars, 2 del conss, 0 add conss, 0 chg bounds, 0 chg sides, 0 chg coeffs, 0 upgd conss, 0 impls, 192 clqs
(round 4, exhaustive) 25 del vars, 11 del conss, 0 add conss, 0 chg bounds, 9 chg sides, 0 chg coeffs, 0 upgd conss, 0 impls, 192 clqs
(round 5, exhaustive) 25 del vars, 11 del conss, 0 add conss, 0 chg bounds, 9 chg sides, 0 chg coeffs, 183 upgd conss, 0 impls, 192 clqs
(round 6, medium)     64 del vars, 11 del conss, 0 add conss, 0 chg bounds, 9 chg sides, 39 chg coeffs, 183 upgd conss, 0 impls, 192 clqs
(round 7, fast)       88 del vars, 13 del conss, 0 add conss, 0 chg bounds, 9 chg sides, 39 chg coeffs, 183 upgd conss, 0 impls, 190 clqs
(round 8, exhaustive) 88 del vars, 18 del conss, 0 add conss, 0 chg bounds, 9 chg sides, 39 chg coeffs, 183 upgd conss, 0 impls, 190 clqs
   (0.0s) probing: 51/412 (12.4%) - 0 fixings, 0 aggregations, 0 implications, 0 bound changes
   (0.0s) probing aborted: 50/50 successive totally useless probings
   (0.0s) symmetry computation started: requiring (bin +, int +, cont +), (fixed: bin -, int -, cont -)
   (0.0s) no symmetry present (symcode time: 0.00)
presolving (9 rounds: 9 fast, 6 medium, 4 exhaustive):
 88 deleted vars, 18 deleted constraints, 0 added constraints, 0 tightened bounds, 0 added holes, 9 changed sides, 39 changed coefficients
 0 implications, 190 cliques
presolved problem has 412 variables (412 bin, 0 int, 0 impl, 0 cont) and 176 constraints
    176 constraints of type <setppc>
Presolving Time: 0.01

 time | node  | left  |LP iter|LP it/n|mem/heur|mdpt |vars |cons |rows |cuts |sepa|confs|strbr|  dualbound   | primalbound  |  gap   | compl. 
  0.1s|     1 |     0 |   920 |     - |  5148k |   0 | 412 | 176 | 176 |   0 |  0 |   0 |   0 | 6.844634e+03 |      --      |    Inf | unknown
d 0.1s|     1 |     0 |   920 |     - |distribu|   0 | 412 | 176 | 176 |   0 |  1 |   0 |   0 | 6.844634e+03 | 3.277882e+03 | 108.81%| unknown
d 0.1s|     1 |     0 |  1026 |     - |distribu|   0 | 412 | 176 | 176 |   0 |  1 |   0 |   0 | 6.844634e+03 | 3.961815e+03 |  72.77%| unknown
d 0.1s|     1 |     0 |  1092 |     - |distribu|   0 | 412 | 176 | 176 |   0 |  1 |   0 |   0 | 6.844634e+03 | 6.587362e+03 |   3.91%| unknown
  0.1s|     1 |     0 |  1092 |     - |  5243k |   0 | 412 | 176 | 176 |   0 |  1 |   0 |   0 | 6.844634e+03 | 6.587362e+03 |   3.91%| unknown
  0.1s|     1 |     0 |  1092 |     - |  5243k |   0 | 412 | 176 | 176 |   0 |  1 |   0 |   0 | 6.844634e+03 | 6.587362e+03 |   3.91%| unknown
  0.2s|     1 |     2 |  1092 |     - |  5610k |   0 | 412 | 176 | 176 |   0 |  2 |   0 |  33 | 6.812298e+03 | 6.587362e+03 |   3.41%| unknown

SCIP Status        : solving was interrupted [node limit reached]
Solving Time (sec) : 0.22
Solving Nodes      : 1
Primal Bound       : +6.58736169364340e+03 (41 solutions)
Dual Bound         : +6.81229806465746e+03
Gap                : 3.41 %
