presolving:
(round 1, fast)       0 del vars, 1 del conss, 0 add conss, 0 chg bounds, 0 chg sides, 0 chg coeffs, 0 upgd conss, 0 impls, 195 clqs
   (0.0s) running MILP presolver
   (0.0s) MILP presolver (2 rounds): 0 aggregations, 14 fixings, 0 bound changes
(round 2, medium)     14 del vars, 1 del conss, 0 add conss, 0 chg bounds, 0 chg sides, 0 chg coeffs, 0 upgd conss, 0 impls, 195 clqs
(round 3, exhaustive) 14 del vars, 2 del conss, 0 add conss, 0 chg bounds, 1 chg sides, 0 chg coeffs, 0 upgd conss, 0 impls, 195 clqs
(round 4, exhaustive) 14 del vars, 2 del conss, 0 add conss, 0 chg bounds, 1 chg sides, 0 chg coeffs, 194 upgd conss, 0 impls, 195 clqs
(round 5, medium)     54 del vars, 2 del conss, 0 add conss, 0 chg bounds, 1 chg sides, 40 chg coeffs, 194 upgd conss, 0 impls, 195 clqs
(round 6, fast)       72 del vars, 3 del conss, 0 add conss, 0 chg bounds, 1 chg sides, 40 chg coeffs, 194 upgd conss, 0 impls, 194 clqs
(round 7, exhaustive) 72 del vars, 6 del conss, 0 add conss, 0 chg bounds, 1 chg sides, 40 chg coeffs, 194 upgd conss, 0 impls, 194 clqs
   (0.0s) probing: 51/428 (11.9%) - 0 fixings, 0 aggregations, 0 implications, 0 bound changes
   (0.0s) probing aborted: 50/50 successive totally useless probings
   (0.0s) symmetry computation started: requiring (bin +, int +, cont +), (fixed: bin -, int -, cont -)
   (0.0s) no symmetry present (symcode time: 0.00)
presolving (8 rounds: 8 fast, 6 medium, 4 exhaustive):
 72 deleted vars, 6 deleted constraints, 0 added constraints, 0 tightened bounds, 0 added holes, 1 changed sides, 40 changed coefficients
 0 implications, 194 cliques
presolved problem has 428 variables (428 bin, 0 int, 0 impl, 0 cont) and 190 constraints
    190 constraints of type <setppc>
Presolving Time: 0.01

 time | node  | left  |LP iter|LP it/n|mem/heur|mdpt |vars |cons |rows |cuts |sepa|confs|strbr|  dualbound   | primalbound  |  gap   | compl. 
  0.1s|     1 |     0 |  1728 |     - |  5387k |   0 | 428 | 190 | 190 |   0 |  0 |   0 |   0 | 8.165786e+03 |      --      |    Inf | unknown
d 0.1s|     1 |     0 |  1728 |     - |distribu|   0 | 428 | 190 | 190 |   0 |  1 |   0 |   0 | 8.165786e+03 | 3.630157e+03 | 124.94%| unknown
d 0.1s|     1 |     0 |  1848 |     - |distribu|   0 | 428 | 190 | 190 |   0 |  1 |   0 |   0 | 8.165786e+03 | 4.206523e+03 |  94.12%| unknown
d 0.1s|     1 |     0 |  1928 |     - |distribu|   0 | 428 | 190 | 190 |   0 |  1 |   0 |   0 | 8.165786e+03 | 4.430038e+03 |  84.33%| unknown
d 0.1s|     1 |     0 |  1991 |     - |distribu|   0 | 428 | 190 | 190 |   0 |  1 |   0 |   0 | 8.165786e+03 | 5.332369e+03 |  53.14%| unknown
d 0.1s|     1 |     0 |  2005 |     - |distribu|   0 | 428 | 190 | 190 |   0 |  1 |   0 |   0 | 8.165786e+03 | 6.876610e+03 |  18.75%| unknown
d 0.1s|     1 |     0 |  2027 |     - |distribu|   0 | 428 | 190 | 190 |   0 |  1 |   0 |   0 | 8.165786e+03 | 7.275514e+03 |  12.24%| unknown
  0.1s|     1 |     0 |  2027 |     - |  5521k |   0 | 428 | 190 | 190 |   0 |  1 |   0 |   0 | 8.165786e+03 | 7.275514e+03 |  12.24%| unknown
  0.3s|     1 |     2 |  2027 |     - |  5737k |   0 | 428 | 190 | 190 |   0 |  2 |   0 |  22 | 8.116288e+03 | 7.275514e+03 |  11.56%| unknown

SCIP Status        : solving was interrupted [node limit reached]
Solving Time (sec) : 0.28
Solving Nodes      : 1
Primal Bound       : +7.27551391224922e+03 (34 solutions)
Dual Bound         : +8.11628764773183e+03
Gap                : 11.56 %
