presolving:
(round 1, fast)       0 del vars, 1 del conss, 0 add conss, 0 chg bounds, 0 chg sides, 0 chg coeffs, 0 upgd conss, 0 impls, 197 clqs
   (0.0s) running MILP presolver
   (0.0s) MILP presolver (2 rounds): 0 aggregations, 25 fixings, 0 bound changes
(round 2, medium)     25 del vars, 1 del conss, 0 add conss, 0 chg bounds, 0 chg sides, 0 chg coeffs, 0 upgd conss, 0 impls, 196 clqs
(round 3, fast)       25 del vars, 2 del conss, 0 add conss, 0 chg bounds, 0 chg sides, 0 chg coeffs, 0 upgd conss, 0 impls, 196 clqs
(round 4, exhaustive) 25 del vars, 7 del conss, 0 add conss, 0 chg bounds, 5 chg sides, 0 chg coeffs, 0 upgd conss, 0 impls, 196 clqs
(round 5, exhaustive) 25 del vars, 7 del conss, 0 add conss, 0 chg bounds, 5 chg sides, 0 chg coeffs, 191 upgd conss, 0 impls, 196 clqs
(round 6, medium)     64 del vars, 7 del conss, 0 add conss, 0 chg bounds, 5 chg sides, 39 chg coeffs, 191 upgd conss, 0 impls, 196 clqs
(round 7, fast)       82 del vars, 9 del conss, 0 add conss, 0 chg bounds, 5 chg sides, 39 chg coeffs, 191 upgd conss, 0 impls, 192 clqs
(round 8, exhaustive) 83 del vars, 9 del conss, 0 add conss, 0 chg bounds, 5 chg sides, 39 chg coeffs, 191 upgd conss, 0 impls, 191 clqs
   (0.0s) probing: 51/417 (12.2%) - 0 fixings, 0 aggregations, 0 implications, 0 bound changes
   (0.0s) probing aborted: 50/50 successive totally useless probings
   (0.0s) symmetry computation started: requiring (bin +, int +, cont +), (fixed: bin -, int -, cont -)
   (0.0s) no symmetry present (symcode time: 0.00)
presolving (9 rounds: 9 fast, 6 medium, 4 exhaustive):
 83 deleted vars, 9 deleted constraints, 0 added constraints, 0 tightened bounds, 0 added holes, 5 changed sides, 39 changed coefficients
 0 implications, 191 cliques
presolved problem has 417 variables (417 bin, 0 int, 0 impl, 0 cont) and 189 constraints
    189 constraints of type <setppc>
Presolving Time: 0.02

 time | node  | left  |LP iter|LP it/n|mem/heur|mdpt |vars |cons |rows |cuts |sepa|confs|strbr|  dualbound   | primalbound  |  gap   | compl. 
  0.1s|     1 |     0 |  1306 |     - |  5232k |   0 | 417 | 189 | 189 |   0 |  0 |   0 |   0 | 7.467683e+03 |      --      |    Inf | unknown
d 0.1s|     1 |     0 |  1306 |     - |distribu|   0 | 417 | 189 | 189 |   0 |  1 |   0 |   0 | 7.467683e+03 | 2.868038e+03 | 160.38%| unknown
d 0.1s|     1 |     0 |  1489 |     - |distribu|   0 | 417 | 189 | 189 |   0 |  1 |   0 |   0 | 7.467683e+03 | 3.715643e+03 | 100.98%| unknown
d 0.1s|     1 |     0 |  1577 |     - |distribu|   0 | 417 | 189 | 189 |   0 |  1 |   0 |   0 | 7.467683e+03 | 3.873450e+03 |  92.79%| unknown
d 0.1s|     1 |     0 |  1617 |     - |distribu|   0 | 417 | 189 | 189 |   0 |  1 |   0 |   0 | 7.467683e+03 | 4.977351e+03 |  50.03%| unknown
d 0.1s|     1 |     0 |  1653 |     - |distribu|   0 | 417 | 189 | 189 |   0 |  1 |   0 |   0 | 7.467683e+03 | 5.629575e+03 |  32.65%| unknown
d 0.1s|     1 |     0 |  1658 |     - |distribu|   0 | 417 | 189 | 189 |   0 |  1 |   0 |   0 | 7.467683e+03 | 6.311315e+03 |  18.32%| unknown
  0.1s|     1 |     0 |  1658 |     - |  5367k |   0 | 417 | 189 | 189 |   0 |  1 |   0 |   0 | 7.467683e+03 | 6.311315e+03 |  18.32%| unknown
  0.2s|     1 |     2 |  1658 |     - |  5503k |   0 | 417 | 189 | 189 |   0 |  2 |   0 |  27 | 7.417423e+03 | 6.311315e+03 |  17.53%| unknown

SCIP Status        : solving was interrupted [node limit reached]
Solving Time (sec) : 0.20
Solving Nodes      : 1
Primal Bound       : +6.31131511321119e+03 (35 solutions)
Dual Bound         : +7.41742294162936e+03
Gap                : 17.53 %
