presolving:
   (0.0s) running MILP presolver
   (0.0s) MILP presolver (2 rounds): 0 aggregations, 31 fixings, 0 bound changes
(round 1, medium)     31 del vars, 0 del conss, 0 add conss, 0 chg bounds, 0 chg sides, 0 chg coeffs, 0 upgd conss, 0 impls, 190 clqs
(round 2, fast)       31 del vars, 3 del conss, 0 add conss, 0 chg bounds, 0 chg sides, 0 chg coeffs, 0 upgd conss, 0 impls, 190 clqs
(round 3, exhaustive) 31 del vars, 12 del conss, 0 add conss, 0 chg bounds, 9 chg sides, 0 chg coeffs, 0 upgd conss, 0 impls, 190 clqs
(round 4, exhaustive) 31 del vars, 12 del conss, 0 add conss, 0 chg bounds, 9 chg sides, 0 chg coeffs, 181 upgd conss, 0 impls, 190 clqs
(round 5, medium)     78 del vars, 12 del conss, 0 add conss, 0 chg bounds, 9 chg sides, 47 chg coeffs, 181 upgd conss, 0 impls, 190 clqs
(round 6, fast)       110 del vars, 15 del conss, 0 add conss, 0 chg bounds, 9 chg sides, 47 chg coeffs, 181 upgd conss, 0 impls, 186 clqs
   (0.0s) running MILP presolver
   (0.0s) MILP presolver (2 rounds): 0 aggregations, 4 fixings, 0 bound changes
(round 7, medium)     114 del vars, 15 del conss, 0 add conss, 0 chg bounds, 9 chg sides, 47 chg coeffs, 181 upgd conss, 0 impls, 185 clqs
(round 8, exhaustive) 114 del vars, 20 del conss, 0 add conss, 0 chg bounds, 9 chg sides, 47 chg coeffs, 181 upgd conss, 0 impls, 185 clqs
   (0.0s) probing: 51/386 (13.2%) - 0 fixings, 0 aggregations, 0 implications, 0 bound changes
   (0.0s) probing aborted: 50/50 successive totally useless probings
   (0.0s) symmetry computation started: requiring (bin +, int +, cont +), (fixed: bin -, int -, cont -)
   (0.0s) no symmetry present (symcode time: 0.00)
presolving (9 rounds: 9 fast, 7 medium, 4 exhaustive):
 114 deleted vars, 20 deleted constraints, 0 added constraints, 0 tightened bounds, 0 added holes, 9 changed sides, 47 changed coefficients
 0 implications, 185 cliques
presolved problem has 386 variables (386 bin, 0 int, 0 impl, 0 cont) and 173 constraints
    173 constraints of type <setppc>
Presolving Time: 0.02

 time | node  | left  |LP iter|LP it/n|mem/heur|mdpt |vars |cons |rows |cuts |sepa|confs|strbr|  dualbound   | primalbound  |  gap   | compl. 
  0.1s|     1 |     0 |  1375 |     - |  4869k |   0 | 386 | 173 | 173 |   0 |  0 |   0 |   0 | 7.416999e+03 |      --      |    Inf | unknown
d 0.1s|     1 |     0 |  1375 |     - |distribu|   0 | 386 | 173 | 173 |   0 |  1 |   0 |   0 | 7.416999e+03 | 3.737120e+03 |  98.47%| unknown
d 0.1s|     1 |     0 |  1508 |     - |distribu|   0 | 386 | 173 | 173 |   0 |  1 |   0 |   0 | 7.416999e+03 | 4.021805e+03 |  84.42%| unknown
d 0.1s|     1 |     0 |  1554 |     - |distribu|   0 | 386 | 173 | 173 |   0 |  1 |   0 |   0 | 7.416999e+03 | 5.056203e+03 |  46.69%| unknown
d 0.1s|     1 |     0 |  1578 |     - |distribu|   0 | 386 | 173 | 173 |   0 |  1 |   0 |   0 | 7.416999e+03 | 5.646230e+03 |  31.36%| unknown
d 0.1s|     1 |     0 |  1597 |     - |distribu|   0 | 386 | 173 | 173 |   0 |  1 |   0 |   0 | 7.416999e+03 | 6.703864e+03 |  10.64%| unknown
  0.1s|     1 |     0 |  1597 |     - |  4985k |   0 | 386 | 173 | 173 |   0 |  1 |   0 |   0 | 7.416999e+03 | 6.703864e+03 |  10.64%| unknown
  0.3s|     1 |     2 |  1597 |     - |  5522k |   0 | 386 | 173 | 173 |   0 |  2 |   0 |  50 | 7.388694e+03 | 6.703864e+03 |  10.22%| unknown

SCIP Status        : solving was interrupted [node limit reached]
Solving Time (sec) : 0.28
Solving Nodes      : 1
Primal Bound       : +6.70386410382196e+03 (65 solutions)
Dual Bound         : +7.38869370504849e+03
Gap                : 10.22 %
