presolving:
(round 1, fast)       0 del vars, 3 del conss, 0 add conss, 0 chg bounds, 0 chg sides, 0 chg coeffs, 0 upgd conss, 0 impls, 186 clqs
   (0.0s) running MILP presolver
   (0.0s) MILP presolver (2 rounds): 0 aggregations, 22 fixings, 0 bound changes
(round 2, medium)     22 del vars, 3 del conss, 0 add conss, 0 chg bounds, 0 chg sides, 0 chg coeffs, 0 upgd conss, 0 impls, 185 clqs
(round 3, fast)       23 del vars, 5 del conss, 0 add conss, 0 chg bounds, 0 chg sides, 0 chg coeffs, 0 upgd conss, 0 impls, 184 clqs
(round 4, exhaustive) 23 del vars, 9 del conss, 0 add conss, 0 chg bounds, 4 chg sides, 0 chg coeffs, 0 upgd conss, 0 impls, 184 clqs
(round 5, exhaustive) 23 del vars, 9 del conss, 0 add conss, 0 chg bounds, 4 chg sides, 0 chg coeffs, 180 upgd conss, 0 impls, 184 clqs
(round 6, medium)     64 del vars, 9 del conss, 0 add conss, 0 chg bounds, 4 chg sides, 41 chg coeffs, 180 upgd conss, 0 impls, 184 clqs
(round 7, fast)       88 del vars, 13 del conss, 0 add conss, 0 chg bounds, 4 chg sides, 41 chg coeffs, 180 upgd conss, 0 impls, 179 clqs
   (0.0s) probing: 51/412 (12.4%) - 0 fixings, 0 aggregations, 0 implications, 0 bound changes
   (0.0s) probing aborted: 50/50 successive totally useless probings
   (0.0s) symmetry computation started: requiring (bin +, int +, cont +), (fixed: bin -, int -, cont -)
   (0.0s) no symmetry present (symcode time: 0.00)
presolving (8 rounds: 8 fast, 5 medium, 3 exhaustive):
 88 deleted vars, 13 deleted constraints, 0 added constraints, 0 tightened bounds, 0 added holes, 4 changed sides, 41 changed coefficients
 0 implications, 179 cliques
presolved problem has 412 variables (412 bin, 0 int, 0 impl, 0 cont) and 176 constraints
    176 constraints of type <setppc>
Presolving Time: 0.02

 time | node  | left  |LP iter|LP it/n|mem/heur|mdpt |vars |cons |rows |cuts |sepa|confs|strbr|  dualbound   | primalbound  |  gap   | compl. 
  0.1s|     1 |     0 |  1117 |     - |  5254k |   0 | 412 | 176 | 176 |   0 |  0 |   0 |   0 | 7.634367e+03 |      --      |    Inf | unknown
d 0.1s|     1 |     0 |  1117 |     - |distribu|   0 | 412 | 176 | 176 |   0 |  1 |   0 |   0 | 7.634367e+03 | 3.059184e+03 | 149.56%| unknown
d 0.1s|     1 |     0 |  1148 |     - |distribu|   0 | 412 | 176 | 176 |   0 |  1 |   0 |   0 | 7.634367e+03 | 3.951191e+03 |  93.22%| unknown
d 0.1s|     1 |     0 |  1205 |     - |distribu|   0 | 412 | 176 | 176 |   0 |  1 |   0 |   0 | 7.634367e+03 | 6.137478e+03 |  24.39%| unknown
d 0.1s|     1 |     0 |  1241 |     - |distribu|   0 | 412 | 176 | 176 |   0 |  1 |   0 |   0 | 7.634367e+03 | 7.094821e+03 |   7.60%| unknown
  0.1s|     1 |     0 |  1241 |     - |  5582k |   0 | 412 | 176 | 176 |   0 |  1 |   0 |   0 | 7.634367e+03 | 7.094821e+03 |   7.60%| unknown
  0.1s|     1 |     0 |  1241 |     - |  5582k |   0 | 412 | 176 | 176 |   0 |  1 |   0 |   0 | 7.634367e+03 | 7.094821e+03 |   7.60%| unknown
  0.2s|     1 |     2 |  1241 |     - |  5686k |   0 | 412 | 176 | 176 |   0 |  2 |   0 |  20 | 7.587218e+03 | 7.094821e+03 |   6.94%| unknown

SCIP Status        : solving was interrupted [node limit reached]
Solving Time (sec) : 0.21
Solving Nodes      : 1
Primal Bound       : +7.09482060200783e+03 (25 solutions)
Dual Bound         : +7.58721809175762e+03
Gap                : 6.94 %
