presolving:
(round 1, fast)       1 del vars, 1 del conss, 0 add conss, 0 chg bounds, 0 chg sides, 0 chg coeffs, 0 upgd conss, 0 impls, 194 clqs
   (0.0s) running MILP presolver
   (0.0s) MILP presolver (2 rounds): 0 aggregations, 24 fixings, 0 bound changes
(round 2, medium)     25 del vars, 1 del conss, 0 add conss, 0 chg bounds, 0 chg sides, 0 chg coeffs, 0 upgd conss, 0 impls, 192 clqs
(round 3, fast)       25 del vars, 3 del conss, 0 add conss, 0 chg bounds, 0 chg sides, 0 chg coeffs, 0 upgd conss, 0 impls, 192 clqs
(round 4, exhaustive) 25 del vars, 8 del conss, 0 add conss, 0 chg bounds, 5 chg sides, 0 chg coeffs, 0 upgd conss, 0 impls, 192 clqs
(round 5, exhaustive) 25 del vars, 8 del conss, 0 add conss, 0 chg bounds, 5 chg sides, 0 chg coeffs, 187 upgd conss, 0 impls, 192 clqs
(round 6, medium)     63 del vars, 8 del conss, 0 add conss, 0 chg bounds, 5 chg sides, 38 chg coeffs, 187 upgd conss, 0 impls, 192 clqs
(round 7, fast)       92 del vars, 11 del conss, 0 add conss, 0 chg bounds, 5 chg sides, 38 chg coeffs, 187 upgd conss, 0 impls, 188 clqs
(round 8, exhaustive) 92 del vars, 16 del conss, 0 add conss, 0 chg bounds, 5 chg sides, 38 chg coeffs, 187 upgd conss, 0 impls, 188 clqs
(round 9, fast)       94 del vars, 16 del conss, 0 add conss, 0 chg bounds, 5 chg sides, 38 chg coeffs, 187 upgd conss, 0 impls, 188 clqs
(round 10, medium)     95 del vars, 16 del conss, 0 add conss, 0 chg bounds, 5 chg sides, 39 chg coeffs, 187 upgd conss, 0 impls, 187 clqs
(round 11, exhaustive) 95 del vars, 17 del conss, 0 add conss, 0 chg bounds, 5 chg sides, 39 chg coeffs, 187 upgd conss, 0 impls, 187 clqs
   (0.0s) probing: 51/405 (12.6%) - 0 fixings, 0 aggregations, 0 implications, 0 bound changes
   (0.0s) probing aborted: 50/50 successive totally useless probings
   (0.0s) symmetry computation started: requiring (bin +, int +, cont +), (fixed: bin -, int -, cont -)
   (0.0s) no symmetry present (symcode time: 0.00)
presolving (12 rounds: 12 fast, 8 medium, 5 exhaustive):
 95 deleted vars, 17 deleted constraints, 0 added constraints, 0 tightened bounds, 0 added holes, 5 changed sides, 39 changed coefficients
 0 implications, 187 cliques
presolved problem has 405 variables (405 bin, 0 int, 0 impl, 0 cont) and 178 constraints
    178 constraints of type <setppc>
Presolving Time: 0.02

 time | node  | left  |LP iter|LP it/n|mem/heur|mdpt |vars |cons |rows |cuts |sepa|confs|strbr|  dualbound   | primalbound  |  gap   | compl. 
  0.1s|     1 |     0 |  1246 |     - |  5139k |   0 | 405 | 178 | 178 |   0 |  0 |   0 |   0 | 7.422566e+03 |      --      |    Inf | unknown
d 0.1s|     1 |     0 |  1246 |     - |distribu|   0 | 405 | 178 | 178 |   0 |  1 |   0 |   0 | 7.422566e+03 | 3.082855e+03 | 140.77%| unknown
d 0.1s|     1 |     0 |  1263 |     - |distribu|   0 | 405 | 178 | 178 |   0 |  1 |   0 |   0 | 7.422566e+03 | 3.243973e+03 | 128.81%| unknown
d 0.1s|     1 |     0 |  1400 |     - |distribu|   0 | 405 | 178 | 178 |   0 |  1 |   0 |   0 | 7.422566e+03 | 3.764696e+03 |  97.16%| unknown
d 0.1s|     1 |     0 |  1444 |     - |distribu|   0 | 405 | 178 | 178 |   0 |  1 |   0 |   0 | 7.422566e+03 | 4.867443e+03 |  52.49%| unknown
d 0.1s|     1 |     0 |  1460 |     - |distribu|   0 | 405 | 178 | 178 |   0 |  1 |   0 |   0 | 7.422566e+03 | 6.367728e+03 |  16.57%| unknown
d 0.1s|     1 |     0 |  1462 |     - |distribu|   0 | 405 | 178 | 178 |   0 |  1 |   0 |   0 | 7.422566e+03 | 6.373362e+03 |  16.46%| unknown
  0.1s|     1 |     0 |  1462 |     - |  5258k |   0 | 405 | 178 | 178 |   0 |  1 |   0 |   0 | 7.422566e+03 | 6.373362e+03 |  16.46%| unknown
  0.2s|     1 |     2 |  1462 |     - |  5461k |   0 | 405 | 178 | 178 |   0 |  2 |   0 |  28 | 7.375321e+03 | 6.373362e+03 |  15.72%| unknown

SCIP Status        : solving was interrupted [node limit reached]
Solving Time (sec) : 0.18
Solving Nodes      : 1
Primal Bound       : +6.37336172469563e+03 (42 solutions)
Dual Bound         : +7.37532121793271e+03
Gap                : 15.72 %
