presolving:
(round 1, fast)       0 del vars, 2 del conss, 0 add conss, 0 chg bounds, 0 chg sides, 0 chg coeffs, 0 upgd conss, 0 impls, 196 clqs
   (0.0s) running MILP presolver
   (0.0s) MILP presolver (2 rounds): 0 aggregations, 27 fixings, 0 bound changes
(round 2, medium)     27 del vars, 2 del conss, 0 add conss, 0 chg bounds, 0 chg sides, 0 chg coeffs, 0 upgd conss, 0 impls, 195 clqs
(round 3, fast)       27 del vars, 3 del conss, 0 add conss, 0 chg bounds, 0 chg sides, 0 chg coeffs, 0 upgd conss, 0 impls, 195 clqs
(round 4, exhaustive) 27 del vars, 12 del conss, 0 add conss, 0 chg bounds, 9 chg sides, 0 chg coeffs, 0 upgd conss, 0 impls, 195 clqs
(round 5, exhaustive) 27 del vars, 12 del conss, 0 add conss, 0 chg bounds, 9 chg sides, 0 chg coeffs, 186 upgd conss, 0 impls, 195 clqs
(round 6, medium)     64 del vars, 12 del conss, 0 add conss, 0 chg bounds, 9 chg sides, 37 chg coeffs, 186 upgd conss, 0 impls, 195 clqs
(round 7, fast)       85 del vars, 13 del conss, 0 add conss, 0 chg bounds, 9 chg sides, 37 chg coeffs, 186 upgd conss, 0 impls, 194 clqs
(round 8, exhaustive) 85 del vars, 19 del conss, 0 add conss, 0 chg bounds, 9 chg sides, 37 chg coeffs, 186 upgd conss, 0 impls, 194 clqs
   (0.0s) probing: 51/415 (12.3%) - 0 fixings, 0 aggregations, 0 implications, 0 bound changes
   (0.0s) probing aborted: 50/50 successive totally useless probings
   (0.0s) symmetry computation started: requiring (bin +, int +, cont +), (fixed: bin -, int -, cont -)
   (0.0s) no symmetry present (symcode time: 0.00)
presolving (9 rounds: 9 fast, 6 medium, 4 exhaustive):
 85 deleted vars, 19 deleted constraints, 0 added constraints, 0 tightened bounds, 0 added holes, 9 changed sides, 37 changed coefficients
 0 implications, 194 cliques
presolved problem has 415 variables (415 bin, 0 int, 0 impl, 0 cont) and 179 constraints
    179 constraints of type <setppc>
Presolving Time: 0.04

 time | node  | left  |LP iter|LP it/n|mem/heur|mdpt |vars |cons |rows |cuts |sepa|confs|strbr|  dualbound   | primalbound  |  gap   | compl. 
  0.1s|     1 |     0 |  2019 |     - |  5090k |   0 | 415 | 179 | 179 |   0 |  0 |   0 |   0 | 7.501556e+03 |      --      |    Inf | unknown
d 0.1s|     1 |     0 |  2019 |     - |distribu|   0 | 415 | 179 | 179 |   0 |  1 |   0 |   0 | 7.501556e+03 | 2.807055e+03 | 167.24%| unknown
d 0.1s|     1 |     0 |  2049 |     - |distribu|   0 | 415 | 179 | 179 |   0 |  1 |   0 |   0 | 7.501556e+03 | 3.393903e+03 | 121.03%| unknown
d 0.1s|     1 |     0 |  2142 |     - |distribu|   0 | 415 | 179 | 179 |   0 |  1 |   0 |   0 | 7.501556e+03 | 3.657004e+03 | 105.13%| unknown
d 0.1s|     1 |     0 |  2207 |     - |distribu|   0 | 415 | 179 | 179 |   0 |  1 |   0 |   0 | 7.501556e+03 | 4.688935e+03 |  59.98%| unknown
d 0.1s|     1 |     0 |  2282 |     - |distribu|   0 | 415 | 179 | 179 |   0 |  1 |   0 |   0 | 7.501556e+03 | 6.844094e+03 |   9.61%| unknown
d 0.1s|     1 |     0 |  2287 |     - |distribu|   0 | 415 | 179 | 179 |   0 |  1 |   0 |   0 | 7.501556e+03 | 7.088915e+03 |   5.82%| unknown
  0.1s|     1 |     0 |  2287 |     - |  5194k |   0 | 415 | 179 | 179 |   0 |  1 |   0 |   0 | 7.501556e+03 | 7.088915e+03 |   5.82%| unknown
  0.1s|     1 |     0 |  2287 |     - |  5194k |   0 | 415 | 179 | 179 |   0 |  1 |   0 |   0 | 7.501556e+03 | 7.088915e+03 |   5.82%| unknown
  0.2s|     1 |     2 |  2287 |     - |  5448k |   0 | 415 | 179 | 179 |   0 |  2 |   0 |  19 | 7.456750e+03 | 7.088915e+03 |   5.19%| unknown

SCIP Status        : solving was interrupted [node limit reached]
Solving Time (sec) : 0.20
Solving Nodes      : 1
Primal Bound       : +7.08891502120664e+03 (33 solutions)
Dual Bound         : +7.45675004780159e+03
Gap                : 5.19 %
