presolving:
   (0.0s) running MILP presolver
   (0.0s) MILP presolver (2 rounds): 0 aggregations, 20 fixings, 0 bound changes
(round 1, medium)     20 del vars, 0 del conss, 0 add conss, 0 chg bounds, 0 chg sides, 0 chg coeffs, 0 upgd conss, 0 impls, 192 clqs
(round 2, exhaustive) 20 del vars, 5 del conss, 0 add conss, 0 chg bounds, 5 chg sides, 0 chg coeffs, 0 upgd conss, 0 impls, 192 clqs
(round 3, exhaustive) 20 del vars, 5 del conss, 0 add conss, 0 chg bounds, 5 chg sides, 0 chg coeffs, 187 upgd conss, 0 impls, 192 clqs
(round 4, medium)     62 del vars, 5 del conss, 0 add conss, 0 chg bounds, 5 chg sides, 42 chg coeffs, 187 upgd conss, 0 impls, 192 clqs
(round 5, fast)       84 del vars, 5 del conss, 0 add conss, 0 chg bounds, 5 chg sides, 42 chg coeffs, 187 upgd conss, 0 impls, 192 clqs
(round 6, exhaustive) 84 del vars, 14 del conss, 0 add conss, 0 chg bounds, 5 chg sides, 42 chg coeffs, 187 upgd conss, 0 impls, 192 clqs
   (0.0s) probing: 51/416 (12.3%) - 0 fixings, 0 aggregations, 0 implications, 0 bound changes
   (0.0s) probing aborted: 50/50 successive totally useless probings
   (0.0s) symmetry computation started: requiring (bin +, int +, cont +), (fixed: bin -, int -, cont -)
   (0.0s) no symmetry present (symcode time: 0.00)
presolving (7 rounds: 7 fast, 6 medium, 4 exhaustive):
 84 deleted vars, 14 deleted constraints, 0 added constraints, 0 tightened bounds, 0 added holes, 5 changed sides, 42 changed coefficients
 0 implications, 192 cliques
presolved problem has 416 variables (416 bin, 0 int, 0 impl, 0 cont) and 178 constraints
    178 constraints of type <setppc>
Presolving Time: 0.03

 time | node  | left  |LP iter|LP it/n|mem/heur|mdpt |vars |cons |rows |cuts |sepa|confs|strbr|  dualbound   | primalbound  |  gap   | compl. 
  0.1s|     1 |     0 |  1395 |     - |  5208k |   0 | 416 | 178 | 178 |   0 |  0 |   0 |   0 | 7.555189e+03 |      --      |    Inf | unknown
d 0.1s|     1 |     0 |  1395 |     - |distribu|   0 | 416 | 178 | 178 |   0 |  1 |   0 |   0 | 7.555189e+03 | 2.854603e+03 | 164.67%| unknown
d 0.1s|     1 |     0 |  1503 |     - |distribu|   0 | 416 | 178 | 178 |   0 |  1 |   0 |   0 | 7.555189e+03 | 3.401388e+03 | 122.12%| unknown
d 0.1s|     1 |     0 |  1522 |     - |distribu|   0 | 416 | 178 | 178 |   0 |  1 |   0 |   0 | 7.555189e+03 | 3.456469e+03 | 118.58%| unknown
d 0.1s|     1 |     0 |  1571 |     - |distribu|   0 | 416 | 178 | 178 |   0 |  1 |   0 |   0 | 7.555189e+03 | 4.705972e+03 |  60.54%| unknown
d 0.1s|     1 |     0 |  1653 |     - |distribu|   0 | 416 | 178 | 178 |   0 |  1 |   0 |   0 | 7.555189e+03 | 6.738042e+03 |  12.13%| unknown
  0.1s|     1 |     0 |  1653 |     - |  5327k |   0 | 416 | 178 | 178 |   0 |  1 |   0 |   0 | 7.555189e+03 | 6.738042e+03 |  12.13%| unknown
  0.3s|     1 |     2 |  1653 |     - |  5541k |   0 | 416 | 178 | 178 |   0 |  2 |   0 |  22 | 7.520981e+03 | 6.738042e+03 |  11.62%| unknown

SCIP Status        : solving was interrupted [node limit reached]
Solving Time (sec) : 0.28
Solving Nodes      : 1
Primal Bound       : +6.73804230508719e+03 (30 solutions)
Dual Bound         : +7.52098102378309e+03
Gap                : 11.62 %
