presolving:
(round 1, fast)       1 del vars, 1 del conss, 0 add conss, 0 chg bounds, 0 chg sides, 0 chg coeffs, 0 upgd conss, 0 impls, 185 clqs
   (0.0s) running MILP presolver
   (0.0s) MILP presolver (2 rounds): 0 aggregations, 20 fixings, 0 bound changes
(round 2, medium)     21 del vars, 1 del conss, 0 add conss, 0 chg bounds, 0 chg sides, 0 chg coeffs, 0 upgd conss, 0 impls, 185 clqs
(round 3, exhaustive) 21 del vars, 4 del conss, 0 add conss, 0 chg bounds, 3 chg sides, 0 chg coeffs, 0 upgd conss, 0 impls, 185 clqs
(round 4, exhaustive) 21 del vars, 4 del conss, 0 add conss, 0 chg bounds, 3 chg sides, 0 chg coeffs, 182 upgd conss, 0 impls, 185 clqs
(round 5, medium)     65 del vars, 4 del conss, 0 add conss, 0 chg bounds, 3 chg sides, 44 chg coeffs, 182 upgd conss, 0 impls, 185 clqs
(round 6, fast)       88 del vars, 6 del conss, 0 add conss, 0 chg bounds, 3 chg sides, 44 chg coeffs, 182 upgd conss, 0 impls, 183 clqs
(round 7, fast)       91 del vars, 6 del conss, 0 add conss, 0 chg bounds, 3 chg sides, 44 chg coeffs, 182 upgd conss, 0 impls, 183 clqs
(round 8, medium)     92 del vars, 6 del conss, 0 add conss, 0 chg bounds, 3 chg sides, 45 chg coeffs, 182 upgd conss, 0 impls, 183 clqs
(round 9, exhaustive) 92 del vars, 12 del conss, 0 add conss, 0 chg bounds, 3 chg sides, 45 chg coeffs, 182 upgd conss, 0 impls, 183 clqs
   (0.0s) probing: 51/408 (12.5%) - 0 fixings, 0 aggregations, 0 implications, 0 bound changes
   (0.0s) probing aborted: 50/50 successive totally useless probings
   (0.0s) symmetry computation started: requiring (bin +, int +, cont +), (fixed: bin -, int -, cont -)
   (0.0s) no symmetry present (symcode time: 0.00)
presolving (10 rounds: 10 fast, 7 medium, 4 exhaustive):
 92 deleted vars, 12 deleted constraints, 0 added constraints, 0 tightened bounds, 0 added holes, 3 changed sides, 45 changed coefficients
 0 implications, 183 cliques
presolved problem has 408 variables (408 bin, 0 int, 0 impl, 0 cont) and 174 constraints
    174 constraints of type <setppc>
Presolving Time: 0.02

 time | node  | left  |LP iter|LP it/n|mem/heur|mdpt |vars |cons |rows |cuts |sepa|confs|strbr|  dualbound   | primalbound  |  gap   | compl. 
  0.1s|     1 |     0 |  1302 |     - |  5323k |   0 | 408 | 174 | 174 |   0 |  0 |   0 |   0 | 8.092880e+03 |      --      |    Inf | unknown
d 0.1s|     1 |     0 |  1302 |     - |distribu|   0 | 408 | 174 | 174 |   0 |  1 |   0 |   0 | 8.092880e+03 | 3.372579e+03 | 139.96%| unknown
d 0.1s|     1 |     0 |  1383 |     - |distribu|   0 | 408 | 174 | 174 |   0 |  1 |   0 |   0 | 8.092880e+03 | 3.904980e+03 | 107.25%| unknown
d 0.1s|     1 |     0 |  1470 |     - |distribu|   0 | 408 | 174 | 174 |   0 |  1 |   0 |   0 | 8.092880e+03 | 4.723268e+03 |  71.34%| unknown
d 0.1s|     1 |     0 |  1516 |     - |distribu|   0 | 408 | 174 | 174 |   0 |  1 |   0 |   0 | 8.092880e+03 | 5.504086e+03 |  47.03%| unknown
d 0.1s|     1 |     0 |  1531 |     - |distribu|   0 | 408 | 174 | 174 |   0 |  1 |   0 |   0 | 8.092880e+03 | 5.921127e+03 |  36.68%| unknown
d 0.1s|     1 |     0 |  1537 |     - |distribu|   0 | 408 | 174 | 174 |   0 |  1 |   0 |   0 | 8.092880e+03 | 7.221298e+03 |  12.07%| unknown
  0.1s|     1 |     0 |  1537 |     - |  5436k |   0 | 408 | 174 | 174 |   0 |  1 |   0 |   0 | 8.092880e+03 | 7.221298e+03 |  12.07%| unknown
  0.2s|     1 |     2 |  1537 |     - |  5603k |   0 | 408 | 174 | 174 |   0 |  2 |   0 |  23 | 8.053259e+03 | 7.221298e+03 |  11.52%| unknown

SCIP Status        : solving was interrupted [node limit reached]
Solving Time (sec) : 0.19
Solving Nodes      : 1
Primal Bound       : +7.22129806223866e+03 (32 solutions)
Dual Bound         : +8.05325886793727e+03
Gap                : 11.52 %
