presolving:
(round 1, fast)       0 del vars, 2 del conss, 0 add conss, 0 chg bounds, 0 chg sides, 0 chg coeffs, 0 upgd conss, 0 impls, 195 clqs
   (0.0s) running MILP presolver
   (0.0s) MILP presolver (2 rounds): 0 aggregations, 18 fixings, 0 bound changes
(round 2, medium)     18 del vars, 2 del conss, 0 add conss, 0 chg bounds, 0 chg sides, 0 chg coeffs, 0 upgd conss, 0 impls, 193 clqs
(round 3, fast)       18 del vars, 4 del conss, 0 add conss, 0 chg bounds, 0 chg sides, 0 chg coeffs, 0 upgd conss, 0 impls, 193 clqs
(round 4, exhaustive) 18 del vars, 8 del conss, 0 add conss, 0 chg bounds, 4 chg sides, 0 chg coeffs, 0 upgd conss, 0 impls, 193 clqs
(round 5, exhaustive) 18 del vars, 8 del conss, 0 add conss, 0 chg bounds, 4 chg sides, 0 chg coeffs, 189 upgd conss, 0 impls, 193 clqs
(round 6, medium)     50 del vars, 8 del conss, 0 add conss, 0 chg bounds, 4 chg sides, 32 chg coeffs, 189 upgd conss, 0 impls, 193 clqs
(round 7, fast)       66 del vars, 8 del conss, 0 add conss, 0 chg bounds, 4 chg sides, 32 chg coeffs, 189 upgd conss, 0 impls, 193 clqs
(round 8, exhaustive) 66 del vars, 11 del conss, 0 add conss, 0 chg bounds, 4 chg sides, 32 chg coeffs, 189 upgd conss, 0 impls, 193 clqs
(round 9, exhaustive) 67 del vars, 11 del conss, 0 add conss, 0 chg bounds, 4 chg sides, 32 chg coeffs, 189 upgd conss, 0 impls, 193 clqs
   (0.0s) probing: 51/433 (11.8%) - 0 fixings, 0 aggregations, 0 implications, 0 bound changes
   (0.0s) probing aborted: 50/50 successive totally useless probings
   (0.0s) symmetry computation started: requiring (bin +, int +, cont +), (fixed: bin -, int -, cont -)
   (0.0s) no symmetry present (symcode time: 0.00)
presolving (10 rounds: 10 fast, 7 medium, 5 exhaustive):
 67 deleted vars, 11 deleted constraints, 0 added constraints, 0 tightened bounds, 0 added holes, 4 changed sides, 32 changed coefficients
 0 implications, 193 cliques
presolved problem has 433 variables (433 bin, 0 int, 0 impl, 0 cont) and 186 constraints
    186 constraints of type <setppc>
Presolving Time: 0.02

 time | node  | left  |LP iter|LP it/n|mem/heur|mdpt |vars |cons |rows |cuts |sepa|confs|strbr|  dualbound   | primalbound  |  gap   | compl. 
  0.1s|     1 |     0 |  1253 |     - |  5516k |   0 | 433 | 186 | 186 |   0 |  0 |   0 |   0 | 7.199250e+03 |      --      |    Inf | unknown
d 0.1s|     1 |     0 |  1253 |     - |distribu|   0 | 433 | 186 | 186 |   0 |  1 |   0 |   0 | 7.199250e+03 | 2.514573e+03 | 186.30%| unknown
d 0.2s|     1 |     0 |  1291 |     - |distribu|   0 | 433 | 186 | 186 |   0 |  1 |   0 |   0 | 7.199250e+03 | 2.578445e+03 | 179.21%| unknown
d 0.2s|     1 |     0 |  1440 |     - |distribu|   0 | 433 | 186 | 186 |   0 |  1 |   0 |   0 | 7.199250e+03 | 3.019037e+03 | 138.46%| unknown
d 0.2s|     1 |     0 |  1593 |     - |distribu|   0 | 433 | 186 | 186 |   0 |  1 |   0 |   0 | 7.199250e+03 | 3.086855e+03 | 133.22%| unknown
d 0.2s|     1 |     0 |  1624 |     - |distribu|   0 | 433 | 186 | 186 |   0 |  1 |   0 |   0 | 7.199250e+03 | 6.281900e+03 |  14.60%| unknown
  0.2s|     1 |     0 |  1624 |     - |  5614k |   0 | 433 | 186 | 186 |   0 |  1 |   0 |   0 | 7.199250e+03 | 6.281900e+03 |  14.60%| unknown
  0.4s|     1 |     2 |  1624 |     - |  5843k |   0 | 433 | 186 | 186 |   0 |  2 |   0 |  31 | 7.169314e+03 | 6.281900e+03 |  14.13%| unknown

SCIP Status        : solving was interrupted [node limit reached]
Solving Time (sec) : 0.42
Solving Nodes      : 1
Primal Bound       : +6.28190014669588e+03 (38 solutions)
Dual Bound         : +7.16931388419509e+03
Gap                : 14.13 %
