presolving:
(round 1, fast)       1 del vars, 3 del conss, 0 add conss, 0 chg bounds, 0 chg sides, 0 chg coeffs, 0 upgd conss, 0 impls, 184 clqs
(round 2, fast)       2 del vars, 3 del conss, 0 add conss, 0 chg bounds, 0 chg sides, 0 chg coeffs, 0 upgd conss, 0 impls, 184 clqs
   (0.0s) running MILP presolver
   (0.0s) MILP presolver (2 rounds): 0 aggregations, 19 fixings, 0 bound changes
(round 3, medium)     21 del vars, 3 del conss, 0 add conss, 0 chg bounds, 0 chg sides, 0 chg coeffs, 0 upgd conss, 0 impls, 184 clqs
(round 4, exhaustive) 21 del vars, 4 del conss, 0 add conss, 0 chg bounds, 1 chg sides, 0 chg coeffs, 0 upgd conss, 0 impls, 184 clqs
(round 5, exhaustive) 21 del vars, 4 del conss, 0 add conss, 0 chg bounds, 1 chg sides, 0 chg coeffs, 183 upgd conss, 0 impls, 184 clqs
(round 6, medium)     60 del vars, 4 del conss, 0 add conss, 0 chg bounds, 1 chg sides, 39 chg coeffs, 183 upgd conss, 0 impls, 184 clqs
(round 7, fast)       68 del vars, 5 del conss, 0 add conss, 0 chg bounds, 1 chg sides, 39 chg coeffs, 183 upgd conss, 0 impls, 183 clqs
   (0.0s) probing: 51/432 (11.8%) - 0 fixings, 0 aggregations, 0 implications, 0 bound changes
   (0.0s) probing aborted: 50/50 successive totally useless probings
   (0.0s) symmetry computation started: requiring (bin +, int +, cont +), (fixed: bin -, int -, cont -)
   (0.0s) no symmetry present (symcode time: 0.00)
presolving (8 rounds: 8 fast, 5 medium, 3 exhaustive):
 68 deleted vars, 5 deleted constraints, 0 added constraints, 0 tightened bounds, 0 added holes, 1 changed sides, 39 changed coefficients
 0 implications, 183 cliques
presolved problem has 432 variables (432 bin, 0 int, 0 impl, 0 cont) and 182 constraints
    182 constraints of type <setppc>
Presolving Time: 0.02

 time | node  | left  |LP iter|LP it/n|mem/heur|mdpt |vars |cons |rows |cuts |sepa|confs|strbr|  dualbound   | primalbound  |  gap   | compl. 
  0.1s|     1 |     0 |  1787 |     - |  5585k |   0 | 432 | 182 | 182 |   0 |  0 |   0 |   0 | 8.007797e+03 |      --      |    Inf | unknown
d 0.1s|     1 |     0 |  1787 |     - |distribu|   0 | 432 | 182 | 182 |   0 |  1 |   0 |   0 | 8.007797e+03 | 3.211661e+03 | 149.34%| unknown
d 0.1s|     1 |     0 |  1831 |     - |distribu|   0 | 432 | 182 | 182 |   0 |  1 |   0 |   0 | 8.007797e+03 | 3.386585e+03 | 136.46%| unknown
d 0.2s|     1 |     0 |  1958 |     - |distribu|   0 | 432 | 182 | 182 |   0 |  1 |   0 |   0 | 8.007797e+03 | 3.652620e+03 | 119.23%| unknown
d 0.2s|     1 |     0 |  2022 |     - |distribu|   0 | 432 | 182 | 182 |   0 |  1 |   0 |   0 | 8.007797e+03 | 4.407310e+03 |  81.69%| unknown
d 0.2s|     1 |     0 |  2071 |     - |distribu|   0 | 432 | 182 | 182 |   0 |  1 |   0 |   0 | 8.007797e+03 | 4.754359e+03 |  68.43%| unknown
d 0.2s|     1 |     0 |  2091 |     - |distribu|   0 | 432 | 182 | 182 |   0 |  1 |   0 |   0 | 8.007797e+03 | 6.963881e+03 |  14.99%| unknown
  0.2s|     1 |     0 |  2091 |     - |  5726k |   0 | 432 | 182 | 182 |   0 |  1 |   0 |   0 | 8.007797e+03 | 6.963881e+03 |  14.99%| unknown
  0.4s|     1 |     2 |  2091 |     - |  5974k |   0 | 432 | 182 | 182 |   0 |  2 |   0 |  49 | 7.978055e+03 | 6.963881e+03 |  14.56%| unknown

SCIP Status        : solving was interrupted [node limit reached]
Solving Time (sec) : 0.37
Solving Nodes      : 1
Primal Bound       : +6.96388078652706e+03 (55 solutions)
Dual Bound         : +7.97805544506459e+03
Gap                : 14.56 %
