presolving:
   (0.0s) running MILP presolver
   (0.0s) MILP presolver (2 rounds): 0 aggregations, 15 fixings, 0 bound changes
(round 1, medium)     15 del vars, 0 del conss, 0 add conss, 0 chg bounds, 0 chg sides, 0 chg coeffs, 0 upgd conss, 0 impls, 201 clqs
(round 2, fast)       15 del vars, 1 del conss, 0 add conss, 0 chg bounds, 0 chg sides, 0 chg coeffs, 0 upgd conss, 0 impls, 201 clqs
(round 3, exhaustive) 15 del vars, 3 del conss, 0 add conss, 0 chg bounds, 2 chg sides, 0 chg coeffs, 0 upgd conss, 0 impls, 201 clqs
(round 4, exhaustive) 15 del vars, 3 del conss, 0 add conss, 0 chg bounds, 2 chg sides, 0 chg coeffs, 199 upgd conss, 0 impls, 201 clqs
(round 5, medium)     51 del vars, 3 del conss, 0 add conss, 0 chg bounds, 2 chg sides, 36 chg coeffs, 199 upgd conss, 0 impls, 201 clqs
(round 6, fast)       62 del vars, 3 del conss, 0 add conss, 0 chg bounds, 2 chg sides, 36 chg coeffs, 199 upgd conss, 0 impls, 201 clqs
(round 7, exhaustive) 62 del vars, 9 del conss, 0 add conss, 0 chg bounds, 2 chg sides, 36 chg coeffs, 199 upgd conss, 0 impls, 201 clqs
   (0.0s) probing: 51/438 (11.6%) - 0 fixings, 0 aggregations, 0 implications, 0 bound changes
   (0.0s) probing aborted: 50/50 successive totally useless probings
   (0.0s) symmetry computation started: requiring (bin +, int +, cont +), (fixed: bin -, int -, cont -)
   (0.0s) no symmetry present (symcode time: 0.00)
presolving (8 rounds: 8 fast, 6 medium, 4 exhaustive):
 62 deleted vars, 9 deleted constraints, 0 added constraints, 0 tightened bounds, 0 added holes, 2 changed sides, 36 changed coefficients
 0 implications, 201 cliques
presolved problem has 438 variables (438 bin, 0 int, 0 impl, 0 cont) and 193 constraints
    193 constraints of type <setppc>
Presolving Time: 0.02

 time | node  | left  |LP iter|LP it/n|mem/heur|mdpt |vars |cons |rows |cuts |sepa|confs|strbr|  dualbound   | primalbound  |  gap   | compl. 
  0.1s|     1 |     0 |  1663 |     - |  5296k |   0 | 438 | 193 | 193 |   0 |  0 |   0 |   0 | 7.862353e+03 |      --      |    Inf | unknown
d 0.1s|     1 |     0 |  1663 |     - |distribu|   0 | 438 | 193 | 193 |   0 |  1 |   0 |   0 | 7.862353e+03 | 2.885994e+03 | 172.43%| unknown
d 0.1s|     1 |     0 |  1719 |     - |distribu|   0 | 438 | 193 | 193 |   0 |  1 |   0 |   0 | 7.862353e+03 | 3.204863e+03 | 145.33%| unknown
d 0.1s|     1 |     0 |  1822 |     - |distribu|   0 | 438 | 193 | 193 |   0 |  1 |   0 |   0 | 7.862353e+03 | 3.916351e+03 | 100.76%| unknown
d 0.1s|     1 |     0 |  1870 |     - |distribu|   0 | 438 | 193 | 193 |   0 |  1 |   0 |   0 | 7.862353e+03 | 4.370035e+03 |  79.92%| unknown
d 0.1s|     1 |     0 |  1908 |     - |distribu|   0 | 438 | 193 | 193 |   0 |  1 |   0 |   0 | 7.862353e+03 | 5.343445e+03 |  47.14%| unknown
d 0.1s|     1 |     0 |  1912 |     - |distribu|   0 | 438 | 193 | 193 |   0 |  1 |   0 |   0 | 7.862353e+03 | 7.060109e+03 |  11.36%| unknown
  0.1s|     1 |     0 |  1912 |     - |  5412k |   0 | 438 | 193 | 193 |   0 |  1 |   0 |   0 | 7.862353e+03 | 7.060109e+03 |  11.36%| unknown
  0.2s|     1 |     2 |  1912 |     - |  5619k |   0 | 438 | 193 | 193 |   0 |  2 |   0 |  35 | 7.847496e+03 | 7.060109e+03 |  11.15%| unknown

SCIP Status        : solving was interrupted [node limit reached]
Solving Time (sec) : 0.20
Solving Nodes      : 1
Primal Bound       : +7.06010852605193e+03 (46 solutions)
Dual Bound         : +7.84749618259837e+03
Gap                : 11.15 %
