presolving:
   (0.0s) running MILP presolver
   (0.0s) MILP presolver (2 rounds): 0 aggregations, 20 fixings, 0 bound changes
(round 1, medium)     20 del vars, 0 del conss, 0 add conss, 0 chg bounds, 0 chg sides, 0 chg coeffs, 0 upgd conss, 0 impls, 192 clqs
(round 2, exhaustive) 20 del vars, 8 del conss, 0 add conss, 0 chg bounds, 8 chg sides, 0 chg coeffs, 0 upgd conss, 0 impls, 192 clqs
(round 3, exhaustive) 20 del vars, 8 del conss, 0 add conss, 0 chg bounds, 8 chg sides, 0 chg coeffs, 184 upgd conss, 0 impls, 192 clqs
(round 4, medium)     57 del vars, 8 del conss, 0 add conss, 0 chg bounds, 8 chg sides, 37 chg coeffs, 184 upgd conss, 0 impls, 192 clqs
(round 5, fast)       70 del vars, 8 del conss, 0 add conss, 0 chg bounds, 8 chg sides, 37 chg coeffs, 184 upgd conss, 0 impls, 190 clqs
(round 6, exhaustive) 70 del vars, 9 del conss, 0 add conss, 0 chg bounds, 8 chg sides, 37 chg coeffs, 184 upgd conss, 0 impls, 190 clqs
   (0.0s) probing: 51/430 (11.9%) - 0 fixings, 0 aggregations, 0 implications, 0 bound changes
   (0.0s) probing aborted: 50/50 successive totally useless probings
   (0.0s) symmetry computation started: requiring (bin +, int +, cont +), (fixed: bin -, int -, cont -)
   (0.0s) no symmetry present (symcode time: 0.00)
presolving (7 rounds: 7 fast, 6 medium, 4 exhaustive):
 70 deleted vars, 9 deleted constraints, 0 added constraints, 0 tightened bounds, 0 added holes, 8 changed sides, 37 changed coefficients
 0 implications, 190 cliques
presolved problem has 430 variables (430 bin, 0 int, 0 impl, 0 cont) and 183 constraints
    183 constraints of type <setppc>
Presolving Time: 0.02

 time | node  | left  |LP iter|LP it/n|mem/heur|mdpt |vars |cons |rows |cuts |sepa|confs|strbr|  dualbound   | primalbound  |  gap   | compl. 
  0.1s|     1 |     0 |  1353 |     - |  5442k |   0 | 430 | 183 | 183 |   0 |  0 |   0 |   0 | 7.308416e+03 |      --      |    Inf | unknown
d 0.1s|     1 |     0 |  1353 |     - |distribu|   0 | 430 | 183 | 183 |   0 |  1 |   0 |   0 | 7.308416e+03 | 2.461657e+03 | 196.89%| unknown
d 0.1s|     1 |     0 |  1470 |     - |distribu|   0 | 430 | 183 | 183 |   0 |  1 |   0 |   0 | 7.308416e+03 | 3.031984e+03 | 141.04%| unknown
d 0.1s|     1 |     0 |  1559 |     - |distribu|   0 | 430 | 183 | 183 |   0 |  1 |   0 |   0 | 7.308416e+03 | 3.566094e+03 | 104.94%| unknown
d 0.1s|     1 |     0 |  1621 |     - |distribu|   0 | 430 | 183 | 183 |   0 |  1 |   0 |   0 | 7.308416e+03 | 4.093282e+03 |  78.55%| unknown
d 0.1s|     1 |     0 |  1675 |     - |distribu|   0 | 430 | 183 | 183 |   0 |  1 |   0 |   0 | 7.308416e+03 | 4.267016e+03 |  71.28%| unknown
d 0.1s|     1 |     0 |  1692 |     - |distribu|   0 | 430 | 183 | 183 |   0 |  1 |   0 |   0 | 7.308416e+03 | 6.131322e+03 |  19.20%| unknown
d 0.1s|     1 |     0 |  1697 |     - |distribu|   0 | 430 | 183 | 183 |   0 |  1 |   0 |   0 | 7.308416e+03 | 6.525622e+03 |  12.00%| unknown
  0.1s|     1 |     0 |  1697 |     - |  5605k |   0 | 430 | 183 | 183 |   0 |  1 |   0 |   0 | 7.308416e+03 | 6.525622e+03 |  12.00%| unknown
  0.2s|     1 |     2 |  1697 |     - |  5667k |   0 | 430 | 183 | 183 |   0 |  2 |   0 |  22 | 7.286685e+03 | 6.525622e+03 |  11.66%| unknown

SCIP Status        : solving was interrupted [node limit reached]
Solving Time (sec) : 0.19
Solving Nodes      : 1
Primal Bound       : +6.52562209797196e+03 (29 solutions)
Dual Bound         : +7.28668461196361e+03
Gap                : 11.66 %
