presolving:
(round 1, fast)       1 del vars, 1 del conss, 0 add conss, 0 chg bounds, 0 chg sides, 0 chg coeffs, 0 upgd conss, 0 impls, 190 clqs
   (0.0s) running MILP presolver
   (0.0s) MILP presolver (2 rounds): 0 aggregations, 17 fixings, 0 bound changes
(round 2, medium)     18 del vars, 1 del conss, 0 add conss, 0 chg bounds, 0 chg sides, 0 chg coeffs, 0 upgd conss, 0 impls, 190 clqs
(round 3, exhaustive) 18 del vars, 3 del conss, 0 add conss, 0 chg bounds, 2 chg sides, 0 chg coeffs, 0 upgd conss, 0 impls, 190 clqs
(round 4, exhaustive) 18 del vars, 3 del conss, 0 add conss, 0 chg bounds, 2 chg sides, 0 chg coeffs, 188 upgd conss, 0 impls, 190 clqs
(round 5, medium)     63 del vars, 3 del conss, 0 add conss, 0 chg bounds, 2 chg sides, 45 chg coeffs, 188 upgd conss, 0 impls, 190 clqs
(round 6, fast)       89 del vars, 4 del conss, 0 add conss, 0 chg bounds, 2 chg sides, 45 chg coeffs, 188 upgd conss, 0 impls, 188 clqs
(round 7, exhaustive) 89 del vars, 9 del conss, 0 add conss, 0 chg bounds, 2 chg sides, 45 chg coeffs, 188 upgd conss, 0 impls, 188 clqs
   (0.0s) probing: 51/411 (12.4%) - 0 fixings, 0 aggregations, 0 implications, 0 bound changes
   (0.0s) probing aborted: 50/50 successive totally useless probings
   (0.0s) symmetry computation started: requiring (bin +, int +, cont +), (fixed: bin -, int -, cont -)
   (0.0s) no symmetry present (symcode time: 0.00)
presolving (8 rounds: 8 fast, 6 medium, 4 exhaustive):
 89 deleted vars, 9 deleted constraints, 0 added constraints, 0 tightened bounds, 0 added holes, 2 changed sides, 45 changed coefficients
 0 implications, 188 cliques
presolved problem has 411 variables (411 bin, 0 int, 0 impl, 0 cont) and 182 constraints
    182 constraints of type <setppc>
Presolving Time: 0.04

 time | node  | left  |LP iter|LP it/n|mem/heur|mdpt |vars |cons |rows |cuts |sepa|confs|strbr|  dualbound   | primalbound  |  gap   | compl. 
  0.1s|     1 |     0 |  1099 |     - |  5108k |   0 | 411 | 182 | 182 |   0 |  0 |   0 |   0 | 8.134672e+03 |      --      |    Inf | unknown
d 0.1s|     1 |     0 |  1099 |     - |distribu|   0 | 411 | 182 | 182 |   0 |  1 |   0 |   0 | 8.134672e+03 | 3.417348e+03 | 138.04%| unknown
d 0.1s|     1 |     0 |  1161 |     - |distribu|   0 | 411 | 182 | 182 |   0 |  1 |   0 |   0 | 8.134672e+03 | 3.603681e+03 | 125.73%| unknown
d 0.1s|     1 |     0 |  1283 |     - |distribu|   0 | 411 | 182 | 182 |   0 |  1 |   0 |   0 | 8.134672e+03 | 3.947050e+03 | 106.10%| unknown
d 0.1s|     1 |     0 |  1388 |     - |distribu|   0 | 411 | 182 | 182 |   0 |  1 |   0 |   0 | 8.134672e+03 | 5.361224e+03 |  51.73%| unknown
d 0.1s|     1 |     0 |  1427 |     - |distribu|   0 | 411 | 182 | 182 |   0 |  1 |   0 |   0 | 8.134672e+03 | 6.336641e+03 |  28.38%| unknown
d 0.1s|     1 |     0 |  1441 |     - |distribu|   0 | 411 | 182 | 182 |   0 |  1 |   0 |   0 | 8.134672e+03 | 7.388665e+03 |  10.10%| unknown
  0.2s|     1 |     0 |  1441 |     - |  5199k |   0 | 411 | 182 | 182 |   0 |  1 |   0 |   0 | 8.134672e+03 | 7.388665e+03 |  10.10%| unknown
  0.3s|     1 |     2 |  1441 |     - |  5514k |   0 | 411 | 182 | 182 |   0 |  2 |   0 |  35 | 8.101575e+03 | 7.388665e+03 |   9.65%| unknown

SCIP Status        : solving was interrupted [node limit reached]
Solving Time (sec) : 0.35
Solving Nodes      : 1
Primal Bound       : +7.38866457620735e+03 (43 solutions)
Dual Bound         : +8.10157497008851e+03
Gap                : 9.65 %
