presolving:
   (0.0s) running MILP presolver
   (0.0s) MILP presolver (2 rounds): 0 aggregations, 21 fixings, 0 bound changes
(round 1, medium)     21 del vars, 0 del conss, 0 add conss, 0 chg bounds, 0 chg sides, 0 chg coeffs, 0 upgd conss, 0 impls, 192 clqs
(round 2, fast)       21 del vars, 1 del conss, 0 add conss, 0 chg bounds, 0 chg sides, 0 chg coeffs, 0 upgd conss, 0 impls, 192 clqs
(round 3, exhaustive) 21 del vars, 4 del conss, 0 add conss, 0 chg bounds, 3 chg sides, 0 chg coeffs, 0 upgd conss, 0 impls, 192 clqs
(round 4, exhaustive) 21 del vars, 4 del conss, 0 add conss, 0 chg bounds, 3 chg sides, 0 chg coeffs, 189 upgd conss, 0 impls, 192 clqs
(round 5, medium)     60 del vars, 4 del conss, 0 add conss, 0 chg bounds, 3 chg sides, 39 chg coeffs, 189 upgd conss, 0 impls, 192 clqs
(round 6, fast)       79 del vars, 5 del conss, 0 add conss, 0 chg bounds, 3 chg sides, 39 chg coeffs, 189 upgd conss, 0 impls, 191 clqs
(round 7, exhaustive) 79 del vars, 9 del conss, 0 add conss, 0 chg bounds, 3 chg sides, 39 chg coeffs, 189 upgd conss, 0 impls, 191 clqs
   (0.0s) probing: 51/421 (12.1%) - 0 fixings, 0 aggregations, 0 implications, 0 bound changes
   (0.0s) probing aborted: 50/50 successive totally useless probings
   (0.0s) symmetry computation started: requiring (bin +, int +, cont +), (fixed: bin -, int -, cont -)
   (0.0s) no symmetry present (symcode time: 0.00)
presolving (8 rounds: 8 fast, 6 medium, 4 exhaustive):
 79 deleted vars, 9 deleted constraints, 0 added constraints, 0 tightened bounds, 0 added holes, 3 changed sides, 39 changed coefficients
 0 implications, 191 cliques
presolved problem has 421 variables (421 bin, 0 int, 0 impl, 0 cont) and 184 constraints
    184 constraints of type <setppc>
Presolving Time: 0.02

 time | node  | left  |LP iter|LP it/n|mem/heur|mdpt |vars |cons |rows |cuts |sepa|confs|strbr|  dualbound   | primalbound  |  gap   | compl. 
  0.1s|     1 |     0 |  1485 |     - |  5338k |   0 | 421 | 184 | 184 |   0 |  0 |   0 |   0 | 7.669823e+03 |      --      |    Inf | unknown
d 0.1s|     1 |     0 |  1485 |     - |distribu|   0 | 421 | 184 | 184 |   0 |  1 |   0 |   0 | 7.669823e+03 | 3.083228e+03 | 148.76%| unknown
d 0.1s|     1 |     0 |  1559 |     - |distribu|   0 | 421 | 184 | 184 |   0 |  1 |   0 |   0 | 7.669823e+03 | 3.690883e+03 | 107.80%| unknown
d 0.1s|     1 |     0 |  1606 |     - |distribu|   0 | 421 | 184 | 184 |   0 |  1 |   0 |   0 | 7.669823e+03 | 4.967401e+03 |  54.40%| unknown
d 0.1s|     1 |     0 |  1650 |     - |distribu|   0 | 421 | 184 | 184 |   0 |  1 |   0 |   0 | 7.669823e+03 | 5.717891e+03 |  34.14%| unknown
d 0.1s|     1 |     0 |  1663 |     - |distribu|   0 | 421 | 184 | 184 |   0 |  1 |   0 |   0 | 7.669823e+03 | 6.025229e+03 |  27.30%| unknown
d 0.1s|     1 |     0 |  1668 |     - |distribu|   0 | 421 | 184 | 184 |   0 |  1 |   0 |   0 | 7.669823e+03 | 6.948525e+03 |  10.38%| unknown
  0.1s|     1 |     0 |  1668 |     - |  5456k |   0 | 421 | 184 | 184 |   0 |  1 |   0 |   0 | 7.669823e+03 | 6.948525e+03 |  10.38%| unknown
  0.2s|     1 |     2 |  1668 |     - |  5557k |   0 | 421 | 184 | 184 |   0 |  2 |   0 |  19 | 7.642503e+03 | 6.948525e+03 |   9.99%| unknown

SCIP Status        : solving was interrupted [node limit reached]
Solving Time (sec) : 0.17
Solving Nodes      : 1
Primal Bound       : +6.94852472401789e+03 (29 solutions)
Dual Bound         : +7.64250312864013e+03
Gap                : 9.99 %
