presolving:
   (0.0s) running MILP presolver
   (0.0s) MILP presolver (2 rounds): 0 aggregations, 18 fixings, 0 bound changes
(round 1, medium)     18 del vars, 0 del conss, 0 add conss, 0 chg bounds, 0 chg sides, 0 chg coeffs, 0 upgd conss, 0 impls, 186 clqs
(round 2, exhaustive) 18 del vars, 4 del conss, 0 add conss, 0 chg bounds, 4 chg sides, 0 chg coeffs, 0 upgd conss, 0 impls, 186 clqs
(round 3, exhaustive) 18 del vars, 4 del conss, 0 add conss, 0 chg bounds, 4 chg sides, 0 chg coeffs, 182 upgd conss, 0 impls, 186 clqs
(round 4, medium)     58 del vars, 4 del conss, 0 add conss, 0 chg bounds, 4 chg sides, 40 chg coeffs, 182 upgd conss, 0 impls, 186 clqs
(round 5, fast)       75 del vars, 4 del conss, 0 add conss, 0 chg bounds, 4 chg sides, 40 chg coeffs, 182 upgd conss, 0 impls, 183 clqs
(round 6, exhaustive) 75 del vars, 8 del conss, 0 add conss, 0 chg bounds, 4 chg sides, 40 chg coeffs, 182 upgd conss, 0 impls, 183 clqs
(round 7, exhaustive) 76 del vars, 8 del conss, 0 add conss, 0 chg bounds, 4 chg sides, 40 chg coeffs, 182 upgd conss, 0 impls, 183 clqs
   (0.0s) probing: 51/424 (12.0%) - 0 fixings, 0 aggregations, 0 implications, 0 bound changes
   (0.0s) probing aborted: 50/50 successive totally useless probings
   (0.0s) symmetry computation started: requiring (bin +, int +, cont +), (fixed: bin -, int -, cont -)
   (0.0s) no symmetry present (symcode time: 0.00)
presolving (8 rounds: 8 fast, 7 medium, 5 exhaustive):
 76 deleted vars, 8 deleted constraints, 0 added constraints, 0 tightened bounds, 0 added holes, 4 changed sides, 40 changed coefficients
 0 implications, 183 cliques
presolved problem has 424 variables (424 bin, 0 int, 0 impl, 0 cont) and 178 constraints
    178 constraints of type <setppc>
Presolving Time: 0.03

 time | node  | left  |LP iter|LP it/n|mem/heur|mdpt |vars |cons |rows |cuts |sepa|confs|strbr|  dualbound   | primalbound  |  gap   | compl. 
  0.1s|     1 |     0 |  1309 |     - |  5486k |   0 | 424 | 178 | 178 |   0 |  0 |   0 |   0 | 8.263411e+03 |      --      |    Inf | unknown
d 0.1s|     1 |     0 |  1309 |     - |distribu|   0 | 424 | 178 | 178 |   0 |  1 |   0 |   0 | 8.263411e+03 | 3.562501e+03 | 131.96%| unknown
d 0.1s|     1 |     0 |  1472 |     - |distribu|   0 | 424 | 178 | 178 |   0 |  1 |   0 |   0 | 8.263411e+03 | 4.122990e+03 | 100.42%| unknown
d 0.1s|     1 |     0 |  1523 |     - |distribu|   0 | 424 | 178 | 178 |   0 |  1 |   0 |   0 | 8.263411e+03 | 4.257749e+03 |  94.08%| unknown
d 0.1s|     1 |     0 |  1594 |     - |distribu|   0 | 424 | 178 | 178 |   0 |  1 |   0 |   0 | 8.263411e+03 | 5.074838e+03 |  62.83%| unknown
d 0.1s|     1 |     0 |  1625 |     - |distribu|   0 | 424 | 178 | 178 |   0 |  1 |   0 |   0 | 8.263411e+03 | 6.642756e+03 |  24.40%| unknown
d 0.1s|     1 |     0 |  1639 |     - |distribu|   0 | 424 | 178 | 178 |   0 |  1 |   0 |   0 | 8.263411e+03 | 7.166494e+03 |  15.31%| unknown
  0.1s|     1 |     0 |  1639 |     - |  5592k |   0 | 424 | 178 | 178 |   0 |  1 |   0 |   0 | 8.263411e+03 | 7.166494e+03 |  15.31%| unknown
  0.3s|     1 |     2 |  1639 |     - |  5872k |   0 | 424 | 178 | 178 |   0 |  2 |   0 |  31 | 8.200630e+03 | 7.166494e+03 |  14.43%| unknown

SCIP Status        : solving was interrupted [node limit reached]
Solving Time (sec) : 0.32
Solving Nodes      : 1
Primal Bound       : +7.16649446508914e+03 (40 solutions)
Dual Bound         : +8.20063028020965e+03
Gap                : 14.43 %
