presolving:
(round 1, fast)       2 del vars, 2 del conss, 0 add conss, 0 chg bounds, 0 chg sides, 0 chg coeffs, 0 upgd conss, 0 impls, 189 clqs
   (0.0s) running MILP presolver
   (0.0s) MILP presolver (2 rounds): 0 aggregations, 22 fixings, 0 bound changes
(round 2, medium)     24 del vars, 2 del conss, 0 add conss, 0 chg bounds, 0 chg sides, 0 chg coeffs, 0 upgd conss, 0 impls, 189 clqs
(round 3, exhaustive) 24 del vars, 7 del conss, 0 add conss, 0 chg bounds, 5 chg sides, 0 chg coeffs, 0 upgd conss, 0 impls, 189 clqs
(round 4, exhaustive) 24 del vars, 7 del conss, 0 add conss, 0 chg bounds, 5 chg sides, 0 chg coeffs, 184 upgd conss, 0 impls, 189 clqs
(round 5, medium)     68 del vars, 7 del conss, 0 add conss, 0 chg bounds, 5 chg sides, 44 chg coeffs, 184 upgd conss, 0 impls, 189 clqs
(round 6, fast)       92 del vars, 8 del conss, 0 add conss, 0 chg bounds, 5 chg sides, 44 chg coeffs, 184 upgd conss, 0 impls, 188 clqs
(round 7, exhaustive) 92 del vars, 16 del conss, 0 add conss, 0 chg bounds, 5 chg sides, 44 chg coeffs, 184 upgd conss, 0 impls, 188 clqs
   (0.0s) probing: 51/408 (12.5%) - 0 fixings, 0 aggregations, 0 implications, 0 bound changes
   (0.0s) probing aborted: 50/50 successive totally useless probings
   (0.0s) symmetry computation started: requiring (bin +, int +, cont +), (fixed: bin -, int -, cont -)
   (0.0s) no symmetry present (symcode time: 0.00)
presolving (8 rounds: 8 fast, 6 medium, 4 exhaustive):
 92 deleted vars, 16 deleted constraints, 0 added constraints, 0 tightened bounds, 0 added holes, 5 changed sides, 44 changed coefficients
 0 implications, 188 cliques
presolved problem has 408 variables (408 bin, 0 int, 0 impl, 0 cont) and 175 constraints
    175 constraints of type <setppc>
Presolving Time: 0.02

 time | node  | left  |LP iter|LP it/n|mem/heur|mdpt |vars |cons |rows |cuts |sepa|confs|strbr|  dualbound   | primalbound  |  gap   | compl. 
  0.1s|     1 |     0 |  1157 |     - |  5062k |   0 | 408 | 175 | 175 |   0 |  0 |   0 |   0 | 7.717771e+03 |      --      |    Inf | unknown
d 0.1s|     1 |     0 |  1157 |     - |distribu|   0 | 408 | 175 | 175 |   0 |  1 |   0 |   0 | 7.717771e+03 | 3.488774e+03 | 121.22%| unknown
d 0.1s|     1 |     0 |  1179 |     - |distribu|   0 | 408 | 175 | 175 |   0 |  1 |   0 |   0 | 7.717771e+03 | 3.703510e+03 | 108.39%| unknown
d 0.1s|     1 |     0 |  1245 |     - |distribu|   0 | 408 | 175 | 175 |   0 |  1 |   0 |   0 | 7.717771e+03 | 4.798272e+03 |  60.84%| unknown
d 0.1s|     1 |     0 |  1280 |     - |distribu|   0 | 408 | 175 | 175 |   0 |  1 |   0 |   0 | 7.717771e+03 | 5.048650e+03 |  52.87%| unknown
d 0.1s|     1 |     0 |  1301 |     - |distribu|   0 | 408 | 175 | 175 |   0 |  1 |   0 |   0 | 7.717771e+03 | 7.139903e+03 |   8.09%| unknown
  0.1s|     1 |     0 |  1301 |     - |  5174k |   0 | 408 | 175 | 175 |   0 |  1 |   0 |   0 | 7.717771e+03 | 7.139903e+03 |   8.09%| unknown
  0.2s|     1 |     2 |  1301 |     - |  5406k |   0 | 408 | 175 | 175 |   0 |  2 |   0 |  34 | 7.700521e+03 | 7.139903e+03 |   7.85%| unknown

SCIP Status        : solving was interrupted [node limit reached]
Solving Time (sec) : 0.16
Solving Nodes      : 1
Primal Bound       : +7.13990324594792e+03 (44 solutions)
Dual Bound         : +7.70052100134644e+03
Gap                : 7.85 %
