presolving:
(round 1, fast)       0 del vars, 2 del conss, 0 add conss, 0 chg bounds, 0 chg sides, 0 chg coeffs, 0 upgd conss, 0 impls, 190 clqs
(round 2, fast)       1 del vars, 2 del conss, 0 add conss, 0 chg bounds, 0 chg sides, 0 chg coeffs, 0 upgd conss, 0 impls, 190 clqs
   (0.0s) running MILP presolver
   (0.0s) MILP presolver (2 rounds): 0 aggregations, 10 fixings, 0 bound changes
(round 3, medium)     11 del vars, 2 del conss, 0 add conss, 0 chg bounds, 0 chg sides, 0 chg coeffs, 0 upgd conss, 0 impls, 189 clqs
(round 4, fast)       11 del vars, 3 del conss, 0 add conss, 0 chg bounds, 0 chg sides, 0 chg coeffs, 0 upgd conss, 0 impls, 189 clqs
(round 5, exhaustive) 11 del vars, 7 del conss, 0 add conss, 0 chg bounds, 4 chg sides, 0 chg coeffs, 0 upgd conss, 0 impls, 189 clqs
(round 6, exhaustive) 11 del vars, 7 del conss, 0 add conss, 0 chg bounds, 4 chg sides, 0 chg coeffs, 185 upgd conss, 0 impls, 189 clqs
(round 7, medium)     41 del vars, 7 del conss, 0 add conss, 0 chg bounds, 4 chg sides, 30 chg coeffs, 185 upgd conss, 0 impls, 189 clqs
(round 8, fast)       45 del vars, 7 del conss, 0 add conss, 0 chg bounds, 4 chg sides, 30 chg coeffs, 185 upgd conss, 0 impls, 189 clqs
(round 9, exhaustive) 45 del vars, 9 del conss, 0 add conss, 0 chg bounds, 4 chg sides, 30 chg coeffs, 185 upgd conss, 0 impls, 189 clqs
   (0.0s) probing: 51/455 (11.2%) - 0 fixings, 0 aggregations, 0 implications, 0 bound changes
   (0.0s) probing aborted: 50/50 successive totally useless probings
   (0.0s) symmetry computation started: requiring (bin +, int +, cont +), (fixed: bin -, int -, cont -)
   (0.0s) no symmetry present (symcode time: 0.00)
presolving (10 rounds: 10 fast, 6 medium, 4 exhaustive):
 45 deleted vars, 9 deleted constraints, 0 added constraints, 0 tightened bounds, 0 added holes, 4 changed sides, 30 changed coefficients
 0 implications, 189 cliques
presolved problem has 455 variables (455 bin, 0 int, 0 impl, 0 cont) and 183 constraints
    183 constraints of type <setppc>
Presolving Time: 0.02

 time | node  | left  |LP iter|LP it/n|mem/heur|mdpt |vars |cons |rows |cuts |sepa|confs|strbr|  dualbound   | primalbound  |  gap   | compl. 
  0.1s|     1 |     0 |  1587 |     - |  5535k |   0 | 455 | 183 | 183 |   0 |  0 |   0 |   0 | 7.344641e+03 |      --      |    Inf | unknown
d 0.1s|     1 |     0 |  1587 |     - |distribu|   0 | 455 | 183 | 183 |   0 |  1 |   0 |   0 | 7.344641e+03 | 2.402600e+03 | 205.70%| unknown
d 0.1s|     1 |     0 |  1666 |     - |distribu|   0 | 455 | 183 | 183 |   0 |  1 |   0 |   0 | 7.344641e+03 | 2.807920e+03 | 161.57%| unknown
d 0.1s|     1 |     0 |  1806 |     - |distribu|   0 | 455 | 183 | 183 |   0 |  1 |   0 |   0 | 7.344641e+03 | 3.103237e+03 | 136.68%| unknown
d 0.1s|     1 |     0 |  1937 |     - |distribu|   0 | 455 | 183 | 183 |   0 |  1 |   0 |   0 | 7.344641e+03 | 3.636267e+03 | 101.98%| unknown
d 0.1s|     1 |     0 |  2026 |     - |distribu|   0 | 455 | 183 | 183 |   0 |  1 |   0 |   0 | 7.344641e+03 | 3.914494e+03 |  87.63%| unknown
d 0.1s|     1 |     0 |  2085 |     - |distribu|   0 | 455 | 183 | 183 |   0 |  1 |   0 |   0 | 7.344641e+03 | 4.310288e+03 |  70.40%| unknown
d 0.1s|     1 |     0 |  2104 |     - |distribu|   0 | 455 | 183 | 183 |   0 |  1 |   0 |   0 | 7.344641e+03 | 6.170397e+03 |  19.03%| unknown
  0.1s|     1 |     0 |  2104 |     - |  5647k |   0 | 455 | 183 | 183 |   0 |  1 |   0 |   0 | 7.344641e+03 | 6.170397e+03 |  19.03%| unknown
  0.3s|     1 |     2 |  2104 |     - |  5806k |   0 | 455 | 183 | 183 |   0 |  2 |   0 |  34 | 7.319518e+03 | 6.170397e+03 |  18.62%| unknown

SCIP Status        : solving was interrupted [node limit reached]
Solving Time (sec) : 0.32
Solving Nodes      : 1
Primal Bound       : +6.17039678330669e+03 (41 solutions)
Dual Bound         : +7.31951753659316e+03
Gap                : 18.62 %
