presolving:
   (0.0s) running MILP presolver
   (0.0s) MILP presolver (2 rounds): 0 aggregations, 19 fixings, 0 bound changes
(round 1, medium)     19 del vars, 0 del conss, 0 add conss, 0 chg bounds, 0 chg sides, 0 chg coeffs, 0 upgd conss, 0 impls, 198 clqs
(round 2, exhaustive) 19 del vars, 4 del conss, 0 add conss, 0 chg bounds, 4 chg sides, 0 chg coeffs, 0 upgd conss, 0 impls, 198 clqs
(round 3, exhaustive) 19 del vars, 4 del conss, 0 add conss, 0 chg bounds, 4 chg sides, 0 chg coeffs, 194 upgd conss, 0 impls, 198 clqs
(round 4, medium)     55 del vars, 4 del conss, 0 add conss, 0 chg bounds, 4 chg sides, 36 chg coeffs, 194 upgd conss, 0 impls, 198 clqs
(round 5, fast)       72 del vars, 5 del conss, 0 add conss, 0 chg bounds, 4 chg sides, 36 chg coeffs, 194 upgd conss, 0 impls, 197 clqs
(round 6, exhaustive) 72 del vars, 7 del conss, 0 add conss, 0 chg bounds, 4 chg sides, 36 chg coeffs, 194 upgd conss, 0 impls, 197 clqs
   (0.0s) probing: 51/428 (11.9%) - 0 fixings, 0 aggregations, 0 implications, 0 bound changes
   (0.0s) probing aborted: 50/50 successive totally useless probings
   (0.0s) symmetry computation started: requiring (bin +, int +, cont +), (fixed: bin -, int -, cont -)
   (0.0s) no symmetry present (symcode time: 0.00)
presolving (7 rounds: 7 fast, 6 medium, 4 exhaustive):
 72 deleted vars, 7 deleted constraints, 0 added constraints, 0 tightened bounds, 0 added holes, 4 changed sides, 36 changed coefficients
 0 implications, 197 cliques
presolved problem has 428 variables (428 bin, 0 int, 0 impl, 0 cont) and 191 constraints
    191 constraints of type <setppc>
Presolving Time: 0.01

 time | node  | left  |LP iter|LP it/n|mem/heur|mdpt |vars |cons |rows |cuts |sepa|confs|strbr|  dualbound   | primalbound  |  gap   | compl. 
  0.1s|     1 |     0 |  1518 |     - |  5355k |   0 | 428 | 191 | 191 |   0 |  0 |   0 |   0 | 7.627270e+03 |      --      |    Inf | unknown
d 0.1s|     1 |     0 |  1518 |     - |distribu|   0 | 428 | 191 | 191 |   0 |  1 |   0 |   0 | 7.627270e+03 | 2.763658e+03 | 175.98%| unknown
d 0.1s|     1 |     0 |  1536 |     - |distribu|   0 | 428 | 191 | 191 |   0 |  1 |   0 |   0 | 7.627270e+03 | 3.099367e+03 | 146.09%| unknown
d 0.1s|     1 |     0 |  1623 |     - |distribu|   0 | 428 | 191 | 191 |   0 |  1 |   0 |   0 | 7.627270e+03 | 3.984498e+03 |  91.42%| unknown
d 0.1s|     1 |     0 |  1659 |     - |distribu|   0 | 428 | 191 | 191 |   0 |  1 |   0 |   0 | 7.627270e+03 | 4.154654e+03 |  83.58%| unknown
d 0.1s|     1 |     0 |  1725 |     - |distribu|   0 | 428 | 191 | 191 |   0 |  1 |   0 |   0 | 7.627270e+03 | 4.275115e+03 |  78.41%| unknown
d 0.1s|     1 |     0 |  1756 |     - |distribu|   0 | 428 | 191 | 191 |   0 |  1 |   0 |   0 | 7.627270e+03 | 5.087862e+03 |  49.91%| unknown
d 0.1s|     1 |     0 |  1778 |     - |distribu|   0 | 428 | 191 | 191 |   0 |  1 |   0 |   0 | 7.627270e+03 | 5.314025e+03 |  43.53%| unknown
d 0.1s|     1 |     0 |  1800 |     - |distribu|   0 | 428 | 191 | 191 |   0 |  1 |   0 |   0 | 7.627270e+03 | 6.281826e+03 |  21.42%| unknown
  0.1s|     1 |     0 |  1800 |     - |  5504k |   0 | 428 | 191 | 191 |   0 |  1 |   0 |   0 | 7.627270e+03 | 6.281826e+03 |  21.42%| unknown
  0.1s|     1 |     2 |  1800 |     - |  5736k |   0 | 428 | 191 | 191 |   0 |  2 |   0 |  19 | 7.598881e+03 | 6.281826e+03 |  20.97%| unknown

SCIP Status        : solving was interrupted [node limit reached]
Solving Time (sec) : 0.13
Solving Nodes      : 1
Primal Bound       : +6.28182639282447e+03 (32 solutions)
Dual Bound         : +7.59888129526022e+03
Gap                : 20.97 %
