presolving:
   (0.0s) running MILP presolver
   (0.0s) MILP presolver (2 rounds): 0 aggregations, 10 fixings, 0 bound changes
(round 1, medium)     10 del vars, 0 del conss, 0 add conss, 0 chg bounds, 0 chg sides, 0 chg coeffs, 0 upgd conss, 0 impls, 198 clqs
(round 2, exhaustive) 10 del vars, 8 del conss, 0 add conss, 0 chg bounds, 8 chg sides, 0 chg coeffs, 0 upgd conss, 0 impls, 198 clqs
(round 3, exhaustive) 10 del vars, 8 del conss, 0 add conss, 0 chg bounds, 8 chg sides, 0 chg coeffs, 190 upgd conss, 0 impls, 198 clqs
(round 4, medium)     35 del vars, 8 del conss, 0 add conss, 0 chg bounds, 8 chg sides, 25 chg coeffs, 190 upgd conss, 0 impls, 198 clqs
(round 5, fast)       40 del vars, 9 del conss, 0 add conss, 0 chg bounds, 8 chg sides, 25 chg coeffs, 190 upgd conss, 0 impls, 197 clqs
(round 6, exhaustive) 40 del vars, 10 del conss, 0 add conss, 0 chg bounds, 8 chg sides, 25 chg coeffs, 190 upgd conss, 0 impls, 197 clqs
   (0.0s) probing: 51/460 (11.1%) - 0 fixings, 0 aggregations, 0 implications, 0 bound changes
   (0.0s) probing aborted: 50/50 successive totally useless probings
   (0.0s) symmetry computation started: requiring (bin +, int +, cont +), (fixed: bin -, int -, cont -)
   (0.0s) no symmetry present (symcode time: 0.00)
presolving (7 rounds: 7 fast, 6 medium, 4 exhaustive):
 40 deleted vars, 10 deleted constraints, 0 added constraints, 0 tightened bounds, 0 added holes, 8 changed sides, 25 changed coefficients
 0 implications, 197 cliques
presolved problem has 460 variables (460 bin, 0 int, 0 impl, 0 cont) and 188 constraints
    188 constraints of type <setppc>
Presolving Time: 0.02

 time | node  | left  |LP iter|LP it/n|mem/heur|mdpt |vars |cons |rows |cuts |sepa|confs|strbr|  dualbound   | primalbound  |  gap   | compl. 
  0.1s|     1 |     0 |  1366 |     - |  5606k |   0 | 460 | 188 | 188 |   0 |  0 |   0 |   0 | 7.646779e+03 |      --      |    Inf | unknown
d 0.1s|     1 |     0 |  1366 |     - |distribu|   0 | 460 | 188 | 188 |   0 |  1 |   0 |   0 | 7.646779e+03 | 2.295885e+03 | 233.06%| unknown
d 0.1s|     1 |     0 |  1396 |     - |distribu|   0 | 460 | 188 | 188 |   0 |  1 |   0 |   0 | 7.646779e+03 | 2.367860e+03 | 222.94%| unknown
d 0.1s|     1 |     0 |  1510 |     - |distribu|   0 | 460 | 188 | 188 |   0 |  1 |   0 |   0 | 7.646779e+03 | 2.784264e+03 | 174.64%| unknown
d 0.1s|     1 |     0 |  1585 |     - |distribu|   0 | 460 | 188 | 188 |   0 |  1 |   0 |   0 | 7.646779e+03 | 3.200724e+03 | 138.91%| unknown
d 0.1s|     1 |     0 |  1649 |     - |distribu|   0 | 460 | 188 | 188 |   0 |  1 |   0 |   0 | 7.646779e+03 | 3.971782e+03 |  92.53%| unknown
d 0.1s|     1 |     0 |  1729 |     - |distribu|   0 | 460 | 188 | 188 |   0 |  1 |   0 |   0 | 7.646779e+03 | 4.883670e+03 |  56.58%| unknown
d 0.1s|     1 |     0 |  1735 |     - |distribu|   0 | 460 | 188 | 188 |   0 |  1 |   0 |   0 | 7.646779e+03 | 6.270172e+03 |  21.95%| unknown
  0.1s|     1 |     0 |  1735 |     - |  5752k |   0 | 460 | 188 | 188 |   0 |  1 |   0 |   0 | 7.646779e+03 | 6.270172e+03 |  21.95%| unknown
  0.2s|     1 |     2 |  1735 |     - |  5970k |   0 | 460 | 188 | 188 |   0 |  2 |   0 |  20 | 7.572828e+03 | 6.270172e+03 |  20.78%| unknown

SCIP Status        : solving was interrupted [node limit reached]
Solving Time (sec) : 0.20
Solving Nodes      : 1
Primal Bound       : +6.27017211660172e+03 (34 solutions)
Dual Bound         : +7.57282786648896e+03
Gap                : 20.78 %
