presolving:
   (0.0s) running MILP presolver
   (0.0s) MILP presolver (2 rounds): 0 aggregations, 37 fixings, 0 bound changes
(round 1, medium)     37 del vars, 0 del conss, 0 add conss, 0 chg bounds, 0 chg sides, 0 chg coeffs, 0 upgd conss, 0 impls, 183 clqs
(round 2, exhaustive) 37 del vars, 8 del conss, 0 add conss, 0 chg bounds, 8 chg sides, 0 chg coeffs, 0 upgd conss, 0 impls, 183 clqs
(round 3, exhaustive) 37 del vars, 8 del conss, 0 add conss, 0 chg bounds, 8 chg sides, 0 chg coeffs, 175 upgd conss, 0 impls, 183 clqs
(round 4, fast)       38 del vars, 8 del conss, 0 add conss, 0 chg bounds, 8 chg sides, 0 chg coeffs, 175 upgd conss, 0 impls, 183 clqs
(round 5, medium)     86 del vars, 8 del conss, 0 add conss, 0 chg bounds, 8 chg sides, 48 chg coeffs, 175 upgd conss, 0 impls, 182 clqs
(round 6, fast)       124 del vars, 12 del conss, 0 add conss, 0 chg bounds, 8 chg sides, 48 chg coeffs, 175 upgd conss, 0 impls, 176 clqs
   (0.0s) running MILP presolver
   (0.0s) MILP presolver (2 rounds): 0 aggregations, 4 fixings, 0 bound changes
(round 7, medium)     128 del vars, 12 del conss, 0 add conss, 0 chg bounds, 8 chg sides, 48 chg coeffs, 175 upgd conss, 0 impls, 176 clqs
(round 8, exhaustive) 128 del vars, 16 del conss, 0 add conss, 0 chg bounds, 8 chg sides, 48 chg coeffs, 175 upgd conss, 0 impls, 176 clqs
   (0.0s) probing: 51/372 (13.7%) - 0 fixings, 0 aggregations, 0 implications, 0 bound changes
   (0.0s) probing aborted: 50/50 successive totally useless probings
   (0.0s) symmetry computation started: requiring (bin +, int +, cont +), (fixed: bin -, int -, cont -)
   (0.0s) no symmetry present (symcode time: 0.00)
presolving (9 rounds: 9 fast, 7 medium, 4 exhaustive):
 128 deleted vars, 16 deleted constraints, 0 added constraints, 0 tightened bounds, 0 added holes, 8 changed sides, 48 changed coefficients
 0 implications, 176 cliques
presolved problem has 372 variables (372 bin, 0 int, 0 impl, 0 cont) and 167 constraints
    167 constraints of type <setppc>
Presolving Time: 0.02

 time | node  | left  |LP iter|LP it/n|mem/heur|mdpt |vars |cons |rows |cuts |sepa|confs|strbr|  dualbound   | primalbound  |  gap   | compl. 
  0.1s|     1 |     0 |   971 |     - |  4999k |   0 | 372 | 167 | 167 |   0 |  0 |   0 |   0 | 7.138965e+03 |      --      |    Inf | unknown
d 0.1s|     1 |     0 |   971 |     - |distribu|   0 | 372 | 167 | 167 |   0 |  1 |   0 |   0 | 7.138965e+03 | 3.891789e+03 |  83.44%| unknown
d 0.1s|     1 |     0 |   987 |     - |distribu|   0 | 372 | 167 | 167 |   0 |  1 |   0 |   0 | 7.138965e+03 | 3.995355e+03 |  78.68%| unknown
d 0.1s|     1 |     0 |  1093 |     - |distribu|   0 | 372 | 167 | 167 |   0 |  1 |   0 |   0 | 7.138965e+03 | 4.236532e+03 |  68.51%| unknown
d 0.1s|     1 |     0 |  1111 |     - |distribu|   0 | 372 | 167 | 167 |   0 |  1 |   0 |   0 | 7.138965e+03 | 4.264784e+03 |  67.39%| unknown
d 0.1s|     1 |     0 |  1140 |     - |distribu|   0 | 372 | 167 | 167 |   0 |  1 |   0 |   0 | 7.138965e+03 | 5.071839e+03 |  40.76%| unknown
d 0.1s|     1 |     0 |  1151 |     - |distribu|   0 | 372 | 167 | 167 |   0 |  1 |   0 |   0 | 7.138965e+03 | 6.366392e+03 |  12.14%| unknown
  0.1s|     1 |     0 |  1151 |     - |  5106k |   0 | 372 | 167 | 167 |   0 |  1 |   0 |   0 | 7.138965e+03 | 6.366392e+03 |  12.14%| unknown
  0.2s|     1 |     2 |  1151 |     - |  5378k |   0 | 372 | 167 | 167 |   0 |  2 |   0 |  28 | 7.110839e+03 | 6.366392e+03 |  11.69%| unknown

SCIP Status        : solving was interrupted [node limit reached]
Solving Time (sec) : 0.16
Solving Nodes      : 1
Primal Bound       : +6.36639237224508e+03 (41 solutions)
Dual Bound         : +7.11083885211962e+03
Gap                : 11.69 %
