presolving:
   (0.0s) running MILP presolver
   (0.0s) MILP presolver (2 rounds): 0 aggregations, 12 fixings, 0 bound changes
(round 1, medium)     12 del vars, 0 del conss, 0 add conss, 0 chg bounds, 0 chg sides, 0 chg coeffs, 0 upgd conss, 0 impls, 186 clqs
(round 2, fast)       13 del vars, 1 del conss, 0 add conss, 0 chg bounds, 0 chg sides, 0 chg coeffs, 0 upgd conss, 0 impls, 185 clqs
(round 3, exhaustive) 13 del vars, 5 del conss, 0 add conss, 0 chg bounds, 4 chg sides, 0 chg coeffs, 0 upgd conss, 0 impls, 185 clqs
(round 4, exhaustive) 13 del vars, 5 del conss, 0 add conss, 0 chg bounds, 4 chg sides, 0 chg coeffs, 181 upgd conss, 0 impls, 185 clqs
(round 5, medium)     54 del vars, 5 del conss, 0 add conss, 0 chg bounds, 4 chg sides, 41 chg coeffs, 181 upgd conss, 0 impls, 185 clqs
(round 6, fast)       62 del vars, 5 del conss, 0 add conss, 0 chg bounds, 4 chg sides, 41 chg coeffs, 181 upgd conss, 0 impls, 185 clqs
(round 7, exhaustive) 62 del vars, 6 del conss, 0 add conss, 0 chg bounds, 4 chg sides, 41 chg coeffs, 181 upgd conss, 0 impls, 185 clqs
   (0.0s) probing: 51/438 (11.6%) - 0 fixings, 0 aggregations, 0 implications, 0 bound changes
   (0.0s) probing aborted: 50/50 successive totally useless probings
   (0.0s) symmetry computation started: requiring (bin +, int +, cont +), (fixed: bin -, int -, cont -)
   (0.0s) no symmetry present (symcode time: 0.00)
presolving (8 rounds: 8 fast, 6 medium, 4 exhaustive):
 62 deleted vars, 6 deleted constraints, 0 added constraints, 0 tightened bounds, 0 added holes, 4 changed sides, 41 changed coefficients
 0 implications, 185 cliques
presolved problem has 438 variables (438 bin, 0 int, 0 impl, 0 cont) and 180 constraints
    180 constraints of type <setppc>
Presolving Time: 0.02

 time | node  | left  |LP iter|LP it/n|mem/heur|mdpt |vars |cons |rows |cuts |sepa|confs|strbr|  dualbound   | primalbound  |  gap   | compl. 
  0.1s|     1 |     0 |  1628 |     - |  5623k |   0 | 438 | 180 | 180 |   0 |  0 |   0 |   0 | 7.460565e+03 |      --      |    Inf | unknown
d 0.1s|     1 |     0 |  1628 |     - |distribu|   0 | 438 | 180 | 180 |   0 |  1 |   0 |   0 | 7.460565e+03 | 2.831173e+03 | 163.51%| unknown
d 0.1s|     1 |     0 |  1734 |     - |distribu|   0 | 438 | 180 | 180 |   0 |  1 |   0 |   0 | 7.460565e+03 | 3.280809e+03 | 127.40%| unknown
d 0.1s|     1 |     0 |  1829 |     - |distribu|   0 | 438 | 180 | 180 |   0 |  1 |   0 |   0 | 7.460565e+03 | 3.710799e+03 | 101.05%| unknown
d 0.1s|     1 |     0 |  1882 |     - |distribu|   0 | 438 | 180 | 180 |   0 |  1 |   0 |   0 | 7.460565e+03 | 3.769589e+03 |  97.91%| unknown
d 0.1s|     1 |     0 |  1906 |     - |distribu|   0 | 438 | 180 | 180 |   0 |  1 |   0 |   0 | 7.460565e+03 | 6.456344e+03 |  15.55%| unknown
  0.1s|     1 |     0 |  1906 |     - |  5734k |   0 | 438 | 180 | 180 |   0 |  1 |   0 |   0 | 7.460565e+03 | 6.456344e+03 |  15.55%| unknown
  0.3s|     1 |     2 |  1906 |     - |  5905k |   0 | 438 | 180 | 180 |   0 |  2 |   0 |  29 | 7.406664e+03 | 6.456344e+03 |  14.72%| unknown

SCIP Status        : solving was interrupted [node limit reached]
Solving Time (sec) : 0.25
Solving Nodes      : 1
Primal Bound       : +6.45634405797929e+03 (36 solutions)
Dual Bound         : +7.40666371948452e+03
Gap                : 14.72 %
