presolving:
(round 1, fast)       1 del vars, 3 del conss, 0 add conss, 0 chg bounds, 0 chg sides, 0 chg coeffs, 0 upgd conss, 0 impls, 191 clqs
(round 2, fast)       2 del vars, 3 del conss, 0 add conss, 0 chg bounds, 0 chg sides, 0 chg coeffs, 0 upgd conss, 0 impls, 191 clqs
   (0.0s) running MILP presolver
   (0.0s) MILP presolver (2 rounds): 0 aggregations, 16 fixings, 0 bound changes
(round 3, medium)     18 del vars, 3 del conss, 0 add conss, 0 chg bounds, 0 chg sides, 0 chg coeffs, 0 upgd conss, 0 impls, 191 clqs
(round 4, exhaustive) 18 del vars, 5 del conss, 0 add conss, 0 chg bounds, 2 chg sides, 0 chg coeffs, 0 upgd conss, 0 impls, 191 clqs
(round 5, exhaustive) 18 del vars, 5 del conss, 0 add conss, 0 chg bounds, 2 chg sides, 0 chg coeffs, 189 upgd conss, 0 impls, 191 clqs
(round 6, medium)     56 del vars, 5 del conss, 0 add conss, 0 chg bounds, 2 chg sides, 38 chg coeffs, 189 upgd conss, 0 impls, 191 clqs
(round 7, fast)       76 del vars, 7 del conss, 0 add conss, 0 chg bounds, 2 chg sides, 38 chg coeffs, 189 upgd conss, 0 impls, 189 clqs
(round 8, exhaustive) 76 del vars, 9 del conss, 0 add conss, 0 chg bounds, 2 chg sides, 38 chg coeffs, 189 upgd conss, 0 impls, 189 clqs
(round 9, exhaustive) 77 del vars, 9 del conss, 0 add conss, 0 chg bounds, 2 chg sides, 38 chg coeffs, 189 upgd conss, 0 impls, 189 clqs
   (0.0s) probing: 51/423 (12.1%) - 0 fixings, 0 aggregations, 0 implications, 0 bound changes
   (0.0s) probing aborted: 50/50 successive totally useless probings
   (0.0s) symmetry computation started: requiring (bin +, int +, cont +), (fixed: bin -, int -, cont -)
   (0.0s) no symmetry present (symcode time: 0.00)
presolving (10 rounds: 10 fast, 7 medium, 5 exhaustive):
 77 deleted vars, 9 deleted constraints, 0 added constraints, 0 tightened bounds, 0 added holes, 2 changed sides, 38 changed coefficients
 0 implications, 189 cliques
presolved problem has 423 variables (423 bin, 0 int, 0 impl, 0 cont) and 185 constraints
    185 constraints of type <setppc>
Presolving Time: 0.02

 time | node  | left  |LP iter|LP it/n|mem/heur|mdpt |vars |cons |rows |cuts |sepa|confs|strbr|  dualbound   | primalbound  |  gap   | compl. 
  0.1s|     1 |     0 |  1622 |     - |  5216k |   0 | 423 | 185 | 185 |   0 |  0 |   0 |   0 | 7.813359e+03 |      --      |    Inf | unknown
d 0.1s|     1 |     0 |  1622 |     - |distribu|   0 | 423 | 185 | 185 |   0 |  1 |   0 |   0 | 7.813359e+03 | 3.190138e+03 | 144.92%| unknown
d 0.1s|     1 |     0 |  1706 |     - |distribu|   0 | 423 | 185 | 185 |   0 |  1 |   0 |   0 | 7.813359e+03 | 3.650797e+03 | 114.02%| unknown
d 0.1s|     1 |     0 |  1745 |     - |distribu|   0 | 423 | 185 | 185 |   0 |  1 |   0 |   0 | 7.813359e+03 | 3.846490e+03 | 103.13%| unknown
d 0.1s|     1 |     0 |  1839 |     - |distribu|   0 | 423 | 185 | 185 |   0 |  1 |   0 |   0 | 7.813359e+03 | 4.170988e+03 |  87.33%| unknown
d 0.1s|     1 |     0 |  1847 |     - |distribu|   0 | 423 | 185 | 185 |   0 |  1 |   0 |   0 | 7.813359e+03 | 7.194022e+03 |   8.61%| unknown
  0.1s|     1 |     0 |  1847 |     - |  5325k |   0 | 423 | 185 | 185 |   0 |  1 |   0 |   0 | 7.813359e+03 | 7.194022e+03 |   8.61%| unknown
  0.2s|     1 |     2 |  1847 |     - |  5433k |   0 | 423 | 185 | 185 |   0 |  2 |   0 |  19 | 7.771561e+03 | 7.194022e+03 |   8.03%| unknown

SCIP Status        : solving was interrupted [node limit reached]
Solving Time (sec) : 0.24
Solving Nodes      : 1
Primal Bound       : +7.19402244442651e+03 (26 solutions)
Dual Bound         : +7.77156120497170e+03
Gap                : 8.03 %
