presolving:
(round 1, fast)       1 del vars, 2 del conss, 0 add conss, 0 chg bounds, 0 chg sides, 0 chg coeffs, 0 upgd conss, 0 impls, 187 clqs
(round 2, fast)       2 del vars, 2 del conss, 0 add conss, 0 chg bounds, 0 chg sides, 0 chg coeffs, 0 upgd conss, 0 impls, 187 clqs
   (0.0s) running MILP presolver
   (0.0s) MILP presolver (2 rounds): 0 aggregations, 26 fixings, 0 bound changes
(round 3, medium)     28 del vars, 2 del conss, 0 add conss, 0 chg bounds, 0 chg sides, 0 chg coeffs, 0 upgd conss, 0 impls, 186 clqs
(round 4, fast)       28 del vars, 3 del conss, 0 add conss, 0 chg bounds, 0 chg sides, 0 chg coeffs, 0 upgd conss, 0 impls, 186 clqs
(round 5, exhaustive) 28 del vars, 10 del conss, 0 add conss, 0 chg bounds, 7 chg sides, 0 chg coeffs, 0 upgd conss, 0 impls, 186 clqs
(round 6, exhaustive) 28 del vars, 10 del conss, 0 add conss, 0 chg bounds, 7 chg sides, 0 chg coeffs, 179 upgd conss, 0 impls, 186 clqs
(round 7, medium)     72 del vars, 10 del conss, 0 add conss, 0 chg bounds, 7 chg sides, 44 chg coeffs, 179 upgd conss, 0 impls, 186 clqs
(round 8, fast)       91 del vars, 10 del conss, 0 add conss, 0 chg bounds, 7 chg sides, 44 chg coeffs, 179 upgd conss, 0 impls, 184 clqs
(round 9, exhaustive) 91 del vars, 14 del conss, 0 add conss, 0 chg bounds, 7 chg sides, 44 chg coeffs, 179 upgd conss, 0 impls, 184 clqs
   (0.0s) probing: 51/409 (12.5%) - 0 fixings, 0 aggregations, 0 implications, 0 bound changes
   (0.0s) probing aborted: 50/50 successive totally useless probings
   (0.0s) symmetry computation started: requiring (bin +, int +, cont +), (fixed: bin -, int -, cont -)
   (0.0s) no symmetry present (symcode time: 0.00)
presolving (10 rounds: 10 fast, 6 medium, 4 exhaustive):
 91 deleted vars, 14 deleted constraints, 0 added constraints, 0 tightened bounds, 0 added holes, 7 changed sides, 44 changed coefficients
 0 implications, 184 cliques
presolved problem has 409 variables (409 bin, 0 int, 0 impl, 0 cont) and 175 constraints
    175 constraints of type <setppc>
Presolving Time: 0.02

 time | node  | left  |LP iter|LP it/n|mem/heur|mdpt |vars |cons |rows |cuts |sepa|confs|strbr|  dualbound   | primalbound  |  gap   | compl. 
  0.1s|     1 |     0 |  1497 |     - |  5376k |   0 | 409 | 175 | 175 |   0 |  0 |   0 |   0 | 7.799807e+03 |      --      |    Inf | unknown
d 0.1s|     1 |     0 |  1497 |     - |distribu|   0 | 409 | 175 | 175 |   0 |  1 |   0 |   0 | 7.799807e+03 | 3.524995e+03 | 121.27%| unknown
d 0.1s|     1 |     0 |  1585 |     - |distribu|   0 | 409 | 175 | 175 |   0 |  1 |   0 |   0 | 7.799807e+03 | 4.664216e+03 |  67.23%| unknown
d 0.1s|     1 |     0 |  1614 |     - |distribu|   0 | 409 | 175 | 175 |   0 |  1 |   0 |   0 | 7.799807e+03 | 6.410255e+03 |  21.68%| unknown
d 0.1s|     1 |     0 |  1686 |     - |distribu|   0 | 409 | 175 | 175 |   0 |  1 |   0 |   0 | 7.799807e+03 | 7.172637e+03 |   8.74%| unknown
d 0.1s|     1 |     0 |  1695 |     - |distribu|   0 | 409 | 175 | 175 |   0 |  1 |   0 |   0 | 7.799807e+03 | 7.307632e+03 |   6.74%| unknown
  0.1s|     1 |     0 |  1695 |     - |  5482k |   0 | 409 | 175 | 175 |   0 |  1 |   0 |   0 | 7.799807e+03 | 7.307632e+03 |   6.74%| unknown
  0.1s|     1 |     0 |  1695 |     - |  5482k |   0 | 409 | 175 | 175 |   0 |  1 |   0 |   0 | 7.799807e+03 | 7.307632e+03 |   6.74%| unknown
  0.2s|     1 |     2 |  1695 |     - |  5548k |   0 | 409 | 175 | 175 |   0 |  2 |   0 |  19 | 7.773781e+03 | 7.307632e+03 |   6.38%| unknown

SCIP Status        : solving was interrupted [node limit reached]
Solving Time (sec) : 0.16
Solving Nodes      : 1
Primal Bound       : +7.30763226158533e+03 (24 solutions)
Dual Bound         : +7.77378088374635e+03
Gap                : 6.38 %
