presolving:
(round 1, fast)       0 del vars, 1 del conss, 0 add conss, 0 chg bounds, 0 chg sides, 0 chg coeffs, 0 upgd conss, 0 impls, 188 clqs
   (0.0s) running MILP presolver
   (0.0s) MILP presolver (2 rounds): 0 aggregations, 15 fixings, 0 bound changes
(round 2, medium)     15 del vars, 1 del conss, 0 add conss, 0 chg bounds, 0 chg sides, 0 chg coeffs, 0 upgd conss, 0 impls, 188 clqs
(round 3, exhaustive) 15 del vars, 5 del conss, 0 add conss, 0 chg bounds, 4 chg sides, 0 chg coeffs, 0 upgd conss, 0 impls, 188 clqs
(round 4, exhaustive) 15 del vars, 5 del conss, 0 add conss, 0 chg bounds, 4 chg sides, 0 chg coeffs, 184 upgd conss, 0 impls, 188 clqs
(round 5, medium)     50 del vars, 5 del conss, 0 add conss, 0 chg bounds, 4 chg sides, 35 chg coeffs, 184 upgd conss, 0 impls, 188 clqs
(round 6, fast)       62 del vars, 6 del conss, 0 add conss, 0 chg bounds, 4 chg sides, 35 chg coeffs, 184 upgd conss, 0 impls, 187 clqs
(round 7, exhaustive) 62 del vars, 8 del conss, 0 add conss, 0 chg bounds, 4 chg sides, 35 chg coeffs, 184 upgd conss, 0 impls, 187 clqs
   (0.0s) probing: 51/438 (11.6%) - 0 fixings, 0 aggregations, 0 implications, 0 bound changes
   (0.0s) probing aborted: 50/50 successive totally useless probings
   (0.0s) symmetry computation started: requiring (bin +, int +, cont +), (fixed: bin -, int -, cont -)
   (0.0s) no symmetry present (symcode time: 0.00)
presolving (8 rounds: 8 fast, 6 medium, 4 exhaustive):
 62 deleted vars, 8 deleted constraints, 0 added constraints, 0 tightened bounds, 0 added holes, 4 changed sides, 35 changed coefficients
 0 implications, 187 cliques
presolved problem has 438 variables (438 bin, 0 int, 0 impl, 0 cont) and 181 constraints
    181 constraints of type <setppc>
Presolving Time: 0.02

 time | node  | left  |LP iter|LP it/n|mem/heur|mdpt |vars |cons |rows |cuts |sepa|confs|strbr|  dualbound   | primalbound  |  gap   | compl. 
  0.1s|     1 |     0 |  1499 |     - |  5578k |   0 | 438 | 181 | 181 |   0 |  0 |   0 |   0 | 6.980144e+03 |      --      |    Inf | unknown
d 0.1s|     1 |     0 |  1499 |     - |distribu|   0 | 438 | 181 | 181 |   0 |  1 |   0 |   0 | 6.980144e+03 | 2.445430e+03 | 185.44%| unknown
d 0.1s|     1 |     0 |  1606 |     - |distribu|   0 | 438 | 181 | 181 |   0 |  1 |   0 |   0 | 6.980144e+03 | 2.965336e+03 | 135.39%| unknown
d 0.1s|     1 |     0 |  1734 |     - |distribu|   0 | 438 | 181 | 181 |   0 |  1 |   0 |   0 | 6.980144e+03 | 3.198329e+03 | 118.24%| unknown
d 0.1s|     1 |     0 |  1880 |     - |distribu|   0 | 438 | 181 | 181 |   0 |  1 |   0 |   0 | 6.980144e+03 | 4.405314e+03 |  58.45%| unknown
d 0.1s|     1 |     0 |  1929 |     - |distribu|   0 | 438 | 181 | 181 |   0 |  1 |   0 |   0 | 6.980144e+03 | 4.730363e+03 |  47.56%| unknown
d 0.1s|     1 |     0 |  1935 |     - |distribu|   0 | 438 | 181 | 181 |   0 |  1 |   0 |   0 | 6.980144e+03 | 5.494798e+03 |  27.03%| unknown
d 0.1s|     1 |     0 |  1941 |     - |distribu|   0 | 438 | 181 | 181 |   0 |  1 |   0 |   0 | 6.980144e+03 | 5.876250e+03 |  18.79%| unknown
  0.1s|     1 |     0 |  1941 |     - |  5698k |   0 | 438 | 181 | 181 |   0 |  1 |   0 |   0 | 6.980144e+03 | 5.876250e+03 |  18.79%| unknown
  0.3s|     1 |     2 |  1941 |     - |  5882k |   0 | 438 | 181 | 181 |   0 |  2 |   0 |  26 | 6.952900e+03 | 5.876250e+03 |  18.32%| unknown

SCIP Status        : solving was interrupted [node limit reached]
Solving Time (sec) : 0.26
Solving Nodes      : 1
Primal Bound       : +5.87624958201343e+03 (33 solutions)
Dual Bound         : +6.95289952840422e+03
Gap                : 18.32 %
