presolving:
(round 1, fast)       1 del vars, 1 del conss, 0 add conss, 0 chg bounds, 0 chg sides, 0 chg coeffs, 0 upgd conss, 0 impls, 191 clqs
   (0.0s) running MILP presolver
   (0.0s) MILP presolver (2 rounds): 0 aggregations, 24 fixings, 0 bound changes
(round 2, medium)     25 del vars, 1 del conss, 0 add conss, 0 chg bounds, 0 chg sides, 0 chg coeffs, 0 upgd conss, 0 impls, 191 clqs
(round 3, exhaustive) 25 del vars, 6 del conss, 0 add conss, 0 chg bounds, 5 chg sides, 0 chg coeffs, 0 upgd conss, 0 impls, 191 clqs
(round 4, exhaustive) 25 del vars, 6 del conss, 0 add conss, 0 chg bounds, 5 chg sides, 0 chg coeffs, 186 upgd conss, 0 impls, 191 clqs
(round 5, medium)     66 del vars, 6 del conss, 0 add conss, 0 chg bounds, 5 chg sides, 41 chg coeffs, 186 upgd conss, 0 impls, 191 clqs
(round 6, fast)       88 del vars, 9 del conss, 0 add conss, 0 chg bounds, 5 chg sides, 41 chg coeffs, 186 upgd conss, 0 impls, 188 clqs
(round 7, exhaustive) 88 del vars, 14 del conss, 0 add conss, 0 chg bounds, 5 chg sides, 41 chg coeffs, 186 upgd conss, 0 impls, 188 clqs
   (0.0s) probing: 51/412 (12.4%) - 0 fixings, 0 aggregations, 0 implications, 0 bound changes
   (0.0s) probing aborted: 50/50 successive totally useless probings
   (0.0s) symmetry computation started: requiring (bin +, int +, cont +), (fixed: bin -, int -, cont -)
   (0.0s) no symmetry present (symcode time: 0.00)
presolving (8 rounds: 8 fast, 6 medium, 4 exhaustive):
 88 deleted vars, 14 deleted constraints, 0 added constraints, 0 tightened bounds, 0 added holes, 5 changed sides, 41 changed coefficients
 0 implications, 188 cliques
presolved problem has 412 variables (412 bin, 0 int, 0 impl, 0 cont) and 178 constraints
    178 constraints of type <setppc>
Presolving Time: 0.02

 time | node  | left  |LP iter|LP it/n|mem/heur|mdpt |vars |cons |rows |cuts |sepa|confs|strbr|  dualbound   | primalbound  |  gap   | compl. 
  0.1s|     1 |     0 |  1242 |     - |  5398k |   0 | 412 | 178 | 178 |   0 |  0 |   0 |   0 | 7.266376e+03 |      --      |    Inf | unknown
d 0.1s|     1 |     0 |  1242 |     - |distribu|   0 | 412 | 178 | 178 |   0 |  1 |   0 |   0 | 7.266376e+03 | 3.099320e+03 | 134.45%| unknown
d 0.1s|     1 |     0 |  1311 |     - |distribu|   0 | 412 | 178 | 178 |   0 |  1 |   0 |   0 | 7.266376e+03 | 3.411393e+03 | 113.00%| unknown
d 0.1s|     1 |     0 |  1364 |     - |distribu|   0 | 412 | 178 | 178 |   0 |  1 |   0 |   0 | 7.266376e+03 | 3.475691e+03 | 109.06%| unknown
d 0.1s|     1 |     0 |  1407 |     - |distribu|   0 | 412 | 178 | 178 |   0 |  1 |   0 |   0 | 7.266376e+03 | 4.049556e+03 |  79.44%| unknown
d 0.1s|     1 |     0 |  1439 |     - |distribu|   0 | 412 | 178 | 178 |   0 |  1 |   0 |   0 | 7.266376e+03 | 4.109075e+03 |  76.84%| unknown
d 0.1s|     1 |     0 |  1540 |     - |distribu|   0 | 412 | 178 | 178 |   0 |  1 |   0 |   0 | 7.266376e+03 | 4.185495e+03 |  73.61%| unknown
d 0.1s|     1 |     0 |  1572 |     - |distribu|   0 | 412 | 178 | 178 |   0 |  1 |   0 |   0 | 7.266376e+03 | 4.246664e+03 |  71.11%| unknown
d 0.1s|     1 |     0 |  1588 |     - |distribu|   0 | 412 | 178 | 178 |   0 |  1 |   0 |   0 | 7.266376e+03 | 5.663171e+03 |  28.31%| unknown
d 0.1s|     1 |     0 |  1590 |     - |distribu|   0 | 412 | 178 | 178 |   0 |  1 |   0 |   0 | 7.266376e+03 | 5.984392e+03 |  21.42%| unknown
  0.1s|     1 |     0 |  1590 |     - |  5554k |   0 | 412 | 178 | 178 |   0 |  1 |   0 |   0 | 7.266376e+03 | 5.984392e+03 |  21.42%| unknown
  0.2s|     1 |     2 |  1590 |     - |  5792k |   0 | 412 | 178 | 178 |   0 |  2 |   0 |  25 | 7.207929e+03 | 5.984392e+03 |  20.45%| unknown

SCIP Status        : solving was interrupted [node limit reached]
Solving Time (sec) : 0.20
Solving Nodes      : 1
Primal Bound       : +5.98439231954846e+03 (45 solutions)
Dual Bound         : +7.20792884593836e+03
Gap                : 20.45 %
