presolving:
(round 1, fast)       0 del vars, 2 del conss, 0 add conss, 0 chg bounds, 0 chg sides, 0 chg coeffs, 0 upgd conss, 0 impls, 195 clqs
   (0.0s) running MILP presolver
   (0.0s) MILP presolver (2 rounds): 0 aggregations, 10 fixings, 0 bound changes
(round 2, medium)     10 del vars, 2 del conss, 0 add conss, 0 chg bounds, 0 chg sides, 0 chg coeffs, 0 upgd conss, 0 impls, 195 clqs
(round 3, exhaustive) 10 del vars, 7 del conss, 0 add conss, 0 chg bounds, 5 chg sides, 0 chg coeffs, 0 upgd conss, 0 impls, 195 clqs
(round 4, exhaustive) 10 del vars, 7 del conss, 0 add conss, 0 chg bounds, 5 chg sides, 0 chg coeffs, 190 upgd conss, 0 impls, 195 clqs
(round 5, medium)     47 del vars, 7 del conss, 0 add conss, 0 chg bounds, 5 chg sides, 37 chg coeffs, 190 upgd conss, 0 impls, 195 clqs
(round 6, fast)       69 del vars, 8 del conss, 0 add conss, 0 chg bounds, 5 chg sides, 37 chg coeffs, 190 upgd conss, 0 impls, 194 clqs
(round 7, exhaustive) 69 del vars, 20 del conss, 0 add conss, 0 chg bounds, 5 chg sides, 37 chg coeffs, 190 upgd conss, 0 impls, 194 clqs
   (0.0s) probing: 51/431 (11.8%) - 0 fixings, 0 aggregations, 0 implications, 0 bound changes
   (0.0s) probing aborted: 50/50 successive totally useless probings
   (0.0s) symmetry computation started: requiring (bin +, int +, cont +), (fixed: bin -, int -, cont -)
   (0.0s) no symmetry present (symcode time: 0.00)
presolving (8 rounds: 8 fast, 6 medium, 4 exhaustive):
 69 deleted vars, 20 deleted constraints, 0 added constraints, 0 tightened bounds, 0 added holes, 5 changed sides, 37 changed coefficients
 0 implications, 194 cliques
presolved problem has 431 variables (431 bin, 0 int, 0 impl, 0 cont) and 177 constraints
    177 constraints of type <setppc>
Presolving Time: 0.02

 time | node  | left  |LP iter|LP it/n|mem/heur|mdpt |vars |cons |rows |cuts |sepa|confs|strbr|  dualbound   | primalbound  |  gap   | compl. 
  0.1s|     1 |     0 |  1455 |     - |  5291k |   0 | 431 | 177 | 177 |   0 |  0 |   0 |   0 | 7.727897e+03 |      --      |    Inf | unknown
d 0.1s|     1 |     0 |  1455 |     - |distribu|   0 | 431 | 177 | 177 |   0 |  1 |   0 |   0 | 7.727897e+03 | 3.150018e+03 | 145.33%| unknown
d 0.1s|     1 |     0 |  1594 |     - |distribu|   0 | 431 | 177 | 177 |   0 |  1 |   0 |   0 | 7.727897e+03 | 3.878437e+03 |  99.25%| unknown
d 0.1s|     1 |     0 |  1654 |     - |distribu|   0 | 431 | 177 | 177 |   0 |  1 |   0 |   0 | 7.727897e+03 | 5.217891e+03 |  48.10%| unknown
d 0.1s|     1 |     0 |  1705 |     - |distribu|   0 | 431 | 177 | 177 |   0 |  1 |   0 |   0 | 7.727897e+03 | 5.286924e+03 |  46.17%| unknown
d 0.1s|     1 |     0 |  1738 |     - |distribu|   0 | 431 | 177 | 177 |   0 |  1 |   0 |   0 | 7.727897e+03 | 6.542560e+03 |  18.12%| unknown
  0.1s|     1 |     0 |  1738 |     - |  5406k |   0 | 431 | 177 | 177 |   0 |  1 |   0 |   0 | 7.727897e+03 | 6.542560e+03 |  18.12%| unknown
  0.3s|     1 |     2 |  1738 |     - |  5634k |   0 | 431 | 177 | 177 |   0 |  2 |   0 |  24 | 7.697598e+03 | 6.542560e+03 |  17.65%| unknown

SCIP Status        : solving was interrupted [node limit reached]
Solving Time (sec) : 0.30
Solving Nodes      : 1
Primal Bound       : +6.54255964029679e+03 (37 solutions)
Dual Bound         : +7.69759805960291e+03
Gap                : 17.65 %
