presolving:
(round 1, fast)       0 del vars, 1 del conss, 0 add conss, 0 chg bounds, 0 chg sides, 0 chg coeffs, 0 upgd conss, 0 impls, 193 clqs
   (0.0s) running MILP presolver
   (0.0s) MILP presolver (2 rounds): 0 aggregations, 8 fixings, 0 bound changes
(round 2, medium)     8 del vars, 1 del conss, 0 add conss, 0 chg bounds, 0 chg sides, 0 chg coeffs, 0 upgd conss, 0 impls, 193 clqs
(round 3, exhaustive) 8 del vars, 6 del conss, 0 add conss, 0 chg bounds, 5 chg sides, 0 chg coeffs, 0 upgd conss, 0 impls, 193 clqs
(round 4, exhaustive) 8 del vars, 6 del conss, 0 add conss, 0 chg bounds, 5 chg sides, 0 chg coeffs, 188 upgd conss, 0 impls, 193 clqs
(round 5, medium)     50 del vars, 6 del conss, 0 add conss, 0 chg bounds, 5 chg sides, 42 chg coeffs, 188 upgd conss, 0 impls, 193 clqs
(round 6, fast)       79 del vars, 10 del conss, 0 add conss, 0 chg bounds, 5 chg sides, 42 chg coeffs, 188 upgd conss, 0 impls, 189 clqs
(round 7, exhaustive) 79 del vars, 13 del conss, 0 add conss, 0 chg bounds, 5 chg sides, 42 chg coeffs, 188 upgd conss, 0 impls, 189 clqs
   (0.0s) probing: 51/421 (12.1%) - 0 fixings, 0 aggregations, 0 implications, 0 bound changes
   (0.0s) probing aborted: 50/50 successive totally useless probings
   (0.0s) symmetry computation started: requiring (bin +, int +, cont +), (fixed: bin -, int -, cont -)
   (0.0s) no symmetry present (symcode time: 0.00)
presolving (8 rounds: 8 fast, 6 medium, 4 exhaustive):
 79 deleted vars, 13 deleted constraints, 0 added constraints, 0 tightened bounds, 0 added holes, 5 changed sides, 42 changed coefficients
 0 implications, 189 cliques
presolved problem has 421 variables (421 bin, 0 int, 0 impl, 0 cont) and 181 constraints
    181 constraints of type <setppc>
Presolving Time: 0.02

 time | node  | left  |LP iter|LP it/n|mem/heur|mdpt |vars |cons |rows |cuts |sepa|confs|strbr|  dualbound   | primalbound  |  gap   | compl. 
  0.1s|     1 |     0 |  1205 |     - |  5286k |   0 | 421 | 181 | 181 |   0 |  0 |   0 |   0 | 8.150306e+03 |      --      |    Inf | unknown
d 0.1s|     1 |     0 |  1205 |     - |distribu|   0 | 421 | 181 | 181 |   0 |  1 |   0 |   0 | 8.150306e+03 | 3.235192e+03 | 151.93%| unknown
d 0.1s|     1 |     0 |  1259 |     - |distribu|   0 | 421 | 181 | 181 |   0 |  1 |   0 |   0 | 8.150306e+03 | 3.798973e+03 | 114.54%| unknown
d 0.1s|     1 |     0 |  1343 |     - |distribu|   0 | 421 | 181 | 181 |   0 |  1 |   0 |   0 | 8.150306e+03 | 4.186829e+03 |  94.67%| unknown
d 0.1s|     1 |     0 |  1384 |     - |distribu|   0 | 421 | 181 | 181 |   0 |  1 |   0 |   0 | 8.150306e+03 | 7.740713e+03 |   5.29%| unknown
  0.1s|     1 |     0 |  1384 |     - |  5380k |   0 | 421 | 181 | 181 |   0 |  1 |   0 |   0 | 8.150306e+03 | 7.740713e+03 |   5.29%| unknown
  0.1s|     1 |     0 |  1384 |     - |  5380k |   0 | 421 | 181 | 181 |   0 |  1 |   0 |   0 | 8.150306e+03 | 7.740713e+03 |   5.29%| unknown
  0.3s|     1 |     2 |  1384 |     - |  5706k |   0 | 421 | 181 | 181 |   0 |  2 |   0 |  33 | 8.123256e+03 | 7.740713e+03 |   4.94%| unknown

SCIP Status        : solving was interrupted [node limit reached]
Solving Time (sec) : 0.25
Solving Nodes      : 1
Primal Bound       : +7.74071267234077e+03 (39 solutions)
Dual Bound         : +8.12325616307973e+03
Gap                : 4.94 %
