presolving:
   (0.0s) running MILP presolver
   (0.0s) MILP presolver (2 rounds): 0 aggregations, 27 fixings, 0 bound changes
(round 1, medium)     27 del vars, 0 del conss, 0 add conss, 0 chg bounds, 0 chg sides, 0 chg coeffs, 0 upgd conss, 0 impls, 189 clqs
(round 2, fast)       27 del vars, 1 del conss, 0 add conss, 0 chg bounds, 0 chg sides, 0 chg coeffs, 0 upgd conss, 0 impls, 189 clqs
(round 3, exhaustive) 27 del vars, 5 del conss, 0 add conss, 0 chg bounds, 4 chg sides, 0 chg coeffs, 0 upgd conss, 0 impls, 189 clqs
(round 4, exhaustive) 27 del vars, 5 del conss, 0 add conss, 0 chg bounds, 4 chg sides, 0 chg coeffs, 185 upgd conss, 0 impls, 189 clqs
(round 5, medium)     72 del vars, 5 del conss, 0 add conss, 0 chg bounds, 4 chg sides, 45 chg coeffs, 185 upgd conss, 0 impls, 189 clqs
(round 6, fast)       113 del vars, 7 del conss, 0 add conss, 0 chg bounds, 4 chg sides, 45 chg coeffs, 185 upgd conss, 0 impls, 187 clqs
   (0.0s) running MILP presolver
   (0.0s) MILP presolver (2 rounds): 0 aggregations, 5 fixings, 0 bound changes
(round 7, medium)     118 del vars, 7 del conss, 0 add conss, 0 chg bounds, 4 chg sides, 45 chg coeffs, 185 upgd conss, 0 impls, 187 clqs
(round 8, exhaustive) 118 del vars, 19 del conss, 0 add conss, 0 chg bounds, 4 chg sides, 45 chg coeffs, 185 upgd conss, 0 impls, 187 clqs
(round 9, exhaustive) 119 del vars, 19 del conss, 0 add conss, 0 chg bounds, 4 chg sides, 45 chg coeffs, 185 upgd conss, 0 impls, 187 clqs
   (0.0s) probing: 51/381 (13.4%) - 0 fixings, 0 aggregations, 0 implications, 0 bound changes
   (0.0s) probing aborted: 50/50 successive totally useless probings
   (0.0s) symmetry computation started: requiring (bin +, int +, cont +), (fixed: bin -, int -, cont -)
   (0.0s) no symmetry present (symcode time: 0.00)
presolving (10 rounds: 10 fast, 8 medium, 5 exhaustive):
 119 deleted vars, 19 deleted constraints, 0 added constraints, 0 tightened bounds, 0 added holes, 4 changed sides, 45 changed coefficients
 0 implications, 187 cliques
presolved problem has 381 variables (381 bin, 0 int, 0 impl, 0 cont) and 171 constraints
    171 constraints of type <setppc>
Presolving Time: 0.02

 time | node  | left  |LP iter|LP it/n|mem/heur|mdpt |vars |cons |rows |cuts |sepa|confs|strbr|  dualbound   | primalbound  |  gap   | compl. 
  0.1s|     1 |     0 |   847 |     - |  5072k |   0 | 381 | 171 | 171 |   0 |  0 |   0 |   0 | 7.749383e+03 |      --      |    Inf | unknown
d 0.1s|     1 |     0 |   847 |     - |distribu|   0 | 381 | 171 | 171 |   0 |  1 |   0 |   0 | 7.749383e+03 | 4.082885e+03 |  89.80%| unknown
d 0.1s|     1 |     0 |   950 |     - |distribu|   0 | 381 | 171 | 171 |   0 |  1 |   0 |   0 | 7.749383e+03 | 4.342989e+03 |  78.43%| unknown
d 0.1s|     1 |     0 |  1030 |     - |distribu|   0 | 381 | 171 | 171 |   0 |  1 |   0 |   0 | 7.749383e+03 | 4.696426e+03 |  65.01%| unknown
d 0.1s|     1 |     0 |  1053 |     - |distribu|   0 | 381 | 171 | 171 |   0 |  1 |   0 |   0 | 7.749383e+03 | 6.963496e+03 |  11.29%| unknown
  0.1s|     1 |     0 |  1053 |     - |  5195k |   0 | 381 | 171 | 171 |   0 |  1 |   0 |   0 | 7.749383e+03 | 6.963496e+03 |  11.29%| unknown
  0.2s|     1 |     2 |  1053 |     - |  5333k |   0 | 381 | 171 | 171 |   0 |  2 |   0 |  22 | 7.708196e+03 | 6.963496e+03 |  10.69%| unknown

SCIP Status        : solving was interrupted [node limit reached]
Solving Time (sec) : 0.15
Solving Nodes      : 1
Primal Bound       : +6.96349611040294e+03 (27 solutions)
Dual Bound         : +7.70819623268357e+03
Gap                : 10.69 %
