presolving:
(round 1, fast)       1 del vars, 2 del conss, 0 add conss, 0 chg bounds, 0 chg sides, 0 chg coeffs, 0 upgd conss, 0 impls, 189 clqs
   (0.0s) running MILP presolver
   (0.0s) MILP presolver (2 rounds): 0 aggregations, 21 fixings, 0 bound changes
(round 2, medium)     22 del vars, 2 del conss, 0 add conss, 0 chg bounds, 0 chg sides, 0 chg coeffs, 0 upgd conss, 0 impls, 188 clqs
(round 3, fast)       22 del vars, 3 del conss, 0 add conss, 0 chg bounds, 0 chg sides, 0 chg coeffs, 0 upgd conss, 0 impls, 188 clqs
(round 4, exhaustive) 22 del vars, 6 del conss, 0 add conss, 0 chg bounds, 3 chg sides, 0 chg coeffs, 0 upgd conss, 0 impls, 188 clqs
(round 5, exhaustive) 22 del vars, 6 del conss, 0 add conss, 0 chg bounds, 3 chg sides, 0 chg coeffs, 185 upgd conss, 0 impls, 188 clqs
(round 6, medium)     66 del vars, 6 del conss, 0 add conss, 0 chg bounds, 3 chg sides, 44 chg coeffs, 185 upgd conss, 0 impls, 188 clqs
(round 7, fast)       89 del vars, 7 del conss, 0 add conss, 0 chg bounds, 3 chg sides, 44 chg coeffs, 185 upgd conss, 0 impls, 186 clqs
(round 8, exhaustive) 89 del vars, 14 del conss, 0 add conss, 0 chg bounds, 3 chg sides, 44 chg coeffs, 185 upgd conss, 0 impls, 186 clqs
   (0.0s) probing: 51/411 (12.4%) - 0 fixings, 0 aggregations, 0 implications, 0 bound changes
   (0.0s) probing aborted: 50/50 successive totally useless probings
   (0.0s) symmetry computation started: requiring (bin +, int +, cont +), (fixed: bin -, int -, cont -)
   (0.0s) no symmetry present (symcode time: 0.00)
presolving (9 rounds: 9 fast, 6 medium, 4 exhaustive):
 89 deleted vars, 14 deleted constraints, 0 added constraints, 0 tightened bounds, 0 added holes, 3 changed sides, 44 changed coefficients
 0 implications, 186 cliques
presolved problem has 411 variables (411 bin, 0 int, 0 impl, 0 cont) and 177 constraints
    177 constraints of type <setppc>
Presolving Time: 0.02

 time | node  | left  |LP iter|LP it/n|mem/heur|mdpt |vars |cons |rows |cuts |sepa|confs|strbr|  dualbound   | primalbound  |  gap   | compl. 
  0.1s|     1 |     0 |  1759 |     - |  5143k |   0 | 411 | 177 | 177 |   0 |  0 |   0 |   0 | 7.565359e+03 |      --      |    Inf | unknown
d 0.1s|     1 |     0 |  1759 |     - |distribu|   0 | 411 | 177 | 177 |   0 |  1 |   0 |   0 | 7.565359e+03 | 3.068188e+03 | 146.57%| unknown
d 0.1s|     1 |     0 |  1871 |     - |distribu|   0 | 411 | 177 | 177 |   0 |  1 |   0 |   0 | 7.565359e+03 | 3.310481e+03 | 128.53%| unknown
d 0.1s|     1 |     0 |  1943 |     - |distribu|   0 | 411 | 177 | 177 |   0 |  1 |   0 |   0 | 7.565359e+03 | 3.559239e+03 | 112.56%| unknown
d 0.1s|     1 |     0 |  1990 |     - |distribu|   0 | 411 | 177 | 177 |   0 |  1 |   0 |   0 | 7.565359e+03 | 3.967787e+03 |  90.67%| unknown
d 0.1s|     1 |     0 |  2108 |     - |distribu|   0 | 411 | 177 | 177 |   0 |  1 |   0 |   0 | 7.565359e+03 | 4.933362e+03 |  53.35%| unknown
d 0.1s|     1 |     0 |  2126 |     - |distribu|   0 | 411 | 177 | 177 |   0 |  1 |   0 |   0 | 7.565359e+03 | 6.744714e+03 |  12.17%| unknown
  0.1s|     1 |     0 |  2126 |     - |  5265k |   0 | 411 | 177 | 177 |   0 |  1 |   0 |   0 | 7.565359e+03 | 6.744714e+03 |  12.17%| unknown
  0.2s|     1 |     2 |  2126 |     - |  5338k |   0 | 411 | 177 | 177 |   0 |  2 |   0 |  23 | 7.514930e+03 | 6.744714e+03 |  11.42%| unknown

SCIP Status        : solving was interrupted [node limit reached]
Solving Time (sec) : 0.21
Solving Nodes      : 1
Primal Bound       : +6.74471445842418e+03 (29 solutions)
Dual Bound         : +7.51493005006730e+03
Gap                : 11.42 %
