presolving:
   (0.0s) running MILP presolver
   (0.0s) MILP presolver (2 rounds): 0 aggregations, 19 fixings, 0 bound changes
(round 1, medium)     19 del vars, 0 del conss, 0 add conss, 0 chg bounds, 0 chg sides, 0 chg coeffs, 0 upgd conss, 0 impls, 197 clqs
(round 2, fast)       20 del vars, 1 del conss, 0 add conss, 0 chg bounds, 0 chg sides, 0 chg coeffs, 0 upgd conss, 0 impls, 196 clqs
(round 3, exhaustive) 20 del vars, 10 del conss, 0 add conss, 0 chg bounds, 9 chg sides, 0 chg coeffs, 0 upgd conss, 0 impls, 196 clqs
(round 4, exhaustive) 20 del vars, 10 del conss, 0 add conss, 0 chg bounds, 9 chg sides, 0 chg coeffs, 187 upgd conss, 0 impls, 196 clqs
(round 5, medium)     57 del vars, 10 del conss, 0 add conss, 0 chg bounds, 9 chg sides, 37 chg coeffs, 187 upgd conss, 0 impls, 196 clqs
(round 6, fast)       66 del vars, 10 del conss, 0 add conss, 0 chg bounds, 9 chg sides, 37 chg coeffs, 187 upgd conss, 0 impls, 195 clqs
(round 7, exhaustive) 66 del vars, 12 del conss, 0 add conss, 0 chg bounds, 9 chg sides, 37 chg coeffs, 187 upgd conss, 0 impls, 195 clqs
   (0.0s) probing: 51/434 (11.8%) - 0 fixings, 0 aggregations, 0 implications, 0 bound changes
   (0.0s) probing aborted: 50/50 successive totally useless probings
   (0.0s) symmetry computation started: requiring (bin +, int +, cont +), (fixed: bin -, int -, cont -)
   (0.0s) no symmetry present (symcode time: 0.00)
presolving (8 rounds: 8 fast, 6 medium, 4 exhaustive):
 66 deleted vars, 12 deleted constraints, 0 added constraints, 0 tightened bounds, 0 added holes, 9 changed sides, 37 changed coefficients
 0 implications, 195 cliques
presolved problem has 434 variables (434 bin, 0 int, 0 impl, 0 cont) and 185 constraints
    185 constraints of type <setppc>
Presolving Time: 0.02

 time | node  | left  |LP iter|LP it/n|mem/heur|mdpt |vars |cons |rows |cuts |sepa|confs|strbr|  dualbound   | primalbound  |  gap   | compl. 
  0.1s|     1 |     0 |  1462 |     - |  5502k |   0 | 434 | 185 | 185 |   0 |  0 |   0 |   0 | 7.635371e+03 |      --      |    Inf | unknown
d 0.1s|     1 |     0 |  1462 |     - |distribu|   0 | 434 | 185 | 185 |   0 |  1 |   0 |   0 | 7.635371e+03 | 3.044689e+03 | 150.78%| unknown
d 0.1s|     1 |     0 |  1579 |     - |distribu|   0 | 434 | 185 | 185 |   0 |  1 |   0 |   0 | 7.635371e+03 | 3.403104e+03 | 124.36%| unknown
d 0.1s|     1 |     0 |  1648 |     - |distribu|   0 | 434 | 185 | 185 |   0 |  1 |   0 |   0 | 7.635371e+03 | 4.199245e+03 |  81.83%| unknown
d 0.1s|     1 |     0 |  1730 |     - |distribu|   0 | 434 | 185 | 185 |   0 |  1 |   0 |   0 | 7.635371e+03 | 5.396213e+03 |  41.49%| unknown
d 0.1s|     1 |     0 |  1749 |     - |distribu|   0 | 434 | 185 | 185 |   0 |  1 |   0 |   0 | 7.635371e+03 | 5.540205e+03 |  37.82%| unknown
d 0.1s|     1 |     0 |  1751 |     - |distribu|   0 | 434 | 185 | 185 |   0 |  1 |   0 |   0 | 7.635371e+03 | 6.466280e+03 |  18.08%| unknown
  0.1s|     1 |     0 |  1751 |     - |  5645k |   0 | 434 | 185 | 185 |   0 |  1 |   0 |   0 | 7.635371e+03 | 6.466280e+03 |  18.08%| unknown
  0.3s|     1 |     2 |  1751 |     - |  5886k |   0 | 434 | 185 | 185 |   0 |  2 |   0 |  34 | 7.598367e+03 | 6.466280e+03 |  17.51%| unknown

SCIP Status        : solving was interrupted [node limit reached]
Solving Time (sec) : 0.32
Solving Nodes      : 1
Primal Bound       : +6.46627982704136e+03 (50 solutions)
Dual Bound         : +7.59836740793963e+03
Gap                : 17.51 %
