presolving:
   (0.0s) running MILP presolver
   (0.0s) MILP presolver (2 rounds): 0 aggregations, 14 fixings, 0 bound changes
(round 1, medium)     14 del vars, 0 del conss, 0 add conss, 0 chg bounds, 0 chg sides, 0 chg coeffs, 0 upgd conss, 0 impls, 193 clqs
(round 2, exhaustive) 14 del vars, 5 del conss, 0 add conss, 0 chg bounds, 5 chg sides, 0 chg coeffs, 0 upgd conss, 0 impls, 193 clqs
(round 3, exhaustive) 14 del vars, 5 del conss, 0 add conss, 0 chg bounds, 5 chg sides, 0 chg coeffs, 188 upgd conss, 0 impls, 193 clqs
(round 4, medium)     54 del vars, 5 del conss, 0 add conss, 0 chg bounds, 5 chg sides, 40 chg coeffs, 188 upgd conss, 0 impls, 193 clqs
(round 5, fast)       72 del vars, 5 del conss, 0 add conss, 0 chg bounds, 5 chg sides, 40 chg coeffs, 188 upgd conss, 0 impls, 192 clqs
(round 6, exhaustive) 72 del vars, 8 del conss, 0 add conss, 0 chg bounds, 5 chg sides, 40 chg coeffs, 188 upgd conss, 0 impls, 192 clqs
   (0.0s) probing: 51/428 (11.9%) - 0 fixings, 0 aggregations, 0 implications, 0 bound changes
   (0.0s) probing aborted: 50/50 successive totally useless probings
   (0.0s) symmetry computation started: requiring (bin +, int +, cont +), (fixed: bin -, int -, cont -)
   (0.0s) no symmetry present (symcode time: 0.00)
presolving (7 rounds: 7 fast, 6 medium, 4 exhaustive):
 72 deleted vars, 8 deleted constraints, 0 added constraints, 0 tightened bounds, 0 added holes, 5 changed sides, 40 changed coefficients
 0 implications, 192 cliques
presolved problem has 428 variables (428 bin, 0 int, 0 impl, 0 cont) and 185 constraints
    185 constraints of type <setppc>
Presolving Time: 0.02

 time | node  | left  |LP iter|LP it/n|mem/heur|mdpt |vars |cons |rows |cuts |sepa|confs|strbr|  dualbound   | primalbound  |  gap   | compl. 
  0.1s|     1 |     0 |  1632 |     - |  5438k |   0 | 428 | 185 | 185 |   0 |  0 |   0 |   0 | 8.032048e+03 |      --      |    Inf | unknown
d 0.1s|     1 |     0 |  1632 |     - |distribu|   0 | 428 | 185 | 185 |   0 |  1 |   0 |   0 | 8.032048e+03 | 3.138535e+03 | 155.92%| unknown
d 0.1s|     1 |     0 |  1657 |     - |distribu|   0 | 428 | 185 | 185 |   0 |  1 |   0 |   0 | 8.032048e+03 | 3.442440e+03 | 133.32%| unknown
d 0.1s|     1 |     0 |  1773 |     - |distribu|   0 | 428 | 185 | 185 |   0 |  1 |   0 |   0 | 8.032048e+03 | 3.826742e+03 | 109.89%| unknown
d 0.1s|     1 |     0 |  1846 |     - |distribu|   0 | 428 | 185 | 185 |   0 |  1 |   0 |   0 | 8.032048e+03 | 4.101599e+03 |  95.83%| unknown
d 0.1s|     1 |     0 |  1902 |     - |distribu|   0 | 428 | 185 | 185 |   0 |  1 |   0 |   0 | 8.032048e+03 | 7.421764e+03 |   8.22%| unknown
  0.1s|     1 |     0 |  1902 |     - |  5528k |   0 | 428 | 185 | 185 |   0 |  1 |   0 |   0 | 8.032048e+03 | 7.421764e+03 |   8.22%| unknown
  0.3s|     1 |     2 |  1902 |     - |  5686k |   0 | 428 | 185 | 185 |   0 |  2 |   0 |  24 | 7.999798e+03 | 7.421764e+03 |   7.79%| unknown

SCIP Status        : solving was interrupted [node limit reached]
Solving Time (sec) : 0.32
Solving Nodes      : 1
Primal Bound       : +7.42176363191761e+03 (30 solutions)
Dual Bound         : +7.99979794714723e+03
Gap                : 7.79 %
