presolving:
   (0.0s) running MILP presolver
   (0.0s) MILP presolver (2 rounds): 0 aggregations, 25 fixings, 0 bound changes
(round 1, medium)     25 del vars, 0 del conss, 0 add conss, 0 chg bounds, 0 chg sides, 0 chg coeffs, 0 upgd conss, 0 impls, 191 clqs
(round 2, fast)       25 del vars, 1 del conss, 0 add conss, 0 chg bounds, 0 chg sides, 0 chg coeffs, 0 upgd conss, 0 impls, 191 clqs
(round 3, exhaustive) 25 del vars, 5 del conss, 0 add conss, 0 chg bounds, 4 chg sides, 0 chg coeffs, 0 upgd conss, 0 impls, 191 clqs
(round 4, exhaustive) 25 del vars, 5 del conss, 0 add conss, 0 chg bounds, 4 chg sides, 0 chg coeffs, 187 upgd conss, 0 impls, 191 clqs
(round 5, medium)     69 del vars, 5 del conss, 0 add conss, 0 chg bounds, 4 chg sides, 44 chg coeffs, 187 upgd conss, 0 impls, 191 clqs
(round 6, fast)       99 del vars, 7 del conss, 0 add conss, 0 chg bounds, 4 chg sides, 44 chg coeffs, 187 upgd conss, 0 impls, 188 clqs
   (0.0s) running MILP presolver
   (0.0s) MILP presolver (2 rounds): 0 aggregations, 2 fixings, 0 bound changes
(round 7, medium)     101 del vars, 7 del conss, 0 add conss, 0 chg bounds, 4 chg sides, 44 chg coeffs, 187 upgd conss, 0 impls, 188 clqs
(round 8, exhaustive) 101 del vars, 11 del conss, 0 add conss, 0 chg bounds, 4 chg sides, 44 chg coeffs, 187 upgd conss, 0 impls, 188 clqs
   (0.0s) probing: 51/399 (12.8%) - 0 fixings, 0 aggregations, 0 implications, 0 bound changes
   (0.0s) probing aborted: 50/50 successive totally useless probings
   (0.0s) symmetry computation started: requiring (bin +, int +, cont +), (fixed: bin -, int -, cont -)
   (0.0s) no symmetry present (symcode time: 0.00)
presolving (9 rounds: 9 fast, 7 medium, 4 exhaustive):
 101 deleted vars, 11 deleted constraints, 0 added constraints, 0 tightened bounds, 0 added holes, 4 changed sides, 44 changed coefficients
 0 implications, 188 cliques
presolved problem has 399 variables (399 bin, 0 int, 0 impl, 0 cont) and 181 constraints
    181 constraints of type <setppc>
Presolving Time: 0.04

 time | node  | left  |LP iter|LP it/n|mem/heur|mdpt |vars |cons |rows |cuts |sepa|confs|strbr|  dualbound   | primalbound  |  gap   | compl. 
  0.1s|     1 |     0 |  1346 |     - |  5204k |   0 | 399 | 181 | 181 |   0 |  0 |   0 |   0 | 8.038235e+03 |      --      |    Inf | unknown
d 0.1s|     1 |     0 |  1346 |     - |distribu|   0 | 399 | 181 | 181 |   0 |  1 |   0 |   0 | 8.038235e+03 | 3.808043e+03 | 111.09%| unknown
d 0.1s|     1 |     0 |  1437 |     - |distribu|   0 | 399 | 181 | 181 |   0 |  1 |   0 |   0 | 8.038235e+03 | 4.292849e+03 |  87.25%| unknown
d 0.1s|     1 |     0 |  1523 |     - |distribu|   0 | 399 | 181 | 181 |   0 |  1 |   0 |   0 | 8.038235e+03 | 4.735929e+03 |  69.73%| unknown
d 0.1s|     1 |     0 |  1569 |     - |distribu|   0 | 399 | 181 | 181 |   0 |  1 |   0 |   0 | 8.038235e+03 | 5.519901e+03 |  45.62%| unknown
d 0.1s|     1 |     0 |  1576 |     - |distribu|   0 | 399 | 181 | 181 |   0 |  1 |   0 |   0 | 8.038235e+03 | 7.026044e+03 |  14.41%| unknown
d 0.1s|     1 |     0 |  1578 |     - |distribu|   0 | 399 | 181 | 181 |   0 |  1 |   0 |   0 | 8.038235e+03 | 7.216144e+03 |  11.39%| unknown
  0.1s|     1 |     0 |  1578 |     - |  5312k |   0 | 399 | 181 | 181 |   0 |  1 |   0 |   0 | 8.038235e+03 | 7.216144e+03 |  11.39%| unknown
  0.2s|     1 |     2 |  1578 |     - |  5423k |   0 | 399 | 181 | 181 |   0 |  2 |   0 |  23 | 7.987530e+03 | 7.216144e+03 |  10.69%| unknown

SCIP Status        : solving was interrupted [node limit reached]
Solving Time (sec) : 0.23
Solving Nodes      : 1
Primal Bound       : +7.21614363827683e+03 (29 solutions)
Dual Bound         : +7.98752981651767e+03
Gap                : 10.69 %
