presolving:
   (0.0s) running MILP presolver
   (0.0s) MILP presolver (2 rounds): 0 aggregations, 14 fixings, 0 bound changes
(round 1, medium)     14 del vars, 0 del conss, 0 add conss, 0 chg bounds, 0 chg sides, 0 chg coeffs, 0 upgd conss, 0 impls, 190 clqs
(round 2, fast)       14 del vars, 1 del conss, 0 add conss, 0 chg bounds, 0 chg sides, 0 chg coeffs, 0 upgd conss, 0 impls, 190 clqs
(round 3, exhaustive) 14 del vars, 4 del conss, 0 add conss, 0 chg bounds, 3 chg sides, 0 chg coeffs, 0 upgd conss, 0 impls, 190 clqs
(round 4, exhaustive) 14 del vars, 4 del conss, 0 add conss, 0 chg bounds, 3 chg sides, 0 chg coeffs, 187 upgd conss, 0 impls, 190 clqs
(round 5, medium)     56 del vars, 4 del conss, 0 add conss, 0 chg bounds, 3 chg sides, 42 chg coeffs, 187 upgd conss, 0 impls, 190 clqs
(round 6, fast)       70 del vars, 4 del conss, 0 add conss, 0 chg bounds, 3 chg sides, 42 chg coeffs, 187 upgd conss, 0 impls, 189 clqs
(round 7, exhaustive) 70 del vars, 8 del conss, 0 add conss, 0 chg bounds, 3 chg sides, 42 chg coeffs, 187 upgd conss, 0 impls, 189 clqs
   (0.0s) probing: 51/430 (11.9%) - 0 fixings, 0 aggregations, 0 implications, 0 bound changes
   (0.0s) probing aborted: 50/50 successive totally useless probings
   (0.0s) symmetry computation started: requiring (bin +, int +, cont +), (fixed: bin -, int -, cont -)
   (0.0s) no symmetry present (symcode time: 0.00)
presolving (8 rounds: 8 fast, 6 medium, 4 exhaustive):
 70 deleted vars, 8 deleted constraints, 0 added constraints, 0 tightened bounds, 0 added holes, 3 changed sides, 42 changed coefficients
 0 implications, 189 cliques
presolved problem has 430 variables (430 bin, 0 int, 0 impl, 0 cont) and 183 constraints
    183 constraints of type <setppc>
Presolving Time: 0.02

 time | node  | left  |LP iter|LP it/n|mem/heur|mdpt |vars |cons |rows |cuts |sepa|confs|strbr|  dualbound   | primalbound  |  gap   | compl. 
  0.1s|     1 |     0 |  1818 |     - |  5502k |   0 | 430 | 183 | 183 |   0 |  0 |   0 |   0 | 7.100688e+03 |      --      |    Inf | unknown
d 0.1s|     1 |     0 |  1818 |     - |distribu|   0 | 430 | 183 | 183 |   0 |  1 |   0 |   0 | 7.100688e+03 | 2.799630e+03 | 153.63%| unknown
d 0.1s|     1 |     0 |  1890 |     - |distribu|   0 | 430 | 183 | 183 |   0 |  1 |   0 |   0 | 7.100688e+03 | 3.327787e+03 | 113.38%| unknown
d 0.1s|     1 |     0 |  2088 |     - |distribu|   0 | 430 | 183 | 183 |   0 |  1 |   0 |   0 | 7.100688e+03 | 3.990825e+03 |  77.93%| unknown
d 0.1s|     1 |     0 |  2141 |     - |distribu|   0 | 430 | 183 | 183 |   0 |  1 |   0 |   0 | 7.100688e+03 | 6.418654e+03 |  10.63%| unknown
  0.1s|     1 |     0 |  2141 |     - |  5620k |   0 | 430 | 183 | 183 |   0 |  1 |   0 |   0 | 7.100688e+03 | 6.418654e+03 |  10.63%| unknown
  0.1s|     1 |     0 |  2141 |     - |  5620k |   0 | 430 | 183 | 183 |   0 |  1 |   0 |   0 | 7.100688e+03 | 6.418654e+03 |  10.63%| unknown
  0.3s|     1 |     2 |  2141 |     - |  5923k |   0 | 430 | 183 | 183 |   0 |  2 |   0 |  34 | 7.058878e+03 | 6.418654e+03 |   9.97%| unknown

SCIP Status        : solving was interrupted [node limit reached]
Solving Time (sec) : 0.28
Solving Nodes      : 1
Primal Bound       : +6.41865395796054e+03 (51 solutions)
Dual Bound         : +7.05887755701903e+03
Gap                : 9.97 %
