presolving:
   (0.0s) running MILP presolver
   (0.0s) MILP presolver (2 rounds): 0 aggregations, 16 fixings, 0 bound changes
(round 1, medium)     16 del vars, 0 del conss, 0 add conss, 0 chg bounds, 0 chg sides, 0 chg coeffs, 0 upgd conss, 0 impls, 193 clqs
(round 2, exhaustive) 16 del vars, 6 del conss, 0 add conss, 0 chg bounds, 6 chg sides, 0 chg coeffs, 0 upgd conss, 0 impls, 193 clqs
(round 3, exhaustive) 16 del vars, 6 del conss, 0 add conss, 0 chg bounds, 6 chg sides, 0 chg coeffs, 187 upgd conss, 0 impls, 193 clqs
(round 4, medium)     45 del vars, 6 del conss, 0 add conss, 0 chg bounds, 6 chg sides, 29 chg coeffs, 187 upgd conss, 0 impls, 193 clqs
(round 5, fast)       58 del vars, 6 del conss, 0 add conss, 0 chg bounds, 6 chg sides, 29 chg coeffs, 187 upgd conss, 0 impls, 192 clqs
(round 6, exhaustive) 58 del vars, 7 del conss, 0 add conss, 0 chg bounds, 6 chg sides, 29 chg coeffs, 187 upgd conss, 0 impls, 192 clqs
   (0.0s) probing: 51/442 (11.5%) - 0 fixings, 0 aggregations, 0 implications, 0 bound changes
   (0.0s) probing aborted: 50/50 successive totally useless probings
   (0.0s) symmetry computation started: requiring (bin +, int +, cont +), (fixed: bin -, int -, cont -)
   (0.0s) no symmetry present (symcode time: 0.00)
presolving (7 rounds: 7 fast, 6 medium, 4 exhaustive):
 58 deleted vars, 7 deleted constraints, 0 added constraints, 0 tightened bounds, 0 added holes, 6 changed sides, 29 changed coefficients
 0 implications, 192 cliques
presolved problem has 442 variables (442 bin, 0 int, 0 impl, 0 cont) and 186 constraints
    186 constraints of type <setppc>
Presolving Time: 0.02

 time | node  | left  |LP iter|LP it/n|mem/heur|mdpt |vars |cons |rows |cuts |sepa|confs|strbr|  dualbound   | primalbound  |  gap   | compl. 
  0.1s|     1 |     0 |  1880 |     - |  5501k |   0 | 442 | 186 | 186 |   0 |  0 |   0 |   0 | 7.629414e+03 |      --      |    Inf | unknown
d 0.1s|     1 |     0 |  1880 |     - |distribu|   0 | 442 | 186 | 186 |   0 |  1 |   0 |   0 | 7.629414e+03 | 2.610193e+03 | 192.29%| unknown
d 0.1s|     1 |     0 |  1924 |     - |distribu|   0 | 442 | 186 | 186 |   0 |  1 |   0 |   0 | 7.629414e+03 | 2.687580e+03 | 183.88%| unknown
d 0.1s|     1 |     0 |  2030 |     - |distribu|   0 | 442 | 186 | 186 |   0 |  1 |   0 |   0 | 7.629414e+03 | 3.079555e+03 | 147.74%| unknown
d 0.1s|     1 |     0 |  2110 |     - |distribu|   0 | 442 | 186 | 186 |   0 |  1 |   0 |   0 | 7.629414e+03 | 3.477484e+03 | 119.39%| unknown
d 0.1s|     1 |     0 |  2173 |     - |distribu|   0 | 442 | 186 | 186 |   0 |  1 |   0 |   0 | 7.629414e+03 | 3.663814e+03 | 108.24%| unknown
d 0.1s|     1 |     0 |  2224 |     - |distribu|   0 | 442 | 186 | 186 |   0 |  1 |   0 |   0 | 7.629414e+03 | 5.091915e+03 |  49.83%| unknown
d 0.1s|     1 |     0 |  2271 |     - |distribu|   0 | 442 | 186 | 186 |   0 |  1 |   0 |   0 | 7.629414e+03 | 6.425439e+03 |  18.74%| unknown
  0.1s|     1 |     0 |  2271 |     - |  5711k |   0 | 442 | 186 | 186 |   0 |  1 |   0 |   0 | 7.629414e+03 | 6.425439e+03 |  18.74%| unknown
  0.3s|     1 |     2 |  2271 |     - |  5866k |   0 | 442 | 186 | 186 |   0 |  2 |   0 |  36 | 7.596254e+03 | 6.425439e+03 |  18.22%| unknown

SCIP Status        : solving was interrupted [node limit reached]
Solving Time (sec) : 0.27
Solving Nodes      : 1
Primal Bound       : +6.42543890662382e+03 (45 solutions)
Dual Bound         : +7.59625366682277e+03
Gap                : 18.22 %
