presolving:
(round 1, fast)       1 del vars, 2 del conss, 0 add conss, 0 chg bounds, 0 chg sides, 0 chg coeffs, 0 upgd conss, 0 impls, 186 clqs
(round 2, fast)       2 del vars, 2 del conss, 0 add conss, 0 chg bounds, 0 chg sides, 0 chg coeffs, 0 upgd conss, 0 impls, 186 clqs
   (0.0s) running MILP presolver
   (0.0s) MILP presolver (2 rounds): 0 aggregations, 20 fixings, 0 bound changes
(round 3, medium)     22 del vars, 2 del conss, 0 add conss, 0 chg bounds, 0 chg sides, 0 chg coeffs, 0 upgd conss, 0 impls, 186 clqs
(round 4, fast)       24 del vars, 4 del conss, 0 add conss, 0 chg bounds, 0 chg sides, 0 chg coeffs, 0 upgd conss, 0 impls, 184 clqs
(round 5, exhaustive) 24 del vars, 8 del conss, 0 add conss, 0 chg bounds, 4 chg sides, 0 chg coeffs, 0 upgd conss, 0 impls, 184 clqs
(round 6, exhaustive) 24 del vars, 8 del conss, 0 add conss, 0 chg bounds, 4 chg sides, 0 chg coeffs, 180 upgd conss, 0 impls, 184 clqs
(round 7, medium)     69 del vars, 8 del conss, 0 add conss, 0 chg bounds, 4 chg sides, 45 chg coeffs, 180 upgd conss, 0 impls, 184 clqs
(round 8, fast)       115 del vars, 10 del conss, 0 add conss, 0 chg bounds, 4 chg sides, 45 chg coeffs, 180 upgd conss, 0 impls, 179 clqs
   (0.0s) running MILP presolver
   (0.0s) MILP presolver (2 rounds): 0 aggregations, 1 fixings, 0 bound changes
(round 9, medium)     116 del vars, 10 del conss, 0 add conss, 0 chg bounds, 4 chg sides, 45 chg coeffs, 180 upgd conss, 0 impls, 179 clqs
(round 10, exhaustive) 116 del vars, 17 del conss, 0 add conss, 0 chg bounds, 4 chg sides, 45 chg coeffs, 180 upgd conss, 0 impls, 179 clqs
(round 11, exhaustive) 117 del vars, 17 del conss, 0 add conss, 0 chg bounds, 4 chg sides, 45 chg coeffs, 180 upgd conss, 0 impls, 178 clqs
   (0.0s) probing: 51/383 (13.3%) - 0 fixings, 0 aggregations, 0 implications, 0 bound changes
   (0.0s) probing aborted: 50/50 successive totally useless probings
   (0.0s) symmetry computation started: requiring (bin +, int +, cont +), (fixed: bin -, int -, cont -)
   (0.0s) no symmetry present (symcode time: 0.00)
presolving (12 rounds: 12 fast, 8 medium, 5 exhaustive):
 117 deleted vars, 17 deleted constraints, 0 added constraints, 0 tightened bounds, 0 added holes, 4 changed sides, 45 changed coefficients
 0 implications, 178 cliques
presolved problem has 383 variables (383 bin, 0 int, 0 impl, 0 cont) and 171 constraints
    171 constraints of type <setppc>
Presolving Time: 0.02

 time | node  | left  |LP iter|LP it/n|mem/heur|mdpt |vars |cons |rows |cuts |sepa|confs|strbr|  dualbound   | primalbound  |  gap   | compl. 
  0.1s|     1 |     0 |   923 |     - |  4969k |   0 | 383 | 171 | 171 |   0 |  0 |   0 |   0 | 7.714794e+03 |      --      |    Inf | unknown
d 0.1s|     1 |     0 |   923 |     - |distribu|   0 | 383 | 171 | 171 |   0 |  1 |   0 |   0 | 7.714794e+03 | 3.820895e+03 | 101.91%| unknown
d 0.1s|     1 |     0 |  1013 |     - |distribu|   0 | 383 | 171 | 171 |   0 |  1 |   0 |   0 | 7.714794e+03 | 3.821949e+03 | 101.85%| unknown
d 0.1s|     1 |     0 |  1110 |     - |distribu|   0 | 383 | 171 | 171 |   0 |  1 |   0 |   0 | 7.714794e+03 | 4.177252e+03 |  84.69%| unknown
d 0.1s|     1 |     0 |  1169 |     - |distribu|   0 | 383 | 171 | 171 |   0 |  1 |   0 |   0 | 7.714794e+03 | 4.595477e+03 |  67.88%| unknown
d 0.1s|     1 |     0 |  1223 |     - |distribu|   0 | 383 | 171 | 171 |   0 |  1 |   0 |   0 | 7.714794e+03 | 4.704154e+03 |  64.00%| unknown
d 0.1s|     1 |     0 |  1267 |     - |distribu|   0 | 383 | 171 | 171 |   0 |  1 |   0 |   0 | 7.714794e+03 | 4.759049e+03 |  62.11%| unknown
d 0.1s|     1 |     0 |  1300 |     - |distribu|   0 | 383 | 171 | 171 |   0 |  1 |   0 |   0 | 7.714794e+03 | 5.036039e+03 |  53.19%| unknown
d 0.1s|     1 |     0 |  1322 |     - |distribu|   0 | 383 | 171 | 171 |   0 |  1 |   0 |   0 | 7.714794e+03 | 5.675435e+03 |  35.93%| unknown
d 0.1s|     1 |     0 |  1337 |     - |distribu|   0 | 383 | 171 | 171 |   0 |  1 |   0 |   0 | 7.714794e+03 | 6.727708e+03 |  14.67%| unknown
  0.1s|     1 |     0 |  1337 |     - |  5115k |   0 | 383 | 171 | 171 |   0 |  1 |   0 |   0 | 7.714794e+03 | 6.727708e+03 |  14.67%| unknown
  0.1s|     1 |     2 |  1337 |     - |  5294k |   0 | 383 | 171 | 171 |   0 |  2 |   0 |  21 | 7.692788e+03 | 6.727708e+03 |  14.34%| unknown

SCIP Status        : solving was interrupted [node limit reached]
Solving Time (sec) : 0.13
Solving Nodes      : 1
Primal Bound       : +6.72770773366795e+03 (34 solutions)
Dual Bound         : +7.69278755779179e+03
Gap                : 14.34 %
