presolving:
   (0.0s) running MILP presolver
   (0.0s) MILP presolver (2 rounds): 0 aggregations, 16 fixings, 0 bound changes
(round 1, medium)     16 del vars, 0 del conss, 0 add conss, 0 chg bounds, 0 chg sides, 0 chg coeffs, 0 upgd conss, 0 impls, 191 clqs
(round 2, fast)       16 del vars, 1 del conss, 0 add conss, 0 chg bounds, 0 chg sides, 0 chg coeffs, 0 upgd conss, 0 impls, 191 clqs
(round 3, exhaustive) 16 del vars, 3 del conss, 0 add conss, 0 chg bounds, 2 chg sides, 0 chg coeffs, 0 upgd conss, 0 impls, 191 clqs
(round 4, exhaustive) 16 del vars, 3 del conss, 0 add conss, 0 chg bounds, 2 chg sides, 0 chg coeffs, 189 upgd conss, 0 impls, 191 clqs
(round 5, medium)     53 del vars, 3 del conss, 0 add conss, 0 chg bounds, 2 chg sides, 37 chg coeffs, 189 upgd conss, 0 impls, 191 clqs
(round 6, fast)       63 del vars, 4 del conss, 0 add conss, 0 chg bounds, 2 chg sides, 37 chg coeffs, 189 upgd conss, 0 impls, 190 clqs
(round 7, exhaustive) 63 del vars, 7 del conss, 0 add conss, 0 chg bounds, 2 chg sides, 37 chg coeffs, 189 upgd conss, 0 impls, 190 clqs
(round 8, medium)     64 del vars, 7 del conss, 0 add conss, 0 chg bounds, 2 chg sides, 38 chg coeffs, 189 upgd conss, 0 impls, 189 clqs
   (0.0s) probing: 51/436 (11.7%) - 0 fixings, 0 aggregations, 0 implications, 0 bound changes
   (0.0s) probing aborted: 50/50 successive totally useless probings
   (0.0s) symmetry computation started: requiring (bin +, int +, cont +), (fixed: bin -, int -, cont -)
   (0.0s) no symmetry present (symcode time: 0.00)
presolving (9 rounds: 9 fast, 7 medium, 4 exhaustive):
 64 deleted vars, 7 deleted constraints, 0 added constraints, 0 tightened bounds, 0 added holes, 2 changed sides, 38 changed coefficients
 0 implications, 189 cliques
presolved problem has 436 variables (436 bin, 0 int, 0 impl, 0 cont) and 185 constraints
    185 constraints of type <setppc>
Presolving Time: 0.02

 time | node  | left  |LP iter|LP it/n|mem/heur|mdpt |vars |cons |rows |cuts |sepa|confs|strbr|  dualbound   | primalbound  |  gap   | compl. 
  0.2s|     1 |     0 |  1660 |     - |  5256k |   0 | 436 | 185 | 185 |   0 |  0 |   0 |   0 | 7.246664e+03 |      --      |    Inf | unknown
d 0.2s|     1 |     0 |  1660 |     - |distribu|   0 | 436 | 185 | 185 |   0 |  1 |   0 |   0 | 7.246664e+03 | 2.669870e+03 | 171.42%| unknown
d 0.2s|     1 |     0 |  1736 |     - |distribu|   0 | 436 | 185 | 185 |   0 |  1 |   0 |   0 | 7.246664e+03 | 3.193545e+03 | 126.92%| unknown
d 0.2s|     1 |     0 |  1814 |     - |distribu|   0 | 436 | 185 | 185 |   0 |  1 |   0 |   0 | 7.246664e+03 | 4.023372e+03 |  80.11%| unknown
d 0.2s|     1 |     0 |  1936 |     - |distribu|   0 | 436 | 185 | 185 |   0 |  1 |   0 |   0 | 7.246664e+03 | 4.626414e+03 |  56.64%| unknown
d 0.2s|     1 |     0 |  1953 |     - |distribu|   0 | 436 | 185 | 185 |   0 |  1 |   0 |   0 | 7.246664e+03 | 5.565004e+03 |  30.22%| unknown
d 0.2s|     1 |     0 |  1957 |     - |distribu|   0 | 436 | 185 | 185 |   0 |  1 |   0 |   0 | 7.246664e+03 | 6.444765e+03 |  12.44%| unknown
  0.2s|     1 |     0 |  1957 |     - |  5420k |   0 | 436 | 185 | 185 |   0 |  1 |   0 |   0 | 7.246664e+03 | 6.444765e+03 |  12.44%| unknown
  0.5s|     1 |     2 |  1957 |     - |  5557k |   0 | 436 | 185 | 185 |   0 |  2 |   0 |  29 | 7.211347e+03 | 6.444765e+03 |  11.89%| unknown

SCIP Status        : solving was interrupted [node limit reached]
Solving Time (sec) : 0.51
Solving Nodes      : 1
Primal Bound       : +6.44476479787888e+03 (37 solutions)
Dual Bound         : +7.21134691605528e+03
Gap                : 11.89 %
