presolving:
(round 1, fast)       0 del vars, 1 del conss, 0 add conss, 0 chg bounds, 0 chg sides, 0 chg coeffs, 0 upgd conss, 0 impls, 193 clqs
   (0.0s) running MILP presolver
   (0.0s) MILP presolver (2 rounds): 0 aggregations, 9 fixings, 0 bound changes
(round 2, medium)     9 del vars, 1 del conss, 0 add conss, 0 chg bounds, 0 chg sides, 0 chg coeffs, 0 upgd conss, 0 impls, 193 clqs
(round 3, exhaustive) 9 del vars, 3 del conss, 0 add conss, 0 chg bounds, 2 chg sides, 0 chg coeffs, 0 upgd conss, 0 impls, 193 clqs
(round 4, exhaustive) 9 del vars, 3 del conss, 0 add conss, 0 chg bounds, 2 chg sides, 0 chg coeffs, 191 upgd conss, 0 impls, 193 clqs
(round 5, medium)     38 del vars, 3 del conss, 0 add conss, 0 chg bounds, 2 chg sides, 29 chg coeffs, 191 upgd conss, 0 impls, 193 clqs
(round 6, fast)       44 del vars, 3 del conss, 0 add conss, 0 chg bounds, 2 chg sides, 29 chg coeffs, 191 upgd conss, 0 impls, 193 clqs
(round 7, exhaustive) 44 del vars, 4 del conss, 0 add conss, 0 chg bounds, 2 chg sides, 29 chg coeffs, 191 upgd conss, 0 impls, 193 clqs
   (0.0s) probing: 51/456 (11.2%) - 0 fixings, 0 aggregations, 0 implications, 0 bound changes
   (0.0s) probing aborted: 50/50 successive totally useless probings
   (0.0s) symmetry computation started: requiring (bin +, int +, cont +), (fixed: bin -, int -, cont -)
   (0.0s) no symmetry present (symcode time: 0.00)
presolving (8 rounds: 8 fast, 6 medium, 4 exhaustive):
 44 deleted vars, 4 deleted constraints, 0 added constraints, 0 tightened bounds, 0 added holes, 2 changed sides, 29 changed coefficients
 0 implications, 193 cliques
presolved problem has 456 variables (456 bin, 0 int, 0 impl, 0 cont) and 190 constraints
    190 constraints of type <setppc>
Presolving Time: 0.02

 time | node  | left  |LP iter|LP it/n|mem/heur|mdpt |vars |cons |rows |cuts |sepa|confs|strbr|  dualbound   | primalbound  |  gap   | compl. 
  0.2s|     1 |     0 |  2135 |     - |  5468k |   0 | 456 | 190 | 190 |   0 |  0 |   0 |   0 | 7.749977e+03 |      --      |    Inf | unknown
d 0.2s|     1 |     0 |  2135 |     - |distribu|   0 | 456 | 190 | 190 |   0 |  1 |   0 |   0 | 7.749977e+03 | 2.358123e+03 | 228.65%| unknown
d 0.2s|     1 |     0 |  2225 |     - |distribu|   0 | 456 | 190 | 190 |   0 |  1 |   0 |   0 | 7.749977e+03 | 2.594566e+03 | 198.70%| unknown
d 0.2s|     1 |     0 |  2358 |     - |distribu|   0 | 456 | 190 | 190 |   0 |  1 |   0 |   0 | 7.749977e+03 | 3.895163e+03 |  98.96%| unknown
d 0.2s|     1 |     0 |  2401 |     - |distribu|   0 | 456 | 190 | 190 |   0 |  1 |   0 |   0 | 7.749977e+03 | 4.086756e+03 |  89.64%| unknown
d 0.2s|     1 |     0 |  2474 |     - |distribu|   0 | 456 | 190 | 190 |   0 |  1 |   0 |   0 | 7.749977e+03 | 4.570281e+03 |  69.57%| unknown
d 0.2s|     1 |     0 |  2527 |     - |distribu|   0 | 456 | 190 | 190 |   0 |  1 |   0 |   0 | 7.749977e+03 | 5.310507e+03 |  45.94%| unknown
d 0.2s|     1 |     0 |  2567 |     - |distribu|   0 | 456 | 190 | 190 |   0 |  1 |   0 |   0 | 7.749977e+03 | 5.416240e+03 |  43.09%| unknown
d 0.2s|     1 |     0 |  2592 |     - |distribu|   0 | 456 | 190 | 190 |   0 |  1 |   0 |   0 | 7.749977e+03 | 6.649126e+03 |  16.56%| unknown
  0.2s|     1 |     0 |  2592 |     - |  5640k |   0 | 456 | 190 | 190 |   0 |  1 |   0 |   0 | 7.749977e+03 | 6.649126e+03 |  16.56%| unknown
  0.4s|     1 |     2 |  2592 |     - |  5782k |   0 | 456 | 190 | 190 |   0 |  2 |   0 |  27 | 7.714739e+03 | 6.649126e+03 |  16.03%| unknown

SCIP Status        : solving was interrupted [node limit reached]
Solving Time (sec) : 0.37
Solving Nodes      : 1
Primal Bound       : +6.64912610771099e+03 (36 solutions)
Dual Bound         : +7.71473904249378e+03
Gap                : 16.03 %
