presolving:
   (0.0s) running MILP presolver
   (0.0s) MILP presolver (2 rounds): 0 aggregations, 10 fixings, 0 bound changes
(round 1, medium)     10 del vars, 0 del conss, 0 add conss, 0 chg bounds, 0 chg sides, 0 chg coeffs, 0 upgd conss, 0 impls, 190 clqs
(round 2, fast)       10 del vars, 1 del conss, 0 add conss, 0 chg bounds, 0 chg sides, 0 chg coeffs, 0 upgd conss, 0 impls, 190 clqs
(round 3, exhaustive) 10 del vars, 2 del conss, 0 add conss, 0 chg bounds, 1 chg sides, 0 chg coeffs, 0 upgd conss, 0 impls, 190 clqs
(round 4, exhaustive) 10 del vars, 2 del conss, 0 add conss, 0 chg bounds, 1 chg sides, 0 chg coeffs, 189 upgd conss, 0 impls, 190 clqs
(round 5, medium)     38 del vars, 2 del conss, 0 add conss, 0 chg bounds, 1 chg sides, 28 chg coeffs, 189 upgd conss, 0 impls, 190 clqs
(round 6, fast)       45 del vars, 2 del conss, 0 add conss, 0 chg bounds, 1 chg sides, 28 chg coeffs, 189 upgd conss, 0 impls, 190 clqs
(round 7, exhaustive) 45 del vars, 5 del conss, 0 add conss, 0 chg bounds, 1 chg sides, 28 chg coeffs, 189 upgd conss, 0 impls, 190 clqs
   (0.0s) probing: 51/455 (11.2%) - 0 fixings, 0 aggregations, 0 implications, 0 bound changes
   (0.0s) probing aborted: 50/50 successive totally useless probings
   (0.0s) symmetry computation started: requiring (bin +, int +, cont +), (fixed: bin -, int -, cont -)
   (0.0s) no symmetry present (symcode time: 0.00)
presolving (8 rounds: 8 fast, 6 medium, 4 exhaustive):
 45 deleted vars, 5 deleted constraints, 0 added constraints, 0 tightened bounds, 0 added holes, 1 changed sides, 28 changed coefficients
 0 implications, 190 cliques
presolved problem has 455 variables (455 bin, 0 int, 0 impl, 0 cont) and 186 constraints
    186 constraints of type <setppc>
Presolving Time: 0.02

 time | node  | left  |LP iter|LP it/n|mem/heur|mdpt |vars |cons |rows |cuts |sepa|confs|strbr|  dualbound   | primalbound  |  gap   | compl. 
  0.1s|     1 |     0 |  2362 |     - |  5520k |   0 | 455 | 186 | 186 |   0 |  0 |   0 |   0 | 7.993449e+03 |      --      |    Inf | unknown
d 0.1s|     1 |     0 |  2362 |     - |distribu|   0 | 455 | 186 | 186 |   0 |  1 |   0 |   0 | 7.993449e+03 | 2.236242e+03 | 257.45%| unknown
d 0.1s|     1 |     0 |  2408 |     - |distribu|   0 | 455 | 186 | 186 |   0 |  1 |   0 |   0 | 7.993449e+03 | 2.407932e+03 | 231.96%| unknown
d 0.1s|     1 |     0 |  2558 |     - |distribu|   0 | 455 | 186 | 186 |   0 |  1 |   0 |   0 | 7.993449e+03 | 2.716088e+03 | 194.30%| unknown
d 0.1s|     1 |     0 |  2705 |     - |distribu|   0 | 455 | 186 | 186 |   0 |  1 |   0 |   0 | 7.993449e+03 | 3.612109e+03 | 121.30%| unknown
d 0.1s|     1 |     0 |  2766 |     - |distribu|   0 | 455 | 186 | 186 |   0 |  1 |   0 |   0 | 7.993449e+03 | 5.499116e+03 |  45.36%| unknown
d 0.1s|     1 |     0 |  2784 |     - |distribu|   0 | 455 | 186 | 186 |   0 |  1 |   0 |   0 | 7.993449e+03 | 6.139654e+03 |  30.19%| unknown
d 0.1s|     1 |     0 |  2787 |     - |distribu|   0 | 455 | 186 | 186 |   0 |  1 |   0 |   0 | 7.993449e+03 | 6.889798e+03 |  16.02%| unknown
  0.1s|     1 |     0 |  2787 |     - |  5625k |   0 | 455 | 186 | 186 |   0 |  1 |   0 |   0 | 7.993449e+03 | 6.889798e+03 |  16.02%| unknown
  0.4s|     1 |     2 |  2787 |     - |  5813k |   0 | 455 | 186 | 186 |   0 |  2 |   0 |  40 | 7.930922e+03 | 6.889798e+03 |  15.11%| unknown

SCIP Status        : solving was interrupted [node limit reached]
Solving Time (sec) : 0.44
Solving Nodes      : 1
Primal Bound       : +6.88979792092744e+03 (47 solutions)
Dual Bound         : +7.93092245111910e+03
Gap                : 15.11 %
