presolving:
(round 1, fast)       1 del vars, 3 del conss, 0 add conss, 0 chg bounds, 0 chg sides, 0 chg coeffs, 0 upgd conss, 0 impls, 192 clqs
   (0.0s) running MILP presolver
   (0.0s) MILP presolver (2 rounds): 0 aggregations, 11 fixings, 0 bound changes
(round 2, medium)     12 del vars, 3 del conss, 0 add conss, 0 chg bounds, 0 chg sides, 0 chg coeffs, 0 upgd conss, 0 impls, 192 clqs
(round 3, exhaustive) 12 del vars, 7 del conss, 0 add conss, 0 chg bounds, 4 chg sides, 0 chg coeffs, 0 upgd conss, 0 impls, 192 clqs
(round 4, exhaustive) 12 del vars, 7 del conss, 0 add conss, 0 chg bounds, 4 chg sides, 0 chg coeffs, 188 upgd conss, 0 impls, 192 clqs
(round 5, medium)     46 del vars, 7 del conss, 0 add conss, 0 chg bounds, 4 chg sides, 34 chg coeffs, 188 upgd conss, 0 impls, 192 clqs
(round 6, fast)       60 del vars, 9 del conss, 0 add conss, 0 chg bounds, 4 chg sides, 34 chg coeffs, 188 upgd conss, 0 impls, 190 clqs
(round 7, exhaustive) 60 del vars, 13 del conss, 0 add conss, 0 chg bounds, 4 chg sides, 34 chg coeffs, 188 upgd conss, 0 impls, 190 clqs
(round 8, exhaustive) 61 del vars, 13 del conss, 0 add conss, 0 chg bounds, 4 chg sides, 34 chg coeffs, 188 upgd conss, 0 impls, 189 clqs
   (0.0s) probing: 51/439 (11.6%) - 0 fixings, 0 aggregations, 0 implications, 0 bound changes
   (0.0s) probing aborted: 50/50 successive totally useless probings
   (0.0s) symmetry computation started: requiring (bin +, int +, cont +), (fixed: bin -, int -, cont -)
   (0.0s) no symmetry present (symcode time: 0.00)
presolving (9 rounds: 9 fast, 7 medium, 5 exhaustive):
 61 deleted vars, 13 deleted constraints, 0 added constraints, 0 tightened bounds, 0 added holes, 4 changed sides, 34 changed coefficients
 0 implications, 189 cliques
presolved problem has 439 variables (439 bin, 0 int, 0 impl, 0 cont) and 182 constraints
    182 constraints of type <setppc>
Presolving Time: 0.03

 time | node  | left  |LP iter|LP it/n|mem/heur|mdpt |vars |cons |rows |cuts |sepa|confs|strbr|  dualbound   | primalbound  |  gap   | compl. 
  0.1s|     1 |     0 |   985 |     - |  5430k |   0 | 439 | 182 | 182 |   0 |  0 |   0 |   0 | 7.469479e+03 |      --      |    Inf | unknown
d 0.1s|     1 |     0 |   985 |     - |distribu|   0 | 439 | 182 | 182 |   0 |  1 |   0 |   0 | 7.469479e+03 | 3.648691e+03 | 104.72%| unknown
d 0.1s|     1 |     0 |  1110 |     - |distribu|   0 | 439 | 182 | 182 |   0 |  1 |   0 |   0 | 7.469479e+03 | 4.076837e+03 |  83.22%| unknown
d 0.1s|     1 |     0 |  1242 |     - |distribu|   0 | 439 | 182 | 182 |   0 |  1 |   0 |   0 | 7.469479e+03 | 6.704893e+03 |  11.40%| unknown
  0.1s|     1 |     0 |  1242 |     - |  5537k |   0 | 439 | 182 | 182 |   0 |  1 |   0 |   0 | 7.469479e+03 | 6.704893e+03 |  11.40%| unknown
  0.2s|     1 |     2 |  1242 |     - |  5782k |   0 | 439 | 182 | 182 |   0 |  2 |   0 |  28 | 7.431543e+03 | 6.704893e+03 |  10.84%| unknown

SCIP Status        : solving was interrupted [node limit reached]
Solving Time (sec) : 0.21
Solving Nodes      : 1
Primal Bound       : +6.70489342050473e+03 (43 solutions)
Dual Bound         : +7.43154348003621e+03
Gap                : 10.84 %
