presolving:
(round 1, fast)       1 del vars, 2 del conss, 0 add conss, 0 chg bounds, 0 chg sides, 0 chg coeffs, 0 upgd conss, 0 impls, 192 clqs
(round 2, fast)       2 del vars, 2 del conss, 0 add conss, 0 chg bounds, 0 chg sides, 0 chg coeffs, 0 upgd conss, 0 impls, 192 clqs
   (0.0s) running MILP presolver
   (0.0s) MILP presolver (2 rounds): 0 aggregations, 14 fixings, 0 bound changes
(round 3, medium)     16 del vars, 2 del conss, 0 add conss, 0 chg bounds, 0 chg sides, 0 chg coeffs, 0 upgd conss, 0 impls, 192 clqs
(round 4, exhaustive) 16 del vars, 3 del conss, 0 add conss, 0 chg bounds, 1 chg sides, 0 chg coeffs, 0 upgd conss, 0 impls, 192 clqs
(round 5, exhaustive) 16 del vars, 3 del conss, 0 add conss, 0 chg bounds, 1 chg sides, 0 chg coeffs, 191 upgd conss, 0 impls, 192 clqs
(round 6, medium)     51 del vars, 3 del conss, 0 add conss, 0 chg bounds, 1 chg sides, 35 chg coeffs, 191 upgd conss, 0 impls, 192 clqs
(round 7, fast)       58 del vars, 5 del conss, 0 add conss, 0 chg bounds, 1 chg sides, 35 chg coeffs, 191 upgd conss, 0 impls, 190 clqs
(round 8, exhaustive) 58 del vars, 8 del conss, 0 add conss, 0 chg bounds, 1 chg sides, 35 chg coeffs, 191 upgd conss, 0 impls, 190 clqs
   (0.0s) probing: 51/442 (11.5%) - 0 fixings, 0 aggregations, 0 implications, 0 bound changes
   (0.0s) probing aborted: 50/50 successive totally useless probings
   (0.0s) symmetry computation started: requiring (bin +, int +, cont +), (fixed: bin -, int -, cont -)
   (0.0s) no symmetry present (symcode time: 0.00)
presolving (9 rounds: 9 fast, 6 medium, 4 exhaustive):
 58 deleted vars, 8 deleted constraints, 0 added constraints, 0 tightened bounds, 0 added holes, 1 changed sides, 35 changed coefficients
 0 implications, 190 cliques
presolved problem has 442 variables (442 bin, 0 int, 0 impl, 0 cont) and 186 constraints
    186 constraints of type <setppc>
Presolving Time: 0.02

 time | node  | left  |LP iter|LP it/n|mem/heur|mdpt |vars |cons |rows |cuts |sepa|confs|strbr|  dualbound   | primalbound  |  gap   | compl. 
  0.1s|     1 |     0 |  1303 |     - |  5423k |   0 | 442 | 186 | 186 |   0 |  0 |   0 |   0 | 7.947110e+03 |      --      |    Inf | unknown
d 0.1s|     1 |     0 |  1303 |     - |distribu|   0 | 442 | 186 | 186 |   0 |  1 |   0 |   0 | 7.947110e+03 | 2.936927e+03 | 170.59%| unknown
d 0.1s|     1 |     0 |  1369 |     - |distribu|   0 | 442 | 186 | 186 |   0 |  1 |   0 |   0 | 7.947110e+03 | 3.152535e+03 | 152.09%| unknown
d 0.1s|     1 |     0 |  1436 |     - |distribu|   0 | 442 | 186 | 186 |   0 |  1 |   0 |   0 | 7.947110e+03 | 3.595131e+03 | 121.05%| unknown
d 0.1s|     1 |     0 |  1476 |     - |distribu|   0 | 442 | 186 | 186 |   0 |  1 |   0 |   0 | 7.947110e+03 | 4.680634e+03 |  69.79%| unknown
d 0.1s|     1 |     0 |  1561 |     - |distribu|   0 | 442 | 186 | 186 |   0 |  1 |   0 |   0 | 7.947110e+03 | 5.115704e+03 |  55.35%| unknown
d 0.1s|     1 |     0 |  1628 |     - |distribu|   0 | 442 | 186 | 186 |   0 |  1 |   0 |   0 | 7.947110e+03 | 5.566214e+03 |  42.77%| unknown
d 0.1s|     1 |     0 |  1633 |     - |distribu|   0 | 442 | 186 | 186 |   0 |  1 |   0 |   0 | 7.947110e+03 | 7.217919e+03 |  10.10%| unknown
  0.1s|     1 |     0 |  1633 |     - |  5584k |   0 | 442 | 186 | 186 |   0 |  1 |   0 |   0 | 7.947110e+03 | 7.217919e+03 |  10.10%| unknown
  0.2s|     1 |     2 |  1633 |     - |  5787k |   0 | 442 | 186 | 186 |   0 |  2 |   0 |  28 | 7.928420e+03 | 7.217919e+03 |   9.84%| unknown

SCIP Status        : solving was interrupted [node limit reached]
Solving Time (sec) : 0.20
Solving Nodes      : 1
Primal Bound       : +7.21791937379766e+03 (42 solutions)
Dual Bound         : +7.92841957398084e+03
Gap                : 9.84 %
