presolving:
(round 1, fast)       0 del vars, 1 del conss, 0 add conss, 0 chg bounds, 0 chg sides, 0 chg coeffs, 0 upgd conss, 0 impls, 189 clqs
(round 2, fast)       1 del vars, 1 del conss, 0 add conss, 0 chg bounds, 0 chg sides, 0 chg coeffs, 0 upgd conss, 0 impls, 189 clqs
   (0.0s) running MILP presolver
   (0.0s) MILP presolver (2 rounds): 0 aggregations, 21 fixings, 0 bound changes
(round 3, medium)     22 del vars, 1 del conss, 0 add conss, 0 chg bounds, 0 chg sides, 0 chg coeffs, 0 upgd conss, 0 impls, 189 clqs
(round 4, exhaustive) 22 del vars, 7 del conss, 0 add conss, 0 chg bounds, 6 chg sides, 0 chg coeffs, 0 upgd conss, 0 impls, 189 clqs
(round 5, exhaustive) 22 del vars, 7 del conss, 0 add conss, 0 chg bounds, 6 chg sides, 0 chg coeffs, 183 upgd conss, 0 impls, 189 clqs
(round 6, medium)     56 del vars, 7 del conss, 0 add conss, 0 chg bounds, 6 chg sides, 34 chg coeffs, 183 upgd conss, 0 impls, 189 clqs
(round 7, fast)       60 del vars, 7 del conss, 0 add conss, 0 chg bounds, 6 chg sides, 34 chg coeffs, 183 upgd conss, 0 impls, 189 clqs
(round 8, exhaustive) 60 del vars, 8 del conss, 0 add conss, 0 chg bounds, 6 chg sides, 34 chg coeffs, 183 upgd conss, 0 impls, 189 clqs
   (0.0s) probing: 51/440 (11.6%) - 0 fixings, 0 aggregations, 0 implications, 0 bound changes
   (0.0s) probing aborted: 50/50 successive totally useless probings
   (0.0s) symmetry computation started: requiring (bin +, int +, cont +), (fixed: bin -, int -, cont -)
   (0.0s) no symmetry present (symcode time: 0.00)
presolving (9 rounds: 9 fast, 6 medium, 4 exhaustive):
 60 deleted vars, 8 deleted constraints, 0 added constraints, 0 tightened bounds, 0 added holes, 6 changed sides, 34 changed coefficients
 0 implications, 189 cliques
presolved problem has 440 variables (440 bin, 0 int, 0 impl, 0 cont) and 182 constraints
    182 constraints of type <setppc>
Presolving Time: 0.03

 time | node  | left  |LP iter|LP it/n|mem/heur|mdpt |vars |cons |rows |cuts |sepa|confs|strbr|  dualbound   | primalbound  |  gap   | compl. 
  0.2s|     1 |     0 |  1664 |     - |  5505k |   0 | 440 | 182 | 182 |   0 |  0 |   0 |   0 | 7.592311e+03 |      --      |    Inf | unknown
d 0.2s|     1 |     0 |  1664 |     - |distribu|   0 | 440 | 182 | 182 |   0 |  1 |   0 |   0 | 7.592311e+03 | 2.420292e+03 | 213.69%| unknown
d 0.2s|     1 |     0 |  1744 |     - |distribu|   0 | 440 | 182 | 182 |   0 |  1 |   0 |   0 | 7.592311e+03 | 2.504365e+03 | 203.16%| unknown
d 0.2s|     1 |     0 |  1819 |     - |distribu|   0 | 440 | 182 | 182 |   0 |  1 |   0 |   0 | 7.592311e+03 | 2.898956e+03 | 161.90%| unknown
d 0.2s|     1 |     0 |  1924 |     - |distribu|   0 | 440 | 182 | 182 |   0 |  1 |   0 |   0 | 7.592311e+03 | 4.323857e+03 |  75.59%| unknown
d 0.2s|     1 |     0 |  1949 |     - |distribu|   0 | 440 | 182 | 182 |   0 |  1 |   0 |   0 | 7.592311e+03 | 4.678737e+03 |  62.27%| unknown
d 0.2s|     1 |     0 |  1984 |     - |distribu|   0 | 440 | 182 | 182 |   0 |  1 |   0 |   0 | 7.592311e+03 | 6.098799e+03 |  24.49%| unknown
d 0.2s|     1 |     0 |  1991 |     - |distribu|   0 | 440 | 182 | 182 |   0 |  1 |   0 |   0 | 7.592311e+03 | 6.513647e+03 |  16.56%| unknown
d 0.2s|     1 |     0 |  1993 |     - |distribu|   0 | 440 | 182 | 182 |   0 |  1 |   0 |   0 | 7.592311e+03 | 6.659288e+03 |  14.01%| unknown
  0.2s|     1 |     0 |  1993 |     - |  5653k |   0 | 440 | 182 | 182 |   0 |  1 |   0 |   0 | 7.592311e+03 | 6.659288e+03 |  14.01%| unknown
  0.5s|     1 |     2 |  1993 |     - |  5834k |   0 | 440 | 182 | 182 |   0 |  2 |   0 |  41 | 7.546676e+03 | 6.659288e+03 |  13.33%| unknown

SCIP Status        : solving was interrupted [node limit reached]
Solving Time (sec) : 0.46
Solving Nodes      : 1
Primal Bound       : +6.65928791676863e+03 (50 solutions)
Dual Bound         : +7.54667591677521e+03
Gap                : 13.33 %
