presolving:
(round 1, fast)       1 del vars, 1 del conss, 0 add conss, 0 chg bounds, 0 chg sides, 0 chg coeffs, 0 upgd conss, 0 impls, 190 clqs
   (0.0s) running MILP presolver
   (0.0s) MILP presolver (2 rounds): 0 aggregations, 23 fixings, 0 bound changes
(round 2, medium)     24 del vars, 1 del conss, 0 add conss, 0 chg bounds, 0 chg sides, 0 chg coeffs, 0 upgd conss, 0 impls, 190 clqs
(round 3, exhaustive) 24 del vars, 6 del conss, 0 add conss, 0 chg bounds, 5 chg sides, 0 chg coeffs, 0 upgd conss, 0 impls, 190 clqs
(round 4, exhaustive) 24 del vars, 6 del conss, 0 add conss, 0 chg bounds, 5 chg sides, 0 chg coeffs, 185 upgd conss, 0 impls, 190 clqs
(round 5, medium)     65 del vars, 6 del conss, 0 add conss, 0 chg bounds, 5 chg sides, 41 chg coeffs, 185 upgd conss, 0 impls, 190 clqs
(round 6, fast)       86 del vars, 7 del conss, 0 add conss, 0 chg bounds, 5 chg sides, 41 chg coeffs, 185 upgd conss, 0 impls, 188 clqs
(round 7, exhaustive) 86 del vars, 12 del conss, 0 add conss, 0 chg bounds, 5 chg sides, 41 chg coeffs, 185 upgd conss, 0 impls, 188 clqs
(round 8, exhaustive) 87 del vars, 12 del conss, 0 add conss, 0 chg bounds, 5 chg sides, 41 chg coeffs, 185 upgd conss, 0 impls, 187 clqs
   (0.0s) probing: 51/413 (12.3%) - 0 fixings, 0 aggregations, 0 implications, 0 bound changes
   (0.0s) probing aborted: 50/50 successive totally useless probings
   (0.0s) symmetry computation started: requiring (bin +, int +, cont +), (fixed: bin -, int -, cont -)
   (0.0s) no symmetry present (symcode time: 0.00)
presolving (9 rounds: 9 fast, 7 medium, 5 exhaustive):
 87 deleted vars, 12 deleted constraints, 0 added constraints, 0 tightened bounds, 0 added holes, 5 changed sides, 41 changed coefficients
 0 implications, 187 cliques
presolved problem has 413 variables (413 bin, 0 int, 0 impl, 0 cont) and 179 constraints
    179 constraints of type <setppc>
Presolving Time: 0.02

 time | node  | left  |LP iter|LP it/n|mem/heur|mdpt |vars |cons |rows |cuts |sepa|confs|strbr|  dualbound   | primalbound  |  gap   | compl. 
  0.1s|     1 |     0 |  1572 |     - |  5011k |   0 | 413 | 179 | 179 |   0 |  0 |   0 |   0 | 7.761283e+03 |      --      |    Inf | unknown
d 0.1s|     1 |     0 |  1572 |     - |distribu|   0 | 413 | 179 | 179 |   0 |  1 |   0 |   0 | 7.761283e+03 | 3.037910e+03 | 155.48%| unknown
d 0.1s|     1 |     0 |  1665 |     - |distribu|   0 | 413 | 179 | 179 |   0 |  1 |   0 |   0 | 7.761283e+03 | 3.300455e+03 | 135.16%| unknown
d 0.1s|     1 |     0 |  1810 |     - |distribu|   0 | 413 | 179 | 179 |   0 |  1 |   0 |   0 | 7.761283e+03 | 3.792921e+03 | 104.63%| unknown
d 0.1s|     1 |     0 |  1882 |     - |distribu|   0 | 413 | 179 | 179 |   0 |  1 |   0 |   0 | 7.761283e+03 | 4.082847e+03 |  90.09%| unknown
d 0.1s|     1 |     0 |  1935 |     - |distribu|   0 | 413 | 179 | 179 |   0 |  1 |   0 |   0 | 7.761283e+03 | 4.724178e+03 |  64.29%| unknown
d 0.1s|     1 |     0 |  1970 |     - |distribu|   0 | 413 | 179 | 179 |   0 |  1 |   0 |   0 | 7.761283e+03 | 4.937393e+03 |  57.19%| unknown
d 0.1s|     1 |     0 |  1985 |     - |distribu|   0 | 413 | 179 | 179 |   0 |  1 |   0 |   0 | 7.761283e+03 | 5.926141e+03 |  30.97%| unknown
d 0.1s|     1 |     0 |  1986 |     - |distribu|   0 | 413 | 179 | 179 |   0 |  1 |   0 |   0 | 7.761283e+03 | 6.246403e+03 |  24.25%| unknown
  0.1s|     1 |     0 |  1986 |     - |  5153k |   0 | 413 | 179 | 179 |   0 |  1 |   0 |   0 | 7.761283e+03 | 6.246403e+03 |  24.25%| unknown
  0.2s|     1 |     2 |  1986 |     - |  5483k |   0 | 413 | 179 | 179 |   0 |  2 |   0 |  19 | 7.720978e+03 | 6.246403e+03 |  23.61%| unknown

SCIP Status        : solving was interrupted [node limit reached]
Solving Time (sec) : 0.18
Solving Nodes      : 1
Primal Bound       : +6.24640250135529e+03 (31 solutions)
Dual Bound         : +7.72097788482837e+03
Gap                : 23.61 %
