presolving:
(round 1, fast)       2 del vars, 2 del conss, 0 add conss, 0 chg bounds, 0 chg sides, 0 chg coeffs, 0 upgd conss, 0 impls, 190 clqs
   (0.0s) running MILP presolver
   (0.0s) MILP presolver (2 rounds): 0 aggregations, 12 fixings, 0 bound changes
(round 2, medium)     14 del vars, 2 del conss, 0 add conss, 0 chg bounds, 0 chg sides, 0 chg coeffs, 0 upgd conss, 0 impls, 190 clqs
(round 3, exhaustive) 14 del vars, 8 del conss, 0 add conss, 0 chg bounds, 6 chg sides, 0 chg coeffs, 0 upgd conss, 0 impls, 190 clqs
(round 4, exhaustive) 14 del vars, 8 del conss, 0 add conss, 0 chg bounds, 6 chg sides, 0 chg coeffs, 184 upgd conss, 0 impls, 190 clqs
(round 5, medium)     46 del vars, 8 del conss, 0 add conss, 0 chg bounds, 6 chg sides, 32 chg coeffs, 184 upgd conss, 0 impls, 190 clqs
(round 6, fast)       61 del vars, 8 del conss, 0 add conss, 0 chg bounds, 6 chg sides, 32 chg coeffs, 184 upgd conss, 0 impls, 189 clqs
(round 7, exhaustive) 61 del vars, 13 del conss, 0 add conss, 0 chg bounds, 6 chg sides, 32 chg coeffs, 184 upgd conss, 0 impls, 189 clqs
   (0.0s) probing: 51/439 (11.6%) - 0 fixings, 0 aggregations, 0 implications, 0 bound changes
   (0.0s) probing aborted: 50/50 successive totally useless probings
   (0.0s) symmetry computation started: requiring (bin +, int +, cont +), (fixed: bin -, int -, cont -)
   (0.0s) no symmetry present (symcode time: 0.00)
presolving (8 rounds: 8 fast, 6 medium, 4 exhaustive):
 61 deleted vars, 13 deleted constraints, 0 added constraints, 0 tightened bounds, 0 added holes, 6 changed sides, 32 changed coefficients
 0 implications, 189 cliques
presolved problem has 439 variables (439 bin, 0 int, 0 impl, 0 cont) and 179 constraints
    179 constraints of type <setppc>
Presolving Time: 0.02

 time | node  | left  |LP iter|LP it/n|mem/heur|mdpt |vars |cons |rows |cuts |sepa|confs|strbr|  dualbound   | primalbound  |  gap   | compl. 
  0.1s|     1 |     0 |  1839 |     - |  5591k |   0 | 439 | 179 | 179 |   0 |  0 |   0 |   0 | 8.158575e+03 |      --      |    Inf | unknown
d 0.1s|     1 |     0 |  1839 |     - |distribu|   0 | 439 | 179 | 179 |   0 |  1 |   0 |   0 | 8.158575e+03 | 2.907289e+03 | 180.62%| unknown
d 0.1s|     1 |     0 |  1987 |     - |distribu|   0 | 439 | 179 | 179 |   0 |  1 |   0 |   0 | 8.158575e+03 | 3.166128e+03 | 157.68%| unknown
d 0.1s|     1 |     0 |  2062 |     - |distribu|   0 | 439 | 179 | 179 |   0 |  1 |   0 |   0 | 8.158575e+03 | 3.468173e+03 | 135.24%| unknown
d 0.1s|     1 |     0 |  2136 |     - |distribu|   0 | 439 | 179 | 179 |   0 |  1 |   0 |   0 | 8.158575e+03 | 3.869708e+03 | 110.83%| unknown
d 0.1s|     1 |     0 |  2216 |     - |distribu|   0 | 439 | 179 | 179 |   0 |  1 |   0 |   0 | 8.158575e+03 | 4.442717e+03 |  83.64%| unknown
d 0.1s|     1 |     0 |  2250 |     - |distribu|   0 | 439 | 179 | 179 |   0 |  1 |   0 |   0 | 8.158575e+03 | 4.599426e+03 |  77.38%| unknown
d 0.1s|     1 |     0 |  2290 |     - |distribu|   0 | 439 | 179 | 179 |   0 |  1 |   0 |   0 | 8.158575e+03 | 5.038904e+03 |  61.91%| unknown
d 0.1s|     1 |     0 |  2307 |     - |distribu|   0 | 439 | 179 | 179 |   0 |  1 |   0 |   0 | 8.158575e+03 | 5.503917e+03 |  48.23%| unknown
d 0.1s|     1 |     0 |  2311 |     - |distribu|   0 | 439 | 179 | 179 |   0 |  1 |   0 |   0 | 8.158575e+03 | 6.231896e+03 |  30.92%| unknown
d 0.1s|     1 |     0 |  2315 |     - |distribu|   0 | 439 | 179 | 179 |   0 |  1 |   0 |   0 | 8.158575e+03 | 6.391074e+03 |  27.66%| unknown
  0.1s|     1 |     0 |  2315 |     - |  5734k |   0 | 439 | 179 | 179 |   0 |  1 |   0 |   0 | 8.158575e+03 | 6.391074e+03 |  27.66%| unknown
  0.3s|     1 |     2 |  2315 |     - |  5875k |   0 | 439 | 179 | 179 |   0 |  2 |   0 |  34 | 8.119539e+03 | 6.391074e+03 |  27.04%| unknown

SCIP Status        : solving was interrupted [node limit reached]
Solving Time (sec) : 0.34
Solving Nodes      : 1
Primal Bound       : +6.39107436233307e+03 (45 solutions)
Dual Bound         : +8.11953946339373e+03
Gap                : 27.04 %
