presolving:
(round 1, fast)       1 del vars, 1 del conss, 0 add conss, 0 chg bounds, 0 chg sides, 0 chg coeffs, 0 upgd conss, 0 impls, 187 clqs
   (0.0s) running MILP presolver
   (0.0s) MILP presolver (2 rounds): 0 aggregations, 20 fixings, 0 bound changes
(round 2, medium)     21 del vars, 1 del conss, 0 add conss, 0 chg bounds, 0 chg sides, 0 chg coeffs, 0 upgd conss, 0 impls, 187 clqs
(round 3, exhaustive) 21 del vars, 2 del conss, 0 add conss, 0 chg bounds, 1 chg sides, 0 chg coeffs, 0 upgd conss, 0 impls, 187 clqs
(round 4, exhaustive) 21 del vars, 2 del conss, 0 add conss, 0 chg bounds, 1 chg sides, 0 chg coeffs, 186 upgd conss, 0 impls, 187 clqs
(round 5, medium)     58 del vars, 2 del conss, 0 add conss, 0 chg bounds, 1 chg sides, 37 chg coeffs, 186 upgd conss, 0 impls, 187 clqs
(round 6, fast)       68 del vars, 2 del conss, 0 add conss, 0 chg bounds, 1 chg sides, 37 chg coeffs, 186 upgd conss, 0 impls, 187 clqs
(round 7, exhaustive) 68 del vars, 5 del conss, 0 add conss, 0 chg bounds, 1 chg sides, 37 chg coeffs, 186 upgd conss, 0 impls, 187 clqs
   (0.0s) probing: 51/432 (11.8%) - 0 fixings, 0 aggregations, 0 implications, 0 bound changes
   (0.0s) probing aborted: 50/50 successive totally useless probings
   (0.0s) symmetry computation started: requiring (bin +, int +, cont +), (fixed: bin -, int -, cont -)
   (0.0s) no symmetry present (symcode time: 0.00)
presolving (8 rounds: 8 fast, 6 medium, 4 exhaustive):
 68 deleted vars, 5 deleted constraints, 0 added constraints, 0 tightened bounds, 0 added holes, 1 changed sides, 37 changed coefficients
 0 implications, 187 cliques
presolved problem has 432 variables (432 bin, 0 int, 0 impl, 0 cont) and 183 constraints
    183 constraints of type <setppc>
Presolving Time: 0.02

 time | node  | left  |LP iter|LP it/n|mem/heur|mdpt |vars |cons |rows |cuts |sepa|confs|strbr|  dualbound   | primalbound  |  gap   | compl. 
  0.1s|     1 |     0 |  1566 |     - |  5618k |   0 | 432 | 183 | 183 |   0 |  0 |   0 |   0 | 7.958112e+03 |      --      |    Inf | unknown
d 0.1s|     1 |     0 |  1566 |     - |distribu|   0 | 432 | 183 | 183 |   0 |  1 |   0 |   0 | 7.958112e+03 | 2.989626e+03 | 166.19%| unknown
d 0.1s|     1 |     0 |  1729 |     - |distribu|   0 | 432 | 183 | 183 |   0 |  1 |   0 |   0 | 7.958112e+03 | 3.153776e+03 | 152.34%| unknown
d 0.1s|     1 |     0 |  1793 |     - |distribu|   0 | 432 | 183 | 183 |   0 |  1 |   0 |   0 | 7.958112e+03 | 3.402500e+03 | 133.89%| unknown
d 0.1s|     1 |     0 |  1878 |     - |distribu|   0 | 432 | 183 | 183 |   0 |  1 |   0 |   0 | 7.958112e+03 | 3.871055e+03 | 105.58%| unknown
d 0.1s|     1 |     0 |  1996 |     - |distribu|   0 | 432 | 183 | 183 |   0 |  1 |   0 |   0 | 7.958112e+03 | 7.093726e+03 |  12.19%| unknown
  0.1s|     1 |     0 |  1996 |     - |  5700k |   0 | 432 | 183 | 183 |   0 |  1 |   0 |   0 | 7.958112e+03 | 7.093726e+03 |  12.19%| unknown
  0.3s|     1 |     2 |  1996 |     - |  5819k |   0 | 432 | 183 | 183 |   0 |  2 |   0 |  22 | 7.902352e+03 | 7.093726e+03 |  11.40%| unknown

SCIP Status        : solving was interrupted [node limit reached]
Solving Time (sec) : 0.27
Solving Nodes      : 1
Primal Bound       : +7.09372613906221e+03 (28 solutions)
Dual Bound         : +7.90235228575866e+03
Gap                : 11.40 %
