presolving:
(round 1, fast)       2 del vars, 2 del conss, 0 add conss, 0 chg bounds, 0 chg sides, 0 chg coeffs, 0 upgd conss, 0 impls, 188 clqs
   (0.0s) running MILP presolver
   (0.0s) MILP presolver (2 rounds): 0 aggregations, 13 fixings, 0 bound changes
(round 2, medium)     15 del vars, 2 del conss, 0 add conss, 0 chg bounds, 0 chg sides, 0 chg coeffs, 0 upgd conss, 0 impls, 187 clqs
(round 3, fast)       15 del vars, 3 del conss, 0 add conss, 0 chg bounds, 0 chg sides, 0 chg coeffs, 0 upgd conss, 0 impls, 187 clqs
(round 4, exhaustive) 15 del vars, 6 del conss, 0 add conss, 0 chg bounds, 3 chg sides, 0 chg coeffs, 0 upgd conss, 0 impls, 187 clqs
(round 5, exhaustive) 15 del vars, 6 del conss, 0 add conss, 0 chg bounds, 3 chg sides, 0 chg coeffs, 184 upgd conss, 0 impls, 187 clqs
(round 6, medium)     47 del vars, 6 del conss, 0 add conss, 0 chg bounds, 3 chg sides, 32 chg coeffs, 184 upgd conss, 0 impls, 187 clqs
(round 7, fast)       66 del vars, 7 del conss, 0 add conss, 0 chg bounds, 3 chg sides, 32 chg coeffs, 184 upgd conss, 0 impls, 186 clqs
(round 8, exhaustive) 66 del vars, 13 del conss, 0 add conss, 0 chg bounds, 3 chg sides, 32 chg coeffs, 184 upgd conss, 0 impls, 186 clqs
   (0.0s) probing: 51/434 (11.8%) - 0 fixings, 0 aggregations, 0 implications, 0 bound changes
   (0.0s) probing aborted: 50/50 successive totally useless probings
   (0.0s) symmetry computation started: requiring (bin +, int +, cont +), (fixed: bin -, int -, cont -)
   (0.0s) no symmetry present (symcode time: 0.00)
presolving (9 rounds: 9 fast, 6 medium, 4 exhaustive):
 66 deleted vars, 13 deleted constraints, 0 added constraints, 0 tightened bounds, 0 added holes, 3 changed sides, 32 changed coefficients
 0 implications, 186 cliques
presolved problem has 434 variables (434 bin, 0 int, 0 impl, 0 cont) and 177 constraints
    177 constraints of type <setppc>
Presolving Time: 0.02

 time | node  | left  |LP iter|LP it/n|mem/heur|mdpt |vars |cons |rows |cuts |sepa|confs|strbr|  dualbound   | primalbound  |  gap   | compl. 
  0.1s|     1 |     0 |  1674 |     - |  5430k |   0 | 434 | 177 | 177 |   0 |  0 |   0 |   0 | 7.714766e+03 |      --      |    Inf | unknown
d 0.1s|     1 |     0 |  1674 |     - |distribu|   0 | 434 | 177 | 177 |   0 |  1 |   0 |   0 | 7.714766e+03 | 2.830623e+03 | 172.55%| unknown
d 0.1s|     1 |     0 |  1738 |     - |distribu|   0 | 434 | 177 | 177 |   0 |  1 |   0 |   0 | 7.714766e+03 | 2.919234e+03 | 164.27%| unknown
d 0.1s|     1 |     0 |  1790 |     - |distribu|   0 | 434 | 177 | 177 |   0 |  1 |   0 |   0 | 7.714766e+03 | 3.091382e+03 | 149.56%| unknown
d 0.1s|     1 |     0 |  1900 |     - |distribu|   0 | 434 | 177 | 177 |   0 |  1 |   0 |   0 | 7.714766e+03 | 3.461743e+03 | 122.86%| unknown
d 0.1s|     1 |     0 |  1983 |     - |distribu|   0 | 434 | 177 | 177 |   0 |  1 |   0 |   0 | 7.714766e+03 | 4.119123e+03 |  87.29%| unknown
d 0.1s|     1 |     0 |  2055 |     - |distribu|   0 | 434 | 177 | 177 |   0 |  1 |   0 |   0 | 7.714766e+03 | 4.434266e+03 |  73.98%| unknown
d 0.1s|     1 |     0 |  2082 |     - |distribu|   0 | 434 | 177 | 177 |   0 |  1 |   0 |   0 | 7.714766e+03 | 6.702151e+03 |  15.11%| unknown
  0.1s|     1 |     0 |  2082 |     - |  5552k |   0 | 434 | 177 | 177 |   0 |  1 |   0 |   0 | 7.714766e+03 | 6.702151e+03 |  15.11%| unknown
  0.2s|     1 |     2 |  2082 |     - |  5795k |   0 | 434 | 177 | 177 |   0 |  2 |   0 |  32 | 7.681855e+03 | 6.702151e+03 |  14.62%| unknown

SCIP Status        : solving was interrupted [node limit reached]
Solving Time (sec) : 0.25
Solving Nodes      : 1
Primal Bound       : +6.70215140100916e+03 (41 solutions)
Dual Bound         : +7.68185514168950e+03
Gap                : 14.62 %
