presolving:
(round 1, fast)       1 del vars, 1 del conss, 0 add conss, 0 chg bounds, 0 chg sides, 0 chg coeffs, 0 upgd conss, 0 impls, 190 clqs
   (0.0s) running MILP presolver
   (0.0s) MILP presolver (2 rounds): 0 aggregations, 9 fixings, 0 bound changes
(round 2, medium)     10 del vars, 1 del conss, 0 add conss, 0 chg bounds, 0 chg sides, 0 chg coeffs, 0 upgd conss, 0 impls, 190 clqs
(round 3, exhaustive) 10 del vars, 6 del conss, 0 add conss, 0 chg bounds, 5 chg sides, 0 chg coeffs, 0 upgd conss, 0 impls, 190 clqs
(round 4, exhaustive) 10 del vars, 6 del conss, 0 add conss, 0 chg bounds, 5 chg sides, 0 chg coeffs, 185 upgd conss, 0 impls, 190 clqs
(round 5, medium)     44 del vars, 6 del conss, 0 add conss, 0 chg bounds, 5 chg sides, 34 chg coeffs, 185 upgd conss, 0 impls, 190 clqs
(round 6, fast)       54 del vars, 7 del conss, 0 add conss, 0 chg bounds, 5 chg sides, 34 chg coeffs, 185 upgd conss, 0 impls, 189 clqs
(round 7, exhaustive) 54 del vars, 9 del conss, 0 add conss, 0 chg bounds, 5 chg sides, 34 chg coeffs, 185 upgd conss, 0 impls, 189 clqs
   (0.0s) probing: 51/446 (11.4%) - 0 fixings, 0 aggregations, 0 implications, 0 bound changes
   (0.0s) probing aborted: 50/50 successive totally useless probings
   (0.0s) symmetry computation started: requiring (bin +, int +, cont +), (fixed: bin -, int -, cont -)
   (0.0s) no symmetry present (symcode time: 0.00)
presolving (8 rounds: 8 fast, 6 medium, 4 exhaustive):
 54 deleted vars, 9 deleted constraints, 0 added constraints, 0 tightened bounds, 0 added holes, 5 changed sides, 34 changed coefficients
 0 implications, 189 cliques
presolved problem has 446 variables (446 bin, 0 int, 0 impl, 0 cont) and 182 constraints
    182 constraints of type <setppc>
Presolving Time: 0.01

 time | node  | left  |LP iter|LP it/n|mem/heur|mdpt |vars |cons |rows |cuts |sepa|confs|strbr|  dualbound   | primalbound  |  gap   | compl. 
  0.1s|     1 |     0 |  1635 |     - |  5432k |   0 | 446 | 182 | 182 |   0 |  0 |   0 |   0 | 7.300521e+03 |      --      |    Inf | unknown
d 0.1s|     1 |     0 |  1635 |     - |distribu|   0 | 446 | 182 | 182 |   0 |  1 |   0 |   0 | 7.300521e+03 | 2.456273e+03 | 197.22%| unknown
d 0.1s|     1 |     0 |  1704 |     - |distribu|   0 | 446 | 182 | 182 |   0 |  1 |   0 |   0 | 7.300521e+03 | 2.930967e+03 | 149.08%| unknown
d 0.1s|     1 |     0 |  1809 |     - |distribu|   0 | 446 | 182 | 182 |   0 |  1 |   0 |   0 | 7.300521e+03 | 3.973238e+03 |  83.74%| unknown
d 0.1s|     1 |     0 |  1900 |     - |distribu|   0 | 446 | 182 | 182 |   0 |  1 |   0 |   0 | 7.300521e+03 | 4.214933e+03 |  73.21%| unknown
d 0.1s|     1 |     0 |  1971 |     - |distribu|   0 | 446 | 182 | 182 |   0 |  1 |   0 |   0 | 7.300521e+03 | 4.543849e+03 |  60.67%| unknown
d 0.1s|     1 |     0 |  1983 |     - |distribu|   0 | 446 | 182 | 182 |   0 |  1 |   0 |   0 | 7.300521e+03 | 5.910893e+03 |  23.51%| unknown
  0.1s|     1 |     0 |  1983 |     - |  5579k |   0 | 446 | 182 | 182 |   0 |  1 |   0 |   0 | 7.300521e+03 | 5.910893e+03 |  23.51%| unknown
  0.2s|     1 |     2 |  1983 |     - |  5638k |   0 | 446 | 182 | 182 |   0 |  2 |   0 |  19 | 7.253060e+03 | 5.910893e+03 |  22.71%| unknown

SCIP Status        : solving was interrupted [node limit reached]
Solving Time (sec) : 0.17
Solving Nodes      : 1
Primal Bound       : +5.91089340073431e+03 (26 solutions)
Dual Bound         : +7.25306023401415e+03
Gap                : 22.71 %
