presolving:
(round 1, fast)       1 del vars, 1 del conss, 0 add conss, 0 chg bounds, 0 chg sides, 0 chg coeffs, 0 upgd conss, 0 impls, 193 clqs
(round 2, fast)       2 del vars, 1 del conss, 0 add conss, 0 chg bounds, 0 chg sides, 0 chg coeffs, 0 upgd conss, 0 impls, 193 clqs
   (0.0s) running MILP presolver
   (0.0s) MILP presolver (2 rounds): 0 aggregations, 13 fixings, 0 bound changes
(round 3, medium)     15 del vars, 1 del conss, 0 add conss, 0 chg bounds, 0 chg sides, 0 chg coeffs, 0 upgd conss, 0 impls, 193 clqs
(round 4, exhaustive) 15 del vars, 5 del conss, 0 add conss, 0 chg bounds, 4 chg sides, 0 chg coeffs, 0 upgd conss, 0 impls, 193 clqs
(round 5, exhaustive) 15 del vars, 5 del conss, 0 add conss, 0 chg bounds, 4 chg sides, 0 chg coeffs, 189 upgd conss, 0 impls, 193 clqs
(round 6, medium)     44 del vars, 5 del conss, 0 add conss, 0 chg bounds, 4 chg sides, 29 chg coeffs, 189 upgd conss, 0 impls, 193 clqs
(round 7, fast)       55 del vars, 6 del conss, 0 add conss, 0 chg bounds, 4 chg sides, 29 chg coeffs, 189 upgd conss, 0 impls, 192 clqs
   (0.0s) probing: 51/445 (11.5%) - 0 fixings, 0 aggregations, 0 implications, 0 bound changes
   (0.0s) probing aborted: 50/50 successive totally useless probings
   (0.0s) symmetry computation started: requiring (bin +, int +, cont +), (fixed: bin -, int -, cont -)
   (0.0s) no symmetry present (symcode time: 0.00)
presolving (8 rounds: 8 fast, 5 medium, 3 exhaustive):
 55 deleted vars, 6 deleted constraints, 0 added constraints, 0 tightened bounds, 0 added holes, 4 changed sides, 29 changed coefficients
 0 implications, 192 cliques
presolved problem has 445 variables (445 bin, 0 int, 0 impl, 0 cont) and 188 constraints
    188 constraints of type <setppc>
Presolving Time: 0.03

 time | node  | left  |LP iter|LP it/n|mem/heur|mdpt |vars |cons |rows |cuts |sepa|confs|strbr|  dualbound   | primalbound  |  gap   | compl. 
  0.1s|     1 |     0 |  1183 |     - |  5597k |   0 | 445 | 188 | 188 |   0 |  0 |   0 |   0 | 7.543105e+03 |      --      |    Inf | unknown
d 0.1s|     1 |     0 |  1183 |     - |distribu|   0 | 445 | 188 | 188 |   0 |  1 |   0 |   0 | 7.543105e+03 | 2.215480e+03 | 240.47%| unknown
d 0.2s|     1 |     0 |  1292 |     - |distribu|   0 | 445 | 188 | 188 |   0 |  1 |   0 |   0 | 7.543105e+03 | 2.715642e+03 | 177.77%| unknown
d 0.2s|     1 |     0 |  1442 |     - |distribu|   0 | 445 | 188 | 188 |   0 |  1 |   0 |   0 | 7.543105e+03 | 3.502420e+03 | 115.37%| unknown
d 0.2s|     1 |     0 |  1610 |     - |distribu|   0 | 445 | 188 | 188 |   0 |  1 |   0 |   0 | 7.543105e+03 | 4.505835e+03 |  67.41%| unknown
d 0.2s|     1 |     0 |  1619 |     - |distribu|   0 | 445 | 188 | 188 |   0 |  1 |   0 |   0 | 7.543105e+03 | 5.455103e+03 |  38.28%| unknown
d 0.2s|     1 |     0 |  1624 |     - |distribu|   0 | 445 | 188 | 188 |   0 |  1 |   0 |   0 | 7.543105e+03 | 6.199490e+03 |  21.67%| unknown
  0.2s|     1 |     0 |  1624 |     - |  5717k |   0 | 445 | 188 | 188 |   0 |  1 |   0 |   0 | 7.543105e+03 | 6.199490e+03 |  21.67%| unknown
  0.4s|     1 |     2 |  1624 |     - |  5895k |   0 | 445 | 188 | 188 |   0 |  2 |   0 |  24 | 7.499862e+03 | 6.199490e+03 |  20.98%| unknown

SCIP Status        : solving was interrupted [node limit reached]
Solving Time (sec) : 0.44
Solving Nodes      : 1
Primal Bound       : +6.19948970089550e+03 (31 solutions)
Dual Bound         : +7.49986188984702e+03
Gap                : 20.98 %
