presolving:
   (0.0s) running MILP presolver
   (0.0s) MILP presolver (2 rounds): 0 aggregations, 26 fixings, 0 bound changes
(round 1, medium)     26 del vars, 0 del conss, 0 add conss, 0 chg bounds, 0 chg sides, 0 chg coeffs, 0 upgd conss, 0 impls, 189 clqs
(round 2, fast)       27 del vars, 2 del conss, 0 add conss, 0 chg bounds, 0 chg sides, 0 chg coeffs, 0 upgd conss, 0 impls, 188 clqs
(round 3, exhaustive) 27 del vars, 9 del conss, 0 add conss, 0 chg bounds, 7 chg sides, 0 chg coeffs, 0 upgd conss, 0 impls, 188 clqs
(round 4, exhaustive) 27 del vars, 9 del conss, 0 add conss, 0 chg bounds, 7 chg sides, 0 chg coeffs, 181 upgd conss, 0 impls, 188 clqs
(round 5, medium)     65 del vars, 9 del conss, 0 add conss, 0 chg bounds, 7 chg sides, 38 chg coeffs, 181 upgd conss, 0 impls, 188 clqs
(round 6, fast)       95 del vars, 15 del conss, 0 add conss, 0 chg bounds, 7 chg sides, 38 chg coeffs, 181 upgd conss, 0 impls, 182 clqs
(round 7, exhaustive) 95 del vars, 18 del conss, 0 add conss, 0 chg bounds, 7 chg sides, 38 chg coeffs, 181 upgd conss, 0 impls, 182 clqs
   (0.0s) probing: 51/405 (12.6%) - 0 fixings, 0 aggregations, 0 implications, 0 bound changes
   (0.0s) probing aborted: 50/50 successive totally useless probings
   (0.0s) symmetry computation started: requiring (bin +, int +, cont +), (fixed: bin -, int -, cont -)
   (0.0s) no symmetry present (symcode time: 0.00)
presolving (8 rounds: 8 fast, 6 medium, 4 exhaustive):
 95 deleted vars, 18 deleted constraints, 0 added constraints, 0 tightened bounds, 0 added holes, 7 changed sides, 38 changed coefficients
 0 implications, 182 cliques
presolved problem has 405 variables (405 bin, 0 int, 0 impl, 0 cont) and 172 constraints
    172 constraints of type <setppc>
Presolving Time: 0.03

 time | node  | left  |LP iter|LP it/n|mem/heur|mdpt |vars |cons |rows |cuts |sepa|confs|strbr|  dualbound   | primalbound  |  gap   | compl. 
  0.1s|     1 |     0 |  1310 |     - |  5349k |   0 | 405 | 172 | 172 |   0 |  0 |   0 |   0 | 7.984688e+03 |      --      |    Inf | unknown
d 0.1s|     1 |     0 |  1310 |     - |distribu|   0 | 405 | 172 | 172 |   0 |  1 |   0 |   0 | 7.984688e+03 | 3.696766e+03 | 115.99%| unknown
d 0.1s|     1 |     0 |  1368 |     - |distribu|   0 | 405 | 172 | 172 |   0 |  1 |   0 |   0 | 7.984688e+03 | 3.925653e+03 | 103.40%| unknown
d 0.1s|     1 |     0 |  1433 |     - |distribu|   0 | 405 | 172 | 172 |   0 |  1 |   0 |   0 | 7.984688e+03 | 4.026800e+03 |  98.29%| unknown
d 0.1s|     1 |     0 |  1545 |     - |distribu|   0 | 405 | 172 | 172 |   0 |  1 |   0 |   0 | 7.984688e+03 | 4.246900e+03 |  88.01%| unknown
d 0.1s|     1 |     0 |  1578 |     - |distribu|   0 | 405 | 172 | 172 |   0 |  1 |   0 |   0 | 7.984688e+03 | 4.986592e+03 |  60.12%| unknown
d 0.1s|     1 |     0 |  1599 |     - |distribu|   0 | 405 | 172 | 172 |   0 |  1 |   0 |   0 | 7.984688e+03 | 5.192820e+03 |  53.76%| unknown
d 0.1s|     1 |     0 |  1621 |     - |distribu|   0 | 405 | 172 | 172 |   0 |  1 |   0 |   0 | 7.984688e+03 | 7.199329e+03 |  10.91%| unknown
  0.1s|     1 |     0 |  1621 |     - |  5467k |   0 | 405 | 172 | 172 |   0 |  1 |   0 |   0 | 7.984688e+03 | 7.199329e+03 |  10.91%| unknown
  0.5s|     1 |     2 |  1621 |     - |  5635k |   0 | 405 | 172 | 172 |   0 |  2 |   0 |  40 | 7.927966e+03 | 7.199329e+03 |  10.12%| unknown

SCIP Status        : solving was interrupted [node limit reached]
Solving Time (sec) : 0.49
Solving Nodes      : 1
Primal Bound       : +7.19932910176788e+03 (47 solutions)
Dual Bound         : +7.92796558061333e+03
Gap                : 10.12 %
