presolving:
   (0.0s) running MILP presolver
   (0.0s) MILP presolver (2 rounds): 0 aggregations, 15 fixings, 0 bound changes
(round 1, medium)     15 del vars, 0 del conss, 0 add conss, 0 chg bounds, 0 chg sides, 0 chg coeffs, 0 upgd conss, 0 impls, 195 clqs
(round 2, exhaustive) 15 del vars, 2 del conss, 0 add conss, 0 chg bounds, 2 chg sides, 0 chg coeffs, 0 upgd conss, 0 impls, 195 clqs
(round 3, exhaustive) 15 del vars, 2 del conss, 0 add conss, 0 chg bounds, 2 chg sides, 0 chg coeffs, 193 upgd conss, 0 impls, 195 clqs
(round 4, medium)     52 del vars, 2 del conss, 0 add conss, 0 chg bounds, 2 chg sides, 37 chg coeffs, 193 upgd conss, 0 impls, 195 clqs
(round 5, fast)       67 del vars, 4 del conss, 0 add conss, 0 chg bounds, 2 chg sides, 37 chg coeffs, 193 upgd conss, 0 impls, 193 clqs
(round 6, exhaustive) 67 del vars, 6 del conss, 0 add conss, 0 chg bounds, 2 chg sides, 37 chg coeffs, 193 upgd conss, 0 impls, 193 clqs
   (0.0s) probing: 51/433 (11.8%) - 0 fixings, 0 aggregations, 0 implications, 0 bound changes
   (0.0s) probing aborted: 50/50 successive totally useless probings
   (0.0s) symmetry computation started: requiring (bin +, int +, cont +), (fixed: bin -, int -, cont -)
   (0.0s) no symmetry present (symcode time: 0.00)
presolving (7 rounds: 7 fast, 6 medium, 4 exhaustive):
 67 deleted vars, 6 deleted constraints, 0 added constraints, 0 tightened bounds, 0 added holes, 2 changed sides, 37 changed coefficients
 0 implications, 193 cliques
presolved problem has 433 variables (433 bin, 0 int, 0 impl, 0 cont) and 189 constraints
    189 constraints of type <setppc>
Presolving Time: 0.01

 time | node  | left  |LP iter|LP it/n|mem/heur|mdpt |vars |cons |rows |cuts |sepa|confs|strbr|  dualbound   | primalbound  |  gap   | compl. 
  0.1s|     1 |     0 |  1353 |     - |  5294k |   0 | 433 | 189 | 189 |   0 |  0 |   0 |   0 | 7.634255e+03 |      --      |    Inf | unknown
d 0.1s|     1 |     0 |  1353 |     - |distribu|   0 | 433 | 189 | 189 |   0 |  1 |   0 |   0 | 7.634255e+03 | 2.613708e+03 | 192.09%| unknown
d 0.1s|     1 |     0 |  1424 |     - |distribu|   0 | 433 | 189 | 189 |   0 |  1 |   0 |   0 | 7.634255e+03 | 3.032773e+03 | 151.73%| unknown
d 0.1s|     1 |     0 |  1601 |     - |distribu|   0 | 433 | 189 | 189 |   0 |  1 |   0 |   0 | 7.634255e+03 | 3.646869e+03 | 109.34%| unknown
d 0.1s|     1 |     0 |  1670 |     - |distribu|   0 | 433 | 189 | 189 |   0 |  1 |   0 |   0 | 7.634255e+03 | 4.391343e+03 |  73.85%| unknown
d 0.1s|     1 |     0 |  1701 |     - |distribu|   0 | 433 | 189 | 189 |   0 |  1 |   0 |   0 | 7.634255e+03 | 6.977364e+03 |   9.41%| unknown
  0.1s|     1 |     0 |  1701 |     - |  5392k |   0 | 433 | 189 | 189 |   0 |  1 |   0 |   0 | 7.634255e+03 | 6.977364e+03 |   9.41%| unknown
  0.2s|     1 |     2 |  1701 |     - |  5583k |   0 | 433 | 189 | 189 |   0 |  2 |   0 |  40 | 7.578837e+03 | 6.977364e+03 |   8.62%| unknown

SCIP Status        : solving was interrupted [node limit reached]
Solving Time (sec) : 0.21
Solving Nodes      : 1
Primal Bound       : +6.97736442790641e+03 (47 solutions)
Dual Bound         : +7.57883746759658e+03
Gap                : 8.62 %
