presolving:
(round 1, fast)       0 del vars, 1 del conss, 0 add conss, 0 chg bounds, 0 chg sides, 0 chg coeffs, 0 upgd conss, 0 impls, 195 clqs
   (0.0s) running MILP presolver
   (0.0s) MILP presolver (2 rounds): 0 aggregations, 13 fixings, 0 bound changes
(round 2, medium)     13 del vars, 1 del conss, 0 add conss, 0 chg bounds, 0 chg sides, 0 chg coeffs, 0 upgd conss, 0 impls, 195 clqs
(round 3, exhaustive) 13 del vars, 4 del conss, 0 add conss, 0 chg bounds, 3 chg sides, 0 chg coeffs, 0 upgd conss, 0 impls, 195 clqs
(round 4, exhaustive) 13 del vars, 4 del conss, 0 add conss, 0 chg bounds, 3 chg sides, 0 chg coeffs, 192 upgd conss, 0 impls, 195 clqs
(round 5, medium)     36 del vars, 4 del conss, 0 add conss, 0 chg bounds, 3 chg sides, 23 chg coeffs, 192 upgd conss, 0 impls, 195 clqs
(round 6, fast)       38 del vars, 4 del conss, 0 add conss, 0 chg bounds, 3 chg sides, 23 chg coeffs, 192 upgd conss, 0 impls, 195 clqs
(round 7, exhaustive) 39 del vars, 4 del conss, 0 add conss, 0 chg bounds, 3 chg sides, 23 chg coeffs, 192 upgd conss, 0 impls, 194 clqs
   (0.0s) probing: 51/461 (11.1%) - 0 fixings, 0 aggregations, 0 implications, 0 bound changes
   (0.0s) probing aborted: 50/50 successive totally useless probings
   (0.0s) symmetry computation started: requiring (bin +, int +, cont +), (fixed: bin -, int -, cont -)
   (0.0s) no symmetry present (symcode time: 0.00)
presolving (8 rounds: 8 fast, 6 medium, 4 exhaustive):
 39 deleted vars, 4 deleted constraints, 0 added constraints, 0 tightened bounds, 0 added holes, 3 changed sides, 23 changed coefficients
 0 implications, 194 cliques
presolved problem has 461 variables (461 bin, 0 int, 0 impl, 0 cont) and 192 constraints
    192 constraints of type <setppc>
Presolving Time: 0.02

 time | node  | left  |LP iter|LP it/n|mem/heur|mdpt |vars |cons |rows |cuts |sepa|confs|strbr|  dualbound   | primalbound  |  gap   | compl. 
  0.1s|     1 |     0 |  1551 |     - |  5765k |   0 | 461 | 192 | 192 |   0 |  0 |   0 |   0 | 7.433644e+03 |      --      |    Inf | unknown
d 0.1s|     1 |     0 |  1551 |     - |distribu|   0 | 461 | 192 | 192 |   0 |  1 |   0 |   0 | 7.433644e+03 | 1.779014e+03 | 317.85%| unknown
d 0.1s|     1 |     0 |  1610 |     - |distribu|   0 | 461 | 192 | 192 |   0 |  1 |   0 |   0 | 7.433644e+03 | 2.193787e+03 | 238.85%| unknown
d 0.1s|     1 |     0 |  1750 |     - |distribu|   0 | 461 | 192 | 192 |   0 |  1 |   0 |   0 | 7.433644e+03 | 2.208566e+03 | 236.58%| unknown
d 0.1s|     1 |     0 |  1873 |     - |distribu|   0 | 461 | 192 | 192 |   0 |  1 |   0 |   0 | 7.433644e+03 | 2.627802e+03 | 182.88%| unknown
d 0.1s|     1 |     0 |  1957 |     - |distribu|   0 | 461 | 192 | 192 |   0 |  1 |   0 |   0 | 7.433644e+03 | 3.447269e+03 | 115.64%| unknown
d 0.1s|     1 |     0 |  1999 |     - |distribu|   0 | 461 | 192 | 192 |   0 |  1 |   0 |   0 | 7.433644e+03 | 3.682171e+03 | 101.88%| unknown
d 0.1s|     1 |     0 |  2060 |     - |distribu|   0 | 461 | 192 | 192 |   0 |  1 |   0 |   0 | 7.433644e+03 | 5.339813e+03 |  39.21%| unknown
d 0.1s|     1 |     0 |  2064 |     - |distribu|   0 | 461 | 192 | 192 |   0 |  1 |   0 |   0 | 7.433644e+03 | 5.953732e+03 |  24.86%| unknown
  0.1s|     1 |     0 |  2064 |     - |  5914k |   0 | 461 | 192 | 192 |   0 |  1 |   0 |   0 | 7.433644e+03 | 5.953732e+03 |  24.86%| unknown
  0.2s|     1 |     2 |  2064 |     - |  6084k |   0 | 461 | 192 | 192 |   0 |  2 |   0 |  27 | 7.398206e+03 | 5.953732e+03 |  24.26%| unknown

SCIP Status        : solving was interrupted [node limit reached]
Solving Time (sec) : 0.23
Solving Nodes      : 1
Primal Bound       : +5.95373231428618e+03 (37 solutions)
Dual Bound         : +7.39820569098126e+03
Gap                : 24.26 %
