presolving:
(round 1, fast)       1 del vars, 2 del conss, 0 add conss, 0 chg bounds, 0 chg sides, 0 chg coeffs, 0 upgd conss, 0 impls, 186 clqs
   (0.0s) running MILP presolver
   (0.0s) MILP presolver (2 rounds): 0 aggregations, 16 fixings, 0 bound changes
(round 2, medium)     17 del vars, 2 del conss, 0 add conss, 0 chg bounds, 0 chg sides, 0 chg coeffs, 0 upgd conss, 0 impls, 186 clqs
(round 3, exhaustive) 17 del vars, 4 del conss, 0 add conss, 0 chg bounds, 2 chg sides, 0 chg coeffs, 0 upgd conss, 0 impls, 186 clqs
(round 4, exhaustive) 17 del vars, 4 del conss, 0 add conss, 0 chg bounds, 2 chg sides, 0 chg coeffs, 184 upgd conss, 0 impls, 186 clqs
(round 5, medium)     65 del vars, 4 del conss, 0 add conss, 0 chg bounds, 2 chg sides, 48 chg coeffs, 184 upgd conss, 0 impls, 186 clqs
(round 6, fast)       86 del vars, 4 del conss, 0 add conss, 0 chg bounds, 2 chg sides, 48 chg coeffs, 184 upgd conss, 0 impls, 186 clqs
(round 7, exhaustive) 86 del vars, 12 del conss, 0 add conss, 0 chg bounds, 2 chg sides, 48 chg coeffs, 184 upgd conss, 0 impls, 186 clqs
   (0.0s) probing: 51/414 (12.3%) - 0 fixings, 0 aggregations, 0 implications, 0 bound changes
   (0.0s) probing aborted: 50/50 successive totally useless probings
   (0.0s) symmetry computation started: requiring (bin +, int +, cont +), (fixed: bin -, int -, cont -)
   (0.0s) no symmetry present (symcode time: 0.00)
presolving (8 rounds: 8 fast, 6 medium, 4 exhaustive):
 86 deleted vars, 12 deleted constraints, 0 added constraints, 0 tightened bounds, 0 added holes, 2 changed sides, 48 changed coefficients
 0 implications, 186 cliques
presolved problem has 414 variables (414 bin, 0 int, 0 impl, 0 cont) and 176 constraints
    176 constraints of type <setppc>
Presolving Time: 0.02

 time | node  | left  |LP iter|LP it/n|mem/heur|mdpt |vars |cons |rows |cuts |sepa|confs|strbr|  dualbound   | primalbound  |  gap   | compl. 
  0.1s|     1 |     0 |  1289 |     - |  5297k |   0 | 414 | 176 | 176 |   0 |  0 |   0 |   0 | 8.145004e+03 |      --      |    Inf | unknown
d 0.1s|     1 |     0 |  1289 |     - |distribu|   0 | 414 | 176 | 176 |   0 |  1 |   0 |   0 | 8.145004e+03 | 3.618884e+03 | 125.07%| unknown
d 0.1s|     1 |     0 |  1392 |     - |distribu|   0 | 414 | 176 | 176 |   0 |  1 |   0 |   0 | 8.145004e+03 | 3.996098e+03 | 103.82%| unknown
d 0.1s|     1 |     0 |  1523 |     - |distribu|   0 | 414 | 176 | 176 |   0 |  1 |   0 |   0 | 8.145004e+03 | 4.756821e+03 |  71.23%| unknown
d 0.1s|     1 |     0 |  1564 |     - |distribu|   0 | 414 | 176 | 176 |   0 |  1 |   0 |   0 | 8.145004e+03 | 5.004240e+03 |  62.76%| unknown
d 0.1s|     1 |     0 |  1599 |     - |distribu|   0 | 414 | 176 | 176 |   0 |  1 |   0 |   0 | 8.145004e+03 | 5.123151e+03 |  58.98%| unknown
d 0.1s|     1 |     0 |  1622 |     - |distribu|   0 | 414 | 176 | 176 |   0 |  1 |   0 |   0 | 8.145004e+03 | 6.848280e+03 |  18.94%| unknown
  0.1s|     1 |     0 |  1622 |     - |  5411k |   0 | 414 | 176 | 176 |   0 |  1 |   0 |   0 | 8.145004e+03 | 6.848280e+03 |  18.94%| unknown
  0.4s|     1 |     2 |  1622 |     - |  5685k |   0 | 414 | 176 | 176 |   0 |  2 |   0 |  44 | 8.109075e+03 | 6.848280e+03 |  18.41%| unknown

SCIP Status        : solving was interrupted [node limit reached]
Solving Time (sec) : 0.36
Solving Nodes      : 1
Primal Bound       : +6.84827957709336e+03 (50 solutions)
Dual Bound         : +8.10907493720236e+03
Gap                : 18.41 %
