presolving:
(round 1, fast)       0 del vars, 1 del conss, 0 add conss, 0 chg bounds, 0 chg sides, 0 chg coeffs, 0 upgd conss, 0 impls, 190 clqs
(round 2, fast)       1 del vars, 1 del conss, 0 add conss, 0 chg bounds, 0 chg sides, 0 chg coeffs, 0 upgd conss, 0 impls, 190 clqs
   (0.0s) running MILP presolver
   (0.0s) MILP presolver (2 rounds): 0 aggregations, 14 fixings, 0 bound changes
(round 3, medium)     15 del vars, 1 del conss, 0 add conss, 0 chg bounds, 0 chg sides, 0 chg coeffs, 0 upgd conss, 0 impls, 190 clqs
(round 4, exhaustive) 15 del vars, 7 del conss, 0 add conss, 0 chg bounds, 6 chg sides, 0 chg coeffs, 0 upgd conss, 0 impls, 190 clqs
(round 5, exhaustive) 15 del vars, 7 del conss, 0 add conss, 0 chg bounds, 6 chg sides, 0 chg coeffs, 184 upgd conss, 0 impls, 190 clqs
(round 6, medium)     50 del vars, 7 del conss, 0 add conss, 0 chg bounds, 6 chg sides, 35 chg coeffs, 184 upgd conss, 0 impls, 190 clqs
(round 7, fast)       64 del vars, 8 del conss, 0 add conss, 0 chg bounds, 6 chg sides, 35 chg coeffs, 184 upgd conss, 0 impls, 188 clqs
(round 8, exhaustive) 64 del vars, 10 del conss, 0 add conss, 0 chg bounds, 6 chg sides, 35 chg coeffs, 184 upgd conss, 0 impls, 188 clqs
(round 9, exhaustive) 65 del vars, 10 del conss, 0 add conss, 0 chg bounds, 6 chg sides, 35 chg coeffs, 184 upgd conss, 0 impls, 188 clqs
   (0.0s) probing: 51/435 (11.7%) - 0 fixings, 0 aggregations, 0 implications, 0 bound changes
   (0.0s) probing aborted: 50/50 successive totally useless probings
   (0.0s) symmetry computation started: requiring (bin +, int +, cont +), (fixed: bin -, int -, cont -)
   (0.0s) no symmetry present (symcode time: 0.00)
presolving (10 rounds: 10 fast, 7 medium, 5 exhaustive):
 65 deleted vars, 10 deleted constraints, 0 added constraints, 0 tightened bounds, 0 added holes, 6 changed sides, 35 changed coefficients
 0 implications, 188 cliques
presolved problem has 435 variables (435 bin, 0 int, 0 impl, 0 cont) and 181 constraints
    181 constraints of type <setppc>
Presolving Time: 0.03

 time | node  | left  |LP iter|LP it/n|mem/heur|mdpt |vars |cons |rows |cuts |sepa|confs|strbr|  dualbound   | primalbound  |  gap   | compl. 
  0.1s|     1 |     0 |  1399 |     - |  5280k |   0 | 435 | 181 | 181 |   0 |  0 |   0 |   0 | 7.658177e+03 |      --      |    Inf | unknown
d 0.1s|     1 |     0 |  1399 |     - |distribu|   0 | 435 | 181 | 181 |   0 |  1 |   0 |   0 | 7.658177e+03 | 2.774422e+03 | 176.03%| unknown
d 0.1s|     1 |     0 |  1465 |     - |distribu|   0 | 435 | 181 | 181 |   0 |  1 |   0 |   0 | 7.658177e+03 | 3.030540e+03 | 152.70%| unknown
d 0.1s|     1 |     0 |  1501 |     - |distribu|   0 | 435 | 181 | 181 |   0 |  1 |   0 |   0 | 7.658177e+03 | 3.154002e+03 | 142.81%| unknown
d 0.1s|     1 |     0 |  1571 |     - |distribu|   0 | 435 | 181 | 181 |   0 |  1 |   0 |   0 | 7.658177e+03 | 3.618081e+03 | 111.66%| unknown
d 0.1s|     1 |     0 |  1605 |     - |distribu|   0 | 435 | 181 | 181 |   0 |  1 |   0 |   0 | 7.658177e+03 | 5.413122e+03 |  41.47%| unknown
d 0.1s|     1 |     0 |  1619 |     - |distribu|   0 | 435 | 181 | 181 |   0 |  1 |   0 |   0 | 7.658177e+03 | 6.982726e+03 |   9.67%| unknown
  0.1s|     1 |     0 |  1619 |     - |  5387k |   0 | 435 | 181 | 181 |   0 |  1 |   0 |   0 | 7.658177e+03 | 6.982726e+03 |   9.67%| unknown
  0.2s|     1 |     2 |  1619 |     - |  5614k |   0 | 435 | 181 | 181 |   0 |  2 |   0 |  21 | 7.621964e+03 | 6.982726e+03 |   9.15%| unknown

SCIP Status        : solving was interrupted [node limit reached]
Solving Time (sec) : 0.21
Solving Nodes      : 1
Primal Bound       : +6.98272614141467e+03 (39 solutions)
Dual Bound         : +7.62196361893901e+03
Gap                : 9.15 %
