presolving:
(round 1, fast)       0 del vars, 1 del conss, 0 add conss, 0 chg bounds, 0 chg sides, 0 chg coeffs, 0 upgd conss, 0 impls, 196 clqs
   (0.0s) running MILP presolver
   (0.0s) MILP presolver (2 rounds): 0 aggregations, 14 fixings, 0 bound changes
(round 2, medium)     14 del vars, 1 del conss, 0 add conss, 0 chg bounds, 0 chg sides, 0 chg coeffs, 0 upgd conss, 0 impls, 195 clqs
(round 3, fast)       14 del vars, 2 del conss, 0 add conss, 0 chg bounds, 0 chg sides, 0 chg coeffs, 0 upgd conss, 0 impls, 195 clqs
(round 4, exhaustive) 14 del vars, 7 del conss, 0 add conss, 0 chg bounds, 5 chg sides, 0 chg coeffs, 0 upgd conss, 0 impls, 195 clqs
(round 5, exhaustive) 14 del vars, 7 del conss, 0 add conss, 0 chg bounds, 5 chg sides, 0 chg coeffs, 190 upgd conss, 0 impls, 195 clqs
(round 6, medium)     40 del vars, 7 del conss, 0 add conss, 0 chg bounds, 5 chg sides, 26 chg coeffs, 190 upgd conss, 0 impls, 195 clqs
(round 7, fast)       54 del vars, 7 del conss, 0 add conss, 0 chg bounds, 5 chg sides, 26 chg coeffs, 190 upgd conss, 0 impls, 195 clqs
(round 8, exhaustive) 54 del vars, 12 del conss, 0 add conss, 0 chg bounds, 5 chg sides, 26 chg coeffs, 190 upgd conss, 0 impls, 195 clqs
   (0.0s) probing: 51/446 (11.4%) - 0 fixings, 0 aggregations, 0 implications, 0 bound changes
   (0.0s) probing aborted: 50/50 successive totally useless probings
   (0.0s) symmetry computation started: requiring (bin +, int +, cont +), (fixed: bin -, int -, cont -)
   (0.0s) no symmetry present (symcode time: 0.00)
presolving (9 rounds: 9 fast, 6 medium, 4 exhaustive):
 54 deleted vars, 12 deleted constraints, 0 added constraints, 0 tightened bounds, 0 added holes, 5 changed sides, 26 changed coefficients
 0 implications, 195 cliques
presolved problem has 446 variables (446 bin, 0 int, 0 impl, 0 cont) and 185 constraints
    185 constraints of type <setppc>
Presolving Time: 0.03

 time | node  | left  |LP iter|LP it/n|mem/heur|mdpt |vars |cons |rows |cuts |sepa|confs|strbr|  dualbound   | primalbound  |  gap   | compl. 
  0.2s|     1 |     0 |  1948 |     - |  5460k |   0 | 446 | 185 | 185 |   0 |  0 |   0 |   0 | 7.408030e+03 |      --      |    Inf | unknown
d 0.2s|     1 |     0 |  1948 |     - |distribu|   0 | 446 | 185 | 185 |   0 |  1 |   0 |   0 | 7.408030e+03 | 2.181335e+03 | 239.61%| unknown
d 0.2s|     1 |     0 |  1982 |     - |distribu|   0 | 446 | 185 | 185 |   0 |  1 |   0 |   0 | 7.408030e+03 | 2.376247e+03 | 211.75%| unknown
d 0.2s|     1 |     0 |  2109 |     - |distribu|   0 | 446 | 185 | 185 |   0 |  1 |   0 |   0 | 7.408030e+03 | 2.856492e+03 | 159.34%| unknown
d 0.3s|     1 |     0 |  2264 |     - |distribu|   0 | 446 | 185 | 185 |   0 |  1 |   0 |   0 | 7.408030e+03 | 4.276433e+03 |  73.23%| unknown
d 0.3s|     1 |     0 |  2290 |     - |distribu|   0 | 446 | 185 | 185 |   0 |  1 |   0 |   0 | 7.408030e+03 | 6.431744e+03 |  15.18%| unknown
  0.3s|     1 |     0 |  2290 |     - |  5552k |   0 | 446 | 185 | 185 |   0 |  1 |   0 |   0 | 7.408030e+03 | 6.431744e+03 |  15.18%| unknown
  0.5s|     1 |     2 |  2290 |     - |  5671k |   0 | 446 | 185 | 185 |   0 |  2 |   0 |  23 | 7.369321e+03 | 6.431744e+03 |  14.58%| unknown

SCIP Status        : solving was interrupted [node limit reached]
Solving Time (sec) : 0.48
Solving Nodes      : 1
Primal Bound       : +6.43174444208349e+03 (28 solutions)
Dual Bound         : +7.36932059703663e+03
Gap                : 14.58 %
