presolving:
(round 1, fast)       1 del vars, 2 del conss, 0 add conss, 0 chg bounds, 0 chg sides, 0 chg coeffs, 0 upgd conss, 0 impls, 192 clqs
(round 2, fast)       2 del vars, 2 del conss, 0 add conss, 0 chg bounds, 0 chg sides, 0 chg coeffs, 0 upgd conss, 0 impls, 192 clqs
   (0.0s) running MILP presolver
   (0.0s) MILP presolver (2 rounds): 0 aggregations, 18 fixings, 0 bound changes
(round 3, medium)     20 del vars, 2 del conss, 0 add conss, 0 chg bounds, 0 chg sides, 0 chg coeffs, 0 upgd conss, 0 impls, 191 clqs
(round 4, fast)       21 del vars, 4 del conss, 0 add conss, 0 chg bounds, 0 chg sides, 0 chg coeffs, 0 upgd conss, 0 impls, 190 clqs
(round 5, exhaustive) 21 del vars, 11 del conss, 0 add conss, 0 chg bounds, 7 chg sides, 0 chg coeffs, 0 upgd conss, 0 impls, 190 clqs
(round 6, exhaustive) 21 del vars, 11 del conss, 0 add conss, 0 chg bounds, 7 chg sides, 0 chg coeffs, 183 upgd conss, 0 impls, 190 clqs
(round 7, medium)     55 del vars, 11 del conss, 0 add conss, 0 chg bounds, 7 chg sides, 34 chg coeffs, 183 upgd conss, 0 impls, 190 clqs
(round 8, fast)       64 del vars, 11 del conss, 0 add conss, 0 chg bounds, 7 chg sides, 34 chg coeffs, 183 upgd conss, 0 impls, 190 clqs
(round 9, exhaustive) 64 del vars, 14 del conss, 0 add conss, 0 chg bounds, 7 chg sides, 34 chg coeffs, 183 upgd conss, 0 impls, 190 clqs
   (0.0s) probing: 51/436 (11.7%) - 0 fixings, 0 aggregations, 0 implications, 0 bound changes
   (0.0s) probing aborted: 50/50 successive totally useless probings
   (0.0s) symmetry computation started: requiring (bin +, int +, cont +), (fixed: bin -, int -, cont -)
   (0.0s) no symmetry present (symcode time: 0.00)
presolving (10 rounds: 10 fast, 6 medium, 4 exhaustive):
 64 deleted vars, 14 deleted constraints, 0 added constraints, 0 tightened bounds, 0 added holes, 7 changed sides, 34 changed coefficients
 0 implications, 190 cliques
presolved problem has 436 variables (436 bin, 0 int, 0 impl, 0 cont) and 180 constraints
    180 constraints of type <setppc>
Presolving Time: 0.02

 time | node  | left  |LP iter|LP it/n|mem/heur|mdpt |vars |cons |rows |cuts |sepa|confs|strbr|  dualbound   | primalbound  |  gap   | compl. 
  0.1s|     1 |     0 |  2066 |     - |  5429k |   0 | 436 | 180 | 180 |   0 |  0 |   0 |   0 | 7.611125e+03 |      --      |    Inf | unknown
d 0.1s|     1 |     0 |  2066 |     - |distribu|   0 | 436 | 180 | 180 |   0 |  1 |   0 |   0 | 7.611125e+03 | 2.580923e+03 | 194.90%| unknown
d 0.1s|     1 |     0 |  2139 |     - |distribu|   0 | 436 | 180 | 180 |   0 |  1 |   0 |   0 | 7.611125e+03 | 2.811093e+03 | 170.75%| unknown
d 0.1s|     1 |     0 |  2237 |     - |distribu|   0 | 436 | 180 | 180 |   0 |  1 |   0 |   0 | 7.611125e+03 | 4.337078e+03 |  75.49%| unknown
d 0.2s|     1 |     0 |  2284 |     - |distribu|   0 | 436 | 180 | 180 |   0 |  1 |   0 |   0 | 7.611125e+03 | 4.945102e+03 |  53.91%| unknown
d 0.2s|     1 |     0 |  2300 |     - |distribu|   0 | 436 | 180 | 180 |   0 |  1 |   0 |   0 | 7.611125e+03 | 6.151825e+03 |  23.72%| unknown
d 0.2s|     1 |     0 |  2322 |     - |distribu|   0 | 436 | 180 | 180 |   0 |  1 |   0 |   0 | 7.611125e+03 | 6.399107e+03 |  18.94%| unknown
  0.2s|     1 |     0 |  2322 |     - |  5599k |   0 | 436 | 180 | 180 |   0 |  1 |   0 |   0 | 7.611125e+03 | 6.399107e+03 |  18.94%| unknown
  0.3s|     1 |     2 |  2322 |     - |  5748k |   0 | 436 | 180 | 180 |   0 |  2 |   0 |  21 | 7.535306e+03 | 6.399107e+03 |  17.76%| unknown

SCIP Status        : solving was interrupted [node limit reached]
Solving Time (sec) : 0.26
Solving Nodes      : 1
Primal Bound       : +6.39910663564010e+03 (31 solutions)
Dual Bound         : +7.53530582400349e+03
Gap                : 17.76 %
