presolving:
(round 1, fast)       1 del vars, 1 del conss, 0 add conss, 0 chg bounds, 0 chg sides, 0 chg coeffs, 0 upgd conss, 0 impls, 190 clqs
   (0.0s) running MILP presolver
   (0.0s) MILP presolver (2 rounds): 0 aggregations, 21 fixings, 0 bound changes
(round 2, medium)     22 del vars, 1 del conss, 0 add conss, 0 chg bounds, 0 chg sides, 0 chg coeffs, 0 upgd conss, 0 impls, 190 clqs
(round 3, exhaustive) 22 del vars, 8 del conss, 0 add conss, 0 chg bounds, 7 chg sides, 0 chg coeffs, 0 upgd conss, 0 impls, 190 clqs
(round 4, exhaustive) 22 del vars, 8 del conss, 0 add conss, 0 chg bounds, 7 chg sides, 0 chg coeffs, 183 upgd conss, 0 impls, 190 clqs
(round 5, medium)     66 del vars, 8 del conss, 0 add conss, 0 chg bounds, 7 chg sides, 44 chg coeffs, 183 upgd conss, 0 impls, 190 clqs
(round 6, fast)       111 del vars, 11 del conss, 0 add conss, 0 chg bounds, 7 chg sides, 44 chg coeffs, 183 upgd conss, 0 impls, 184 clqs
   (0.0s) running MILP presolver
   (0.0s) MILP presolver found nothing
(round 7, exhaustive) 111 del vars, 18 del conss, 0 add conss, 0 chg bounds, 7 chg sides, 44 chg coeffs, 183 upgd conss, 0 impls, 184 clqs
   (0.0s) probing: 51/389 (13.1%) - 0 fixings, 0 aggregations, 0 implications, 0 bound changes
   (0.0s) probing aborted: 50/50 successive totally useless probings
   (0.0s) symmetry computation started: requiring (bin +, int +, cont +), (fixed: bin -, int -, cont -)
   (0.0s) no symmetry present (symcode time: 0.00)
presolving (8 rounds: 8 fast, 6 medium, 4 exhaustive):
 111 deleted vars, 18 deleted constraints, 0 added constraints, 0 tightened bounds, 0 added holes, 7 changed sides, 44 changed coefficients
 0 implications, 184 cliques
presolved problem has 389 variables (389 bin, 0 int, 0 impl, 0 cont) and 173 constraints
    173 constraints of type <setppc>
Presolving Time: 0.03

 time | node  | left  |LP iter|LP it/n|mem/heur|mdpt |vars |cons |rows |cuts |sepa|confs|strbr|  dualbound   | primalbound  |  gap   | compl. 
  0.1s|     1 |     0 |   596 |     - |  4832k |   0 | 389 | 173 | 173 |   0 |  0 |   0 |   0 | 7.536114e+03 |      --      |    Inf | unknown
d 0.1s|     1 |     0 |   596 |     - |distribu|   0 | 389 | 173 | 173 |   0 |  1 |   0 |   0 | 7.536114e+03 | 4.341990e+03 |  73.56%| unknown
d 0.1s|     1 |     0 |   622 |     - |distribu|   0 | 389 | 173 | 173 |   0 |  1 |   0 |   0 | 7.536114e+03 | 5.349536e+03 |  40.87%| unknown
d 0.1s|     1 |     0 |   664 |     - |distribu|   0 | 389 | 173 | 173 |   0 |  1 |   0 |   0 | 7.536114e+03 | 5.607109e+03 |  34.40%| unknown
d 0.1s|     1 |     0 |   685 |     - |distribu|   0 | 389 | 173 | 173 |   0 |  1 |   0 |   0 | 7.536114e+03 | 6.910278e+03 |   9.06%| unknown
d 0.1s|     1 |     0 |   687 |     - |distribu|   0 | 389 | 173 | 173 |   0 |  1 |   0 |   0 | 7.536114e+03 | 7.237342e+03 |   4.13%| unknown
  0.1s|     1 |     0 |   687 |     - |  4933k |   0 | 389 | 173 | 173 |   0 |  1 |   0 |   0 | 7.536114e+03 | 7.237342e+03 |   4.13%| unknown
  0.1s|     1 |     0 |   687 |     - |  4933k |   0 | 389 | 173 | 173 |   0 |  1 |   0 |   0 | 7.536114e+03 | 7.237342e+03 |   4.13%| unknown
* 0.1s|     1 |     0 |   687 |     - |strongbr|   0 | 389 | 173 | 173 |   0 |  2 |   0 |   3 | 7.536114e+03 | 7.462008e+03 |   0.99%| unknown
  0.2s|     1 |     0 |   732 |     - |  5375k |   0 | 389 | 175 | 173 |   0 |  2 |  52 |  17 | 7.496784e+03 | 7.462008e+03 |   0.47%| unknown

SCIP Status        : solving was interrupted [node limit reached]
Solving Time (sec) : 0.21
Solving Nodes      : 1
Primal Bound       : +7.46200769547443e+03 (25 solutions)
Dual Bound         : +7.49678374668843e+03
Gap                : 0.47 %
