presolving:
   (0.0s) running MILP presolver
   (0.0s) MILP presolver (2 rounds): 0 aggregations, 31 fixings, 0 bound changes
(round 1, medium)     31 del vars, 0 del conss, 0 add conss, 0 chg bounds, 0 chg sides, 0 chg coeffs, 0 upgd conss, 0 impls, 190 clqs
(round 2, fast)       32 del vars, 3 del conss, 0 add conss, 0 chg bounds, 0 chg sides, 0 chg coeffs, 0 upgd conss, 0 impls, 189 clqs
(round 3, exhaustive) 32 del vars, 12 del conss, 0 add conss, 0 chg bounds, 9 chg sides, 0 chg coeffs, 0 upgd conss, 0 impls, 189 clqs
(round 4, exhaustive) 32 del vars, 12 del conss, 0 add conss, 0 chg bounds, 9 chg sides, 0 chg coeffs, 180 upgd conss, 0 impls, 189 clqs
(round 5, medium)     74 del vars, 12 del conss, 0 add conss, 0 chg bounds, 9 chg sides, 42 chg coeffs, 180 upgd conss, 0 impls, 189 clqs
(round 6, fast)       109 del vars, 13 del conss, 0 add conss, 0 chg bounds, 9 chg sides, 42 chg coeffs, 180 upgd conss, 0 impls, 186 clqs
   (0.0s) running MILP presolver
   (0.0s) MILP presolver (2 rounds): 0 aggregations, 3 fixings, 0 bound changes
(round 7, medium)     112 del vars, 13 del conss, 0 add conss, 0 chg bounds, 9 chg sides, 42 chg coeffs, 180 upgd conss, 0 impls, 186 clqs
(round 8, exhaustive) 112 del vars, 18 del conss, 0 add conss, 0 chg bounds, 9 chg sides, 42 chg coeffs, 180 upgd conss, 0 impls, 186 clqs
   (0.0s) probing: 51/388 (13.1%) - 0 fixings, 0 aggregations, 0 implications, 0 bound changes
   (0.0s) probing aborted: 50/50 successive totally useless probings
   (0.0s) symmetry computation started: requiring (bin +, int +, cont +), (fixed: bin -, int -, cont -)
   (0.0s) no symmetry present (symcode time: 0.00)
presolving (9 rounds: 9 fast, 7 medium, 4 exhaustive):
 112 deleted vars, 18 deleted constraints, 0 added constraints, 0 tightened bounds, 0 added holes, 9 changed sides, 42 changed coefficients
 0 implications, 186 cliques
presolved problem has 388 variables (388 bin, 0 int, 0 impl, 0 cont) and 174 constraints
    174 constraints of type <setppc>
Presolving Time: 0.02

 time | node  | left  |LP iter|LP it/n|mem/heur|mdpt |vars |cons |rows |cuts |sepa|confs|strbr|  dualbound   | primalbound  |  gap   | compl. 
  0.1s|     1 |     0 |  1236 |     - |  5000k |   0 | 388 | 174 | 174 |   0 |  0 |   0 |   0 | 7.947176e+03 |      --      |    Inf | unknown
d 0.1s|     1 |     0 |  1236 |     - |distribu|   0 | 388 | 174 | 174 |   0 |  1 |   0 |   0 | 7.947176e+03 | 3.588105e+03 | 121.49%| unknown
d 0.1s|     1 |     0 |  1293 |     - |distribu|   0 | 388 | 174 | 174 |   0 |  1 |   0 |   0 | 7.947176e+03 | 4.014150e+03 |  97.98%| unknown
d 0.1s|     1 |     0 |  1350 |     - |distribu|   0 | 388 | 174 | 174 |   0 |  1 |   0 |   0 | 7.947176e+03 | 4.622841e+03 |  71.91%| unknown
d 0.1s|     1 |     0 |  1483 |     - |distribu|   0 | 388 | 174 | 174 |   0 |  1 |   0 |   0 | 7.947176e+03 | 5.341797e+03 |  48.77%| unknown
d 0.1s|     1 |     0 |  1526 |     - |distribu|   0 | 388 | 174 | 174 |   0 |  1 |   0 |   0 | 7.947176e+03 | 5.679065e+03 |  39.94%| unknown
d 0.1s|     1 |     0 |  1547 |     - |distribu|   0 | 388 | 174 | 174 |   0 |  1 |   0 |   0 | 7.947176e+03 | 5.812123e+03 |  36.73%| unknown
d 0.1s|     1 |     0 |  1564 |     - |distribu|   0 | 388 | 174 | 174 |   0 |  1 |   0 |   0 | 7.947176e+03 | 5.991633e+03 |  32.64%| unknown
d 0.1s|     1 |     0 |  1586 |     - |distribu|   0 | 388 | 174 | 174 |   0 |  1 |   0 |   0 | 7.947176e+03 | 6.649702e+03 |  19.51%| unknown
d 0.1s|     1 |     0 |  1590 |     - |distribu|   0 | 388 | 174 | 174 |   0 |  1 |   0 |   0 | 7.947176e+03 | 6.772018e+03 |  17.35%| unknown
  0.1s|     1 |     0 |  1590 |     - |  5153k |   0 | 388 | 174 | 174 |   0 |  1 |   0 |   0 | 7.947176e+03 | 6.772018e+03 |  17.35%| unknown
  0.2s|     1 |     2 |  1590 |     - |  5297k |   0 | 388 | 174 | 174 |   0 |  2 |   0 |  19 | 7.915051e+03 | 6.772018e+03 |  16.88%| unknown

SCIP Status        : solving was interrupted [node limit reached]
Solving Time (sec) : 0.16
Solving Nodes      : 1
Primal Bound       : +6.77201800316804e+03 (31 solutions)
Dual Bound         : +7.91505064332807e+03
Gap                : 16.88 %
