presolving:
(round 1, fast)       0 del vars, 1 del conss, 0 add conss, 0 chg bounds, 0 chg sides, 0 chg coeffs, 0 upgd conss, 0 impls, 195 clqs
   (0.0s) running MILP presolver
   (0.0s) MILP presolver (2 rounds): 0 aggregations, 12 fixings, 0 bound changes
(round 2, medium)     12 del vars, 1 del conss, 0 add conss, 0 chg bounds, 0 chg sides, 0 chg coeffs, 0 upgd conss, 0 impls, 195 clqs
(round 3, exhaustive) 12 del vars, 4 del conss, 0 add conss, 0 chg bounds, 3 chg sides, 0 chg coeffs, 0 upgd conss, 0 impls, 195 clqs
(round 4, exhaustive) 12 del vars, 4 del conss, 0 add conss, 0 chg bounds, 3 chg sides, 0 chg coeffs, 192 upgd conss, 0 impls, 195 clqs
(round 5, medium)     49 del vars, 4 del conss, 0 add conss, 0 chg bounds, 3 chg sides, 37 chg coeffs, 192 upgd conss, 0 impls, 195 clqs
(round 6, fast)       70 del vars, 4 del conss, 0 add conss, 0 chg bounds, 3 chg sides, 37 chg coeffs, 192 upgd conss, 0 impls, 195 clqs
(round 7, exhaustive) 70 del vars, 8 del conss, 0 add conss, 0 chg bounds, 3 chg sides, 37 chg coeffs, 192 upgd conss, 0 impls, 195 clqs
   (0.0s) probing: 51/430 (11.9%) - 0 fixings, 0 aggregations, 0 implications, 0 bound changes
   (0.0s) probing aborted: 50/50 successive totally useless probings
   (0.0s) symmetry computation started: requiring (bin +, int +, cont +), (fixed: bin -, int -, cont -)
   (0.0s) no symmetry present (symcode time: 0.00)
presolving (8 rounds: 8 fast, 6 medium, 4 exhaustive):
 70 deleted vars, 8 deleted constraints, 0 added constraints, 0 tightened bounds, 0 added holes, 3 changed sides, 37 changed coefficients
 0 implications, 195 cliques
presolved problem has 430 variables (430 bin, 0 int, 0 impl, 0 cont) and 188 constraints
    188 constraints of type <setppc>
Presolving Time: 0.02

 time | node  | left  |LP iter|LP it/n|mem/heur|mdpt |vars |cons |rows |cuts |sepa|confs|strbr|  dualbound   | primalbound  |  gap   | compl. 
  0.1s|     1 |     0 |  2002 |     - |  5404k |   0 | 430 | 188 | 188 |   0 |  0 |   0 |   0 | 7.582296e+03 |      --      |    Inf | unknown
d 0.1s|     1 |     0 |  2002 |     - |distribu|   0 | 430 | 188 | 188 |   0 |  1 |   0 |   0 | 7.582296e+03 | 2.721741e+03 | 178.58%| unknown
d 0.1s|     1 |     0 |  2048 |     - |distribu|   0 | 430 | 188 | 188 |   0 |  1 |   0 |   0 | 7.582296e+03 | 3.062102e+03 | 147.62%| unknown
d 0.1s|     1 |     0 |  2160 |     - |distribu|   0 | 430 | 188 | 188 |   0 |  1 |   0 |   0 | 7.582296e+03 | 4.200551e+03 |  80.51%| unknown
d 0.1s|     1 |     0 |  2182 |     - |distribu|   0 | 430 | 188 | 188 |   0 |  1 |   0 |   0 | 7.582296e+03 | 4.858441e+03 |  56.06%| unknown
d 0.1s|     1 |     0 |  2226 |     - |distribu|   0 | 430 | 188 | 188 |   0 |  1 |   0 |   0 | 7.582296e+03 | 5.740164e+03 |  32.09%| unknown
d 0.1s|     1 |     0 |  2228 |     - |distribu|   0 | 430 | 188 | 188 |   0 |  1 |   0 |   0 | 7.582296e+03 | 6.616904e+03 |  14.59%| unknown
d 0.1s|     1 |     0 |  2231 |     - |distribu|   0 | 430 | 188 | 188 |   0 |  1 |   0 |   0 | 7.582296e+03 | 6.696369e+03 |  13.23%| unknown
  0.1s|     1 |     0 |  2231 |     - |  5554k |   0 | 430 | 188 | 188 |   0 |  1 |   0 |   0 | 7.582296e+03 | 6.696369e+03 |  13.23%| unknown
  0.2s|     1 |     2 |  2231 |     - |  5743k |   0 | 430 | 188 | 188 |   0 |  2 |   0 |  25 | 7.534521e+03 | 6.696369e+03 |  12.52%| unknown

SCIP Status        : solving was interrupted [node limit reached]
Solving Time (sec) : 0.20
Solving Nodes      : 1
Primal Bound       : +6.69636948080956e+03 (36 solutions)
Dual Bound         : +7.53452080766929e+03
Gap                : 12.52 %
