presolving:
(round 1, fast)       1 del vars, 3 del conss, 0 add conss, 0 chg bounds, 0 chg sides, 0 chg coeffs, 0 upgd conss, 0 impls, 192 clqs
   (0.0s) running MILP presolver
   (0.0s) MILP presolver (2 rounds): 0 aggregations, 11 fixings, 0 bound changes
(round 2, medium)     12 del vars, 3 del conss, 0 add conss, 0 chg bounds, 0 chg sides, 0 chg coeffs, 0 upgd conss, 0 impls, 192 clqs
(round 3, exhaustive) 12 del vars, 8 del conss, 0 add conss, 0 chg bounds, 5 chg sides, 0 chg coeffs, 0 upgd conss, 0 impls, 192 clqs
(round 4, exhaustive) 12 del vars, 8 del conss, 0 add conss, 0 chg bounds, 5 chg sides, 0 chg coeffs, 187 upgd conss, 0 impls, 192 clqs
(round 5, medium)     39 del vars, 8 del conss, 0 add conss, 0 chg bounds, 5 chg sides, 27 chg coeffs, 187 upgd conss, 0 impls, 192 clqs
(round 6, fast)       55 del vars, 8 del conss, 0 add conss, 0 chg bounds, 5 chg sides, 27 chg coeffs, 187 upgd conss, 0 impls, 191 clqs
(round 7, exhaustive) 55 del vars, 11 del conss, 0 add conss, 0 chg bounds, 5 chg sides, 27 chg coeffs, 187 upgd conss, 0 impls, 191 clqs
   (0.0s) probing: 51/445 (11.5%) - 0 fixings, 0 aggregations, 0 implications, 0 bound changes
   (0.0s) probing aborted: 50/50 successive totally useless probings
   (0.0s) symmetry computation started: requiring (bin +, int +, cont +), (fixed: bin -, int -, cont -)
   (0.0s) no symmetry present (symcode time: 0.00)
presolving (8 rounds: 8 fast, 6 medium, 4 exhaustive):
 55 deleted vars, 11 deleted constraints, 0 added constraints, 0 tightened bounds, 0 added holes, 5 changed sides, 27 changed coefficients
 0 implications, 191 cliques
presolved problem has 445 variables (445 bin, 0 int, 0 impl, 0 cont) and 184 constraints
    184 constraints of type <setppc>
Presolving Time: 0.02

 time | node  | left  |LP iter|LP it/n|mem/heur|mdpt |vars |cons |rows |cuts |sepa|confs|strbr|  dualbound   | primalbound  |  gap   | compl. 
  0.1s|     1 |     0 |  1255 |     - |  5366k |   0 | 445 | 184 | 184 |   0 |  0 |   0 |   0 | 7.104336e+03 |      --      |    Inf | unknown
d 0.1s|     1 |     0 |  1255 |     - |distribu|   0 | 445 | 184 | 184 |   0 |  1 |   0 |   0 | 7.104336e+03 | 2.023259e+03 | 251.13%| unknown
d 0.1s|     1 |     0 |  1317 |     - |distribu|   0 | 445 | 184 | 184 |   0 |  1 |   0 |   0 | 7.104336e+03 | 2.178754e+03 | 226.07%| unknown
d 0.1s|     1 |     0 |  1364 |     - |distribu|   0 | 445 | 184 | 184 |   0 |  1 |   0 |   0 | 7.104336e+03 | 2.805228e+03 | 153.25%| unknown
d 0.1s|     1 |     0 |  1428 |     - |distribu|   0 | 445 | 184 | 184 |   0 |  1 |   0 |   0 | 7.104336e+03 | 3.498248e+03 | 103.08%| unknown
d 0.1s|     1 |     0 |  1486 |     - |distribu|   0 | 445 | 184 | 184 |   0 |  1 |   0 |   0 | 7.104336e+03 | 3.533966e+03 | 101.03%| unknown
d 0.1s|     1 |     0 |  1622 |     - |distribu|   0 | 445 | 184 | 184 |   0 |  1 |   0 |   0 | 7.104336e+03 | 5.813189e+03 |  22.21%| unknown
d 0.1s|     1 |     0 |  1654 |     - |distribu|   0 | 445 | 184 | 184 |   0 |  1 |   0 |   0 | 7.104336e+03 | 6.015749e+03 |  18.10%| unknown
  0.1s|     1 |     0 |  1654 |     - |  5518k |   0 | 445 | 184 | 184 |   0 |  1 |   0 |   0 | 7.104336e+03 | 6.015749e+03 |  18.10%| unknown
  0.3s|     1 |     2 |  1654 |     - |  5662k |   0 | 445 | 184 | 184 |   0 |  2 |   0 |  30 | 7.073054e+03 | 6.015749e+03 |  17.58%| unknown

SCIP Status        : solving was interrupted [node limit reached]
Solving Time (sec) : 0.32
Solving Nodes      : 1
Primal Bound       : +6.01574880697284e+03 (40 solutions)
Dual Bound         : +7.07305430571740e+03
Gap                : 17.58 %
