presolving:
(round 1, fast)       1 del vars, 1 del conss, 0 add conss, 0 chg bounds, 0 chg sides, 0 chg coeffs, 0 upgd conss, 0 impls, 195 clqs
   (0.0s) running MILP presolver
   (0.0s) MILP presolver (2 rounds): 0 aggregations, 23 fixings, 0 bound changes
(round 2, medium)     24 del vars, 1 del conss, 0 add conss, 0 chg bounds, 0 chg sides, 0 chg coeffs, 0 upgd conss, 0 impls, 195 clqs
(round 3, exhaustive) 24 del vars, 3 del conss, 0 add conss, 0 chg bounds, 2 chg sides, 0 chg coeffs, 0 upgd conss, 0 impls, 195 clqs
(round 4, exhaustive) 24 del vars, 3 del conss, 0 add conss, 0 chg bounds, 2 chg sides, 0 chg coeffs, 193 upgd conss, 0 impls, 195 clqs
(round 5, medium)     69 del vars, 3 del conss, 0 add conss, 0 chg bounds, 2 chg sides, 45 chg coeffs, 193 upgd conss, 0 impls, 195 clqs
(round 6, fast)       102 del vars, 9 del conss, 0 add conss, 0 chg bounds, 2 chg sides, 45 chg coeffs, 193 upgd conss, 0 impls, 189 clqs
   (0.0s) running MILP presolver
   (0.0s) MILP presolver (2 rounds): 0 aggregations, 2 fixings, 0 bound changes
(round 7, medium)     104 del vars, 10 del conss, 0 add conss, 0 chg bounds, 2 chg sides, 45 chg coeffs, 193 upgd conss, 0 impls, 188 clqs
(round 8, exhaustive) 104 del vars, 17 del conss, 0 add conss, 0 chg bounds, 2 chg sides, 45 chg coeffs, 193 upgd conss, 0 impls, 188 clqs
   (0.0s) probing: 51/396 (12.9%) - 0 fixings, 0 aggregations, 0 implications, 0 bound changes
   (0.0s) probing aborted: 50/50 successive totally useless probings
   (0.0s) symmetry computation started: requiring (bin +, int +, cont +), (fixed: bin -, int -, cont -)
   (0.0s) no symmetry present (symcode time: 0.00)
presolving (9 rounds: 9 fast, 7 medium, 4 exhaustive):
 104 deleted vars, 17 deleted constraints, 0 added constraints, 0 tightened bounds, 0 added holes, 2 changed sides, 45 changed coefficients
 0 implications, 188 cliques
presolved problem has 396 variables (396 bin, 0 int, 0 impl, 0 cont) and 179 constraints
    179 constraints of type <setppc>
Presolving Time: 0.02

 time | node  | left  |LP iter|LP it/n|mem/heur|mdpt |vars |cons |rows |cuts |sepa|confs|strbr|  dualbound   | primalbound  |  gap   | compl. 
  0.0s|     1 |     0 |   695 |     - |  4910k |   0 | 396 | 179 | 179 |   0 |  0 |   0 |   0 | 7.763783e+03 |      --      |    Inf | unknown
d 0.0s|     1 |     0 |   695 |     - |distribu|   0 | 396 | 179 | 179 |   0 |  1 |   0 |   0 | 7.763783e+03 | 3.327997e+03 | 133.29%| unknown
d 0.1s|     1 |     0 |   762 |     - |distribu|   0 | 396 | 179 | 179 |   0 |  1 |   0 |   0 | 7.763783e+03 | 3.522430e+03 | 120.41%| unknown
d 0.1s|     1 |     0 |   873 |     - |distribu|   0 | 396 | 179 | 179 |   0 |  1 |   0 |   0 | 7.763783e+03 | 4.203885e+03 |  84.68%| unknown
d 0.1s|     1 |     0 |   921 |     - |distribu|   0 | 396 | 179 | 179 |   0 |  1 |   0 |   0 | 7.763783e+03 | 5.633961e+03 |  37.80%| unknown
d 0.1s|     1 |     0 |   942 |     - |distribu|   0 | 396 | 179 | 179 |   0 |  1 |   0 |   0 | 7.763783e+03 | 6.857676e+03 |  13.21%| unknown
  0.1s|     1 |     0 |   942 |     - |  5001k |   0 | 396 | 179 | 179 |   0 |  1 |   0 |   0 | 7.763783e+03 | 6.857676e+03 |  13.21%| unknown
  0.1s|     1 |     2 |   942 |     - |  5128k |   0 | 396 | 179 | 179 |   0 |  2 |   0 |  21 | 7.720667e+03 | 6.857676e+03 |  12.58%| unknown

SCIP Status        : solving was interrupted [node limit reached]
Solving Time (sec) : 0.14
Solving Nodes      : 1
Primal Bound       : +6.85767574717979e+03 (26 solutions)
Dual Bound         : +7.72066727062287e+03
Gap                : 12.58 %
