presolving:
(round 1, fast)       0 del vars, 3 del conss, 0 add conss, 0 chg bounds, 0 chg sides, 0 chg coeffs, 0 upgd conss, 0 impls, 186 clqs
(round 2, fast)       1 del vars, 3 del conss, 0 add conss, 0 chg bounds, 0 chg sides, 0 chg coeffs, 0 upgd conss, 0 impls, 186 clqs
   (0.0s) running MILP presolver
   (0.0s) MILP presolver (2 rounds): 0 aggregations, 17 fixings, 0 bound changes
(round 3, medium)     18 del vars, 3 del conss, 0 add conss, 0 chg bounds, 0 chg sides, 0 chg coeffs, 0 upgd conss, 0 impls, 185 clqs
(round 4, fast)       18 del vars, 4 del conss, 0 add conss, 0 chg bounds, 0 chg sides, 0 chg coeffs, 0 upgd conss, 0 impls, 185 clqs
(round 5, exhaustive) 18 del vars, 7 del conss, 0 add conss, 0 chg bounds, 3 chg sides, 0 chg coeffs, 0 upgd conss, 0 impls, 185 clqs
(round 6, exhaustive) 18 del vars, 7 del conss, 0 add conss, 0 chg bounds, 3 chg sides, 0 chg coeffs, 182 upgd conss, 0 impls, 185 clqs
(round 7, medium)     48 del vars, 7 del conss, 0 add conss, 0 chg bounds, 3 chg sides, 30 chg coeffs, 182 upgd conss, 0 impls, 185 clqs
(round 8, fast)       69 del vars, 10 del conss, 0 add conss, 0 chg bounds, 3 chg sides, 30 chg coeffs, 182 upgd conss, 0 impls, 182 clqs
(round 9, exhaustive) 69 del vars, 14 del conss, 0 add conss, 0 chg bounds, 3 chg sides, 30 chg coeffs, 182 upgd conss, 0 impls, 182 clqs
   (0.0s) probing: 51/431 (11.8%) - 0 fixings, 0 aggregations, 0 implications, 0 bound changes
   (0.0s) probing aborted: 50/50 successive totally useless probings
   (0.0s) symmetry computation started: requiring (bin +, int +, cont +), (fixed: bin -, int -, cont -)
   (0.0s) no symmetry present (symcode time: 0.00)
presolving (10 rounds: 10 fast, 6 medium, 4 exhaustive):
 69 deleted vars, 14 deleted constraints, 0 added constraints, 0 tightened bounds, 0 added holes, 3 changed sides, 30 changed coefficients
 0 implications, 182 cliques
presolved problem has 431 variables (431 bin, 0 int, 0 impl, 0 cont) and 175 constraints
    175 constraints of type <setppc>
Presolving Time: 0.02

 time | node  | left  |LP iter|LP it/n|mem/heur|mdpt |vars |cons |rows |cuts |sepa|confs|strbr|  dualbound   | primalbound  |  gap   | compl. 
  0.1s|     1 |     0 |  1346 |     - |  5031k |   0 | 431 | 175 | 175 |   0 |  0 |   0 |   0 | 7.515315e+03 |      --      |    Inf | unknown
d 0.1s|     1 |     0 |  1346 |     - |distribu|   0 | 431 | 175 | 175 |   0 |  1 |   0 |   0 | 7.515315e+03 | 2.802786e+03 | 168.14%| unknown
d 0.1s|     1 |     0 |  1352 |     - |distribu|   0 | 431 | 175 | 175 |   0 |  1 |   0 |   0 | 7.515315e+03 | 3.156155e+03 | 138.12%| unknown
d 0.1s|     1 |     0 |  1473 |     - |distribu|   0 | 431 | 175 | 175 |   0 |  1 |   0 |   0 | 7.515315e+03 | 3.294535e+03 | 128.11%| unknown
d 0.1s|     1 |     0 |  1523 |     - |distribu|   0 | 431 | 175 | 175 |   0 |  1 |   0 |   0 | 7.515315e+03 | 5.040262e+03 |  49.11%| unknown
d 0.1s|     1 |     0 |  1564 |     - |distribu|   0 | 431 | 175 | 175 |   0 |  1 |   0 |   0 | 7.515315e+03 | 5.391841e+03 |  39.38%| unknown
d 0.1s|     1 |     0 |  1615 |     - |distribu|   0 | 431 | 175 | 175 |   0 |  1 |   0 |   0 | 7.515315e+03 | 6.012325e+03 |  25.00%| unknown
d 0.1s|     1 |     0 |  1661 |     - |distribu|   0 | 431 | 175 | 175 |   0 |  1 |   0 |   0 | 7.515315e+03 | 6.233953e+03 |  20.55%| unknown
  0.1s|     1 |     0 |  1661 |     - |  5181k |   0 | 431 | 175 | 175 |   0 |  1 |   0 |   0 | 7.515315e+03 | 6.233953e+03 |  20.55%| unknown
  0.2s|     1 |     2 |  1661 |     - |  5524k |   0 | 431 | 175 | 175 |   0 |  2 |   0 |  27 | 7.470829e+03 | 6.233953e+03 |  19.84%| unknown

SCIP Status        : solving was interrupted [node limit reached]
Solving Time (sec) : 0.22
Solving Nodes      : 1
Primal Bound       : +6.23395327160234e+03 (40 solutions)
Dual Bound         : +7.47082929828279e+03
Gap                : 19.84 %
