presolving:
   (0.0s) running MILP presolver
   (0.0s) MILP presolver (2 rounds): 0 aggregations, 7 fixings, 0 bound changes
(round 1, medium)     7 del vars, 0 del conss, 0 add conss, 0 chg bounds, 0 chg sides, 0 chg coeffs, 0 upgd conss, 0 impls, 187 clqs
(round 2, exhaustive) 7 del vars, 1 del conss, 0 add conss, 0 chg bounds, 1 chg sides, 0 chg coeffs, 0 upgd conss, 0 impls, 187 clqs
(round 3, exhaustive) 7 del vars, 1 del conss, 0 add conss, 0 chg bounds, 1 chg sides, 0 chg coeffs, 186 upgd conss, 0 impls, 187 clqs
(round 4, medium)     43 del vars, 1 del conss, 0 add conss, 0 chg bounds, 1 chg sides, 36 chg coeffs, 186 upgd conss, 0 impls, 187 clqs
(round 5, fast)       59 del vars, 1 del conss, 0 add conss, 0 chg bounds, 1 chg sides, 36 chg coeffs, 186 upgd conss, 0 impls, 187 clqs
(round 6, exhaustive) 59 del vars, 4 del conss, 0 add conss, 0 chg bounds, 1 chg sides, 36 chg coeffs, 186 upgd conss, 0 impls, 187 clqs
   (0.0s) probing: 51/441 (11.6%) - 0 fixings, 0 aggregations, 0 implications, 0 bound changes
   (0.0s) probing aborted: 50/50 successive totally useless probings
   (0.0s) symmetry computation started: requiring (bin +, int +, cont +), (fixed: bin -, int -, cont -)
   (0.0s) no symmetry present (symcode time: 0.00)
presolving (7 rounds: 7 fast, 6 medium, 4 exhaustive):
 59 deleted vars, 4 deleted constraints, 0 added constraints, 0 tightened bounds, 0 added holes, 1 changed sides, 36 changed coefficients
 0 implications, 187 cliques
presolved problem has 441 variables (441 bin, 0 int, 0 impl, 0 cont) and 183 constraints
    183 constraints of type <setppc>
Presolving Time: 0.02

 time | node  | left  |LP iter|LP it/n|mem/heur|mdpt |vars |cons |rows |cuts |sepa|confs|strbr|  dualbound   | primalbound  |  gap   | compl. 
  0.1s|     1 |     0 |  1918 |     - |  5464k |   0 | 441 | 183 | 183 |   0 |  0 |   0 |   0 | 7.541955e+03 |      --      |    Inf | unknown
d 0.1s|     1 |     0 |  1918 |     - |distribu|   0 | 441 | 183 | 183 |   0 |  1 |   0 |   0 | 7.541955e+03 | 2.545073e+03 | 196.34%| unknown
d 0.1s|     1 |     0 |  2011 |     - |distribu|   0 | 441 | 183 | 183 |   0 |  1 |   0 |   0 | 7.541955e+03 | 2.992319e+03 | 152.04%| unknown
d 0.1s|     1 |     0 |  2114 |     - |distribu|   0 | 441 | 183 | 183 |   0 |  1 |   0 |   0 | 7.541955e+03 | 3.422457e+03 | 120.37%| unknown
d 0.1s|     1 |     0 |  2227 |     - |distribu|   0 | 441 | 183 | 183 |   0 |  1 |   0 |   0 | 7.541955e+03 | 3.542049e+03 | 112.93%| unknown
d 0.1s|     1 |     0 |  2290 |     - |distribu|   0 | 441 | 183 | 183 |   0 |  1 |   0 |   0 | 7.541955e+03 | 3.657841e+03 | 106.19%| unknown
d 0.1s|     1 |     0 |  2355 |     - |distribu|   0 | 441 | 183 | 183 |   0 |  1 |   0 |   0 | 7.541955e+03 | 3.984149e+03 |  89.30%| unknown
d 0.1s|     1 |     0 |  2411 |     - |distribu|   0 | 441 | 183 | 183 |   0 |  1 |   0 |   0 | 7.541955e+03 | 4.491630e+03 |  67.91%| unknown
d 0.1s|     1 |     0 |  2426 |     - |distribu|   0 | 441 | 183 | 183 |   0 |  1 |   0 |   0 | 7.541955e+03 | 4.905204e+03 |  53.75%| unknown
d 0.1s|     1 |     0 |  2432 |     - |distribu|   0 | 441 | 183 | 183 |   0 |  1 |   0 |   0 | 7.541955e+03 | 5.604564e+03 |  34.57%| unknown
  0.1s|     1 |     0 |  2432 |     - |  5609k |   0 | 441 | 183 | 183 |   0 |  1 |   0 |   0 | 7.541955e+03 | 5.604564e+03 |  34.57%| unknown
  0.4s|     1 |     2 |  2432 |     - |  5786k |   0 | 441 | 183 | 183 |   0 |  2 |   0 |  32 | 7.479548e+03 | 5.604564e+03 |  33.45%| unknown

SCIP Status        : solving was interrupted [node limit reached]
Solving Time (sec) : 0.37
Solving Nodes      : 1
Primal Bound       : +5.60456412187845e+03 (43 solutions)
Dual Bound         : +7.47954756608178e+03
Gap                : 33.45 %
