presolving:
(round 1, fast)       1 del vars, 2 del conss, 0 add conss, 0 chg bounds, 0 chg sides, 0 chg coeffs, 0 upgd conss, 0 impls, 189 clqs
(round 2, fast)       2 del vars, 2 del conss, 0 add conss, 0 chg bounds, 0 chg sides, 0 chg coeffs, 0 upgd conss, 0 impls, 189 clqs
   (0.0s) running MILP presolver
   (0.0s) MILP presolver (2 rounds): 0 aggregations, 23 fixings, 0 bound changes
(round 3, medium)     25 del vars, 2 del conss, 0 add conss, 0 chg bounds, 0 chg sides, 0 chg coeffs, 0 upgd conss, 0 impls, 188 clqs
(round 4, fast)       25 del vars, 3 del conss, 0 add conss, 0 chg bounds, 0 chg sides, 0 chg coeffs, 0 upgd conss, 0 impls, 188 clqs
(round 5, exhaustive) 25 del vars, 6 del conss, 0 add conss, 0 chg bounds, 3 chg sides, 0 chg coeffs, 0 upgd conss, 0 impls, 188 clqs
(round 6, exhaustive) 25 del vars, 6 del conss, 0 add conss, 0 chg bounds, 3 chg sides, 0 chg coeffs, 185 upgd conss, 0 impls, 188 clqs
(round 7, medium)     67 del vars, 6 del conss, 0 add conss, 0 chg bounds, 3 chg sides, 42 chg coeffs, 185 upgd conss, 0 impls, 188 clqs
(round 8, fast)       92 del vars, 7 del conss, 0 add conss, 0 chg bounds, 3 chg sides, 42 chg coeffs, 185 upgd conss, 0 impls, 186 clqs
(round 9, exhaustive) 92 del vars, 14 del conss, 0 add conss, 0 chg bounds, 3 chg sides, 42 chg coeffs, 185 upgd conss, 0 impls, 186 clqs
(round 10, exhaustive) 93 del vars, 14 del conss, 0 add conss, 0 chg bounds, 3 chg sides, 42 chg coeffs, 185 upgd conss, 0 impls, 185 clqs
   (0.0s) probing: 51/407 (12.5%) - 0 fixings, 0 aggregations, 0 implications, 0 bound changes
   (0.0s) probing aborted: 50/50 successive totally useless probings
   (0.0s) symmetry computation started: requiring (bin +, int +, cont +), (fixed: bin -, int -, cont -)
   (0.0s) no symmetry present (symcode time: 0.00)
presolving (11 rounds: 11 fast, 7 medium, 5 exhaustive):
 93 deleted vars, 14 deleted constraints, 0 added constraints, 0 tightened bounds, 0 added holes, 3 changed sides, 42 changed coefficients
 0 implications, 185 cliques
presolved problem has 407 variables (407 bin, 0 int, 0 impl, 0 cont) and 177 constraints
    177 constraints of type <setppc>
Presolving Time: 0.02

 time | node  | left  |LP iter|LP it/n|mem/heur|mdpt |vars |cons |rows |cuts |sepa|confs|strbr|  dualbound   | primalbound  |  gap   | compl. 
  0.1s|     1 |     0 |  1156 |     - |  4907k |   0 | 407 | 177 | 177 |   0 |  0 |   0 |   0 | 7.605572e+03 |      --      |    Inf | unknown
d 0.1s|     1 |     0 |  1156 |     - |distribu|   0 | 407 | 177 | 177 |   0 |  1 |   0 |   0 | 7.605572e+03 | 3.386512e+03 | 124.58%| unknown
d 0.1s|     1 |     0 |  1291 |     - |distribu|   0 | 407 | 177 | 177 |   0 |  1 |   0 |   0 | 7.605572e+03 | 3.523960e+03 | 115.82%| unknown
d 0.1s|     1 |     0 |  1365 |     - |distribu|   0 | 407 | 177 | 177 |   0 |  1 |   0 |   0 | 7.605572e+03 | 3.774238e+03 | 101.51%| unknown
d 0.1s|     1 |     0 |  1468 |     - |distribu|   0 | 407 | 177 | 177 |   0 |  1 |   0 |   0 | 7.605572e+03 | 4.335054e+03 |  75.44%| unknown
d 0.1s|     1 |     0 |  1512 |     - |distribu|   0 | 407 | 177 | 177 |   0 |  1 |   0 |   0 | 7.605572e+03 | 6.201385e+03 |  22.64%| unknown
d 0.1s|     1 |     0 |  1534 |     - |distribu|   0 | 407 | 177 | 177 |   0 |  1 |   0 |   0 | 7.605572e+03 | 6.904529e+03 |  10.15%| unknown
  0.1s|     1 |     0 |  1534 |     - |  5038k |   0 | 407 | 177 | 177 |   0 |  1 |   0 |   0 | 7.605572e+03 | 6.904529e+03 |  10.15%| unknown
  0.3s|     1 |     2 |  1534 |     - |  5359k |   0 | 407 | 177 | 177 |   0 |  2 |   0 |  36 | 7.564537e+03 | 6.904529e+03 |   9.56%| unknown

SCIP Status        : solving was interrupted [node limit reached]
Solving Time (sec) : 0.27
Solving Nodes      : 1
Primal Bound       : +6.90452915955797e+03 (44 solutions)
Dual Bound         : +7.56453712327458e+03
Gap                : 9.56 %
