presolving:
(round 1, fast)       0 del vars, 1 del conss, 0 add conss, 0 chg bounds, 0 chg sides, 0 chg coeffs, 0 upgd conss, 0 impls, 195 clqs
   (0.0s) running MILP presolver
   (0.0s) MILP presolver (2 rounds): 0 aggregations, 17 fixings, 0 bound changes
(round 2, medium)     17 del vars, 1 del conss, 0 add conss, 0 chg bounds, 0 chg sides, 0 chg coeffs, 0 upgd conss, 0 impls, 195 clqs
(round 3, fast)       18 del vars, 2 del conss, 0 add conss, 0 chg bounds, 0 chg sides, 0 chg coeffs, 0 upgd conss, 0 impls, 194 clqs
(round 4, exhaustive) 18 del vars, 9 del conss, 0 add conss, 0 chg bounds, 7 chg sides, 0 chg coeffs, 0 upgd conss, 0 impls, 194 clqs
(round 5, exhaustive) 18 del vars, 9 del conss, 0 add conss, 0 chg bounds, 7 chg sides, 0 chg coeffs, 187 upgd conss, 0 impls, 194 clqs
(round 6, medium)     56 del vars, 9 del conss, 0 add conss, 0 chg bounds, 7 chg sides, 38 chg coeffs, 187 upgd conss, 0 impls, 194 clqs
(round 7, fast)       70 del vars, 9 del conss, 0 add conss, 0 chg bounds, 7 chg sides, 38 chg coeffs, 187 upgd conss, 0 impls, 194 clqs
(round 8, exhaustive) 70 del vars, 17 del conss, 0 add conss, 0 chg bounds, 7 chg sides, 38 chg coeffs, 187 upgd conss, 0 impls, 194 clqs
   (0.0s) probing: 51/430 (11.9%) - 0 fixings, 0 aggregations, 0 implications, 0 bound changes
   (0.0s) probing aborted: 50/50 successive totally useless probings
   (0.0s) symmetry computation started: requiring (bin +, int +, cont +), (fixed: bin -, int -, cont -)
   (0.0s) no symmetry present (symcode time: 0.00)
presolving (9 rounds: 9 fast, 6 medium, 4 exhaustive):
 70 deleted vars, 17 deleted constraints, 0 added constraints, 0 tightened bounds, 0 added holes, 7 changed sides, 38 changed coefficients
 0 implications, 194 cliques
presolved problem has 430 variables (430 bin, 0 int, 0 impl, 0 cont) and 179 constraints
    179 constraints of type <setppc>
Presolving Time: 0.02

 time | node  | left  |LP iter|LP it/n|mem/heur|mdpt |vars |cons |rows |cuts |sepa|confs|strbr|  dualbound   | primalbound  |  gap   | compl. 
  0.1s|     1 |     0 |  1423 |     - |  5419k |   0 | 430 | 179 | 179 |   0 |  0 |   0 |   0 | 7.993383e+03 |      --      |    Inf | unknown
d 0.1s|     1 |     0 |  1423 |     - |distribu|   0 | 430 | 179 | 179 |   0 |  1 |   0 |   0 | 7.993383e+03 | 3.265644e+03 | 144.77%| unknown
d 0.1s|     1 |     0 |  1494 |     - |distribu|   0 | 430 | 179 | 179 |   0 |  1 |   0 |   0 | 7.993383e+03 | 3.491107e+03 | 128.96%| unknown
d 0.1s|     1 |     0 |  1634 |     - |distribu|   0 | 430 | 179 | 179 |   0 |  1 |   0 |   0 | 7.993383e+03 | 4.150833e+03 |  92.57%| unknown
d 0.1s|     1 |     0 |  1681 |     - |distribu|   0 | 430 | 179 | 179 |   0 |  1 |   0 |   0 | 7.993383e+03 | 4.635369e+03 |  72.44%| unknown
d 0.1s|     1 |     0 |  1741 |     - |distribu|   0 | 430 | 179 | 179 |   0 |  1 |   0 |   0 | 7.993383e+03 | 7.420370e+03 |   7.72%| unknown
  0.1s|     1 |     0 |  1741 |     - |  5545k |   0 | 430 | 179 | 179 |   0 |  1 |   0 |   0 | 7.993383e+03 | 7.420370e+03 |   7.72%| unknown
  0.3s|     1 |     2 |  1741 |     - |  5712k |   0 | 430 | 179 | 179 |   0 |  2 |   0 |  41 | 7.959456e+03 | 7.420370e+03 |   7.26%| unknown

SCIP Status        : solving was interrupted [node limit reached]
Solving Time (sec) : 0.33
Solving Nodes      : 1
Primal Bound       : +7.42037035717261e+03 (47 solutions)
Dual Bound         : +7.95945647858797e+03
Gap                : 7.26 %
