presolving:
   (0.0s) running MILP presolver
   (0.0s) MILP presolver (2 rounds): 0 aggregations, 22 fixings, 0 bound changes
(round 1, medium)     22 del vars, 0 del conss, 0 add conss, 0 chg bounds, 0 chg sides, 0 chg coeffs, 0 upgd conss, 0 impls, 193 clqs
(round 2, fast)       22 del vars, 1 del conss, 0 add conss, 0 chg bounds, 0 chg sides, 0 chg coeffs, 0 upgd conss, 0 impls, 193 clqs
(round 3, exhaustive) 22 del vars, 7 del conss, 0 add conss, 0 chg bounds, 6 chg sides, 0 chg coeffs, 0 upgd conss, 0 impls, 193 clqs
(round 4, exhaustive) 22 del vars, 7 del conss, 0 add conss, 0 chg bounds, 6 chg sides, 0 chg coeffs, 187 upgd conss, 0 impls, 193 clqs
(round 5, medium)     59 del vars, 7 del conss, 0 add conss, 0 chg bounds, 6 chg sides, 37 chg coeffs, 187 upgd conss, 0 impls, 193 clqs
(round 6, fast)       73 del vars, 7 del conss, 0 add conss, 0 chg bounds, 6 chg sides, 37 chg coeffs, 187 upgd conss, 0 impls, 193 clqs
(round 7, exhaustive) 73 del vars, 9 del conss, 0 add conss, 0 chg bounds, 6 chg sides, 37 chg coeffs, 187 upgd conss, 0 impls, 193 clqs
   (0.0s) probing: 51/427 (11.9%) - 0 fixings, 0 aggregations, 0 implications, 0 bound changes
   (0.0s) probing aborted: 50/50 successive totally useless probings
   (0.0s) symmetry computation started: requiring (bin +, int +, cont +), (fixed: bin -, int -, cont -)
   (0.0s) no symmetry present (symcode time: 0.00)
presolving (8 rounds: 8 fast, 6 medium, 4 exhaustive):
 73 deleted vars, 9 deleted constraints, 0 added constraints, 0 tightened bounds, 0 added holes, 6 changed sides, 37 changed coefficients
 0 implications, 193 cliques
presolved problem has 427 variables (427 bin, 0 int, 0 impl, 0 cont) and 185 constraints
    185 constraints of type <setppc>
Presolving Time: 0.02

 time | node  | left  |LP iter|LP it/n|mem/heur|mdpt |vars |cons |rows |cuts |sepa|confs|strbr|  dualbound   | primalbound  |  gap   | compl. 
  0.1s|     1 |     0 |  1391 |     - |  5395k |   0 | 427 | 185 | 185 |   0 |  0 |   0 |   0 | 7.236086e+03 |      --      |    Inf | unknown
d 0.1s|     1 |     0 |  1391 |     - |distribu|   0 | 427 | 185 | 185 |   0 |  1 |   0 |   0 | 7.236086e+03 | 2.875907e+03 | 151.61%| unknown
d 0.1s|     1 |     0 |  1463 |     - |distribu|   0 | 427 | 185 | 185 |   0 |  1 |   0 |   0 | 7.236086e+03 | 3.321879e+03 | 117.83%| unknown
d 0.1s|     1 |     0 |  1518 |     - |distribu|   0 | 427 | 185 | 185 |   0 |  1 |   0 |   0 | 7.236086e+03 | 3.359457e+03 | 115.39%| unknown
d 0.1s|     1 |     0 |  1568 |     - |distribu|   0 | 427 | 185 | 185 |   0 |  1 |   0 |   0 | 7.236086e+03 | 5.160641e+03 |  40.22%| unknown
d 0.1s|     1 |     0 |  1614 |     - |distribu|   0 | 427 | 185 | 185 |   0 |  1 |   0 |   0 | 7.236086e+03 | 6.671114e+03 |   8.47%| unknown
  0.1s|     1 |     0 |  1614 |     - |  5487k |   0 | 427 | 185 | 185 |   0 |  1 |   0 |   0 | 7.236086e+03 | 6.671114e+03 |   8.47%| unknown
  0.4s|     1 |     2 |  1614 |     - |  5758k |   0 | 427 | 185 | 185 |   0 |  2 |   0 |  46 | 7.188097e+03 | 6.671114e+03 |   7.75%| unknown

SCIP Status        : solving was interrupted [node limit reached]
Solving Time (sec) : 0.41
Solving Nodes      : 1
Primal Bound       : +6.67111383281251e+03 (53 solutions)
Dual Bound         : +7.18809721231553e+03
Gap                : 7.75 %
