presolving:
(round 1, fast)       0 del vars, 1 del conss, 0 add conss, 0 chg bounds, 0 chg sides, 0 chg coeffs, 0 upgd conss, 0 impls, 187 clqs
   (0.0s) running MILP presolver
   (0.0s) MILP presolver (2 rounds): 0 aggregations, 22 fixings, 0 bound changes
(round 2, medium)     22 del vars, 1 del conss, 0 add conss, 0 chg bounds, 0 chg sides, 0 chg coeffs, 0 upgd conss, 0 impls, 187 clqs
(round 3, exhaustive) 22 del vars, 3 del conss, 0 add conss, 0 chg bounds, 2 chg sides, 0 chg coeffs, 0 upgd conss, 0 impls, 187 clqs
(round 4, exhaustive) 22 del vars, 3 del conss, 0 add conss, 0 chg bounds, 2 chg sides, 0 chg coeffs, 185 upgd conss, 0 impls, 187 clqs
(round 5, medium)     58 del vars, 3 del conss, 0 add conss, 0 chg bounds, 2 chg sides, 36 chg coeffs, 185 upgd conss, 0 impls, 187 clqs
(round 6, fast)       72 del vars, 3 del conss, 0 add conss, 0 chg bounds, 2 chg sides, 36 chg coeffs, 185 upgd conss, 0 impls, 186 clqs
(round 7, exhaustive) 72 del vars, 4 del conss, 0 add conss, 0 chg bounds, 2 chg sides, 36 chg coeffs, 185 upgd conss, 0 impls, 186 clqs
   (0.0s) probing: 51/428 (11.9%) - 0 fixings, 0 aggregations, 0 implications, 0 bound changes
   (0.0s) probing aborted: 50/50 successive totally useless probings
   (0.0s) symmetry computation started: requiring (bin +, int +, cont +), (fixed: bin -, int -, cont -)
   (0.0s) no symmetry present (symcode time: 0.00)
presolving (8 rounds: 8 fast, 6 medium, 4 exhaustive):
 72 deleted vars, 4 deleted constraints, 0 added constraints, 0 tightened bounds, 0 added holes, 2 changed sides, 36 changed coefficients
 0 implications, 186 cliques
presolved problem has 428 variables (428 bin, 0 int, 0 impl, 0 cont) and 184 constraints
    184 constraints of type <setppc>
Presolving Time: 0.03

 time | node  | left  |LP iter|LP it/n|mem/heur|mdpt |vars |cons |rows |cuts |sepa|confs|strbr|  dualbound   | primalbound  |  gap   | compl. 
  0.1s|     1 |     0 |  1267 |     - |  5446k |   0 | 428 | 184 | 184 |   0 |  0 |   0 |   0 | 7.387933e+03 |      --      |    Inf | unknown
d 0.1s|     1 |     0 |  1267 |     - |distribu|   0 | 428 | 184 | 184 |   0 |  1 |   0 |   0 | 7.387933e+03 | 2.849180e+03 | 159.30%| unknown
d 0.1s|     1 |     0 |  1333 |     - |distribu|   0 | 428 | 184 | 184 |   0 |  1 |   0 |   0 | 7.387933e+03 | 3.304624e+03 | 123.56%| unknown
d 0.1s|     1 |     0 |  1389 |     - |distribu|   0 | 428 | 184 | 184 |   0 |  1 |   0 |   0 | 7.387933e+03 | 3.313772e+03 | 122.95%| unknown
d 0.1s|     1 |     0 |  1489 |     - |distribu|   0 | 428 | 184 | 184 |   0 |  1 |   0 |   0 | 7.387933e+03 | 3.597008e+03 | 105.39%| unknown
d 0.1s|     1 |     0 |  1516 |     - |distribu|   0 | 428 | 184 | 184 |   0 |  1 |   0 |   0 | 7.387933e+03 | 3.628696e+03 | 103.60%| unknown
d 0.1s|     1 |     0 |  1548 |     - |distribu|   0 | 428 | 184 | 184 |   0 |  1 |   0 |   0 | 7.387933e+03 | 4.373025e+03 |  68.94%| unknown
d 0.1s|     1 |     0 |  1572 |     - |distribu|   0 | 428 | 184 | 184 |   0 |  1 |   0 |   0 | 7.387933e+03 | 6.432164e+03 |  14.86%| unknown
  0.2s|     1 |     0 |  1572 |     - |  5575k |   0 | 428 | 184 | 184 |   0 |  1 |   0 |   0 | 7.387933e+03 | 6.432164e+03 |  14.86%| unknown
  0.3s|     1 |     2 |  1572 |     - |  5634k |   0 | 428 | 184 | 184 |   0 |  2 |   0 |  19 | 7.360383e+03 | 6.432164e+03 |  14.43%| unknown

SCIP Status        : solving was interrupted [node limit reached]
Solving Time (sec) : 0.25
Solving Nodes      : 1
Primal Bound       : +6.43216439953224e+03 (25 solutions)
Dual Bound         : +7.36038264364126e+03
Gap                : 14.43 %
