presolving:
   (0.0s) running MILP presolver
   (0.0s) MILP presolver (2 rounds): 0 aggregations, 15 fixings, 0 bound changes
(round 1, medium)     15 del vars, 0 del conss, 0 add conss, 0 chg bounds, 0 chg sides, 0 chg coeffs, 0 upgd conss, 0 impls, 193 clqs
(round 2, fast)       15 del vars, 1 del conss, 0 add conss, 0 chg bounds, 0 chg sides, 0 chg coeffs, 0 upgd conss, 0 impls, 193 clqs
(round 3, exhaustive) 15 del vars, 2 del conss, 0 add conss, 0 chg bounds, 1 chg sides, 0 chg coeffs, 0 upgd conss, 0 impls, 193 clqs
(round 4, exhaustive) 15 del vars, 2 del conss, 0 add conss, 0 chg bounds, 1 chg sides, 0 chg coeffs, 192 upgd conss, 0 impls, 193 clqs
(round 5, medium)     49 del vars, 2 del conss, 0 add conss, 0 chg bounds, 1 chg sides, 34 chg coeffs, 192 upgd conss, 0 impls, 193 clqs
(round 6, fast)       54 del vars, 2 del conss, 0 add conss, 0 chg bounds, 1 chg sides, 34 chg coeffs, 192 upgd conss, 0 impls, 193 clqs
(round 7, exhaustive) 54 del vars, 3 del conss, 0 add conss, 0 chg bounds, 1 chg sides, 34 chg coeffs, 192 upgd conss, 0 impls, 193 clqs
   (0.0s) probing: 51/446 (11.4%) - 0 fixings, 0 aggregations, 0 implications, 0 bound changes
   (0.0s) probing aborted: 50/50 successive totally useless probings
   (0.0s) symmetry computation started: requiring (bin +, int +, cont +), (fixed: bin -, int -, cont -)
   (0.0s) no symmetry present (symcode time: 0.00)
presolving (8 rounds: 8 fast, 6 medium, 4 exhaustive):
 54 deleted vars, 3 deleted constraints, 0 added constraints, 0 tightened bounds, 0 added holes, 1 changed sides, 34 changed coefficients
 0 implications, 193 cliques
presolved problem has 446 variables (446 bin, 0 int, 0 impl, 0 cont) and 191 constraints
    191 constraints of type <setppc>
Presolving Time: 0.04

 time | node  | left  |LP iter|LP it/n|mem/heur|mdpt |vars |cons |rows |cuts |sepa|confs|strbr|  dualbound   | primalbound  |  gap   | compl. 
  0.1s|     1 |     0 |  1725 |     - |  5358k |   0 | 446 | 191 | 191 |   0 |  0 |   0 |   0 | 7.779881e+03 |      --      |    Inf | unknown
d 0.1s|     1 |     0 |  1725 |     - |distribu|   0 | 446 | 191 | 191 |   0 |  1 |   0 |   0 | 7.779881e+03 | 2.673382e+03 | 191.01%| unknown
d 0.1s|     1 |     0 |  1826 |     - |distribu|   0 | 446 | 191 | 191 |   0 |  1 |   0 |   0 | 7.779881e+03 | 3.566940e+03 | 118.11%| unknown
d 0.1s|     1 |     0 |  1936 |     - |distribu|   0 | 446 | 191 | 191 |   0 |  1 |   0 |   0 | 7.779881e+03 | 3.979740e+03 |  95.49%| unknown
d 0.1s|     1 |     0 |  1983 |     - |distribu|   0 | 446 | 191 | 191 |   0 |  1 |   0 |   0 | 7.779881e+03 | 4.603736e+03 |  68.99%| unknown
d 0.1s|     1 |     0 |  2006 |     - |distribu|   0 | 446 | 191 | 191 |   0 |  1 |   0 |   0 | 7.779881e+03 | 4.724259e+03 |  64.68%| unknown
d 0.1s|     1 |     0 |  2016 |     - |distribu|   0 | 446 | 191 | 191 |   0 |  1 |   0 |   0 | 7.779881e+03 | 5.027741e+03 |  54.74%| unknown
d 0.1s|     1 |     0 |  2026 |     - |distribu|   0 | 446 | 191 | 191 |   0 |  1 |   0 |   0 | 7.779881e+03 | 6.478290e+03 |  20.09%| unknown
  0.1s|     1 |     0 |  2026 |     - |  5536k |   0 | 446 | 191 | 191 |   0 |  1 |   0 |   0 | 7.779881e+03 | 6.478290e+03 |  20.09%| unknown
  0.2s|     1 |     2 |  2026 |     - |  5756k |   0 | 446 | 191 | 191 |   0 |  2 |   0 |  26 | 7.746435e+03 | 6.478290e+03 |  19.58%| unknown

SCIP Status        : solving was interrupted [node limit reached]
Solving Time (sec) : 0.21
Solving Nodes      : 1
Primal Bound       : +6.47829046002392e+03 (41 solutions)
Dual Bound         : +7.74643453647331e+03
Gap                : 19.58 %
