presolving:
(round 1, fast)       1 del vars, 1 del conss, 0 add conss, 0 chg bounds, 0 chg sides, 0 chg coeffs, 0 upgd conss, 0 impls, 193 clqs
   (0.0s) running MILP presolver
   (0.0s) MILP presolver (2 rounds): 0 aggregations, 12 fixings, 0 bound changes
(round 2, medium)     13 del vars, 1 del conss, 0 add conss, 0 chg bounds, 0 chg sides, 0 chg coeffs, 0 upgd conss, 0 impls, 193 clqs
(round 3, exhaustive) 13 del vars, 3 del conss, 0 add conss, 0 chg bounds, 2 chg sides, 0 chg coeffs, 0 upgd conss, 0 impls, 193 clqs
(round 4, exhaustive) 13 del vars, 3 del conss, 0 add conss, 0 chg bounds, 2 chg sides, 0 chg coeffs, 191 upgd conss, 0 impls, 193 clqs
(round 5, medium)     45 del vars, 3 del conss, 0 add conss, 0 chg bounds, 2 chg sides, 32 chg coeffs, 191 upgd conss, 0 impls, 193 clqs
(round 6, fast)       56 del vars, 3 del conss, 0 add conss, 0 chg bounds, 2 chg sides, 32 chg coeffs, 191 upgd conss, 0 impls, 193 clqs
(round 7, exhaustive) 56 del vars, 6 del conss, 0 add conss, 0 chg bounds, 2 chg sides, 32 chg coeffs, 191 upgd conss, 0 impls, 193 clqs
   (0.0s) probing: 51/444 (11.5%) - 0 fixings, 0 aggregations, 0 implications, 0 bound changes
   (0.0s) probing aborted: 50/50 successive totally useless probings
   (0.0s) symmetry computation started: requiring (bin +, int +, cont +), (fixed: bin -, int -, cont -)
   (0.0s) no symmetry present (symcode time: 0.00)
presolving (8 rounds: 8 fast, 6 medium, 4 exhaustive):
 56 deleted vars, 6 deleted constraints, 0 added constraints, 0 tightened bounds, 0 added holes, 2 changed sides, 32 changed coefficients
 0 implications, 193 cliques
presolved problem has 444 variables (444 bin, 0 int, 0 impl, 0 cont) and 188 constraints
    188 constraints of type <setppc>
Presolving Time: 0.02

 time | node  | left  |LP iter|LP it/n|mem/heur|mdpt |vars |cons |rows |cuts |sepa|confs|strbr|  dualbound   | primalbound  |  gap   | compl. 
  0.1s|     1 |     0 |  1649 |     - |  5317k |   0 | 444 | 188 | 188 |   0 |  0 |   0 |   0 | 7.668423e+03 |      --      |    Inf | unknown
d 0.1s|     1 |     0 |  1649 |     - |distribu|   0 | 444 | 188 | 188 |   0 |  1 |   0 |   0 | 7.668423e+03 | 3.208335e+03 | 139.02%| unknown
d 0.1s|     1 |     0 |  1770 |     - |distribu|   0 | 444 | 188 | 188 |   0 |  1 |   0 |   0 | 7.668423e+03 | 3.637028e+03 | 110.84%| unknown
d 0.1s|     1 |     0 |  1797 |     - |distribu|   0 | 444 | 188 | 188 |   0 |  1 |   0 |   0 | 7.668423e+03 | 4.881045e+03 |  57.11%| unknown
d 0.1s|     1 |     0 |  1798 |     - |distribu|   0 | 444 | 188 | 188 |   0 |  1 |   0 |   0 | 7.668423e+03 | 7.248773e+03 |   5.79%| unknown
  0.1s|     1 |     0 |  1798 |     - |  5421k |   0 | 444 | 188 | 188 |   0 |  1 |   0 |   0 | 7.668423e+03 | 7.248773e+03 |   5.79%| unknown
  0.1s|     1 |     0 |  1798 |     - |  5421k |   0 | 444 | 188 | 188 |   0 |  1 |   0 |   0 | 7.668423e+03 | 7.248773e+03 |   5.79%| unknown
  0.2s|     1 |     2 |  1798 |     - |  5604k |   0 | 444 | 188 | 188 |   0 |  2 |   0 |  19 | 7.650290e+03 | 7.248773e+03 |   5.54%| unknown

SCIP Status        : solving was interrupted [node limit reached]
Solving Time (sec) : 0.20
Solving Nodes      : 1
Primal Bound       : +7.24877304649595e+03 (29 solutions)
Dual Bound         : +7.65029009230469e+03
Gap                : 5.54 %
