presolving:
(round 1, fast)       1 del vars, 2 del conss, 0 add conss, 0 chg bounds, 0 chg sides, 0 chg coeffs, 0 upgd conss, 0 impls, 192 clqs
(round 2, fast)       2 del vars, 2 del conss, 0 add conss, 0 chg bounds, 0 chg sides, 0 chg coeffs, 0 upgd conss, 0 impls, 192 clqs
   (0.0s) running MILP presolver
   (0.0s) MILP presolver (2 rounds): 0 aggregations, 16 fixings, 0 bound changes
(round 3, medium)     18 del vars, 2 del conss, 0 add conss, 0 chg bounds, 0 chg sides, 0 chg coeffs, 0 upgd conss, 0 impls, 191 clqs
(round 4, fast)       18 del vars, 3 del conss, 0 add conss, 0 chg bounds, 0 chg sides, 0 chg coeffs, 0 upgd conss, 0 impls, 191 clqs
(round 5, exhaustive) 18 del vars, 10 del conss, 0 add conss, 0 chg bounds, 7 chg sides, 0 chg coeffs, 0 upgd conss, 0 impls, 191 clqs
(round 6, exhaustive) 18 del vars, 10 del conss, 0 add conss, 0 chg bounds, 7 chg sides, 0 chg coeffs, 184 upgd conss, 0 impls, 191 clqs
(round 7, medium)     49 del vars, 10 del conss, 0 add conss, 0 chg bounds, 7 chg sides, 31 chg coeffs, 184 upgd conss, 0 impls, 191 clqs
(round 8, fast)       66 del vars, 10 del conss, 0 add conss, 0 chg bounds, 7 chg sides, 31 chg coeffs, 184 upgd conss, 0 impls, 191 clqs
(round 9, exhaustive) 66 del vars, 15 del conss, 0 add conss, 0 chg bounds, 7 chg sides, 31 chg coeffs, 184 upgd conss, 0 impls, 191 clqs
   (0.0s) probing: 51/434 (11.8%) - 0 fixings, 0 aggregations, 0 implications, 0 bound changes
   (0.0s) probing aborted: 50/50 successive totally useless probings
   (0.0s) symmetry computation started: requiring (bin +, int +, cont +), (fixed: bin -, int -, cont -)
   (0.0s) no symmetry present (symcode time: 0.00)
presolving (10 rounds: 10 fast, 6 medium, 4 exhaustive):
 66 deleted vars, 15 deleted constraints, 0 added constraints, 0 tightened bounds, 0 added holes, 7 changed sides, 31 changed coefficients
 0 implications, 191 cliques
presolved problem has 434 variables (434 bin, 0 int, 0 impl, 0 cont) and 179 constraints
    179 constraints of type <setppc>
Presolving Time: 0.02

 time | node  | left  |LP iter|LP it/n|mem/heur|mdpt |vars |cons |rows |cuts |sepa|confs|strbr|  dualbound   | primalbound  |  gap   | compl. 
  0.1s|     1 |     0 |  1486 |     - |  5359k |   0 | 434 | 179 | 179 |   0 |  0 |   0 |   0 | 7.646389e+03 |      --      |    Inf | unknown
d 0.1s|     1 |     0 |  1486 |     - |distribu|   0 | 434 | 179 | 179 |   0 |  1 |   0 |   0 | 7.646389e+03 | 2.676815e+03 | 185.65%| unknown
d 0.1s|     1 |     0 |  1506 |     - |distribu|   0 | 434 | 179 | 179 |   0 |  1 |   0 |   0 | 7.646389e+03 | 2.994230e+03 | 155.37%| unknown
d 0.1s|     1 |     0 |  1547 |     - |distribu|   0 | 434 | 179 | 179 |   0 |  1 |   0 |   0 | 7.646389e+03 | 3.095659e+03 | 147.00%| unknown
d 0.1s|     1 |     0 |  1603 |     - |distribu|   0 | 434 | 179 | 179 |   0 |  1 |   0 |   0 | 7.646389e+03 | 3.427144e+03 | 123.11%| unknown
d 0.1s|     1 |     0 |  1702 |     - |distribu|   0 | 434 | 179 | 179 |   0 |  1 |   0 |   0 | 7.646389e+03 | 4.731301e+03 |  61.61%| unknown
d 0.1s|     1 |     0 |  1726 |     - |distribu|   0 | 434 | 179 | 179 |   0 |  1 |   0 |   0 | 7.646389e+03 | 6.913791e+03 |  10.60%| unknown
  0.1s|     1 |     0 |  1726 |     - |  5467k |   0 | 434 | 179 | 179 |   0 |  1 |   0 |   0 | 7.646389e+03 | 6.913791e+03 |  10.60%| unknown
  0.2s|     1 |     2 |  1726 |     - |  5565k |   0 | 434 | 179 | 179 |   0 |  2 |   0 |  20 | 7.608067e+03 | 6.913791e+03 |  10.04%| unknown

SCIP Status        : solving was interrupted [node limit reached]
Solving Time (sec) : 0.23
Solving Nodes      : 1
Primal Bound       : +6.91379138256014e+03 (29 solutions)
Dual Bound         : +7.60806712049314e+03
Gap                : 10.04 %
