presolving:
   (0.0s) running MILP presolver
   (0.0s) MILP presolver (2 rounds): 0 aggregations, 21 fixings, 0 bound changes
(round 1, medium)     21 del vars, 0 del conss, 0 add conss, 0 chg bounds, 0 chg sides, 0 chg coeffs, 0 upgd conss, 0 impls, 187 clqs
(round 2, exhaustive) 21 del vars, 5 del conss, 0 add conss, 0 chg bounds, 5 chg sides, 0 chg coeffs, 0 upgd conss, 0 impls, 187 clqs
(round 3, exhaustive) 21 del vars, 5 del conss, 0 add conss, 0 chg bounds, 5 chg sides, 0 chg coeffs, 182 upgd conss, 0 impls, 187 clqs
(round 4, medium)     54 del vars, 5 del conss, 0 add conss, 0 chg bounds, 5 chg sides, 33 chg coeffs, 182 upgd conss, 0 impls, 187 clqs
(round 5, fast)       64 del vars, 5 del conss, 0 add conss, 0 chg bounds, 5 chg sides, 33 chg coeffs, 182 upgd conss, 0 impls, 187 clqs
(round 6, exhaustive) 64 del vars, 9 del conss, 0 add conss, 0 chg bounds, 5 chg sides, 33 chg coeffs, 182 upgd conss, 0 impls, 187 clqs
   (0.0s) probing: 51/436 (11.7%) - 0 fixings, 0 aggregations, 0 implications, 0 bound changes
   (0.0s) probing aborted: 50/50 successive totally useless probings
   (0.0s) symmetry computation started: requiring (bin +, int +, cont +), (fixed: bin -, int -, cont -)
   (0.0s) no symmetry present (symcode time: 0.00)
presolving (7 rounds: 7 fast, 6 medium, 4 exhaustive):
 64 deleted vars, 9 deleted constraints, 0 added constraints, 0 tightened bounds, 0 added holes, 5 changed sides, 33 changed coefficients
 0 implications, 187 cliques
presolved problem has 436 variables (436 bin, 0 int, 0 impl, 0 cont) and 178 constraints
    178 constraints of type <setppc>
Presolving Time: 0.03

 time | node  | left  |LP iter|LP it/n|mem/heur|mdpt |vars |cons |rows |cuts |sepa|confs|strbr|  dualbound   | primalbound  |  gap   | compl. 
  0.1s|     1 |     0 |   946 |     - |  5371k |   0 | 436 | 178 | 178 |   0 |  0 |   0 |   0 | 6.941770e+03 |      --      |    Inf | unknown
d 0.1s|     1 |     0 |   946 |     - |distribu|   0 | 436 | 178 | 178 |   0 |  1 |   0 |   0 | 6.941770e+03 | 2.447720e+03 | 183.60%| unknown
d 0.1s|     1 |     0 |  1024 |     - |distribu|   0 | 436 | 178 | 178 |   0 |  1 |   0 |   0 | 6.941770e+03 | 2.913182e+03 | 138.29%| unknown
d 0.1s|     1 |     0 |  1100 |     - |distribu|   0 | 436 | 178 | 178 |   0 |  1 |   0 |   0 | 6.941770e+03 | 3.344749e+03 | 107.54%| unknown
d 0.1s|     1 |     0 |  1155 |     - |distribu|   0 | 436 | 178 | 178 |   0 |  1 |   0 |   0 | 6.941770e+03 | 4.106939e+03 |  69.03%| unknown
d 0.1s|     1 |     0 |  1169 |     - |distribu|   0 | 436 | 178 | 178 |   0 |  1 |   0 |   0 | 6.941770e+03 | 4.361552e+03 |  59.16%| unknown
d 0.1s|     1 |     0 |  1174 |     - |distribu|   0 | 436 | 178 | 178 |   0 |  1 |   0 |   0 | 6.941770e+03 | 6.135210e+03 |  13.15%| unknown
  0.1s|     1 |     0 |  1174 |     - |  5484k |   0 | 436 | 178 | 178 |   0 |  1 |   0 |   0 | 6.941770e+03 | 6.135210e+03 |  13.15%| unknown
  0.3s|     1 |     2 |  1174 |     - |  5750k |   0 | 436 | 178 | 178 |   0 |  2 |   0 |  48 | 6.912154e+03 | 6.135210e+03 |  12.66%| unknown

SCIP Status        : solving was interrupted [node limit reached]
Solving Time (sec) : 0.33
Solving Nodes      : 1
Primal Bound       : +6.13520976905052e+03 (57 solutions)
Dual Bound         : +6.91215400899579e+03
Gap                : 12.66 %
