presolving:
   (0.0s) running MILP presolver
   (0.0s) MILP presolver (2 rounds): 0 aggregations, 23 fixings, 0 bound changes
(round 1, medium)     23 del vars, 0 del conss, 0 add conss, 0 chg bounds, 0 chg sides, 0 chg coeffs, 0 upgd conss, 0 impls, 192 clqs
(round 2, exhaustive) 23 del vars, 8 del conss, 0 add conss, 0 chg bounds, 8 chg sides, 0 chg coeffs, 0 upgd conss, 0 impls, 192 clqs
(round 3, exhaustive) 23 del vars, 8 del conss, 0 add conss, 0 chg bounds, 8 chg sides, 0 chg coeffs, 184 upgd conss, 0 impls, 192 clqs
(round 4, medium)     53 del vars, 8 del conss, 0 add conss, 0 chg bounds, 8 chg sides, 30 chg coeffs, 184 upgd conss, 0 impls, 192 clqs
(round 5, fast)       64 del vars, 8 del conss, 0 add conss, 0 chg bounds, 8 chg sides, 30 chg coeffs, 184 upgd conss, 0 impls, 192 clqs
(round 6, exhaustive) 64 del vars, 11 del conss, 0 add conss, 0 chg bounds, 8 chg sides, 30 chg coeffs, 184 upgd conss, 0 impls, 192 clqs
   (0.0s) probing: 51/436 (11.7%) - 0 fixings, 0 aggregations, 0 implications, 0 bound changes
   (0.0s) probing aborted: 50/50 successive totally useless probings
   (0.0s) symmetry computation started: requiring (bin +, int +, cont +), (fixed: bin -, int -, cont -)
   (0.0s) no symmetry present (symcode time: 0.00)
presolving (7 rounds: 7 fast, 6 medium, 4 exhaustive):
 64 deleted vars, 11 deleted constraints, 0 added constraints, 0 tightened bounds, 0 added holes, 8 changed sides, 30 changed coefficients
 0 implications, 192 cliques
presolved problem has 436 variables (436 bin, 0 int, 0 impl, 0 cont) and 181 constraints
    181 constraints of type <setppc>
Presolving Time: 0.02

 time | node  | left  |LP iter|LP it/n|mem/heur|mdpt |vars |cons |rows |cuts |sepa|confs|strbr|  dualbound   | primalbound  |  gap   | compl. 
  0.1s|     1 |     0 |  1230 |     - |  5359k |   0 | 436 | 181 | 181 |   0 |  0 |   0 |   0 | 7.887826e+03 |      --      |    Inf | unknown
d 0.1s|     1 |     0 |  1230 |     - |distribu|   0 | 436 | 181 | 181 |   0 |  1 |   0 |   0 | 7.887826e+03 | 2.430000e+03 | 224.60%| unknown
d 0.1s|     1 |     0 |  1331 |     - |distribu|   0 | 436 | 181 | 181 |   0 |  1 |   0 |   0 | 7.887826e+03 | 2.968808e+03 | 165.69%| unknown
d 0.1s|     1 |     0 |  1402 |     - |distribu|   0 | 436 | 181 | 181 |   0 |  1 |   0 |   0 | 7.887826e+03 | 3.493290e+03 | 125.80%| unknown
d 0.1s|     1 |     0 |  1461 |     - |distribu|   0 | 436 | 181 | 181 |   0 |  1 |   0 |   0 | 7.887826e+03 | 4.441004e+03 |  77.61%| unknown
d 0.1s|     1 |     0 |  1481 |     - |distribu|   0 | 436 | 181 | 181 |   0 |  1 |   0 |   0 | 7.887826e+03 | 4.564590e+03 |  72.80%| unknown
d 0.1s|     1 |     0 |  1491 |     - |distribu|   0 | 436 | 181 | 181 |   0 |  1 |   0 |   0 | 7.887826e+03 | 7.097055e+03 |  11.14%| unknown
  0.1s|     1 |     0 |  1491 |     - |  5490k |   0 | 436 | 181 | 181 |   0 |  1 |   0 |   0 | 7.887826e+03 | 7.097055e+03 |  11.14%| unknown
  0.2s|     1 |     2 |  1491 |     - |  5589k |   0 | 436 | 181 | 181 |   0 |  2 |   0 |  19 | 7.825377e+03 | 7.097055e+03 |  10.26%| unknown

SCIP Status        : solving was interrupted [node limit reached]
Solving Time (sec) : 0.18
Solving Nodes      : 1
Primal Bound       : +7.09705516663818e+03 (29 solutions)
Dual Bound         : +7.82537708518438e+03
Gap                : 10.26 %
