presolving:
(round 1, fast)       0 del vars, 1 del conss, 0 add conss, 0 chg bounds, 0 chg sides, 0 chg coeffs, 0 upgd conss, 0 impls, 189 clqs
   (0.0s) running MILP presolver
   (0.0s) MILP presolver (2 rounds): 0 aggregations, 20 fixings, 0 bound changes
(round 2, medium)     20 del vars, 1 del conss, 0 add conss, 0 chg bounds, 0 chg sides, 0 chg coeffs, 0 upgd conss, 0 impls, 189 clqs
(round 3, exhaustive) 20 del vars, 7 del conss, 0 add conss, 0 chg bounds, 6 chg sides, 0 chg coeffs, 0 upgd conss, 0 impls, 189 clqs
(round 4, exhaustive) 20 del vars, 7 del conss, 0 add conss, 0 chg bounds, 6 chg sides, 0 chg coeffs, 183 upgd conss, 0 impls, 189 clqs
(round 5, medium)     58 del vars, 7 del conss, 0 add conss, 0 chg bounds, 6 chg sides, 38 chg coeffs, 183 upgd conss, 0 impls, 189 clqs
(round 6, fast)       71 del vars, 7 del conss, 0 add conss, 0 chg bounds, 6 chg sides, 38 chg coeffs, 183 upgd conss, 0 impls, 189 clqs
(round 7, exhaustive) 71 del vars, 10 del conss, 0 add conss, 0 chg bounds, 6 chg sides, 38 chg coeffs, 183 upgd conss, 0 impls, 189 clqs
   (0.0s) probing: 51/429 (11.9%) - 0 fixings, 0 aggregations, 0 implications, 0 bound changes
   (0.0s) probing aborted: 50/50 successive totally useless probings
   (0.0s) symmetry computation started: requiring (bin +, int +, cont +), (fixed: bin -, int -, cont -)
   (0.0s) no symmetry present (symcode time: 0.00)
presolving (8 rounds: 8 fast, 6 medium, 4 exhaustive):
 71 deleted vars, 10 deleted constraints, 0 added constraints, 0 tightened bounds, 0 added holes, 6 changed sides, 38 changed coefficients
 0 implications, 189 cliques
presolved problem has 429 variables (429 bin, 0 int, 0 impl, 0 cont) and 180 constraints
    180 constraints of type <setppc>
Presolving Time: 0.02

 time | node  | left  |LP iter|LP it/n|mem/heur|mdpt |vars |cons |rows |cuts |sepa|confs|strbr|  dualbound   | primalbound  |  gap   | compl. 
  0.1s|     1 |     0 |  1579 |     - |  5524k |   0 | 429 | 180 | 180 |   0 |  0 |   0 |   0 | 7.538495e+03 |      --      |    Inf | unknown
d 0.1s|     1 |     0 |  1579 |     - |distribu|   0 | 429 | 180 | 180 |   0 |  1 |   0 |   0 | 7.538495e+03 | 2.522589e+03 | 198.84%| unknown
d 0.1s|     1 |     0 |  1693 |     - |distribu|   0 | 429 | 180 | 180 |   0 |  1 |   0 |   0 | 7.538495e+03 | 2.664109e+03 | 182.96%| unknown
d 0.1s|     1 |     0 |  1764 |     - |distribu|   0 | 429 | 180 | 180 |   0 |  1 |   0 |   0 | 7.538495e+03 | 2.919243e+03 | 158.23%| unknown
d 0.1s|     1 |     0 |  1836 |     - |distribu|   0 | 429 | 180 | 180 |   0 |  1 |   0 |   0 | 7.538495e+03 | 3.507428e+03 | 114.93%| unknown
d 0.1s|     1 |     0 |  1903 |     - |distribu|   0 | 429 | 180 | 180 |   0 |  1 |   0 |   0 | 7.538495e+03 | 4.751155e+03 |  58.67%| unknown
d 0.1s|     1 |     0 |  1992 |     - |distribu|   0 | 429 | 180 | 180 |   0 |  1 |   0 |   0 | 7.538495e+03 | 6.251680e+03 |  20.58%| unknown
  0.1s|     1 |     0 |  1992 |     - |  5669k |   0 | 429 | 180 | 180 |   0 |  1 |   0 |   0 | 7.538495e+03 | 6.251680e+03 |  20.58%| unknown
  0.2s|     1 |     2 |  1992 |     - |  5834k |   0 | 429 | 180 | 180 |   0 |  2 |   0 |  23 | 7.494037e+03 | 6.251680e+03 |  19.87%| unknown

SCIP Status        : solving was interrupted [node limit reached]
Solving Time (sec) : 0.21
Solving Nodes      : 1
Primal Bound       : +6.25168013627547e+03 (30 solutions)
Dual Bound         : +7.49403743422345e+03
Gap                : 19.87 %
