presolving:
(round 1, fast)       0 del vars, 2 del conss, 0 add conss, 0 chg bounds, 0 chg sides, 0 chg coeffs, 0 upgd conss, 0 impls, 187 clqs
(round 2, fast)       1 del vars, 2 del conss, 0 add conss, 0 chg bounds, 0 chg sides, 0 chg coeffs, 0 upgd conss, 0 impls, 187 clqs
   (0.0s) running MILP presolver
   (0.0s) MILP presolver (2 rounds): 0 aggregations, 19 fixings, 0 bound changes
(round 3, medium)     20 del vars, 2 del conss, 0 add conss, 0 chg bounds, 0 chg sides, 0 chg coeffs, 0 upgd conss, 0 impls, 185 clqs
(round 4, fast)       20 del vars, 4 del conss, 0 add conss, 0 chg bounds, 0 chg sides, 0 chg coeffs, 0 upgd conss, 0 impls, 185 clqs
(round 5, exhaustive) 20 del vars, 7 del conss, 0 add conss, 0 chg bounds, 3 chg sides, 0 chg coeffs, 0 upgd conss, 0 impls, 185 clqs
(round 6, exhaustive) 20 del vars, 7 del conss, 0 add conss, 0 chg bounds, 3 chg sides, 0 chg coeffs, 182 upgd conss, 0 impls, 185 clqs
(round 7, medium)     62 del vars, 7 del conss, 0 add conss, 0 chg bounds, 3 chg sides, 42 chg coeffs, 182 upgd conss, 0 impls, 185 clqs
(round 8, fast)       89 del vars, 7 del conss, 0 add conss, 0 chg bounds, 3 chg sides, 42 chg coeffs, 182 upgd conss, 0 impls, 183 clqs
(round 9, exhaustive) 89 del vars, 10 del conss, 0 add conss, 0 chg bounds, 3 chg sides, 42 chg coeffs, 182 upgd conss, 0 impls, 183 clqs
   (0.0s) probing: 51/411 (12.4%) - 0 fixings, 0 aggregations, 0 implications, 0 bound changes
   (0.0s) probing aborted: 50/50 successive totally useless probings
   (0.0s) symmetry computation started: requiring (bin +, int +, cont +), (fixed: bin -, int -, cont -)
   (0.0s) no symmetry present (symcode time: 0.00)
presolving (10 rounds: 10 fast, 6 medium, 4 exhaustive):
 89 deleted vars, 10 deleted constraints, 0 added constraints, 0 tightened bounds, 0 added holes, 3 changed sides, 42 changed coefficients
 0 implications, 183 cliques
presolved problem has 411 variables (411 bin, 0 int, 0 impl, 0 cont) and 179 constraints
    179 constraints of type <setppc>
Presolving Time: 0.02

 time | node  | left  |LP iter|LP it/n|mem/heur|mdpt |vars |cons |rows |cuts |sepa|confs|strbr|  dualbound   | primalbound  |  gap   | compl. 
  0.1s|     1 |     0 |  1228 |     - |  5340k |   0 | 411 | 179 | 179 |   0 |  0 |   0 |   0 | 7.573397e+03 |      --      |    Inf | unknown
d 0.1s|     1 |     0 |  1228 |     - |distribu|   0 | 411 | 179 | 179 |   0 |  1 |   0 |   0 | 7.573397e+03 | 2.946110e+03 | 157.06%| unknown
d 0.1s|     1 |     0 |  1355 |     - |distribu|   0 | 411 | 179 | 179 |   0 |  1 |   0 |   0 | 7.573397e+03 | 3.801713e+03 |  99.21%| unknown
d 0.1s|     1 |     0 |  1414 |     - |distribu|   0 | 411 | 179 | 179 |   0 |  1 |   0 |   0 | 7.573397e+03 | 4.318683e+03 |  75.36%| unknown
d 0.1s|     1 |     0 |  1473 |     - |distribu|   0 | 411 | 179 | 179 |   0 |  1 |   0 |   0 | 7.573397e+03 | 6.567620e+03 |  15.31%| unknown
  0.1s|     1 |     0 |  1473 |     - |  5465k |   0 | 411 | 179 | 179 |   0 |  1 |   0 |   0 | 7.573397e+03 | 6.567620e+03 |  15.31%| unknown
  0.2s|     1 |     2 |  1473 |     - |  5602k |   0 | 411 | 179 | 179 |   0 |  2 |   0 |  29 | 7.540672e+03 | 6.567620e+03 |  14.82%| unknown

SCIP Status        : solving was interrupted [node limit reached]
Solving Time (sec) : 0.23
Solving Nodes      : 1
Primal Bound       : +6.56761966177509e+03 (36 solutions)
Dual Bound         : +7.54067249210164e+03
Gap                : 14.82 %
