presolving:
(round 1, fast)       0 del vars, 1 del conss, 0 add conss, 0 chg bounds, 0 chg sides, 0 chg coeffs, 0 upgd conss, 0 impls, 186 clqs
   (0.0s) running MILP presolver
   (0.0s) MILP presolver (2 rounds): 0 aggregations, 12 fixings, 0 bound changes
(round 2, medium)     12 del vars, 1 del conss, 0 add conss, 0 chg bounds, 0 chg sides, 0 chg coeffs, 0 upgd conss, 0 impls, 186 clqs
(round 3, fast)       13 del vars, 2 del conss, 0 add conss, 0 chg bounds, 0 chg sides, 0 chg coeffs, 0 upgd conss, 0 impls, 185 clqs
(round 4, exhaustive) 13 del vars, 5 del conss, 0 add conss, 0 chg bounds, 3 chg sides, 0 chg coeffs, 0 upgd conss, 0 impls, 185 clqs
(round 5, exhaustive) 13 del vars, 5 del conss, 0 add conss, 0 chg bounds, 3 chg sides, 0 chg coeffs, 182 upgd conss, 0 impls, 185 clqs
(round 6, medium)     50 del vars, 5 del conss, 0 add conss, 0 chg bounds, 3 chg sides, 37 chg coeffs, 182 upgd conss, 0 impls, 185 clqs
(round 7, fast)       58 del vars, 5 del conss, 0 add conss, 0 chg bounds, 3 chg sides, 37 chg coeffs, 182 upgd conss, 0 impls, 185 clqs
(round 8, exhaustive) 58 del vars, 8 del conss, 0 add conss, 0 chg bounds, 3 chg sides, 37 chg coeffs, 182 upgd conss, 0 impls, 185 clqs
   (0.0s) probing: 51/442 (11.5%) - 0 fixings, 0 aggregations, 0 implications, 0 bound changes
   (0.0s) probing aborted: 50/50 successive totally useless probings
   (0.0s) symmetry computation started: requiring (bin +, int +, cont +), (fixed: bin -, int -, cont -)
   (0.0s) no symmetry present (symcode time: 0.00)
presolving (9 rounds: 9 fast, 6 medium, 4 exhaustive):
 58 deleted vars, 8 deleted constraints, 0 added constraints, 0 tightened bounds, 0 added holes, 3 changed sides, 37 changed coefficients
 0 implications, 185 cliques
presolved problem has 442 variables (442 bin, 0 int, 0 impl, 0 cont) and 179 constraints
    179 constraints of type <setppc>
Presolving Time: 0.04

 time | node  | left  |LP iter|LP it/n|mem/heur|mdpt |vars |cons |rows |cuts |sepa|confs|strbr|  dualbound   | primalbound  |  gap   | compl. 
  0.1s|     1 |     0 |  1421 |     - |  5458k |   0 | 442 | 179 | 179 |   0 |  0 |   0 |   0 | 7.777995e+03 |      --      |    Inf | unknown
d 0.2s|     1 |     0 |  1421 |     - |distribu|   0 | 442 | 179 | 179 |   0 |  1 |   0 |   0 | 7.777995e+03 | 2.723976e+03 | 185.54%| unknown
d 0.2s|     1 |     0 |  1504 |     - |distribu|   0 | 442 | 179 | 179 |   0 |  1 |   0 |   0 | 7.777995e+03 | 3.003737e+03 | 158.94%| unknown
d 0.2s|     1 |     0 |  1604 |     - |distribu|   0 | 442 | 179 | 179 |   0 |  1 |   0 |   0 | 7.777995e+03 | 3.622374e+03 | 114.72%| unknown
d 0.2s|     1 |     0 |  1682 |     - |distribu|   0 | 442 | 179 | 179 |   0 |  1 |   0 |   0 | 7.777995e+03 | 4.259283e+03 |  82.61%| unknown
d 0.2s|     1 |     0 |  1718 |     - |distribu|   0 | 442 | 179 | 179 |   0 |  1 |   0 |   0 | 7.777995e+03 | 4.542024e+03 |  71.25%| unknown
d 0.2s|     1 |     0 |  1801 |     - |distribu|   0 | 442 | 179 | 179 |   0 |  1 |   0 |   0 | 7.777995e+03 | 5.153322e+03 |  50.93%| unknown
d 0.2s|     1 |     0 |  1826 |     - |distribu|   0 | 442 | 179 | 179 |   0 |  1 |   0 |   0 | 7.777995e+03 | 5.854793e+03 |  32.85%| unknown
d 0.2s|     1 |     0 |  1893 |     - |distribu|   0 | 442 | 179 | 179 |   0 |  1 |   0 |   0 | 7.777995e+03 | 6.156033e+03 |  26.35%| unknown
  0.2s|     1 |     0 |  1893 |     - |  5636k |   0 | 442 | 179 | 179 |   0 |  1 |   0 |   0 | 7.777995e+03 | 6.156033e+03 |  26.35%| unknown
  0.4s|     1 |     2 |  1893 |     - |  5793k |   0 | 442 | 179 | 179 |   0 |  2 |   0 |  37 | 7.747797e+03 | 6.156033e+03 |  25.86%| unknown

SCIP Status        : solving was interrupted [node limit reached]
Solving Time (sec) : 0.45
Solving Nodes      : 1
Primal Bound       : +6.15603284794112e+03 (52 solutions)
Dual Bound         : +7.74779667935785e+03
Gap                : 25.86 %
