presolving:
   (0.0s) running MILP presolver
   (0.0s) MILP presolver (2 rounds): 0 aggregations, 9 fixings, 0 bound changes
(round 1, medium)     9 del vars, 0 del conss, 0 add conss, 0 chg bounds, 0 chg sides, 0 chg coeffs, 0 upgd conss, 0 impls, 195 clqs
(round 2, exhaustive) 9 del vars, 5 del conss, 0 add conss, 0 chg bounds, 5 chg sides, 0 chg coeffs, 0 upgd conss, 0 impls, 195 clqs
(round 3, exhaustive) 9 del vars, 5 del conss, 0 add conss, 0 chg bounds, 5 chg sides, 0 chg coeffs, 190 upgd conss, 0 impls, 195 clqs
(round 4, medium)     37 del vars, 5 del conss, 0 add conss, 0 chg bounds, 5 chg sides, 28 chg coeffs, 190 upgd conss, 0 impls, 195 clqs
(round 5, fast)       46 del vars, 5 del conss, 0 add conss, 0 chg bounds, 5 chg sides, 28 chg coeffs, 190 upgd conss, 0 impls, 195 clqs
(round 6, exhaustive) 46 del vars, 6 del conss, 0 add conss, 0 chg bounds, 5 chg sides, 28 chg coeffs, 190 upgd conss, 0 impls, 195 clqs
   (0.0s) probing: 51/454 (11.2%) - 0 fixings, 0 aggregations, 0 implications, 0 bound changes
   (0.0s) probing aborted: 50/50 successive totally useless probings
   (0.0s) symmetry computation started: requiring (bin +, int +, cont +), (fixed: bin -, int -, cont -)
   (0.0s) no symmetry present (symcode time: 0.00)
presolving (7 rounds: 7 fast, 6 medium, 4 exhaustive):
 46 deleted vars, 6 deleted constraints, 0 added constraints, 0 tightened bounds, 0 added holes, 5 changed sides, 28 changed coefficients
 0 implications, 195 cliques
presolved problem has 454 variables (454 bin, 0 int, 0 impl, 0 cont) and 189 constraints
    189 constraints of type <setppc>
Presolving Time: 0.02

 time | node  | left  |LP iter|LP it/n|mem/heur|mdpt |vars |cons |rows |cuts |sepa|confs|strbr|  dualbound   | primalbound  |  gap   | compl. 
  0.2s|     1 |     0 |  1505 |     - |  5640k |   0 | 454 | 189 | 189 |   0 |  0 |   0 |   0 | 7.859623e+03 |      --      |    Inf | unknown
d 0.2s|     1 |     0 |  1505 |     - |distribu|   0 | 454 | 189 | 189 |   0 |  1 |   0 |   0 | 7.859623e+03 | 2.232979e+03 | 251.98%| unknown
d 0.2s|     1 |     0 |  1588 |     - |distribu|   0 | 454 | 189 | 189 |   0 |  1 |   0 |   0 | 7.859623e+03 | 2.462290e+03 | 219.20%| unknown
d 0.2s|     1 |     0 |  1795 |     - |distribu|   0 | 454 | 189 | 189 |   0 |  1 |   0 |   0 | 7.859623e+03 | 3.048232e+03 | 157.84%| unknown
d 0.2s|     1 |     0 |  1882 |     - |distribu|   0 | 454 | 189 | 189 |   0 |  1 |   0 |   0 | 7.859623e+03 | 4.909841e+03 |  60.08%| unknown
d 0.2s|     1 |     0 |  1907 |     - |distribu|   0 | 454 | 189 | 189 |   0 |  1 |   0 |   0 | 7.859623e+03 | 6.946577e+03 |  13.14%| unknown
  0.2s|     1 |     0 |  1907 |     - |  5760k |   0 | 454 | 189 | 189 |   0 |  1 |   0 |   0 | 7.859623e+03 | 6.946577e+03 |  13.14%| unknown
  0.3s|     1 |     2 |  1907 |     - |  5837k |   0 | 454 | 189 | 189 |   0 |  2 |   0 |  20 | 7.830987e+03 | 6.946577e+03 |  12.73%| unknown

SCIP Status        : solving was interrupted [node limit reached]
Solving Time (sec) : 0.34
Solving Nodes      : 1
Primal Bound       : +6.94657696906996e+03 (26 solutions)
Dual Bound         : +7.83098703191684e+03
Gap                : 12.73 %
