presolving:
(round 1, fast)       0 del vars, 1 del conss, 0 add conss, 0 chg bounds, 0 chg sides, 0 chg coeffs, 0 upgd conss, 0 impls, 186 clqs
   (0.0s) running MILP presolver
   (0.0s) MILP presolver (2 rounds): 0 aggregations, 25 fixings, 0 bound changes
(round 2, medium)     25 del vars, 1 del conss, 0 add conss, 0 chg bounds, 0 chg sides, 0 chg coeffs, 0 upgd conss, 0 impls, 185 clqs
(round 3, fast)       26 del vars, 3 del conss, 0 add conss, 0 chg bounds, 0 chg sides, 0 chg coeffs, 0 upgd conss, 0 impls, 184 clqs
(round 4, exhaustive) 26 del vars, 6 del conss, 0 add conss, 0 chg bounds, 3 chg sides, 0 chg coeffs, 0 upgd conss, 0 impls, 184 clqs
(round 5, exhaustive) 26 del vars, 6 del conss, 0 add conss, 0 chg bounds, 3 chg sides, 0 chg coeffs, 181 upgd conss, 0 impls, 184 clqs
(round 6, medium)     67 del vars, 6 del conss, 0 add conss, 0 chg bounds, 3 chg sides, 41 chg coeffs, 181 upgd conss, 0 impls, 184 clqs
(round 7, fast)       85 del vars, 6 del conss, 0 add conss, 0 chg bounds, 3 chg sides, 41 chg coeffs, 181 upgd conss, 0 impls, 184 clqs
(round 8, exhaustive) 85 del vars, 12 del conss, 0 add conss, 0 chg bounds, 3 chg sides, 41 chg coeffs, 181 upgd conss, 0 impls, 184 clqs
   (0.0s) probing: 51/415 (12.3%) - 0 fixings, 0 aggregations, 0 implications, 0 bound changes
   (0.0s) probing aborted: 50/50 successive totally useless probings
   (0.0s) symmetry computation started: requiring (bin +, int +, cont +), (fixed: bin -, int -, cont -)
   (0.0s) no symmetry present (symcode time: 0.00)
presolving (9 rounds: 9 fast, 6 medium, 4 exhaustive):
 85 deleted vars, 12 deleted constraints, 0 added constraints, 0 tightened bounds, 0 added holes, 3 changed sides, 41 changed coefficients
 0 implications, 184 cliques
presolved problem has 415 variables (415 bin, 0 int, 0 impl, 0 cont) and 175 constraints
    175 constraints of type <setppc>
Presolving Time: 0.03

 time | node  | left  |LP iter|LP it/n|mem/heur|mdpt |vars |cons |rows |cuts |sepa|confs|strbr|  dualbound   | primalbound  |  gap   | compl. 
  0.1s|     1 |     0 |  1294 |     - |  5197k |   0 | 415 | 175 | 175 |   0 |  0 |   0 |   0 | 7.673625e+03 |      --      |    Inf | unknown
d 0.1s|     1 |     0 |  1294 |     - |distribu|   0 | 415 | 175 | 175 |   0 |  1 |   0 |   0 | 7.673625e+03 | 3.111022e+03 | 146.66%| unknown
d 0.1s|     1 |     0 |  1351 |     - |distribu|   0 | 415 | 175 | 175 |   0 |  1 |   0 |   0 | 7.673625e+03 | 3.318956e+03 | 131.21%| unknown
d 0.1s|     1 |     0 |  1429 |     - |distribu|   0 | 415 | 175 | 175 |   0 |  1 |   0 |   0 | 7.673625e+03 | 4.263809e+03 |  79.97%| unknown
d 0.1s|     1 |     0 |  1518 |     - |distribu|   0 | 415 | 175 | 175 |   0 |  1 |   0 |   0 | 7.673625e+03 | 4.600387e+03 |  66.80%| unknown
d 0.1s|     1 |     0 |  1536 |     - |distribu|   0 | 415 | 175 | 175 |   0 |  1 |   0 |   0 | 7.673625e+03 | 5.430129e+03 |  41.32%| unknown
d 0.1s|     1 |     0 |  1554 |     - |distribu|   0 | 415 | 175 | 175 |   0 |  1 |   0 |   0 | 7.673625e+03 | 6.775289e+03 |  13.26%| unknown
  0.1s|     1 |     0 |  1554 |     - |  5319k |   0 | 415 | 175 | 175 |   0 |  1 |   0 |   0 | 7.673625e+03 | 6.775289e+03 |  13.26%| unknown
  0.3s|     1 |     2 |  1554 |     - |  5591k |   0 | 415 | 175 | 175 |   0 |  2 |   0 |  29 | 7.634488e+03 | 6.775289e+03 |  12.68%| unknown

SCIP Status        : solving was interrupted [node limit reached]
Solving Time (sec) : 0.29
Solving Nodes      : 1
Primal Bound       : +6.77528919819839e+03 (45 solutions)
Dual Bound         : +7.63448762342776e+03
Gap                : 12.68 %
