presolving:
   (0.0s) running MILP presolver
   (0.0s) MILP presolver (2 rounds): 0 aggregations, 22 fixings, 0 bound changes
(round 1, medium)     22 del vars, 0 del conss, 0 add conss, 0 chg bounds, 0 chg sides, 0 chg coeffs, 0 upgd conss, 0 impls, 193 clqs
(round 2, fast)       23 del vars, 2 del conss, 0 add conss, 0 chg bounds, 0 chg sides, 0 chg coeffs, 0 upgd conss, 0 impls, 192 clqs
(round 3, exhaustive) 23 del vars, 7 del conss, 0 add conss, 0 chg bounds, 5 chg sides, 0 chg coeffs, 0 upgd conss, 0 impls, 192 clqs
(round 4, exhaustive) 23 del vars, 7 del conss, 0 add conss, 0 chg bounds, 5 chg sides, 0 chg coeffs, 187 upgd conss, 0 impls, 192 clqs
(round 5, medium)     55 del vars, 7 del conss, 0 add conss, 0 chg bounds, 5 chg sides, 32 chg coeffs, 187 upgd conss, 0 impls, 192 clqs
(round 6, fast)       66 del vars, 8 del conss, 0 add conss, 0 chg bounds, 5 chg sides, 32 chg coeffs, 187 upgd conss, 0 impls, 191 clqs
(round 7, exhaustive) 66 del vars, 11 del conss, 0 add conss, 0 chg bounds, 5 chg sides, 32 chg coeffs, 187 upgd conss, 0 impls, 191 clqs
   (0.0s) probing: 51/434 (11.8%) - 0 fixings, 0 aggregations, 0 implications, 0 bound changes
   (0.0s) probing aborted: 50/50 successive totally useless probings
   (0.0s) symmetry computation started: requiring (bin +, int +, cont +), (fixed: bin -, int -, cont -)
   (0.0s) no symmetry present (symcode time: 0.00)
presolving (8 rounds: 8 fast, 6 medium, 4 exhaustive):
 66 deleted vars, 11 deleted constraints, 0 added constraints, 0 tightened bounds, 0 added holes, 5 changed sides, 32 changed coefficients
 0 implications, 191 cliques
presolved problem has 434 variables (434 bin, 0 int, 0 impl, 0 cont) and 183 constraints
    183 constraints of type <setppc>
Presolving Time: 0.01

 time | node  | left  |LP iter|LP it/n|mem/heur|mdpt |vars |cons |rows |cuts |sepa|confs|strbr|  dualbound   | primalbound  |  gap   | compl. 
  0.0s|     1 |     0 |   730 |     - |  5316k |   0 | 434 | 183 | 183 |   0 |  0 |   0 |   0 | 7.533022e+03 |      --      |    Inf | unknown
d 0.0s|     1 |     0 |   730 |     - |distribu|   0 | 434 | 183 | 183 |   0 |  1 |   0 |   0 | 7.533022e+03 | 2.842920e+03 | 164.97%| unknown
d 0.0s|     1 |     0 |   797 |     - |distribu|   0 | 434 | 183 | 183 |   0 |  1 |   0 |   0 | 7.533022e+03 | 3.297738e+03 | 128.43%| unknown
d 0.1s|     1 |     0 |   847 |     - |distribu|   0 | 434 | 183 | 183 |   0 |  1 |   0 |   0 | 7.533022e+03 | 4.097223e+03 |  83.86%| unknown
d 0.1s|     1 |     0 |   894 |     - |distribu|   0 | 434 | 183 | 183 |   0 |  1 |   0 |   0 | 7.533022e+03 | 6.280231e+03 |  19.95%| unknown
d 0.1s|     1 |     0 |   975 |     - |distribu|   0 | 434 | 183 | 183 |   0 |  1 |   0 |   0 | 7.533022e+03 | 6.715961e+03 |  12.17%| unknown
  0.1s|     1 |     0 |   975 |     - |  5434k |   0 | 434 | 183 | 183 |   0 |  1 |   0 |   0 | 7.533022e+03 | 6.715961e+03 |  12.17%| unknown
  0.2s|     1 |     2 |   975 |     - |  5742k |   0 | 434 | 183 | 183 |   0 |  2 |   0 |  28 | 7.494135e+03 | 6.715961e+03 |  11.59%| unknown

SCIP Status        : solving was interrupted [node limit reached]
Solving Time (sec) : 0.17
Solving Nodes      : 1
Primal Bound       : +6.71596139472615e+03 (42 solutions)
Dual Bound         : +7.49413474764574e+03
Gap                : 11.59 %
