presolving:
(round 1, fast)       1 del vars, 1 del conss, 0 add conss, 0 chg bounds, 0 chg sides, 0 chg coeffs, 0 upgd conss, 0 impls, 185 clqs
   (0.0s) running MILP presolver
   (0.0s) MILP presolver (2 rounds): 0 aggregations, 14 fixings, 0 bound changes
(round 2, medium)     15 del vars, 1 del conss, 0 add conss, 0 chg bounds, 0 chg sides, 0 chg coeffs, 0 upgd conss, 0 impls, 185 clqs
(round 3, exhaustive) 15 del vars, 7 del conss, 0 add conss, 0 chg bounds, 6 chg sides, 0 chg coeffs, 0 upgd conss, 0 impls, 185 clqs
(round 4, exhaustive) 15 del vars, 7 del conss, 0 add conss, 0 chg bounds, 6 chg sides, 0 chg coeffs, 179 upgd conss, 0 impls, 185 clqs
(round 5, medium)     57 del vars, 7 del conss, 0 add conss, 0 chg bounds, 6 chg sides, 42 chg coeffs, 179 upgd conss, 0 impls, 185 clqs
(round 6, fast)       87 del vars, 7 del conss, 0 add conss, 0 chg bounds, 6 chg sides, 42 chg coeffs, 179 upgd conss, 0 impls, 185 clqs
(round 7, exhaustive) 87 del vars, 14 del conss, 0 add conss, 0 chg bounds, 6 chg sides, 42 chg coeffs, 179 upgd conss, 0 impls, 185 clqs
   (0.0s) probing: 51/413 (12.3%) - 0 fixings, 0 aggregations, 0 implications, 0 bound changes
   (0.0s) probing aborted: 50/50 successive totally useless probings
   (0.0s) symmetry computation started: requiring (bin +, int +, cont +), (fixed: bin -, int -, cont -)
   (0.0s) no symmetry present (symcode time: 0.00)
presolving (8 rounds: 8 fast, 6 medium, 4 exhaustive):
 87 deleted vars, 14 deleted constraints, 0 added constraints, 0 tightened bounds, 0 added holes, 6 changed sides, 42 changed coefficients
 0 implications, 185 cliques
presolved problem has 413 variables (413 bin, 0 int, 0 impl, 0 cont) and 172 constraints
    172 constraints of type <setppc>
Presolving Time: 0.02

 time | node  | left  |LP iter|LP it/n|mem/heur|mdpt |vars |cons |rows |cuts |sepa|confs|strbr|  dualbound   | primalbound  |  gap   | compl. 
  0.1s|     1 |     0 |  1014 |     - |  5388k |   0 | 413 | 172 | 172 |   0 |  0 |   0 |   0 | 7.613818e+03 |      --      |    Inf | unknown
d 0.1s|     1 |     0 |  1014 |     - |distribu|   0 | 413 | 172 | 172 |   0 |  1 |   0 |   0 | 7.613818e+03 | 3.475373e+03 | 119.08%| unknown
d 0.1s|     1 |     0 |  1096 |     - |distribu|   0 | 413 | 172 | 172 |   0 |  1 |   0 |   0 | 7.613818e+03 | 4.541524e+03 |  67.65%| unknown
d 0.1s|     1 |     0 |  1223 |     - |distribu|   0 | 413 | 172 | 172 |   0 |  1 |   0 |   0 | 7.613818e+03 | 5.369162e+03 |  41.81%| unknown
d 0.1s|     1 |     0 |  1243 |     - |distribu|   0 | 413 | 172 | 172 |   0 |  1 |   0 |   0 | 7.613818e+03 | 6.457822e+03 |  17.90%| unknown
d 0.1s|     1 |     0 |  1247 |     - |distribu|   0 | 413 | 172 | 172 |   0 |  1 |   0 |   0 | 7.613818e+03 | 6.805741e+03 |  11.87%| unknown
  0.1s|     1 |     0 |  1247 |     - |  5501k |   0 | 413 | 172 | 172 |   0 |  1 |   0 |   0 | 7.613818e+03 | 6.805741e+03 |  11.87%| unknown
  0.3s|     1 |     2 |  1247 |     - |  5760k |   0 | 413 | 172 | 172 |   0 |  2 |   0 |  28 | 7.535835e+03 | 6.805741e+03 |  10.73%| unknown

SCIP Status        : solving was interrupted [node limit reached]
Solving Time (sec) : 0.31
Solving Nodes      : 1
Primal Bound       : +6.80574097148768e+03 (42 solutions)
Dual Bound         : +7.53583487258504e+03
Gap                : 10.73 %
