presolving:
(round 1, fast)       0 del vars, 1 del conss, 0 add conss, 0 chg bounds, 0 chg sides, 0 chg coeffs, 0 upgd conss, 0 impls, 185 clqs
   (0.0s) running MILP presolver
   (0.0s) MILP presolver (2 rounds): 0 aggregations, 21 fixings, 0 bound changes
(round 2, medium)     21 del vars, 1 del conss, 0 add conss, 0 chg bounds, 0 chg sides, 0 chg coeffs, 0 upgd conss, 0 impls, 185 clqs
(round 3, exhaustive) 21 del vars, 4 del conss, 0 add conss, 0 chg bounds, 3 chg sides, 0 chg coeffs, 0 upgd conss, 0 impls, 185 clqs
(round 4, exhaustive) 21 del vars, 4 del conss, 0 add conss, 0 chg bounds, 3 chg sides, 0 chg coeffs, 182 upgd conss, 0 impls, 185 clqs
(round 5, medium)     59 del vars, 4 del conss, 0 add conss, 0 chg bounds, 3 chg sides, 38 chg coeffs, 182 upgd conss, 0 impls, 185 clqs
(round 6, fast)       80 del vars, 4 del conss, 0 add conss, 0 chg bounds, 3 chg sides, 38 chg coeffs, 182 upgd conss, 0 impls, 184 clqs
(round 7, exhaustive) 80 del vars, 10 del conss, 0 add conss, 0 chg bounds, 3 chg sides, 38 chg coeffs, 182 upgd conss, 0 impls, 184 clqs
   (0.0s) probing: 51/420 (12.1%) - 0 fixings, 0 aggregations, 0 implications, 0 bound changes
   (0.0s) probing aborted: 50/50 successive totally useless probings
   (0.0s) symmetry computation started: requiring (bin +, int +, cont +), (fixed: bin -, int -, cont -)
   (0.0s) no symmetry present (symcode time: 0.00)
presolving (8 rounds: 8 fast, 6 medium, 4 exhaustive):
 80 deleted vars, 10 deleted constraints, 0 added constraints, 0 tightened bounds, 0 added holes, 3 changed sides, 38 changed coefficients
 0 implications, 184 cliques
presolved problem has 420 variables (420 bin, 0 int, 0 impl, 0 cont) and 176 constraints
    176 constraints of type <setppc>
Presolving Time: 0.02

 time | node  | left  |LP iter|LP it/n|mem/heur|mdpt |vars |cons |rows |cuts |sepa|confs|strbr|  dualbound   | primalbound  |  gap   | compl. 
  0.1s|     1 |     0 |  1416 |     - |  5207k |   0 | 420 | 176 | 176 |   0 |  0 |   0 |   0 | 7.397878e+03 |      --      |    Inf | unknown
d 0.1s|     1 |     0 |  1416 |     - |distribu|   0 | 420 | 176 | 176 |   0 |  1 |   0 |   0 | 7.397878e+03 | 2.863162e+03 | 158.38%| unknown
d 0.1s|     1 |     0 |  1559 |     - |distribu|   0 | 420 | 176 | 176 |   0 |  1 |   0 |   0 | 7.397878e+03 | 3.159655e+03 | 134.14%| unknown
d 0.1s|     1 |     0 |  1609 |     - |distribu|   0 | 420 | 176 | 176 |   0 |  1 |   0 |   0 | 7.397878e+03 | 3.419283e+03 | 116.36%| unknown
d 0.1s|     1 |     0 |  1670 |     - |distribu|   0 | 420 | 176 | 176 |   0 |  1 |   0 |   0 | 7.397878e+03 | 4.025622e+03 |  83.77%| unknown
d 0.1s|     1 |     0 |  1711 |     - |distribu|   0 | 420 | 176 | 176 |   0 |  1 |   0 |   0 | 7.397878e+03 | 4.567967e+03 |  61.95%| unknown
d 0.1s|     1 |     0 |  1752 |     - |distribu|   0 | 420 | 176 | 176 |   0 |  1 |   0 |   0 | 7.397878e+03 | 5.202111e+03 |  42.21%| unknown
d 0.1s|     1 |     0 |  1767 |     - |distribu|   0 | 420 | 176 | 176 |   0 |  1 |   0 |   0 | 7.397878e+03 | 5.892505e+03 |  25.55%| unknown
d 0.1s|     1 |     0 |  1780 |     - |distribu|   0 | 420 | 176 | 176 |   0 |  1 |   0 |   0 | 7.397878e+03 | 6.390131e+03 |  15.77%| unknown
  0.1s|     1 |     0 |  1780 |     - |  5350k |   0 | 420 | 176 | 176 |   0 |  1 |   0 |   0 | 7.397878e+03 | 6.390131e+03 |  15.77%| unknown
  0.2s|     1 |     2 |  1780 |     - |  5516k |   0 | 420 | 176 | 176 |   0 |  2 |   0 |  26 | 7.370768e+03 | 6.390131e+03 |  15.35%| unknown

SCIP Status        : solving was interrupted [node limit reached]
Solving Time (sec) : 0.19
Solving Nodes      : 1
Primal Bound       : +6.39013147047329e+03 (35 solutions)
Dual Bound         : +7.37076761314532e+03
Gap                : 15.35 %
