presolving:
   (0.0s) running MILP presolver
   (0.0s) MILP presolver (2 rounds): 0 aggregations, 21 fixings, 0 bound changes
(round 1, medium)     21 del vars, 0 del conss, 0 add conss, 0 chg bounds, 0 chg sides, 0 chg coeffs, 0 upgd conss, 0 impls, 196 clqs
(round 2, exhaustive) 21 del vars, 6 del conss, 0 add conss, 0 chg bounds, 6 chg sides, 0 chg coeffs, 0 upgd conss, 0 impls, 196 clqs
(round 3, exhaustive) 21 del vars, 6 del conss, 0 add conss, 0 chg bounds, 6 chg sides, 0 chg coeffs, 190 upgd conss, 0 impls, 196 clqs
(round 4, medium)     55 del vars, 6 del conss, 0 add conss, 0 chg bounds, 6 chg sides, 34 chg coeffs, 190 upgd conss, 0 impls, 196 clqs
(round 5, fast)       75 del vars, 7 del conss, 0 add conss, 0 chg bounds, 6 chg sides, 34 chg coeffs, 190 upgd conss, 0 impls, 193 clqs
(round 6, exhaustive) 75 del vars, 12 del conss, 0 add conss, 0 chg bounds, 6 chg sides, 34 chg coeffs, 190 upgd conss, 0 impls, 193 clqs
   (0.0s) probing: 51/425 (12.0%) - 0 fixings, 0 aggregations, 0 implications, 0 bound changes
   (0.0s) probing aborted: 50/50 successive totally useless probings
   (0.0s) symmetry computation started: requiring (bin +, int +, cont +), (fixed: bin -, int -, cont -)
   (0.0s) no symmetry present (symcode time: 0.00)
presolving (7 rounds: 7 fast, 6 medium, 4 exhaustive):
 75 deleted vars, 12 deleted constraints, 0 added constraints, 0 tightened bounds, 0 added holes, 6 changed sides, 34 changed coefficients
 0 implications, 193 cliques
presolved problem has 425 variables (425 bin, 0 int, 0 impl, 0 cont) and 184 constraints
    184 constraints of type <setppc>
Presolving Time: 0.02

 time | node  | left  |LP iter|LP it/n|mem/heur|mdpt |vars |cons |rows |cuts |sepa|confs|strbr|  dualbound   | primalbound  |  gap   | compl. 
  0.1s|     1 |     0 |  1850 |     - |  5457k |   0 | 425 | 184 | 184 |   0 |  0 |   0 |   0 | 7.500074e+03 |      --      |    Inf | unknown
d 0.1s|     1 |     0 |  1850 |     - |distribu|   0 | 425 | 184 | 184 |   0 |  1 |   0 |   0 | 7.500074e+03 | 2.830030e+03 | 165.02%| unknown
d 0.1s|     1 |     0 |  1919 |     - |distribu|   0 | 425 | 184 | 184 |   0 |  1 |   0 |   0 | 7.500074e+03 | 3.548880e+03 | 111.34%| unknown
d 0.1s|     1 |     0 |  2133 |     - |distribu|   0 | 425 | 184 | 184 |   0 |  1 |   0 |   0 | 7.500074e+03 | 4.329402e+03 |  73.24%| unknown
d 0.1s|     1 |     0 |  2196 |     - |distribu|   0 | 425 | 184 | 184 |   0 |  1 |   0 |   0 | 7.500074e+03 | 4.416172e+03 |  69.83%| unknown
d 0.1s|     1 |     0 |  2212 |     - |distribu|   0 | 425 | 184 | 184 |   0 |  1 |   0 |   0 | 7.500074e+03 | 6.202807e+03 |  20.91%| unknown
  0.1s|     1 |     0 |  2212 |     - |  5588k |   0 | 425 | 184 | 184 |   0 |  1 |   0 |   0 | 7.500074e+03 | 6.202807e+03 |  20.91%| unknown
  0.2s|     1 |     2 |  2212 |     - |  5854k |   0 | 425 | 184 | 184 |   0 |  2 |   0 |  32 | 7.450029e+03 | 6.202807e+03 |  20.11%| unknown

SCIP Status        : solving was interrupted [node limit reached]
Solving Time (sec) : 0.23
Solving Nodes      : 1
Primal Bound       : +6.20280710581592e+03 (52 solutions)
Dual Bound         : +7.45002857349310e+03
Gap                : 20.11 %
