presolving:
(round 1, fast)       0 del vars, 2 del conss, 0 add conss, 0 chg bounds, 0 chg sides, 0 chg coeffs, 0 upgd conss, 0 impls, 189 clqs
(round 2, fast)       1 del vars, 2 del conss, 0 add conss, 0 chg bounds, 0 chg sides, 0 chg coeffs, 0 upgd conss, 0 impls, 189 clqs
   (0.0s) running MILP presolver
   (0.0s) MILP presolver (2 rounds): 0 aggregations, 20 fixings, 0 bound changes
(round 3, medium)     21 del vars, 2 del conss, 0 add conss, 0 chg bounds, 0 chg sides, 0 chg coeffs, 0 upgd conss, 0 impls, 188 clqs
(round 4, fast)       21 del vars, 3 del conss, 0 add conss, 0 chg bounds, 0 chg sides, 0 chg coeffs, 0 upgd conss, 0 impls, 188 clqs
(round 5, exhaustive) 21 del vars, 9 del conss, 0 add conss, 0 chg bounds, 6 chg sides, 0 chg coeffs, 0 upgd conss, 0 impls, 188 clqs
(round 6, exhaustive) 21 del vars, 9 del conss, 0 add conss, 0 chg bounds, 6 chg sides, 0 chg coeffs, 182 upgd conss, 0 impls, 188 clqs
(round 7, medium)     63 del vars, 9 del conss, 0 add conss, 0 chg bounds, 6 chg sides, 42 chg coeffs, 182 upgd conss, 0 impls, 188 clqs
(round 8, fast)       99 del vars, 13 del conss, 0 add conss, 0 chg bounds, 6 chg sides, 42 chg coeffs, 182 upgd conss, 0 impls, 183 clqs
   (0.0s) running MILP presolver
   (0.0s) MILP presolver found nothing
(round 9, exhaustive) 99 del vars, 16 del conss, 0 add conss, 0 chg bounds, 6 chg sides, 42 chg coeffs, 182 upgd conss, 0 impls, 183 clqs
   (0.0s) probing: 51/401 (12.7%) - 0 fixings, 0 aggregations, 0 implications, 0 bound changes
   (0.0s) probing aborted: 50/50 successive totally useless probings
   (0.0s) symmetry computation started: requiring (bin +, int +, cont +), (fixed: bin -, int -, cont -)
   (0.0s) no symmetry present (symcode time: 0.00)
presolving (10 rounds: 10 fast, 6 medium, 4 exhaustive):
 99 deleted vars, 16 deleted constraints, 0 added constraints, 0 tightened bounds, 0 added holes, 6 changed sides, 42 changed coefficients
 0 implications, 183 cliques
presolved problem has 401 variables (401 bin, 0 int, 0 impl, 0 cont) and 175 constraints
    175 constraints of type <setppc>
Presolving Time: 0.03

 time | node  | left  |LP iter|LP it/n|mem/heur|mdpt |vars |cons |rows |cuts |sepa|confs|strbr|  dualbound   | primalbound  |  gap   | compl. 
  0.1s|     1 |     0 |   933 |     - |  5140k |   0 | 401 | 175 | 175 |   0 |  0 |   0 |   0 | 7.438036e+03 |      --      |    Inf | unknown
d 0.1s|     1 |     0 |   933 |     - |distribu|   0 | 401 | 175 | 175 |   0 |  1 |   0 |   0 | 7.438036e+03 | 3.517064e+03 | 111.48%| unknown
d 0.1s|     1 |     0 |  1052 |     - |distribu|   0 | 401 | 175 | 175 |   0 |  1 |   0 |   0 | 7.438036e+03 | 4.363494e+03 |  70.46%| unknown
d 0.1s|     1 |     0 |  1142 |     - |distribu|   0 | 401 | 175 | 175 |   0 |  1 |   0 |   0 | 7.438036e+03 | 5.032856e+03 |  47.79%| unknown
d 0.1s|     1 |     0 |  1180 |     - |distribu|   0 | 401 | 175 | 175 |   0 |  1 |   0 |   0 | 7.438036e+03 | 7.067502e+03 |   5.24%| unknown
  0.1s|     1 |     0 |  1180 |     - |  5232k |   0 | 401 | 175 | 175 |   0 |  1 |   0 |   0 | 7.438036e+03 | 7.067502e+03 |   5.24%| unknown
  0.1s|     1 |     0 |  1180 |     - |  5232k |   0 | 401 | 175 | 175 |   0 |  1 |   0 |   0 | 7.438036e+03 | 7.067502e+03 |   5.24%| unknown
  0.2s|     1 |     2 |  1180 |     - |  5435k |   0 | 401 | 175 | 175 |   0 |  2 |   0 |  19 | 7.398260e+03 | 7.067502e+03 |   4.68%| unknown

SCIP Status        : solving was interrupted [node limit reached]
Solving Time (sec) : 0.20
Solving Nodes      : 1
Primal Bound       : +7.06750175124352e+03 (32 solutions)
Dual Bound         : +7.39825957468082e+03
Gap                : 4.68 %
