presolving:
(round 1, fast)       0 del vars, 1 del conss, 0 add conss, 0 chg bounds, 0 chg sides, 0 chg coeffs, 0 upgd conss, 0 impls, 193 clqs
   (0.0s) running MILP presolver
   (0.0s) MILP presolver (2 rounds): 0 aggregations, 15 fixings, 0 bound changes
(round 2, medium)     15 del vars, 1 del conss, 0 add conss, 0 chg bounds, 0 chg sides, 0 chg coeffs, 0 upgd conss, 0 impls, 193 clqs
(round 3, fast)       16 del vars, 2 del conss, 0 add conss, 0 chg bounds, 0 chg sides, 0 chg coeffs, 0 upgd conss, 0 impls, 192 clqs
(round 4, exhaustive) 16 del vars, 9 del conss, 0 add conss, 0 chg bounds, 7 chg sides, 0 chg coeffs, 0 upgd conss, 0 impls, 192 clqs
(round 5, exhaustive) 16 del vars, 9 del conss, 0 add conss, 0 chg bounds, 7 chg sides, 0 chg coeffs, 185 upgd conss, 0 impls, 192 clqs
(round 6, fast)       17 del vars, 9 del conss, 0 add conss, 0 chg bounds, 7 chg sides, 0 chg coeffs, 185 upgd conss, 0 impls, 192 clqs
(round 7, medium)     50 del vars, 9 del conss, 0 add conss, 0 chg bounds, 7 chg sides, 33 chg coeffs, 185 upgd conss, 0 impls, 192 clqs
(round 8, fast)       64 del vars, 12 del conss, 0 add conss, 0 chg bounds, 7 chg sides, 33 chg coeffs, 185 upgd conss, 0 impls, 188 clqs
   (0.0s) probing: 51/436 (11.7%) - 0 fixings, 0 aggregations, 0 implications, 0 bound changes
   (0.0s) probing aborted: 50/50 successive totally useless probings
   (0.0s) symmetry computation started: requiring (bin +, int +, cont +), (fixed: bin -, int -, cont -)
   (0.0s) no symmetry present (symcode time: 0.01)
presolving (9 rounds: 9 fast, 5 medium, 3 exhaustive):
 64 deleted vars, 12 deleted constraints, 0 added constraints, 0 tightened bounds, 0 added holes, 7 changed sides, 33 changed coefficients
 0 implications, 188 cliques
presolved problem has 436 variables (436 bin, 0 int, 0 impl, 0 cont) and 182 constraints
    182 constraints of type <setppc>
Presolving Time: 0.04

 time | node  | left  |LP iter|LP it/n|mem/heur|mdpt |vars |cons |rows |cuts |sepa|confs|strbr|  dualbound   | primalbound  |  gap   | compl. 
  0.2s|     1 |     0 |  1537 |     - |  5635k |   0 | 436 | 182 | 182 |   0 |  0 |   0 |   0 | 7.667557e+03 |      --      |    Inf | unknown
d 0.2s|     1 |     0 |  1537 |     - |distribu|   0 | 436 | 182 | 182 |   0 |  1 |   0 |   0 | 7.667557e+03 | 2.549564e+03 | 200.74%| unknown
d 0.2s|     1 |     0 |  1592 |     - |distribu|   0 | 436 | 182 | 182 |   0 |  1 |   0 |   0 | 7.667557e+03 | 3.172682e+03 | 141.67%| unknown
d 0.2s|     1 |     0 |  1768 |     - |distribu|   0 | 436 | 182 | 182 |   0 |  1 |   0 |   0 | 7.667557e+03 | 3.915085e+03 |  95.85%| unknown
d 0.2s|     1 |     0 |  1806 |     - |distribu|   0 | 436 | 182 | 182 |   0 |  1 |   0 |   0 | 7.667557e+03 | 4.273427e+03 |  79.42%| unknown
d 0.2s|     1 |     0 |  1831 |     - |distribu|   0 | 436 | 182 | 182 |   0 |  1 |   0 |   0 | 7.667557e+03 | 4.294170e+03 |  78.56%| unknown
d 0.2s|     1 |     0 |  1858 |     - |distribu|   0 | 436 | 182 | 182 |   0 |  1 |   0 |   0 | 7.667557e+03 | 4.424012e+03 |  73.32%| unknown
d 0.2s|     1 |     0 |  1877 |     - |distribu|   0 | 436 | 182 | 182 |   0 |  1 |   0 |   0 | 7.667557e+03 | 6.393855e+03 |  19.92%| unknown
  0.2s|     1 |     0 |  1877 |     - |  5758k |   0 | 436 | 182 | 182 |   0 |  1 |   0 |   0 | 7.667557e+03 | 6.393855e+03 |  19.92%| unknown
  0.4s|     1 |     2 |  1877 |     - |  5910k |   0 | 436 | 182 | 182 |   0 |  2 |   0 |  38 | 7.631808e+03 | 6.393855e+03 |  19.36%| unknown

SCIP Status        : solving was interrupted [node limit reached]
Solving Time (sec) : 0.42
Solving Nodes      : 1
Primal Bound       : +6.39385515514380e+03 (44 solutions)
Dual Bound         : +7.63180833075994e+03
Gap                : 19.36 %
