presolving:
(round 1, fast)       0 del vars, 1 del conss, 0 add conss, 0 chg bounds, 0 chg sides, 0 chg coeffs, 0 upgd conss, 0 impls, 199 clqs
(round 2, fast)       1 del vars, 1 del conss, 0 add conss, 0 chg bounds, 0 chg sides, 0 chg coeffs, 0 upgd conss, 0 impls, 199 clqs
   (0.0s) running MILP presolver
   (0.0s) MILP presolver (2 rounds): 0 aggregations, 8 fixings, 0 bound changes
(round 3, medium)     9 del vars, 1 del conss, 0 add conss, 0 chg bounds, 0 chg sides, 0 chg coeffs, 0 upgd conss, 0 impls, 199 clqs
(round 4, exhaustive) 9 del vars, 5 del conss, 0 add conss, 0 chg bounds, 4 chg sides, 0 chg coeffs, 0 upgd conss, 0 impls, 199 clqs
(round 5, exhaustive) 9 del vars, 5 del conss, 0 add conss, 0 chg bounds, 4 chg sides, 0 chg coeffs, 195 upgd conss, 0 impls, 199 clqs
(round 6, medium)     41 del vars, 5 del conss, 0 add conss, 0 chg bounds, 4 chg sides, 32 chg coeffs, 195 upgd conss, 0 impls, 199 clqs
(round 7, fast)       60 del vars, 5 del conss, 0 add conss, 0 chg bounds, 4 chg sides, 32 chg coeffs, 195 upgd conss, 0 impls, 199 clqs
(round 8, exhaustive) 60 del vars, 10 del conss, 0 add conss, 0 chg bounds, 4 chg sides, 32 chg coeffs, 195 upgd conss, 0 impls, 199 clqs
   (0.0s) probing: 51/440 (11.6%) - 0 fixings, 0 aggregations, 0 implications, 0 bound changes
   (0.0s) probing aborted: 50/50 successive totally useless probings
   (0.0s) symmetry computation started: requiring (bin +, int +, cont +), (fixed: bin -, int -, cont -)
   (0.0s) no symmetry present (symcode time: 0.00)
presolving (9 rounds: 9 fast, 6 medium, 4 exhaustive):
 60 deleted vars, 10 deleted constraints, 0 added constraints, 0 tightened bounds, 0 added holes, 4 changed sides, 32 changed coefficients
 0 implications, 199 cliques
presolved problem has 440 variables (440 bin, 0 int, 0 impl, 0 cont) and 190 constraints
    190 constraints of type <setppc>
Presolving Time: 0.02

 time | node  | left  |LP iter|LP it/n|mem/heur|mdpt |vars |cons |rows |cuts |sepa|confs|strbr|  dualbound   | primalbound  |  gap   | compl. 
  0.1s|     1 |     0 |  1460 |     - |  5417k |   0 | 440 | 190 | 190 |   0 |  0 |   0 |   0 | 7.378022e+03 |      --      |    Inf | unknown
d 0.1s|     1 |     0 |  1460 |     - |distribu|   0 | 440 | 190 | 190 |   0 |  1 |   0 |   0 | 7.378022e+03 | 2.768423e+03 | 166.51%| unknown
d 0.1s|     1 |     0 |  1626 |     - |distribu|   0 | 440 | 190 | 190 |   0 |  1 |   0 |   0 | 7.378022e+03 | 3.126359e+03 | 135.99%| unknown
d 0.1s|     1 |     0 |  1720 |     - |distribu|   0 | 440 | 190 | 190 |   0 |  1 |   0 |   0 | 7.378022e+03 | 3.219273e+03 | 129.18%| unknown
d 0.1s|     1 |     0 |  1771 |     - |distribu|   0 | 440 | 190 | 190 |   0 |  1 |   0 |   0 | 7.378022e+03 | 4.125322e+03 |  78.85%| unknown
d 0.1s|     1 |     0 |  1828 |     - |distribu|   0 | 440 | 190 | 190 |   0 |  1 |   0 |   0 | 7.378022e+03 | 4.339067e+03 |  70.04%| unknown
d 0.1s|     1 |     0 |  1834 |     - |distribu|   0 | 440 | 190 | 190 |   0 |  1 |   0 |   0 | 7.378022e+03 | 6.344897e+03 |  16.28%| unknown
  0.1s|     1 |     0 |  1834 |     - |  5542k |   0 | 440 | 190 | 190 |   0 |  1 |   0 |   0 | 7.378022e+03 | 6.344897e+03 |  16.28%| unknown
  0.3s|     1 |     2 |  1834 |     - |  5736k |   0 | 440 | 190 | 190 |   0 |  2 |   0 |  28 | 7.343706e+03 | 6.344897e+03 |  15.74%| unknown

SCIP Status        : solving was interrupted [node limit reached]
Solving Time (sec) : 0.29
Solving Nodes      : 1
Primal Bound       : +6.34489748002103e+03 (35 solutions)
Dual Bound         : +7.34370598000193e+03
Gap                : 15.74 %
