presolving:
(round 1, fast)       0 del vars, 1 del conss, 0 add conss, 0 chg bounds, 0 chg sides, 0 chg coeffs, 0 upgd conss, 0 impls, 195 clqs
   (0.0s) running MILP presolver
   (0.0s) MILP presolver (2 rounds): 0 aggregations, 21 fixings, 0 bound changes
(round 2, medium)     21 del vars, 1 del conss, 0 add conss, 0 chg bounds, 0 chg sides, 0 chg coeffs, 0 upgd conss, 0 impls, 195 clqs
(round 3, exhaustive) 21 del vars, 7 del conss, 0 add conss, 0 chg bounds, 6 chg sides, 0 chg coeffs, 0 upgd conss, 0 impls, 195 clqs
(round 4, exhaustive) 21 del vars, 7 del conss, 0 add conss, 0 chg bounds, 6 chg sides, 0 chg coeffs, 189 upgd conss, 0 impls, 195 clqs
(round 5, medium)     60 del vars, 7 del conss, 0 add conss, 0 chg bounds, 6 chg sides, 39 chg coeffs, 189 upgd conss, 0 impls, 195 clqs
(round 6, fast)       85 del vars, 7 del conss, 0 add conss, 0 chg bounds, 6 chg sides, 39 chg coeffs, 189 upgd conss, 0 impls, 194 clqs
(round 7, exhaustive) 85 del vars, 16 del conss, 0 add conss, 0 chg bounds, 6 chg sides, 39 chg coeffs, 189 upgd conss, 0 impls, 194 clqs
   (0.0s) probing: 51/415 (12.3%) - 0 fixings, 0 aggregations, 0 implications, 0 bound changes
   (0.0s) probing aborted: 50/50 successive totally useless probings
   (0.0s) symmetry computation started: requiring (bin +, int +, cont +), (fixed: bin -, int -, cont -)
   (0.0s) no symmetry present (symcode time: 0.00)
presolving (8 rounds: 8 fast, 6 medium, 4 exhaustive):
 85 deleted vars, 16 deleted constraints, 0 added constraints, 0 tightened bounds, 0 added holes, 6 changed sides, 39 changed coefficients
 0 implications, 194 cliques
presolved problem has 415 variables (415 bin, 0 int, 0 impl, 0 cont) and 180 constraints
    180 constraints of type <setppc>
Presolving Time: 0.02

 time | node  | left  |LP iter|LP it/n|mem/heur|mdpt |vars |cons |rows |cuts |sepa|confs|strbr|  dualbound   | primalbound  |  gap   | compl. 
  0.1s|     1 |     0 |  1500 |     - |  5242k |   0 | 415 | 180 | 180 |   0 |  0 |   0 |   0 | 7.280855e+03 |      --      |    Inf | unknown
d 0.1s|     1 |     0 |  1500 |     - |distribu|   0 | 415 | 180 | 180 |   0 |  1 |   0 |   0 | 7.280855e+03 | 2.670466e+03 | 172.64%| unknown
d 0.1s|     1 |     0 |  1569 |     - |distribu|   0 | 415 | 180 | 180 |   0 |  1 |   0 |   0 | 7.280855e+03 | 3.007879e+03 | 142.06%| unknown
d 0.1s|     1 |     0 |  1636 |     - |distribu|   0 | 415 | 180 | 180 |   0 |  1 |   0 |   0 | 7.280855e+03 | 4.960065e+03 |  46.79%| unknown
d 0.1s|     1 |     0 |  1637 |     - |distribu|   0 | 415 | 180 | 180 |   0 |  1 |   0 |   0 | 7.280855e+03 | 6.790275e+03 |   7.22%| unknown
d 0.1s|     1 |     0 |  1640 |     - |distribu|   0 | 415 | 180 | 180 |   0 |  1 |   0 |   0 | 7.280855e+03 | 6.921912e+03 |   5.19%| unknown
  0.1s|     1 |     0 |  1640 |     - |  5355k |   0 | 415 | 180 | 180 |   0 |  1 |   0 |   0 | 7.280855e+03 | 6.921912e+03 |   5.19%| unknown
  0.1s|     1 |     0 |  1640 |     - |  5355k |   0 | 415 | 180 | 180 |   0 |  1 |   0 |   0 | 7.280855e+03 | 6.921912e+03 |   5.19%| unknown
  0.2s|     1 |     2 |  1640 |     - |  5658k |   0 | 415 | 180 | 180 |   0 |  2 |   0 |  29 | 7.251683e+03 | 6.921912e+03 |   4.76%| unknown

SCIP Status        : solving was interrupted [node limit reached]
Solving Time (sec) : 0.24
Solving Nodes      : 1
Primal Bound       : +6.92191244544292e+03 (35 solutions)
Dual Bound         : +7.25168284510712e+03
Gap                : 4.76 %
