presolving:
(round 1, fast)       1 del vars, 1 del conss, 0 add conss, 0 chg bounds, 0 chg sides, 0 chg coeffs, 0 upgd conss, 0 impls, 191 clqs
   (0.0s) running MILP presolver
   (0.0s) MILP presolver (2 rounds): 0 aggregations, 17 fixings, 0 bound changes
(round 2, medium)     18 del vars, 1 del conss, 0 add conss, 0 chg bounds, 0 chg sides, 0 chg coeffs, 0 upgd conss, 0 impls, 191 clqs
(round 3, exhaustive) 18 del vars, 5 del conss, 0 add conss, 0 chg bounds, 4 chg sides, 0 chg coeffs, 0 upgd conss, 0 impls, 191 clqs
(round 4, exhaustive) 18 del vars, 5 del conss, 0 add conss, 0 chg bounds, 4 chg sides, 0 chg coeffs, 187 upgd conss, 0 impls, 191 clqs
(round 5, medium)     55 del vars, 5 del conss, 0 add conss, 0 chg bounds, 4 chg sides, 37 chg coeffs, 187 upgd conss, 0 impls, 191 clqs
(round 6, fast)       80 del vars, 6 del conss, 0 add conss, 0 chg bounds, 4 chg sides, 37 chg coeffs, 187 upgd conss, 0 impls, 190 clqs
(round 7, exhaustive) 80 del vars, 12 del conss, 0 add conss, 0 chg bounds, 4 chg sides, 37 chg coeffs, 187 upgd conss, 0 impls, 190 clqs
   (0.0s) probing: 51/420 (12.1%) - 0 fixings, 0 aggregations, 0 implications, 0 bound changes
   (0.0s) probing aborted: 50/50 successive totally useless probings
   (0.0s) symmetry computation started: requiring (bin +, int +, cont +), (fixed: bin -, int -, cont -)
   (0.0s) no symmetry present (symcode time: 0.00)
presolving (8 rounds: 8 fast, 6 medium, 4 exhaustive):
 80 deleted vars, 12 deleted constraints, 0 added constraints, 0 tightened bounds, 0 added holes, 4 changed sides, 37 changed coefficients
 0 implications, 190 cliques
presolved problem has 420 variables (420 bin, 0 int, 0 impl, 0 cont) and 180 constraints
    180 constraints of type <setppc>
Presolving Time: 0.02

 time | node  | left  |LP iter|LP it/n|mem/heur|mdpt |vars |cons |rows |cuts |sepa|confs|strbr|  dualbound   | primalbound  |  gap   | compl. 
  0.1s|     1 |     0 |  1485 |     - |  5355k |   0 | 420 | 180 | 180 |   0 |  0 |   0 |   0 | 7.962017e+03 |      --      |    Inf | unknown
d 0.1s|     1 |     0 |  1485 |     - |distribu|   0 | 420 | 180 | 180 |   0 |  1 |   0 |   0 | 7.962017e+03 | 3.116474e+03 | 155.48%| unknown
d 0.1s|     1 |     0 |  1537 |     - |distribu|   0 | 420 | 180 | 180 |   0 |  1 |   0 |   0 | 7.962017e+03 | 3.377403e+03 | 135.74%| unknown
d 0.1s|     1 |     0 |  1612 |     - |distribu|   0 | 420 | 180 | 180 |   0 |  1 |   0 |   0 | 7.962017e+03 | 3.817579e+03 | 108.56%| unknown
d 0.1s|     1 |     0 |  1676 |     - |distribu|   0 | 420 | 180 | 180 |   0 |  1 |   0 |   0 | 7.962017e+03 | 4.462761e+03 |  78.41%| unknown
d 0.1s|     1 |     0 |  1771 |     - |distribu|   0 | 420 | 180 | 180 |   0 |  1 |   0 |   0 | 7.962017e+03 | 7.062003e+03 |  12.74%| unknown
  0.1s|     1 |     0 |  1771 |     - |  5483k |   0 | 420 | 180 | 180 |   0 |  1 |   0 |   0 | 7.962017e+03 | 7.062003e+03 |  12.74%| unknown
  0.3s|     1 |     2 |  1771 |     - |  5714k |   0 | 420 | 180 | 180 |   0 |  2 |   0 |  23 | 7.898699e+03 | 7.062003e+03 |  11.85%| unknown

SCIP Status        : solving was interrupted [node limit reached]
Solving Time (sec) : 0.28
Solving Nodes      : 1
Primal Bound       : +7.06200346716735e+03 (31 solutions)
Dual Bound         : +7.89869852499694e+03
Gap                : 11.85 %
