presolving:
(round 1, fast)       0 del vars, 1 del conss, 0 add conss, 0 chg bounds, 0 chg sides, 0 chg coeffs, 0 upgd conss, 0 impls, 193 clqs
   (0.0s) running MILP presolver
   (0.0s) MILP presolver (2 rounds): 0 aggregations, 25 fixings, 0 bound changes
(round 2, medium)     25 del vars, 1 del conss, 0 add conss, 0 chg bounds, 0 chg sides, 0 chg coeffs, 0 upgd conss, 0 impls, 190 clqs
(round 3, fast)       25 del vars, 4 del conss, 0 add conss, 0 chg bounds, 0 chg sides, 0 chg coeffs, 0 upgd conss, 0 impls, 190 clqs
(round 4, exhaustive) 25 del vars, 9 del conss, 0 add conss, 0 chg bounds, 5 chg sides, 0 chg coeffs, 0 upgd conss, 0 impls, 190 clqs
(round 5, exhaustive) 25 del vars, 9 del conss, 0 add conss, 0 chg bounds, 5 chg sides, 0 chg coeffs, 185 upgd conss, 0 impls, 190 clqs
(round 6, medium)     66 del vars, 9 del conss, 0 add conss, 0 chg bounds, 5 chg sides, 41 chg coeffs, 185 upgd conss, 0 impls, 190 clqs
(round 7, fast)       93 del vars, 12 del conss, 0 add conss, 0 chg bounds, 5 chg sides, 41 chg coeffs, 185 upgd conss, 0 impls, 186 clqs
(round 8, exhaustive) 93 del vars, 19 del conss, 0 add conss, 0 chg bounds, 5 chg sides, 41 chg coeffs, 185 upgd conss, 0 impls, 186 clqs
   (0.0s) probing: 51/407 (12.5%) - 0 fixings, 0 aggregations, 0 implications, 0 bound changes
   (0.0s) probing aborted: 50/50 successive totally useless probings
   (0.0s) symmetry computation started: requiring (bin +, int +, cont +), (fixed: bin -, int -, cont -)
   (0.0s) no symmetry present (symcode time: 0.00)
presolving (9 rounds: 9 fast, 6 medium, 4 exhaustive):
 93 deleted vars, 19 deleted constraints, 0 added constraints, 0 tightened bounds, 0 added holes, 5 changed sides, 41 changed coefficients
 0 implications, 186 cliques
presolved problem has 407 variables (407 bin, 0 int, 0 impl, 0 cont) and 175 constraints
    175 constraints of type <setppc>
Presolving Time: 0.03

 time | node  | left  |LP iter|LP it/n|mem/heur|mdpt |vars |cons |rows |cuts |sepa|confs|strbr|  dualbound   | primalbound  |  gap   | compl. 
  0.1s|     1 |     0 |  1318 |     - |  5363k |   0 | 407 | 175 | 175 |   0 |  0 |   0 |   0 | 7.493654e+03 |      --      |    Inf | unknown
  0.2s|     1 |     0 |  1362 |     - |    20M |   0 | 407 | 175 | 178 |   3 |  1 |   0 |   0 | 7.477440e+03 |      --      |    Inf | unknown
  0.3s|     1 |     0 |  1406 |     - |    29M |   0 | 407 | 175 | 180 |   5 |  2 |   0 |   0 | 7.471484e+03 |      --      |    Inf | unknown
  0.4s|     1 |     0 |  1438 |     - |    35M |   0 | 407 | 175 | 182 |   7 |  3 |   0 |   0 | 7.466374e+03 |      --      |    Inf | unknown
  0.4s|     1 |     0 |  1470 |     - |    40M |   0 | 407 | 175 | 185 |  10 |  4 |   0 |   0 | 7.464575e+03 |      --      |    Inf | unknown
  0.5s|     1 |     0 |  1502 |     - |    46M |   0 | 407 | 175 | 190 |  15 |  5 |   0 |   0 | 7.461284e+03 |      --      |    Inf | unknown
  0.5s|     1 |     0 |  1534 |     - |    55M |   0 | 407 | 175 | 191 |  16 |  6 |   0 |   0 | 7.459047e+03 |      --      |    Inf | unknown
  0.6s|     1 |     0 |  1557 |     - |    59M |   0 | 407 | 175 | 192 |  17 |  7 |   0 |   0 | 7.456954e+03 |      --      |    Inf | unknown
  0.7s|     1 |     0 |  1593 |     - |    64M |   0 | 407 | 175 | 194 |  19 |  8 |   0 |   0 | 7.454436e+03 |      --      |    Inf | unknown
  0.8s|     1 |     0 |  1609 |     - |    75M |   0 | 407 | 175 | 195 |  20 |  9 |   0 |   0 | 7.452404e+03 |      --      |    Inf | unknown
  0.9s|     1 |     0 |  1656 |     - |    78M |   0 | 407 | 175 | 199 |  24 | 10 |   0 |   0 | 7.450861e+03 |      --      |    Inf | unknown
  0.9s|     1 |     0 |  1689 |     - |    78M |   0 | 407 | 175 | 202 |  27 | 11 |   0 |   0 | 7.449917e+03 |      --      |    Inf | unknown
  0.9s|     1 |     0 |  1738 |     - |    78M |   0 | 407 | 175 | 205 |  30 | 12 |   0 |   0 | 7.448771e+03 |      --      |    Inf | unknown
  1.0s|     1 |     0 |  1763 |     - |    78M |   0 | 407 | 175 | 206 |  31 | 13 |   0 |   0 | 7.448006e+03 |      --      |    Inf | unknown
  1.0s|     1 |     0 |  1775 |     - |    78M |   0 | 407 | 175 | 207 |  32 | 14 |   0 |   0 | 7.447751e+03 |      --      |    Inf | unknown
 time | node  | left  |LP iter|LP it/n|mem/heur|mdpt |vars |cons |rows |cuts |sepa|confs|strbr|  dualbound   | primalbound  |  gap   | compl. 
  1.0s|     1 |     0 |  1795 |     - |    78M |   0 | 407 | 175 | 209 |  34 | 15 |   0 |   0 | 7.447308e+03 |      --      |    Inf | unknown
  1.0s|     1 |     0 |  1803 |     - |    78M |   0 | 407 | 175 | 210 |  35 | 16 |   0 |   0 | 7.447170e+03 |      --      |    Inf | unknown
  1.1s|     1 |     0 |  1807 |     - |    78M |   0 | 407 | 175 | 211 |  36 | 17 |   0 |   0 | 7.447146e+03 |      --      |    Inf | unknown
  1.2s|     1 |     0 |  1831 |     - |    78M |   0 | 407 | 175 | 213 |  38 | 18 |   0 |   0 | 7.446378e+03 |      --      |    Inf | unknown
  1.2s|     1 |     0 |  1855 |     - |    78M |   0 | 407 | 175 | 214 |  39 | 19 |   0 |   0 | 7.446073e+03 |      --      |    Inf | unknown
  1.3s|     1 |     0 |  1869 |     - |    78M |   0 | 407 | 175 | 215 |  40 | 20 |   0 |   0 | 7.445932e+03 |      --      |    Inf | unknown
  1.4s|     1 |     0 |  1876 |     - |    78M |   0 | 407 | 175 | 216 |  41 | 21 |   0 |   0 | 7.445888e+03 |      --      |    Inf | unknown
  1.4s|     1 |     0 |  1883 |     - |    78M |   0 | 407 | 175 | 217 |  42 | 22 |   0 |   0 | 7.445814e+03 |      --      |    Inf | unknown
  1.5s|     1 |     0 |  1915 |     - |    78M |   0 | 407 | 175 | 214 |  44 | 23 |   0 |   0 | 7.445435e+03 |      --      |    Inf | unknown
  1.6s|     1 |     0 |  1928 |     - |    78M |   0 | 407 | 175 | 215 |  45 | 24 |   0 |   0 | 7.445311e+03 |      --      |    Inf | unknown
  1.6s|     1 |     0 |  1935 |     - |    78M |   0 | 407 | 175 | 216 |  46 | 25 |   0 |   0 | 7.445230e+03 |      --      |    Inf | unknown
  1.7s|     1 |     0 |  1940 |     - |    78M |   0 | 407 | 175 | 217 |  47 | 26 |   0 |   0 | 7.445203e+03 |      --      |    Inf | unknown
  1.8s|     1 |     0 |  1943 |     - |    78M |   0 | 407 | 175 | 218 |  48 | 27 |   0 |   0 | 7.445166e+03 |      --      |    Inf | unknown
  1.8s|     1 |     0 |  1949 |     - |    78M |   0 | 407 | 175 | 219 |  49 | 28 |   0 |   0 | 7.445107e+03 |      --      |    Inf | unknown
d 1.8s|     1 |     0 |  1949 |     - |distribu|   0 | 407 | 175 | 219 |   0 | 28 |   0 |   0 | 7.445107e+03 | 3.169952e+03 | 134.86%| unknown
 time | node  | left  |LP iter|LP it/n|mem/heur|mdpt |vars |cons |rows |cuts |sepa|confs|strbr|  dualbound   | primalbound  |  gap   | compl. 
d 1.9s|     1 |     0 |  2286 |     - |distribu|   0 | 407 | 175 | 219 |   0 | 28 |   0 |   0 | 7.445107e+03 | 3.213683e+03 | 131.67%| unknown
d 1.9s|     1 |     0 |  2386 |     - |distribu|   0 | 407 | 175 | 219 |   0 | 28 |   0 |   0 | 7.445107e+03 | 3.351650e+03 | 122.13%| unknown
  2.0s|     1 |     0 |  2705 |     - |    78M |   0 | 407 | 175 | 219 |  49 | 28 |   0 |   0 | 7.445107e+03 | 3.351650e+03 | 122.13%| unknown
  2.1s|     1 |     0 |  2706 |     - |    78M |   0 | 407 | 175 | 220 |  50 | 29 |   0 |   0 | 7.445107e+03 | 3.351650e+03 | 122.13%| unknown
  2.1s|     1 |     0 |  2709 |     - |    78M |   0 | 407 | 175 | 214 |  51 | 30 |   0 |   0 | 7.445094e+03 | 3.351650e+03 | 122.13%| unknown
* 2.1s|     1 |     0 |  2709 |     - |strongbr|   0 | 407 | 175 | 214 |  51 | 30 |   0 |   0 | 7.445094e+03 | 3.365539e+03 | 121.22%| unknown
* 2.1s|     1 |     0 |  2709 |     - |strongbr|   0 | 407 | 175 | 214 |  51 | 30 |   0 |   1 | 7.445094e+03 | 3.532760e+03 | 110.74%| unknown
* 2.2s|     1 |     0 |  2709 |     - |strongbr|   0 | 407 | 175 | 214 |  51 | 30 |   0 |   7 | 7.445094e+03 | 3.676693e+03 | 102.49%| unknown
  2.9s|     1 |     2 |  2709 |     - |    78M |   0 | 407 | 175 | 214 |  51 | 30 |   0 |  29 | 7.433831e+03 | 3.676693e+03 | 102.19%| unknown
* 2.9s|     2 |     1 |  2858 | 905.0 |strongbr|   1 | 407 | 175 | 204 |  51 |  1 |   0 |  29 | 7.433831e+03 | 3.749711e+03 |  98.25%| unknown
* 2.9s|     2 |     1 |  2858 | 905.0 |strongbr|   1 | 407 | 175 | 204 |  51 |  1 |   0 |  30 | 7.433831e+03 | 4.004216e+03 |  85.65%| unknown
* 3.0s|     2 |     1 |  2858 | 905.0 |strongbr|   1 | 407 | 175 | 204 |  51 |  1 |   0 |  35 | 7.433831e+03 | 4.177514e+03 |  77.95%| unknown
* 3.0s|     2 |     1 |  2858 | 905.0 |strongbr|   1 | 407 | 175 | 204 |  51 |  1 |   0 |  36 | 7.433831e+03 | 4.365698e+03 |  70.28%| unknown
* 3.0s|     2 |     1 |  2858 | 905.0 |strongbr|   1 | 407 | 175 | 204 |  51 |  1 |   0 |  39 | 7.433831e+03 | 5.283621e+03 |  40.70%| unknown
* 3.1s|     3 |     2 |  2896 | 471.5 |strongbr|   2 | 407 | 175 | 204 |  51 |  1 |   0 |  48 | 7.433831e+03 | 5.544740e+03 |  34.07%| unknown
 time | node  | left  |LP iter|LP it/n|mem/heur|mdpt |vars |cons |rows |cuts |sepa|confs|strbr|  dualbound   | primalbound  |  gap   | compl. 
* 3.2s|     4 |     3 |  2975 | 340.7 |strongbr|   3 | 407 | 175 | 204 |  51 |  1 |   0 |  63 | 7.433831e+03 | 7.243651e+03 |   2.63%| unknown
* 3.6s|     9 |     4 |  3341 | 173.5 |    LP  |   4 | 407 | 185 | 204 |  51 |  3 |  10 | 174 | 7.423721e+03 | 7.249292e+03 |   2.41%|  24.78%
* 5.0s|    21 |     2 |  4494 | 127.0 |strongbr|   6 | 407 | 238 | 204 |  51 |  1 |  65 | 434 | 7.364578e+03 | 7.263987e+03 |   1.38%|  61.60%

SCIP Status        : problem is solved [optimal solution found]
Solving Time (sec) : 5.35
Solving Nodes      : 33
Primal Bound       : +7.26398672897435e+03 (178 solutions)
Dual Bound         : +7.26398672897435e+03
Gap                : 0.00 %
