presolving:
   (0.0s) running MILP presolver
   (0.0s) MILP presolver (2 rounds): 0 aggregations, 24 fixings, 0 bound changes
(round 1, medium)     24 del vars, 0 del conss, 0 add conss, 0 chg bounds, 0 chg sides, 0 chg coeffs, 0 upgd conss, 0 impls, 188 clqs
(round 2, exhaustive) 24 del vars, 3 del conss, 0 add conss, 0 chg bounds, 3 chg sides, 0 chg coeffs, 0 upgd conss, 0 impls, 188 clqs
(round 3, exhaustive) 24 del vars, 3 del conss, 0 add conss, 0 chg bounds, 3 chg sides, 0 chg coeffs, 185 upgd conss, 0 impls, 188 clqs
(round 4, medium)     60 del vars, 3 del conss, 0 add conss, 0 chg bounds, 3 chg sides, 36 chg coeffs, 185 upgd conss, 0 impls, 188 clqs
(round 5, fast)       68 del vars, 3 del conss, 0 add conss, 0 chg bounds, 3 chg sides, 36 chg coeffs, 185 upgd conss, 0 impls, 188 clqs
   (0.0s) probing: 51/432 (11.8%) - 0 fixings, 0 aggregations, 0 implications, 0 bound changes
   (0.0s) probing aborted: 50/50 successive totally useless probings
   (0.0s) symmetry computation started: requiring (bin +, int +, cont +), (fixed: bin -, int -, cont -)
   (0.0s) no symmetry present (symcode time: 0.00)
presolving (6 rounds: 6 fast, 5 medium, 3 exhaustive):
 68 deleted vars, 3 deleted constraints, 0 added constraints, 0 tightened bounds, 0 added holes, 3 changed sides, 36 changed coefficients
 0 implications, 188 cliques
presolved problem has 432 variables (432 bin, 0 int, 0 impl, 0 cont) and 185 constraints
    185 constraints of type <setppc>
Presolving Time: 0.02

 time | node  | left  |LP iter|LP it/n|mem/heur|mdpt |vars |cons |rows |cuts |sepa|confs|strbr|  dualbound   | primalbound  |  gap   | compl. 
  0.1s|     1 |     0 |  1158 |     - |  5460k |   0 | 432 | 185 | 185 |   0 |  0 |   0 |   0 | 7.786988e+03 |      --      |    Inf | unknown
  0.2s|     1 |     0 |  1217 |     - |    20M |   0 | 432 | 185 | 188 |   3 |  1 |   0 |   0 | 7.769524e+03 |      --      |    Inf | unknown
  0.2s|     1 |     0 |  1281 |     - |    32M |   0 | 432 | 185 | 191 |   6 |  2 |   0 |   0 | 7.757003e+03 |      --      |    Inf | unknown
  0.3s|     1 |     0 |  1321 |     - |    39M |   0 | 432 | 185 | 193 |   8 |  3 |   0 |   0 | 7.751411e+03 |      --      |    Inf | unknown
  0.4s|     1 |     0 |  1381 |     - |    47M |   0 | 432 | 185 | 195 |  10 |  4 |   0 |   0 | 7.741865e+03 |      --      |    Inf | unknown
  0.4s|     1 |     0 |  1410 |     - |    50M |   0 | 432 | 185 | 198 |  13 |  5 |   0 |   0 | 7.734122e+03 |      --      |    Inf | unknown
  0.5s|     1 |     0 |  1446 |     - |    57M |   0 | 432 | 185 | 199 |  14 |  6 |   0 |   0 | 7.731652e+03 |      --      |    Inf | unknown
  0.5s|     1 |     0 |  1471 |     - |    65M |   0 | 432 | 185 | 200 |  15 |  7 |   0 |   0 | 7.730978e+03 |      --      |    Inf | unknown
  0.6s|     1 |     0 |  1500 |     - |    67M |   0 | 432 | 185 | 201 |  16 |  8 |   0 |   0 | 7.730501e+03 |      --      |    Inf | unknown
  0.7s|     1 |     0 |  1550 |     - |    79M |   0 | 432 | 185 | 203 |  18 |  9 |   0 |   0 | 7.728656e+03 |      --      |    Inf | unknown
  0.7s|     1 |     0 |  1588 |     - |    82M |   0 | 432 | 185 | 205 |  20 | 10 |   0 |   0 | 7.726555e+03 |      --      |    Inf | unknown
  0.8s|     1 |     0 |  1610 |     - |    82M |   0 | 432 | 185 | 208 |  23 | 11 |   0 |   0 | 7.726266e+03 |      --      |    Inf | unknown
  0.8s|     1 |     0 |  1622 |     - |    82M |   0 | 432 | 185 | 210 |  25 | 12 |   0 |   0 | 7.725928e+03 |      --      |    Inf | unknown
  0.8s|     1 |     0 |  1638 |     - |    82M |   0 | 432 | 185 | 212 |  27 | 13 |   0 |   0 | 7.725574e+03 |      --      |    Inf | unknown
  0.8s|     1 |     0 |  1652 |     - |    82M |   0 | 432 | 185 | 215 |  30 | 14 |   0 |   0 | 7.725293e+03 |      --      |    Inf | unknown
 time | node  | left  |LP iter|LP it/n|mem/heur|mdpt |vars |cons |rows |cuts |sepa|confs|strbr|  dualbound   | primalbound  |  gap   | compl. 
  0.9s|     1 |     0 |  1654 |     - |    82M |   0 | 432 | 185 | 216 |  31 | 15 |   0 |   0 | 7.725274e+03 |      --      |    Inf | unknown
  0.9s|     1 |     0 |  1666 |     - |    82M |   0 | 432 | 185 | 217 |  32 | 16 |   0 |   0 | 7.725146e+03 |      --      |    Inf | unknown
  0.9s|     1 |     0 |  1709 |     - |    82M |   0 | 432 | 185 | 218 |  34 | 17 |   0 |   0 | 7.723600e+03 |      --      |    Inf | unknown
  0.9s|     1 |     0 |  1721 |     - |    82M |   0 | 432 | 185 | 220 |  36 | 18 |   0 |   0 | 7.723465e+03 |      --      |    Inf | unknown
  1.0s|     1 |     0 |  1742 |     - |    82M |   0 | 432 | 185 | 223 |  39 | 19 |   0 |   0 | 7.723092e+03 |      --      |    Inf | unknown
  1.0s|     1 |     0 |  1767 |     - |    82M |   0 | 432 | 185 | 224 |  40 | 20 |   0 |   0 | 7.722246e+03 |      --      |    Inf | unknown
  1.0s|     1 |     0 |  1772 |     - |    82M |   0 | 432 | 185 | 225 |  41 | 21 |   0 |   0 | 7.722168e+03 |      --      |    Inf | unknown
  1.0s|     1 |     0 |  1773 |     - |    82M |   0 | 432 | 185 | 226 |  42 | 22 |   0 |   0 | 7.722164e+03 |      --      |    Inf | unknown
  1.1s|     1 |     0 |  1777 |     - |    82M |   0 | 432 | 185 | 221 |  43 | 23 |   0 |   0 | 7.722123e+03 |      --      |    Inf | unknown
  1.1s|     1 |     0 |  1780 |     - |    82M |   0 | 432 | 185 | 222 |  44 | 24 |   0 |   0 | 7.722122e+03 |      --      |    Inf | unknown
  1.2s|     1 |     0 |  1781 |     - |    82M |   0 | 432 | 185 | 223 |  45 | 25 |   0 |   0 | 7.722095e+03 |      --      |    Inf | unknown
  1.2s|     1 |     0 |  1814 |     - |    82M |   0 | 432 | 185 | 227 |  49 | 26 |   0 |   0 | 7.721367e+03 |      --      |    Inf | unknown
  1.2s|     1 |     0 |  1818 |     - |    82M |   0 | 432 | 185 | 228 |  50 | 27 |   0 |   0 | 7.721353e+03 |      --      |    Inf | unknown
  1.2s|     1 |     0 |  1842 |     - |    82M |   0 | 432 | 185 | 231 |  53 | 28 |   0 |   0 | 7.721032e+03 |      --      |    Inf | unknown
  1.3s|     1 |     0 |  1843 |     - |    82M |   0 | 432 | 185 | 227 |  54 | 29 |   0 |   0 | 7.721031e+03 |      --      |    Inf | unknown
 time | node  | left  |LP iter|LP it/n|mem/heur|mdpt |vars |cons |rows |cuts |sepa|confs|strbr|  dualbound   | primalbound  |  gap   | compl. 
  1.3s|     1 |     0 |  1864 |     - |    82M |   0 | 432 | 185 | 232 |  59 | 30 |   0 |   0 | 7.720822e+03 |      --      |    Inf | unknown
  1.3s|     1 |     0 |  1880 |     - |    82M |   0 | 432 | 185 | 237 |  64 | 31 |   0 |   0 | 7.720640e+03 |      --      |    Inf | unknown
  1.4s|     1 |     0 |  1886 |     - |    82M |   0 | 432 | 185 | 238 |  65 | 32 |   0 |   0 | 7.720583e+03 |      --      |    Inf | unknown
  1.4s|     1 |     0 |  1905 |     - |    82M |   0 | 432 | 185 | 245 |  72 | 33 |   0 |   0 | 7.720219e+03 |      --      |    Inf | unknown
  1.5s|     1 |     0 |  1919 |     - |    82M |   0 | 432 | 185 | 248 |  75 | 34 |   0 |   0 | 7.720097e+03 |      --      |    Inf | unknown
  1.5s|     1 |     0 |  1936 |     - |    82M |   0 | 432 | 185 | 246 |  79 | 35 |   0 |   0 | 7.719773e+03 |      --      |    Inf | unknown
  1.5s|     1 |     0 |  1944 |     - |    82M |   0 | 432 | 185 | 250 |  83 | 36 |   0 |   0 | 7.719670e+03 |      --      |    Inf | unknown
d 1.5s|     1 |     0 |  1944 |     - |coefdivi|   0 | 432 | 185 | 250 |   0 | 36 |   0 |   0 | 7.719670e+03 | 3.131326e+03 | 146.53%| unknown
d 1.6s|     1 |     0 |  2137 |     - |coefdivi|   0 | 432 | 185 | 250 |   0 | 36 |   0 |   0 | 7.719670e+03 | 3.956491e+03 |  95.11%| unknown
d 1.6s|     1 |     0 |  2282 |     - |coefdivi|   0 | 432 | 185 | 250 |   0 | 36 |   0 |   0 | 7.719670e+03 | 4.143780e+03 |  86.30%| unknown
d 1.6s|     1 |     0 |  2303 |     - |coefdivi|   0 | 432 | 185 | 250 |   0 | 36 |   0 |   0 | 7.719670e+03 | 4.963813e+03 |  55.52%| unknown
d 1.6s|     1 |     0 |  2322 |     - |coefdivi|   0 | 432 | 185 | 250 |   0 | 36 |   0 |   0 | 7.719670e+03 | 6.581048e+03 |  17.30%| unknown
  1.6s|     1 |     0 |  2322 |     - |    82M |   0 | 432 | 185 | 250 |  83 | 36 |   0 |   0 | 7.719670e+03 | 6.581048e+03 |  17.30%| unknown
  2.1s|     1 |     2 |  2322 |     - |    82M |   0 | 432 | 185 | 250 |  83 | 37 |   0 |  24 | 7.699983e+03 | 6.581048e+03 |  17.00%| unknown
* 2.5s|     4 |     3 |  2573 | 209.7 |strongbr|   3 | 432 | 185 | 221 |  83 |  1 |   0 |  71 | 7.686896e+03 | 7.297668e+03 |   5.33%| unknown
 time | node  | left  |LP iter|LP it/n|mem/heur|mdpt |vars |cons |rows |cuts |sepa|confs|strbr|  dualbound   | primalbound  |  gap   | compl. 
* 2.7s|     6 |     3 |  2719 | 155.0 |strongbr|   4 | 432 | 189 | 221 |  83 |  1 |   4 | 116 | 7.686896e+03 | 7.386907e+03 |   4.06%|   6.20%
* 2.8s|     8 |     3 |  2775 | 118.7 |strongbr|   5 | 432 | 191 | 221 |  83 |  1 |   6 | 141 | 7.686896e+03 | 7.441435e+03 |   3.30%|  10.12%
* 2.8s|     9 |     2 |  2836 | 111.5 |strongbr|   5 | 432 | 194 | 221 |  83 |  2 |   9 | 163 | 7.686896e+03 | 7.447176e+03 |   3.22%|  11.27%
* 2.9s|     9 |     2 |  2890 | 118.2 |strongbr|   5 | 432 | 194 | 221 |  83 |  3 |   9 | 172 | 7.686896e+03 | 7.475534e+03 |   2.83%|  11.27%
* 6.2s|    43 |     2 |  5968 |  95.8 |strongbr|   9 | 432 | 296 | 221 |  83 |  1 | 112 | 746 | 7.622425e+03 | 7.480594e+03 |   1.90%|  60.59%

SCIP Status        : problem is solved [optimal solution found]
Solving Time (sec) : 8.34
Solving Nodes      : 61
Primal Bound       : +7.48059414562674e+03 (212 solutions)
Dual Bound         : +7.48059414562674e+03
Gap                : 0.00 %
