presolving:
(round 1, fast)       0 del vars, 1 del conss, 0 add conss, 0 chg bounds, 0 chg sides, 0 chg coeffs, 0 upgd conss, 0 impls, 193 clqs
   (0.0s) running MILP presolver
   (0.0s) MILP presolver (2 rounds): 0 aggregations, 21 fixings, 0 bound changes
(round 2, medium)     21 del vars, 1 del conss, 0 add conss, 0 chg bounds, 0 chg sides, 0 chg coeffs, 0 upgd conss, 0 impls, 193 clqs
(round 3, exhaustive) 21 del vars, 4 del conss, 0 add conss, 0 chg bounds, 3 chg sides, 0 chg coeffs, 0 upgd conss, 0 impls, 193 clqs
(round 4, exhaustive) 21 del vars, 4 del conss, 0 add conss, 0 chg bounds, 3 chg sides, 0 chg coeffs, 190 upgd conss, 0 impls, 193 clqs
(round 5, medium)     62 del vars, 4 del conss, 0 add conss, 0 chg bounds, 3 chg sides, 41 chg coeffs, 190 upgd conss, 0 impls, 193 clqs
(round 6, fast)       88 del vars, 5 del conss, 0 add conss, 0 chg bounds, 3 chg sides, 41 chg coeffs, 190 upgd conss, 0 impls, 190 clqs
(round 7, exhaustive) 88 del vars, 11 del conss, 0 add conss, 0 chg bounds, 3 chg sides, 41 chg coeffs, 190 upgd conss, 0 impls, 190 clqs
(round 8, exhaustive) 89 del vars, 11 del conss, 0 add conss, 0 chg bounds, 3 chg sides, 41 chg coeffs, 190 upgd conss, 0 impls, 190 clqs
   (0.0s) probing: 51/411 (12.4%) - 0 fixings, 0 aggregations, 0 implications, 0 bound changes
   (0.0s) probing aborted: 50/50 successive totally useless probings
   (0.0s) symmetry computation started: requiring (bin +, int +, cont +), (fixed: bin -, int -, cont -)
   (0.0s) no symmetry present (symcode time: 0.00)
presolving (9 rounds: 9 fast, 7 medium, 5 exhaustive):
 89 deleted vars, 11 deleted constraints, 0 added constraints, 0 tightened bounds, 0 added holes, 3 changed sides, 41 changed coefficients
 0 implications, 190 cliques
presolved problem has 411 variables (411 bin, 0 int, 0 impl, 0 cont) and 183 constraints
    183 constraints of type <setppc>
Presolving Time: 0.02

 time | node  | left  |LP iter|LP it/n|mem/heur|mdpt |vars |cons |rows |cuts |sepa|confs|strbr|  dualbound   | primalbound  |  gap   | compl. 
  0.1s|     1 |     0 |   965 |     - |  5244k |   0 | 411 | 183 | 183 |   0 |  0 |   0 |   0 | 8.143134e+03 |      --      |    Inf | unknown
  0.2s|     1 |     0 |  1020 |     - |    11M |   0 | 411 | 183 | 185 |   2 |  1 |   0 |   0 | 8.120914e+03 |      --      |    Inf | unknown
  0.4s|     1 |     0 |  1052 |     - |    21M |   0 | 411 | 183 | 188 |   5 |  2 |   0 |   0 | 8.107157e+03 |      --      |    Inf | unknown
  0.6s|     1 |     0 |  1065 |     - |    28M |   0 | 411 | 183 | 190 |   7 |  3 |   0 |   0 | 8.104249e+03 |      --      |    Inf | unknown
  0.6s|     1 |     0 |  1115 |     - |    33M |   0 | 411 | 183 | 193 |  10 |  4 |   0 |   0 | 8.097344e+03 |      --      |    Inf | unknown
  0.7s|     1 |     0 |  1143 |     - |    38M |   0 | 411 | 183 | 194 |  11 |  5 |   0 |   0 | 8.091457e+03 |      --      |    Inf | unknown
  0.9s|     1 |     0 |  1173 |     - |    41M |   0 | 411 | 183 | 195 |  12 |  6 |   0 |   0 | 8.089264e+03 |      --      |    Inf | unknown
  0.9s|     1 |     0 |  1194 |     - |    48M |   0 | 411 | 183 | 198 |  15 |  7 |   0 |   0 | 8.088370e+03 |      --      |    Inf | unknown
  1.0s|     1 |     0 |  1230 |     - |    49M |   0 | 411 | 183 | 200 |  17 |  8 |   0 |   0 | 8.086686e+03 |      --      |    Inf | unknown
  1.1s|     1 |     0 |  1260 |     - |    58M |   0 | 411 | 183 | 202 |  19 |  9 |   0 |   0 | 8.085566e+03 |      --      |    Inf | unknown
  1.1s|     1 |     0 |  1306 |     - |    60M |   0 | 411 | 183 | 204 |  21 | 10 |   0 |   0 | 8.084547e+03 |      --      |    Inf | unknown
  1.2s|     1 |     0 |  1318 |     - |    60M |   0 | 411 | 183 | 205 |  22 | 11 |   0 |   0 | 8.084315e+03 |      --      |    Inf | unknown
  1.2s|     1 |     0 |  1343 |     - |    60M |   0 | 411 | 183 | 206 |  23 | 12 |   0 |   0 | 8.083886e+03 |      --      |    Inf | unknown
  1.2s|     1 |     0 |  1374 |     - |    60M |   0 | 411 | 183 | 208 |  25 | 13 |   0 |   0 | 8.082874e+03 |      --      |    Inf | unknown
  1.2s|     1 |     0 |  1385 |     - |    60M |   0 | 411 | 183 | 209 |  26 | 14 |   0 |   0 | 8.082729e+03 |      --      |    Inf | unknown
 time | node  | left  |LP iter|LP it/n|mem/heur|mdpt |vars |cons |rows |cuts |sepa|confs|strbr|  dualbound   | primalbound  |  gap   | compl. 
  1.3s|     1 |     0 |  1387 |     - |    60M |   0 | 411 | 183 | 210 |  27 | 15 |   0 |   0 | 8.082710e+03 |      --      |    Inf | unknown
  1.3s|     1 |     0 |  1391 |     - |    60M |   0 | 411 | 183 | 211 |  28 | 16 |   0 |   0 | 8.082701e+03 |      --      |    Inf | unknown
  1.3s|     1 |     0 |  1409 |     - |    60M |   0 | 411 | 183 | 213 |  30 | 17 |   0 |   0 | 8.082488e+03 |      --      |    Inf | unknown
  1.3s|     1 |     0 |  1431 |     - |    60M |   0 | 411 | 183 | 218 |  35 | 18 |   0 |   0 | 8.082120e+03 |      --      |    Inf | unknown
  1.4s|     1 |     0 |  1441 |     - |    60M |   0 | 411 | 183 | 219 |  36 | 19 |   0 |   0 | 8.082107e+03 |      --      |    Inf | unknown
  1.4s|     1 |     0 |  1449 |     - |    60M |   0 | 411 | 183 | 220 |  37 | 20 |   0 |   0 | 8.082081e+03 |      --      |    Inf | unknown
  1.5s|     1 |     0 |  1459 |     - |    60M |   0 | 411 | 183 | 221 |  38 | 21 |   0 |   0 | 8.082021e+03 |      --      |    Inf | unknown
  1.5s|     1 |     0 |  1463 |     - |    60M |   0 | 411 | 183 | 222 |  39 | 22 |   0 |   0 | 8.082016e+03 |      --      |    Inf | unknown
  1.5s|     1 |     0 |  1476 |     - |    60M |   0 | 411 | 183 | 216 |  40 | 23 |   0 |   0 | 8.081969e+03 |      --      |    Inf | unknown
d 1.5s|     1 |     0 |  1476 |     - |coefdivi|   0 | 411 | 183 | 216 |   0 | 23 |   0 |   0 | 8.081969e+03 | 3.206074e+03 | 152.08%| unknown
d 1.5s|     1 |     0 |  1675 |     - |coefdivi|   0 | 411 | 183 | 216 |   0 | 23 |   0 |   0 | 8.081969e+03 | 3.719152e+03 | 117.31%| unknown
d 1.5s|     1 |     0 |  1739 |     - |coefdivi|   0 | 411 | 183 | 216 |   0 | 23 |   0 |   0 | 8.081969e+03 | 5.177271e+03 |  56.10%| unknown
d 1.5s|     1 |     0 |  1760 |     - |coefdivi|   0 | 411 | 183 | 216 |   0 | 23 |   0 |   0 | 8.081969e+03 | 7.451262e+03 |   8.46%| unknown
  1.5s|     1 |     0 |  1760 |     - |    60M |   0 | 411 | 183 | 216 |  40 | 23 |   0 |   0 | 8.081969e+03 | 7.451262e+03 |   8.46%| unknown
  1.6s|     1 |     0 |  1765 |     - |    60M |   0 | 411 | 183 | 217 |  41 | 24 |   0 |   0 | 8.081967e+03 | 7.451262e+03 |   8.46%| unknown
 time | node  | left  |LP iter|LP it/n|mem/heur|mdpt |vars |cons |rows |cuts |sepa|confs|strbr|  dualbound   | primalbound  |  gap   | compl. 
  1.6s|     1 |     0 |  1767 |     - |    60M |   0 | 411 | 183 | 218 |  42 | 25 |   0 |   0 | 8.081967e+03 | 7.451262e+03 |   8.46%| unknown
  2.1s|     1 |     2 |  1767 |     - |    60M |   0 | 411 | 183 | 218 |  42 | 25 |   0 |  25 | 8.067366e+03 | 7.451262e+03 |   8.27%| unknown
* 2.4s|     4 |     3 |  2095 | 204.0 |strongbr|   3 | 411 | 183 | 199 |  42 |  1 |   0 |  65 | 8.067366e+03 | 7.694847e+03 |   4.84%| unknown
* 2.6s|     4 |     3 |  2095 | 204.0 |strongbr|   3 | 411 | 183 | 199 |  42 |  1 |   0 |  95 | 8.067366e+03 | 7.776469e+03 |   3.74%| unknown
* 2.6s|     4 |     3 |  2131 | 216.0 |strongbr|   3 | 411 | 190 | 199 |  42 |  3 |   7 | 105 | 8.067366e+03 | 7.777809e+03 |   3.72%| unknown
* 3.4s|     8 |     2 |  2472 | 141.3 |strongbr|   3 | 411 | 210 | 199 |  42 |  1 |  27 | 202 | 8.055369e+03 | 7.990724e+03 |   0.81%|  34.54%

SCIP Status        : problem is solved [optimal solution found]
Solving Time (sec) : 3.53
Solving Nodes      : 10
Primal Bound       : +7.99072447849008e+03 (163 solutions)
Dual Bound         : +7.99072447849008e+03
Gap                : 0.00 %
