presolving:
(round 1, fast)       0 del vars, 1 del conss, 0 add conss, 0 chg bounds, 0 chg sides, 0 chg coeffs, 0 upgd conss, 0 impls, 193 clqs
   (0.0s) running MILP presolver
   (0.0s) MILP presolver (2 rounds): 0 aggregations, 22 fixings, 0 bound changes
(round 2, medium)     22 del vars, 1 del conss, 0 add conss, 0 chg bounds, 0 chg sides, 0 chg coeffs, 0 upgd conss, 0 impls, 192 clqs
(round 3, fast)       22 del vars, 2 del conss, 0 add conss, 0 chg bounds, 0 chg sides, 0 chg coeffs, 0 upgd conss, 0 impls, 192 clqs
(round 4, exhaustive) 22 del vars, 5 del conss, 0 add conss, 0 chg bounds, 3 chg sides, 0 chg coeffs, 0 upgd conss, 0 impls, 192 clqs
(round 5, exhaustive) 22 del vars, 5 del conss, 0 add conss, 0 chg bounds, 3 chg sides, 0 chg coeffs, 189 upgd conss, 0 impls, 192 clqs
(round 6, medium)     61 del vars, 5 del conss, 0 add conss, 0 chg bounds, 3 chg sides, 39 chg coeffs, 189 upgd conss, 0 impls, 192 clqs
(round 7, fast)       86 del vars, 7 del conss, 0 add conss, 0 chg bounds, 3 chg sides, 39 chg coeffs, 189 upgd conss, 0 impls, 190 clqs
(round 8, exhaustive) 86 del vars, 14 del conss, 0 add conss, 0 chg bounds, 3 chg sides, 39 chg coeffs, 189 upgd conss, 0 impls, 190 clqs
   (0.0s) probing: 51/414 (12.3%) - 0 fixings, 0 aggregations, 0 implications, 0 bound changes
   (0.0s) probing aborted: 50/50 successive totally useless probings
   (0.0s) symmetry computation started: requiring (bin +, int +, cont +), (fixed: bin -, int -, cont -)
   (0.0s) no symmetry present (symcode time: 0.00)
presolving (9 rounds: 9 fast, 6 medium, 4 exhaustive):
 86 deleted vars, 14 deleted constraints, 0 added constraints, 0 tightened bounds, 0 added holes, 3 changed sides, 39 changed coefficients
 0 implications, 190 cliques
presolved problem has 414 variables (414 bin, 0 int, 0 impl, 0 cont) and 180 constraints
    180 constraints of type <setppc>
Presolving Time: 0.02

 time | node  | left  |LP iter|LP it/n|mem/heur|mdpt |vars |cons |rows |cuts |sepa|confs|strbr|  dualbound   | primalbound  |  gap   | compl. 
  0.1s|     1 |     0 |   946 |     - |  5343k |   0 | 414 | 180 | 180 |   0 |  0 |   0 |   0 | 7.779375e+03 |      --      |    Inf | unknown
  0.4s|     1 |     0 |   990 |     - |    20M |   0 | 414 | 180 | 183 |   3 |  1 |   0 |   0 | 7.755944e+03 |      --      |    Inf | unknown
  0.4s|     1 |     0 |  1033 |     - |    29M |   0 | 414 | 180 | 184 |   4 |  2 |   0 |   0 | 7.743120e+03 |      --      |    Inf | unknown
  0.5s|     1 |     0 |  1055 |     - |    33M |   0 | 414 | 180 | 185 |   5 |  3 |   0 |   0 | 7.736114e+03 |      --      |    Inf | unknown
  0.6s|     1 |     0 |  1111 |     - |    39M |   0 | 414 | 180 | 188 |   8 |  4 |   0 |   0 | 7.726837e+03 |      --      |    Inf | unknown
  0.8s|     1 |     0 |  1153 |     - |    44M |   0 | 414 | 180 | 191 |  11 |  5 |   0 |   0 | 7.720627e+03 |      --      |    Inf | unknown
  0.9s|     1 |     0 |  1176 |     - |    48M |   0 | 414 | 180 | 194 |  14 |  6 |   0 |   0 | 7.719146e+03 |      --      |    Inf | unknown
  1.0s|     1 |     0 |  1235 |     - |    56M |   0 | 414 | 180 | 196 |  16 |  7 |   0 |   0 | 7.714681e+03 |      --      |    Inf | unknown
  1.1s|     1 |     0 |  1276 |     - |    63M |   0 | 414 | 180 | 198 |  18 |  8 |   0 |   0 | 7.711927e+03 |      --      |    Inf | unknown
  1.3s|     1 |     0 |  1312 |     - |    67M |   0 | 414 | 180 | 200 |  20 |  9 |   0 |   0 | 7.709973e+03 |      --      |    Inf | unknown
  1.4s|     1 |     0 |  1357 |     - |    76M |   0 | 414 | 180 | 201 |  21 | 10 |   0 |   0 | 7.708997e+03 |      --      |    Inf | unknown
  1.5s|     1 |     0 |  1392 |     - |    77M |   0 | 414 | 180 | 203 |  23 | 11 |   0 |   0 | 7.708414e+03 |      --      |    Inf | unknown
  1.5s|     1 |     0 |  1406 |     - |    77M |   0 | 414 | 180 | 206 |  26 | 12 |   0 |   0 | 7.708198e+03 |      --      |    Inf | unknown
  1.5s|     1 |     0 |  1432 |     - |    78M |   0 | 414 | 180 | 209 |  29 | 13 |   0 |   0 | 7.707904e+03 |      --      |    Inf | unknown
  1.6s|     1 |     0 |  1444 |     - |    78M |   0 | 414 | 180 | 210 |  30 | 14 |   0 |   0 | 7.707867e+03 |      --      |    Inf | unknown
 time | node  | left  |LP iter|LP it/n|mem/heur|mdpt |vars |cons |rows |cuts |sepa|confs|strbr|  dualbound   | primalbound  |  gap   | compl. 
  1.7s|     1 |     0 |  1463 |     - |    78M |   0 | 414 | 180 | 212 |  32 | 15 |   0 |   0 | 7.707759e+03 |      --      |    Inf | unknown
  1.7s|     1 |     0 |  1481 |     - |    78M |   0 | 414 | 180 | 214 |  34 | 16 |   0 |   0 | 7.707638e+03 |      --      |    Inf | unknown
  1.7s|     1 |     0 |  1504 |     - |    78M |   0 | 414 | 180 | 215 |  35 | 17 |   0 |   0 | 7.707472e+03 |      --      |    Inf | unknown
  1.8s|     1 |     0 |  1522 |     - |    78M |   0 | 414 | 180 | 216 |  36 | 18 |   0 |   0 | 7.707233e+03 |      --      |    Inf | unknown
  1.9s|     1 |     0 |  1538 |     - |    78M |   0 | 414 | 180 | 217 |  37 | 19 |   0 |   0 | 7.707136e+03 |      --      |    Inf | unknown
  2.0s|     1 |     0 |  1575 |     - |    78M |   0 | 414 | 180 | 221 |  41 | 20 |   0 |   0 | 7.706432e+03 |      --      |    Inf | unknown
  2.0s|     1 |     0 |  1584 |     - |    78M |   0 | 414 | 180 | 222 |  42 | 21 |   0 |   0 | 7.706302e+03 |      --      |    Inf | unknown
  2.0s|     1 |     0 |  1591 |     - |    78M |   0 | 414 | 180 | 223 |  43 | 22 |   0 |   0 | 7.706247e+03 |      --      |    Inf | unknown
  2.1s|     1 |     0 |  1592 |     - |    78M |   0 | 414 | 180 | 223 |  44 | 23 |   0 |   0 | 7.706245e+03 |      --      |    Inf | unknown
  2.2s|     1 |     0 |  1600 |     - |    78M |   0 | 414 | 180 | 224 |  45 | 24 |   0 |   0 | 7.706208e+03 |      --      |    Inf | unknown
  2.2s|     1 |     0 |  1605 |     - |    78M |   0 | 414 | 180 | 225 |  46 | 25 |   0 |   0 | 7.706199e+03 |      --      |    Inf | unknown
  2.3s|     1 |     0 |  1611 |     - |    78M |   0 | 414 | 180 | 226 |  47 | 26 |   0 |   0 | 7.706195e+03 |      --      |    Inf | unknown
  2.4s|     1 |     0 |  1615 |     - |    78M |   0 | 414 | 180 | 227 |  48 | 27 |   0 |   0 | 7.706170e+03 |      --      |    Inf | unknown
  2.4s|     1 |     0 |  1618 |     - |    78M |   0 | 414 | 180 | 228 |  49 | 28 |   0 |   0 | 7.706165e+03 |      --      |    Inf | unknown
  2.5s|     1 |     0 |  1621 |     - |    78M |   0 | 414 | 180 | 226 |  50 | 29 |   0 |   0 | 7.706164e+03 |      --      |    Inf | unknown
 time | node  | left  |LP iter|LP it/n|mem/heur|mdpt |vars |cons |rows |cuts |sepa|confs|strbr|  dualbound   | primalbound  |  gap   | compl. 
  2.6s|     1 |     0 |  1624 |     - |    78M |   0 | 414 | 180 | 227 |  51 | 30 |   0 |   0 | 7.706162e+03 |      --      |    Inf | unknown
d 2.6s|     1 |     0 |  1624 |     - |farkasdi|   0 | 414 | 180 | 227 |   0 | 30 |   0 |   0 | 7.706162e+03 | 3.163312e+03 | 143.61%| unknown
d 2.6s|     1 |     0 |  1860 |     - |farkasdi|   0 | 414 | 180 | 227 |   0 | 30 |   0 |   0 | 7.706162e+03 | 4.011513e+03 |  92.10%| unknown
d 2.7s|     1 |     0 |  1967 |     - |farkasdi|   0 | 414 | 180 | 227 |   0 | 30 |   0 |   0 | 7.706162e+03 | 4.367132e+03 |  76.46%| unknown
d 2.7s|     1 |     0 |  2041 |     - |farkasdi|   0 | 414 | 180 | 227 |   0 | 30 |   0 |   0 | 7.706162e+03 | 4.909070e+03 |  56.98%| unknown
d 2.7s|     1 |     0 |  2086 |     - |farkasdi|   0 | 414 | 180 | 227 |   0 | 30 |   0 |   0 | 7.706162e+03 | 5.655324e+03 |  36.26%| unknown
d 2.7s|     1 |     0 |  2105 |     - |farkasdi|   0 | 414 | 180 | 227 |   0 | 30 |   0 |   0 | 7.706162e+03 | 6.246259e+03 |  23.37%| unknown
d 2.7s|     1 |     0 |  2106 |     - |farkasdi|   0 | 414 | 180 | 227 |   0 | 30 |   0 |   0 | 7.706162e+03 | 7.205814e+03 |   6.94%| unknown
  2.7s|     1 |     0 |  2106 |     - |    78M |   0 | 414 | 180 | 227 |  51 | 30 |   0 |   0 | 7.706162e+03 | 7.205814e+03 |   6.94%| unknown
  2.7s|     1 |     0 |  2117 |     - |    78M |   0 | 414 | 180 | 228 |  52 | 31 |   0 |   0 | 7.706137e+03 | 7.205814e+03 |   6.94%| unknown
  2.7s|     1 |     0 |  2125 |     - |    78M |   0 | 414 | 180 | 229 |  53 | 32 |   0 |   0 | 7.706081e+03 | 7.205814e+03 |   6.94%| unknown
  3.9s|     1 |     2 |  2125 |     - |    78M |   0 | 414 | 180 | 229 |  53 | 32 |   0 |  25 | 7.692936e+03 | 7.205814e+03 |   6.76%| unknown
* 4.8s|     6 |     5 |  2513 | 174.0 |strongbr|   5 | 414 | 180 | 216 |  53 |  1 |   0 | 111 | 7.692936e+03 | 7.374103e+03 |   4.32%| unknown
* 6.1s|    10 |     5 |  3200 | 173.0 |strongbr|   5 | 414 | 194 | 216 |  53 |  6 |  14 | 220 | 7.675058e+03 | 7.376112e+03 |   4.05%|   9.27%
* 6.3s|    12 |     5 |  3296 | 150.3 |strongbr|   5 | 414 | 194 | 216 |  53 |  1 |  14 | 244 | 7.675058e+03 | 7.382455e+03 |   3.96%|  14.28%
 time | node  | left  |LP iter|LP it/n|mem/heur|mdpt |vars |cons |rows |cuts |sepa|confs|strbr|  dualbound   | primalbound  |  gap   | compl. 
* 6.7s|    14 |     5 |  3444 | 138.5 |strongbr|   5 | 414 | 202 | 216 |  53 |  3 |  22 | 292 | 7.675058e+03 | 7.441591e+03 |   3.14%|  17.70%
* 7.9s|    22 |     3 |  4134 | 118.6 |strongbr|   5 | 414 | 266 | 216 |  53 |  1 |  86 | 473 | 7.675058e+03 | 7.521534e+03 |   2.04%|  36.23%
* 9.8s|    36 |     3 |  5507 | 110.4 |strongbr|   8 | 414 | 336 | 216 |  53 |  1 | 156 | 711 | 7.650508e+03 | 7.548705e+03 |   1.35%|  79.12%

SCIP Status        : problem is solved [optimal solution found]
Solving Time (sec) : 9.95
Solving Nodes      : 41
Primal Bound       : +7.54870471891746e+03 (202 solutions)
Dual Bound         : +7.54870471891746e+03
Gap                : 0.00 %
