presolving:
(round 1, fast)       1 del vars, 3 del conss, 0 add conss, 0 chg bounds, 0 chg sides, 0 chg coeffs, 0 upgd conss, 0 impls, 184 clqs
(round 2, fast)       2 del vars, 3 del conss, 0 add conss, 0 chg bounds, 0 chg sides, 0 chg coeffs, 0 upgd conss, 0 impls, 184 clqs
   (0.0s) running MILP presolver
   (0.0s) MILP presolver (2 rounds): 0 aggregations, 9 fixings, 0 bound changes
(round 3, medium)     11 del vars, 3 del conss, 0 add conss, 0 chg bounds, 0 chg sides, 0 chg coeffs, 0 upgd conss, 0 impls, 184 clqs
(round 4, exhaustive) 11 del vars, 8 del conss, 0 add conss, 0 chg bounds, 5 chg sides, 0 chg coeffs, 0 upgd conss, 0 impls, 184 clqs
(round 5, exhaustive) 11 del vars, 8 del conss, 0 add conss, 0 chg bounds, 5 chg sides, 0 chg coeffs, 179 upgd conss, 0 impls, 184 clqs
(round 6, medium)     45 del vars, 8 del conss, 0 add conss, 0 chg bounds, 5 chg sides, 34 chg coeffs, 179 upgd conss, 0 impls, 184 clqs
(round 7, fast)       56 del vars, 9 del conss, 0 add conss, 0 chg bounds, 5 chg sides, 34 chg coeffs, 179 upgd conss, 0 impls, 183 clqs
(round 8, exhaustive) 56 del vars, 12 del conss, 0 add conss, 0 chg bounds, 5 chg sides, 34 chg coeffs, 179 upgd conss, 0 impls, 183 clqs
   (0.0s) probing: 51/444 (11.5%) - 0 fixings, 0 aggregations, 0 implications, 0 bound changes
   (0.0s) probing aborted: 50/50 successive totally useless probings
   (0.0s) symmetry computation started: requiring (bin +, int +, cont +), (fixed: bin -, int -, cont -)
   (0.0s) no symmetry present (symcode time: 0.00)
presolving (9 rounds: 9 fast, 6 medium, 4 exhaustive):
 56 deleted vars, 12 deleted constraints, 0 added constraints, 0 tightened bounds, 0 added holes, 5 changed sides, 34 changed coefficients
 0 implications, 183 cliques
presolved problem has 444 variables (444 bin, 0 int, 0 impl, 0 cont) and 175 constraints
    175 constraints of type <setppc>
Presolving Time: 0.01

 time | node  | left  |LP iter|LP it/n|mem/heur|mdpt |vars |cons |rows |cuts |sepa|confs|strbr|  dualbound   | primalbound  |  gap   | compl. 
  0.1s|     1 |     0 |  1794 |     - |  5547k |   0 | 444 | 175 | 175 |   0 |  0 |   0 |   0 | 7.446863e+03 |      --      |    Inf | unknown
  0.1s|     1 |     0 |  1836 |     - |    18M |   0 | 444 | 175 | 178 |   3 |  1 |   0 |   0 | 7.433355e+03 |      --      |    Inf | unknown
  0.2s|     1 |     0 |  1860 |     - |    27M |   0 | 444 | 175 | 181 |   6 |  2 |   0 |   0 | 7.423119e+03 |      --      |    Inf | unknown
  0.2s|     1 |     0 |  1883 |     - |    33M |   0 | 444 | 175 | 183 |   8 |  3 |   0 |   0 | 7.415234e+03 |      --      |    Inf | unknown
  0.3s|     1 |     0 |  1906 |     - |    37M |   0 | 444 | 175 | 184 |   9 |  4 |   0 |   0 | 7.411380e+03 |      --      |    Inf | unknown
  0.3s|     1 |     0 |  1923 |     - |    44M |   0 | 444 | 175 | 187 |  12 |  5 |   0 |   0 | 7.409870e+03 |      --      |    Inf | unknown
  0.3s|     1 |     0 |  1960 |     - |    51M |   0 | 444 | 175 | 189 |  14 |  6 |   0 |   0 | 7.407643e+03 |      --      |    Inf | unknown
  0.4s|     1 |     0 |  2004 |     - |    57M |   0 | 444 | 175 | 190 |  15 |  7 |   0 |   0 | 7.405450e+03 |      --      |    Inf | unknown
  0.4s|     1 |     0 |  2047 |     - |    59M |   0 | 444 | 175 | 191 |  16 |  8 |   0 |   0 | 7.403941e+03 |      --      |    Inf | unknown
  0.5s|     1 |     0 |  2071 |     - |    69M |   0 | 444 | 175 | 192 |  17 |  9 |   0 |   0 | 7.403352e+03 |      --      |    Inf | unknown
  0.5s|     1 |     0 |  2090 |     - |    71M |   0 | 444 | 175 | 193 |  18 | 10 |   0 |   0 | 7.403073e+03 |      --      |    Inf | unknown
  0.5s|     1 |     0 |  2112 |     - |    71M |   0 | 444 | 175 | 195 |  20 | 11 |   0 |   0 | 7.402842e+03 |      --      |    Inf | unknown
  0.6s|     1 |     0 |  2152 |     - |    71M |   0 | 444 | 175 | 198 |  23 | 12 |   0 |   0 | 7.402312e+03 |      --      |    Inf | unknown
  0.6s|     1 |     0 |  2196 |     - |    71M |   0 | 444 | 175 | 200 |  25 | 13 |   0 |   0 | 7.401676e+03 |      --      |    Inf | unknown
  0.6s|     1 |     0 |  2218 |     - |    71M |   0 | 444 | 175 | 203 |  28 | 14 |   0 |   0 | 7.401328e+03 |      --      |    Inf | unknown
 time | node  | left  |LP iter|LP it/n|mem/heur|mdpt |vars |cons |rows |cuts |sepa|confs|strbr|  dualbound   | primalbound  |  gap   | compl. 
  0.6s|     1 |     0 |  2238 |     - |    72M |   0 | 444 | 175 | 205 |  30 | 15 |   0 |   0 | 7.400717e+03 |      --      |    Inf | unknown
  0.6s|     1 |     0 |  2251 |     - |    72M |   0 | 444 | 175 | 206 |  31 | 16 |   0 |   0 | 7.400298e+03 |      --      |    Inf | unknown
  0.7s|     1 |     0 |  2266 |     - |    72M |   0 | 444 | 175 | 208 |  33 | 17 |   0 |   0 | 7.399961e+03 |      --      |    Inf | unknown
  0.7s|     1 |     0 |  2275 |     - |    72M |   0 | 444 | 175 | 209 |  34 | 18 |   0 |   0 | 7.399794e+03 |      --      |    Inf | unknown
  0.7s|     1 |     0 |  2292 |     - |    72M |   0 | 444 | 175 | 211 |  36 | 19 |   0 |   0 | 7.399395e+03 |      --      |    Inf | unknown
  0.7s|     1 |     0 |  2310 |     - |    72M |   0 | 444 | 175 | 213 |  38 | 20 |   0 |   0 | 7.399213e+03 |      --      |    Inf | unknown
  0.8s|     1 |     0 |  2328 |     - |    72M |   0 | 444 | 175 | 214 |  39 | 21 |   0 |   0 | 7.399070e+03 |      --      |    Inf | unknown
  0.8s|     1 |     0 |  2332 |     - |    72M |   0 | 444 | 175 | 215 |  40 | 22 |   0 |   0 | 7.399015e+03 |      --      |    Inf | unknown
  0.8s|     1 |     0 |  2337 |     - |    72M |   0 | 444 | 175 | 215 |  41 | 23 |   0 |   0 | 7.398976e+03 |      --      |    Inf | unknown
  0.8s|     1 |     0 |  2338 |     - |    72M |   0 | 444 | 175 | 216 |  42 | 24 |   0 |   0 | 7.398959e+03 |      --      |    Inf | unknown
  0.9s|     1 |     0 |  2341 |     - |    72M |   0 | 444 | 175 | 217 |  43 | 25 |   0 |   0 | 7.398942e+03 |      --      |    Inf | unknown
d 0.9s|     1 |     0 |  2341 |     - |veclen2d|   0 | 444 | 175 | 217 |   0 | 25 |   0 |   0 | 7.398942e+03 | 2.834361e+03 | 161.04%| unknown
  4.0s|     1 |     0 |  3229 |     - |    72M |   0 | 444 | 175 | 217 |  43 | 25 |   0 |   0 | 7.398942e+03 | 2.834361e+03 | 161.04%| unknown
  4.1s|     1 |     0 |  3237 |     - |    72M |   0 | 444 | 175 | 218 |  44 | 26 |   0 |   0 | 7.398858e+03 | 2.834361e+03 | 161.04%| unknown
  4.1s|     1 |     0 |  3240 |     - |    72M |   0 | 444 | 175 | 219 |  45 | 27 |   0 |   0 | 7.398846e+03 | 2.834361e+03 | 161.04%| unknown
 time | node  | left  |LP iter|LP it/n|mem/heur|mdpt |vars |cons |rows |cuts |sepa|confs|strbr|  dualbound   | primalbound  |  gap   | compl. 
* 4.1s|     1 |     0 |  3240 |     - |strongbr|   0 | 444 | 175 | 219 |  45 | 27 |   0 |   0 | 7.398846e+03 | 2.877892e+03 | 157.09%| unknown
* 4.1s|     1 |     0 |  3240 |     - |strongbr|   0 | 444 | 175 | 219 |  45 | 27 |   0 |   1 | 7.398846e+03 | 3.083832e+03 | 139.92%| unknown
* 4.1s|     1 |     0 |  3240 |     - |strongbr|   0 | 444 | 175 | 219 |  45 | 27 |   0 |   4 | 7.398846e+03 | 3.564104e+03 | 107.59%| unknown
* 4.2s|     1 |     0 |  3240 |     - |strongbr|   0 | 444 | 175 | 219 |  45 | 27 |   0 |  12 | 7.398846e+03 | 3.582215e+03 | 106.54%| unknown
* 4.2s|     1 |     0 |  3240 |     - |strongbr|   0 | 444 | 175 | 219 |  45 | 27 |   0 |  18 | 7.398846e+03 | 4.051118e+03 |  82.64%| unknown
  4.2s|     1 |     2 |  3240 |     - |    72M |   0 | 444 | 175 | 219 |  45 | 27 |   0 |  19 | 7.392605e+03 | 4.051118e+03 |  82.48%| unknown
* 4.2s|     2 |     1 |  3387 |1035.0 |strongbr|   1 | 444 | 175 | 201 |  45 |  1 |   0 |  20 | 7.392605e+03 | 5.609676e+03 |  31.78%| unknown
* 4.3s|     4 |     3 |  3431 | 359.7 |strongbr|   3 | 444 | 175 | 201 |  45 |  1 |   0 |  56 | 7.392605e+03 | 6.885617e+03 |   7.36%| unknown
* 4.3s|     4 |     3 |  3431 | 359.7 |strongbr|   3 | 444 | 175 | 201 |  45 |  1 |   0 |  57 | 7.392605e+03 | 7.094323e+03 |   4.20%| unknown
* 4.6s|     7 |     6 |  3665 | 218.8 |strongbr|   3 | 444 | 175 | 201 |  45 |  1 |   0 | 116 | 7.384713e+03 | 7.096893e+03 |   4.06%| unknown
* 4.7s|     7 |     4 |  3665 | 218.8 |strongbr|   3 | 444 | 175 | 201 |  45 |  1 |   0 | 140 | 7.384713e+03 | 7.192464e+03 |   2.67%|   5.74%
* 4.7s|     8 |     4 |  3737 | 197.9 |strongbr|   4 | 444 | 180 | 201 |  45 |  2 |   5 | 162 | 7.384713e+03 | 7.198535e+03 |   2.59%|  13.93%
* 4.7s|    10 |     4 |  3784 | 159.1 |strongbr|   5 | 444 | 180 | 201 |  45 |  1 |   5 | 179 | 7.384713e+03 | 7.206902e+03 |   2.47%|  19.99%
* 4.8s|    11 |     3 |  3855 | 150.3 |strongbr|   5 | 444 | 190 | 201 |  45 |  5 |  15 | 198 | 7.384713e+03 | 7.208676e+03 |   2.44%|  21.14%
* 4.8s|    12 |     2 |  3902 | 140.9 |strongbr|   5 | 444 | 192 | 201 |  45 |  1 |  17 | 200 | 7.384713e+03 | 7.282367e+03 |   1.41%|  22.29%

SCIP Status        : problem is solved [optimal solution found]
Solving Time (sec) : 5.14
Solving Nodes      : 16
Primal Bound       : +7.28236741527056e+03 (203 solutions)
Dual Bound         : +7.28236741527056e+03
Gap                : 0.00 %
