presolving:
(round 1, fast)       1 del vars, 3 del conss, 0 add conss, 0 chg bounds, 0 chg sides, 0 chg coeffs, 0 upgd conss, 0 impls, 190 clqs
(round 2, fast)       2 del vars, 3 del conss, 0 add conss, 0 chg bounds, 0 chg sides, 0 chg coeffs, 0 upgd conss, 0 impls, 190 clqs
   (0.0s) running MILP presolver
   (0.0s) MILP presolver (2 rounds): 0 aggregations, 13 fixings, 0 bound changes
(round 3, medium)     15 del vars, 3 del conss, 0 add conss, 0 chg bounds, 0 chg sides, 0 chg coeffs, 0 upgd conss, 0 impls, 189 clqs
(round 4, fast)       15 del vars, 4 del conss, 0 add conss, 0 chg bounds, 0 chg sides, 0 chg coeffs, 0 upgd conss, 0 impls, 189 clqs
(round 5, exhaustive) 15 del vars, 8 del conss, 0 add conss, 0 chg bounds, 4 chg sides, 0 chg coeffs, 0 upgd conss, 0 impls, 189 clqs
(round 6, exhaustive) 15 del vars, 8 del conss, 0 add conss, 0 chg bounds, 4 chg sides, 0 chg coeffs, 185 upgd conss, 0 impls, 189 clqs
(round 7, medium)     51 del vars, 8 del conss, 0 add conss, 0 chg bounds, 4 chg sides, 36 chg coeffs, 185 upgd conss, 0 impls, 189 clqs
(round 8, fast)       67 del vars, 9 del conss, 0 add conss, 0 chg bounds, 4 chg sides, 36 chg coeffs, 185 upgd conss, 0 impls, 188 clqs
(round 9, exhaustive) 67 del vars, 13 del conss, 0 add conss, 0 chg bounds, 4 chg sides, 36 chg coeffs, 185 upgd conss, 0 impls, 188 clqs
   (0.0s) probing: 51/433 (11.8%) - 0 fixings, 0 aggregations, 0 implications, 0 bound changes
   (0.0s) probing aborted: 50/50 successive totally useless probings
   (0.0s) symmetry computation started: requiring (bin +, int +, cont +), (fixed: bin -, int -, cont -)
   (0.0s) no symmetry present (symcode time: 0.00)
presolving (10 rounds: 10 fast, 6 medium, 4 exhaustive):
 67 deleted vars, 13 deleted constraints, 0 added constraints, 0 tightened bounds, 0 added holes, 4 changed sides, 36 changed coefficients
 0 implications, 188 cliques
presolved problem has 433 variables (433 bin, 0 int, 0 impl, 0 cont) and 180 constraints
    180 constraints of type <setppc>
Presolving Time: 0.01

 time | node  | left  |LP iter|LP it/n|mem/heur|mdpt |vars |cons |rows |cuts |sepa|confs|strbr|  dualbound   | primalbound  |  gap   | compl. 
  0.1s|     1 |     0 |  1662 |     - |  5294k |   0 | 433 | 180 | 180 |   0 |  0 |   0 |   0 | 7.984325e+03 |      --      |    Inf | unknown
  0.1s|     1 |     0 |  1700 |     - |    19M |   0 | 433 | 180 | 183 |   3 |  1 |   0 |   0 | 7.972508e+03 |      --      |    Inf | unknown
  0.2s|     1 |     0 |  1748 |     - |    26M |   0 | 433 | 180 | 185 |   5 |  2 |   0 |   0 | 7.967540e+03 |      --      |    Inf | unknown
  0.2s|     1 |     0 |  1770 |     - |    33M |   0 | 433 | 180 | 190 |  10 |  3 |   0 |   0 | 7.960813e+03 |      --      |    Inf | unknown
  0.2s|     1 |     0 |  1792 |     - |    39M |   0 | 433 | 180 | 191 |  11 |  4 |   0 |   0 | 7.958796e+03 |      --      |    Inf | unknown
  0.3s|     1 |     0 |  1816 |     - |    43M |   0 | 433 | 180 | 192 |  12 |  5 |   0 |   0 | 7.956267e+03 |      --      |    Inf | unknown
  0.3s|     1 |     0 |  1841 |     - |    48M |   0 | 433 | 180 | 193 |  13 |  6 |   0 |   0 | 7.955047e+03 |      --      |    Inf | unknown
  0.4s|     1 |     0 |  1876 |     - |    56M |   0 | 433 | 180 | 194 |  14 |  7 |   0 |   0 | 7.952702e+03 |      --      |    Inf | unknown
  0.4s|     1 |     0 |  1891 |     - |    63M |   0 | 433 | 180 | 197 |  17 |  8 |   0 |   0 | 7.952263e+03 |      --      |    Inf | unknown
  0.5s|     1 |     0 |  1923 |     - |    66M |   0 | 433 | 180 | 199 |  19 |  9 |   0 |   0 | 7.951059e+03 |      --      |    Inf | unknown
  0.5s|     1 |     0 |  1957 |     - |    75M |   0 | 433 | 180 | 201 |  21 | 10 |   0 |   0 | 7.950468e+03 |      --      |    Inf | unknown
  0.5s|     1 |     0 |  1965 |     - |    75M |   0 | 433 | 180 | 202 |  22 | 11 |   0 |   0 | 7.950422e+03 |      --      |    Inf | unknown
  0.6s|     1 |     0 |  1976 |     - |    75M |   0 | 433 | 180 | 203 |  23 | 12 |   0 |   0 | 7.950378e+03 |      --      |    Inf | unknown
  0.6s|     1 |     0 |  2006 |     - |    75M |   0 | 433 | 180 | 206 |  26 | 13 |   0 |   0 | 7.949689e+03 |      --      |    Inf | unknown
  0.6s|     1 |     0 |  2020 |     - |    76M |   0 | 433 | 180 | 208 |  28 | 14 |   0 |   0 | 7.949526e+03 |      --      |    Inf | unknown
 time | node  | left  |LP iter|LP it/n|mem/heur|mdpt |vars |cons |rows |cuts |sepa|confs|strbr|  dualbound   | primalbound  |  gap   | compl. 
  0.6s|     1 |     0 |  2027 |     - |    76M |   0 | 433 | 180 | 209 |  29 | 15 |   0 |   0 | 7.949495e+03 |      --      |    Inf | unknown
  0.6s|     1 |     0 |  2042 |     - |    77M |   0 | 433 | 180 | 210 |  30 | 16 |   0 |   0 | 7.949213e+03 |      --      |    Inf | unknown
  0.7s|     1 |     0 |  2060 |     - |    77M |   0 | 433 | 180 | 210 |  32 | 17 |   0 |   0 | 7.948939e+03 |      --      |    Inf | unknown
  0.7s|     1 |     0 |  2099 |     - |    77M |   0 | 433 | 180 | 212 |  34 | 18 |   0 |   0 | 7.948235e+03 |      --      |    Inf | unknown
  0.7s|     1 |     0 |  2127 |     - |    77M |   0 | 433 | 180 | 214 |  36 | 19 |   0 |   0 | 7.947544e+03 |      --      |    Inf | unknown
  0.7s|     1 |     0 |  2164 |     - |    77M |   0 | 433 | 180 | 218 |  40 | 20 |   0 |   0 | 7.946658e+03 |      --      |    Inf | unknown
  0.8s|     1 |     0 |  2184 |     - |    77M |   0 | 433 | 180 | 220 |  42 | 21 |   0 |   0 | 7.946321e+03 |      --      |    Inf | unknown
  0.8s|     1 |     0 |  2188 |     - |    77M |   0 | 433 | 180 | 221 |  43 | 22 |   0 |   0 | 7.946288e+03 |      --      |    Inf | unknown
  0.8s|     1 |     0 |  2219 |     - |    77M |   0 | 433 | 180 | 221 |  45 | 23 |   0 |   0 | 7.945767e+03 |      --      |    Inf | unknown
  0.8s|     1 |     0 |  2223 |     - |    77M |   0 | 433 | 180 | 222 |  46 | 24 |   0 |   0 | 7.945738e+03 |      --      |    Inf | unknown
  0.9s|     1 |     0 |  2230 |     - |    77M |   0 | 433 | 180 | 223 |  47 | 25 |   0 |   0 | 7.945717e+03 |      --      |    Inf | unknown
  0.9s|     1 |     0 |  2240 |     - |    77M |   0 | 433 | 180 | 224 |  48 | 26 |   0 |   0 | 7.945670e+03 |      --      |    Inf | unknown
  0.9s|     1 |     0 |  2241 |     - |    77M |   0 | 433 | 180 | 225 |  49 | 27 |   0 |   0 | 7.945666e+03 |      --      |    Inf | unknown
  0.9s|     1 |     0 |  2242 |     - |    77M |   0 | 433 | 180 | 226 |  50 | 28 |   0 |   0 | 7.945665e+03 |      --      |    Inf | unknown
  1.0s|     1 |     0 |  2253 |     - |    77M |   0 | 433 | 180 | 222 |  52 | 29 |   0 |   0 | 7.945643e+03 |      --      |    Inf | unknown
 time | node  | left  |LP iter|LP it/n|mem/heur|mdpt |vars |cons |rows |cuts |sepa|confs|strbr|  dualbound   | primalbound  |  gap   | compl. 
  1.0s|     1 |     0 |  2255 |     - |    77M |   0 | 433 | 180 | 223 |  53 | 30 |   0 |   0 | 7.945637e+03 |      --      |    Inf | unknown
  1.0s|     1 |     0 |  2257 |     - |    77M |   0 | 433 | 180 | 224 |  54 | 31 |   0 |   0 | 7.945635e+03 |      --      |    Inf | unknown
  1.0s|     1 |     0 |  2272 |     - |    77M |   0 | 433 | 180 | 226 |  56 | 32 |   0 |   0 | 7.945365e+03 |      --      |    Inf | unknown
  1.0s|     1 |     0 |  2277 |     - |    77M |   0 | 433 | 180 | 228 |  58 | 33 |   0 |   0 | 7.945324e+03 |      --      |    Inf | unknown
d 1.0s|     1 |     0 |  2277 |     - |veclen2d|   0 | 433 | 180 | 228 |   0 | 33 |   0 |   0 | 7.945324e+03 | 3.127037e+03 | 154.08%| unknown
d 4.6s|     1 |     0 |  2732 |     - |veclen2d|   0 | 433 | 180 | 228 |   0 | 33 |   0 |   0 | 7.945324e+03 | 3.264682e+03 | 143.37%| unknown
  6.4s|     1 |     0 |  3199 |     - |    77M |   0 | 433 | 180 | 228 |  58 | 33 |   0 |   0 | 7.945324e+03 | 3.264682e+03 | 143.37%| unknown
  6.4s|     1 |     0 |  3200 |     - |    77M |   0 | 433 | 180 | 230 |  60 | 34 |   0 |   0 | 7.945324e+03 | 3.264682e+03 | 143.37%| unknown
* 6.5s|     1 |     0 |  3200 |     - |strongbr|   0 | 433 | 180 | 230 |  60 | 35 |   0 |   0 | 7.945324e+03 | 3.536684e+03 | 124.65%| unknown
* 6.5s|     1 |     0 |  3200 |     - |strongbr|   0 | 433 | 180 | 230 |  60 | 35 |   0 |   2 | 7.945324e+03 | 3.606638e+03 | 120.30%| unknown
* 6.5s|     1 |     0 |  3200 |     - |strongbr|   0 | 433 | 180 | 230 |  60 | 35 |   0 |   6 | 7.945324e+03 | 3.818127e+03 | 108.09%| unknown
  6.6s|     1 |     2 |  3200 |     - |    77M |   0 | 433 | 180 | 230 |  60 | 35 |   0 |  15 | 7.934926e+03 | 3.818127e+03 | 107.82%| unknown
* 6.6s|     2 |     1 |  3323 |1045.0 |strongbr|   1 | 433 | 180 | 208 |  60 |  1 |   0 |  16 | 7.934926e+03 | 3.897548e+03 | 103.59%| unknown
* 6.6s|     2 |     1 |  3323 |1045.0 |strongbr|   1 | 433 | 180 | 208 |  60 |  1 |   0 |  17 | 7.934926e+03 | 4.109037e+03 |  93.11%| unknown
* 6.6s|     3 |     2 |  3375 | 548.5 |strongbr|   2 | 433 | 180 | 208 |  60 |  1 |   0 |  29 | 7.934926e+03 | 4.586932e+03 |  72.99%| unknown
 time | node  | left  |LP iter|LP it/n|mem/heur|mdpt |vars |cons |rows |cuts |sepa|confs|strbr|  dualbound   | primalbound  |  gap   | compl. 
* 6.6s|     3 |     2 |  3375 | 548.5 |strongbr|   2 | 433 | 180 | 208 |  60 |  1 |   0 |  30 | 7.934926e+03 | 4.615731e+03 |  71.91%| unknown
* 6.6s|     3 |     2 |  3375 | 548.5 |strongbr|   2 | 433 | 180 | 208 |  60 |  1 |   0 |  33 | 7.934926e+03 | 4.631493e+03 |  71.33%| unknown
* 6.7s|     3 |     2 |  3375 | 548.5 |strongbr|   2 | 433 | 180 | 208 |  60 |  1 |   0 |  39 | 7.934926e+03 | 4.790058e+03 |  65.65%| unknown
* 6.7s|     3 |     2 |  3375 | 548.5 |strongbr|   2 | 433 | 180 | 208 |  60 |  1 |   0 |  40 | 7.934926e+03 | 4.863858e+03 |  63.14%| unknown
* 6.7s|     3 |     2 |  3375 | 548.5 |strongbr|   2 | 433 | 180 | 208 |  60 |  1 |   0 |  43 | 7.934926e+03 | 4.922469e+03 |  61.20%| unknown
* 6.7s|     4 |     3 |  3460 | 394.0 |strongbr|   3 | 433 | 180 | 208 |  60 |  1 |   0 |  55 | 7.934926e+03 | 5.156901e+03 |  53.87%| unknown
* 6.7s|     4 |     3 |  3460 | 394.0 |strongbr|   3 | 433 | 180 | 208 |  60 |  1 |   0 |  56 | 7.934926e+03 | 5.256597e+03 |  50.95%| unknown
* 6.7s|     4 |     3 |  3460 | 394.0 |strongbr|   3 | 433 | 180 | 208 |  60 |  1 |   0 |  65 | 7.934926e+03 | 5.374190e+03 |  47.65%| unknown
* 6.7s|     5 |     4 |  3483 | 301.2 |strongbr|   4 | 433 | 180 | 208 |  60 |  1 |   0 |  70 | 7.934926e+03 | 7.069885e+03 |  12.24%| unknown
* 6.7s|     5 |     4 |  3483 | 301.2 |strongbr|   4 | 433 | 180 | 208 |  60 |  1 |   0 |  71 | 7.934926e+03 | 7.432191e+03 |   6.76%| unknown
* 6.7s|     6 |     3 |  3525 | 249.4 |strongbr|   4 | 433 | 184 | 208 |  60 |  1 |   4 |  78 | 7.934926e+03 | 7.553851e+03 |   5.04%|   2.29%
* 7.1s|    12 |     5 |  4031 | 159.4 |strongbr|   5 | 433 | 192 | 208 |  60 |  1 |  12 | 187 | 7.928575e+03 | 7.585983e+03 |   4.52%|   6.16%
* 7.1s|    12 |     5 |  4070 | 162.9 |strongbr|   5 | 433 | 194 | 208 |  60 |  4 |  14 | 208 | 7.928575e+03 | 7.593054e+03 |   4.42%|   6.16%
* 7.3s|    17 |     6 |  4246 | 123.0 |strongbr|   6 | 433 | 194 | 208 |  60 |  1 |  18 | 276 | 7.928575e+03 | 7.648673e+03 |   3.66%|  10.14%
* 7.7s|    26 |     7 |  4996 | 108.7 |strongbr|   6 | 433 | 212 | 208 |  60 |  3 |  36 | 426 | 7.923336e+03 | 7.684212e+03 |   3.11%|  21.57%
 time | node  | left  |LP iter|LP it/n|mem/heur|mdpt |vars |cons |rows |cuts |sepa|confs|strbr|  dualbound   | primalbound  |  gap   | compl. 
* 7.8s|    27 |     6 |  5051 | 106.7 |strongbr|   6 | 433 | 216 | 208 |  60 |  2 |  40 | 447 | 7.923336e+03 | 7.750205e+03 |   2.23%|  22.15%
* 7.8s|    27 |     6 |  5115 | 109.1 |strongbr|   6 | 433 | 226 | 208 |  60 |  5 |  50 | 468 | 7.923336e+03 | 7.755867e+03 |   2.16%|  22.15%
* 7.8s|    29 |     6 |  5221 | 105.1 |strongbr|   7 | 433 | 236 | 208 |  60 |  2 |  60 | 490 | 7.923336e+03 | 7.757208e+03 |   2.14%|  26.66%
* 8.3s|    49 |     4 |  6536 |  88.7 |strongbr|   9 | 433 | 275 | 208 |  60 |  2 |  99 | 660 | 7.915895e+03 | 7.761898e+03 |   1.98%|  49.68%
* 8.4s|    52 |     2 |  6781 |  88.3 |    LP  |   9 | 433 | 274 | 208 |  60 |  4 | 112 | 685 | 7.915895e+03 | 7.830499e+03 |   1.09%|  61.96%

SCIP Status        : problem is solved [optimal solution found]
Solving Time (sec) : 8.54
Solving Nodes      : 62
Primal Bound       : +7.83049929499140e+03 (258 solutions)
Dual Bound         : +7.83049929499140e+03
Gap                : 0.00 %
