presolving:
(round 1, fast)       1 del vars, 1 del conss, 0 add conss, 0 chg bounds, 0 chg sides, 0 chg coeffs, 0 upgd conss, 0 impls, 194 clqs
(round 2, fast)       2 del vars, 1 del conss, 0 add conss, 0 chg bounds, 0 chg sides, 0 chg coeffs, 0 upgd conss, 0 impls, 194 clqs
   (0.0s) running MILP presolver
   (0.0s) MILP presolver (2 rounds): 0 aggregations, 14 fixings, 0 bound changes
(round 3, medium)     16 del vars, 1 del conss, 0 add conss, 0 chg bounds, 0 chg sides, 0 chg coeffs, 0 upgd conss, 0 impls, 194 clqs
(round 4, exhaustive) 16 del vars, 4 del conss, 0 add conss, 0 chg bounds, 3 chg sides, 0 chg coeffs, 0 upgd conss, 0 impls, 194 clqs
(round 5, exhaustive) 16 del vars, 4 del conss, 0 add conss, 0 chg bounds, 3 chg sides, 0 chg coeffs, 191 upgd conss, 0 impls, 194 clqs
(round 6, medium)     53 del vars, 4 del conss, 0 add conss, 0 chg bounds, 3 chg sides, 37 chg coeffs, 191 upgd conss, 0 impls, 194 clqs
(round 7, fast)       60 del vars, 4 del conss, 0 add conss, 0 chg bounds, 3 chg sides, 37 chg coeffs, 191 upgd conss, 0 impls, 193 clqs
(round 8, exhaustive) 60 del vars, 6 del conss, 0 add conss, 0 chg bounds, 3 chg sides, 37 chg coeffs, 191 upgd conss, 0 impls, 193 clqs
   (0.0s) probing: 51/440 (11.6%) - 0 fixings, 0 aggregations, 0 implications, 0 bound changes
   (0.0s) probing aborted: 50/50 successive totally useless probings
   (0.0s) symmetry computation started: requiring (bin +, int +, cont +), (fixed: bin -, int -, cont -)
   (0.0s) no symmetry present (symcode time: 0.00)
presolving (9 rounds: 9 fast, 6 medium, 4 exhaustive):
 60 deleted vars, 6 deleted constraints, 0 added constraints, 0 tightened bounds, 0 added holes, 3 changed sides, 37 changed coefficients
 0 implications, 193 cliques
presolved problem has 440 variables (440 bin, 0 int, 0 impl, 0 cont) and 189 constraints
    189 constraints of type <setppc>
Presolving Time: 0.01

 time | node  | left  |LP iter|LP it/n|mem/heur|mdpt |vars |cons |rows |cuts |sepa|confs|strbr|  dualbound   | primalbound  |  gap   | compl. 
  0.1s|     1 |     0 |  1637 |     - |  5506k |   0 | 440 | 189 | 189 |   0 |  0 |   0 |   0 | 7.835234e+03 |      --      |    Inf | unknown
  0.1s|     1 |     0 |  1699 |     - |    16M |   0 | 440 | 189 | 192 |   3 |  1 |   0 |   0 | 7.813358e+03 |      --      |    Inf | unknown
  0.2s|     1 |     0 |  1731 |     - |    25M |   0 | 440 | 189 | 194 |   5 |  2 |   0 |   0 | 7.808576e+03 |      --      |    Inf | unknown
  0.2s|     1 |     0 |  1776 |     - |    32M |   0 | 440 | 189 | 197 |   8 |  3 |   0 |   0 | 7.802716e+03 |      --      |    Inf | unknown
  0.3s|     1 |     0 |  1800 |     - |    40M |   0 | 440 | 189 | 199 |  10 |  4 |   0 |   0 | 7.794351e+03 |      --      |    Inf | unknown
  0.3s|     1 |     0 |  1849 |     - |    43M |   0 | 440 | 189 | 201 |  12 |  5 |   0 |   0 | 7.785701e+03 |      --      |    Inf | unknown
  0.3s|     1 |     0 |  1860 |     - |    47M |   0 | 440 | 189 | 202 |  13 |  6 |   0 |   0 | 7.783592e+03 |      --      |    Inf | unknown
  0.4s|     1 |     0 |  1893 |     - |    51M |   0 | 440 | 189 | 204 |  15 |  7 |   0 |   0 | 7.782907e+03 |      --      |    Inf | unknown
  0.4s|     1 |     0 |  1943 |     - |    59M |   0 | 440 | 189 | 207 |  18 |  8 |   0 |   0 | 7.781816e+03 |      --      |    Inf | unknown
  0.5s|     1 |     0 |  1975 |     - |    62M |   0 | 440 | 189 | 209 |  20 |  9 |   0 |   0 | 7.781093e+03 |      --      |    Inf | unknown
  0.5s|     1 |     0 |  2001 |     - |    70M |   0 | 440 | 189 | 214 |  25 | 10 |   0 |   0 | 7.780434e+03 |      --      |    Inf | unknown
  0.5s|     1 |     0 |  2036 |     - |    70M |   0 | 440 | 189 | 216 |  27 | 11 |   0 |   0 | 7.779837e+03 |      --      |    Inf | unknown
  0.6s|     1 |     0 |  2057 |     - |    70M |   0 | 440 | 189 | 218 |  29 | 12 |   0 |   0 | 7.779603e+03 |      --      |    Inf | unknown
  0.6s|     1 |     0 |  2091 |     - |    70M |   0 | 440 | 189 | 221 |  32 | 13 |   0 |   0 | 7.778239e+03 |      --      |    Inf | unknown
  0.6s|     1 |     0 |  2119 |     - |    70M |   0 | 440 | 189 | 225 |  36 | 14 |   0 |   0 | 7.777875e+03 |      --      |    Inf | unknown
 time | node  | left  |LP iter|LP it/n|mem/heur|mdpt |vars |cons |rows |cuts |sepa|confs|strbr|  dualbound   | primalbound  |  gap   | compl. 
  0.6s|     1 |     0 |  2134 |     - |    70M |   0 | 440 | 189 | 227 |  38 | 15 |   0 |   0 | 7.777648e+03 |      --      |    Inf | unknown
  0.6s|     1 |     0 |  2197 |     - |    70M |   0 | 440 | 189 | 229 |  40 | 16 |   0 |   0 | 7.776412e+03 |      --      |    Inf | unknown
  0.6s|     1 |     0 |  2256 |     - |    70M |   0 | 440 | 189 | 230 |  42 | 17 |   0 |   0 | 7.774176e+03 |      --      |    Inf | unknown
  0.7s|     1 |     0 |  2275 |     - |    70M |   0 | 440 | 189 | 232 |  44 | 18 |   0 |   0 | 7.773269e+03 |      --      |    Inf | unknown
  0.7s|     1 |     0 |  2285 |     - |    69M |   0 | 440 | 189 | 233 |  45 | 19 |   0 |   0 | 7.773202e+03 |      --      |    Inf | unknown
  0.7s|     1 |     0 |  2314 |     - |    69M |   0 | 440 | 189 | 235 |  47 | 20 |   0 |   0 | 7.772469e+03 |      --      |    Inf | unknown
  0.7s|     1 |     0 |  2317 |     - |    69M |   0 | 440 | 189 | 236 |  48 | 21 |   0 |   0 | 7.772464e+03 |      --      |    Inf | unknown
  0.7s|     1 |     0 |  2326 |     - |    69M |   0 | 440 | 189 | 237 |  49 | 22 |   0 |   0 | 7.772387e+03 |      --      |    Inf | unknown
  0.7s|     1 |     0 |  2328 |     - |    69M |   0 | 440 | 189 | 233 |  50 | 23 |   0 |   0 | 7.772373e+03 |      --      |    Inf | unknown
  0.7s|     1 |     0 |  2330 |     - |    69M |   0 | 440 | 189 | 234 |  51 | 24 |   0 |   0 | 7.772371e+03 |      --      |    Inf | unknown
  0.8s|     1 |     0 |  2335 |     - |    69M |   0 | 440 | 189 | 235 |  52 | 25 |   0 |   0 | 7.772367e+03 |      --      |    Inf | unknown
  0.8s|     1 |     0 |  2349 |     - |    69M |   0 | 440 | 189 | 237 |  54 | 26 |   0 |   0 | 7.772198e+03 |      --      |    Inf | unknown
  0.8s|     1 |     0 |  2391 |     - |    69M |   0 | 440 | 189 | 244 |  61 | 27 |   0 |   0 | 7.771193e+03 |      --      |    Inf | unknown
  0.8s|     1 |     0 |  2403 |     - |    69M |   0 | 440 | 189 | 249 |  66 | 28 |   0 |   0 | 7.770943e+03 |      --      |    Inf | unknown
  0.8s|     1 |     0 |  2406 |     - |    69M |   0 | 440 | 189 | 239 |  67 | 29 |   0 |   0 | 7.770934e+03 |      --      |    Inf | unknown
 time | node  | left  |LP iter|LP it/n|mem/heur|mdpt |vars |cons |rows |cuts |sepa|confs|strbr|  dualbound   | primalbound  |  gap   | compl. 
  0.8s|     1 |     0 |  2422 |     - |    69M |   0 | 440 | 189 | 244 |  72 | 30 |   0 |   0 | 7.770529e+03 |      --      |    Inf | unknown
  0.9s|     1 |     0 |  2432 |     - |    69M |   0 | 440 | 189 | 246 |  74 | 31 |   0 |   0 | 7.770485e+03 |      --      |    Inf | unknown
  0.9s|     1 |     0 |  2439 |     - |    69M |   0 | 440 | 189 | 250 |  78 | 32 |   0 |   0 | 7.770402e+03 |      --      |    Inf | unknown
  0.9s|     1 |     0 |  2449 |     - |    69M |   0 | 440 | 189 | 252 |  80 | 33 |   0 |   0 | 7.770369e+03 |      --      |    Inf | unknown
  0.9s|     1 |     0 |  2457 |     - |    69M |   0 | 440 | 189 | 255 |  83 | 34 |   0 |   0 | 7.770344e+03 |      --      |    Inf | unknown
d 0.9s|     1 |     0 |  2457 |     - |veclen2d|   0 | 440 | 189 | 255 |   0 | 35 |   0 |   0 | 7.770344e+03 | 2.748466e+03 | 182.72%| unknown
d 5.0s|     1 |     0 |  3044 |     - |veclen2d|   0 | 440 | 189 | 255 |   0 | 35 |   0 |   0 | 7.770344e+03 | 3.332313e+03 | 133.18%| unknown
  6.6s|     1 |     0 |  3557 |     - |    69M |   0 | 440 | 189 | 255 |  83 | 35 |   0 |   0 | 7.770344e+03 | 3.332313e+03 | 133.18%| unknown
* 6.6s|     1 |     0 |  3557 |     - |strongbr|   0 | 440 | 189 | 255 |  83 | 36 |   0 |   0 | 7.770344e+03 | 3.381098e+03 | 129.82%| unknown
* 6.7s|     1 |     0 |  3557 |     - |strongbr|   0 | 440 | 189 | 255 |  83 | 36 |   0 |   2 | 7.770344e+03 | 4.120617e+03 |  88.57%| unknown
  6.9s|     1 |     2 |  3557 |     - |    69M |   0 | 440 | 189 | 255 |  83 | 36 |   0 |  28 | 7.748915e+03 | 4.120617e+03 |  88.05%| unknown
* 6.9s|     2 |     1 |  3712 |1255.0 |strongbr|   1 | 440 | 189 | 224 |  83 |  1 |   0 |  31 | 7.748915e+03 | 4.268837e+03 |  81.52%| unknown
* 6.9s|     2 |     1 |  3712 |1255.0 |strongbr|   1 | 440 | 189 | 224 |  83 |  1 |   0 |  34 | 7.748915e+03 | 4.274035e+03 |  81.30%| unknown
* 7.0s|     3 |     2 |  3791 | 667.0 |strongbr|   2 | 440 | 189 | 224 |  83 |  1 |   0 |  42 | 7.748915e+03 | 4.612931e+03 |  67.98%| unknown
* 7.0s|     3 |     2 |  3791 | 667.0 |strongbr|   2 | 440 | 189 | 224 |  83 |  1 |   0 |  43 | 7.748915e+03 | 4.970631e+03 |  55.89%| unknown
 time | node  | left  |LP iter|LP it/n|mem/heur|mdpt |vars |cons |rows |cuts |sepa|confs|strbr|  dualbound   | primalbound  |  gap   | compl. 
* 7.0s|     3 |     2 |  3791 | 667.0 |strongbr|   2 | 440 | 189 | 224 |  83 |  1 |   0 |  47 | 7.748915e+03 | 5.150993e+03 |  50.44%| unknown
* 7.0s|     4 |     3 |  3845 | 462.7 |strongbr|   3 | 440 | 189 | 224 |  83 |  1 |   0 |  59 | 7.748915e+03 | 7.622394e+03 |   1.66%| unknown

SCIP Status        : problem is solved [optimal solution found]
Solving Time (sec) : 8.14
Solving Nodes      : 21
Primal Bound       : +7.62239401401882e+03 (192 solutions)
Dual Bound         : +7.62239401401882e+03
Gap                : 0.00 %
